10-23 14:55:33.622  3911  4165 I TestRunner: started: navigate_to_entree_menu_from_start_order(com.example.lunchtray.NavigationTests)
10-23 14:55:33.622  1093  1117 D PrefCtrlListHelper: Could not find Context-only controller for pref: com.android.settings.development.DevelopmentMemtagFooterPreferenceController
10-23 14:55:33.622  1093  1117 W PrefCtrlListHelper: Cannot instantiate controller from reflection: com.android.settings.development.DevelopmentMemtagFooterPreferenceController
10-23 14:55:33.623  1093  1117 V SettingsSearchProvider: com.android.settings.search.BaseSearchIndexProvider@a1ece84 tried to add an empty non-indexable key
10-23 14:55:33.624  1093  1117 D PrefCtrlListHelper: Could not find Context-only controller for pref: com.android.settings.network.BluetoothWiFiResetPreferenceController
10-23 14:55:33.624  1093  1117 D PrefCtrlListHelper: Could not find Context-only controller for pref: com.android.settings.network.EraseEuiccDataController
10-23 14:55:33.630   524  2871 W InputManager-JNI: Input channel object 'e5bc472 com.example.lunchtray/androidx.fragment.app.testing.FragmentScenario$EmptyFragmentActivity (client)' was disposed without first being removed with the input manager!
10-23 14:55:33.641  1093  1117 E SystemServiceRegistry: No service published for: ethernet
10-23 14:55:33.641  1093  1117 E SystemServiceRegistry: android.os.ServiceManager$ServiceNotFoundException: No service published for: ethernet
10-23 14:55:33.641  1093  1117 E SystemServiceRegistry: 	at android.os.ServiceManager.getServiceOrThrow(ServiceManager.java:166)
10-23 14:55:33.641  1093  1117 E SystemServiceRegistry: 	at android.app.SystemServiceRegistry$139.createService(SystemServiceRegistry.java:1872)
10-23 14:55:33.641  1093  1117 E SystemServiceRegistry: 	at android.app.SystemServiceRegistry$CachedServiceFetcher.getService(SystemServiceRegistry.java:1971)
10-23 14:55:33.641  1093  1117 E SystemServiceRegistry: 	at android.app.SystemServiceRegistry.getSystemService(SystemServiceRegistry.java:1645)
10-23 14:55:33.641  1093  1117 E SystemServiceRegistry: 	at android.app.ContextImpl.getSystemService(ContextImpl.java:2212)
10-23 14:55:33.641  1093  1117 E SystemServiceRegistry: 	at android.content.ContextWrapper.getSystemService(ContextWrapper.java:934)
10-23 14:55:33.641  1093  1117 E SystemServiceRegistry: 	at android.content.Context.getSystemService(Context.java:4420)
10-23 14:55:33.641  1093  1117 E SystemServiceRegistry: 	at com.android.settings.network.tether.TetherSettings$2.getNonIndexableKeys(TetherSettings.java:662)
10-23 14:55:33.641  1093  1117 E SystemServiceRegistry: 	at com.android.settings.search.SettingsSearchIndexablesProvider.getNonIndexableKeysFromProvider(SettingsSearchIndexablesProvider.java:284)
10-23 14:55:33.641  1093  1117 E SystemServiceRegistry: 	at com.android.settings.search.SettingsSearchIndexablesProvider.queryNonIndexableKeys(SettingsSearchIndexablesProvider.java:157)
10-23 14:55:33.641  1093  1117 E SystemServiceRegistry: 	at android.provider.SearchIndexablesProvider.query(SearchIndexablesProvider.java:127)
10-23 14:55:33.641  1093  1117 E SystemServiceRegistry: 	at android.content.ContentProvider.query(ContentProvider.java:1596)
10-23 14:55:33.641  1093  1117 E SystemServiceRegistry: 	at android.content.ContentProvider.query(ContentProvider.java:1692)
10-23 14:55:33.641  1093  1117 E SystemServiceRegistry: 	at android.content.ContentProvider$Transport.query(ContentProvider.java:292)
10-23 14:55:33.641  1093  1117 E SystemServiceRegistry: 	at android.content.ContentProviderNative.onTransact(ContentProviderNative.java:107)
10-23 14:55:33.641  1093  1117 E SystemServiceRegistry: 	at android.os.Binder.execTransactInternal(Binder.java:1339)
10-23 14:55:33.641  1093  1117 E SystemServiceRegistry: 	at android.os.Binder.execTransact(Binder.java:1275)
10-23 14:55:33.643  1093  1117 D PrefCtrlListHelper: Could not find Context-only controller for pref: com.android.settings.applications.specialaccess.vrlistener.VrListenerScreenPreferenceController
10-23 14:55:33.644  1093  1117 D PrefCtrlListHelper: Could not find Context-only controller for pref: com.android.settings.accessibility.DaltonizerPreferenceController
10-23 14:55:33.644  1093  1117 D PrefCtrlListHelper: Could not find Context-only controller for pref: com.android.settings.accessibility.ColorInversionPreferenceController
10-23 14:55:33.644  1093  1117 D PrefCtrlListHelper: Could not find Context-only controller for pref: com.android.settings.display.DarkUIPreferenceController
10-23 14:55:33.644  1093  1117 D PrefCtrlListHelper: Could not find Context-only controller for pref: com.android.settings.accessibility.DisableAnimationsPreferenceController
10-23 14:55:33.644  1093  1117 D PrefCtrlListHelper: Could not find Context-only controller for pref: com.android.settings.accessibility.LargePointerIconPreferenceController
10-23 14:55:33.644  1093  1117 D PrefCtrlListHelper: Could not find Context-only controller for pref: com.android.settings.gestures.AssistGestureSettingsPreferenceController
10-23 14:55:33.644  1093  1117 D AssistGesture: mAssistOnly:false, isSupported:false, isSensorAvailable:false
10-23 14:55:33.644  1093  1117 D PrefCtrlListHelper: Could not find Context-only controller for pref: com.android.settings.gestures.SwipeToNotificationPreferenceController
10-23 14:55:33.644  1093  1117 D PrefCtrlListHelper: Could not find Context-only controller for pref: com.android.settings.gestures.DoubleTapPowerPreferenceController
10-23 14:55:33.644  1093  1117 D PrefCtrlListHelper: Could not find Context-only controller for pref: com.android.settings.gestures.DoubleTwistPreferenceController
10-23 14:55:33.644  1093  1117 D PrefCtrlListHelper: Could not find Context-only controller for pref: com.android.settings.gestures.OneHandedEnablePreferenceController
10-23 14:55:33.644  1093  1117 D PrefCtrlListHelper: Could not find Context-only controller for pref: com.android.settings.gestures.TapScreenGesturePreferenceController
10-23 14:55:33.644  1093  1117 D PrefCtrlListHelper: Could not find Context-only controller for pref: com.android.settings.gestures.DoubleTapScreenPreferenceController
10-23 14:55:33.645  1093  1117 D PrefCtrlListHelper: Could not find Context-only controller for pref: com.android.settings.gestures.PickupGesturePreferenceController
10-23 14:55:33.645  1093  1117 D PrefCtrlListHelper: Could not find Context-only controller for pref: com.android.settings.gestures.PowerMenuPreferenceController
10-23 14:55:33.645  1093  1117 D PrefCtrlListHelper: Could not find Context-only controller for pref: com.android.settings.gestures.PreventRingingParentPreferenceController
10-23 14:55:33.645  1093  1117 D AssistGesture: mAssistOnly:false, isSupported:false, isSensorAvailable:false
10-23 14:55:33.653  1093  1117 W SettingsPrefController: Skipping updateNonIndexableKeys, key already in list. com.android.settings.gestures.SwipeToNotificationPreferenceController@4ef6a1c
10-23 14:55:33.653  1093  1117 W SettingsPrefController: Skipping updateNonIndexableKeys, key already in list. com.android.settings.gestures.DoubleTwistPreferenceController@9ece625
10-23 14:55:33.653  1093  1117 W SettingsPrefController: Skipping updateNonIndexableKeys, key already in list. com.android.settings.gestures.TapScreenGesturePreferenceController@d9b73fa
10-23 14:55:33.653  1093  1117 W SettingsPrefController: Skipping updateNonIndexableKeys, key already in list. com.android.settings.gestures.DoubleTapScreenPreferenceController@5e2bdab
10-23 14:55:33.653  1093  1117 W SettingsPrefController: Skipping updateNonIndexableKeys, key already in list. com.android.settings.gestures.PickupGesturePreferenceController@4970c08
10-23 14:55:33.654  1093  1117 D PrefCtrlListHelper: Could not find Context-only controller for pref: com.android.settings.accessibility.AccessibilityTimeoutController
10-23 14:55:33.654  1093  1117 D PrefCtrlListHelper: Could not find Context-only controller for pref: com.android.settings.accessibility.AccessibilityTimeoutController
10-23 14:55:33.654  1093  1117 D PrefCtrlListHelper: Could not find Context-only controller for pref: com.android.settings.accessibility.AccessibilityTimeoutController
10-23 14:55:33.654  1093  1117 D PrefCtrlListHelper: Could not find Context-only controller for pref: com.android.settings.accessibility.AccessibilityTimeoutController
10-23 14:55:33.654  1093  1117 D PrefCtrlListHelper: Could not find Context-only controller for pref: com.android.settings.accessibility.AccessibilityTimeoutController
10-23 14:55:33.654  1093  1117 D PrefCtrlListHelper: Could not find Context-only controller for pref: com.android.settings.accessibility.AccessibilityControlTimeoutFooterPreferenceController
10-23 14:55:33.654  1093  1117 D PrefCtrlListHelper: Could not find Context-only controller for pref: com.android.settings.gestures.DoubleTwistPreferenceController
10-23 14:55:33.655  1093  1117 D PrefCtrlListHelper: Could not find Context-only controller for pref: com.android.settings.applications.specialaccess.pictureinpicture.PictureInPictureScreenPreferenceController
10-23 14:55:33.656  1468  3290 I Checkin : [AndroidCheckinProtoModule] Checkin reason type: 5 attempt count: 1.
10-23 14:55:33.657  1093  1117 D PrefCtrlListHelper: Could not find Context-only controller for pref: com.android.settings.connecteddevice.NfcAndPaymentFragmentController
10-23 14:55:33.660  3911  4165 W Settings: Setting always_finish_activities has moved from android.provider.Settings.System to android.provider.Settings.Global, returning read-only value.
10-23 14:55:33.660  1093  1117 V NFC     : this device does not have NFC support
10-23 14:55:33.660  1093  1117 D PrefCtrlListHelper: Could not find Context-only controller for pref: com.android.settings.wfd.WifiDisplayPreferenceController
10-23 14:55:33.661  1093  1117 D PrefCtrlListHelper: Could not find Context-only controller for pref: com.android.settings.nfc.AndroidBeamPreferenceController
10-23 14:55:33.661  1093  1117 D PrefCtrlListHelper: Could not find Context-only controller for pref: com.android.settings.uwb.UwbPreferenceController
10-23 14:55:33.662  1093  1117 W SettingsPrefController: Skipping updateNonIndexableKeys, key already in list. com.android.settings.connecteddevice.NfcAndPaymentFragmentController@42f3723
10-23 14:55:33.665  1093  1117 D PrefCtrlListHelper: Could not find Context-only controller for pref: com.android.settings.gestures.ButtonNavigationSettingsAssistController
10-23 14:55:33.666  1093  1117 D PrefCtrlListHelper: Could not find Context-only controller for pref: com.android.settings.applications.specialaccess.interactacrossprofiles.InteractAcrossProfilesController
10-23 14:55:33.666  1093  1117 W PrefCtrlListHelper: Controller requires key but it's not defined in xml: com.android.settings.applications.specialaccess.interactacrossprofiles.InteractAcrossProfilesController
10-23 14:55:33.667  1093  1117 D PrefCtrlListHelper: Could not find Context-only controller for pref: com.android.settings.display.AutoBrightnessDetailPreferenceController
10-23 14:55:33.669  1093  1117 D PrefCtrlListHelper: Could not find Context-only controller for pref: com.android.settings.gestures.LongPressPowerIllustrationPreferenceController
10-23 14:55:33.669  1093  1117 D PrefCtrlListHelper: Could not find Context-only controller for pref: com.android.settings.gestures.LongPressPowerForPowerMenuPreferenceController
10-23 14:55:33.669  1093  1117 D PrefCtrlListHelper: Could not find Context-only controller for pref: com.android.settings.gestures.LongPressPowerForAssistantPreferenceController
10-23 14:55:33.669  1093  1117 D PrefCtrlListHelper: Could not find Context-only controller for pref: com.android.settings.gestures.LongPressPowerSensitivityPreferenceController
10-23 14:55:33.669  1093  1117 D PrefCtrlListHelper: Could not find Context-only controller for pref: com.android.settings.gestures.LongPressPowerFooterPreferenceController
10-23 14:55:33.672  1348  3755 I Fitness : FitCleanupIntentOperation received Intent android.intent.action.PACKAGE_CHANGED [CONTEXT service_id=17 ]
10-23 14:55:33.673  1093  1117 V SettingsSearchProvider: com.android.settings.development.featureflags.FeatureFlagsDashboard$1@931d311 tried to add an empty non-indexable key
10-23 14:55:33.674  1093  1117 D PrefCtrlListHelper: Could not find Context-only controller for pref: com.android.settings.applications.specialaccess.interactacrossprofiles.InteractAcrossProfilesController
10-23 14:55:33.674  1093  1117 D PrefCtrlListHelper: Could not find Context-only controller for pref: com.android.settings.enterprise.ManageDeviceAdminPreferenceController
10-23 14:55:33.674  1093  1117 D PrefCtrlListHelper: Could not find Context-only controller for pref: com.google.android.settings.applications.specialaccess.DebuggingDataPreferenceController
10-23 14:55:33.674  1093  1117 D PrefCtrlListHelper: Could not find Context-only controller for pref: com.android.settings.applications.specialaccess.SystemAlertWindowPreferenceController
10-23 14:55:33.674  1093  1117 D PrefCtrlListHelper: Could not find Context-only controller for pref: com.android.settings.applications.specialaccess.zenaccess.ZenAccessController
10-23 14:55:33.674  1093  1117 D PrefCtrlListHelper: Could not find Context-only controller for pref: com.android.settings.applications.specialaccess.notificationaccess.NotificationAccessController
10-23 14:55:33.674  1093  1117 D PrefCtrlListHelper: Could not find Context-only controller for pref: com.android.settings.spa.app.specialaccess.UseFullScreenIntentPreferenceController
10-23 14:55:33.675  1093  1117 D PrefCtrlListHelper: Could not find Context-only controller for pref: com.android.settings.applications.specialaccess.pictureinpicture.PictureInPictureController
10-23 14:55:33.675  1093  1117 D PrefCtrlListHelper: Could not find Context-only controller for pref: com.android.settings.applications.specialaccess.premiumsms.PremiumSmsController
10-23 14:55:33.675  1093  1117 D PrefCtrlListHelper: Could not find Context-only controller for pref: com.android.settings.applications.specialaccess.DataSaverController
10-23 14:55:33.675  1093  1117 D PrefCtrlListHelper: Could not find Context-only controller for pref: com.android.settings.applications.specialaccess.vrlistener.EnabledVrListenersController
10-23 14:55:33.675  1093  1117 D PrefCtrlListHelper: Could not find Context-only controller for pref: com.android.settings.applications.specialaccess.MoreSpecialAccessPreferenceController
10-23 14:55:33.675  1093  1117 D PrefCtrlListHelper: Could not find Context-only controller for pref: com.android.settings.nfc.NfcTagAppsPreferenceController
10-23 14:55:33.677  1093  1117 V WifiVerboseLogging: isVerboseLoggingEnabled:false
10-23 14:55:33.677  1093  1117 V WifiManager: registerSoftApCallback: callback=com.android.settings.wifi.repository.WifiHotspotRepository$SoftApCallback@19a0550, executor=android.os.HandlerExecutor@812d349
10-23 14:55:33.680  1348  3755 I Fitness : FitCleanupIntentOperation received Intent android.intent.action.PACKAGE_CHANGED [CONTEXT service_id=17 ]
10-23 14:55:33.698  1093  1418 V WifiManager: SoftApCallbackProxy on mode 1, send InfoChanged, newInfo: SoftApInfo{bandwidth= 0, frequency= 0, wifiStandard= 0, mApInstanceIdentifier= null, mIdleShutdownTimeoutMillis= 0}
10-23 14:55:33.698  1093  1418 V WifiManager: SoftApCallbackProxy on mode 1, send InfoChanged, changedInfoList: []
10-23 14:55:33.698  1093  1418 V WifiManager: SoftApCallbackProxy on mode 1, send onConnectedClientsChanged(clients): []
10-23 14:55:33.698  1093  1117 D PrefControllerMixin: shouldHidePreference():false
10-23 14:55:33.698  1093  1117 V WifiManager: registerSoftApCallback: callback=com.android.settings.wifi.tether.WifiTetherSecurityPreferenceController@ce0a96f, executor=android.os.HandlerExecutor@812d349
10-23 14:55:33.699  1093  1418 V WifiManager: SoftApCallbackProxy on mode 1, send InfoChanged, newInfo: SoftApInfo{bandwidth= 0, frequency= 0, wifiStandard= 0, mApInstanceIdentifier= null, mIdleShutdownTimeoutMillis= 0}
10-23 14:55:33.699  1093  1418 V WifiManager: SoftApCallbackProxy on mode 1, send InfoChanged, changedInfoList: []
10-23 14:55:33.699  1093  1418 V WifiManager: SoftApCallbackProxy on mode 1, send onConnectedClientsChanged(clients): []
10-23 14:55:33.700  1093  1093 I wifi_tether_security: WPA3 SAE is not supported on this device
10-23 14:55:33.700  1093  1093 V WifiManager: unregisterSoftApCallback: callback=com.android.settings.wifi.tether.WifiTetherSecurityPreferenceController@ce0a96f
10-23 14:55:33.701   524   939 D WifiApConfigStore: Fallback to use default AP configuration
10-23 14:55:33.703  1348  5129 I Fitness : OnPackageChangedOperation got intent: Intent { act=android.intent.action.PACKAGE_CHANGED dat=package: flg=0x45000010 pkg=com.google.android.gms cmp=com.google.android.gms/.chimera.PersistentIntentOperationService (has extras) } [CONTEXT service_id=17 ]
10-23 14:55:33.716   524   939 D CompatibilityChangeReporter: Compat change id reported: 215656264; UID 1000; state: ENABLED
10-23 14:55:33.716   524   939 D CompatibilityChangeReporter: Compat change id reported: 213289672; UID 1000; state: ENABLED
10-23 14:55:33.723  3911  3911 D LifecycleMonitor: Lifecycle status change: androidx.test.core.app.InstrumentationActivityInvoker$BootstrapActivity@3122dbe in: PRE_ON_CREATE
10-23 14:55:33.724  3911  3911 V ActivityScenario: Activity lifecycle changed event received but ignored because the intent does not match. startActivityIntent=Intent { act=android.intent.action.MAIN cat=[android.intent.category.LAUNCHER] cmp=com.example.lunchtray/androidx.fragment.app.testing.FragmentScenario$EmptyFragmentActivity (has extras) }, activity.getIntent()=Intent { act=android.intent.action.MAIN cat=[android.intent.category.LAUNCHER] flg=0x10008000 cmp=com.example.lunchtray/androidx.test.core.app.InstrumentationActivityInvoker$BootstrapActivity (has extras) }, activity=androidx.test.core.app.InstrumentationActivityInvoker$BootstrapActivity@3122dbe
10-23 14:55:33.725  3911  3911 V ActivityScenario: Activity lifecycle changed event received but ignored because the intent does not match. startActivityIntent=Intent { act=android.intent.action.MAIN cat=[android.intent.category.LAUNCHER] cmp=com.example.lunchtray/androidx.fragment.app.testing.FragmentScenario$EmptyFragmentActivity (has extras) }, activity.getIntent()=Intent { act=android.intent.action.MAIN cat=[android.intent.category.LAUNCHER] flg=0x10008000 cmp=com.example.lunchtray/androidx.test.core.app.InstrumentationActivityInvoker$BootstrapActivity (has extras) }, activity=androidx.test.core.app.InstrumentationActivityInvoker$BootstrapActivity@3122dbe
10-23 14:55:33.725  3911  3911 V ActivityScenario: Activity lifecycle changed event received but ignored because the intent does not match. startActivityIntent=Intent { act=android.intent.action.MAIN cat=[android.intent.category.LAUNCHER] cmp=com.example.lunchtray/androidx.fragment.app.testing.FragmentScenario$EmptyFragmentActivity (has extras) }, activity.getIntent()=Intent { act=android.intent.action.MAIN cat=[android.intent.category.LAUNCHER] flg=0x10008000 cmp=com.example.lunchtray/androidx.test.core.app.InstrumentationActivityInvoker$BootstrapActivity (has extras) }, activity=androidx.test.core.app.InstrumentationActivityInvoker$BootstrapActivity@3122dbe
10-23 14:55:33.727  3911  3911 V ActivityScenario: Activity lifecycle changed event received but ignored because the intent does not match. startActivityIntent=Intent { act=android.intent.action.MAIN cat=[android.intent.category.LAUNCHER] cmp=com.example.lunchtray/androidx.fragment.app.testing.FragmentScenario$EmptyFragmentActivity (has extras) }, activity.getIntent()=Intent { act=android.intent.action.MAIN cat=[android.intent.category.LAUNCHER] flg=0x10008000 cmp=com.example.lunchtray/androidx.test.core.app.InstrumentationActivityInvoker$BootstrapActivity (has extras) }, activity=androidx.test.core.app.InstrumentationActivityInvoker$BootstrapActivity@3122dbe
10-23 14:55:33.728  3911  3911 V ActivityScenario: Activity lifecycle changed event received but ignored because the intent does not match. startActivityIntent=Intent { act=android.intent.action.MAIN cat=[android.intent.category.LAUNCHER] cmp=com.example.lunchtray/androidx.fragment.app.testing.FragmentScenario$EmptyFragmentActivity (has extras) }, activity.getIntent()=Intent { act=android.intent.action.MAIN cat=[android.intent.category.LAUNCHER] flg=0x10008000 cmp=com.example.lunchtray/androidx.test.core.app.InstrumentationActivityInvoker$BootstrapActivity (has extras) }, activity=androidx.test.core.app.InstrumentationActivityInvoker$BootstrapActivity@3122dbe
10-23 14:55:33.728  3911  3911 V ActivityScenario: Activity lifecycle changed event received but ignored because the intent does not match. startActivityIntent=Intent { act=android.intent.action.MAIN cat=[android.intent.category.LAUNCHER] cmp=com.example.lunchtray/androidx.fragment.app.testing.FragmentScenario$EmptyFragmentActivity (has extras) }, activity.getIntent()=Intent { act=android.intent.action.MAIN cat=[android.intent.category.LAUNCHER] flg=0x10008000 cmp=com.example.lunchtray/androidx.test.core.app.InstrumentationActivityInvoker$BootstrapActivity (has extras) }, activity=androidx.test.core.app.InstrumentationActivityInvoker$BootstrapActivity@3122dbe
10-23 14:55:33.730   416   416 I BpBinder: onLastStrongRef automatically unlinking death recipients:
10-23 14:55:33.737  1468  3697 I Icing   : Indexing com.google.android.gms-internal.3p:MobileApplication from com.google.android.gms
10-23 14:55:33.744  3911  3911 D LifecycleMonitor: Lifecycle status change: androidx.test.core.app.InstrumentationActivityInvoker$BootstrapActivity@3122dbe in: CREATED
10-23 14:55:33.745  3911  3911 V ActivityScenario: Activity lifecycle changed event received but ignored because the intent does not match. startActivityIntent=Intent { act=android.intent.action.MAIN cat=[android.intent.category.LAUNCHER] cmp=com.example.lunchtray/androidx.fragment.app.testing.FragmentScenario$EmptyFragmentActivity (has extras) }, activity.getIntent()=Intent { act=android.intent.action.MAIN cat=[android.intent.category.LAUNCHER] flg=0x10008000 cmp=com.example.lunchtray/androidx.test.core.app.InstrumentationActivityInvoker$BootstrapActivity (has extras) }, activity=androidx.test.core.app.InstrumentationActivityInvoker$BootstrapActivity@3122dbe
10-23 14:55:33.746  3911  3911 V ActivityScenario: Activity lifecycle changed event received but ignored because the intent does not match. startActivityIntent=Intent { act=android.intent.action.MAIN cat=[android.intent.category.LAUNCHER] cmp=com.example.lunchtray/androidx.fragment.app.testing.FragmentScenario$EmptyFragmentActivity (has extras) }, activity.getIntent()=Intent { act=android.intent.action.MAIN cat=[android.intent.category.LAUNCHER] flg=0x10008000 cmp=com.example.lunchtray/androidx.test.core.app.InstrumentationActivityInvoker$BootstrapActivity (has extras) }, activity=androidx.test.core.app.InstrumentationActivityInvoker$BootstrapActivity@3122dbe
10-23 14:55:33.746  3911  3911 V ActivityScenario: Activity lifecycle changed event received but ignored because the intent does not match. startActivityIntent=Intent { act=android.intent.action.MAIN cat=[android.intent.category.LAUNCHER] cmp=com.example.lunchtray/androidx.fragment.app.testing.FragmentScenario$EmptyFragmentActivity (has extras) }, activity.getIntent()=Intent { act=android.intent.action.MAIN cat=[android.intent.category.LAUNCHER] flg=0x10008000 cmp=com.example.lunchtray/androidx.test.core.app.InstrumentationActivityInvoker$BootstrapActivity (has extras) }, activity=androidx.test.core.app.InstrumentationActivityInvoker$BootstrapActivity@3122dbe
10-23 14:55:33.747  3911  3911 V ActivityScenario: Activity lifecycle changed event received but ignored because the intent does not match. startActivityIntent=Intent { act=android.intent.action.MAIN cat=[android.intent.category.LAUNCHER] cmp=com.example.lunchtray/androidx.fragment.app.testing.FragmentScenario$EmptyFragmentActivity (has extras) }, activity.getIntent()=Intent { act=android.intent.action.MAIN cat=[android.intent.category.LAUNCHER] flg=0x10008000 cmp=com.example.lunchtray/androidx.test.core.app.InstrumentationActivityInvoker$BootstrapActivity (has extras) }, activity=androidx.test.core.app.InstrumentationActivityInvoker$BootstrapActivity@3122dbe
10-23 14:55:33.747  3911  3911 V ActivityScenario: Activity lifecycle changed event received but ignored because the intent does not match. startActivityIntent=Intent { act=android.intent.action.MAIN cat=[android.intent.category.LAUNCHER] cmp=com.example.lunchtray/androidx.fragment.app.testing.FragmentScenario$EmptyFragmentActivity (has extras) }, activity.getIntent()=Intent { act=android.intent.action.MAIN cat=[android.intent.category.LAUNCHER] flg=0x10008000 cmp=com.example.lunchtray/androidx.test.core.app.InstrumentationActivityInvoker$BootstrapActivity (has extras) }, activity=androidx.test.core.app.InstrumentationActivityInvoker$BootstrapActivity@3122dbe
10-23 14:55:33.748  3911  3911 V ActivityScenario: Activity lifecycle changed event received but ignored because the intent does not match. startActivityIntent=Intent { act=android.intent.action.MAIN cat=[android.intent.category.LAUNCHER] cmp=com.example.lunchtray/androidx.fragment.app.testing.FragmentScenario$EmptyFragmentActivity (has extras) }, activity.getIntent()=Intent { act=android.intent.action.MAIN cat=[android.intent.category.LAUNCHER] flg=0x10008000 cmp=com.example.lunchtray/androidx.test.core.app.InstrumentationActivityInvoker$BootstrapActivity (has extras) }, activity=androidx.test.core.app.InstrumentationActivityInvoker$BootstrapActivity@3122dbe
10-23 14:55:33.755  3911  3911 D LifecycleMonitor: Lifecycle status change: androidx.test.core.app.InstrumentationActivityInvoker$BootstrapActivity@3122dbe in: STARTED
10-23 14:55:33.756  3911  3911 V ActivityScenario: Activity lifecycle changed event received but ignored because the intent does not match. startActivityIntent=Intent { act=android.intent.action.MAIN cat=[android.intent.category.LAUNCHER] cmp=com.example.lunchtray/androidx.fragment.app.testing.FragmentScenario$EmptyFragmentActivity (has extras) }, activity.getIntent()=Intent { act=android.intent.action.MAIN cat=[android.intent.category.LAUNCHER] flg=0x10008000 cmp=com.example.lunchtray/androidx.test.core.app.InstrumentationActivityInvoker$BootstrapActivity (has extras) }, activity=androidx.test.core.app.InstrumentationActivityInvoker$BootstrapActivity@3122dbe
10-23 14:55:33.756  3911  3911 V ActivityScenario: Activity lifecycle changed event received but ignored because the intent does not match. startActivityIntent=Intent { act=android.intent.action.MAIN cat=[android.intent.category.LAUNCHER] cmp=com.example.lunchtray/androidx.fragment.app.testing.FragmentScenario$EmptyFragmentActivity (has extras) }, activity.getIntent()=Intent { act=android.intent.action.MAIN cat=[android.intent.category.LAUNCHER] flg=0x10008000 cmp=com.example.lunchtray/androidx.test.core.app.InstrumentationActivityInvoker$BootstrapActivity (has extras) }, activity=androidx.test.core.app.InstrumentationActivityInvoker$BootstrapActivity@3122dbe
10-23 14:55:33.756  3911  3911 V ActivityScenario: Activity lifecycle changed event received but ignored because the intent does not match. startActivityIntent=Intent { act=android.intent.action.MAIN cat=[android.intent.category.LAUNCHER] cmp=com.example.lunchtray/androidx.fragment.app.testing.FragmentScenario$EmptyFragmentActivity (has extras) }, activity.getIntent()=Intent { act=android.intent.action.MAIN cat=[android.intent.category.LAUNCHER] flg=0x10008000 cmp=com.example.lunchtray/androidx.test.core.app.InstrumentationActivityInvoker$BootstrapActivity (has extras) }, activity=androidx.test.core.app.InstrumentationActivityInvoker$BootstrapActivity@3122dbe
10-23 14:55:33.757  3911  3911 V ActivityScenario: Activity lifecycle changed event received but ignored because the intent does not match. startActivityIntent=Intent { act=android.intent.action.MAIN cat=[android.intent.category.LAUNCHER] cmp=com.example.lunchtray/androidx.fragment.app.testing.FragmentScenario$EmptyFragmentActivity (has extras) }, activity.getIntent()=Intent { act=android.intent.action.MAIN cat=[android.intent.category.LAUNCHER] flg=0x10008000 cmp=com.example.lunchtray/androidx.test.core.app.InstrumentationActivityInvoker$BootstrapActivity (has extras) }, activity=androidx.test.core.app.InstrumentationActivityInvoker$BootstrapActivity@3122dbe
10-23 14:55:33.762  1348  5131 I Fitness : FitCleanupIntentOperation received Intent android.intent.action.PACKAGE_CHANGED [CONTEXT service_id=17 ]
10-23 14:55:33.775  3911  3911 V ActivityScenario: Activity lifecycle changed event received but ignored because the intent does not match. startActivityIntent=Intent { act=android.intent.action.MAIN cat=[android.intent.category.LAUNCHER] cmp=com.example.lunchtray/androidx.fragment.app.testing.FragmentScenario$EmptyFragmentActivity (has extras) }, activity.getIntent()=Intent { act=android.intent.action.MAIN cat=[android.intent.category.LAUNCHER] flg=0x10008000 cmp=com.example.lunchtray/androidx.test.core.app.InstrumentationActivityInvoker$BootstrapActivity (has extras) }, activity=androidx.test.core.app.InstrumentationActivityInvoker$BootstrapActivity@3122dbe
10-23 14:55:33.775  3911  3911 V ActivityScenario: Activity lifecycle changed event received but ignored because the intent does not match. startActivityIntent=Intent { act=android.intent.action.MAIN cat=[android.intent.category.LAUNCHER] cmp=com.example.lunchtray/androidx.fragment.app.testing.FragmentScenario$EmptyFragmentActivity (has extras) }, activity.getIntent()=Intent { act=android.intent.action.MAIN cat=[android.intent.category.LAUNCHER] flg=0x10008000 cmp=com.example.lunchtray/androidx.test.core.app.InstrumentationActivityInvoker$BootstrapActivity (has extras) }, activity=androidx.test.core.app.InstrumentationActivityInvoker$BootstrapActivity@3122dbe
10-23 14:55:33.785  3911  3911 D LifecycleMonitor: Lifecycle status change: androidx.test.core.app.InstrumentationActivityInvoker$BootstrapActivity@3122dbe in: RESUMED
10-23 14:55:33.788  1348  5129 I Fitness : OnPackageChangedOperation got intent: Intent { act=android.intent.action.PACKAGE_CHANGED dat=package: flg=0x45000010 pkg=com.google.android.gms cmp=com.google.android.gms/.chimera.PersistentIntentOperationService (has extras) } [CONTEXT service_id=17 ]
10-23 14:55:33.789  3911  3911 V ActivityScenario: Activity lifecycle changed event received but ignored because the intent does not match. startActivityIntent=Intent { act=android.intent.action.MAIN cat=[android.intent.category.LAUNCHER] cmp=com.example.lunchtray/androidx.fragment.app.testing.FragmentScenario$EmptyFragmentActivity (has extras) }, activity.getIntent()=Intent { act=android.intent.action.MAIN cat=[android.intent.category.LAUNCHER] flg=0x10008000 cmp=com.example.lunchtray/androidx.test.core.app.InstrumentationActivityInvoker$BootstrapActivity (has extras) }, activity=androidx.test.core.app.InstrumentationActivityInvoker$BootstrapActivity@3122dbe
10-23 14:55:33.791   524   939 W FileUtils: Failed to chmod(/data/misc/apexdata/com.android.wifi/WifiConfigStoreSoftAp.xml, 384):
10-23 14:55:33.791   524   939 W FileUtils: android.system.ErrnoException: chmod failed: ENOENT (No such file or directory)
10-23 14:55:33.791   524   939 W FileUtils: 	at libcore.io.Linux.chmod(Native Method)
10-23 14:55:33.791   524   939 W FileUtils: 	at libcore.io.ForwardingOs.chmod(ForwardingOs.java:165)
10-23 14:55:33.791   524   939 W FileUtils: 	at libcore.io.BlockGuardOs.chmod(BlockGuardOs.java:83)
10-23 14:55:33.791   524   939 W FileUtils: 	at android.system.Os.chmod(Os.java:119)
10-23 14:55:33.791   524   939 W FileUtils: 	at com.android.server.wifi.util.FileUtils.chmod(FileUtils.java:44)
10-23 14:55:33.791   524   939 W FileUtils: 	at com.android.server.wifi.WifiConfigStore$StoreFile.writeBufferedRawData(WifiConfigStore.java:941)
10-23 14:55:33.791   524   939 W FileUtils: 	at com.android.server.wifi.WifiConfigStore.writeBufferedData(WifiConfigStore.java:506)
10-23 14:55:33.791   524   939 W FileUtils: 	at com.android.server.wifi.WifiConfigStore.write(WifiConfigStore.java:430)
10-23 14:55:33.791   524   939 W FileUtils: 	at com.android.server.wifi.WifiConfigManager.saveToStore(WifiConfigManager.java:3688)
10-23 14:55:33.791   524   939 W FileUtils: 	at com.android.server.wifi.WifiApConfigStore.persistConfigAndTriggerBackupManagerProxy(WifiApConfigStore.java:372)
10-23 14:55:33.791   524   939 W FileUtils: 	at com.android.server.wifi.WifiApConfigStore.getApConfiguration(WifiApConfigStore.java:156)
10-23 14:55:33.791   524   939 W FileUtils: 	at com.android.server.wifi.WifiServiceImpl.getSoftApConfiguration(WifiServiceImpl.java:2823)
10-23 14:55:33.791   524   939 W FileUtils: 	at android.net.wifi.IWifiManager$Stub.onTransact(IWifiManager.java:2247)
10-23 14:55:33.791   524   939 W FileUtils: 	at android.os.Binder.execTransactInternal(Binder.java:1339)
10-23 14:55:33.791   524   939 W FileUtils: 	at android.os.Binder.execTransact(Binder.java:1275)
10-23 14:55:33.792  1348  1508 W ChimeraUtils: Module com.google.android.gms.nearby_en missing resource null(0)
10-23 14:55:33.792  3911  3911 V ActivityScenario: Activity lifecycle changed event received but ignored because the intent does not match. startActivityIntent=Intent { act=android.intent.action.MAIN cat=[android.intent.category.LAUNCHER] cmp=com.example.lunchtray/androidx.fragment.app.testing.FragmentScenario$EmptyFragmentActivity (has extras) }, activity.getIntent()=Intent { act=android.intent.action.MAIN cat=[android.intent.category.LAUNCHER] flg=0x10008000 cmp=com.example.lunchtray/androidx.test.core.app.InstrumentationActivityInvoker$BootstrapActivity (has extras) }, activity=androidx.test.core.app.InstrumentationActivityInvoker$BootstrapActivity@3122dbe
10-23 14:55:33.793  3911  3911 V ActivityScenario: Activity lifecycle changed event received but ignored because the intent does not match. startActivityIntent=Intent { act=android.intent.action.MAIN cat=[android.intent.category.LAUNCHER] cmp=com.example.lunchtray/androidx.fragment.app.testing.FragmentScenario$EmptyFragmentActivity (has extras) }, activity.getIntent()=Intent { act=android.intent.action.MAIN cat=[android.intent.category.LAUNCHER] flg=0x10008000 cmp=com.example.lunchtray/androidx.test.core.app.InstrumentationActivityInvoker$BootstrapActivity (has extras) }, activity=androidx.test.core.app.InstrumentationActivityInvoker$BootstrapActivity@3122dbe
10-23 14:55:33.793  3911  3911 V ActivityScenario: Activity lifecycle changed event received but ignored because the intent does not match. startActivityIntent=Intent { act=android.intent.action.MAIN cat=[android.intent.category.LAUNCHER] cmp=com.example.lunchtray/androidx.fragment.app.testing.FragmentScenario$EmptyFragmentActivity (has extras) }, activity.getIntent()=Intent { act=android.intent.action.MAIN cat=[android.intent.category.LAUNCHER] flg=0x10008000 cmp=com.example.lunchtray/androidx.test.core.app.InstrumentationActivityInvoker$BootstrapActivity (has extras) }, activity=androidx.test.core.app.InstrumentationActivityInvoker$BootstrapActivity@3122dbe
10-23 14:55:33.794  3911  3911 V ActivityScenario: Activity lifecycle changed event received but ignored because the intent does not match. startActivityIntent=Intent { act=android.intent.action.MAIN cat=[android.intent.category.LAUNCHER] cmp=com.example.lunchtray/androidx.fragment.app.testing.FragmentScenario$EmptyFragmentActivity (has extras) }, activity.getIntent()=Intent { act=android.intent.action.MAIN cat=[android.intent.category.LAUNCHER] flg=0x10008000 cmp=com.example.lunchtray/androidx.test.core.app.InstrumentationActivityInvoker$BootstrapActivity (has extras) }, activity=androidx.test.core.app.InstrumentationActivityInvoker$BootstrapActivity@3122dbe
10-23 14:55:33.794  3911  3911 V ActivityScenario: Activity lifecycle changed event received but ignored because the intent does not match. startActivityIntent=Intent { act=android.intent.action.MAIN cat=[android.intent.category.LAUNCHER] cmp=com.example.lunchtray/androidx.fragment.app.testing.FragmentScenario$EmptyFragmentActivity (has extras) }, activity.getIntent()=Intent { act=android.intent.action.MAIN cat=[android.intent.category.LAUNCHER] flg=0x10008000 cmp=com.example.lunchtray/androidx.test.core.app.InstrumentationActivityInvoker$BootstrapActivity (has extras) }, activity=androidx.test.core.app.InstrumentationActivityInvoker$BootstrapActivity@3122dbe
10-23 14:55:33.798  3911  3911 D LifecycleMonitor: Lifecycle status change: androidx.test.core.app.InstrumentationActivityInvoker$BootstrapActivity@3122dbe in: PAUSED
10-23 14:55:33.799  3911  3911 V ActivityScenario: Activity lifecycle changed event received but ignored because the intent does not match. startActivityIntent=Intent { act=android.intent.action.MAIN cat=[android.intent.category.LAUNCHER] cmp=com.example.lunchtray/androidx.fragment.app.testing.FragmentScenario$EmptyFragmentActivity (has extras) }, activity.getIntent()=Intent { act=android.intent.action.MAIN cat=[android.intent.category.LAUNCHER] flg=0x10008000 cmp=com.example.lunchtray/androidx.test.core.app.InstrumentationActivityInvoker$BootstrapActivity (has extras) }, activity=androidx.test.core.app.InstrumentationActivityInvoker$BootstrapActivity@3122dbe
10-23 14:55:33.799  3911  3911 V ActivityScenario: Activity lifecycle changed event received but ignored because the intent does not match. startActivityIntent=Intent { act=android.intent.action.MAIN cat=[android.intent.category.LAUNCHER] cmp=com.example.lunchtray/androidx.fragment.app.testing.FragmentScenario$EmptyFragmentActivity (has extras) }, activity.getIntent()=Intent { act=android.intent.action.MAIN cat=[android.intent.category.LAUNCHER] flg=0x10008000 cmp=com.example.lunchtray/androidx.test.core.app.InstrumentationActivityInvoker$BootstrapActivity (has extras) }, activity=androidx.test.core.app.InstrumentationActivityInvoker$BootstrapActivity@3122dbe
10-23 14:55:33.799  3911  3911 V ActivityScenario: Activity lifecycle changed event received but ignored because the intent does not match. startActivityIntent=Intent { act=android.intent.action.MAIN cat=[android.intent.category.LAUNCHER] cmp=com.example.lunchtray/androidx.fragment.app.testing.FragmentScenario$EmptyFragmentActivity (has extras) }, activity.getIntent()=Intent { act=android.intent.action.MAIN cat=[android.intent.category.LAUNCHER] flg=0x10008000 cmp=com.example.lunchtray/androidx.test.core.app.InstrumentationActivityInvoker$BootstrapActivity (has extras) }, activity=androidx.test.core.app.InstrumentationActivityInvoker$BootstrapActivity@3122dbe
10-23 14:55:33.800  3911  3911 V ActivityScenario: Activity lifecycle changed event received but ignored because the intent does not match. startActivityIntent=Intent { act=android.intent.action.MAIN cat=[android.intent.category.LAUNCHER] cmp=com.example.lunchtray/androidx.fragment.app.testing.FragmentScenario$EmptyFragmentActivity (has extras) }, activity.getIntent()=Intent { act=android.intent.action.MAIN cat=[android.intent.category.LAUNCHER] flg=0x10008000 cmp=com.example.lunchtray/androidx.test.core.app.InstrumentationActivityInvoker$BootstrapActivity (has extras) }, activity=androidx.test.core.app.InstrumentationActivityInvoker$BootstrapActivity@3122dbe
10-23 14:55:33.800  3911  3911 V ActivityScenario: Activity lifecycle changed event received but ignored because the intent does not match. startActivityIntent=Intent { act=android.intent.action.MAIN cat=[android.intent.category.LAUNCHER] cmp=com.example.lunchtray/androidx.fragment.app.testing.FragmentScenario$EmptyFragmentActivity (has extras) }, activity.getIntent()=Intent { act=android.intent.action.MAIN cat=[android.intent.category.LAUNCHER] flg=0x10008000 cmp=com.example.lunchtray/androidx.test.core.app.InstrumentationActivityInvoker$BootstrapActivity (has extras) }, activity=androidx.test.core.app.InstrumentationActivityInvoker$BootstrapActivity@3122dbe
10-23 14:55:33.800  3911  3911 V ActivityScenario: Activity lifecycle changed event received but ignored because the intent does not match. startActivityIntent=Intent { act=android.intent.action.MAIN cat=[android.intent.category.LAUNCHER] cmp=com.example.lunchtray/androidx.fragment.app.testing.FragmentScenario$EmptyFragmentActivity (has extras) }, activity.getIntent()=Intent { act=android.intent.action.MAIN cat=[android.intent.category.LAUNCHER] flg=0x10008000 cmp=com.example.lunchtray/androidx.test.core.app.InstrumentationActivityInvoker$BootstrapActivity (has extras) }, activity=androidx.test.core.app.InstrumentationActivityInvoker$BootstrapActivity@3122dbe
10-23 14:55:33.804   524   939 D WifiConfigStore: Writing to stores completed in 27 ms.
10-23 14:55:33.812  1093  1117 D WifiTetherMaximizeCompatibilityPref: mShouldHidePreference:false
10-23 14:55:33.813  1093  1117 D WifiTetherMaximizeCompatibilityPref: getBand:1
10-23 14:55:33.819  3911  3911 D LifecycleMonitor: Lifecycle status change: androidx.fragment.app.testing.FragmentScenario$EmptyFragmentActivity@403826e in: PRE_ON_CREATE
10-23 14:55:33.819  3911  3911 V ActivityScenario: Activity lifecycle changed event received but ignored because the reported transition was not ON_CREATE while the last known transition was DESTROYED
10-23 14:55:33.819  1348  1508 W ChimeraUtils: Module com.google.android.gms.nearby_en missing resource null(0)
10-23 14:55:33.819  3911  3911 V ActivityScenario: Activity lifecycle changed event received but ignored because the reported transition was not ON_CREATE while the last known transition was DESTROYED
10-23 14:55:33.819  3911  3911 V ActivityScenario: Activity lifecycle changed event received but ignored because the reported transition was not ON_CREATE while the last known transition was DESTROYED
10-23 14:55:33.819  3911  3911 V ActivityScenario: Activity lifecycle changed event received but ignored because the reported transition was not ON_CREATE while the last known transition was DESTROYED
10-23 14:55:33.819  3911  3911 V ActivityScenario: Activity lifecycle changed event received but ignored because the reported transition was not ON_CREATE while the last known transition was DESTROYED
10-23 14:55:33.820  3911  3911 V ActivityScenario: Activity lifecycle changed event received but ignored because the reported transition was not ON_CREATE while the last known transition was PRE_ON_CREATE
10-23 14:55:33.827  1348  1508 W ChimeraUtils: Module com.google.android.gms.nearby_en missing resource null(0)
10-23 14:55:33.830  1348  5130 I Fitness : FitCleanupIntentOperation received Intent android.intent.action.PACKAGE_CHANGED [CONTEXT service_id=17 ]
10-23 14:55:33.831  3911  3911 D LifecycleMonitor: Lifecycle status change: androidx.fragment.app.testing.FragmentScenario$EmptyFragmentActivity@403826e in: CREATED
10-23 14:55:33.832  3911  3911 V ActivityScenario: Update currentActivityStage to CREATED, currentActivity=androidx.fragment.app.testing.FragmentScenario$EmptyFragmentActivity@403826e
10-23 14:55:33.832  1348  5131 I Fitness : OnPackageChangedOperation got intent: Intent { act=android.intent.action.PACKAGE_CHANGED dat=package: flg=0x45000010 pkg=com.google.android.gms cmp=com.google.android.gms/.chimera.PersistentIntentOperationService (has extras) } [CONTEXT service_id=17 ]
10-23 14:55:33.833  3911  3911 V ActivityScenario: Update currentActivityStage to CREATED, currentActivity=androidx.fragment.app.testing.FragmentScenario$EmptyFragmentActivity@403826e
10-23 14:55:33.834  3911  3911 V ActivityScenario: Update currentActivityStage to CREATED, currentActivity=androidx.fragment.app.testing.FragmentScenario$EmptyFragmentActivity@403826e
10-23 14:55:33.834  3911  3911 V ActivityScenario: Update currentActivityStage to CREATED, currentActivity=androidx.fragment.app.testing.FragmentScenario$EmptyFragmentActivity@403826e
10-23 14:55:33.835  3911  3911 V ActivityScenario: Update currentActivityStage to CREATED, currentActivity=androidx.fragment.app.testing.FragmentScenario$EmptyFragmentActivity@403826e
10-23 14:55:33.835  3911  3911 V ActivityScenario: Update currentActivityStage to CREATED, currentActivity=androidx.fragment.app.testing.FragmentScenario$EmptyFragmentActivity@403826e
10-23 14:55:33.841  3911  3911 D LifecycleMonitor: Lifecycle status change: androidx.fragment.app.testing.FragmentScenario$EmptyFragmentActivity@403826e in: STARTED
10-23 14:55:33.843  3911  3911 V ActivityScenario: Update currentActivityStage to STARTED, currentActivity=androidx.fragment.app.testing.FragmentScenario$EmptyFragmentActivity@403826e
10-23 14:55:33.843  3911  3911 V ActivityScenario: Update currentActivityStage to STARTED, currentActivity=androidx.fragment.app.testing.FragmentScenario$EmptyFragmentActivity@403826e
10-23 14:55:33.844  3911  3911 V ActivityScenario: Update currentActivityStage to STARTED, currentActivity=androidx.fragment.app.testing.FragmentScenario$EmptyFragmentActivity@403826e
10-23 14:55:33.846  3911  3911 V ActivityScenario: Update currentActivityStage to STARTED, currentActivity=androidx.fragment.app.testing.FragmentScenario$EmptyFragmentActivity@403826e
10-23 14:55:33.847  3911  3911 V ActivityScenario: Update currentActivityStage to STARTED, currentActivity=androidx.fragment.app.testing.FragmentScenario$EmptyFragmentActivity@403826e
10-23 14:55:33.848  3911  3911 V ActivityScenario: Update currentActivityStage to STARTED, currentActivity=androidx.fragment.app.testing.FragmentScenario$EmptyFragmentActivity@403826e
10-23 14:55:33.849  1093  1117 D PrefCtrlListHelper: Could not find Context-only controller for pref: com.android.settings.location.RecentLocationAccessPreferenceController
10-23 14:55:33.850  3911  3911 D LifecycleMonitor: Lifecycle status change: androidx.fragment.app.testing.FragmentScenario$EmptyFragmentActivity@403826e in: RESUMED
10-23 14:55:33.850  3911  3911 V ActivityScenario: Update currentActivityStage to RESUMED, currentActivity=androidx.fragment.app.testing.FragmentScenario$EmptyFragmentActivity@403826e
10-23 14:55:33.851  3911  3911 V ActivityScenario: Update currentActivityStage to RESUMED, currentActivity=androidx.fragment.app.testing.FragmentScenario$EmptyFragmentActivity@403826e
10-23 14:55:33.851  1093  1117 D PrefCtrlListHelper: Could not find Context-only controller for pref: com.android.settings.location.RecentLocationAccessSeeAllButtonPreferenceController
10-23 14:55:33.851  3911  3911 V ActivityScenario: Update currentActivityStage to RESUMED, currentActivity=androidx.fragment.app.testing.FragmentScenario$EmptyFragmentActivity@403826e
10-23 14:55:33.851  1093  1117 D PrefCtrlListHelper: Could not find Context-only controller for pref: com.android.settings.location.LocationForWorkPreferenceController
10-23 14:55:33.852  3911  3911 V ActivityScenario: Update currentActivityStage to RESUMED, currentActivity=androidx.fragment.app.testing.FragmentScenario$EmptyFragmentActivity@403826e
10-23 14:55:33.852  3911  3911 V ActivityScenario: Update currentActivityStage to RESUMED, currentActivity=androidx.fragment.app.testing.FragmentScenario$EmptyFragmentActivity@403826e
10-23 14:55:33.852  3911  3911 V ActivityScenario: Update currentActivityStage to RESUMED, currentActivity=androidx.fragment.app.testing.FragmentScenario$EmptyFragmentActivity@403826e
10-23 14:55:33.857  1093  1117 D PrefCtrlListHelper: Could not find Context-only controller for pref: com.android.settings.location.AppLocationPermissionPreferenceController
10-23 14:55:33.857  1093  1117 D PrefCtrlListHelper: Could not find Context-only controller for pref: com.android.settings.location.LocationServicesPreferenceController
10-23 14:55:33.857  1093  1117 D PrefCtrlListHelper: Could not find Context-only controller for pref: com.android.settings.location.LocationSettingsFooterPreferenceController
10-23 14:55:33.859  1093  1117 D PrefCtrlListHelper: Could not find Context-only controller for pref: com.android.settings.datetime.LocationProviderStatusPreferenceController
10-23 14:55:33.874  1093  1117 V SettingsSearchProvider: com.android.settings.backup.PrivacySettings$1@efaaf26 tried to add an empty non-indexable key
10-23 14:55:33.875  1093  1117 D PrefCtrlListHelper: Could not find Context-only controller for pref: com.android.settings.applications.specialaccess.notificationaccess.NotificationAccessScreenPreferenceController
10-23 14:55:33.875  1093  1117 D PrefCtrlListHelper: Could not find Context-only controller for pref: com.android.settings.accessibility.ToggleAutoclickPreferenceController
10-23 14:55:33.878  1093  1117 D PrefCtrlListHelper: Could not find Context-only controller for pref: com.android.settings.accessibility.ToggleAutoclickPreferenceController
10-23 14:55:33.878  1093  1117 D PrefCtrlListHelper: Could not find Context-only controller for pref: com.android.settings.accessibility.ToggleAutoclickPreferenceController
10-23 14:55:33.878  1093  1117 D PrefCtrlListHelper: Could not find Context-only controller for pref: com.android.settings.accessibility.ToggleAutoclickPreferenceController
10-23 14:55:33.878  1093  1117 D PrefCtrlListHelper: Could not find Context-only controller for pref: com.android.settings.accessibility.ToggleAutoclickPreferenceController
10-23 14:55:33.878  1093  1117 D PrefCtrlListHelper: Could not find Context-only controller for pref: com.android.settings.accessibility.ToggleAutoclickCustomSeekbarController
10-23 14:55:33.878  1093  1117 D PrefCtrlListHelper: Could not find Context-only controller for pref: com.android.settings.accessibility.ToggleAutoclickFooterPreferenceController
10-23 14:55:33.879  1093  1117 D FaceSettings: FaceManager is not null. Hardware detected: true
