10-23 14:56:20.214  3911  4165 I TestRunner: started: test10_order_snackbar(com.example.lunchtray.OrderFunctionalityTests)
10-23 14:56:20.216  1093  5098 D PrefCtrlListHelper: Could not find Context-only controller for pref: com.google.android.settings.notification.ClearCallingTogglePreferenceController
10-23 14:56:20.216  1093  5098 D PrefCtrlListHelper: Could not find Context-only controller for pref: com.google.android.settings.notification.ClearCallingFooterPreferenceController
10-23 14:56:20.216  1093  5098 D PrefCtrlListHelper: Could not find Context-only controller for pref: com.android.settings.deviceinfo.firmwareversion.FirmwareVersionDetailPreferenceController
10-23 14:56:20.217  1093  5098 D PrefCtrlListHelper: Could not find Context-only controller for pref: com.android.settings.deviceinfo.firmwareversion.SecurityPatchLevelPreferenceController
10-23 14:56:20.219  1093  5098 D PrefCtrlListHelper: Could not find Context-only controller for pref: com.android.settings.deviceinfo.firmwareversion.MainlineModuleVersionPreferenceController
10-23 14:56:20.225  1348  6033 I NamespaceManager: Package com.android.media.swcodec name not found! Using module version.
10-23 14:56:20.231  1093  5098 D PrefCtrlListHelper: Could not find Context-only controller for pref: com.android.settings.deviceinfo.firmwareversion.BasebandVersionPreferenceController
10-23 14:56:20.231  1093  5098 D PrefCtrlListHelper: Could not find Context-only controller for pref: com.android.settings.deviceinfo.firmwareversion.KernelVersionPreferenceController
10-23 14:56:20.231  1093  5098 D PrefCtrlListHelper: Could not find Context-only controller for pref: com.android.settings.deviceinfo.firmwareversion.SimpleBuildNumberPreferenceController
10-23 14:56:20.232  1093  5098 D PrefCtrlListHelper: Could not find Context-only controller for pref: com.android.settings.accessibility.TextReadingFragmentForA11ySettingsController
10-23 14:56:20.232  1093  5098 D PrefCtrlListHelper: Could not find Context-only controller for pref: com.android.settings.accessibility.ReduceBrightColorsPreferenceController
10-23 14:56:20.232  1093  5098 D PrefCtrlListHelper: Could not find Context-only controller for pref: com.android.settings.accessibility.MagnificationPreferenceController
10-23 14:56:20.232  1093  5098 D PrefCtrlListHelper: Could not find Context-only controller for pref: com.android.settings.accessibility.VibrationPreferenceController
10-23 14:56:20.232  1093  5098 D PrefCtrlListHelper: Could not find Context-only controller for pref: com.android.settings.accessibility.LiveCaptionPreferenceController
10-23 14:56:20.232  1093  5098 D PrefCtrlListHelper: Could not find Context-only controller for pref: com.android.settings.accessibility.CaptioningPreferenceController
10-23 14:56:20.232  1093  5098 D PrefCtrlListHelper: Could not find Context-only controller for pref: com.android.settings.accessibility.RTTSettingPreferenceController
10-23 14:56:20.232  1093  5098 D RTTSettingsCtr: init controller
10-23 14:56:20.232  1093  5098 D PrefCtrlListHelper: Could not find Context-only controller for pref: com.android.settings.accessibility.AudioDescriptionPreferenceController
10-23 14:56:20.232  1093  5098 D PrefCtrlListHelper: Could not find Context-only controller for pref: com.android.settings.accessibility.FlashNotificationsPreferenceController
10-23 14:56:20.232  1093  5098 D PrefCtrlListHelper: Could not find Context-only controller for pref: com.android.settings.accessibility.AccessibilityHearingAidPreferenceController
10-23 14:56:20.232  1093  5098 D PrefCtrlListHelper: Could not find Context-only controller for pref: com.android.settings.language.TtsPreferenceController
10-23 14:56:20.233  1093  5098 W libc    : Access denied finding property "ro.vendor.aware_available"
10-23 14:56:20.233  1093  5098 D PrefCtrlListHelper: Could not find Context-only controller for pref: com.android.settings.network.AdaptiveConnectivityTogglePreferenceController
10-23 14:56:20.233  1093  5098 D PrefCtrlListHelper: Could not find Context-only controller for pref: com.android.settings.accessibility.FlashNotificationsIntroPreferenceController
10-23 14:56:20.233  1093  5098 D PrefCtrlListHelper: Could not find Context-only controller for pref: com.android.settings.accessibility.FlashNotificationIllustrationPreferenceController
10-23 14:56:20.233  1093  5098 D PrefCtrlListHelper: Could not find Context-only controller for pref: com.android.settings.accessibility.CameraFlashNotificationPreferenceController
10-23 14:56:20.233  1093  5098 D PrefCtrlListHelper: Could not find Context-only controller for pref: com.android.settings.accessibility.ScreenFlashNotificationPreferenceController
10-23 14:56:20.233  1093  5098 D PrefCtrlListHelper: Could not find Context-only controller for pref: com.android.settings.accessibility.FlashNotificationsPreviewPreferenceController
10-23 14:56:20.233  1093  5098 D PrefCtrlListHelper: Could not find Context-only controller for pref: com.android.settings.accessibility.FlashNotificationsFooterPreferenceController
10-23 14:56:20.233  1093  5098 D PrefCtrlListHelper: Could not find Context-only controller for pref: com.android.settings.applications.specialaccess.premiumsms.PremiumSmsScreenPreferenceController
10-23 14:56:20.234  1093  5098 W libc    : Access denied finding property "ro.vendor.aware_available"
10-23 14:56:20.235  1093  5098 D PrefCtrlListHelper: Could not find Context-only controller for pref: com.android.settings.gestures.PickupGesturePreferenceController
10-23 14:56:20.236  1093  5098 D PrefCtrlListHelper: Could not find Context-only controller for pref: com.android.settings.accessibility.PrimaryMonoPreferenceController
10-23 14:56:20.237  1012  6275 D NetworkMonitor/100: PROBE_HTTP http://connectivitycheck.gstatic.com/generate_204 time=45ms ret=204 request={Connection=[close], User-Agent=[Mozilla/5.0 (X11; Linux x86_64) AppleWebKit/537.36 (KHTML, like Gecko) Chrome/60.0.3112.32 Safari/537.36]} headers={null=[HTTP/1.1 204 No Content], Connection=[close], Content-Length=[0], Cross-Origin-Resource-Policy=[cross-origin], Date=[Mon, 23 Oct 2023 14:56:20 GMT], X-Android-Received-Millis=[1698072980236], X-Android-Response-Source=[NETWORK 204], X-Android-Selected-Protocol=[http/1.1], X-Android-Sent-Millis=[1698072980225]}
10-23 14:56:20.241   871  6012 I Role    : com.google.android.gms not qualified for android.app.role.SYSTEM_CALL_STREAMING due to missing RequiredComponent{mIntentFilterData=IntentFilterData{mAction='android.telecom.CallStreamingService', mCategories='[]', mDataScheme='null', mDataType='null'}, mMinTargetSdkVersion=1, mFlags='0', mPermission='android.permission.BIND_CALL_STREAMING_SERVICE', mQueryFlags=0, mMetaData=[]}
10-23 14:56:20.241   871  6012 E RoleControllerServiceImpl: Default/fallback role holder package doesn't qualify for the role, package: com.google.android.gms, role: android.app.role.SYSTEM_CALL_STREAMING
10-23 14:56:20.241   871  6012 W Role    : Default holder doesn't have required signing certificate: com.google.android.apps.work.clouddpc:23962F4B43B9857638EA66F4D419518EAE282491ACDA4B94707BD59003C45E58
10-23 14:56:20.242  1093  5098 D PrefCtrlListHelper: Could not find Context-only controller for pref: com.google.android.settings.fuelgauge.reversecharging.ReverseChargingSwitchPreferenceController
10-23 14:56:20.243  1093  5263 D PrefCtrlListHelper: Could not find Context-only controller for pref: com.android.settings.fuelgauge.BatteryHeaderPreferenceController
10-23 14:56:20.243  1093  5263 D PrefCtrlListHelper: Could not find Context-only controller for pref: com.android.settings.fuelgauge.batterytip.BatteryTipPreferenceController
10-23 14:56:20.243  1093  5263 D PrefCtrlListHelper: Could not find Context-only controller for pref: com.google.android.settings.fuelgauge.adaptivecharging.AdaptiveChargingPreferenceController
10-23 14:56:20.243  1093  5098 D PrefCtrlListHelper: Could not find Context-only controller for pref: com.google.android.settings.fuelgauge.reversecharging.ReverseChargingTopIntroController
10-23 14:56:20.243  1093  5263 D PrefCtrlListHelper: Could not find Context-only controller for pref: com.google.android.settings.fuelgauge.reversecharging.ReverseChargingPreferenceController
10-23 14:56:20.243  1093  5098 D PrefCtrlListHelper: Could not find Context-only controller for pref: com.google.android.settings.fuelgauge.reversecharging.ReverseChargingSeekBarController
10-23 14:56:20.243  1093  5098 D PrefCtrlListHelper: Could not find Context-only controller for pref: com.google.android.settings.fuelgauge.reversecharging.ReverseChargingAutoTurnOnSwitchPreferenceController
10-23 14:56:20.244  1093  5263 D PrefCtrlListHelper: Could not find Context-only controller for pref: com.android.settings.display.BatteryPercentagePreferenceController
10-23 14:56:20.245  3911  4165 W Settings: Setting always_finish_activities has moved from android.provider.Settings.System to android.provider.Settings.Global, returning read-only value.
10-23 14:56:20.246  1348  6033 I NamespaceManager: Package com.android.appsearch name not found! Using module version.
10-23 14:56:20.246  1348  6033 I NamespaceManager: Package com.android.neuralnetworks name not found! Using module version.
10-23 14:56:20.254  1348  6033 I NamespaceManager: Package com.android.media name not found! Using module version.
10-23 14:56:20.255  1093  5098 D PrefCtrlListHelper: Could not find Context-only controller for pref: com.android.settings.development.DevelopmentMemtagPreferenceController
10-23 14:56:20.255  1093  5098 D PrefCtrlListHelper: Could not find Context-only controller for pref: com.android.settings.development.DevelopmentMemtagFooterPreferenceController
10-23 14:56:20.255  1093  5098 W PrefCtrlListHelper: Cannot instantiate controller from reflection: com.android.settings.development.DevelopmentMemtagFooterPreferenceController
10-23 14:56:20.256  1093  5098 D PrefCtrlListHelper: Could not find Context-only controller for pref: com.android.settings.network.BluetoothWiFiResetPreferenceController
10-23 14:56:20.256  1093  5098 D PrefCtrlListHelper: Could not find Context-only controller for pref: com.android.settings.network.EraseEuiccDataController
10-23 14:56:20.256  6283  6283 D CompatibilityChangeReporter: Compat change id reported: 171979766; UID 10119; state: ENABLED
10-23 14:56:20.256  6283  6283 D CompatibilityChangeReporter: Compat change id reported: 242716250; UID 10119; state: ENABLED
10-23 14:56:20.257  1093  5098 D PrefCtrlListHelper: Could not find Context-only controller for pref: com.android.settings.applications.specialaccess.vrlistener.VrListenerScreenPreferenceController
10-23 14:56:20.257  1093  5098 D PrefCtrlListHelper: Could not find Context-only controller for pref: com.android.settings.accessibility.DaltonizerPreferenceController
10-23 14:56:20.257  1093  5098 D PrefCtrlListHelper: Could not find Context-only controller for pref: com.android.settings.accessibility.ColorInversionPreferenceController
10-23 14:56:20.257  1093  5098 D PrefCtrlListHelper: Could not find Context-only controller for pref: com.android.settings.display.DarkUIPreferenceController
10-23 14:56:20.257  1093  5098 D PrefCtrlListHelper: Could not find Context-only controller for pref: com.android.settings.accessibility.DisableAnimationsPreferenceController
10-23 14:56:20.257  1093  5098 D PrefCtrlListHelper: Could not find Context-only controller for pref: com.android.settings.accessibility.LargePointerIconPreferenceController
10-23 14:56:20.257  1093  5098 D PrefCtrlListHelper: Could not find Context-only controller for pref: com.android.settings.gestures.AssistGestureSettingsPreferenceController
10-23 14:56:20.257  1093  5098 D AssistGesture: mAssistOnly:false, isSupported:false, isSensorAvailable:false
10-23 14:56:20.257  1093  5098 D PrefCtrlListHelper: Could not find Context-only controller for pref: com.android.settings.gestures.SwipeToNotificationPreferenceController
10-23 14:56:20.257  1093  5098 D PrefCtrlListHelper: Could not find Context-only controller for pref: com.android.settings.gestures.DoubleTapPowerPreferenceController
10-23 14:56:20.257  1093  5098 D PrefCtrlListHelper: Could not find Context-only controller for pref: com.android.settings.gestures.DoubleTwistPreferenceController
10-23 14:56:20.258  1093  5098 D PrefCtrlListHelper: Could not find Context-only controller for pref: com.android.settings.gestures.OneHandedEnablePreferenceController
10-23 14:56:20.258  1093  5098 D PrefCtrlListHelper: Could not find Context-only controller for pref: com.android.settings.gestures.TapScreenGesturePreferenceController
10-23 14:56:20.258  1093  5098 D PrefCtrlListHelper: Could not find Context-only controller for pref: com.android.settings.gestures.DoubleTapScreenPreferenceController
10-23 14:56:20.258  1093  5098 D PrefCtrlListHelper: Could not find Context-only controller for pref: com.android.settings.gestures.PickupGesturePreferenceController
10-23 14:56:20.258  1093  5098 D PrefCtrlListHelper: Could not find Context-only controller for pref: com.android.settings.gestures.PowerMenuPreferenceController
10-23 14:56:20.258  1093  5098 D PrefCtrlListHelper: Could not find Context-only controller for pref: com.android.settings.gestures.PreventRingingParentPreferenceController
10-23 14:56:20.258  1093  5098 D PrefCtrlListHelper: Could not find Context-only controller for pref: com.android.settings.accessibility.AccessibilityTimeoutController
10-23 14:56:20.258  1093  5098 D PrefCtrlListHelper: Could not find Context-only controller for pref: com.android.settings.accessibility.AccessibilityTimeoutController
10-23 14:56:20.258  1093  5098 D PrefCtrlListHelper: Could not find Context-only controller for pref: com.android.settings.accessibility.AccessibilityTimeoutController
10-23 14:56:20.258  1093  5098 D PrefCtrlListHelper: Could not find Context-only controller for pref: com.android.settings.accessibility.AccessibilityTimeoutController
10-23 14:56:20.258  1093  5098 D PrefCtrlListHelper: Could not find Context-only controller for pref: com.android.settings.accessibility.AccessibilityTimeoutController
10-23 14:56:20.258  1093  5098 D PrefCtrlListHelper: Could not find Context-only controller for pref: com.android.settings.accessibility.AccessibilityControlTimeoutFooterPreferenceController
10-23 14:56:20.258  1093  5098 D PrefCtrlListHelper: Could not find Context-only controller for pref: com.android.settings.gestures.DoubleTwistPreferenceController
10-23 14:56:20.258  1093  5098 D PrefCtrlListHelper: Could not find Context-only controller for pref: com.android.settings.applications.specialaccess.pictureinpicture.PictureInPictureScreenPreferenceController
10-23 14:56:20.259  1093  5098 D PrefCtrlListHelper: Could not find Context-only controller for pref: com.android.settings.connecteddevice.NfcAndPaymentFragmentController
10-23 14:56:20.259  1093  5098 D PrefCtrlListHelper: Could not find Context-only controller for pref: com.android.settings.wfd.WifiDisplayPreferenceController
10-23 14:56:20.262  1093  5098 D PrefCtrlListHelper: Could not find Context-only controller for pref: com.android.settings.nfc.AndroidBeamPreferenceController
10-23 14:56:20.262  1093  5098 D PrefCtrlListHelper: Could not find Context-only controller for pref: com.android.settings.uwb.UwbPreferenceController
10-23 14:56:20.262  1093  5098 D PrefCtrlListHelper: Could not find Context-only controller for pref: com.android.settings.gestures.ButtonNavigationSettingsAssistController
10-23 14:56:20.262  1093  5098 D PrefCtrlListHelper: Could not find Context-only controller for pref: com.android.settings.applications.specialaccess.interactacrossprofiles.InteractAcrossProfilesController
10-23 14:56:20.262  1093  5098 W PrefCtrlListHelper: Controller requires key but it's not defined in xml: com.android.settings.applications.specialaccess.interactacrossprofiles.InteractAcrossProfilesController
10-23 14:56:20.263  1093  5098 D PrefCtrlListHelper: Could not find Context-only controller for pref: com.android.settings.display.AutoBrightnessDetailPreferenceController
10-23 14:56:20.268  1093  5098 D PrefCtrlListHelper: Could not find Context-only controller for pref: com.android.settings.gestures.LongPressPowerIllustrationPreferenceController
10-23 14:56:20.268  1093  5098 D PrefCtrlListHelper: Could not find Context-only controller for pref: com.android.settings.gestures.LongPressPowerForPowerMenuPreferenceController
10-23 14:56:20.268  1093  5098 D PrefCtrlListHelper: Could not find Context-only controller for pref: com.android.settings.gestures.LongPressPowerForAssistantPreferenceController
10-23 14:56:20.268  1093  5098 D PrefCtrlListHelper: Could not find Context-only controller for pref: com.android.settings.gestures.LongPressPowerSensitivityPreferenceController
10-23 14:56:20.269  1093  5098 D PrefCtrlListHelper: Could not find Context-only controller for pref: com.android.settings.gestures.LongPressPowerFooterPreferenceController
10-23 14:56:20.273  1093  5098 D PrefCtrlListHelper: Could not find Context-only controller for pref: com.android.settings.applications.specialaccess.interactacrossprofiles.InteractAcrossProfilesController
10-23 14:56:20.273  1093  5098 D PrefCtrlListHelper: Could not find Context-only controller for pref: com.android.settings.enterprise.ManageDeviceAdminPreferenceController
10-23 14:56:20.274  1093  5098 D PrefCtrlListHelper: Could not find Context-only controller for pref: com.google.android.settings.applications.specialaccess.DebuggingDataPreferenceController
10-23 14:56:20.274  1093  5098 D PrefCtrlListHelper: Could not find Context-only controller for pref: com.android.settings.applications.specialaccess.SystemAlertWindowPreferenceController
10-23 14:56:20.274  1093  5098 D PrefCtrlListHelper: Could not find Context-only controller for pref: com.android.settings.applications.specialaccess.zenaccess.ZenAccessController
10-23 14:56:20.274  1093  5098 D PrefCtrlListHelper: Could not find Context-only controller for pref: com.android.settings.applications.specialaccess.notificationaccess.NotificationAccessController
10-23 14:56:20.274  1093  5098 D PrefCtrlListHelper: Could not find Context-only controller for pref: com.android.settings.spa.app.specialaccess.UseFullScreenIntentPreferenceController
10-23 14:56:20.274  1093  5098 D PrefCtrlListHelper: Could not find Context-only controller for pref: com.android.settings.applications.specialaccess.pictureinpicture.PictureInPictureController
10-23 14:56:20.274  1093  5098 D PrefCtrlListHelper: Could not find Context-only controller for pref: com.android.settings.applications.specialaccess.premiumsms.PremiumSmsController
10-23 14:56:20.274  1093  5098 D PrefCtrlListHelper: Could not find Context-only controller for pref: com.android.settings.applications.specialaccess.DataSaverController
10-23 14:56:20.274  1093  5098 D PrefCtrlListHelper: Could not find Context-only controller for pref: com.android.settings.applications.specialaccess.vrlistener.EnabledVrListenersController
10-23 14:56:20.274  1093  5098 D PrefCtrlListHelper: Could not find Context-only controller for pref: com.android.settings.applications.specialaccess.MoreSpecialAccessPreferenceController
10-23 14:56:20.276  1093  5098 D PrefCtrlListHelper: Could not find Context-only controller for pref: com.android.settings.nfc.NfcTagAppsPreferenceController
10-23 14:56:20.276  6095  6095 I Finsky  : [2] rxv.onCreate(9): IPC-SERVER: Starting gRPC host service...
10-23 14:56:20.280  2964  3663 W TimedProcessReaper: Scheduling killing of process to refresh configuration
10-23 14:56:20.281  1468  5942 I Icing   : Usage reports ok 0, Failed Usage reports 0, indexed 0, rejected 0
10-23 14:56:20.282  1093  5098 D PrefControllerMixin: shouldHidePreference():false
10-23 14:56:20.282  1093  5098 V WifiManager: registerSoftApCallback: callback=com.android.settings.wifi.tether.WifiTetherSecurityPreferenceController@a168ec0, executor=android.os.HandlerExecutor@812d349
10-23 14:56:20.290  1093  5263 D PrefCtrlListHelper: Could not find Context-only controller for pref: com.android.settings.gestures.GestureNavigationSettingsAssistController
10-23 14:56:20.292  1093  5263 D PrefCtrlListHelper: Could not find Context-only controller for pref: com.android.settings.datausage.UnrestrictedDataAccessPreferenceController
10-23 14:56:20.292  1093  5263 W SettingsPrefController: Skipping updateNonIndexableKeys, key already in list. com.android.settings.datausage.UnrestrictedDataAccessPreferenceController@d8c159f
10-23 14:56:20.294  1093  5263 V SettingsSearchProvider: com.android.settings.language.LanguageAndInputSettings$1@245bd64 tried to add an empty non-indexable key
10-23 14:56:20.296  1348  6033 I NamespaceManager: Package 1 name not found! Using module version.
10-23 14:56:20.296  1093  5263 D PrefCtrlListHelper: Could not find Context-only controller for pref: com.android.settings.accessibility.CaptioningPreviewPreferenceController
10-23 14:56:20.297  1093  5263 D PrefCtrlListHelper: Could not find Context-only controller for pref: com.android.settings.accessibility.CaptioningFontSizeController
10-23 14:56:20.297  1093  5263 D PrefCtrlListHelper: Could not find Context-only controller for pref: com.android.settings.accessibility.CaptioningPresetController
10-23 14:56:20.297  1093  5263 D PrefCtrlListHelper: Could not find Context-only controller for pref: com.android.settings.accessibility.CaptioningCustomController
10-23 14:56:20.297  1093  5263 D PrefCtrlListHelper: Could not find Context-only controller for pref: com.android.settings.accessibility.CaptioningTypefaceController
10-23 14:56:20.297  1093  5263 D PrefCtrlListHelper: Could not find Context-only controller for pref: com.android.settings.accessibility.CaptioningForegroundColorController
10-23 14:56:20.297  1093  5263 D PrefCtrlListHelper: Could not find Context-only controller for pref: com.android.settings.accessibility.CaptioningForegroundOpacityController
10-23 14:56:20.297  1093  5263 D PrefCtrlListHelper: Could not find Context-only controller for pref: com.android.settings.accessibility.CaptioningEdgeTypeController
10-23 14:56:20.297  1093  5263 D PrefCtrlListHelper: Could not find Context-only controller for pref: com.android.settings.accessibility.CaptioningEdgeColorController
10-23 14:56:20.297  1093  5263 D PrefCtrlListHelper: Could not find Context-only controller for pref: com.android.settings.accessibility.CaptioningBackgroundColorController
10-23 14:56:20.297  1093  5263 D PrefCtrlListHelper: Could not find Context-only controller for pref: com.android.settings.accessibility.CaptioningBackgroundOpacityController
10-23 14:56:20.297  1093  5263 D PrefCtrlListHelper: Could not find Context-only controller for pref: com.android.settings.accessibility.CaptioningWindowColorController
10-23 14:56:20.297  1093  5263 D PrefCtrlListHelper: Could not find Context-only controller for pref: com.android.settings.accessibility.CaptioningWindowOpacityController
10-23 14:56:20.297  1093  5263 D PrefCtrlListHelper: Could not find Context-only controller for pref: com.android.settings.accessibility.CaptioningFooterPreferenceController
10-23 14:56:20.298  1093  5263 D PrefCtrlListHelper: Could not find Context-only controller for pref: com.android.settings.gestures.SystemNavigationPreferenceController
10-23 14:56:20.298  1093  5263 D PrefCtrlListHelper: Could not find Context-only controller for pref: com.android.settings.gestures.OneHandedEnablePreferenceController
10-23 14:56:20.298  1093  5263 D PrefCtrlListHelper: Could not find Context-only controller for pref: com.android.settings.accessibility.PowerButtonEndsCallPreferenceController
10-23 14:56:20.298  1093  5263 D PrefCtrlListHelper: Could not find Context-only controller for pref: com.android.settings.accessibility.LockScreenRotationPreferenceController
10-23 14:56:20.298  1093  5263 D PrefCtrlListHelper: Could not find Context-only controller for pref: com.android.settings.display.DeviceStateAutoRotateOverviewController
10-23 14:56:20.300  1093  5263 W SettingsPrefController: Skipping updateNonIndexableKeys, key already in list. com.android.settings.gestures.OneHandedEnablePreferenceController@f266cbb
10-23 14:56:20.301  1093  5263 D PrefCtrlListHelper: Could not find Context-only controller for pref: com.android.settings.language.LanguageAndInputPreferenceController
10-23 14:56:20.302  1093  5263 D PrefCtrlListHelper: Could not find Context-only controller for pref: com.android.settings.gestures.SystemNavigationPreferenceController
10-23 14:56:20.302  1093  5263 D PrefCtrlListHelper: Could not find Context-only controller for pref: com.android.settings.language.LanguagePreferenceController
10-23 14:56:20.302  1093  5263 D PrefCtrlListHelper: Could not find Context-only controller for pref: com.android.settings.inputmethod.KeyboardPreferenceController
10-23 14:56:20.302  1093  5263 D PrefCtrlListHelper: Could not find Context-only controller for pref: com.android.settings.inputmethod.TrackpadSettingsController
10-23 14:56:20.302  1093  5263 D PrefCtrlListHelper: Could not find Context-only controller for pref: com.android.settings.datetime.DateTimePreferenceController
10-23 14:56:20.302  1093  5263 D PrefCtrlListHelper: Could not find Context-only controller for pref: com.google.android.settings.aware.AwareSettingsPreferenceController
10-23 14:56:20.302  1093  5263 D PrefCtrlListHelper: Could not find Context-only controller for pref: com.android.settings.system.ResetPreferenceController
10-23 14:56:20.305  5852  5877 I PhenotypeBackgroundRecv: Successfully updated snapshot for com.google.android.libraries.personalization.footprints#com.google.android.googlequicksearchbox
10-23 14:56:20.306  6283  6283 D nativeloader: Configuring clns-6 for other apk /system/framework/org.apache.http.legacy.jar. target_sdk_version=34, uses_libraries=ALL, library_path=/product/priv-app/SettingsIntelligenceGooglePrebuilt/lib/x86_64, permitted_path=/data:/mnt/expand:/data/user/0/com.google.android.settings.intelligence
10-23 14:56:20.310  6283  6283 D ApplicationLoaders: Returning zygote-cached class loader: /system_ext/framework/androidx.window.extensions.jar
10-23 14:56:20.310  6283  6283 D ApplicationLoaders: Returning zygote-cached class loader: /system_ext/framework/androidx.window.sidecar.jar
10-23 14:56:20.318  1468  5942 W Icing   : No valid account for uploading user actions
10-23 14:56:20.320  6095  6317 I Finsky  : [111] qzk.D(6): IQ: Pruning inactive install requests
10-23 14:56:20.325  6095  6171 I Finsky  : [57] abcv.c(17): SSM: Start staged session task with 0 tracked staged sessions
10-23 14:56:20.329  6095  6095 D CompatibilityChangeReporter: Compat change id reported: 263076149; UID 10121; state: ENABLED
10-23 14:56:20.332  6283  6283 D nativeloader: InitLlndkLibrariesProduct: libEGL.so:libGLESv1_CM.so:libGLESv2.so:libGLESv3.so:libRS.so:libandroid_net.so:libbinder_ndk.so:libc.so:libcgrouprc.so:libclang_rt.asan-x86_64-android.so:libcom.android.tethering.connectivity_native.so:libdl.so:libft2.so:liblog.so:libm.so:libmediandk.so:libnativewindow.so:libneuralnetworks.so:libselinux.so:libsync.so:libvndksupport.so:libvulkan.so
10-23 14:56:20.332  6283  6283 D nativeloader: Configuring product-clns-7 for unbundled product apk /product/priv-app/SettingsIntelligenceGooglePrebuilt/SettingsIntelligenceGooglePrebuilt.apk. target_sdk_version=34, uses_libraries=, library_path=/product/priv-app/SettingsIntelligenceGooglePrebuilt/lib/x86_64:/product/lib64:/system/product/lib64, permitted_path=/data:/mnt/expand:/data/user/0/com.google.android.settings.intelligence:/product/lib64:/system/product/lib64
10-23 14:56:20.335  6283  6283 D nativeloader: InitVndkspLibrariesProduct: android.hardware.common-V2-ndk.so:android.hardware.common.fmq-V1-ndk.so:android.hardware.graphics.allocator-V2-ndk.so:android.hardware.graphics.common-V4-ndk.so:android.hardware.graphics.common@1.0.so:android.hardware.graphics.common@1.1.so:android.hardware.graphics.common@1.2.so:android.hardware.graphics.composer3-V1-ndk.so:android.hardware.graphics.mapper@2.0.so:android.hardware.graphics.mapper@2.1.so:android.hardware.graphics.mapper@3.0.so:android.hardware.graphics.mapper@4.0.so:android.hardware.renderscript@1.0.so:android.hidl.memory.token@1.0.so:android.hidl.memory@1.0-impl.so:android.hidl.memory@1.0.so:android.hidl.safe_union@1.0.so:libRSCpuRef.so:libRSDriver.so:libRS_internal.so:libbase.so:libbcinfo.so:libblas.so:libc++.so:libcompiler_rt.so:libcutils.so:libdmabufheap.so:libgralloctypes.so:libhardware.so:libhidlbase.so:libhidlmemory.so:libion.so:libjsoncpp.so:liblzma.so:libprocessgroup.so:libunwindstack.so:libutils.so:libutilscallstack.so:libz.so
10-23 14:56:20.337  6095  6095 I Finsky  : [2] aazq.a(9): Connecting InstallListener to SplitInstallService broadcaster...
10-23 14:56:20.343  1093  5263 D AssistGesture: mAssistOnly:false, isSupported:false, isSensorAvailable:false
10-23 14:56:20.343  1093  5263 D AssistGesture: mAssistOnly:false, isSupported:false, isSensorAvailable:false
10-23 14:56:20.344  1093  5263 D AssistGesture: mAssistOnly:false, isSupported:false, isSensorAvailable:false
10-23 14:56:20.345  1468  5942 I Icing   : Usage reports ok 0, Failed Usage reports 0, indexed 0, rejected 0
10-23 14:56:20.347  1093  1117 V WifiManager: SoftApCallbackProxy on mode 1, send InfoChanged, newInfo: SoftApInfo{bandwidth= 0, frequency= 0, wifiStandard= 0, mApInstanceIdentifier= null, mIdleShutdownTimeoutMillis= 0}
10-23 14:56:20.347  1093  1117 V WifiManager: SoftApCallbackProxy on mode 1, send InfoChanged, changedInfoList: []
10-23 14:56:20.347  1093  1117 V WifiManager: SoftApCallbackProxy on mode 1, send onConnectedClientsChanged(clients): []
10-23 14:56:20.348  1093  5263 W libc    : Access denied finding property "ro.vendor.aware_available"
10-23 14:56:20.348  1093  5263 W SettingsPrefController: Skipping updateNonIndexableKeys, key already in list. com.google.android.settings.aware.AwareSettingsPreferenceController@c575c16
10-23 14:56:20.349  1093  5263 D PrefCtrlListHelper: Could not find Context-only controller for pref: com.google.android.settings.fuelgauge.adaptivecharging.AdaptiveChargingMainSwitchPreferenceController
10-23 14:56:20.349  1093  5263 D PrefCtrlListHelper: Could not find Context-only controller for pref: com.google.android.settings.fuelgauge.adaptivecharging.AdaptiveChargingFooterPreferenceController
10-23 14:56:20.353  1093  1093 I wifi_tether_security: WPA3 SAE is not supported on this device
10-23 14:56:20.353  1093  1093 V WifiManager: unregisterSoftApCallback: callback=com.android.settings.wifi.tether.WifiTetherSecurityPreferenceController@a168ec0
10-23 14:56:20.353  1093  5098 D WifiTetherMaximizeCompatibilityPref: mShouldHidePreference:false
10-23 14:56:20.355   871   904 I PermissionControllerServiceImpl: Updating user sensitive for uid 10119
10-23 14:56:20.356  1093  5098 D WifiTetherMaximizeCompatibilityPref: getBand:1
10-23 14:56:20.358  1093  5098 D PrefCtrlListHelper: Could not find Context-only controller for pref: com.android.settings.location.RecentLocationAccessPreferenceController
10-23 14:56:20.359  1093  5098 D PrefCtrlListHelper: Could not find Context-only controller for pref: com.android.settings.location.RecentLocationAccessSeeAllButtonPreferenceController
10-23 14:56:20.359  1093  5098 D PrefCtrlListHelper: Could not find Context-only controller for pref: com.android.settings.location.LocationForWorkPreferenceController
10-23 14:56:20.359  1093  5098 D PrefCtrlListHelper: Could not find Context-only controller for pref: com.android.settings.location.AppLocationPermissionPreferenceController
10-23 14:56:20.359  1093  5098 D PrefCtrlListHelper: Could not find Context-only controller for pref: com.android.settings.location.LocationServicesPreferenceController
10-23 14:56:20.359  1093  5098 D PrefCtrlListHelper: Could not find Context-only controller for pref: com.android.settings.location.LocationSettingsFooterPreferenceController
10-23 14:56:20.360  1093  5098 D PrefCtrlListHelper: Could not find Context-only controller for pref: com.android.settings.datetime.LocationProviderStatusPreferenceController
10-23 14:56:20.366  1093  5098 D PrefCtrlListHelper: Could not find Context-only controller for pref: com.android.settings.applications.specialaccess.notificationaccess.NotificationAccessScreenPreferenceController
10-23 14:56:20.366  1093  5098 D PrefCtrlListHelper: Could not find Context-only controller for pref: com.android.settings.accessibility.ToggleAutoclickPreferenceController
10-23 14:56:20.367  1093  5098 D PrefCtrlListHelper: Could not find Context-only controller for pref: com.android.settings.accessibility.ToggleAutoclickPreferenceController
10-23 14:56:20.367  1093  5098 D PrefCtrlListHelper: Could not find Context-only controller for pref: com.android.settings.accessibility.ToggleAutoclickPreferenceController
10-23 14:56:20.367  1093  5098 D PrefCtrlListHelper: Could not find Context-only controller for pref: com.android.settings.accessibility.ToggleAutoclickPreferenceController
10-23 14:56:20.367  1093  5098 D PrefCtrlListHelper: Could not find Context-only controller for pref: com.android.settings.accessibility.ToggleAutoclickPreferenceController
10-23 14:56:20.367  1093  5098 D PrefCtrlListHelper: Could not find Context-only controller for pref: com.android.settings.accessibility.ToggleAutoclickCustomSeekbarController
10-23 14:56:20.367  1093  5098 D PrefCtrlListHelper: Could not find Context-only controller for pref: com.android.settings.accessibility.ToggleAutoclickFooterPreferenceController
10-23 14:56:20.367  1348  1508 W ChimeraUtils: Module com.google.android.gms.nearby_en missing resource null(0)
10-23 14:56:20.368  1093  1119 D SlicesIndexer: Slices already indexed - returning.
10-23 14:56:20.368  1093  5098 D FaceSettings: FaceManager is not null. Hardware detected: true
10-23 14:56:20.368  1093  5098 D PrefCtrlListHelper: Could not find Context-only controller for pref: com.android.settings.network.NetworkMobileProviderController
10-23 14:56:20.370  1093  5098 D PrefCtrlListHelper: Could not find Context-only controller for pref: com.android.settings.biometrics.face.FaceSettingsLockscreenBypassPreferenceController
10-23 14:56:20.370  1093  5098 D PrefCtrlListHelper: Could not find Context-only controller for pref: com.android.settings.users.AddUserWhenLockedPreferenceController
10-23 14:56:20.371  1093  1119 D SettingsSliceProvider: Allowlisting 5 uris to 3 pkgs.
10-23 14:56:20.377  1093  5098 D PrefCtrlListHelper: Could not find Context-only controller for pref: com.android.settings.display.WalletPrivacyPreferenceController
10-23 14:56:20.378  1093  5098 D PrefCtrlListHelper: Could not find Context-only controller for pref: com.android.settings.display.ControlsPrivacyPreferenceController
10-23 14:56:20.378  1093  5098 D PrefCtrlListHelper: Could not find Context-only controller for pref: com.android.settings.display.ControlsTrivialPrivacyPreferenceController
10-23 14:56:20.378  1093  5098 D PrefCtrlListHelper: Could not find Context-only controller for pref: com.android.settings.display.CustomizableLockScreenQuickAffordancesPreferenceController
10-23 14:56:20.378  1093  5098 D PrefCtrlListHelper: Could not find Context-only controller for pref: com.android.settings.display.LockscreenClockPreferenceController
10-23 14:56:20.378  1093  5098 D PrefCtrlListHelper: Could not find Context-only controller for pref: com.google.android.settings.display.LockscreenWeatherPreferenceController
10-23 14:56:20.378  1093  5098 D PrefCtrlListHelper: Could not find Context-only controller for pref: com.android.settings.display.AmbientDisplayWhenToShowPreferenceController
10-23 14:56:20.378  1093  5098 D PrefCtrlListHelper: Could not find Context-only controller for pref: com.android.settings.display.AmbientDisplayAlwaysOnPreferenceController
10-23 14:56:20.378  1093  5098 D PrefCtrlListHelper: Could not find Context-only controller for pref: com.android.settings.gestures.TapScreenGesturePreferenceController
10-23 14:56:20.378  1093  5098 D PrefCtrlListHelper: Could not find Context-only controller for pref: com.android.settings.gestures.DoubleTapScreenPreferenceController
10-23 14:56:20.378  1093  5098 D PrefCtrlListHelper: Could not find Context-only controller for pref: com.android.settings.gestures.PickupGesturePreferenceController
10-23 14:56:20.378  1093  5098 D PrefCtrlListHelper: Could not find Context-only controller for pref: com.android.settings.display.AmbientDisplayNotificationsPreferenceController
10-23 14:56:20.380   416   416 I BpBinder: onLastStrongRef automatically unlinking death recipients:
10-23 14:56:20.383  1093  5098 D PrefCtrlListHelper: Could not find Context-only controller for pref: com.android.settings.network.telephony.MobileNetworkSwitchController
10-23 14:56:20.383  1093  5098 D PrefCtrlListHelper: Could not find Context-only controller for pref: com.android.settings.network.telephony.DisabledSubscriptionController
10-23 14:56:20.383  1093  5098 D PrefCtrlListHelper: Could not find Context-only controller for pref: com.android.settings.network.telephony.CallsDefaultSubscriptionController
10-23 14:56:20.383  1093  5098 W PrefCtrlListHelper: Cannot instantiate controller from reflection: com.android.settings.network.telephony.CallsDefaultSubscriptionController
10-23 14:56:20.383  1093  5098 D PrefCtrlListHelper: Could not find Context-only controller for pref: com.android.settings.network.telephony.SmsDefaultSubscriptionController
10-23 14:56:20.383  1093  5098 W PrefCtrlListHelper: Cannot instantiate controller from reflection: com.android.settings.network.telephony.SmsDefaultSubscriptionController
10-23 14:56:20.383  1093  5098 D PrefCtrlListHelper: Could not find Context-only controller for pref: com.android.settings.network.telephony.DataServiceSetupPreferenceController
10-23 14:56:20.383  1093  5098 D PrefCtrlListHelper: Could not find Context-only controller for pref: com.android.settings.network.telephony.MobileDataPreferenceController
10-23 14:56:20.384  1093  5098 W PrefCtrlListHelper: Cannot instantiate controller from reflection: com.android.settings.network.telephony.MobileDataPreferenceController
10-23 14:56:20.384  1093  5098 D PrefCtrlListHelper: Could not find Context-only controller for pref: com.android.settings.network.telephony.AutoDataSwitchPreferenceController
10-23 14:56:20.384  1093  5098 D PrefCtrlListHelper: Could not find Context-only controller for pref: com.android.settings.network.telephony.RoamingPreferenceController
10-23 14:56:20.384  1093  5098 W PrefCtrlListHelper: Cannot instantiate controller from reflection: com.android.settings.network.telephony.RoamingPreferenceController
10-23 14:56:20.384  1093  5098 D PrefCtrlListHelper: Could not find Context-only controller for pref: com.android.settings.network.telephony.DataUsagePreferenceController
10-23 14:56:20.384  1093  5098 D PrefCtrlListHelper: Could not find Context-only controller for pref: com.android.settings.datausage.BillingCyclePreferenceController
10-23 14:56:20.384  1093  5098 D PrefCtrlListHelper: Could not find Context-only controller for pref: com.android.settings.network.CarrierWifiTogglePreferenceController
10-23 14:56:20.384  1093  5098 D PrefCtrlListHelper: Could not find Context-only controller for pref: com.android.settings.network.telephony.MmsMessagePreferenceController
10-23 14:56:20.384  1093  5098 D PrefCtrlListHelper: Could not find Context-only controller for pref: com.android.settings.network.telephony.Enhanced4gLtePreferenceController
10-23 14:56:20.384  1093  5098 D PrefCtrlListHelper: Could not find Context-only controller for pref: com.android.settings.network.telephony.Enhanced4gCallingPreferenceController
10-23 14:56:20.384  1093  5098 D PrefCtrlListHelper: Could not find Context-only controller for pref: com.android.settings.network.telephony.Enhanced4gAdvancedCallingPreferenceController
10-23 14:56:20.384  1093  5098 D PrefCtrlListHelper: Could not find Context-only controller for pref: com.android.settings.network.telephony.ContactDiscoveryPreferenceController
10-23 14:56:20.384  1093  5098 D PrefCtrlListHelper: Could not find Context-only controller for pref: com.android.settings.network.telephony.PreferredNetworkModePreferenceController
10-23 14:56:20.384  1093  5098 D PrefCtrlListHelper: Could not find Context-only controller for pref: com.android.settings.network.telephony.EnabledNetworkModePreferenceController
10-23 14:56:20.384  1093  5098 D PrefCtrlListHelper: Could not find Context-only controller for pref: com.android.settings.network.telephony.CarrierSettingsVersionPreferenceController
10-23 14:56:20.384  1093  5098 D PrefCtrlListHelper: Could not find Context-only controller for pref: com.google.android.settings.network.telephony.SpeedBoostPreferenceController
10-23 14:56:20.384  1093  5098 D PrefCtrlListHelper: Could not find Context-only controller for pref: com.android.settings.network.telephony.CallingPreferenceCategoryController
10-23 14:56:20.384  1093  5098 D PrefCtrlListHelper: Could not find Context-only controller for pref: com.android.settings.network.telephony.WifiCallingPreferenceController
10-23 14:56:20.384  1093  5098 D PrefCtrlListHelper: Could not find Context-only controller for pref: com.android.settings.network.telephony.VideoCallingPreferenceController
10-23 14:56:20.384  1093  5098 D PrefCtrlListHelper: Could not find Context-only controller for pref: com.android.settings.network.telephony.cdma.CdmaSystemSelectPreferenceController
10-23 14:56:20.384  1093  5098 D PrefCtrlListHelper: Could not find Context-only controller for pref: com.android.settings.network.telephony.cdma.CdmaSubscriptionPreferenceController
10-23 14:56:20.385  1093  5098 D PrefCtrlListHelper: Could not find Context-only controller for pref: com.android.settings.network.telephony.NetworkPreferenceCategoryController
10-23 14:56:20.385  1093  5098 D PrefCtrlListHelper: Could not find Context-only controller for pref: com.android.settings.network.telephony.gsm.AutoSelectPreferenceController
10-23 14:56:20.385  1093  5098 D PrefCtrlListHelper: Could not find Context-only controller for pref: com.android.settings.network.telephony.gsm.OpenNetworkSelectPagePreferenceController
10-23 14:56:20.385  1093  5098 D PrefCtrlListHelper: Could not find Context-only controller for pref: com.android.settings.network.telephony.ApnPreferenceController
10-23 14:56:20.385  1093  5098 D PrefCtrlListHelper: Could not find Context-only controller for pref: com.android.settings.network.telephony.CarrierPreferenceController
10-23 14:56:20.385  1093  5098 D PrefCtrlListHelper: Could not find Context-only controller for pref: com.android.settings.network.telephony.Enable2gPreferenceController
10-23 14:56:20.385  1093  5098 D PrefCtrlListHelper: Could not find Context-only controller for pref: com.android.settings.network.telephony.NullAlgorithmsPreferenceController
10-23 14:56:20.385  1093  5098 D PrefCtrlListHelper: Could not find Context-only controller for pref: com.android.settings.network.telephony.NrAdvancedCallingPreferenceController
10-23 14:56:20.385  1093  5098 D PrefCtrlListHelper: Could not find Context-only controller for pref: com.android.settings.network.telephony.ConvertToEsimPreferenceController
10-23 14:56:20.385  1093  5098 W PrefCtrlListHelper: Cannot instantiate controller from reflection: com.android.settings.network.telephony.ConvertToEsimPreferenceController
10-23 14:56:20.385  1093  5098 D PrefCtrlListHelper: Could not find Context-only controller for pref: com.android.settings.network.telephony.TransferEsimPreferenceController
10-23 14:56:20.385  1093  5098 D PrefCtrlListHelper: Could not find Context-only controller for pref: com.android.settings.network.telephony.DeleteSimProfilePreferenceController
10-23 14:56:20.385  1093  5098 D PrefCtrlListHelper: Could not find Context-only controller for pref: com.android.settings.network.telephony.DisableSimFooterPreferenceController
10-23 14:56:20.385  1093  5098 D PrefCtrlListHelper: Could not find Context-only controller for pref: com.android.settings.network.telephony.NrDisabledInDsdsFooterPreferenceController
10-23 14:56:20.385  1093  5098 D PrefCtrlListHelper: Could not find Context-only controller for pref: com.android.settings.applications.managedomainurls.WebActionCategoryController
10-23 14:56:20.385  1093  5098 D PrefCtrlListHelper: Could not find Context-only controller for pref: com.android.settings.applications.managedomainurls.InstantAppWebActionPreferenceController
10-23 14:56:20.386  1093  5098 D PrefCtrlListHelper: Could not find Context-only controller for pref: com.android.settings.applications.managedomainurls.InstantAppAccountPreferenceController
10-23 14:56:20.387  1093  5098 D PrefCtrlListHelper: Could not find Context-only controller for pref: com.android.settings.applications.managedomainurls.DomainAppPreferenceController
10-23 14:56:20.388  1093  5098 D PrefCtrlListHelper: Could not find Context-only controller for pref: com.android.settings.fuelgauge.batteryusage.BatteryChartPreferenceController
10-23 14:56:20.388  1093  5098 W PrefCtrlListHelper: Cannot instantiate controller from reflection: com.android.settings.fuelgauge.batteryusage.BatteryChartPreferenceController
10-23 14:56:20.388  1093  5098 D PrefCtrlListHelper: Could not find Context-only controller for pref: com.android.settings.fuelgauge.batteryusage.BatteryUsageBreakdownController
10-23 14:56:20.388  1093  5098 W PrefCtrlListHelper: Cannot instantiate controller from reflection: com.android.settings.fuelgauge.batteryusage.BatteryUsageBreakdownController
10-23 14:56:20.388  1093  5098 W PrefCtrlListHelper: screen_on_time_category already has a controller
10-23 14:56:20.388  1093  5098 D PrefCtrlListHelper: Could not find Context-only controller for pref: com.android.settings.network.NetworkProviderSimsCategoryController
10-23 14:56:20.388  1093  5098 W PrefCtrlListHelper: Cannot instantiate controller from reflection: com.android.settings.network.NetworkProviderSimsCategoryController
10-23 14:56:20.393  1093  5263 V SettingsSearchProvider: com.android.settings.wifi.WifiSettings$4@9f24e0b tried to add an empty non-indexable key
10-23 14:56:20.393  1093  5263 D PrefCtrlListHelper: Could not find Context-only controller for pref: com.android.settings.accessibility.SelectLongPressTimeoutPreferenceController
10-23 14:56:20.394  1093  5263 D PrefCtrlListHelper: Could not find Context-only controller for pref: com.android.settings.accessibility.AccessibilityTimeoutPreferenceController
10-23 14:56:20.394  1093  5263 D PrefCtrlListHelper: Could not find Context-only controller for pref: com.android.settings.accessibility.AutoclickPreferenceController
10-23 14:56:20.394  1093  5263 D PrefCtrlListHelper: Could not find Context-only controller for pref: com.android.settings.display.AutoRotateSwitchBarController
10-23 14:56:20.394  1093  5263 D PrefCtrlListHelper: Could not find Context-only controller for pref: com.android.settings.display.AutoRotatePreferenceController
10-23 14:56:20.394  1093  5263 D PrefCtrlListHelper: Could not find Context-only controller for pref: com.android.settings.display.SmartAutoRotatePermissionController
10-23 14:56:20.395  3911  3911 D LifecycleMonitor: Lifecycle status change: androidx.test.core.app.InstrumentationActivityInvoker$BootstrapActivity@56d4f3 in: PRE_ON_CREATE
10-23 14:56:20.397  1093  5263 D PrefCtrlListHelper: Could not find Context-only controller for pref: com.android.settings.display.SmartAutoRotateCameraStateController
10-23 14:56:20.397  1093  5263 D PrefCtrlListHelper: Could not find Context-only controller for pref: com.android.settings.display.SmartAutoRotateBatterySaverController
10-23 14:56:20.397  3911  3911 V ActivityScenario: Activity lifecycle changed event received but ignored because the intent does not match. startActivityIntent=Intent { act=android.intent.action.MAIN cat=[android.intent.category.LAUNCHER] cmp=com.example.lunchtray/.MainActivity }, activity.getIntent()=Intent { act=android.intent.action.MAIN cat=[android.intent.category.LAUNCHER] flg=0x10008000 cmp=com.example.lunchtray/androidx.test.core.app.InstrumentationActivityInvoker$BootstrapActivity (has extras) }, activity=androidx.test.core.app.InstrumentationActivityInvoker$BootstrapActivity@56d4f3
10-23 14:56:20.397  1093  5263 D PrefCtrlListHelper: Could not find Context-only controller for pref: com.android.settings.display.SmartAutoRotateController
10-23 14:56:20.420  1093  5263 D PrefCtrlListHelper: Could not find Context-only controller for pref: com.android.settings.network.telephony.CallsDefaultSubscriptionController
10-23 14:56:20.421  1093  5263 W PrefCtrlListHelper: Cannot instantiate controller from reflection: com.android.settings.network.telephony.CallsDefaultSubscriptionController
10-23 14:56:20.421  1093  5263 D PrefCtrlListHelper: Could not find Context-only controller for pref: com.android.settings.network.telephony.SmsDefaultSubscriptionController
10-23 14:56:20.421  1093  5263 W PrefCtrlListHelper: Cannot instantiate controller from reflection: com.android.settings.network.telephony.SmsDefaultSubscriptionController
10-23 14:56:20.421  1093  5263 D PrefCtrlListHelper: Could not find Context-only controller for pref: com.android.settings.network.telephony.NetworkProviderWifiCallingPreferenceController
10-23 14:56:20.421  1093  5263 D PrefCtrlListHelper: Could not find Context-only controller for pref: com.google.android.settings.network.ConnectivityHelperCallQualityPreferenceController
10-23 14:56:20.421  1093  5263 D ch_callQuality: isDeviceSupport: falsemIsChecked: true
10-23 14:56:20.421  1093  5263 D PrefCtrlListHelper: Could not find Context-only controller for pref: com.google.android.settings.network.ConnectivityHelperDeviceToDevicePreferenceController
