10-23 14:56:13.519  1575  1575 I InputMethodEntryManager: InputMethodEntryManager$5.onSuccess():845 Success load entries: [LanguageTagVariantTuple{languageTag=en-US, variant=qwerty}], resetImplicitlyEnabledEntries=false
10-23 14:56:13.521  1575  1575 I DictionarySuperpacksManager: DictionarySuperpacksManager$1.onEnabledInputMethodEntriesChanged():61 onEnabledInputMethodEntriesChanged
10-23 14:56:13.523  1575  1575 I DeviceModeUtil: DeviceModeUtil.getDeviceMode():122 Get device mode phone by ui mode:1 and smallestScreenWidthDp:411
10-23 14:56:13.526  1575  1575 I StyledKeyboardTheme: StyledKeyboardTheme.<init>():87 Pref: [], themeName: [silk:], darkMode: [false], cacheKey: [overlay_builtin_dynamic_color_light_base.binarypb:dynamic-light-fff1f0f7-ffb2c5ff-734dbefe1e6f4840c010420f35e14fb0]
10-23 14:56:13.528  1575  1575 I DeviceModeUtil: DeviceModeUtil.getDeviceMode():122 Get device mode phone by ui mode:1 and smallestScreenWidthDp:411
10-23 14:56:13.529  1575  1575 I DeviceModeUtil: DeviceModeUtil.getDeviceMode():122 Get device mode phone by ui mode:1 and smallestScreenWidthDp:411
10-23 14:56:13.530  1575  1575 I DeviceModeUtil: DeviceModeUtil.getDeviceMode():122 Get device mode phone by ui mode:1 and smallestScreenWidthDp:411
10-23 14:56:13.530  1575  1575 I DeviceModeUtil: DeviceModeUtil.getDeviceMode():122 Get device mode phone by ui mode:1 and smallestScreenWidthDp:411
10-23 14:56:13.530  1575  1575 I DeviceModeUtil: DeviceModeUtil.getDeviceMode():122 Get device mode phone by ui mode:1 and smallestScreenWidthDp:411
10-23 14:56:13.530  1575  1575 I GoogleInputMethodService: GoogleInputMethodService.initializeKeyboardTheme():1343 Apply keyboard theme: theme_border_bottom4dp_stylesheet_noshadow_gsans_pillkey_silkpopup_refinedkp_materiallight_phone_400_overlay_builtin_dynamic_color_light_base.binarypb:dynamic-light-fff1f0f7-ffb2c5ff-734dbefe1e6f4840c010420f35e14fb0_port
10-23 14:56:13.551  1575  1618 I native  : I0000 00:00:1698072973.517937    1618 jni_decls.cc:111] nativeCreateUFC: 140302000827536
10-23 14:56:13.567  1348  1494 I NetworkScheduler.Stats: Task com.google.android.gms/com.google.android.gms.tapandpay.gcmtask.TapAndPayGcmTaskService started execution. cause:5 exec_start_elapsed_seconds: 113 [CONTEXT service_id=218 ]
10-23 14:56:13.567  1468  6035 I Icing   : Indexing done com.google.android.gms-internal.3p:MobileApplication
10-23 14:56:13.572  5669  6053 W BugleRcsEngine: [80] RcsEngineProxyImpl.initializeRcsEngineForBugle: RcsEngineProxyImpl:[5a4aaafb-1a0f]: enableRcsEngineInitializationByBugle is disabled, directly initializing new DUAL_REG RcsEngine
10-23 14:56:13.574  5669  6053 I BugleRcsEngine: [80] bqbp.a: Initializing Carrier Services Logging.
10-23 14:56:13.574  5669  6053 D BugleRcsEngine: log_saver already enabled
10-23 14:56:13.575  5669  6053 I BugleRcsEngine: [80] RcsEngineImpl.<init>: RcsEngine SipConnectionType set to DUAL_REG
10-23 14:56:13.575  5669  6053 I BugleRcsEngine: [80] RcsEngineImpl.<init>: RcsEngineImpl[DUAL_REG]:[51693a5f-370e]: instantiated in package: com.google.android.apps.messaging
10-23 14:56:13.584  5669  6059 I BugleRcsEngine: [83] bscg.c: SIM delay is not enabled
10-23 14:56:13.586  5669  6053 I BugleRcsEngine: [80] RcsEngineImpl.init: RcsEngineImpl[DUAL_REG]:[51693a5f-370e]: Initializing RcsEngine.
10-23 14:56:13.587  1468  6035 I Icing   : Indexing done com.google.android.gms-apps
10-23 14:56:13.588  1468  6035 I Icing   : Indexing com.google.android.gms-internal.3p:MobileApplication from com.google.android.gms
10-23 14:56:13.589  5669  6055 I BugleRcsEngine: [81] EventHubProxy.subscribe: Adding event listener brml@def405 for category 8 with key 14611461 for hub ENGINE
10-23 14:56:13.590  1468  6035 I Icing   : Indexing done com.google.android.gms-internal.3p:MobileApplication
10-23 14:56:13.595  5669  5706 I BugleRcsEngine: [49] ProvisioningEventReceiver.d: Received Provisioning Event: [Bugle information (100)]
10-23 14:56:13.599  5669  5706 I BugleRcsEngine: [49] ProvisioningEventReceiver.d: JibeService is running, passing event to provisioning engine.
10-23 14:56:13.602  1348  1500 I NetworkScheduler.Stats: Task com.google.android.gms/com.google.android.gms.tapandpay.gcmtask.TapAndPayGcmTaskService finished executing. cause:5 result: 1 elapsed_millis: 179 uptime_millis: 179 exec_start_elapsed_seconds: 113 [CONTEXT service_id=218 ]
10-23 14:56:13.603   524  2472 D ConnectivityService: requestNetwork for uid/pid:10122/5669 activeRequest: null callbackRequest: 144 [NetworkRequest [ REQUEST id=145, [ Capabilities: INTERNET&NOT_RESTRICTED&TRUSTED&NOT_VCN_MANAGED Uid: 10122 RequestorUid: 10122 RequestorPkg: com.google.android.apps.messaging UnderlyingNetworks: Null] ]] callback flags: 0 order: 2147483647
10-23 14:56:13.605  5669  6053 I BugleRcsEngine: [80] RcsEngineImpl.init: RcsEngineImpl[DUAL_REG]:[51693a5f-370e]: Initializing RBM resource permissions.
10-23 14:56:13.606   524   797 D ConnectivityService: NetReassign [145 : null  100] [c 0] [a 0] [i 2]
10-23 14:56:13.607  5669  6053 I BugleRcsEngine: [80] brga.s: ProvisioningEngineManager: onCsLibPhenotypeUpdated, provisioningTaskInBugleEnabled = true, currentProvisioningStrategy = brka
10-23 14:56:13.613   524   790 D WifiNetworkFactory: got request NetworkRequest [ REQUEST id=145, [ Capabilities: INTERNET&NOT_RESTRICTED&TRUSTED&NOT_VCN_MANAGED Uid: 10122 RequestorUid: 10122 RequestorPkg: com.google.android.apps.messaging UnderlyingNetworks: Null] ]
10-23 14:56:13.613   524   790 D UntrustedWifiNetworkFactory: got request NetworkRequest [ REQUEST id=145, [ Capabilities: INTERNET&NOT_RESTRICTED&TRUSTED&NOT_VCN_MANAGED Uid: 10122 RequestorUid: 10122 RequestorPkg: com.google.android.apps.messaging UnderlyingNetworks: Null] ]
10-23 14:56:13.613   524   790 D OemPaidWifiNetworkFactory: got request NetworkRequest [ REQUEST id=145, [ Capabilities: INTERNET&NOT_RESTRICTED&TRUSTED&NOT_VCN_MANAGED Uid: 10122 RequestorUid: 10122 RequestorPkg: com.google.android.apps.messaging UnderlyingNetworks: Null] ]
10-23 14:56:13.613  1575  1950 I SP      : Scheduling: download registered, 0 started, 0 paused, 1 scheduled, 1 pending: manifests:content_cache-2022112214 * {W:b:u:l, bg}
10-23 14:56:13.613   524   790 D MultiInternetWifiNetworkFactory: got request NetworkRequest [ REQUEST id=145, [ Capabilities: INTERNET&NOT_RESTRICTED&TRUSTED&NOT_VCN_MANAGED Uid: 10122 RequestorUid: 10122 RequestorPkg: com.google.android.apps.messaging UnderlyingNetworks: Null] ]
10-23 14:56:13.618  1575  1950 I SuperpacksManagerImpl: SuperpacksManagerImpl$3$1.onFailure():577 emoji.registerManifest() cancelled
10-23 14:56:13.619  5669  6053 I BugleRcsEngine: [80] RcsEngineProxyImpl.f: RcsEngineProxyImpl:[5a4aaafb-1a0f]: setting active RCS Engine to DUAL_REG instance
10-23 14:56:13.621  3911  3911 I ViewInteraction: Performing 'single click' action on view view.getId() is <2131230842/com.example.lunchtray:id/cancel_button>
10-23 14:56:13.627  5669  6053 D BugleRcsEngine: log_saver already enabled
10-23 14:56:13.630  1575  1618 I InputActionsUserFeatureProcessor: InputActionsUserFeatureProcessor.addToMetricsManager():119 addToMetricsManager: [SpatialStatsProcessor]
10-23 14:56:13.636  5669  6053 W BugleRcsEngine: [80] JibeService.b: JibeService: Ignoring start action: com.google.android.ims.SIM_LOADED
10-23 14:56:13.643  5669  5728 W BugleRcsEngine: [64] bpxk.i: Unable to send RCS extension log
10-23 14:56:13.643  5669  5728 W BugleRcsEngine: [64] bqun.run: ProvisioningEngineMetricsStorage, the wrapper class for proto data store, is null
10-23 14:56:13.644  5669  6055 W BugleRcsEngine: [81] brpi.b: Unable to send provisioning event log
10-23 14:56:13.647  5669  5706 I BugleRcsEngine: [49] ProvisioningEventReceiver.d: Received Provisioning Event: [Bugle information (100)]
10-23 14:56:13.647  5669  5706 I BugleRcsEngine: [49] ProvisioningEventReceiver.d: JibeService is running, passing event to provisioning engine.
10-23 14:56:13.651  5669  5729 I BugleRcsEngine: [65] bqvv.c: Connected state: [1], networkType: [WIFI]
10-23 14:56:13.652  5669  5729 I BugleRcsEngine: [65] bqvv.c: Connected state: [1], networkType: [WIFI]
10-23 14:56:13.669  5669  5706 I BugleRcsEngine: [49] ProvisioningEventReceiver.d: Received Provisioning Event: [Bugle information (100)]
10-23 14:56:13.669  5669  5706 I BugleRcsEngine: [49] ProvisioningEventReceiver.d: JibeService is running, passing event to provisioning engine.
10-23 14:56:13.686  5669  6061 I BugleRcsEngine: [84] brqh.handleMessage: RcsEngineImpl[DUAL_REG]:[51693a5f-370e]>Handler: handleMessage processing message:[NOTIFY_UPTIME_IGNORE_STATE_CHANGED] with [non-null]:RcsEngineImpl reference
10-23 14:56:13.691   413  1029 D audioserver: FGS Logger Transaction failed
10-23 14:56:13.691   413  1029 D audioserver: -129
10-23 14:56:13.692  1575  1950 I SP      : Scheduling: job start ({W:b:u:l, bg}), 1 started, 0 paused, 0 scheduled, 1 pending: manifests:content_cache-2022112214 @ * {W:b:u:l, bg}
10-23 14:56:13.696  1575  1950 I SP      : Requesting download of URL https://www.gstatic.com/android/keyboard/modelpack/contentcache/202211221443/superpacks_manifest.json to content_cache-2022112214.fetched (constraints: W:b:u:l)
10-23 14:56:13.697  1575  1706 I SpeechPackManager: SpeechPackManager.lambda$registerManifest$4():461 registerManifest() : Fetching hash 1327534105
10-23 14:56:13.701  1575  1950 W SP      : Manifest for delight is not available, version: 2023020919
10-23 14:56:13.702  1575  1638 I SuperDelight: SuperDelightManager.lambda$registerAndUpgradeSuperpacks$5():476 SuperDelightManager#registerAndUpgradeSuperpacks(delight): current 2022101700, required 2023020919
10-23 14:56:13.706  1575  1950 I SP      : Registering transformer_concept.2023011913, url: https://www.gstatic.com/android/keyboard/modelpack/transformer_concept/2023011913/superpacks_manifest.json, constraints: *:*:*:*, flags: *, requested: 2023011913, current: -1
10-23 14:56:13.707  5669  6059 I BugleRcsEngine: [83] bscd.o: (Sim): Processing an intent
10-23 14:56:13.707  5669  6059 I BugleRcsEngine: [83] bscd.z: (Sim): Ignoring duplicate SIM state: LOADED
10-23 14:56:13.714  1575  1950 I SP      : Registering delight.2023020919, url: https://www.gstatic.com/android/keyboard/dictionarypack/Omei-normal/metadata.json, constraints: m:*:*:*, flags: *, requested: 2023020919, current: 2022101700
10-23 14:56:13.715  1575  1950 I SP      : Registering dynamic_art.20220108, url: https://www.gstatic.com/android/keyboard/dynamic_art/20220108002302/manifest.json, constraints: *:*:*:*, flags: *, requested: 20220108, current: -1
10-23 14:56:13.715  1575  1950 I SP      : Registering content_cache.2022112214, url: https://www.gstatic.com/android/keyboard/modelpack/contentcache/202211221443/superpacks_manifest.json, constraints: W:*:*:*, flags: bg, requested: 2022112214, current: 2020101916
10-23 14:56:13.716  1575  1950 I SP      : Registering emoticon_content_description.2022081613, url: https://www.gstatic.com/android/keyboard/emoticon_content_desc/202208161305/superpacks_manifest.json, constraints: W:*:*:*, flags: bg, requested: 2022081613, current: 2022081613
10-23 14:56:13.722  5669  5730 I BugleRcsEngine: [66] bscg.c: SIM delay is not enabled
10-23 14:56:13.722  5669  5730 W BugleRcsEngine: [66] bscd.a: (Sim): process intent: android.intent.action.SIM_STATE_CHANGED
10-23 14:56:13.734  1575  6062 D TrafficStats: tagSocket(133) with statsTag=0xffffffff, statsUid=-1
10-23 14:56:13.737  5669  6059 I BugleRcsEngine: [83] bscd.o: (Sim): Processing an intent
10-23 14:56:13.737  5669  6059 I BugleRcsEngine: [83] bscd.z: (Sim): Ignoring duplicate SIM state: LOADED
10-23 14:56:13.738  5669  6061 I BugleRcsEngine: [84] brnl.h: RCS Configuration storage in Bugle is disabled by p/h flag, using ProvisioningEngineStateCacheUtil.getProvisioningConfigurationForGivenSimIfExist()
10-23 14:56:13.738  5669  6061 I BugleRcsEngine: [84] brqh.handleMessage: RcsEngineImpl[DUAL_REG]:[51693a5f-370e]>Handler: handleMessage processing message:[NOTIFY_UPTIME_IGNORE_STATE_CHANGED] with [non-null]:RcsEngineImpl reference
10-23 14:56:13.747  6047  6047 I dex2oat64: Using CollectorTypeCC GC.
10-23 14:56:13.753  1575  6062 W putmethod.latin: Accessing hidden method Lcom/android/org/conscrypt/ConscryptEngineSocket;->setUseSessionTickets(Z)V (max-target-q,core-platform-api, reflection, denied)
10-23 14:56:13.753  1575  6062 W putmethod.latin: Accessing hidden method Lcom/android/org/conscrypt/OpenSSLSocketImpl;->setUseSessionTickets(Z)V (max-target-q,core-platform-api, reflection, denied)
10-23 14:56:13.753  1575  6062 W putmethod.latin: Accessing hidden method Lcom/android/org/conscrypt/AbstractConscryptSocket;->setUseSessionTickets(Z)V (max-target-q, reflection, denied)
10-23 14:56:13.753  1575  6062 W putmethod.latin: Accessing hidden method Lcom/android/org/conscrypt/ConscryptEngineSocket;->setHostname(Ljava/lang/String;)V (max-target-q,core-platform-api, reflection, denied)
10-23 14:56:13.753  1575  6062 W putmethod.latin: Accessing hidden method Lcom/android/org/conscrypt/OpenSSLSocketImpl;->setHostname(Ljava/lang/String;)V (max-target-q,core-platform-api, reflection, denied)
10-23 14:56:13.753  1575  6062 W putmethod.latin: Accessing hidden method Lcom/android/org/conscrypt/AbstractConscryptSocket;->setHostname(Ljava/lang/String;)V (max-target-q, reflection, denied)
10-23 14:56:13.753  1575  6062 W putmethod.latin: Accessing hidden method Lcom/android/org/conscrypt/OpenSSLSocketImpl;->setAlpnProtocols([B)V (max-target-q,core-platform-api, reflection, denied)
10-23 14:56:13.753  1575  6062 W putmethod.latin: Accessing hidden method Lcom/android/org/conscrypt/AbstractConscryptSocket;->setAlpnProtocols([B)V (max-target-q, reflection, denied)
10-23 14:56:13.768  5669  6061 I BugleRcsEngine: [84] brnl.h: RCS Configuration storage in Bugle is disabled by p/h flag, using ProvisioningEngineStateCacheUtil.getProvisioningConfigurationForGivenSimIfExist()
10-23 14:56:13.779  1575  6062 W putmethod.latin: Accessing hidden method Lcom/android/org/conscrypt/OpenSSLSocketImpl;->getAlpnSelectedProtocol()[B (max-target-q,core-platform-api, reflection, denied)
10-23 14:56:13.787  1575  6062 W putmethod.latin: Accessing hidden method Lcom/android/org/conscrypt/AbstractConscryptSocket;->getAlpnSelectedProtocol()[B (max-target-q, reflection, denied)
10-23 14:56:13.830  1575  1950 I SP      : Registering gboard-small-speech-packs.1327534105, url: https://dl.google.com/android/voice/gboard/terse/superpacks-manifest-20210519.json, constraints: m:b:*:*, flags: *, requested: 1327534105, current: 758538843
10-23 14:56:13.832  1575  1618 I PlayCore: UID: [10137]  PID: [1575] SplitInstallService : deferredInstall([tenoranimation_feature_split])
10-23 14:56:13.839  1617  4951 D TrafficStats: tagSocket(5) with statsTag=0xffffffff, statsUid=-1
10-23 14:56:13.842  1468  6035 I Icing   : Indexing com.google.android.gms-internal.3p:MobileApplication from com.google.android.gms
10-23 14:56:13.851  6047  6047 I dex2oat64: Large app, accepted running with swap.
10-23 14:56:13.853  1575  6067 I PlayCore: UID: [10137]  PID: [1575] SplitInstallService : Initiate binding to the service.
10-23 14:56:13.866  1575  1584 I putmethod.latin: Background young concurrent copying GC freed 149271(5943KB) AllocSpace objects, 6(312KB) LOS objects, 25% free, 12MB/16MB, paused 82us,14us total 231.392ms
10-23 14:56:13.868  1575  1586 W SP      : File ref is being finalized but wasn't closed, file: main_en_us_2022101700_1[2]
10-23 14:56:13.869  1575  1586 W SP      : File ref is being finalized but wasn't closed, file: main_en_us_2022051700_2[2]
10-23 14:56:13.878   413   476 D audioserver: FGS Logger Transaction failed
10-23 14:56:13.878   413   476 D audioserver: -129
10-23 14:56:13.884  1468  6035 I Icing   : Indexing done com.google.android.gms-internal.3p:MobileApplication
10-23 14:56:13.885  1468  6035 I Icing   : Indexing com.google.android.gms-apps from com.google.android.gms
10-23 14:56:13.903  1468  6035 I Icing   : Indexing done com.google.android.gms-apps
10-23 14:56:13.903  1468  6035 I Icing   : Indexing com.google.android.gms-internal.3p:MobileApplication from com.google.android.gms
10-23 14:56:13.906  1468  6035 I Icing   : Indexing done com.google.android.gms-internal.3p:MobileApplication
10-23 14:56:13.938  1575  1950 I SP      : Scheduling: download registered, 0 started, 0 paused, 0 scheduled, 1 pending: manifests:content_cache-2022112214 @ {W:b:u:l, bg}
10-23 14:56:13.938  1575  1950 I SP      : Registering delight.2023020919, url: https://www.gstatic.com/android/keyboard/dictionarypack/Omei-normal/metadata.json, constraints: m:*:*:*, flags: *, requested: 2023020919, current: 2022101700
10-23 14:56:13.938  1575  1950 I SP      : Requesting download of URL https://www.gstatic.com/android/keyboard/modelpack/transformer_concept/2023011913/superpacks_manifest.json to transformer_concept-2023011913.fetched (constraints: m:b:u:l)
10-23 14:56:13.939  1575  1950 I SP      : Requesting download of URL https://www.gstatic.com/android/keyboard/dictionarypack/Omei-normal/metadata.json to delight-2023020919.fetched (constraints: m:b:u:l)
10-23 14:56:13.939  1575  1950 I SP      : Requesting download of URL https://www.gstatic.com/android/keyboard/dynamic_art/20220108002302/manifest.json to dynamic_art-20220108.fetched (constraints: m:b:u:l)
10-23 14:56:13.939  1575  1950 I SuperpacksManagerImpl: SuperpacksManagerImpl$3$1.onFailure():577 content_cache.registerManifest() cancelled
10-23 14:56:13.940  1468  6035 I Icing   : Indexing com.google.android.gms-apps from com.google.android.gms
10-23 14:56:13.954  1468  1477 W gle.android.gms: Suspending all threads took: 5.154ms
10-23 14:56:13.961  1348  1360 I .gms.persistent: Background young concurrent copying GC freed 162042(6741KB) AllocSpace objects, 11(2168KB) LOS objects, 20% free, 27MB/34MB, paused 21us,15us total 402.258ms
10-23 14:56:13.971  1468  1477 I gle.android.gms: Background young concurrent copying GC freed 163403(9090KB) AllocSpace objects, 29(900KB) LOS objects, 31% free, 18MB/27MB, paused 32us,5.389ms total 162.123ms
10-23 14:56:13.980  1575  1637 I AbstractSyncResultCallback: AbstractSyncResultCallback.onFailure():36 onFailure(): delight.sync cancelled; expected if new request supersedes pending one.
10-23 14:56:14.004  1468  6035 I Icing   : Indexing done com.google.android.gms-apps
10-23 14:56:14.008  1468  6035 I Icing   : Indexing com.google.android.gms-internal.3p:MobileApplication from com.google.android.gms
10-23 14:56:14.019  1468  6035 I Icing   : Indexing done com.google.android.gms-internal.3p:MobileApplication
10-23 14:56:14.023  1575  1950 I SP      : Requesting download of URL https://dl.google.com/android/voice/gboard/terse/superpacks-manifest-20210519.json to gboard-small-speech-packs-1327534105.fetched (constraints: m:b:u:l)
10-23 14:56:14.024  1575  1950 I SuperpacksManagerImpl: SuperpacksManagerImpl$3$1.onFailure():577 delight.registerManifest() cancelled
10-23 14:56:14.024  1575  1950 I SP      : <==== Finishing job {W:b:u:l, bg}, 528 ms. elapsed since start
10-23 14:56:14.024  1575  1950 I SP      : Download stopped: manifests:content_cache-2022112214, succeeded, size: 797
10-23 14:56:14.038  1348  1348 W SystemServiceRegistry: No service published for: persistent_data_block
10-23 14:56:14.063  3911  3911 I ViewInteraction: Performing 'single click' action on view view.getId() is <2131231208/com.example.lunchtray:id/start_order_btn>
10-23 14:56:14.077  1575  1637 I SuperDelight: SuperDelightManager$2.onSuccess():635 delight sync success, adding to data file manager
10-23 14:56:14.077  1575  1637 I DataFileManager: DataFileManager.addDataWithoutNotify():162 data en-US already exists
10-23 14:56:14.085  3911  4251 D EGL_emulation: app_time_stats: avg=21.28ms min=0.91ms max=206.02ms count=45
10-23 14:56:14.093  1575  1925 I ManagedDeviceCheckModule: ManagedDeviceCheckModule$1.onSuccess():64 notifyUnmanagedDeviceStatusChanged(): unmanagedDevice=false
10-23 14:56:14.124   413  1029 D audioserver: FGS Logger Transaction failed
10-23 14:56:14.124   413  1029 D audioserver: -129
10-23 14:56:14.138  1575  1950 I SP      : Syncing emoticon_content_description (2022081613) with slices: [7a635888cb828dfa2fc744b7b9b50f04], metadata: false
10-23 14:56:14.174  1535  1549 I .apps.wellbeing: Background young concurrent copying GC freed 62525(2982KB) AllocSpace objects, 0(0B) LOS objects, 28% free, 6927KB/9654KB, paused 364us,7us total 134.030ms
10-23 14:56:14.307   413   476 D audioserver: FGS Logger Transaction failed
10-23 14:56:14.307   413   476 D audioserver: -129
10-23 14:56:14.405  1468  6035 I Icing   : Indexing com.google.android.gms-apps from com.google.android.gms
10-23 14:56:14.422  3911  3911 I ViewInteraction: Checking 'MatchesViewAssertion{viewMatcher=(view has effective visibility <VISIBLE> and view.getGlobalVisibleRect() to return non-empty rectangle)}' assertion on view an instance of android.widget.TextView and view.getText() with or without transformation to match: is "Subtotal: $0.00"
10-23 14:56:14.423  3911  4165 I TestRunner: finished: test08_order_reset_after_cancel_from_accompaniment_menu(com.example.lunchtray.OrderFunctionalityTests)
