10-23 14:55:52.627  3911  3911 V ActivityScenario: Update currentActivityStage to CREATED, currentActivity=androidx.fragment.app.testing.FragmentScenario$EmptyFragmentActivity@8aa099a
10-23 14:55:52.627  3911  3911 V ActivityScenario: Update currentActivityStage to CREATED, currentActivity=androidx.fragment.app.testing.FragmentScenario$EmptyFragmentActivity@8aa099a
10-23 14:55:52.627  3911  3911 V ActivityScenario: Update currentActivityStage to CREATED, currentActivity=androidx.fragment.app.testing.FragmentScenario$EmptyFragmentActivity@8aa099a
10-23 14:55:52.627  3911  3911 V ActivityScenario: Update currentActivityStage to CREATED, currentActivity=androidx.fragment.app.testing.FragmentScenario$EmptyFragmentActivity@8aa099a
10-23 14:55:52.632  3911  3911 D LifecycleMonitor: Lifecycle status change: androidx.fragment.app.testing.FragmentScenario$EmptyFragmentActivity@8aa099a in: STARTED
10-23 14:55:52.633  3911  3911 V ActivityScenario: Update currentActivityStage to STARTED, currentActivity=androidx.fragment.app.testing.FragmentScenario$EmptyFragmentActivity@8aa099a
10-23 14:55:52.633  3911  3911 V ActivityScenario: Update currentActivityStage to STARTED, currentActivity=androidx.fragment.app.testing.FragmentScenario$EmptyFragmentActivity@8aa099a
10-23 14:55:52.633  3911  3911 V ActivityScenario: Update currentActivityStage to STARTED, currentActivity=androidx.fragment.app.testing.FragmentScenario$EmptyFragmentActivity@8aa099a
10-23 14:55:52.633  3911  3911 V ActivityScenario: Update currentActivityStage to STARTED, currentActivity=androidx.fragment.app.testing.FragmentScenario$EmptyFragmentActivity@8aa099a
10-23 14:55:52.633  3911  3911 V ActivityScenario: Update currentActivityStage to STARTED, currentActivity=androidx.fragment.app.testing.FragmentScenario$EmptyFragmentActivity@8aa099a
10-23 14:55:52.633  3911  3911 V ActivityScenario: Update currentActivityStage to STARTED, currentActivity=androidx.fragment.app.testing.FragmentScenario$EmptyFragmentActivity@8aa099a
10-23 14:55:52.634  3911  3911 V ActivityScenario: Update currentActivityStage to STARTED, currentActivity=androidx.fragment.app.testing.FragmentScenario$EmptyFragmentActivity@8aa099a
10-23 14:55:52.634  3911  3911 V ActivityScenario: Update currentActivityStage to STARTED, currentActivity=androidx.fragment.app.testing.FragmentScenario$EmptyFragmentActivity@8aa099a
10-23 14:55:52.634  3911  3911 V ActivityScenario: Update currentActivityStage to STARTED, currentActivity=androidx.fragment.app.testing.FragmentScenario$EmptyFragmentActivity@8aa099a
10-23 14:55:52.634  3911  3911 V ActivityScenario: Update currentActivityStage to STARTED, currentActivity=androidx.fragment.app.testing.FragmentScenario$EmptyFragmentActivity@8aa099a
10-23 14:55:52.634  3911  3911 V ActivityScenario: Update currentActivityStage to STARTED, currentActivity=androidx.fragment.app.testing.FragmentScenario$EmptyFragmentActivity@8aa099a
10-23 14:55:52.638  3911  3911 V ActivityScenario: Update currentActivityStage to STARTED, currentActivity=androidx.fragment.app.testing.FragmentScenario$EmptyFragmentActivity@8aa099a
10-23 14:55:52.638  3911  3911 V ActivityScenario: Update currentActivityStage to STARTED, currentActivity=androidx.fragment.app.testing.FragmentScenario$EmptyFragmentActivity@8aa099a
10-23 14:55:52.641  3911  3911 D LifecycleMonitor: Lifecycle status change: androidx.fragment.app.testing.FragmentScenario$EmptyFragmentActivity@8aa099a in: RESUMED
10-23 14:55:52.641  3911  3911 V ActivityScenario: Update currentActivityStage to RESUMED, currentActivity=androidx.fragment.app.testing.FragmentScenario$EmptyFragmentActivity@8aa099a
10-23 14:55:52.641  3911  3911 V ActivityScenario: Update currentActivityStage to RESUMED, currentActivity=androidx.fragment.app.testing.FragmentScenario$EmptyFragmentActivity@8aa099a
10-23 14:55:52.642  3911  3911 V ActivityScenario: Update currentActivityStage to RESUMED, currentActivity=androidx.fragment.app.testing.FragmentScenario$EmptyFragmentActivity@8aa099a
10-23 14:55:52.642  3911  3911 V ActivityScenario: Update currentActivityStage to RESUMED, currentActivity=androidx.fragment.app.testing.FragmentScenario$EmptyFragmentActivity@8aa099a
10-23 14:55:52.642  3911  3911 V ActivityScenario: Update currentActivityStage to RESUMED, currentActivity=androidx.fragment.app.testing.FragmentScenario$EmptyFragmentActivity@8aa099a
10-23 14:55:52.642  3911  3911 V ActivityScenario: Update currentActivityStage to RESUMED, currentActivity=androidx.fragment.app.testing.FragmentScenario$EmptyFragmentActivity@8aa099a
10-23 14:55:52.642  3911  3911 V ActivityScenario: Update currentActivityStage to RESUMED, currentActivity=androidx.fragment.app.testing.FragmentScenario$EmptyFragmentActivity@8aa099a
10-23 14:55:52.642  3911  3911 V ActivityScenario: Update currentActivityStage to RESUMED, currentActivity=androidx.fragment.app.testing.FragmentScenario$EmptyFragmentActivity@8aa099a
10-23 14:55:52.642  3911  3911 V ActivityScenario: Update currentActivityStage to RESUMED, currentActivity=androidx.fragment.app.testing.FragmentScenario$EmptyFragmentActivity@8aa099a
10-23 14:55:52.642  3911  3911 V ActivityScenario: Update currentActivityStage to RESUMED, currentActivity=androidx.fragment.app.testing.FragmentScenario$EmptyFragmentActivity@8aa099a
10-23 14:55:52.642  3911  3911 V ActivityScenario: Update currentActivityStage to RESUMED, currentActivity=androidx.fragment.app.testing.FragmentScenario$EmptyFragmentActivity@8aa099a
10-23 14:55:52.643  3911  3911 V ActivityScenario: Update currentActivityStage to RESUMED, currentActivity=androidx.fragment.app.testing.FragmentScenario$EmptyFragmentActivity@8aa099a
10-23 14:55:52.643  3911  3911 V ActivityScenario: Update currentActivityStage to RESUMED, currentActivity=androidx.fragment.app.testing.FragmentScenario$EmptyFragmentActivity@8aa099a
10-23 14:55:52.643   870   888 W System  : A resource failed to call release.
10-23 14:55:52.643   870   888 W System  : A resource failed to call release.
10-23 14:55:52.645   870   888 W System  : A resource failed to call release.
10-23 14:55:52.645   870   888 W System  : A resource failed to call release.
10-23 14:55:52.645   870   888 W System  : A resource failed to call release.
10-23 14:55:52.645   870   888 W System  : A resource failed to call release.
10-23 14:55:52.645   870   888 W System  : A resource failed to call release.
10-23 14:55:52.645   870   888 W System  : A resource failed to call release.
10-23 14:55:52.645   870   888 W System  : A resource failed to call release.
10-23 14:55:52.645   870   888 W System  : A resource failed to call release.
10-23 14:55:52.645   870   888 W System  : A resource failed to call release.
10-23 14:55:52.645   870   888 W System  : A resource failed to call release.
10-23 14:55:52.645   870   888 W System  : A resource failed to call release.
10-23 14:55:52.645   870   888 W System  : A resource failed to call release.
10-23 14:55:52.653   870   888 W System  : A resource failed to call release.
10-23 14:55:52.653   870   888 W System  : A resource failed to call release.
10-23 14:55:52.653   870   888 W System  : A resource failed to call release.
10-23 14:55:52.653   870   888 W System  : A resource failed to call release.
10-23 14:55:52.653   870   888 W System  : A resource failed to call release.
10-23 14:55:52.653   870   888 W System  : A resource failed to call release.
10-23 14:55:52.653   870   888 W System  : A resource failed to call release.
10-23 14:55:52.653   870   888 W System  : A resource failed to call release.
10-23 14:55:52.653   870   888 W System  : A resource failed to call release.
10-23 14:55:52.653   870   888 W System  : A resource failed to call release.
10-23 14:55:52.653   870   888 W System  : A resource failed to call release.
10-23 14:55:52.653   870   888 W System  : A resource failed to call release.
10-23 14:55:52.653   870   888 W System  : A resource failed to call release.
10-23 14:55:52.653   870   888 W System  : A resource failed to call release.
10-23 14:55:52.653   870   888 W System  : A resource failed to call release.
10-23 14:55:52.653   870   888 W System  : A resource failed to call release.
10-23 14:55:52.653   870   888 W System  : A resource failed to call release.
10-23 14:55:52.653   870   888 W System  : A resource failed to call release.
10-23 14:55:52.653   870   888 W System  : A resource failed to call release.
10-23 14:55:52.654   870   888 W System  : A resource failed to call release.
10-23 14:55:52.654   870   888 W System  : A resource failed to call release.
10-23 14:55:52.654   870   888 W System  : A resource failed to call release.
10-23 14:55:52.654   870   888 W System  : A resource failed to call release.
10-23 14:55:52.663  1657  1657 I AiAiEcho: AppFetcherImpl onPackageChanged com.android.vending.
10-23 14:55:52.666  5175  5264 I Bugle   : Upgrading shared prefs from -1 to 2
10-23 14:55:52.667  1657  3692 I AiAiEcho: AppIndexer Package:[com.android.vending] UserProfile:[0] Enabled:[true].
10-23 14:55:52.667  1657  3692 I AiAiEcho: AppFetcherImplV2 updateApps package:[com.android.vending], userId:[0], reason:[package is updated.].
10-23 14:55:52.677   870   947 E OpenGLRenderer: Unable to match the desired swap behavior.
10-23 14:55:52.680  5175  5254 I BugleRcsEngine: [42] bscg.c: SIM delay is not enabled
10-23 14:55:52.680  5175  5254 W BugleRcsEngine: [42] bscd.a: (Sim): process intent: android.intent.action.SIM_STATE_CHANGED
10-23 14:55:52.693  3911  4251 E OpenGLRenderer: Unable to match the desired swap behavior.
10-23 14:55:52.697  5175  5655 I BugleRcsEngine: [71] bscd.o: (Sim): Processing an intent
10-23 14:55:52.697  5175  5655 I BugleRcsEngine: [71] bscd.z: (Sim): SIM state LOADED
10-23 14:55:52.728  5175  5264 I BugleBackup: Registering preference change listener for "buglesub_1".
10-23 14:55:52.734   870   947 D EGL_emulation: app_time_stats: avg=457.55ms min=1.62ms max=3447.96ms count=8
10-23 14:55:52.734   524   544 W ziparchive: Unable to open '/data/app/~~l7Rq4SQe7Y9FzOfn2-YRbQ==/com.example.lunchtray-gbGN8hPxDqDvdbmHMgLHzQ==/base.dm': No such file or directory
10-23 14:55:52.766  5175  5655 I BugleRcsEngine: [71] bsgz.b: EngineBroadcaster: Broadcasting provisioning intent rcs.intent.action.rcsSimSwap to Bugle with extras redacted-pii:[chars:86] from source SIM_STATE_TRACKER
10-23 14:55:52.769  5175  5658 D BugleRcsEngine: log_saver already enabled
10-23 14:55:52.770  5175  5357 D BugleRcsEngine: log_saver already enabled
10-23 14:55:52.772   524   544 I ActivityTaskManager: Displayed com.example.lunchtray/androidx.fragment.app.testing.FragmentScenario$EmptyFragmentActivity for user 0: +248ms
10-23 14:55:52.784  5175  5655 I BugleRcsEngine: [71] bscd.z: (Sim): SIM changed: true. current id: redacted-pii:sim_id[chars:20,last3:897]; stored id: redacted-pii:sim_id[chars:0,last3:]; isFiDevice: false; subId: 1; slotIndex: 0
10-23 14:55:52.786  5175  5253 W Bugle   : TextClassifierLibManagerImpl: Reclaiming memory at level: 40
10-23 14:55:52.786  5175  5253 W Bugle   : TextClassifierLibManagerImpl: Reclaiming memory at level: 40
10-23 14:55:52.800  5175  5274 I Bugle   : BugleStartup: Initializing RCS availability...
10-23 14:55:52.828   524   555 E system_server: No package ID 7f found for resource ID 0x7f080107.
10-23 14:55:52.828   524   555 E system_server: No package ID 7f found for resource ID 0x7f150560.
10-23 14:55:52.838  1657  1657 I AiAiEcho: AppFetcherImpl onPackageChanged com.google.android.as.
10-23 14:55:52.846  1657  3689 I AiAiEcho: AppIndexer Package:[com.google.android.as] UserProfile:[0] Enabled:[true].
10-23 14:55:52.847  1657  3689 I AiAiEcho: AppFetcherImplV2 updateApps package:[com.google.android.as], userId:[0], reason:[package is updated.].
10-23 14:55:52.847  1657  1657 I AiAiEcho: AppFetcherImpl onPackageChanged com.google.android.contacts.
10-23 14:55:52.850  1657  3689 I AiAiEcho: AppIndexer Package:[com.google.android.contacts] UserProfile:[0] Enabled:[true].
10-23 14:55:52.850  1657  3689 I AiAiEcho: AppFetcherImplV2 updateApps package:[com.google.android.contacts], userId:[0], reason:[package is updated.].
10-23 14:55:52.871  5175  5655 I BugleRcsEngine: [71] bscd.z: (Sim): Skipping writing subId because this is main bugle process.
10-23 14:55:52.873   524  2037 I ImeTracker: com.example.lunchtray:1f20a488: onRequestHide at ORIGIN_SERVER_HIDE_INPUT reason HIDE_UNSPECIFIED_WINDOW
10-23 14:55:52.873   524  2037 I ImeTracker: com.example.lunchtray:1f20a488: onCancelled at PHASE_SERVER_SHOULD_HIDE
10-23 14:55:52.875  1575  1575 I GoogleInputMethodService: GoogleInputMethodService.onFinishInput():3227
10-23 14:55:52.876  1575  1575 I GoogleInputMethodService: GoogleInputMethodService.updateDeviceLockedStatus():2087 repeatCheckTimes = 0, unlocked = true
10-23 14:55:52.876  1575  1575 I GoogleInputMethodService: GoogleInputMethodService.onStartInput():1877 onStartInput(EditorInfo{inputType=0x0(NULL) imeOptions=0x0 privateImeOptions=null actionName=UNSPECIFIED actionLabel=null actionId=0 initialSelStart=-1 initialSelEnd=-1 initialCapsMode=0x0 hintText=null label=null packageName=com.example.lunchtray fieldId=0 fieldName=null extras=null}, false)
10-23 14:55:52.877  1575  1575 I GoogleInputMethodService: GoogleInputMethodService.shouldHideHeaderOnInitialState():4008 ShouldHideHeaderOnInitialState = false
10-23 14:55:52.877  1575  1575 I GoogleInputMethodService: GoogleInputMethodService.updateDeviceLockedStatus():2087 repeatCheckTimes = 2, unlocked = true
10-23 14:55:52.879  5175  5655 I BugleRcsEngine: [71] bscd.z: (Sim): Updated SIM info: currentSimId: redacted-pii:sim_id[chars:20,last3:897]; imsi: redacted-pii:imsi[chars:15]; rawMsisdn: redacted-pii:phone_number[chars:12,last2:67]; formattedMsisdn: redacted-pii:phone_number[chars:0,last2:]; mccmnc: redacted-pii:sim_operator[chars:6]; gid1: redacted-pii:sim_gid[chars:0]; isFiDevice: false; subId: 1; slotIndex: 0
10-23 14:55:52.879  5175  5655 I BugleRcsEngine: [71] bscd.z: (Sim): First update of the SIM info.
10-23 14:55:52.901  5175  5655 I BugleRcsEngine: [71] bscd.I: (Sim): Broadcasting Intent { act=com.google.android.ims.SIM_LOADED (has extras) }
10-23 14:55:52.906  5175  5175 I Bugle   : SimChangeReceiver: action: com.google.android.ims.SIM_LOADED
10-23 14:55:52.915  3911  3911 I ViewInteraction: Performing 'single click' action on view view.getId() is <2131230835/com.example.lunchtray:id/bread>
10-23 14:55:52.951  5175  5655 I BugleRcsEngine: [71] bscd.o: (Sim): Processing an intent
10-23 14:55:52.951  5175  5655 I BugleRcsEngine: [71] bscd.z: (Sim): Ignoring duplicate SIM state: LOADED
10-23 14:55:52.988  1657  1657 I AiAiEcho: AppFetcherImpl onPackageChanged com.google.android.gms.
10-23 14:55:52.989  1657  2944 I AiAiEcho: AppIndexer Package:[com.google.android.gms] UserProfile:[0] Enabled:[true].
10-23 14:55:52.990  1657  2944 I AiAiEcho: AppFetcherImplV2 updateApps package:[com.google.android.gms], userId:[0], reason:[package is updated.].
10-23 14:55:53.007  5175  5296 I Bugle   : RcsAvailabilityUtilForProvisioningEngineV2: updateAvailabilityAsync, hint: NO_HINT
10-23 14:55:53.007  5175  5296 I BugleRcsProvisioning: RcsAvailabilityUpdaterLocal: updateAvailabilityAsync: scheduling updateRcsAvailability call, hint: NO_HINT, enableWelcomePopupWithoutGoogleTos: false, reshowSuccessPopup: false
10-23 14:55:53.010  5175  5274 I Bugle   : RcsAvailabilityUtilForProvisioningEngineV2: updateAvailabilityAsync, hint: NO_HINT
10-23 14:55:53.010  5175  5274 I BugleRcsProvisioning: RcsAvailabilityUpdaterLocal: updateAvailabilityAsync: scheduling updateRcsAvailability call, hint: NO_HINT, enableWelcomePopupWithoutGoogleTos: false, reshowSuccessPopup: false
10-23 14:55:53.010  5175  5274 I Bugle   : BugleStartup: Done with RCS availability.
10-23 14:55:53.010  5175  5274 I Bugle   : BugleStartup: Done initializing with enabled individual init failures.
10-23 14:55:53.011  1132  1972 D EGL_emulation: app_time_stats: avg=29.64ms min=1.40ms max=293.60ms count=22
10-23 14:55:53.025  4579  4851 E MendelPackageState: Failed to fetch after encountering old config
10-23 14:55:53.025  4579  4851 E MendelPackageState: avhi: Timed out (timeout delayed by 12 ms after scheduled time): avgj@2422093[status=PENDING, info=[delegate=[avdv@c6d8d0[status=PENDING, info=[inputFuture=[zip@b99e0c9[status=PENDING, info=[ryc@77823ce]]], exceptionType=[class rdo], fallback=[abng@86432ef]]]]]]
10-23 14:55:53.025  4579  4851 E MendelPackageState: 	at tk_trace.PhenotypeApi.getConfigurationSnapshot(Unknown Source:0)
10-23 14:55:53.025  4579  4851 E MendelPackageState: 	at tk_trace.Fetching experiments for device(Unknown Source:0)
10-23 14:55:53.025  4579  4851 E MendelPackageState: 	at tk_trace.Application.onCreate(Unknown Source:0)
10-23 14:55:53.025  4579  4851 E MendelPackageState: 	at tk_trace.Application creation(Unknown Source:0)
10-23 14:55:53.025  4579  4851 E MendelPackageState: 	Suppressed: arrb:
10-23 14:55:53.025  4579  4851 E MendelPackageState: 		at tk_trace.PhenotypeApi.getConfigurationSnapshot(unfinished)(Unknown Source:0)
10-23 14:55:53.026  4579  4834 E MendelPackageState: Failed to fetch after encountering old config
10-23 14:55:53.026  4579  4834 E MendelPackageState: avhi: Timed out: avgj@e08b1fc[status=PENDING, info=[delegate=[avdv@4d6c085[status=PENDING, info=[inputFuture=[zip@9f6aeda[status=PENDING, info=[ryc@deb0f0b]]], exceptionType=[class rdo], fallback=[abng@86432ef]]]]]]
10-23 14:55:53.026  4579  4834 E MendelPackageState: 	at tk_trace.PhenotypeApi.getConfigurationSnapshot(Unknown Source:0)
10-23 14:55:53.026  4579  4834 E MendelPackageState: 	at tk_trace.Fetching experiments for device(Unknown Source:0)
10-23 14:55:53.026  4579  4834 E MendelPackageState: 	at tk_trace.Application.onCreate(Unknown Source:0)
10-23 14:55:53.026  4579  4834 E MendelPackageState: 	at tk_trace.Application creation(Unknown Source:0)
10-23 14:55:53.026  4579  4834 E MendelPackageState: 	Suppressed: arrb:
10-23 14:55:53.026  4579  4834 E MendelPackageState: 		at tk_trace.PhenotypeApi.getConfigurationSnapshot(unfinished)(Unknown Source:0)
10-23 14:55:53.027  3911  3911 D LifecycleMonitor: Lifecycle status change: androidx.test.core.app.InstrumentationActivityInvoker$BootstrapActivity@44eebb7 in: STOPPED
10-23 14:55:53.029  3911  3911 V ActivityScenario: Activity lifecycle changed event received but ignored because the intent does not match. startActivityIntent=Intent { act=android.intent.action.MAIN cat=[android.intent.category.LAUNCHER] cmp=com.example.lunchtray/androidx.fragment.app.testing.FragmentScenario$EmptyFragmentActivity (has extras) }, activity.getIntent()=Intent { act=android.intent.action.MAIN cat=[android.intent.category.LAUNCHER] flg=0x10008000 cmp=com.example.lunchtray/androidx.test.core.app.InstrumentationActivityInvoker$BootstrapActivity (has extras) }, activity=androidx.test.core.app.InstrumentationActivityInvoker$BootstrapActivity@44eebb7
10-23 14:55:53.029  3911  3911 V ActivityScenario: Activity lifecycle changed event received but ignored because the intent does not match. startActivityIntent=Intent { act=android.intent.action.MAIN cat=[android.intent.category.LAUNCHER] cmp=com.example.lunchtray/androidx.fragment.app.testing.FragmentScenario$EmptyFragmentActivity (has extras) }, activity.getIntent()=Intent { act=android.intent.action.MAIN cat=[android.intent.category.LAUNCHER] flg=0x10008000 cmp=com.example.lunchtray/androidx.test.core.app.InstrumentationActivityInvoker$BootstrapActivity (has extras) }, activity=androidx.test.core.app.InstrumentationActivityInvoker$BootstrapActivity@44eebb7
10-23 14:55:53.029  3911  3911 V ActivityScenario: Activity lifecycle changed event received but ignored because the intent does not match. startActivityIntent=Intent { act=android.intent.action.MAIN cat=[android.intent.category.LAUNCHER] cmp=com.example.lunchtray/androidx.fragment.app.testing.FragmentScenario$EmptyFragmentActivity (has extras) }, activity.getIntent()=Intent { act=android.intent.action.MAIN cat=[android.intent.category.LAUNCHER] flg=0x10008000 cmp=com.example.lunchtray/androidx.test.core.app.InstrumentationActivityInvoker$BootstrapActivity (has extras) }, activity=androidx.test.core.app.InstrumentationActivityInvoker$BootstrapActivity@44eebb7
10-23 14:55:53.030  3911  3911 V ActivityScenario: Activity lifecycle changed event received but ignored because the intent does not match. startActivityIntent=Intent { act=android.intent.action.MAIN cat=[android.intent.category.LAUNCHER] cmp=com.example.lunchtray/androidx.fragment.app.testing.FragmentScenario$EmptyFragmentActivity (has extras) }, activity.getIntent()=Intent { act=android.intent.action.MAIN cat=[android.intent.category.LAUNCHER] flg=0x10008000 cmp=com.example.lunchtray/androidx.test.core.app.InstrumentationActivityInvoker$BootstrapActivity (has extras) }, activity=androidx.test.core.app.InstrumentationActivityInvoker$BootstrapActivity@44eebb7
10-23 14:55:53.030  3911  3911 V ActivityScenario: Activity lifecycle changed event received but ignored because the intent does not match. startActivityIntent=Intent { act=android.intent.action.MAIN cat=[android.intent.category.LAUNCHER] cmp=com.example.lunchtray/androidx.fragment.app.testing.FragmentScenario$EmptyFragmentActivity (has extras) }, activity.getIntent()=Intent { act=android.intent.action.MAIN cat=[android.intent.category.LAUNCHER] flg=0x10008000 cmp=com.example.lunchtray/androidx.test.core.app.InstrumentationActivityInvoker$BootstrapActivity (has extras) }, activity=androidx.test.core.app.InstrumentationActivityInvoker$BootstrapActivity@44eebb7
10-23 14:55:53.030  3911  3911 V ActivityScenario: Activity lifecycle changed event received but ignored because the intent does not match. startActivityIntent=Intent { act=android.intent.action.MAIN cat=[android.intent.category.LAUNCHER] cmp=com.example.lunchtray/androidx.fragment.app.testing.FragmentScenario$EmptyFragmentActivity (has extras) }, activity.getIntent()=Intent { act=android.intent.action.MAIN cat=[android.intent.category.LAUNCHER] flg=0x10008000 cmp=com.example.lunchtray/androidx.test.core.app.InstrumentationActivityInvoker$BootstrapActivity (has extras) }, activity=androidx.test.core.app.InstrumentationActivityInvoker$BootstrapActivity@44eebb7
10-23 14:55:53.030  3911  3911 V ActivityScenario: Activity lifecycle changed event received but ignored because the intent does not match. startActivityIntent=Intent { act=android.intent.action.MAIN cat=[android.intent.category.LAUNCHER] cmp=com.example.lunchtray/androidx.fragment.app.testing.FragmentScenario$EmptyFragmentActivity (has extras) }, activity.getIntent()=Intent { act=android.intent.action.MAIN cat=[android.intent.category.LAUNCHER] flg=0x10008000 cmp=com.example.lunchtray/androidx.test.core.app.InstrumentationActivityInvoker$BootstrapActivity (has extras) }, activity=androidx.test.core.app.InstrumentationActivityInvoker$BootstrapActivity@44eebb7
10-23 14:55:53.030  3911  3911 V ActivityScenario: Activity lifecycle changed event received but ignored because the intent does not match. startActivityIntent=Intent { act=android.intent.action.MAIN cat=[android.intent.category.LAUNCHER] cmp=com.example.lunchtray/androidx.fragment.app.testing.FragmentScenario$EmptyFragmentActivity (has extras) }, activity.getIntent()=Intent { act=android.intent.action.MAIN cat=[android.intent.category.LAUNCHER] flg=0x10008000 cmp=com.example.lunchtray/androidx.test.core.app.InstrumentationActivityInvoker$BootstrapActivity (has extras) }, activity=androidx.test.core.app.InstrumentationActivityInvoker$BootstrapActivity@44eebb7
10-23 14:55:53.031  3911  3911 V ActivityScenario: Activity lifecycle changed event received but ignored because the intent does not match. startActivityIntent=Intent { act=android.intent.action.MAIN cat=[android.intent.category.LAUNCHER] cmp=com.example.lunchtray/androidx.fragment.app.testing.FragmentScenario$EmptyFragmentActivity (has extras) }, activity.getIntent()=Intent { act=android.intent.action.MAIN cat=[android.intent.category.LAUNCHER] flg=0x10008000 cmp=com.example.lunchtray/androidx.test.core.app.InstrumentationActivityInvoker$BootstrapActivity (has extras) }, activity=androidx.test.core.app.InstrumentationActivityInvoker$BootstrapActivity@44eebb7
10-23 14:55:53.031  3911  3911 V ActivityScenario: Activity lifecycle changed event received but ignored because the intent does not match. startActivityIntent=Intent { act=android.intent.action.MAIN cat=[android.intent.category.LAUNCHER] cmp=com.example.lunchtray/androidx.fragment.app.testing.FragmentScenario$EmptyFragmentActivity (has extras) }, activity.getIntent()=Intent { act=android.intent.action.MAIN cat=[android.intent.category.LAUNCHER] flg=0x10008000 cmp=com.example.lunchtray/androidx.test.core.app.InstrumentationActivityInvoker$BootstrapActivity (has extras) }, activity=androidx.test.core.app.InstrumentationActivityInvoker$BootstrapActivity@44eebb7
10-23 14:55:53.031  3911  3911 V ActivityScenario: Activity lifecycle changed event received but ignored because the intent does not match. startActivityIntent=Intent { act=android.intent.action.MAIN cat=[android.intent.category.LAUNCHER] cmp=com.example.lunchtray/androidx.fragment.app.testing.FragmentScenario$EmptyFragmentActivity (has extras) }, activity.getIntent()=Intent { act=android.intent.action.MAIN cat=[android.intent.category.LAUNCHER] flg=0x10008000 cmp=com.example.lunchtray/androidx.test.core.app.InstrumentationActivityInvoker$BootstrapActivity (has extras) }, activity=androidx.test.core.app.InstrumentationActivityInvoker$BootstrapActivity@44eebb7
10-23 14:55:53.031  3911  3911 V ActivityScenario: Activity lifecycle changed event received but ignored because the intent does not match. startActivityIntent=Intent { act=android.intent.action.MAIN cat=[android.intent.category.LAUNCHER] cmp=com.example.lunchtray/androidx.fragment.app.testing.FragmentScenario$EmptyFragmentActivity (has extras) }, activity.getIntent()=Intent { act=android.intent.action.MAIN cat=[android.intent.category.LAUNCHER] flg=0x10008000 cmp=com.example.lunchtray/androidx.test.core.app.InstrumentationActivityInvoker$BootstrapActivity (has extras) }, activity=androidx.test.core.app.InstrumentationActivityInvoker$BootstrapActivity@44eebb7
10-23 14:55:53.031  3911  3911 V ActivityScenario: Activity lifecycle changed event received but ignored because the intent does not match. startActivityIntent=Intent { act=android.intent.action.MAIN cat=[android.intent.category.LAUNCHER] cmp=com.example.lunchtray/androidx.fragment.app.testing.FragmentScenario$EmptyFragmentActivity (has extras) }, activity.getIntent()=Intent { act=android.intent.action.MAIN cat=[android.intent.category.LAUNCHER] flg=0x10008000 cmp=com.example.lunchtray/androidx.test.core.app.InstrumentationActivityInvoker$BootstrapActivity (has extras) }, activity=androidx.test.core.app.InstrumentationActivityInvoker$BootstrapActivity@44eebb7
10-23 14:55:53.053   870   921 W WindowOnBackDispatcher: sendCancelIfRunning: isInProgress=falsecallback=android.view.ViewRootImpl$$ExternalSyntheticLambda17@15d7359
10-23 14:55:53.056   524  2451 W InputManager-JNI: Input channel object 'd210497 Splash Screen com.example.lunchtray (client)' was disposed without first being removed with the input manager!
10-23 14:55:53.061   413  1029 D audioserver: FGS Logger Transaction failed
10-23 14:55:53.061   413  1029 D audioserver: -129
10-23 14:55:53.067  1132  1166 I ImeTracker: com.google.android.apps.nexuslauncher:680b4c91: onRequestHide at ORIGIN_CLIENT_HIDE_SOFT_INPUT reason HIDE_SOFT_INPUT
10-23 14:55:53.067  1132  1166 I ImeTracker: com.google.android.apps.nexuslauncher:680b4c91: onFailed at PHASE_CLIENT_VIEW_SERVED
10-23 14:55:53.068  1132  2137 D OneSearchSuggestProvider: Shut down the binder channel
10-23 14:55:53.088  5175  5269 W BugleRcsEngine: [52] brcu.d: [SR]: Single Registration is disabled. Skipping Single Registration capability check for subId: 1, OS.isAtLeastS:[true], enableSingleRegistrationProvisioning:[false]
10-23 14:55:53.090  1132  1152 I IPCThreadState: oneway function results for code 2 on binder at 0x7f98daee2a40 will be dropped but finished with status UNKNOWN_TRANSACTION
10-23 14:55:53.099  2964  3509 I PBSessionCacheImpl: Deleted sessionId[13037507931822895] from persistence.
10-23 14:55:53.104  3041  3436 E Finsky  : [45] vwx.i(2): [EExp] Failed to export experiments for package com.google.android.finsky.stable.
10-23 14:55:53.104  3041  3436 E Finsky  : java.util.concurrent.TimeoutException: Waited 10000 milliseconds (plus 704467 nanoseconds delay) for aopr@2954324[status=PENDING, setFuture=[aomn@5dabe8d[status=PENDING, info=[inputFuture=[ajow@2404842[status=PENDING, info=[airq@6f1053]]], exceptionType=[class com.google.android.gms.common.api.ApiException], fallback=[ycv@5421de7]]]]]
10-23 14:55:53.104  3041  3436 E Finsky  : 	at aond.get(PG:31)
10-23 14:55:53.104  3041  3436 E Finsky  : 	at vwx.g(PG:33)
10-23 14:55:53.104  3041  3436 E Finsky  : 	at vwx.f(PG:4)
10-23 14:55:53.104  3041  3436 E Finsky  : 	at vwx.h(PG:9)
10-23 14:55:53.104  3041  3436 E Finsky  : 	at vwx.doInBackground(PG:6)
10-23 14:55:53.104  3041  3436 E Finsky  : 	at vwz.d(Unknown Source:3)
10-23 14:55:53.104  3041  3436 E Finsky  : 	at thv.call(PG:159)
10-23 14:55:53.104  3041  3436 E Finsky  : 	at aopq.a(Unknown Source:2)
10-23 14:55:53.104  3041  3436 E Finsky  : 	at aoou.run(PG:3)
10-23 14:55:53.104  3041  3436 E Finsky  : 	at aopr.run(Unknown Source:4)
10-23 14:55:53.104  3041  3436 E Finsky  : 	at java.util.concurrent.ThreadPoolExecutor.runWorker(ThreadPoolExecutor.java:1145)
10-23 14:55:53.104  3041  3436 E Finsky  : 	at java.util.concurrent.ThreadPoolExecutor$Worker.run(ThreadPoolExecutor.java:644)
10-23 14:55:53.104  3041  3436 E Finsky  : 	at afoh.run(PG:34)
10-23 14:55:53.104  3041  3436 E Finsky  : 	at java.lang.Thread.run(Thread.java:1012)
10-23 14:55:53.105  3041  4558 I Finsky  : [141] vwx.h(1): Triggered update for experiment package com.google.android.finsky.regular.
10-23 14:55:53.107  2964  3265 W SearchServiceCore: Abort, client detached.
10-23 14:55:53.107  5175  5275 I BugleRcsProvisioning: RcsProvisioningTrigger: SIM swap detected, restarting provisioning
10-23 14:55:53.108  2964  3265 W SearchServiceCore: Abort, client detached.
10-23 14:55:53.108  2964  3265 W SearchServiceCore: Abort, client detached.
10-23 14:55:53.108  2964  3265 W SearchServiceCore: Abort, client detached.
10-23 14:55:53.108  2964  3265 W SearchServiceCore: Abort, client detached.
10-23 14:55:53.111   871  1051 E RoleControllerServiceImpl: Default/fallback role holder package doesn't qualify for the role, package: com.google.android.gms.supervision, role: android.app.role.SYSTEM_SUPERVISION
10-23 14:55:53.113  5175  5259 W BugleRcsEngine: [45] brcu.d: [SR]: Single Registration is disabled. Skipping Single Registration capability check for subId: 1, OS.isAtLeastS:[true], enableSingleRegistrationProvisioning:[false]
10-23 14:55:53.122   871  1051 I Role    : com.google.android.gms not qualified for android.app.role.SYSTEM_CALL_STREAMING due to missing RequiredComponent{mIntentFilterData=IntentFilterData{mAction='android.telecom.CallStreamingService', mCategories='[]', mDataScheme='null', mDataType='null'}, mMinTargetSdkVersion=1, mFlags='0', mPermission='android.permission.BIND_CALL_STREAMING_SERVICE', mQueryFlags=0, mMetaData=[]}
10-23 14:55:53.122   871  1051 E RoleControllerServiceImpl: Default/fallback role holder package doesn't qualify for the role, package: com.google.android.gms, role: android.app.role.SYSTEM_CALL_STREAMING
10-23 14:55:53.124   871  1051 W Role    : Default holder doesn't have required signing certificate: com.google.android.apps.work.clouddpc:23962F4B43B9857638EA66F4D419518EAE282491ACDA4B94707BD59003C45E58
10-23 14:55:53.134  5175  5275 I BugleRcsProvisioning: RcsProvisioningTrigger: updateRcsAvailability : hint = SIM_SWAP
10-23 14:55:53.147  3041  3436 D GetConfigurationSnapsho: getFullConfigurations
10-23 14:55:53.151   870   947 D EGL_emulation: app_time_stats: avg=19.81ms min=0.74ms max=133.41ms count=28
10-23 14:55:53.172  5175  5269 I BugleRcsProvisioning: RcsAvailabilityUpdaterLocal: RcsAvailability configuration availability and enabled status: simId: redacted-pii:sim_id[chars:20,last3:897], SipConnectionType: DUAL_REG, isConfigurationAvailableAndEnabled: false
10-23 14:55:53.172  5175  5259 I BugleRcsProvisioning: RcsAvailabilityUpdaterLocal: RcsAvailability configuration availability and enabled status: simId: redacted-pii:sim_id[chars:20,last3:897], SipConnectionType: DUAL_REG, isConfigurationAvailableAndEnabled: false
10-23 14:55:53.177  5175  5269 I BugleRcsProvisioning: RcsAvailabilityUpdaterLocal: updateRcsAvailability, currentAvailability: 1, newAvailability: 2, hint: NO_HINT
10-23 14:55:53.178  5175  5259 I BugleRcsProvisioning: RcsAvailabilityUpdaterLocal: updateRcsAvailability, currentAvailability: 1, newAvailability: 2, hint: NO_HINT
10-23 14:55:53.187  2700  2720 I ndroid.contacts: CollectorTransition concurrent copying GC freed 13535(742KB) AllocSpace objects, 0(0B) LOS objects, 49% free, 3394KB/6788KB, paused 218us,11us total 116.481ms
10-23 14:55:53.187   351   351 D Zygote  : Forked child process 5669
10-23 14:55:53.196  5175  5274 I BugleRcsProvisioning: RcsProvisioningTrigger: onRcsAvailabilityUpdate : availability is updated to RCS is disabled for this carrier by Google, lastAvailability is null, simId hash = -3425247260613260074, simId = redacted-pii:sim_id[chars:20,last3:897], isPev3Enabled = true
10-23 14:55:53.199  5175  5259 I BugleRcsProvisioning: RcsProvisioningTrigger: onRcsAvailabilityUpdate : availability is updated to RCS is disabled for this carrier by Google, lastAvailability is null, simId hash = -3425247260613260074, simId = redacted-pii:sim_id[chars:20,last3:897], isPev3Enabled = true
10-23 14:55:53.203  5175  5668 I GnpSdk  : GrowthKit is disabled by Phenotype flag.
10-23 14:55:53.210  5175  5254 I GnpSdk  : GrowthKit is disabled by Phenotype flag.
10-23 14:55:53.223  5175  5274 I BugleRcsEngine: [56] brle.i: RcsProvisioningManager: Receive onRcsAvailabilityUpdate, SIM = redacted-pii:sim_id[chars:20,last3:897], availability = RcsAvailability{mAvailability=DISABLED_VIA_GSERVICES (RCS is disabled for this carrier by Google)}
10-23 14:55:53.225  5175  5274 I BugleRcsProvisioning: RcsProvisioningTrigger: onRcsAvailabilityUpdate : isPreviousDisabled = true, isCurrentDisabled = true, config[simId:redacted-pii:sim_id[chars:20,last3:897]] = [Type: 0, Version: 0, Validity: 0, Last updated: 0, Remaining validity: 0, Reconfiguration requested: false, Messaging technology: SIMPLE_IM, rcsVolteSingleRegistration: false], hasToken: false, isValidAndUpdated: false
10-23 14:55:53.233   413   476 D audioserver: FGS Logger Transaction failed
10-23 14:55:53.233   413   476 D audioserver: -129
10-23 14:55:53.234  5175  5668 I BugleTransport: onRcsAvailabilityUpdate: kicking off updateActiveTransport for simId:redacted-pii:sim_id[chars:20,last3:897]
10-23 14:55:53.236  5175  5668 I BugleRcsEngine: [79] brku.a: RcsProvisioningManager: AvailabilityObserver.onUpdate : Notify RcsAvailabilityListener bbob@39e8d1e onRcsAvailabilityUpdate, SIM = redacted-pii:sim_id[chars:20,last3:897], availability = 2
10-23 14:55:53.236  5175  5269 I BugleRcsEngine: [52] brnl.h: RCS Configuration storage in Bugle is disabled by p/h flag, using ProvisioningEngineStateCacheUtil.getProvisioningConfigurationForGivenSimIfExist()
10-23 14:55:53.241  5175  5259 I BugleRcsEngine: [45] brle.i: RcsProvisioningManager: Receive onRcsAvailabilityUpdate, SIM = redacted-pii:sim_id[chars:20,last3:897], availability = RcsAvailability{mAvailability=DISABLED_VIA_GSERVICES (RCS is disabled for this carrier by Google)}
10-23 14:55:53.242  5175  5296 I BugleTransport: isChatAvailable: RcsAvailability is DISABLED_VIA_GSERVICES (RCS is disabled for this carrier by Google)
10-23 14:55:53.243  5175  5259 I BugleRcsProvisioning: RcsProvisioningTrigger: onRcsAvailabilityUpdate : isPreviousDisabled = true, isCurrentDisabled = true, config[simId:redacted-pii:sim_id[chars:20,last3:897]] = [Type: 0, Version: 0, Validity: 0, Last updated: 0, Remaining validity: 0, Reconfiguration requested: false, Messaging technology: SIMPLE_IM, rcsVolteSingleRegistration: false], hasToken: false, isValidAndUpdated: false
10-23 14:55:53.249  5175  5273 I BugleJobs: Starts to observe table change.
10-23 14:55:53.250  5175  5269 I BugleTransport: onRcsAvailabilityUpdate: kicking off updateActiveTransport for simId:redacted-pii:sim_id[chars:20,last3:897]
10-23 14:55:53.268  5175  5274 W BugleAction: Null config in BugleSharedPrefs
10-23 14:55:53.268  5175  5274 W BugleAction: Failed to get msisdn from Bugle
10-23 14:55:53.268  5175  5274 W BugleAction: Failed to get msisdn from RcsProfileService
10-23 14:55:53.268  5175  5274 W BugleAction: cksi: Jibe SDK Service not available. Is the Jibe SDK service running? Did you call connect() and wait for the notification before calling an API function?
10-23 14:55:53.268  5175  5274 W BugleAction: 	at cksa.b(PG:2)
10-23 14:55:53.268  5175  5274 W BugleAction: 	at com.google.android.rcs.client.profile.RcsProfileService.g(PG:1)
10-23 14:55:53.268  5175  5274 W BugleAction: 	at com.google.android.rcs.client.profile.RcsProfileService.getMsisdn(PG:3)
10-23 14:55:53.268  5175  5274 W BugleAction: 	at awsw.aj(PG:17)
10-23 14:55:53.268  5175  5274 W BugleAction: 	at awsw.z(PG:2)
10-23 14:55:53.268  5175  5274 W BugleAction: 	at aule.k(PG:1)
10-23 14:55:53.268  5175  5274 W BugleAction: 	at aulc.call(Unknown Source:2)
10-23 14:55:53.268  5175  5274 W BugleAction: 	at cnsg.a(PG:1)
10-23 14:55:53.268  5175  5274 W BugleAction: 	at cnpm.a(PG:3)
10-23 14:55:53.268  5175  5274 W BugleAction: 	at ctfv.a(PG:1)
10-23 14:55:53.268  5175  5274 W BugleAction: 	at ctet.run(PG:4)
10-23 14:55:53.268  5175  5274 W BugleAction: 	at ctfx.run(PG:1)
10-23 14:55:53.268  5175  5274 W BugleAction: 	at bxfd.run(PG:1)
10-23 14:55:53.268  5175  5274 W BugleAction: 	at java.util.concurrent.ThreadPoolExecutor.runWorker(ThreadPoolExecutor.java:1145)
10-23 14:55:53.268  5175  5274 W BugleAction: 	at java.util.concurrent.ThreadPoolExecutor$Worker.run(ThreadPoolExecutor.java:644)
10-23 14:55:53.268  5175  5274 W BugleAction: 	at bxef.run(PG:2)
10-23 14:55:53.268  5175  5274 W BugleAction: 	at java.lang.Thread.run(Thread.java:1012)
10-23 14:55:53.268  5175  5274 W BugleAction: 	at bxfj.run(PG:5)
10-23 14:55:53.278  5175  5275 I Bugle   : RcsAvailabilityUtilForProvisioningEngineV2: updateAvailabilityAsync, hint: SIM_SWAP
10-23 14:55:53.278   871   899 I ssioncontroller: Background young concurrent copying GC freed 82092(4595KB) AllocSpace objects, 0(0B) LOS objects, 32% free, 8145KB/11MB, paused 246us,8us total 108.954ms
10-23 14:55:53.285  5175  5275 I BugleRcsProvisioning: RcsAvailabilityUpdaterLocal: updateAvailabilityAsync: scheduling updateRcsAvailability call, hint: SIM_SWAP, enableWelcomePopupWithoutGoogleTos: false, reshowSuccessPopup: false
10-23 14:55:53.288  5175  5275 W BugleRcsEngine: [57] brcu.d: [SR]: Single Registration is disabled. Skipping Single Registration capability check for subId: 1, OS.isAtLeastS:[true], enableSingleRegistrationProvisioning:[false]
10-23 14:55:53.294  5669  5669 I s.messaging:rcs: Using CollectorTypeCC GC.
10-23 14:55:53.297  5175  5275 I BugleRcsEngine: [57] zzo.a: RcsAvailabilityLogWorkerScheduler is cancelled
10-23 14:55:53.299  5669  5669 W s.messaging:rcs: Unexpected CPU variant for x86: x86_64.
10-23 14:55:53.299  5669  5669 W s.messaging:rcs: Known variants: atom, sandybridge, silvermont, goldmont, goldmont-plus, tremont, kabylake, default
10-23 14:55:53.300  5175  5259 W BugleAction: Null config in BugleSharedPrefs
10-23 14:55:53.300  5175  5259 W BugleAction: Failed to get msisdn from Bugle
10-23 14:55:53.300  5175  5259 W BugleAction: Failed to get msisdn from RcsProfileService
10-23 14:55:53.302  5175  5259 W BugleAction: cksi: Jibe SDK Service not available. Is the Jibe SDK service running? Did you call connect() and wait for the notification before calling an API function?
10-23 14:55:53.302  5175  5259 W BugleAction: 	at cksa.b(PG:2)
10-23 14:55:53.302  5175  5259 W BugleAction: 	at com.google.android.rcs.client.profile.RcsProfileService.g(PG:1)
10-23 14:55:53.302  5175  5259 W BugleAction: 	at com.google.android.rcs.client.profile.RcsProfileService.getMsisdn(PG:3)
10-23 14:55:53.302  5175  5259 W BugleAction: 	at awsw.aj(PG:17)
10-23 14:55:53.302  5175  5259 W BugleAction: 	at awsw.z(PG:2)
10-23 14:55:53.302  5175  5259 W BugleAction: 	at aule.k(PG:1)
10-23 14:55:53.302  5175  5259 W BugleAction: 	at aulc.call(Unknown Source:2)
10-23 14:55:53.302  5175  5259 W BugleAction: 	at cnsg.a(PG:1)
10-23 14:55:53.302  5175  5259 W BugleAction: 	at cnpm.a(PG:3)
10-23 14:55:53.302  5175  5259 W BugleAction: 	at ctfv.a(PG:1)
10-23 14:55:53.302  5175  5259 W BugleAction: 	at ctet.run(PG:4)
10-23 14:55:53.302  5175  5259 W BugleAction: 	at ctfx.run(PG:1)
10-23 14:55:53.302  5175  5259 W BugleAction: 	at bxfd.run(PG:1)
10-23 14:55:53.302  5175  5259 W BugleAction: 	at java.util.concurrent.ThreadPoolExecutor.runWorker(ThreadPoolExecutor.java:1145)
10-23 14:55:53.302  5175  5259 W BugleAction: 	at java.util.concurrent.ThreadPoolExecutor$Worker.run(ThreadPoolExecutor.java:644)
10-23 14:55:53.302  5175  5259 W BugleAction: 	at bxef.run(PG:2)
10-23 14:55:53.302  5175  5259 W BugleAction: 	at java.lang.Thread.run(Thread.java:1012)
10-23 14:55:53.302  5175  5259 W BugleAction: 	at bxfj.run(PG:5)
10-23 14:55:53.302  5175  5269 I BugleRcsEngine: [52] brku.a: RcsProvisioningManager: AvailabilityObserver.onUpdate : Notify RcsAvailabilityListener bbob@39e8d1e onRcsAvailabilityUpdate, SIM = redacted-pii:sim_id[chars:20,last3:897], availability = 2
10-23 14:55:53.303  3911  3911 I ViewInteraction: Checking 'MatchesViewAssertion{viewMatcher=an instance of android.widget.TextView and view.getText() with or without transformation to match: a string containing "Subtotal: $0.50"}' assertion on view view.getId() is <2131231217/com.example.lunchtray:id/subtotal>
10-23 14:55:53.304  3911  3911 I ViewInteraction: Performing 'single click' action on view view.getId() is <2131230825/com.example.lunchtray:id/berries>
10-23 14:55:53.306  5175  5668 I BugleTransport: isChatAvailable: RcsAvailability is DISABLED_VIA_GSERVICES (RCS is disabled for this carrier by Google)
10-23 14:55:53.315  1089  1089 D CarrierSvcBindHelper: onPackageModified: com.google.android.apps.messaging
10-23 14:55:53.316  1089  1089 D CarrierSvcBindHelper: No carrier app for: 0
10-23 14:55:53.328   871   905 I PermissionControllerServiceImpl: Updating user sensitive for uid 10122
10-23 14:55:53.329  5669  5669 E s.messaging:rcs: Not starting debugger since process cannot load the jdwp agent.
10-23 14:55:53.330   524   624 I InputReader: Reconfiguring input devices, changes=KEYBOARD_LAYOUTS
10-23 14:55:53.331  5175  5260 I BugleRcsEngine: [46] brnl.h: RCS Configuration storage in Bugle is disabled by p/h flag, using ProvisioningEngineStateCacheUtil.getProvisioningConfigurationForGivenSimIfExist()
10-23 14:55:53.331  5175  5296 W BugleRcsEngine: [60] brcu.d: [SR]: Single Registration is disabled. Skipping Single Registration capability check for subId: 1, OS.isAtLeastS:[true], enableSingleRegistrationProvisioning:[false]
10-23 14:55:53.333  5175  5296 I BugleRcsProvisioning: RcsAvailabilityUpdaterLocal: RcsAvailability configuration availability and enabled status: simId: redacted-pii:sim_id[chars:20,last3:897], SipConnectionType: DUAL_REG, isConfigurationAvailableAndEnabled: false
10-23 14:55:53.336  1058  1058 V MediaPlayerList: mPackageChangedBroadcastReceiver: action: android.intent.action.PACKAGE_CHANGED
10-23 14:55:53.336  1058  1058 V MediaPlayerList: mPackageChangedBroadcastReceiver: action: android.intent.action.PACKAGE_CHANGED
10-23 14:55:53.336  1058  1058 V MediaPlayerList: mPackageChangedBroadcastReceiver: action: android.intent.action.PACKAGE_CHANGED
10-23 14:55:53.336  1058  1058 V MediaPlayerList: mPackageChangedBroadcastReceiver: action: android.intent.action.PACKAGE_CHANGED
10-23 14:55:53.337  5175  5296 I BugleRcsProvisioning: RcsAvailabilityUpdaterLocal: updateRcsAvailability, currentAvailability: 2, newAvailability: 2, hint: SIM_SWAP
10-23 14:55:53.338  5175  5668 I BugleRcsProvisioning: RcsProvisioningTrigger: onRcsAvailabilityUpdate : availability is updated to RCS is disabled for this carrier by Google, lastAvailability is RCS is disabled for this carrier by Google, simId hash = -3425247260613260074, simId = redacted-pii:sim_id[chars:20,last3:897], isPev3Enabled = true
10-23 14:55:53.339  3041  3944 I Finsky  : [87] oin.run(20): Wrote 209 rows to frosting DB
10-23 14:55:53.342  5175  5274 W BugleAction: No default number, returning empty msisdn
10-23 14:55:53.343  5175  5668 I BugleTransport: updateActiveTransport: refreshing chat transport
10-23 14:55:53.345  5175  5668 I BugleTransport: Tachygram phenotype flag is disabled. Enabled transport is Dual Reg [CONTEXT ratelimit_period="5 SECONDS" ]
10-23 14:55:53.347  5175  5668 I BugleTransport: refreshChatTransport: isChatAvailable: false, enabledTransport: 1, configuration: <empty>
10-23 14:55:53.353   524   624 I InputReader: Reconfiguring input devices, changes=KEYBOARD_LAYOUTS
10-23 14:55:53.354  5175  5259 W BugleAction: No default number, returning empty msisdn
10-23 14:55:53.364  5175  5668 I BugleTransport: updateActiveTransport: refreshing chat transport
10-23 14:55:53.366   870   870 D ControlsListingControllerImpl: ServiceConfig reloaded, count: 0
10-23 14:55:53.383   870   870 D ControlsListingControllerImpl: ServiceConfig reloaded, count: 0
10-23 14:55:53.388  5175  5668 I BugleTransport: refreshChatTransport: isChatAvailable: false, enabledTransport: 1, configuration: <empty>
10-23 14:55:53.409   871   905 I PermissionControllerServiceImpl: Updating user sensitive for uid 10128
10-23 14:55:53.415   413  1029 D audioserver: FGS Logger Transaction failed
10-23 14:55:53.415   413  1029 D audioserver: -129
10-23 14:55:53.416  1089  1089 D CarrierSvcBindHelper: onPackageModified: com.google.android.contacts
10-23 14:55:53.418  1089  1331 D ImsResolver: maybeAddedImsService, packageName: com.google.android.apps.messaging
10-23 14:55:53.426  1089  1089 D CarrierSvcBindHelper: No carrier app for: 0
10-23 14:55:53.432   524   943 D ConnectivityService: requestNetwork for uid/pid:10112/3412 activeRequest: null callbackRequest: 126 [NetworkRequest [ REQUEST id=127, [ Capabilities: INTERNET&NOT_RESTRICTED&TRUSTED&NOT_VCN_MANAGED Uid: 10112 RequestorUid: 10112 RequestorPkg: com.google.android.dialer UnderlyingNetworks: Null] ]] callback flags: 0 order: 2147483647
10-23 14:55:53.456  5175  5668 I RcsClientLib: Connecting RcsEngineLifecycleService
10-23 14:55:53.464  5175  5259 I RcsClientLib: Connecting RcsEngineLifecycleService
10-23 14:55:53.465  5175  5668 W RcsClientLib: No CS.apk RCS service found. Is RCS running in Bugle?
10-23 14:55:53.465  5175  5259 W RcsClientLib: No CS.apk RCS service found. Is RCS running in Bugle?
10-23 14:55:53.466  5175  5668 I RcsClientLib: shouldUseCarrierServicesJibeService: false, CarrierServices rcs service found: false
10-23 14:55:53.466  5175  5259 I RcsClientLib: shouldUseCarrierServicesJibeService: false, CarrierServices rcs service found: false
10-23 14:55:53.479  1089  1331 D ImsResolver: maybeAddedImsService, packageName: com.google.android.contacts
10-23 14:55:53.486   524   797 D ConnectivityService: NetReassign [127 : null  100] [c 6] [a 15] [i 20]
10-23 14:55:53.490   524   790 D WifiNetworkFactory: got request NetworkRequest [ REQUEST id=127, [ Capabilities: INTERNET&NOT_RESTRICTED&TRUSTED&NOT_VCN_MANAGED Uid: 10112 RequestorUid: 10112 RequestorPkg: com.google.android.dialer UnderlyingNetworks: Null] ]
10-23 14:55:53.494   524   790 D UntrustedWifiNetworkFactory: got request NetworkRequest [ REQUEST id=127, [ Capabilities: INTERNET&NOT_RESTRICTED&TRUSTED&NOT_VCN_MANAGED Uid: 10112 RequestorUid: 10112 RequestorPkg: com.google.android.dialer UnderlyingNetworks: Null] ]
10-23 14:55:53.494   524   790 D OemPaidWifiNetworkFactory: got request NetworkRequest [ REQUEST id=127, [ Capabilities: INTERNET&NOT_RESTRICTED&TRUSTED&NOT_VCN_MANAGED Uid: 10112 RequestorUid: 10112 RequestorPkg: com.google.android.dialer UnderlyingNetworks: Null] ]
10-23 14:55:53.504   524   790 D MultiInternetWifiNetworkFactory: got request NetworkRequest [ REQUEST id=127, [ Capabilities: INTERNET&NOT_RESTRICTED&TRUSTED&NOT_VCN_MANAGED Uid: 10112 RequestorUid: 10112 RequestorPkg: com.google.android.dialer UnderlyingNetworks: Null] ]
10-23 14:55:53.505  5669  5669 D CompatibilityChangeReporter: Compat change id reported: 171979766; UID 10122; state: ENABLED
10-23 14:55:53.505  5669  5669 D CompatibilityChangeReporter: Compat change id reported: 242716250; UID 10122; state: ENABLED
10-23 14:55:53.542  5669  5669 D nativeloader: Configuring clns-6 for other apk /system/framework/org.apache.http.legacy.jar. target_sdk_version=34, uses_libraries=ALL, library_path=/product/priv-app/PrebuiltBugle/lib/x86_64:/product/priv-app/PrebuiltBugle/PrebuiltBugle.apk!/lib/x86_64, permitted_path=/data:/mnt/expand:/data/user/0/com.google.android.apps.messaging
10-23 14:55:53.548  3041  3436 D CommitToConfigurationOp: real commit done, callingPackage: com.android.vending snapshot:  com.google.android.finsky.regular 83561110 1 1631435225 com.google.android.finsky.regular 1631435225 0
10-23 14:55:53.548  3041  3436 D ExperimentTokensCache: Clearing ExperimentTokensCache
10-23 14:55:53.551  3041  4558 I Finsky  : [141] vxe.c(1): Regular flags synced
10-23 14:55:53.552  3041  4558 I Finsky  : [141] yzq.ai(3): Writing flags config, size 1.
10-23 14:55:53.552  3041  4558 I Finsky  : [141] yzq.ai(3): Started writing experiment flags into file [4dEVOh7DlClE42ly_19Hs7FqnnFOj9O0dm-zzWqGxeo].
