10-23 14:56:12.012  1348  1506 W AsyncOperation: 	at avsy.eo(:com.google.android.gms@231818047@23.18.18 (190800-535401451):1)
10-23 14:56:12.012  1348  1506 W AsyncOperation: 	at avtf.run(:com.google.android.gms@231818047@23.18.18 (190800-535401451):14)
10-23 14:56:12.012  1348  1506 W AsyncOperation: 	at dfhf.run(:com.google.android.gms@231818047@23.18.18 (190800-535401451):2)
10-23 14:56:12.012  1348  1506 W AsyncOperation: 	at aced.c(:com.google.android.gms@231818047@23.18.18 (190800-535401451):6)
10-23 14:56:12.012  1348  1506 W AsyncOperation: 	at aced.run(:com.google.android.gms@231818047@23.18.18 (190800-535401451):8)
10-23 14:56:12.012  1348  1506 W AsyncOperation: 	at java.util.concurrent.ThreadPoolExecutor.runWorker(ThreadPoolExecutor.java:1145)
10-23 14:56:12.012  1348  1506 W AsyncOperation: 	at java.util.concurrent.ThreadPoolExecutor$Worker.run(ThreadPoolExecutor.java:644)
10-23 14:56:12.012  1348  1506 W AsyncOperation: 	at acjn.run(:com.google.android.gms@231818047@23.18.18 (190800-535401451):0)
10-23 14:56:12.012  1348  1506 W AsyncOperation: 	at java.lang.Thread.run(Thread.java:1012)
10-23 14:56:12.015  1348  1506 E bwfc    : Phenotype API error. Event # edax@edf11075, EventCode: 5 [CONTEXT service_id=51 ]
10-23 14:56:12.015  1348  1506 E bwfc    : bwdx: 29501: Stale snapshot for com.google.android.libraries.search.device#com.google.android.tts(change count changed - expected 5  but was 4)
10-23 14:56:12.015  1348  1506 E bwfc    : 	at bwfg.b(:com.google.android.gms@231818047@23.18.18 (190800-535401451):16)
10-23 14:56:12.015  1348  1506 E bwfc    : 	at bwff.g(:com.google.android.gms@231818047@23.18.18 (190800-535401451):0)
10-23 14:56:12.015  1348  1506 E bwfc    : 	at bwfc.e(:com.google.android.gms@231818047@23.18.18 (190800-535401451):4)
10-23 14:56:12.015  1348  1506 E bwfc    : 	at bwfc.f(:com.google.android.gms@231818047@23.18.18 (190800-535401451):2)
10-23 14:56:12.015  1348  1506 E bwfc    : 	at avsy.eo(:com.google.android.gms@231818047@23.18.18 (190800-535401451):1)
10-23 14:56:12.015  1348  1506 E bwfc    : 	at avtf.run(:com.google.android.gms@231818047@23.18.18 (190800-535401451):14)
10-23 14:56:12.015  1348  1506 E bwfc    : 	at dfhf.run(:com.google.android.gms@231818047@23.18.18 (190800-535401451):2)
10-23 14:56:12.015  1348  1506 E bwfc    : 	at aced.c(:com.google.android.gms@231818047@23.18.18 (190800-535401451):6)
10-23 14:56:12.015  1348  1506 E bwfc    : 	at aced.run(:com.google.android.gms@231818047@23.18.18 (190800-535401451):8)
10-23 14:56:12.015  1348  1506 E bwfc    : 	at java.util.concurrent.ThreadPoolExecutor.runWorker(ThreadPoolExecutor.java:1145)
10-23 14:56:12.015  1348  1506 E bwfc    : 	at java.util.concurrent.ThreadPoolExecutor$Worker.run(ThreadPoolExecutor.java:644)
10-23 14:56:12.015  1348  1506 E bwfc    : 	at acjn.run(:com.google.android.gms@231818047@23.18.18 (190800-535401451):0)
10-23 14:56:12.015  1348  1506 E bwfc    : 	at java.lang.Thread.run(Thread.java:1012)
10-23 14:56:12.015  1348  1506 W AsyncOperation: operation=CommitToConfigurationOperationCall, opStatusCode=29501 [CONTEXT service_id=51 ]
10-23 14:56:12.015  1348  1506 W AsyncOperation: OperationException[Status{statusCode=Stale snapshot for com.google.android.libraries.search.device#com.google.android.tts(change count changed - expected 5  but was 4), resolution=null}]
10-23 14:56:12.015  1348  1506 W AsyncOperation: 	at bwfc.e(:com.google.android.gms@231818047@23.18.18 (190800-535401451):6)
10-23 14:56:12.015  1348  1506 W AsyncOperation: 	at bwfc.f(:com.google.android.gms@231818047@23.18.18 (190800-535401451):2)
10-23 14:56:12.015  1348  1506 W AsyncOperation: 	at avsy.eo(:com.google.android.gms@231818047@23.18.18 (190800-535401451):1)
10-23 14:56:12.015  1348  1506 W AsyncOperation: 	at avtf.run(:com.google.android.gms@231818047@23.18.18 (190800-535401451):14)
10-23 14:56:12.015  1348  1506 W AsyncOperation: 	at dfhf.run(:com.google.android.gms@231818047@23.18.18 (190800-535401451):2)
10-23 14:56:12.015  1348  1506 W AsyncOperation: 	at aced.c(:com.google.android.gms@231818047@23.18.18 (190800-535401451):6)
10-23 14:56:12.015  1348  1506 W AsyncOperation: 	at aced.run(:com.google.android.gms@231818047@23.18.18 (190800-535401451):8)
10-23 14:56:12.015  1348  1506 W AsyncOperation: 	at java.util.concurrent.ThreadPoolExecutor.runWorker(ThreadPoolExecutor.java:1145)
10-23 14:56:12.015  1348  1506 W AsyncOperation: 	at java.util.concurrent.ThreadPoolExecutor$Worker.run(ThreadPoolExecutor.java:644)
10-23 14:56:12.015  1348  1506 W AsyncOperation: 	at acjn.run(:com.google.android.gms@231818047@23.18.18 (190800-535401451):0)
10-23 14:56:12.015  1348  1506 W AsyncOperation: 	at java.lang.Thread.run(Thread.java:1012)
10-23 14:56:12.025  1348  6020 W ChimeraUtils: Module com.google.android.gms.nearby_en missing resource null(0)
10-23 14:56:12.029  5852  5885 I PhenotypeBackgroundRecv: Successfully updated snapshot for com.google.android.libraries.consentverifier#com.google.android.googlequicksearchbox
10-23 14:56:12.038  5852  5852 I PhenotypeBackgroundRecv: Skipping com.google.android.apps.gsa.pcp.user#com.google.android.googlequicksearchbox which doesn't use ProcessStable flags.
10-23 14:56:12.041  5852  5852 I PhenotypeBackgroundRecv: Skipping com.google.android.libraries.search.googleapp.uidevice#com.google.android.googlequicksearchbox which doesn't use ProcessStable flags.
10-23 14:56:12.044  5852  5852 I PhenotypeBackgroundRecv: Skipping com.google.android.apps.podcasts_android.user#com.google.android.googlequicksearchbox which doesn't use ProcessStable flags.
10-23 14:56:12.046  5852  5852 I PhenotypeBackgroundRecv: Skipping com.google.android.apps.search.faceviewer#com.google.android.googlequicksearchbox which doesn't use ProcessStable flags.
10-23 14:56:12.059  1468  3685 I Icing   : updateResources: need to parse arkh{com.google.android.gm}
10-23 14:56:12.104  1348  6016 W ChimeraUtils: Module com.google.android.gms.nearby_en missing resource null(0)
10-23 14:56:12.106  3249  3465 I PhenotypeBackgroundRecv: Successfully updated snapshot for com.google.android.libraries.consentverifier#com.google.android.tts
10-23 14:56:12.119  1468  3685 I Icing   : updateResources: need to parse arkh{com.google.android.gms}
10-23 14:56:12.125  3249  3249 I PhenotypeBackgroundRecv: Skipping com.google.android.libraries.search.audio.device#com.google.android.tts which doesn't use ProcessStable flags.
10-23 14:56:12.130  1348  6016 W ChimeraUtils: Module com.google.android.gms.nearby_en missing resource null(0)
10-23 14:56:12.149   870   947 D EGL_emulation: app_time_stats: avg=14.08ms min=0.65ms max=75.41ms count=42
10-23 14:56:12.156  1348  6016 W ChimeraUtils: Module com.google.android.gms.nearby_en missing resource null(0)
10-23 14:56:12.220  1535  1609 W TimedProcessReaper: Scheduling killing of process to refresh configuration
10-23 14:56:12.222  1348  1508 W ChimeraUtils: Module com.google.android.gms.nearby_en missing resource null(0)
10-23 14:56:12.251  5852  5861 I equicksearchbox: Background concurrent copying GC freed 169654(10MB) AllocSpace objects, 9(372KB) LOS objects, 49% free, 3085KB/6170KB, paused 761us,8us total 207.601ms
10-23 14:56:12.262  1468  3685 I Icing   : doRemovePackageData com.android.nfc
10-23 14:56:12.289  1348  1508 W ChimeraUtils: Module com.google.android.gms.nearby_en missing resource null(0)
10-23 14:56:12.293   524   534 I system_server: Background young concurrent copying GC freed 528981(17MB) AllocSpace objects, 29(672KB) LOS objects, 33% free, 33MB/50MB, paused 4.100ms,32us total 161.666ms
10-23 14:56:12.299  1348  1508 W ChimeraUtils: Module com.google.android.gms.nearby_en missing resource null(0)
10-23 14:56:12.324  3911  3911 I ViewInteraction: Performing 'single click' action on view view.getId() is <2131231187/com.example.lunchtray:id/soup>
10-23 14:56:12.349   524   536 W System  : A resource failed to call release.
10-23 14:56:12.349   524   536 W System  : A resource failed to call HardwareBuffer.close.
10-23 14:56:12.351  3412  3412 I PhenotypeBackgroundRecv: Skipping com.google.android.dialer which doesn't use ProcessStable flags.
10-23 14:56:12.376  1468  4969 I MS_Utils: version of com.google.android.apps.maps = 1066937505
10-23 14:56:12.384  3041  4229 I PhenotypeBackgroundRecv: Successfully updated snapshot for com.google.android.libraries.mdi.sync#com.android.vending
10-23 14:56:12.391   413  1028 D audioserver: FGS Logger Transaction failed
10-23 14:56:12.391   413  1028 D audioserver: -129
10-23 14:56:12.403  5852  5877 I PhenotypeBackgroundRecv: Successfully updated snapshot for com.google.android.gms.clearcut_client#com.google.android.googlequicksearchbox
10-23 14:56:12.404  5852  5852 I PhenotypeBackgroundRecv: Skipping com.google.android.apps.podcasts_android.device#com.google.android.googlequicksearchbox which doesn't use ProcessStable flags.
10-23 14:56:12.407  5852  5852 I PhenotypeBackgroundRecv: Skipping com.google.android.libraries.assistant.symbiote#com.google.android.googlequicksearchbox which doesn't use ProcessStable flags.
10-23 14:56:12.408  5852  5852 I PhenotypeBackgroundRecv: Skipping com.google.android.libraries.mdi.sync#com.google.android.googlequicksearchbox which doesn't use ProcessStable flags.
10-23 14:56:12.411  5852  5852 I PhenotypeBackgroundRecv: Skipping com.google.android.apps.gsa.pcp.device#com.google.android.googlequicksearchbox which doesn't use ProcessStable flags.
10-23 14:56:12.413  1468  5941 I MS_Utils: version of com.google.android.apps.maps = 1066937505
10-23 14:56:12.413  5852  5852 I PhenotypeBackgroundRecv: Skipping com.google.android.apps.search.assistant.device#com.google.android.googlequicksearchbox which doesn't use ProcessStable flags.
10-23 14:56:12.415  3041  3041 I Finsky  : [2] aggh.c(8): VerifyApps: Install-time verification requested for package com.android.vending, id = 2
10-23 14:56:12.415  5852  5852 I PhenotypeBackgroundRecv: Skipping com.google.android.apps.search.transcription.uidevice#com.google.android.googlequicksearchbox which doesn't use ProcessStable flags.
10-23 14:56:12.417  5852  5852 I PhenotypeBackgroundRecv: Skipping com.google.android.libraries.search.audio.device#com.google.android.googlequicksearchbox which doesn't use ProcessStable flags.
10-23 14:56:12.426  5852  5852 I PhenotypeBackgroundRecv: Skipping com.google.android.apps.search.smartsetup#com.google.android.googlequicksearchbox which doesn't use ProcessStable flags.
10-23 14:56:12.438  1348  3349 W ChimeraUtils: Module com.google.android.gms.nearby_en missing resource null(0)
10-23 14:56:12.440  3041  3396 I Finsky  : [40] nft.run(22): Stats for Executor: BlockingExecutor nlp@bdea321[Running, pool size = 6, active threads = 0, queued tasks = 0, completed tasks = 99]
10-23 14:56:12.443  3041  3396 I Finsky  : [40] nft.run(22): Stats for Executor: LightweightExecutor nlp@5b346[Running, pool size = 3, active threads = 0, queued tasks = 0, completed tasks = 1538]
10-23 14:56:12.445  3249  3249 I PhenotypeBackgroundRecv: Skipping com.google.android.libraries.search.device#com.google.android.tts which doesn't use ProcessStable flags.
10-23 14:56:12.446  5852  5852 I PhenotypeBackgroundRecv: Skipping com.google.android.libraries.assistant.ampactions#com.google.android.googlequicksearchbox which doesn't use ProcessStable flags.
10-23 14:56:12.455  1348  6033 I NamespaceManager: Package com.android.refreshratecontrol name not found! Using module version.
10-23 14:56:12.461  1348  6033 I NamespaceManager: Package com.google.oslo name not found! Using module version.
10-23 14:56:12.482  1348  6033 I NamespaceManager: Package com.android.media name not found! Using module version.
10-23 14:56:12.485  1468  3685 I Icing   : updateResources: need to parse arkh{com.google.android.gms}
10-23 14:56:12.488  1348  6033 I NamespaceManager: Package com.android.media.swcodec name not found! Using module version.
10-23 14:56:12.490  1348  6033 I NamespaceManager: Package com.android.appsearch name not found! Using module version.
10-23 14:56:12.491  3041  5115 I Finsky  : [149] VerifyAppsInstallTask.aie(5): VerifyApps: Anti-malware verification task started for package=com.android.vending
10-23 14:56:12.491  3041  5115 I Finsky  : [149] VerifyAppsInstallTask.aie(12): VerifyApps: Skipping verification because own installation
10-23 14:56:12.491  3041  5115 I Finsky  : [149] VerifyAppsInstallTask.aie(237): VerifyApps: Skipping anti malware verification (preconditions not met). package=com.android.vending
10-23 14:56:12.493  1348  6033 I NamespaceManager: Package com.android.neuralnetworks name not found! Using module version.
10-23 14:56:12.493  3041  5115 I Finsky  : [149] VerifyPerSourceInstallationConsentInstallTask.aie(17): PSIC verification started with installer uid: 10121 package name: com.android.vending, originating uid: -1
10-23 14:56:12.496  3041  5115 I Finsky  : [149] VerifyPerSourceInstallationConsentInstallTask.aie(38): Skipping logging for attempted installation. This is a Play Store installation.
10-23 14:56:12.499  1348  6033 I NamespaceManager: Package com.android.media name not found! Using module version.
10-23 14:56:12.506  1348  6033 I NamespaceManager: Package 1 name not found! Using module version.
10-23 14:56:12.515  1348  3349 W ChimeraUtils: Module com.google.android.gms.nearby_en missing resource null(0)
10-23 14:56:12.525  3041  3041 I Finsky  : [2] VerifyInstallTask.k(2): VerifyApps: Returning package verification result id=2, result=ALLOW
10-23 14:56:12.527  3041  3041 I Finsky  : [2] VerifyInstallTask.aid(7): VerifyApps: Verification complete: id=2, package_name=com.android.vending
10-23 14:56:12.533  1348  3349 W ChimeraUtils: Module com.google.android.gms.nearby_en missing resource null(0)
10-23 14:56:12.551   524  2045 D SafetySourceDataValidator: Package com.android.vending has expected signature
10-23 14:56:12.569   413   476 D audioserver: FGS Logger Transaction failed
10-23 14:56:12.569   413   476 D audioserver: -129
10-23 14:56:12.578  1468  3685 I Icing   : updateResources: need to parse arkh{com.google.android.gms}
10-23 14:56:12.592   524   556 E libprocessgroup: No such cgroup attribute: /sys/fs/cgroup/uid_-89879/cgroup.freeze
10-23 14:56:12.592   524   556 W libprocessgroup: Failed to apply Frozen process profile: No such file or directory
10-23 14:56:12.601  1468  1468 D BoundBrokerSvc: onUnbind: Intent { act=com.google.android.gms.safetynet.service.START pkg=com.google.android.gms }
10-23 14:56:12.607   524   556 E libprocessgroup: No such cgroup attribute: /sys/fs/cgroup/uid_-89879/cgroup.freeze
10-23 14:56:12.607   524   556 W libprocessgroup: Failed to apply Unfrozen process profile: No such file or directory
10-23 14:56:12.622   524   797 D ConnectivityService: releasing NetworkRequest [ REQUEST id=91, [ Capabilities: INTERNET&NOT_RESTRICTED&TRUSTED&NOT_VCN_MANAGED Uid: 10121 RequestorUid: 10121 RequestorPkg: com.android.vending UnderlyingNetworks: Null] ] (release request)
10-23 14:56:12.625   351   351 I Zygote  : Process 3741 exited due to signal 9 (Killed)
10-23 14:56:12.625   351   351 I Zygote  : Process 4000 exited due to signal 9 (Killed)
10-23 14:56:12.631   351   351 I Zygote  : Process 5543 exited due to signal 9 (Killed)
10-23 14:56:12.643   351   351 I Zygote  : Process 3041 exited due to signal 9 (Killed)
10-23 14:56:12.659  1468  1477 I gle.android.gms: Background young concurrent copying GC freed 187932(10MB) AllocSpace objects, 25(884KB) LOS objects, 30% free, 19MB/27MB, paused 4.002ms,15us total 299.374ms
10-23 14:56:12.694  1348  1506 E IPCThreadState: Binder transaction failure: 521574/29189/-22
10-23 14:56:12.746  3412  3571 W TimedProcessReaper: Scheduling killing of process to refresh configuration
10-23 14:56:12.762  1089  1089 D CarrierSvcBindHelper: onPackageModified: com.google.android.googlequicksearchbox
10-23 14:56:12.770   524   624 I InputReader: Reconfiguring input devices, changes=KEYBOARD_LAYOUTS
10-23 14:56:12.777  1348  6016 W ChimeraUtils: Module com.google.android.gms.nearby_en missing resource null(0)
10-23 14:56:12.789  3911  3911 I ViewInteraction: Performing 'single click' action on view view.getId() is <2131231081/com.example.lunchtray:id/next_button>
10-23 14:56:12.798  1089  1089 D CarrierSvcBindHelper: No carrier app for: 0
10-23 14:56:12.818  1348  3942 I NetworkScheduler.Stats: Task com.google.android.gms/com.google.android.gms.checkin.CheckinService started execution. cause:4 exec_start_elapsed_seconds: 112 [CONTEXT service_id=218 ]
10-23 14:56:12.839  1348  1348 D BoundBrokerSvc: onUnbind: Intent { act=com.google.android.gms.instantapps.START pkg=com.google.android.gms }
10-23 14:56:12.842  3412  3412 I PhenotypeBackgroundRecv: Skipping com.google.android.dialer.directboot#com.google.android.dialer which doesn't use ProcessStable flags.
10-23 14:56:12.848  1348  1348 D BoundBrokerSvc: onUnbind: Intent { act=com.google.android.gms.usagereporting.service.START pkg=com.google.android.gms }
10-23 14:56:12.858   413  1028 D audioserver: FGS Logger Transaction failed
10-23 14:56:12.858   413  1028 D audioserver: -129
10-23 14:56:12.860  1348  6016 W ChimeraUtils: Module com.google.android.gms.nearby_en missing resource null(0)
10-23 14:56:12.863  1089  1089 D CarrierSvcBindHelper: onPackageModified: com.google.android.apps.messaging
10-23 14:56:12.868  1089  1331 D ImsResolver: maybeAddedImsService, packageName: com.google.android.googlequicksearchbox
10-23 14:56:12.869  1089  1089 D CarrierSvcBindHelper: No carrier app for: 0
10-23 14:56:12.894  1468  3685 I Icing   : Indexing com.google.android.gms-apps from com.google.android.gms
10-23 14:56:12.912  1468  6035 I Icing   : Indexing done com.google.android.gms-apps
10-23 14:56:12.924   524   614 I RoleService: Granting default roles...
10-23 14:56:12.935  3911  4251 D EGL_emulation: app_time_stats: avg=11.67ms min=1.13ms max=216.77ms count=38
10-23 14:56:12.941  1575  1575 I PhenotypeModule: PhenotypeModule.receiveBroadcast():373 onReceive() urgent = false
10-23 14:56:12.943  6040  6040 I artd    : Starting artd
10-23 14:56:12.945  6040  6040 I AidlLazyServiceRegistrar: Registering service artd
10-23 14:56:12.946  1575  1575 I PhenotypeModule: PhenotypeModule.maybeFetchAndUpdate():166 maybeFetchAndUpdate: start new task to fetch
10-23 14:56:12.958  6040  6040 I AidlLazyServiceRegistrar: Process has 1 (of 1 available) client(s) in use after notification artd has clients: 1
10-23 14:56:12.973  3412  3573 W TimedProcessReaper: Scheduling killing of process to refresh configuration
10-23 14:56:12.986  1089  1331 D ImsResolver: maybeAddedImsService, packageName: com.google.android.apps.messaging
10-23 14:56:12.986  1575  2489 I PhenotypeBackgroundRecv: Successfully updated snapshot for com.google.android.libraries.consentverifier#com.google.android.inputmethod.latin
10-23 14:56:12.990  1348  6016 W ChimeraUtils: Module com.google.android.gms.nearby_en missing resource null(0)
10-23 14:56:13.004   871   904 I PermissionControllerServiceImpl: Updating user sensitive for uid 10122
10-23 14:56:13.008  6040  6041 I artd    : Merge skipped because there are no existing profiles
10-23 14:56:13.012  1575  1575 I PhenotypeModule: PhenotypeModule.receiveBroadcast():373 onReceive() urgent = false
10-23 14:56:13.014  1575  2489 I PhenotypeBackgroundRecv: Successfully updated snapshot for com.google.android.libraries.consentverifier#com.google.android.inputmethod.latin
10-23 14:56:13.025  1348  6034 I NamespaceManager: Package com.android.refreshratecontrol name not found! Using module version.
10-23 14:56:13.033  1575  1575 I PhenotypeModule: PhenotypeModule.receiveBroadcast():373 onReceive() urgent = false
10-23 14:56:13.038   413   476 D audioserver: FGS Logger Transaction failed
10-23 14:56:13.038   413   476 D audioserver: -129
10-23 14:56:13.039   871  6012 E RoleControllerServiceImpl: Default/fallback role holder package doesn't qualify for the role, package: com.google.android.gms.supervision, role: android.app.role.SYSTEM_SUPERVISION
10-23 14:56:13.041  1468  6035 I Icing   : updateResources: need to parse arkh{com.google.android.gms}
10-23 14:56:13.046  1348  6034 I NamespaceManager: Package com.google.oslo name not found! Using module version.
10-23 14:56:13.053   871  6012 I Role    : com.google.android.gms not qualified for android.app.role.SYSTEM_CALL_STREAMING due to missing RequiredComponent{mIntentFilterData=IntentFilterData{mAction='android.telecom.CallStreamingService', mCategories='[]', mDataScheme='null', mDataType='null'}, mMinTargetSdkVersion=1, mFlags='0', mPermission='android.permission.BIND_CALL_STREAMING_SERVICE', mQueryFlags=0, mMetaData=[]}
10-23 14:56:13.053   871  6012 E RoleControllerServiceImpl: Default/fallback role holder package doesn't qualify for the role, package: com.google.android.gms, role: android.app.role.SYSTEM_CALL_STREAMING
10-23 14:56:13.054  1348  3942 I NetworkScheduler.Stats: Task com.google.android.gms/com.google.android.gms.checkin.CheckinService finished executing. cause:4 result: 3 elapsed_millis: 410 uptime_millis: 410 exec_start_elapsed_seconds: 112 [CONTEXT service_id=218 ]
10-23 14:56:13.056  1348  6034 I NamespaceManager: Package com.android.media name not found! Using module version.
10-23 14:56:13.061   871  6012 W Role    : Default holder doesn't have required signing certificate: com.google.android.apps.work.clouddpc:23962F4B43B9857638EA66F4D419518EAE282491ACDA4B94707BD59003C45E58
10-23 14:56:13.071  1348  6034 I NamespaceManager: Package com.android.media.swcodec name not found! Using module version.
10-23 14:56:13.077  1348  6034 I NamespaceManager: Package com.android.appsearch name not found! Using module version.
10-23 14:56:13.083  1348  6034 I NamespaceManager: Package com.android.neuralnetworks name not found! Using module version.
10-23 14:56:13.084  1348  6034 I NamespaceManager: Package com.android.media name not found! Using module version.
10-23 14:56:13.091  1348  6034 I NamespaceManager: Package 1 name not found! Using module version.
10-23 14:56:13.093  3123  4194 W TimedProcessReaper: Scheduling killing of process to refresh configuration
10-23 14:56:13.110  6040  6041 W ziparchive: Unable to open '/data/app/~~QvzuOajtnOGe-FjjQZSVug==/com.android.vending-KHISKwb-6q2ivb1o-UaHag==/base.dm': No such file or directory
10-23 14:56:13.110  6040  6041 W ziparchive: Unable to open '/data/app/~~QvzuOajtnOGe-FjjQZSVug==/com.android.vending-KHISKwb-6q2ivb1o-UaHag==/base.dm': No such file or directory
10-23 14:56:13.130  6040  6041 I artd    : Running dex2oat: /apex/com.android.art/bin/art_exec --drop-capabilities --set-task-profile=Dex2OatBootComplete --set-priority=background --keep-fds=6:7:8:9:10:11:12 -- /apex/com.android.art/bin/dex2oat64 --zip-fd=6 --zip-location=/data/app/~~QvzuOajtnOGe-FjjQZSVug==/com.android.vending-KHISKwb-6q2ivb1o-UaHag==/base.apk --oat-fd=7 --oat-location=/data/app/~~QvzuOajtnOGe-FjjQZSVug==/com.android.vending-KHISKwb-6q2ivb1o-UaHag==/oat/x86_64/base.odex --output-vdex-fd=8 --swap-fd=9 --class-loader-context-fds=10:11:12 --class-loader-context=PCL[]{PCL[/system/framework/org.apache.http.legacy.jar]#PCL[/system_ext/framework/androidx.window.extensions.jar]#PCL[/system_ext/framework/androidx.window.sidecar.jar]} --classpath-dir=/data/app/~~QvzuOajtnOGe-FjjQZSVug==/com.android.vending-KHISKwb-6q2ivb1o-UaHag== --instruction-set=x86_64 --instruction-set-features=default --instruction-set-variant=x86_64 --compiler-filter=verify --compilation-reason=install --compact-dex-level=none --max-image-block-size=524288 --resolve-startup-const-strings=true --generate-mini-debug-info --runtime-arg -Xtarget-sdk-version:34 --runtime-arg -Xhidden-api-policy:enabled --runtime-arg -Xms64m --runtime-arg -Xmx512m --comments=app-version-name:37.9.18-29 [0] [PR] 571399392,app-version-code:83791820,art-version:340818022
10-23 14:56:13.130  6040  6041 I artd    : Opened FDs: 6:/data/app/~~QvzuOajtnOGe-FjjQZSVug==/com.android.vending-KHISKwb-6q2ivb1o-UaHag==/base.apk 7:/data/app/~~QvzuOajtnOGe-FjjQZSVug==/com.android.vending-KHISKwb-6q2ivb1o-UaHag==/oat/x86_64/base.odex.bVVUOb.tmp 8:/data/app/~~QvzuOajtnOGe-FjjQZSVug==/com.android.vending-KHISKwb-6q2ivb1o-UaHag==/oat/x86_64/base.vdex.XVq0kF.tmp 9:/data/app/~~QvzuOajtnOGe-FjjQZSVug==/com.android.vending-KHISKwb-6q2ivb1o-UaHag==/oat/x86_64/base.odex.swap.dEvDat.tmp 10:/system_ext/framework/androidx.window.sidecar.jar 11:/system_ext/framework/androidx.window.extensions.jar 12:/system/framework/org.apache.http.legacy.jar
10-23 14:56:13.132  1348  6020 W ChimeraUtils: Module com.google.android.gms.nearby_en missing resource null(0)
10-23 14:56:13.159  1348  3942 I NetworkScheduler.Stats: Task com.google.android.gms/com.google.android.gms.tapandpay.gcmtask.TapAndPayGcmTaskService started execution. cause:5 exec_start_elapsed_seconds: 113 [CONTEXT service_id=218 ]
10-23 14:56:13.167   524   555 E system_server: No package ID 7f found for resource ID 0x7f08038b.
10-23 14:56:13.167   524   555 E system_server: No package ID 7f found for resource ID 0x7f150be5.
10-23 14:56:13.167   524   555 E system_server: No package ID 7f found for resource ID 0x7f150be5.
10-23 14:56:13.167   524   555 E system_server: No package ID 7f found for resource ID 0x7f150be4.
10-23 14:56:13.169  3123  4194 W TimedProcessReaper: Scheduling killing of process to refresh configuration
10-23 14:56:13.204  1348  5928 V NFC     : this device does not have NFC support
10-23 14:56:13.209  6047  6047 W dex2oat64: Unexpected CPU variant for x86: x86_64.
10-23 14:56:13.209  6047  6047 W dex2oat64: Known variants: atom, sandybridge, silvermont, goldmont, goldmont-plus, tremont, kabylake, default
10-23 14:56:13.211  6047  6047 W dex2oat64: Mismatch between dex2oat instruction set features to use (ISA: X86_64 Feature string: -ssse3,-sse4.1,-sse4.2,-avx,-avx2,-popcnt) and those from CPP defines (ISA: X86_64 Feature string: ssse3,sse4.1,sse4.2,-avx,-avx2,popcnt) for the command line:
10-23 14:56:13.211  6047  6047 W dex2oat64: /apex/com.android.art/bin/dex2oat64 --zip-fd=6 --zip-location=/data/app/~~QvzuOajtnOGe-FjjQZSVug==/com.android.vending-KHISKwb-6q2ivb1o-UaHag==/base.apk --oat-fd=7 --oat-location=/data/app/~~QvzuOajtnOGe-FjjQZSVug==/com.android.vending-KHISKwb-6q2ivb1o-UaHag==/oat/x86_64/base.odex --output-vdex-fd=8 --swap-fd=9 --class-loader-context-fds=10:11:12 --class-loader-context=PCL[]{PCL[/system/framework/org.apache.http.legacy.jar]#PCL[/system_ext/framework/androidx.window.extensions.jar]#PCL[/system_ext/framework/androidx.window.sidecar.jar]} --classpath-dir=/data/app/~~QvzuOajtnOGe-FjjQZSVug==/com.android.vending-KHISKwb-6q2ivb1o-UaHag== --instruction-set=x86_64 --instruction-set-features=default --instruction-set-variant=x86_64 --compiler-filter=verify --compilation-reason=install --compact-dex-level=none --max-image-block-size=524288 --resolve-startup-const-strings=true --generate-mini-debug-info --runtime-arg -Xtarget-sdk-version:34 --runtime-arg -Xhidden-api-policy:enabled --runtime-arg -Xms64m --runtime-arg -Xmx512m --comments=app-version-name:37.9.18-29 [0] [PR] 571399392,app-version-code:83791820,art-version:340818022
10-23 14:56:13.211  6047  6047 I dex2oat64: /apex/com.android.art/bin/dex2oat64 --output-vdex-fd=8 --class-loader-context-fds=10:11:12 --class-loader-context=PCL[]{PCL[/system/framework/org.apache.http.legacy.jar]#PCL[/system_ext/framework/androidx.window.extensions.jar]#PCL[/system_ext/framework/androidx.window.sidecar.jar]} --classpath-dir=/data/app/~~QvzuOajtnOGe-FjjQZSVug==/com.android.vending-KHISKwb-6q2ivb1o-UaHag== --compiler-filter=verify --compilation-reason=install --compact-dex-level=none --max-image-block-size=524288 --resolve-startup-const-strings=true --generate-mini-debug-info --comments=app-version-name:37.9.18-29 [0] [PR] 571399392,app-version-code:83791820,art-version:340818022
10-23 14:56:13.225  1348  5928 W TapAndPay: NfcAdapter is null while obtaining CardEmulation instance. [CONTEXT service_id=79 ]
10-23 14:56:13.225  1348  5928 W TapAndPay: java.lang.NullPointerException: NfcAdapter is null
10-23 14:56:13.225  1348  5928 W TapAndPay: 	at android.nfc.cardemulation.CardEmulation.getInstance(CardEmulation.java:152)
10-23 14:56:13.225  1348  5928 W TapAndPay: 	at cdoy.<init>(:com.google.android.gms@231818047@23.18.18 (190800-535401451):0)
10-23 14:56:13.225  1348  5928 W TapAndPay: 	at com.google.android.gms.tapandpay.hce.task.TapAndPayAidRegistrationTaskOperation.a(:com.google.android.gms@231818047@23.18.18 (190800-535401451):5)
10-23 14:56:13.225  1348  5928 W TapAndPay: 	at com.google.android.gms.tapandpay.gcmtask.TapAndPayGcmTaskChimeraService.a(:com.google.android.gms@231818047@23.18.18 (190800-535401451):4)
10-23 14:56:13.225  1348  5928 W TapAndPay: 	at avzs.call(:com.google.android.gms@231818047@23.18.18 (190800-535401451):4)
10-23 14:56:13.225  1348  5928 W TapAndPay: 	at java.util.concurrent.FutureTask.run(FutureTask.java:264)
10-23 14:56:13.225  1348  5928 W TapAndPay: 	at aced.c(:com.google.android.gms@231818047@23.18.18 (190800-535401451):6)
10-23 14:56:13.225  1348  5928 W TapAndPay: 	at aced.run(:com.google.android.gms@231818047@23.18.18 (190800-535401451):7)
10-23 14:56:13.225  1348  5928 W TapAndPay: 	at java.util.concurrent.ThreadPoolExecutor.runWorker(ThreadPoolExecutor.java:1145)
10-23 14:56:13.225  1348  5928 W TapAndPay: 	at java.util.concurrent.ThreadPoolExecutor$Worker.run(ThreadPoolExecutor.java:644)
10-23 14:56:13.225  1348  5928 W TapAndPay: 	at acjn.run(:com.google.android.gms@231818047@23.18.18 (190800-535401451):0)
10-23 14:56:13.225  1348  5928 W TapAndPay: 	at java.lang.Thread.run(Thread.java:1012)
10-23 14:56:13.250  1348  5367 I PackageUpdateTaskChimer: Scheduling Phenotype config package catchup updates to be 86400 seconds from now (1698072973250) [CONTEXT service_id=51 ]
10-23 14:56:13.253  3911  3911 I ViewInteraction: Performing 'single click' action on view view.getId() is <2131230835/com.example.lunchtray:id/bread>
10-23 14:56:13.268  1348  5929 I NetworkScheduler.Stats: Task com.google.android.gms/com.google.android.gms.tapandpay.gcmtask.TapAndPayGcmTaskService finished executing. cause:5 result: 3 elapsed_millis: 153 uptime_millis: 153 exec_start_elapsed_seconds: 113 [CONTEXT service_id=218 ]
10-23 14:56:13.282  1575  1575 I EmojiSuperpacksManager: EmojiSuperpacksManager.triggerSync():374 triggerSync() : isBundled = false
10-23 14:56:13.285  1575  1575 I EmojiSuperpacksManager: EmojiSuperpacksManager.triggerSync():374 triggerSync() : isBundled = false
10-23 14:56:13.286  1575  1575 I InputMethodEntryManager: InputMethodEntryManager.startLoadingInputMethodEntrySettings():739 Start loading input method entry settings: [LanguageTagVariantTuple{languageTag=en-US, variant=qwerty}]
10-23 14:56:13.288  1575  1575 I InputMethodEntryManager: InputMethodEntryManager.updateInputMethodEntrySettingsLoadingTask():826 update loading task with resetImplicitlyEnabledEntries is false
10-23 14:56:13.288  1575  1575 I InputMethodEntryManager: InputMethodEntryManager$5.onFailure():869 Fail load entries [LanguageTagVariantTuple{languageTag=en-US, variant=qwerty}]
10-23 14:56:13.288  1575  1575 I InputMethodEntryManager: InputMethodEntryManager.startLoadingInputMethodEntrySettings():739 Start loading input method entry settings: [LanguageTagVariantTuple{languageTag=en-US, variant=qwerty}]
10-23 14:56:13.288  1575  1575 I InputMethodEntryManager: InputMethodEntryManager.updateInputMethodEntrySettingsLoadingTask():826 update loading task with resetImplicitlyEnabledEntries is false
10-23 14:56:13.288  1575  1575 I InputMethodEntryManager: InputMethodEntryManager$5.onFailure():869 Fail load entries [LanguageTagVariantTuple{languageTag=en-US, variant=qwerty}]
10-23 14:56:13.288  1575  1575 I InputMethodEntryManager: InputMethodEntryManager.startLoadingInputMethodEntrySettings():739 Start loading input method entry settings: [LanguageTagVariantTuple{languageTag=en-US, variant=qwerty}]
10-23 14:56:13.289  1575  1575 I InputMethodEntryManager: InputMethodEntryManager.updateInputMethodEntrySettingsLoadingTask():826 update loading task with resetImplicitlyEnabledEntries is false
10-23 14:56:13.289  1575  1575 I InputMethodEntryManager: InputMethodEntryManager$5.onFailure():869 Fail load entries [LanguageTagVariantTuple{languageTag=en-US, variant=qwerty}]
10-23 14:56:13.289  1575  1575 I InputMethodEntryManager: InputMethodEntryManager.startLoadingInputMethodEntrySettings():739 Start loading input method entry settings: [LanguageTagVariantTuple{languageTag=en-US, variant=qwerty}]
10-23 14:56:13.289  1575  1575 I InputMethodEntryManager: InputMethodEntryManager.updateInputMethodEntrySettingsLoadingTask():826 update loading task with resetImplicitlyEnabledEntries is false
10-23 14:56:13.289  1575  1575 I InputMethodEntryManager: InputMethodEntryManager$5.onFailure():869 Fail load entries [LanguageTagVariantTuple{languageTag=en-US, variant=qwerty}]
10-23 14:56:13.289  1575  1575 I InputMethodEntryManager: InputMethodEntryManager.startLoadingInputMethodEntrySettings():739 Start loading input method entry settings: [LanguageTagVariantTuple{languageTag=en-US, variant=qwerty}]
10-23 14:56:13.289  1575  1575 I InputMethodEntryManager: InputMethodEntryManager.updateInputMethodEntrySettingsLoadingTask():826 update loading task with resetImplicitlyEnabledEntries is false
10-23 14:56:13.289  1575  1950 I SP      : Registering emoji.2023020111, url: https://www.gstatic.com/android/keyboard/modelpack/emoji/20230201113008/superpacks_manifest.zip, constraints: m:*:*:*, flags: fg, requested: 2023020111, current: -1
10-23 14:56:13.290  1575  1575 I ClipboardDataHandler: ClipboardDataHandler.updateScreenshotsContentObserver():269 Disable the feature of handling screenshots in the clipboard.
10-23 14:56:13.291  1575  1575 I InputMethodEntryManager: InputMethodEntryManager$5.onFailure():869 Fail load entries [LanguageTagVariantTuple{languageTag=en-US, variant=qwerty}]
10-23 14:56:13.291  1575  1575 I InputMethodEntryManager: InputMethodEntryManager.startLoadingInputMethodEntrySettings():739 Start loading input method entry settings: [LanguageTagVariantTuple{languageTag=en-US, variant=qwerty}]
10-23 14:56:13.291  1575  1575 I InputMethodEntryManager: InputMethodEntryManager.updateInputMethodEntrySettingsLoadingTask():826 update loading task with resetImplicitlyEnabledEntries is false
10-23 14:56:13.291  1575  1575 I InputMethodEntryManager: InputMethodEntryManager$5.onFailure():869 Fail load entries [LanguageTagVariantTuple{languageTag=en-US, variant=qwerty}]
10-23 14:56:13.291  1575  1575 I InputMethodEntryManager: InputMethodEntryManager.startLoadingInputMethodEntrySettings():739 Start loading input method entry settings: [LanguageTagVariantTuple{languageTag=en-US, variant=qwerty}]
10-23 14:56:13.292  1575  1575 I InputMethodEntryManager: InputMethodEntryManager.updateInputMethodEntrySettingsLoadingTask():826 update loading task with resetImplicitlyEnabledEntries is false
10-23 14:56:13.292  1575  1575 I InputMethodEntryManager: InputMethodEntryManager$5.onFailure():869 Fail load entries [LanguageTagVariantTuple{languageTag=en-US, variant=qwerty}]
10-23 14:56:13.292  1575  1575 I InputMethodEntryManager: InputMethodEntryManager.startLoadingInputMethodEntrySettings():739 Start loading input method entry settings: [LanguageTagVariantTuple{languageTag=en-US, variant=qwerty}]
10-23 14:56:13.292  1575  1575 I InputMethodEntryManager: InputMethodEntryManager.updateInputMethodEntrySettingsLoadingTask():826 update loading task with resetImplicitlyEnabledEntries is false
10-23 14:56:13.293  1575  1575 I InputMethodEntryManager: InputMethodEntryManager$5.onFailure():869 Fail load entries [LanguageTagVariantTuple{languageTag=en-US, variant=qwerty}]
10-23 14:56:13.293  1575  1575 I InputMethodEntryManager: InputMethodEntryManager.startLoadingInputMethodEntrySettings():739 Start loading input method entry settings: [LanguageTagVariantTuple{languageTag=en-US, variant=qwerty}]
10-23 14:56:13.293  1575  1575 I InputMethodEntryManager: InputMethodEntryManager.updateInputMethodEntrySettingsLoadingTask():826 update loading task with resetImplicitlyEnabledEntries is false
10-23 14:56:13.296  1575  1575 I SuperDelight: SuperDelightManager.initializeDelightSuperpacks():340 initializeDelightSuperpacks()
10-23 14:56:13.296  1575  1575 I SuperDelight: SuperDelightManager.getDelightMetadataUriAndVersion():1011 getDelightMetadataUriAndVersion(): Phenotype : 2023020919 : https://www.gstatic.com/android/keyboard/dictionarypack/Omei-normal/metadata.json
10-23 14:56:13.298  1657  1657 I AiAiEcho: AppFetcherImpl onPackageChanged com.google.android.apps.messaging.
10-23 14:56:13.302  1657  3692 I AiAiEcho: AppIndexer Package:[com.google.android.apps.messaging] UserProfile:[0] Enabled:[true].
10-23 14:56:13.304  1575  1575 I SuperDelight: SuperDelightAppsSuperpacksManager.initializeDelightAppsSuperpacks():92 initializeDelightAppsSuperpacks()
10-23 14:56:13.305  1575  1965 I PhenotypeModule: PhenotypeModule.handlePhenotypeConfigurationUpdatesInternal():350 Latency of updating configurations from phenotype (experiment v4): 28
10-23 14:56:13.305  1575  1965 I PhenotypeModule: PhenotypeModule.handlePhenotypeConfigurationUpdates():277 Latency of updating configurations from phenotype (ExperimentV4): 28
10-23 14:56:13.311  1575  1965 I PhenotypeModule: PhenotypeModule.lambda$fetchAndUpdate$2():220 fetchAndUpdate() : Success, hasFlags=true, fetchStatus=2023-10-23 14:56:12{reason=2, isFullFetch=true, success=true, isEmpty=false, isDelta=false, fetchedFlagsCount=1063, deletedFlagsCount=0, updatedFlagsCount=0, totalTime=361}
10-23 14:56:13.311  5669  5669 I BugleRcsEngine: [2] SystemBindingService.onCreate: SystemBindingService onCreate
10-23 14:56:13.312  1575  1575 I EmojiExtensionHelper: EmojiExtensionHelper.flagsUpdated():144 Received flag change: enable_emoji_tall_view{type=Boolean, finalValue=true, DEFAULT=false, PHENOTYPE=true}.
10-23 14:56:13.313  1575  1575 I EmojiExtensionHelper: EmojiExtensionHelper.flagsUpdated():144 Received flag change: contextual_emoji_suggestion_enabled_languages{type=String, finalValue=en, DEFAULT=, PHENOTYPE=en}.
10-23 14:56:13.313  1575  1575 I AbstractOpenableExtension: AbstractOpenableExtension.maybeDestroyExistingKeyboardGroupManager():512 Destroy existing keyboard group manager in eco
10-23 14:56:13.314  1575  1575 I AbstractOpenableExtension: AbstractOpenableExtension.createKeyboardGroupManagerListenableFuture():124 Create keyboard group manager listenable future in eco
10-23 14:56:13.314   524   555 I AppBindingService: Connected: com.google.android.apps.messaging/com.google.android.ims.binding.SystemBindingService u0
10-23 14:56:13.314  1575  1950 I SP      : Requesting download of URL https://www.gstatic.com/android/keyboard/modelpack/emoji/20230201113008/superpacks_manifest.zip to emoji-2023020111.zip.fetched (constraints: m:b:u:l)
10-23 14:56:13.316  1657  3692 I AiAiEcho: AppFetcherImplV2 updateApps package:[com.google.android.apps.messaging], userId:[0], reason:[package is updated.].
10-23 14:56:13.319  1575  1950 I SP      : Registering emoji.2023020111, url: https://www.gstatic.com/android/keyboard/modelpack/emoji/20230201113008/superpacks_manifest.zip, constraints: m:*:*:*, flags: fg, requested: 2023020111, current: -1
10-23 14:56:13.320  1575  1950 I SP      : Registering content_cache.2022112214, url: https://www.gstatic.com/android/keyboard/modelpack/contentcache/202211221443/superpacks_manifest.json, constraints: W:*:*:*, flags: bg, requested: 2022112214, current: 2020101916
10-23 14:56:13.333   413  1028 D audioserver: FGS Logger Transaction failed
10-23 14:56:13.333   413  1028 D audioserver: -129
10-23 14:56:13.339  1671  1714 D CompatibilityChangeReporter: Compat change id reported: 150939131; UID 10160; state: ENABLED
10-23 14:56:13.351  1575  1637 I AbstractOpenableExtension: AbstractOpenableExtension.maybeDestroyExistingKeyboardGroupManager():512 Destroy existing keyboard group manager in csi
10-23 14:56:13.351  1575  1637 I AbstractOpenableExtension: AbstractOpenableExtension.createKeyboardGroupManagerListenableFuture():124 Create keyboard group manager listenable future in csi
10-23 14:56:13.356  5669  5730 I BugleRcsEngine: [66] bptx.run: SystemBindingService: Starting JibeService
10-23 14:56:13.376   524   534 I system_server: Background young concurrent copying GC freed 402320(16MB) AllocSpace objects, 13(260KB) LOS objects, 31% free, 34MB/50MB, paused 2.167ms,35us total 120.111ms
10-23 14:56:13.393   524  2040 D ConnectivityService: requestNetwork for uid/pid:10122/5669 activeRequest: null callbackRequest: 142 [NetworkRequest [ REQUEST id=143, [ Capabilities: INTERNET&NOT_RESTRICTED&TRUSTED&NOT_VCN_MANAGED Uid: 10122 RequestorUid: 10122 RequestorPkg: com.google.android.apps.messaging UnderlyingNetworks: Null] ]] callback flags: 0 order: 2147483647
10-23 14:56:13.397   524   797 D ConnectivityService: NetReassign [143 : null  100] [c 0] [a 0] [i 2]
10-23 14:56:13.399   524   790 D WifiNetworkFactory: got request NetworkRequest [ REQUEST id=143, [ Capabilities: INTERNET&NOT_RESTRICTED&TRUSTED&NOT_VCN_MANAGED Uid: 10122 RequestorUid: 10122 RequestorPkg: com.google.android.apps.messaging UnderlyingNetworks: Null] ]
10-23 14:56:13.403  5669  5730 I BugleRcsEngine: [66] bsgz.b: EngineBroadcaster: Broadcasting provisioning intent rcs.intent.action.rcsSystemBinding to Bugle with extras redacted-pii:[null] from source SYSTEM_BINDING_SERVICE
10-23 14:56:13.406   413   476 D AudioFlinger: mixer(0x71c593623930) throttle end: throttle time(2)
10-23 14:56:13.414   524   790 D UntrustedWifiNetworkFactory: got request NetworkRequest [ REQUEST id=143, [ Capabilities: INTERNET&NOT_RESTRICTED&TRUSTED&NOT_VCN_MANAGED Uid: 10122 RequestorUid: 10122 RequestorPkg: com.google.android.apps.messaging UnderlyingNetworks: Null] ]
10-23 14:56:13.414   524   790 D OemPaidWifiNetworkFactory: got request NetworkRequest [ REQUEST id=143, [ Capabilities: INTERNET&NOT_RESTRICTED&TRUSTED&NOT_VCN_MANAGED Uid: 10122 RequestorUid: 10122 RequestorPkg: com.google.android.apps.messaging UnderlyingNetworks: Null] ]
10-23 14:56:13.414   524   790 D MultiInternetWifiNetworkFactory: got request NetworkRequest [ REQUEST id=143, [ Capabilities: INTERNET&NOT_RESTRICTED&TRUSTED&NOT_VCN_MANAGED Uid: 10122 RequestorUid: 10122 RequestorPkg: com.google.android.apps.messaging UnderlyingNetworks: Null] ]
10-23 14:56:13.416  1575  1637 I KeyboardGroupDefParser: KeyboardGroupDefParser.parseKeyboardGroupDef():88 parseKeyboardGroupDef() 2132214027 -> 0_resource_name_obfuscated : WaitTime = 37 ms : RunTime = 38 ms
10-23 14:56:13.416  1575  1637 I SuperDelight: SuperDelightManager.lambda$registerAndUpgradeSuperpacks$5():476 SuperDelightManager#registerAndUpgradeSuperpacks(delight): current 2022101700, required 2023020919
10-23 14:56:13.429  1575  1575 I SpeechPackManager: SpeechPackManager.refreshManifest():352 refreshManifest()
10-23 14:56:13.429  1575  1575 I SpeechPackManager: SpeechPackManager.registerManifest():451 registerManifest() : https://dl.google.com/android/voice/gboard/terse/superpacks-manifest-20210519.json
10-23 14:56:13.430  1575  1575 I AbstractOpenableExtension: AbstractOpenableExtension$3.onSuccess():525 KeyboardGroupManager destroyed in eco.
10-23 14:56:13.438  1468  6035 I Icing   : Indexing com.google.android.gms-apps from com.google.android.gms
10-23 14:56:13.443  1575  1618 W MetricsManager: MetricsManager.addProcessorImpl():614 Processor dzr@a49cc3 already exists.
10-23 14:56:13.444  1671  1854 I MediaProvider: Changed PhotoPickerGetContentActivity component state to STATE_ENABLED ( 1 )
10-23 14:56:13.446  1468  6035 I Icing   : Indexing com.google.android.gms-internal.3p:MobileApplication from com.google.android.gms
10-23 14:56:13.449  1575  1637 I KeyboardGroupDefParser: KeyboardGroupDefParser.parseKeyboardGroupDef():88 parseKeyboardGroupDef() 2132214028 -> 0_resource_name_obfuscated : WaitTime = 102 ms : RunTime = 32 ms
10-23 14:56:13.455  1575  1618 I JobSchedulerImpl: JobSchedulerImpl.schedule():91 Schedule task: ExpressionDataPrunePeriodicTask (id=1111301416). Success.
10-23 14:56:13.455  1575  1618 W MetricsManager: MetricsManager.addProcessorImpl():614 Processor dzr@415db35 already exists.
10-23 14:56:13.456  1575  1618 I UserFeatureCache: UserFeatureCache.onCreate():309 onCreate()
10-23 14:56:13.459  1671  1854 I MediaProvider: Changed PhotoPickerUserSelectActivity component state to STATE_ENABLED ( 1 )
10-23 14:56:13.460  1575  1618 W UserFeatureCache: UserFeatureCache.addRegisteredDataStores():141 Feature misses namespace: id = 1
10-23 14:56:13.460  1575  1618 W UserFeatureCache: UserFeatureCache.addRegisteredDataStores():141 Feature misses namespace: id = 2
10-23 14:56:13.460  1575  1618 W UserFeatureCache: UserFeatureCache.addRegisteredDataStores():141 Feature misses namespace: id = 3
10-23 14:56:13.460  1575  1618 W UserFeatureCache: UserFeatureCache.addRegisteredDataStores():141 Feature misses namespace: id = 5
10-23 14:56:13.460  1575  1618 W UserFeatureCache: UserFeatureCache.addRegisteredDataStores():141 Feature misses namespace: id = 6
10-23 14:56:13.460  1575  1618 W UserFeatureCache: UserFeatureCache.addRegisteredDataStores():141 Feature misses namespace: id = 7
10-23 14:56:13.460  1575  1618 W UserFeatureCache: UserFeatureCache.addRegisteredDataStores():141 Feature misses namespace: id = 8
10-23 14:56:13.460  1575  1618 W UserFeatureCache: UserFeatureCache.addRegisteredDataStores():141 Feature misses namespace: id = 9
10-23 14:56:13.463  5669  6053 I BugleRcsEngine: [80] bscr.run: Creating JibeServiceComponent
10-23 14:56:13.465  1575  1637 I AbstractOpenableExtension: AbstractOpenableExtension.maybeDestroyExistingKeyboardGroupManager():512 Destroy existing keyboard group manager in een
10-23 14:56:13.466  1575  1637 I AbstractOpenableExtension: AbstractOpenableExtension.createKeyboardGroupManagerListenableFuture():124 Create keyboard group manager listenable future in een
10-23 14:56:13.468  1671  1854 I TranscodeHelper: Empty transcode compat stale
10-23 14:56:13.474  1671  1854 I TranscodeHelper: Parsed 0 packages from resource
10-23 14:56:13.474  1671  1854 I TranscodeHelper: Parsed 8 packages from device config
10-23 14:56:13.476  5669  5728 W BugleRcsEngine: [64] bpxc.w: Unable to send diagnostic log
10-23 14:56:13.486  5669  5730 D CompatibilityChangeReporter: Compat change id reported: 160794467; UID 10122; state: ENABLED
10-23 14:56:13.487  1575  1950 I SP      : Scheduling job with delay of 0s for {W:b:u:l, bg}, 1 candidates
10-23 14:56:13.489  1575  1638 I KeyboardGroupDefParser: KeyboardGroupDefParser.parseKeyboardGroupDef():88 parseKeyboardGroupDef() 2132214033 -> 0_resource_name_obfuscated : WaitTime = 132 ms : RunTime = 6 ms
10-23 14:56:13.489  1575  1575 I BaseClearcutAdapter: BaseClearcutAdapter.lambda$queryAndUpdateUserCheckboxOptIn$1():266 Checkbox = false
10-23 14:56:13.493   413   476 D audioserver: FGS Logger Transaction failed
10-23 14:56:13.493   413   476 D audioserver: -129
10-23 14:56:13.495  1575  1575 I SpBackgroundTask: SuperpacksBackgroundJobService.onStartJob():23 onStartJob: android.app.job.JobParameters@6feaa64
10-23 14:56:13.496  1575  1575 I SP      : ====> Starting job {W:b:u:l, bg}
10-23 14:56:13.497  1575  1637 I InputContextSharingModule: InputContextSharingModule.onCreate():44 onCreate()
10-23 14:56:13.500  1575  1637 I SuperDelight: SuperDelightManager.initializeDelightSuperpacks():340 initializeDelightSuperpacks()
10-23 14:56:13.505  1348  6033 I NamespaceManager: Package com.android.refreshratecontrol name not found! Using module version.
10-23 14:56:13.508  1348  6033 I NamespaceManager: Package com.google.oslo name not found! Using module version.
10-23 14:56:13.510  5669  6053 I BugleRcsEngine: [80] bscd.o: (Sim): Processing an intent
10-23 14:56:13.510  5669  6053 I BugleRcsEngine: [80] bscd.z: (Sim): Ignoring duplicate SIM state: LOADED
10-23 14:56:13.510  5669  6053 I BugleRcsEngine: [80] bqbp.a: Initializing Carrier Services Logging.
10-23 14:56:13.510  5669  6053 D BugleRcsEngine: log_saver already enabled
10-23 14:56:13.511  1671  1854 I MediaApplication: PhotoPickerSettingsActivity is now disabled.
10-23 14:56:13.512  1348  6033 I NamespaceManager: Package com.android.media name not found! Using module version.
10-23 14:56:13.513  1348  6033 I NamespaceManager: Package com.android.media.swcodec name not found! Using module version.
10-23 14:56:13.513  1575  1637 I SuperDelight: SuperDelightManager.getDelightMetadataUriAndVersion():1011 getDelightMetadataUriAndVersion(): Phenotype : 2023020919 : https://www.gstatic.com/android/keyboard/dictionarypack/Omei-normal/metadata.json
10-23 14:56:13.513  5669  6053 I BugleRcsEngine: [80] RcsEngineProxyImpl.initializeRcsEngineForBugle: RcsEngineProxyImpl:[5a4aaafb-1a0f]: Initializing RCS Engine for Bugle host.
10-23 14:56:13.513  1575  1637 I SuperDelight: SuperDelightAppsSuperpacksManager.initializeDelightAppsSuperpacks():92 initializeDelightAppsSuperpacks()
10-23 14:56:13.515  1348  6033 I NamespaceManager: Package com.android.appsearch name not found! Using module version.
10-23 14:56:13.515  1348  6033 I NamespaceManager: Package com.android.neuralnetworks name not found! Using module version.
10-23 14:56:13.516  1348  6033 I NamespaceManager: Package com.android.media name not found! Using module version.
10-23 14:56:13.517  1348  6033 I NamespaceManager: Package 1 name not found! Using module version.
10-23 14:56:13.518  5669  6053 I BugleRcsEngine: [80] bscd.o: (Sim): Processing an intent
10-23 14:56:13.518  5669  6053 I BugleRcsEngine: [80] bscd.z: (Sim): Ignoring duplicate SIM state: LOADED
10-23 14:56:13.519  1575  1637 I KeyboardGroupDefParser: KeyboardGroupDefParser.parseKeyboardGroupDef():88 parseKeyboardGroupDef() 2132214034 -> 0_resource_name_obfuscated : WaitTime = 52 ms : RunTime = 1 ms
