10-23 14:55:47.458  1093  1117 W SliceDataConverter: 	at java.lang.Class.forName(Class.java:536)
10-23 14:55:47.458  1093  1117 W SliceDataConverter: 	at java.lang.Class.forName(Class.java:467)
10-23 14:55:47.458  1093  1117 W SliceDataConverter: 	at com.android.settings.core.BasePreferenceController.createInstance(BasePreferenceController.java:139)
10-23 14:55:47.458  1093  1117 W SliceDataConverter: 	... 19 more
10-23 14:55:47.458  1093  1117 W SliceDataConverter: Caused by: java.lang.ClassNotFoundException: com.android.settings.development.DevelopmentMemtagFooterPreferenceController
10-23 14:55:47.458  1093  1117 W SliceDataConverter: 	... 23 more
10-23 14:55:47.458  1093  1117 W ElapsedTimeUtils: getElapsedTime: sSuwFinishedTimeStamp is null
10-23 14:55:47.462  1657  2067 I AiAiEcho: #postPredictionTargets: Sending updates to UISurface home with targets# 0 (types=[])
10-23 14:55:47.468  1093  1117 D AssistGesture: mAssistOnly:false, isSupported:false, isSensorAvailable:false
10-23 14:55:47.469  1093  1117 D AssistGesture: mAssistOnly:false, isSupported:false, isSensorAvailable:false
10-23 14:55:47.473   870   870 W PageIndicator: Total number of pages invalid: 0. Assuming 1 page.
10-23 14:55:47.478  3041  3041 I Finsky  : [2] VpaService.h(1): setup::PAI: Stop VpaService because no more work to be done
10-23 14:55:47.491  3041  3041 I Finsky  : [2] VpaService.h(2): Setup Notification: cancel VpaService notification
10-23 14:55:47.498  3041  3041 I Finsky  : [2] VpaService.h(1): setup::PAI: Stop VpaService because no more work to be done
10-23 14:55:47.498  3041  3041 I Finsky  : [2] VpaService.h(2): Setup Notification: cancel VpaService notification
10-23 14:55:47.503  3041  3041 I Finsky  : [2] yrd.accept(66): SCH: Job 10-22 starting
10-23 14:55:47.511  3041  3429 I Finsky  : [44] yse.r(4): SCH: jobFinished: 10-22. TimeElapsed: 5ms.
10-23 14:55:47.541  3041  3041 I Finsky  : [2] yrd.accept(66): SCH: Job 10-30 starting
10-23 14:55:47.543  3041  3041 I Finsky  : [2] yse.r(4): SCH: jobFinished: 10-30. TimeElapsed: 0ms.
10-23 14:55:47.574  1468  1507 I Pay     : Migration flag not enabled. [CONTEXT service_id=198 ]
10-23 14:55:47.590  3741  4031 W PlayCommon: [56] alst.l(1): No account for auth token provided
10-23 14:55:47.590  3741  4031 I PlayCommon: [56] alst.j(183): Connecting to server: https://play.googleapis.com/play/log?format=raw&proto_v2=true
10-23 14:55:47.590  1468  1507 I Pay     : Attempting migration; GP2 not installed. [CONTEXT service_id=198 ]
10-23 14:55:47.599   413   476 D audioserver: FGS Logger Transaction failed
10-23 14:55:47.599   413   476 D audioserver: -129
10-23 14:55:47.610  1093  1117 D CustomizableLockScreenUtils: is_custom_lock_screen_quick_affordances_feature_enabled=1
10-23 14:55:47.632  1348  3945 I AlarmManager: setExactAndAllowWhileIdle [name: GCM_HB_ALARM type: 2 triggerAtMillis: 618083]
10-23 14:55:47.652  3041  3041 I Finsky  : [2] yrd.accept(66): SCH: Job 10-33 starting
10-23 14:55:47.656  3041  5502 W ziparchive: Unable to open '/data/user/0/com.android.vending/app_dg_cache/E6A12851B70E16B828AF4D83C5605D22C16FD9A1/the.dm': No such file or directory
10-23 14:55:47.662  3741  4031 I PlayCommon: [56] alst.j(220): Successfully uploaded logs.
10-23 14:55:47.665  1093  1117 D CustomizableLockScreenUtils: is_custom_lock_screen_quick_affordances_feature_enabled=1
10-23 14:55:47.670  3041  5502 D nativeloader: Configuring clns-8 for other apk . target_sdk_version=33, uses_libraries=ALL, library_path=, permitted_path=/data:/mnt/expand
10-23 14:55:47.677  3041  3041 I Finsky  : [2] AutoUpdateHygieneJob.a(2): AU2: Skipping Auto Update, hygiene is disabled or SU is running
10-23 14:55:47.687  3041  3041 I Finsky  : [2] yse.r(4): SCH: jobFinished: 10-33. TimeElapsed: 29ms.
10-23 14:55:47.704  1093  1117 D CustomizableLockScreenUtils: is_custom_lock_screen_quick_affordances_feature_enabled=1
10-23 14:55:47.730  1348  3945 I AlarmManager: setExactAndAllowWhileIdle [name: GCM_HB_ALARM type: 2 triggerAtMillis: 618181]
10-23 14:55:47.760  3041  3041 I Finsky  : [2] yrd.accept(66): SCH: Job 10-39 starting
10-23 14:55:47.763  3041  3041 I Finsky  : [2] DevTriggeredUpdateHygieneJob.a(1): Running dev-triggered-update hygiene
10-23 14:55:47.801  3041  5601 W android.vending: Accessing hidden method Ljava/util/Random;->internalNextDouble(DD)D (max-target-o, linking, denied)
10-23 14:55:47.801  3041  5601 W android.vending: Accessing hidden method Ljava/util/Random;->internalNextDouble(DD)D (max-target-o, linking, denied)
10-23 14:55:47.801  3041  5601 W android.vending: Accessing hidden method Ljava/util/Random;->internalNextInt(II)I (max-target-o, linking, denied)
10-23 14:55:47.801  3041  5601 W android.vending: Accessing hidden method Ljava/util/Random;->internalNextInt(II)I (max-target-o, linking, denied)
10-23 14:55:47.802  1468  1507 I Pay     : Attempting migration; GP2 not installed. [CONTEXT service_id=198 ]
10-23 14:55:47.802  3041  5601 W android.vending: Accessing hidden method Ljava/util/Random;->internalNextLong(JJ)J (max-target-o, linking, denied)
10-23 14:55:47.802  3041  5601 W android.vending: Accessing hidden method Ljava/util/Random;->internalNextLong(JJ)J (max-target-o, linking, denied)
10-23 14:55:47.824  1093  1117 W SliceDataConverter: Get slice data from XML failed
10-23 14:55:47.824  1093  1117 W SliceDataConverter: java.lang.IllegalStateException: Invalid preference controller: com.android.settings.network.telephony.CallsDefaultSubscriptionController
10-23 14:55:47.824  1093  1117 W SliceDataConverter: 	at com.android.settings.core.BasePreferenceController.createInstance(BasePreferenceController.java:146)
10-23 14:55:47.824  1093  1117 W SliceDataConverter: 	at com.android.settings.slices.SliceBuilderUtils.getPreferenceController(SliceBuilderUtils.java:354)
10-23 14:55:47.824  1093  1117 W SliceDataConverter: 	at com.android.settings.slices.SliceDataConverter.getSliceDataFromXML(SliceDataConverter.java:204)
10-23 14:55:47.824  1093  1117 W SliceDataConverter: 	at com.android.settings.slices.SliceDataConverter.getSliceDataFromProvider(SliceDataConverter.java:149)
10-23 14:55:47.824  1093  1117 W SliceDataConverter: 	at com.android.settings.slices.SliceDataConverter.getSliceData(SliceDataConverter.java:119)
10-23 14:55:47.824  1093  1117 W SliceDataConverter: 	at com.android.settings.slices.SlicesIndexer.getSliceData(SlicesIndexer.java:94)
10-23 14:55:47.824  1093  1117 W SliceDataConverter: 	at com.android.settings.slices.SlicesIndexer.indexSliceData(SlicesIndexer.java:75)
10-23 14:55:47.824  1093  1117 W SliceDataConverter: 	at com.android.settings.slices.SlicesFeatureProviderImpl.indexSliceData(SlicesFeatureProviderImpl.java:63)
10-23 14:55:47.824  1093  1117 W SliceDataConverter: 	at com.android.settings.slices.SlicesDatabaseAccessor.verifyIndexing(SlicesDatabaseAccessor.java:194)
10-23 14:55:47.824  1093  1117 W SliceDataConverter: 	at com.android.settings.slices.SlicesDatabaseAccessor.getSliceUris(SlicesDatabaseAccessor.java:96)
10-23 14:55:47.824  1093  1117 W SliceDataConverter: 	at com.android.settings.slices.SettingsSliceProvider.onGetSliceDescendants(SettingsSliceProvider.java:337)
10-23 14:55:47.824  1093  1117 W SliceDataConverter: 	at androidx.slice.compat.SliceProviderWrapperContainer$SliceProviderWrapper.onGetSliceDescendants(SliceProviderWrapperContainer.java:166)
10-23 14:55:47.824  1093  1117 W SliceDataConverter: 	at android.app.slice.SliceProvider.handleGetDescendants(SliceProvider.java:425)
10-23 14:55:47.824  1093  1117 W SliceDataConverter: 	at android.app.slice.SliceProvider.call(SliceProvider.java:406)
10-23 14:55:47.824  1093  1117 W SliceDataConverter: 	at androidx.slice.compat.SliceProviderWrapperContainer$SliceProviderWrapper.call(SliceProviderWrapperContainer.java:123)
10-23 14:55:47.824  1093  1117 W SliceDataConverter: 	at android.content.ContentProvider.call(ContentProvider.java:2679)
10-23 14:55:47.824  1093  1117 W SliceDataConverter: 	at android.content.ContentProvider$Transport.call(ContentProvider.java:628)
10-23 14:55:47.824  1093  1117 W SliceDataConverter: 	at android.content.ContentProviderNative.onTransact(ContentProviderNative.java:307)
10-23 14:55:47.824  1093  1117 W SliceDataConverter: 	at android.os.Binder.execTransactInternal(Binder.java:1339)
10-23 14:55:47.824  1093  1117 W SliceDataConverter: 	at android.os.Binder.execTransact(Binder.java:1275)
10-23 14:55:47.824  1093  1117 W SliceDataConverter: Caused by: java.lang.NoSuchMethodException: com.android.settings.network.telephony.CallsDefaultSubscriptionController.<init> [class android.content.Context, class java.lang.String]
10-23 14:55:47.824  1093  1117 W SliceDataConverter: 	at java.lang.Class.getConstructor0(Class.java:3325)
10-23 14:55:47.824  1093  1117 W SliceDataConverter: 	at java.lang.Class.getConstructor(Class.java:2485)
10-23 14:55:47.824  1093  1117 W SliceDataConverter: 	at com.android.settings.core.BasePreferenceController.createInstance(BasePreferenceController.java:141)
10-23 14:55:47.824  1093  1117 W SliceDataConverter: 	... 19 more
10-23 14:55:47.824  1093  1117 W ElapsedTimeUtils: getElapsedTime: sSuwFinishedTimeStamp is null
10-23 14:55:47.828  1348  3945 I AlarmManager: setExactAndAllowWhileIdle [name: GCM_HB_ALARM type: 2 triggerAtMillis: 618279]
10-23 14:55:47.846  1468  1507 I Pay     : Migration flag not enabled. [CONTEXT service_id=198 ]
10-23 14:55:47.846  1468  1507 I Pay     : Migration flag not enabled. [CONTEXT service_id=198 ]
10-23 14:55:47.846  1468  1507 I Pay     : Migration flag not enabled. [CONTEXT service_id=198 ]
10-23 14:55:47.846  1468  1507 I Pay     : Migration flag not enabled. [CONTEXT service_id=198 ]
10-23 14:55:47.848  1093  1117 W SliceDataConverter: Get slice data from XML failed
10-23 14:55:47.848  1093  1117 W SliceDataConverter: java.lang.IllegalStateException: Invalid preference controller: com.android.settings.fuelgauge.batteryusage.BatteryChartPreferenceController
10-23 14:55:47.848  1093  1117 W SliceDataConverter: 	at com.android.settings.core.BasePreferenceController.createInstance(BasePreferenceController.java:146)
10-23 14:55:47.848  1093  1117 W SliceDataConverter: 	at com.android.settings.slices.SliceBuilderUtils.getPreferenceController(SliceBuilderUtils.java:354)
10-23 14:55:47.848  1093  1117 W SliceDataConverter: 	at com.android.settings.slices.SliceDataConverter.getSliceDataFromXML(SliceDataConverter.java:204)
10-23 14:55:47.848  1093  1117 W SliceDataConverter: 	at com.android.settings.slices.SliceDataConverter.getSliceDataFromProvider(SliceDataConverter.java:149)
10-23 14:55:47.848  1093  1117 W SliceDataConverter: 	at com.android.settings.slices.SliceDataConverter.getSliceData(SliceDataConverter.java:119)
10-23 14:55:47.848  1093  1117 W SliceDataConverter: 	at com.android.settings.slices.SlicesIndexer.getSliceData(SlicesIndexer.java:94)
10-23 14:55:47.848  1093  1117 W SliceDataConverter: 	at com.android.settings.slices.SlicesIndexer.indexSliceData(SlicesIndexer.java:75)
10-23 14:55:47.848  1093  1117 W SliceDataConverter: 	at com.android.settings.slices.SlicesFeatureProviderImpl.indexSliceData(SlicesFeatureProviderImpl.java:63)
10-23 14:55:47.848  1093  1117 W SliceDataConverter: 	at com.android.settings.slices.SlicesDatabaseAccessor.verifyIndexing(SlicesDatabaseAccessor.java:194)
10-23 14:55:47.848  1093  1117 W SliceDataConverter: 	at com.android.settings.slices.SlicesDatabaseAccessor.getSliceUris(SlicesDatabaseAccessor.java:96)
10-23 14:55:47.848  1093  1117 W SliceDataConverter: 	at com.android.settings.slices.SettingsSliceProvider.onGetSliceDescendants(SettingsSliceProvider.java:337)
10-23 14:55:47.848  1093  1117 W SliceDataConverter: 	at androidx.slice.compat.SliceProviderWrapperContainer$SliceProviderWrapper.onGetSliceDescendants(SliceProviderWrapperContainer.java:166)
10-23 14:55:47.848  1093  1117 W SliceDataConverter: 	at android.app.slice.SliceProvider.handleGetDescendants(SliceProvider.java:425)
10-23 14:55:47.848  1093  1117 W SliceDataConverter: 	at android.app.slice.SliceProvider.call(SliceProvider.java:406)
10-23 14:55:47.848  1093  1117 W SliceDataConverter: 	at androidx.slice.compat.SliceProviderWrapperContainer$SliceProviderWrapper.call(SliceProviderWrapperContainer.java:123)
10-23 14:55:47.848  1093  1117 W SliceDataConverter: 	at android.content.ContentProvider.call(ContentProvider.java:2679)
10-23 14:55:47.848  1093  1117 W SliceDataConverter: 	at android.content.ContentProvider$Transport.call(ContentProvider.java:628)
10-23 14:55:47.848  1093  1117 W SliceDataConverter: 	at android.content.ContentProviderNative.onTransact(ContentProviderNative.java:307)
10-23 14:55:47.848  1093  1117 W SliceDataConverter: 	at android.os.Binder.execTransactInternal(Binder.java:1339)
10-23 14:55:47.848  1093  1117 W SliceDataConverter: 	at android.os.Binder.execTransact(Binder.java:1275)
10-23 14:55:47.848  1093  1117 W SliceDataConverter: Caused by: java.lang.NoSuchMethodException: com.android.settings.fuelgauge.batteryusage.BatteryChartPreferenceController.<init> [class android.content.Context, class java.lang.String]
10-23 14:55:47.848  1093  1117 W SliceDataConverter: 	at java.lang.Class.getConstructor0(Class.java:3325)
10-23 14:55:47.848  1093  1117 W SliceDataConverter: 	at java.lang.Class.getConstructor(Class.java:2485)
10-23 14:55:47.848  1093  1117 W SliceDataConverter: 	at com.android.settings.core.BasePreferenceController.createInstance(BasePreferenceController.java:141)
10-23 14:55:47.848  1093  1117 W SliceDataConverter: 	... 19 more
10-23 14:55:47.848  1093  1117 W ElapsedTimeUtils: getElapsedTime: sSuwFinishedTimeStamp is null
10-23 14:55:47.850  1093  1117 W SliceDataConverter: Get slice data from XML failed
10-23 14:55:47.850  1093  1117 W SliceDataConverter: java.lang.IllegalStateException: Invalid preference controller: com.android.settings.network.NetworkProviderSimsCategoryController
10-23 14:55:47.850  1093  1117 W SliceDataConverter: 	at com.android.settings.core.BasePreferenceController.createInstance(BasePreferenceController.java:146)
10-23 14:55:47.850  1093  1117 W SliceDataConverter: 	at com.android.settings.slices.SliceBuilderUtils.getPreferenceController(SliceBuilderUtils.java:354)
10-23 14:55:47.850  1093  1117 W SliceDataConverter: 	at com.android.settings.slices.SliceDataConverter.getSliceDataFromXML(SliceDataConverter.java:204)
10-23 14:55:47.850  1093  1117 W SliceDataConverter: 	at com.android.settings.slices.SliceDataConverter.getSliceDataFromProvider(SliceDataConverter.java:149)
10-23 14:55:47.850  1093  1117 W SliceDataConverter: 	at com.android.settings.slices.SliceDataConverter.getSliceData(SliceDataConverter.java:119)
10-23 14:55:47.850  1093  1117 W SliceDataConverter: 	at com.android.settings.slices.SlicesIndexer.getSliceData(SlicesIndexer.java:94)
10-23 14:55:47.850  1093  1117 W SliceDataConverter: 	at com.android.settings.slices.SlicesIndexer.indexSliceData(SlicesIndexer.java:75)
10-23 14:55:47.850  1093  1117 W SliceDataConverter: 	at com.android.settings.slices.SlicesFeatureProviderImpl.indexSliceData(SlicesFeatureProviderImpl.java:63)
10-23 14:55:47.850  1093  1117 W SliceDataConverter: 	at com.android.settings.slices.SlicesDatabaseAccessor.verifyIndexing(SlicesDatabaseAccessor.java:194)
10-23 14:55:47.850  1093  1117 W SliceDataConverter: 	at com.android.settings.slices.SlicesDatabaseAccessor.getSliceUris(SlicesDatabaseAccessor.java:96)
10-23 14:55:47.850  1093  1117 W SliceDataConverter: 	at com.android.settings.slices.SettingsSliceProvider.onGetSliceDescendants(SettingsSliceProvider.java:337)
10-23 14:55:47.850  1093  1117 W SliceDataConverter: 	at androidx.slice.compat.SliceProviderWrapperContainer$SliceProviderWrapper.onGetSliceDescendants(SliceProviderWrapperContainer.java:166)
10-23 14:55:47.850  1093  1117 W SliceDataConverter: 	at android.app.slice.SliceProvider.handleGetDescendants(SliceProvider.java:425)
10-23 14:55:47.850  1093  1117 W SliceDataConverter: 	at android.app.slice.SliceProvider.call(SliceProvider.java:406)
10-23 14:55:47.850  1093  1117 W SliceDataConverter: 	at androidx.slice.compat.SliceProviderWrapperContainer$SliceProviderWrapper.call(SliceProviderWrapperContainer.java:123)
10-23 14:55:47.850  1093  1117 W SliceDataConverter: 	at android.content.ContentProvider.call(ContentProvider.java:2679)
10-23 14:55:47.850  1093  1117 W SliceDataConverter: 	at android.content.ContentProvider$Transport.call(ContentProvider.java:628)
10-23 14:55:47.850  1093  1117 W SliceDataConverter: 	at android.content.ContentProviderNative.onTransact(ContentProviderNative.java:307)
10-23 14:55:47.850  1093  1117 W SliceDataConverter: 	at android.os.Binder.execTransactInternal(Binder.java:1339)
10-23 14:55:47.850  1093  1117 W SliceDataConverter: 	at android.os.Binder.execTransact(Binder.java:1275)
10-23 14:55:47.850  1093  1117 W SliceDataConverter: Caused by: java.lang.NoSuchMethodException: com.android.settings.network.NetworkProviderSimsCategoryController.<init> [class android.content.Context, class java.lang.String]
10-23 14:55:47.850  1093  1117 W SliceDataConverter: 	at java.lang.Class.getConstructor0(Class.java:3325)
10-23 14:55:47.850  1093  1117 W SliceDataConverter: 	at java.lang.Class.getConstructor(Class.java:2485)
10-23 14:55:47.850  1093  1117 W SliceDataConverter: 	at com.android.settings.core.BasePreferenceController.createInstance(BasePreferenceController.java:141)
10-23 14:55:47.850  1093  1117 W SliceDataConverter: 	... 19 more
10-23 14:55:47.851  1093  1117 W ElapsedTimeUtils: getElapsedTime: sSuwFinishedTimeStamp is null
10-23 14:55:47.854  1468  1507 I Pay     : [SeTosMigration] walletJpEligibility is not enabled [CONTEXT service_id=198 ]
10-23 14:55:47.860  1468  1507 I Pay     : Wallet install state NOT_INSTALLED [CONTEXT service_id=198 ]
10-23 14:55:47.865  1468  1507 I Pay     : Migration flag not enabled. [CONTEXT service_id=198 ]
10-23 14:55:47.866  1093  1117 W SliceDataConverter: Get slice data from XML failed
10-23 14:55:47.866  1093  1117 W SliceDataConverter: java.lang.IllegalStateException: Invalid preference controller: com.android.settings.applications.appinfo.ManageAppLocalePreferenceController
10-23 14:55:47.866  1093  1117 W SliceDataConverter: 	at com.android.settings.core.BasePreferenceController.createInstance(BasePreferenceController.java:146)
10-23 14:55:47.866  1093  1117 W SliceDataConverter: 	at com.android.settings.slices.SliceBuilderUtils.getPreferenceController(SliceBuilderUtils.java:354)
10-23 14:55:47.866  1093  1117 W SliceDataConverter: 	at com.android.settings.slices.SliceDataConverter.getSliceDataFromXML(SliceDataConverter.java:204)
10-23 14:55:47.866  1093  1117 W SliceDataConverter: 	at com.android.settings.slices.SliceDataConverter.getSliceDataFromProvider(SliceDataConverter.java:149)
10-23 14:55:47.866  1093  1117 W SliceDataConverter: 	at com.android.settings.slices.SliceDataConverter.getSliceData(SliceDataConverter.java:119)
10-23 14:55:47.866  1093  1117 W SliceDataConverter: 	at com.android.settings.slices.SlicesIndexer.getSliceData(SlicesIndexer.java:94)
10-23 14:55:47.866  1093  1117 W SliceDataConverter: 	at com.android.settings.slices.SlicesIndexer.indexSliceData(SlicesIndexer.java:75)
10-23 14:55:47.866  1093  1117 W SliceDataConverter: 	at com.android.settings.slices.SlicesFeatureProviderImpl.indexSliceData(SlicesFeatureProviderImpl.java:63)
10-23 14:55:47.866  1093  1117 W SliceDataConverter: 	at com.android.settings.slices.SlicesDatabaseAccessor.verifyIndexing(SlicesDatabaseAccessor.java:194)
10-23 14:55:47.866  1093  1117 W SliceDataConverter: 	at com.android.settings.slices.SlicesDatabaseAccessor.getSliceUris(SlicesDatabaseAccessor.java:96)
10-23 14:55:47.866  1093  1117 W SliceDataConverter: 	at com.android.settings.slices.SettingsSliceProvider.onGetSliceDescendants(SettingsSliceProvider.java:337)
10-23 14:55:47.866  1093  1117 W SliceDataConverter: 	at androidx.slice.compat.SliceProviderWrapperContainer$SliceProviderWrapper.onGetSliceDescendants(SliceProviderWrapperContainer.java:166)
10-23 14:55:47.866  1093  1117 W SliceDataConverter: 	at android.app.slice.SliceProvider.handleGetDescendants(SliceProvider.java:425)
10-23 14:55:47.866  1093  1117 W SliceDataConverter: 	at android.app.slice.SliceProvider.call(SliceProvider.java:406)
10-23 14:55:47.866  1093  1117 W SliceDataConverter: 	at androidx.slice.compat.SliceProviderWrapperContainer$SliceProviderWrapper.call(SliceProviderWrapperContainer.java:123)
10-23 14:55:47.866  1093  1117 W SliceDataConverter: 	at android.content.ContentProvider.call(ContentProvider.java:2679)
10-23 14:55:47.866  1093  1117 W SliceDataConverter: 	at android.content.ContentProvider$Transport.call(ContentProvider.java:628)
10-23 14:55:47.866  1093  1117 W SliceDataConverter: 	at android.content.ContentProviderNative.onTransact(ContentProviderNative.java:307)
10-23 14:55:47.866  1093  1117 W SliceDataConverter: 	at android.os.Binder.execTransactInternal(Binder.java:1339)
10-23 14:55:47.866  1093  1117 W SliceDataConverter: 	at android.os.Binder.execTransact(Binder.java:1275)
10-23 14:55:47.866  1093  1117 W SliceDataConverter: Caused by: java.lang.ClassNotFoundException: com.android.settings.applications.appinfo.ManageAppLocalePreferenceController
10-23 14:55:47.866  1093  1117 W SliceDataConverter: 	at java.lang.Class.classForName(Native Method)
10-23 14:55:47.866  1093  1117 W SliceDataConverter: 	at java.lang.Class.forName(Class.java:536)
10-23 14:55:47.866  1093  1117 W SliceDataConverter: 	at java.lang.Class.forName(Class.java:467)
10-23 14:55:47.866  1093  1117 W SliceDataConverter: 	at com.android.settings.core.BasePreferenceController.createInstance(BasePreferenceController.java:139)
10-23 14:55:47.866  1093  1117 W SliceDataConverter: 	... 19 more
10-23 14:55:47.866  1093  1117 W SliceDataConverter: Caused by: java.lang.ClassNotFoundException: com.android.settings.applications.appinfo.ManageAppLocalePreferenceController
10-23 14:55:47.866  1093  1117 W SliceDataConverter: 	... 23 more
10-23 14:55:47.866  1093  1117 W ElapsedTimeUtils: getElapsedTime: sSuwFinishedTimeStamp is null
10-23 14:55:47.871  1348  5431 I NetworkScheduler.Stats: Task com.google.android.gms/com.google.android.gms.pay.gcmtask.PayGcmTaskService finished executing. cause:5 result: 1 elapsed_millis: 816 uptime_millis: 816 exec_start_elapsed_seconds: 87 [CONTEXT service_id=218 ]
10-23 14:55:47.889  3911  3911 I ViewInteraction: Checking 'MatchesViewAssertion{viewMatcher=an instance of android.widget.TextView and view.getText() with or without transformation to match: a string containing "Subtotal: $5.50"}' assertion on view view.getId() is <2131231217/com.example.lunchtray:id/subtotal>
10-23 14:55:47.889  3911  4165 I TestRunner: finished: test01_radio_buttons_update_entree_menu_subtotal(com.example.lunchtray.OrderFunctionalityTests)
