10-23 14:56:17.960  1348  6034 I NamespaceManager: Package com.android.neuralnetworks name not found! Using module version.
10-23 14:56:17.961  1348  6034 I NamespaceManager: Package com.android.media name not found! Using module version.
10-23 14:56:17.961  1348  6034 I NamespaceManager: Package 1 name not found! Using module version.
10-23 14:56:17.961   524   788 D NetworkStatsObservers: Registering observer for RequestInfo from pid/uid:524/1000(android) for DataUsageRequest [ requestId=9, networkTemplate=NetworkTemplate: matchRule=MOBILE, matchSubscriberIds=[310260...], matchWifiNetworkKeys=[], metered=YES, defaultNetwork=NO, thresholdInBytes=3446692 ] accessLevel:3
10-23 14:56:17.971  6095  6095 I Finsky  : [2] kdb.i(84): Process created at version: 37.9.18-29 [0] [PR] 571399392
10-23 14:56:17.973  1348  4016 I NamespaceManager: Package com.android.refreshratecontrol name not found! Using module version.
10-23 14:56:17.974  1348  4016 I NamespaceManager: Package com.google.oslo name not found! Using module version.
10-23 14:56:17.974  1348  4016 I NamespaceManager: Package com.android.media name not found! Using module version.
10-23 14:56:17.980   870   885 I ndroid.systemui: Background concurrent copying GC freed 137801(5662KB) AllocSpace objects, 2(40KB) LOS objects, 49% free, 12MB/24MB, paused 41us,12us total 587.689ms
10-23 14:56:17.981  1348  4016 I NamespaceManager: Package com.android.media.swcodec name not found! Using module version.
10-23 14:56:17.981   351   351 D Zygote  : Forked child process 6126
10-23 14:56:17.984  1348  4016 I NamespaceManager: Package com.android.appsearch name not found! Using module version.
10-23 14:56:17.985  1348  4016 I NamespaceManager: Package com.android.neuralnetworks name not found! Using module version.
10-23 14:56:17.987  1348  4016 I NamespaceManager: Package com.android.media name not found! Using module version.
10-23 14:56:17.989   413  1028 D audioserver: FGS Logger Transaction failed
10-23 14:56:17.989   413  1028 D audioserver: -129
10-23 14:56:17.994   870   870 D StatusBarIconController: ignoring old pipeline callbacks, because the new mobile icons are enabled
10-23 14:56:17.998  1348  4016 I NamespaceManager: Package 1 name not found! Using module version.
10-23 14:56:18.002  6095  6124 I Finsky  : [41] ahzv.bD(289): Finished reading experiment flags from file [0tGUNCGIkbk4o6-fQ335kUYSKwVj4lusnHT-A5Dsy08] numFlags=1058.
10-23 14:56:18.006   870   888 W System  : A resource failed to call release.
10-23 14:56:18.006   870   888 W System  : A resource failed to call release.
10-23 14:56:18.006   870   888 W System  : A resource failed to call release.
10-23 14:56:18.006   870   888 W System  : A resource failed to call release.
10-23 14:56:18.006   870   888 W System  : A resource failed to call release.
10-23 14:56:18.006   870   888 W System  : A resource failed to call release.
10-23 14:56:18.006   870   888 W System  : A resource failed to call release.
10-23 14:56:18.007   870   888 W System  : A resource failed to call release.
10-23 14:56:18.008   870   888 W System  : A resource failed to call release.
10-23 14:56:18.008   870   888 W System  : A resource failed to call release.
10-23 14:56:18.009  6095  6124 I Finsky  : [41] ahzv.bD(289): Finished reading experiment flags from file [Se-xCc4LzNyh3UrKMIU2sUf-PUKz4oQEbpKZDMuaFno] numFlags=1558.
10-23 14:56:18.011   870   888 W System  : A resource failed to call release.
10-23 14:56:18.011   870   888 W System  : A resource failed to call release.
10-23 14:56:18.011   870   888 W System  : A resource failed to call release.
10-23 14:56:18.011   870   888 W System  : A resource failed to call release.
10-23 14:56:18.011   870   888 W System  : A resource failed to call release.
10-23 14:56:18.011   870   888 W System  : A resource failed to call release.
10-23 14:56:18.011   870   888 W System  : A resource failed to call release.
10-23 14:56:18.011   870   888 W System  : A resource failed to call release.
10-23 14:56:18.012   870   888 W System  : A resource failed to call release.
10-23 14:56:18.012   870   888 W System  : A resource failed to call release.
10-23 14:56:18.012   870   888 W System  : A resource failed to call release.
10-23 14:56:18.012   870   888 W System  : A resource failed to call release.
10-23 14:56:18.012   870   888 W System  : A resource failed to call release.
10-23 14:56:18.012   870   888 W System  : A resource failed to call release.
10-23 14:56:18.012   870   888 W System  : A resource failed to call release.
10-23 14:56:18.012   870   888 W System  : A resource failed to call release.
10-23 14:56:18.012   870   888 W System  : A resource failed to call release.
10-23 14:56:18.012   870   888 W System  : A resource failed to call release.
10-23 14:56:18.012   870   888 W System  : A resource failed to call release.
10-23 14:56:18.013   870   888 W System  : A resource failed to call release.
10-23 14:56:18.013   870   888 W System  : A resource failed to call release.
10-23 14:56:18.013   870   888 W System  : A resource failed to call release.
10-23 14:56:18.013   870   888 W System  : A resource failed to call release.
10-23 14:56:18.013   870   888 W System  : A resource failed to call release.
10-23 14:56:18.013   870   888 W System  : A resource failed to call release.
10-23 14:56:18.013   870   888 W System  : A resource failed to call release.
10-23 14:56:18.013   870   888 W System  : A resource failed to call release.
10-23 14:56:18.013   870   888 W System  : A resource failed to call release.
10-23 14:56:18.014   870   888 W System  : A resource failed to call release.
10-23 14:56:18.014   870   888 W System  : A resource failed to call release.
10-23 14:56:18.015   870   888 W System  : A resource failed to call release.
10-23 14:56:18.018   870   888 W System  : A resource failed to call release.
10-23 14:56:18.018   870   888 W System  : A resource failed to call release.
10-23 14:56:18.018   870   888 W System  : A resource failed to call release.
10-23 14:56:18.019   870   888 W System  : A resource failed to call release.
10-23 14:56:18.019   870   888 W System  : A resource failed to call release.
10-23 14:56:18.019   870   888 W System  : A resource failed to call release.
10-23 14:56:18.021  6126  6126 I android.webview: Using CollectorTypeCC GC.
10-23 14:56:18.022  6126  6126 W android.webview: Unexpected CPU variant for x86: x86_64.
10-23 14:56:18.022  6126  6126 W android.webview: Known variants: atom, sandybridge, silvermont, goldmont, goldmont-plus, tremont, kabylake, default
10-23 14:56:18.027  5175  5668 W TimedProcessReaper: Scheduling killing of process to refresh configuration
10-23 14:56:18.027   870   888 W System  : A resource failed to call release.
10-23 14:56:18.027   870   888 W System  : A resource failed to call release.
10-23 14:56:18.027   870   888 W System  : A resource failed to call release.
10-23 14:56:18.027   870   888 W System  : A resource failed to call release.
10-23 14:56:18.027   870   888 W System  : A resource failed to call release.
10-23 14:56:18.027   870   888 W System  : A resource failed to call release.
10-23 14:56:18.027   870   888 W System  : A resource failed to call release.
10-23 14:56:18.027   870   888 W System  : A resource failed to call release.
10-23 14:56:18.027   870   888 W System  : A resource failed to call release.
10-23 14:56:18.027   870   888 W System  : A resource failed to call release.
10-23 14:56:18.030  5175  5255 W Bugle   : TextClassifierLibManagerImpl: Reclaiming memory at level: 40
10-23 14:56:18.033  5175  5253 W Bugle   : TextClassifierLibManagerImpl: Reclaiming memory at level: 40
10-23 14:56:18.034  5175  5253 W Bugle   : TextClassifierLibManagerImpl: Reclaiming memory at level: 40
10-23 14:56:18.036  1348  6051 I NamespaceManager: Package com.android.refreshratecontrol name not found! Using module version.
10-23 14:56:18.038  1348  6051 I NamespaceManager: Package com.google.oslo name not found! Using module version.
10-23 14:56:18.039  5175  5270 I Bugle   : BroadcastReceiverAsyncWorkTracker: Acknowledging broadcast of com.google.android.apps.messaging.shared.experiments.receiver.BuglePhenotypeBroadcastReceiver@7a76876
10-23 14:56:18.042  5175  5259 I PhenotypeBackgroundRecv: Successfully updated snapshot for com.google.android.libraries.performance.primes#com.google.android.apps.messaging
10-23 14:56:18.043  1348  6051 I NamespaceManager: Package com.android.media name not found! Using module version.
10-23 14:56:18.045  1348  6051 I NamespaceManager: Package com.android.media.swcodec name not found! Using module version.
10-23 14:56:18.047  1348  6051 I NamespaceManager: Package com.android.appsearch name not found! Using module version.
10-23 14:56:18.048  1348  6051 I NamespaceManager: Package com.android.neuralnetworks name not found! Using module version.
10-23 14:56:18.049  1348  6051 I NamespaceManager: Package com.android.media name not found! Using module version.
10-23 14:56:18.054  1348  6051 I NamespaceManager: Package 1 name not found! Using module version.
10-23 14:56:18.055  5175  5300 I Bugle   : BroadcastReceiverAsyncWorkTracker: Acknowledging broadcast of com.google.android.apps.messaging.shared.experiments.receiver.BuglePhenotypeBroadcastReceiver@2b5ab4d
10-23 14:56:18.057  1575  1950 I SP      : GC for 'transformer_concept' (10) with ttl of 0 ms took 0 ms (0/0/0)
10-23 14:56:18.058  1575  1995 I Environment: Environment.isPackageInstalled():237 com.bitstrips.imoji is not installed
10-23 14:56:18.061  6126  6126 E android.webview: Not starting debugger since process cannot load the jdwp agent.
10-23 14:56:18.068  5175  5274 W TimedProcessReaper: Scheduling killing of process to refresh configuration
10-23 14:56:18.068  1535  1610 I PhenotypeBackgroundRecv: Successfully updated snapshot for com.google.android.libraries.surveys#com.google.android.apps.wellbeing
10-23 14:56:18.070  1348  6033 I NamespaceManager: Package com.android.refreshratecontrol name not found! Using module version.
10-23 14:56:18.071  1348  6033 I NamespaceManager: Package com.google.oslo name not found! Using module version.
10-23 14:56:18.071  1348  6033 I NamespaceManager: Package com.android.media name not found! Using module version.
10-23 14:56:18.071  1348  6033 I NamespaceManager: Package com.android.media.swcodec name not found! Using module version.
10-23 14:56:18.071  1348  6033 I NamespaceManager: Package com.android.appsearch name not found! Using module version.
10-23 14:56:18.072  1348  6033 I NamespaceManager: Package com.android.neuralnetworks name not found! Using module version.
10-23 14:56:18.073  1348  6033 I NamespaceManager: Package com.android.media name not found! Using module version.
10-23 14:56:18.074  1348  6033 I NamespaceManager: Package 1 name not found! Using module version.
10-23 14:56:18.081  6126  6126 D CompatibilityChangeReporter: Compat change id reported: 171979766; UID 10127; state: ENABLED
10-23 14:56:18.081  6126  6126 D CompatibilityChangeReporter: Compat change id reported: 242716250; UID 10127; state: ENABLED
10-23 14:56:18.090  6126  6126 W ziparchive: Unable to open '/data/app/~~VZLmye5jHhqeU0-ai9oJ1w==/com.google.android.trichromelibrary_567263637-D1PoUBl8YuyDDnSjZJyFFw==/TrichromeLibrary.dm': No such file or directory
10-23 14:56:18.090  6126  6126 W ziparchive: Unable to open '/data/app/~~VZLmye5jHhqeU0-ai9oJ1w==/com.google.android.trichromelibrary_567263637-D1PoUBl8YuyDDnSjZJyFFw==/TrichromeLibrary.dm': No such file or directory
10-23 14:56:18.091  6126  6126 W android.webview: Entry not found
10-23 14:56:18.092  1348  5935 I NamespaceManager: Package com.android.refreshratecontrol name not found! Using module version.
10-23 14:56:18.093  1348  5935 I NamespaceManager: Package com.google.oslo name not found! Using module version.
10-23 14:56:18.093  1348  5935 I NamespaceManager: Package com.android.media name not found! Using module version.
10-23 14:56:18.094  1348  5935 I NamespaceManager: Package com.android.media.swcodec name not found! Using module version.
10-23 14:56:18.094  1348  5935 I NamespaceManager: Package com.android.appsearch name not found! Using module version.
10-23 14:56:18.094  1348  5935 I NamespaceManager: Package com.android.neuralnetworks name not found! Using module version.
10-23 14:56:18.095  6126  6126 D nativeloader: Configuring clns-6 for other apk /data/app/~~VZLmye5jHhqeU0-ai9oJ1w==/com.google.android.trichromelibrary_567263637-D1PoUBl8YuyDDnSjZJyFFw==/TrichromeLibrary.apk. target_sdk_version=34, uses_libraries=ALL, library_path=/data/app/~~D9mKMM_IHrYYOE-hmlBkVQ==/com.google.android.webview-paqPspqBDvqZO8ye6kvgRQ==/lib/x86_64:/data/app/~~D9mKMM_IHrYYOE-hmlBkVQ==/com.google.android.webview-paqPspqBDvqZO8ye6kvgRQ==/WebViewGoogle.apk!/lib/x86_64:/data/app/~~VZLmye5jHhqeU0-ai9oJ1w==/com.google.android.trichromelibrary_567263637-D1PoUBl8YuyDDnSjZJyFFw==/TrichromeLibrary.apk!/lib/x86_64, permitted_path=/data:/mnt/expand:/data/user/0/com.google.android.webview
10-23 14:56:18.095  1348  5935 I NamespaceManager: Package com.android.media name not found! Using module version.
10-23 14:56:18.095  1348  5935 I NamespaceManager: Package 1 name not found! Using module version.
10-23 14:56:18.112  1348  4016 I NamespaceManager: Package com.android.refreshratecontrol name not found! Using module version.
10-23 14:56:18.112  1348  4016 I NamespaceManager: Package com.google.oslo name not found! Using module version.
10-23 14:56:18.113  1348  4016 I NamespaceManager: Package com.android.media name not found! Using module version.
10-23 14:56:18.119  1348  4016 I NamespaceManager: Package com.android.media.swcodec name not found! Using module version.
10-23 14:56:18.122  5175  5259 I PhenotypeBackgroundRecv: Successfully updated snapshot for com.google.android.libraries.search.rendering.xuikit.device#com.google.android.apps.messaging
10-23 14:56:18.125  1348  4016 I NamespaceManager: Package com.android.appsearch name not found! Using module version.
10-23 14:56:18.126  1348  4016 I NamespaceManager: Package com.android.neuralnetworks name not found! Using module version.
10-23 14:56:18.127  1348  4016 I NamespaceManager: Package com.android.media name not found! Using module version.
10-23 14:56:18.128  1348  4016 I NamespaceManager: Package 1 name not found! Using module version.
10-23 14:56:18.129  5175  5300 I Bugle   : BroadcastReceiverAsyncWorkTracker: Acknowledging broadcast of com.google.android.apps.messaging.shared.experiments.receiver.BuglePhenotypeBroadcastReceiver@8b4b27c
10-23 14:56:18.135  6095  6143 E Finsky  : Getting early startup flag value without initialization: PhoneskyPhenotype__enable_flag_update_entry_point
10-23 14:56:18.138  6126  6126 D nativeloader: Configuring clns-7 for other apk /data/app/~~D9mKMM_IHrYYOE-hmlBkVQ==/com.google.android.webview-paqPspqBDvqZO8ye6kvgRQ==/WebViewGoogle.apk. target_sdk_version=34, uses_libraries=, library_path=/data/app/~~D9mKMM_IHrYYOE-hmlBkVQ==/com.google.android.webview-paqPspqBDvqZO8ye6kvgRQ==/lib/x86_64:/data/app/~~D9mKMM_IHrYYOE-hmlBkVQ==/com.google.android.webview-paqPspqBDvqZO8ye6kvgRQ==/WebViewGoogle.apk!/lib/x86_64:/data/app/~~VZLmye5jHhqeU0-ai9oJ1w==/com.google.android.trichromelibrary_567263637-D1PoUBl8YuyDDnSjZJyFFw==/TrichromeLibrary.apk!/lib/x86_64, permitted_path=/data:/mnt/expand:/data/user/0/com.google.android.webview
10-23 14:56:18.140  5175  5175 I PhenotypeBackgroundRecv: Skipping com.google.lighter.android#com.google.android.apps.messaging which doesn't use ProcessStable flags.
10-23 14:56:18.145  5175  5270 I Bugle   : BroadcastReceiverAsyncWorkTracker: Acknowledging broadcast of com.google.android.apps.messaging.shared.experiments.receiver.BuglePhenotypeBroadcastReceiver@865698b
10-23 14:56:18.153  5175  5175 I PhenotypeBackgroundRecv: Skipping com.google.android.gms.icing.mdd#com.google.android.apps.messaging which doesn't use ProcessStable flags.
10-23 14:56:18.157   413   476 D audioserver: FGS Logger Transaction failed
10-23 14:56:18.157   413   476 D audioserver: -129
10-23 14:56:18.165  5175  5264 W Bugle   : TextClassifierLibManagerImpl: Reclaiming memory at level: 40
10-23 14:56:18.166  5175  5264 W Bugle   : TextClassifierLibManagerImpl: Reclaiming memory at level: 40
10-23 14:56:18.170  5175  5254 W Bugle   : TextClassifierLibManagerImpl: Reclaiming memory at level: 40
10-23 14:56:18.170  5175  5300 I Bugle   : BroadcastReceiverAsyncWorkTracker: Acknowledging broadcast of com.google.android.apps.messaging.shared.experiments.receiver.BuglePhenotypeBroadcastReceiver@ae459d6
10-23 14:56:18.174  1348  6034 I NamespaceManager: Package com.android.refreshratecontrol name not found! Using module version.
10-23 14:56:18.174  1348  6034 I NamespaceManager: Package com.google.oslo name not found! Using module version.
10-23 14:56:18.174  1348  6034 I NamespaceManager: Package com.android.media name not found! Using module version.
10-23 14:56:18.175  1348  6034 I NamespaceManager: Package com.android.media.swcodec name not found! Using module version.
10-23 14:56:18.175  1348  6034 I NamespaceManager: Package com.android.appsearch name not found! Using module version.
10-23 14:56:18.176  1348  6034 I NamespaceManager: Package com.android.neuralnetworks name not found! Using module version.
10-23 14:56:18.177  1348  6034 I NamespaceManager: Package com.android.media name not found! Using module version.
10-23 14:56:18.179  1348  6034 I NamespaceManager: Package 1 name not found! Using module version.
10-23 14:56:18.186  5175  5668 I PhenotypeBackgroundRecv: Successfully updated snapshot for com.google.android.libraries.notifications.platform#com.google.android.apps.messaging
10-23 14:56:18.189  5175  5668 W TimedProcessReaper: Scheduling killing of process to refresh configuration
10-23 14:56:18.194  1348  6020 W ChimeraUtils: Module com.google.android.gms.nearby_en missing resource null(0)
10-23 14:56:18.197  5175  5300 I Bugle   : BroadcastReceiverAsyncWorkTracker: Acknowledging broadcast of com.google.android.apps.messaging.shared.experiments.receiver.BuglePhenotypeBroadcastReceiver@ee2ef3
10-23 14:56:18.202  1535  1549 I .apps.wellbeing: Background concurrent copying GC freed 88833(4109KB) AllocSpace objects, 0(0B) LOS objects, 49% free, 5401KB/10MB, paused 12us,8us total 226.907ms
10-23 14:56:18.204  5175  5259 I PhenotypeBackgroundRecv: Successfully updated snapshot for com.google.android.libraries.consentverifier#com.google.android.apps.messaging
10-23 14:56:18.207  1348  6020 W ChimeraUtils: Module com.google.android.gms.nearby_en missing resource null(0)
10-23 14:56:18.211  1348  6034 I NamespaceManager: Package com.android.refreshratecontrol name not found! Using module version.
10-23 14:56:18.212  1348  6034 I NamespaceManager: Package com.google.oslo name not found! Using module version.
10-23 14:56:18.214  1348  6034 I NamespaceManager: Package com.android.media name not found! Using module version.
10-23 14:56:18.216  1348  6034 I NamespaceManager: Package com.android.media.swcodec name not found! Using module version.
10-23 14:56:18.220  1348  6034 I NamespaceManager: Package com.android.appsearch name not found! Using module version.
10-23 14:56:18.220  1348  6034 I NamespaceManager: Package com.android.neuralnetworks name not found! Using module version.
10-23 14:56:18.221  1348  6034 I NamespaceManager: Package com.android.media name not found! Using module version.
10-23 14:56:18.222  1348  6034 I NamespaceManager: Package 1 name not found! Using module version.
10-23 14:56:18.223  5175  5270 I Bugle   : BroadcastReceiverAsyncWorkTracker: Acknowledging broadcast of com.google.android.apps.messaging.shared.experiments.receiver.BuglePhenotypeBroadcastReceiver@68ccdae
10-23 14:56:18.233  5175  5198 I .apps.messaging: CollectorTransition concurrent copying GC freed 47271(2137KB) AllocSpace objects, 5(208KB) LOS objects, 49% free, 8482KB/16MB, paused 555us,12us total 204.936ms
10-23 14:56:18.240  6126  6126 V GraphicsEnvironment: Currently set values for:
10-23 14:56:18.241  6126  6126 V GraphicsEnvironment:   angle_gl_driver_selection_pkgs=[]
10-23 14:56:18.241  6126  6126 V GraphicsEnvironment:   angle_gl_driver_selection_values=[]
10-23 14:56:18.241  6126  6126 V GraphicsEnvironment: ANGLE GameManagerService for com.google.android.webview: false
10-23 14:56:18.241  6126  6126 V GraphicsEnvironment: com.google.android.webview is not listed in per-application setting
10-23 14:56:18.242  6126  6126 V GraphicsEnvironment: Neither updatable production driver nor prerelease driver is supported.
10-23 14:56:18.246  6126  6126 I LoadedApk: No resource references to update in package com.google.android.trichromelibrary
10-23 14:56:18.248  6126  6126 I cr_WebViewApkApp: Launched version=113.0.5672.136 minSdkVersion=29 isBundle=false processName=com.google.android.webview
10-23 14:56:18.262  1535  1535 I PhenotypeBackgroundRecv: Skipping com.google.android.apps.wellbeing.device#com.google.android.apps.wellbeing which doesn't use ProcessStable flags.
10-23 14:56:18.274  5175  5274 W TimedProcessReaper: Scheduling killing of process to refresh configuration
10-23 14:56:18.277  5175  5259 I PhenotypeBackgroundRecv: Successfully updated snapshot for com.google.android.libraries.surveys#com.google.android.apps.messaging
10-23 14:56:18.287  5175  5270 I BuglePhenotype: onReceive for bugle package [CONTEXT package_name="com.google.android.apps.messaging#com.google.android.apps.messaging" ]
10-23 14:56:18.287  5175  5270 I Bugle   : BroadcastReceiverAsyncWorkTracker: Acknowledging broadcast of com.google.android.apps.messaging.shared.experiments.receiver.BuglePhenotypeBroadcastReceiver@78577f8
10-23 14:56:18.288  3911  3911 I ViewInteraction: Performing 'single click' action on view view.getId() is <2131231081/com.example.lunchtray:id/next_button>
10-23 14:56:18.291  5175  5175 I PhenotypeBackgroundRecv: Skipping com.google.android.apps.messaging#com.google.android.apps.messaging which doesn't use ProcessStable flags.
10-23 14:56:18.307  5175  5264 W Bugle   : TextClassifierLibManagerImpl: Reclaiming memory at level: 40
10-23 14:56:18.326  2278  2370 D CompatibilityChangeReporter: Compat change id reported: 150939131; UID 10110; state: ENABLED
10-23 14:56:18.332  1348  4016 I NamespaceManager: Package com.android.refreshratecontrol name not found! Using module version.
10-23 14:56:18.332  1348  4016 I NamespaceManager: Package com.google.oslo name not found! Using module version.
10-23 14:56:18.332  1348  4016 I NamespaceManager: Package com.android.media name not found! Using module version.
10-23 14:56:18.332  1348  4016 I NamespaceManager: Package com.android.media.swcodec name not found! Using module version.
10-23 14:56:18.332  1348  4016 I NamespaceManager: Package com.android.appsearch name not found! Using module version.
10-23 14:56:18.332  1348  4016 I NamespaceManager: Package com.android.neuralnetworks name not found! Using module version.
10-23 14:56:18.332  1348  4016 I NamespaceManager: Package com.android.media name not found! Using module version.
10-23 14:56:18.336  1348  4016 I NamespaceManager: Package 1 name not found! Using module version.
10-23 14:56:18.349  1535  1609 W TimedProcessReaper: Scheduling killing of process to refresh configuration
10-23 14:56:18.357   413  1028 D audioserver: FGS Logger Transaction failed
10-23 14:56:18.357   413  1028 D audioserver: -129
10-23 14:56:18.370  1348  5935 I NamespaceManager: Package com.android.refreshratecontrol name not found! Using module version.
10-23 14:56:18.371  1348  5935 I NamespaceManager: Package com.google.oslo name not found! Using module version.
10-23 14:56:18.371  1348  5935 I NamespaceManager: Package com.android.media name not found! Using module version.
10-23 14:56:18.371  1348  5935 I NamespaceManager: Package com.android.media.swcodec name not found! Using module version.
10-23 14:56:18.371  1348  5935 I NamespaceManager: Package com.android.appsearch name not found! Using module version.
10-23 14:56:18.371  1348  5935 I NamespaceManager: Package com.android.neuralnetworks name not found! Using module version.
10-23 14:56:18.371  1348  5935 I NamespaceManager: Package com.android.media name not found! Using module version.
10-23 14:56:18.371  1348  5935 I NamespaceManager: Package 1 name not found! Using module version.
10-23 14:56:18.374  1012  2517 D CompatibilityChangeReporter: Compat change id reported: 150939131; UID 1073; state: ENABLED
10-23 14:56:18.375  1657  6160 E AiAiEcho: Reading elements from Geller failed with cause
10-23 14:56:18.375  1657  6160 E AiAiEcho: esy: Code: UNKNOWN, Message: Geller data fetch is not enabled
10-23 14:56:18.375  1657  6160 E AiAiEcho: 	at etd.a(PG:1)
10-23 14:56:18.375  1657  6160 E AiAiEcho: 	at glo.b(PG:4)
10-23 14:56:18.375  1657  6160 E AiAiEcho: 	at qyc.e(PG:4)
10-23 14:56:18.375  1657  6160 E AiAiEcho: 	at reo.run(PG:8)
10-23 14:56:18.375  1657  6160 E AiAiEcho: 	at java.util.concurrent.Executors$RunnableAdapter.call(Executors.java:487)
10-23 14:56:18.375  1657  6160 E AiAiEcho: 	at java.util.concurrent.FutureTask.run(FutureTask.java:264)
10-23 14:56:18.375  1657  6160 E AiAiEcho: 	at java.util.concurrent.ScheduledThreadPoolExecutor$ScheduledFutureTask.run(ScheduledThreadPoolExecutor.java:307)
10-23 14:56:18.375  1657  6160 E AiAiEcho: 	at java.util.concurrent.ThreadPoolExecutor.runWorker(ThreadPoolExecutor.java:1145)
10-23 14:56:18.375  1657  6160 E AiAiEcho: 	at java.util.concurrent.ThreadPoolExecutor$Worker.run(ThreadPoolExecutor.java:644)
10-23 14:56:18.375  1657  6160 E AiAiEcho: 	at dgq.run(PG:67)
10-23 14:56:18.375  1657  6160 E AiAiEcho: 	at java.lang.Thread.run(Thread.java:1012)
10-23 14:56:18.376  2964  3157 W TimedProcessReaper: Scheduling killing of process to refresh configuration
10-23 14:56:18.383  1348  5935 I NamespaceManager: Package com.android.refreshratecontrol name not found! Using module version.
10-23 14:56:18.383  1348  5935 I NamespaceManager: Package com.google.oslo name not found! Using module version.
10-23 14:56:18.383  1348  5935 I NamespaceManager: Package com.android.media name not found! Using module version.
10-23 14:56:18.383  1348  5935 I NamespaceManager: Package com.android.media.swcodec name not found! Using module version.
10-23 14:56:18.383  1348  5935 I NamespaceManager: Package com.android.appsearch name not found! Using module version.
10-23 14:56:18.383  1348  5935 I NamespaceManager: Package com.android.neuralnetworks name not found! Using module version.
10-23 14:56:18.383  1348  5935 I NamespaceManager: Package com.android.media name not found! Using module version.
10-23 14:56:18.386  1348  5935 I NamespaceManager: Package 1 name not found! Using module version.
10-23 14:56:18.393   351   351 W Zygote  : forkRepeatedly terminated due to non-simple command
10-23 14:56:18.393   351   351 D Zygote  : mbuffer starts with 1 , nice name is , mEnd = 35, mNext = 35, mLinesLeft = 0, mFd = 5
10-23 14:56:18.407  1348  6044 I NamespaceManager: Package com.android.refreshratecontrol name not found! Using module version.
10-23 14:56:18.408  1348  6044 I NamespaceManager: Package com.google.oslo name not found! Using module version.
10-23 14:56:18.408  1348  6044 I NamespaceManager: Package com.android.media name not found! Using module version.
10-23 14:56:18.408  1348  6044 I NamespaceManager: Package com.android.media.swcodec name not found! Using module version.
10-23 14:56:18.409  1348  6044 I NamespaceManager: Package com.android.appsearch name not found! Using module version.
10-23 14:56:18.409  1348  6044 I NamespaceManager: Package com.android.neuralnetworks name not found! Using module version.
10-23 14:56:18.409  1348  6044 I NamespaceManager: Package com.android.media name not found! Using module version.
10-23 14:56:18.409  1348  6044 I NamespaceManager: Package 1 name not found! Using module version.
10-23 14:56:18.439  1348  6051 I NamespaceManager: Package com.android.refreshratecontrol name not found! Using module version.
10-23 14:56:18.440  1348  6051 I NamespaceManager: Package com.google.oslo name not found! Using module version.
10-23 14:56:18.444  1348  6051 I NamespaceManager: Package com.android.media name not found! Using module version.
10-23 14:56:18.445  1348  6051 I NamespaceManager: Package com.android.media.swcodec name not found! Using module version.
10-23 14:56:18.455  1348  6051 I NamespaceManager: Package com.android.appsearch name not found! Using module version.
10-23 14:56:18.455  6095  6095 I Finsky  : [2] kas.ao(748): Profiling: Starting up (0)
10-23 14:56:18.456  1348  6051 I NamespaceManager: Package com.android.neuralnetworks name not found! Using module version.
10-23 14:56:18.458  1348  6051 I NamespaceManager: Package com.android.media name not found! Using module version.
10-23 14:56:18.458   524   797 D ConnectivityService: NetReassign [no changes] [c 0] [a 2] [i 1]
10-23 14:56:18.459  1348  6051 I NamespaceManager: Package 1 name not found! Using module version.
10-23 14:56:18.459  6095  6125 I Finsky  : [42] kas.P(10): pcsi: PROCESS_START
10-23 14:56:18.467  1535  1535 I PhenotypeBackgroundRecv: Skipping com.google.android.gms.kids#com.google.android.apps.wellbeing which doesn't use ProcessStable flags.
10-23 14:56:18.493  1657  2249 I AiAiNowPlaying: Now Playing config changed. Refreshing FA controller
10-23 14:56:18.510  2964  2964 I BgTaskExecutorImpl: Starting EXCLUSIVE background task FETCH_CONFIGS_FROM_PHENOTYPE.
10-23 14:56:18.518  5852  5852 I PhenotypeBackgroundRecv: Skipping com.google.android.libraries.search.device#com.google.android.googlequicksearchbox which doesn't use ProcessStable flags.
10-23 14:56:18.526  5852  5852 I PhenotypeBackgroundRecv: Skipping com.google.android.apps.search.pronunciationlearning#com.google.android.googlequicksearchbox which doesn't use ProcessStable flags.
10-23 14:56:18.530  6095  6124 I Finsky  : [41] mcc.g(38): Subscription detail: DataSubscriptionInfo{groupIdLevel1=null, serviceProviderName=[Zr1R7g28S8p7iucp_gnNJJtsRl-pgO3Y6eIkCh24Iy0], simCarrierId=1}
10-23 14:56:18.532   413   476 D audioserver: FGS Logger Transaction failed
10-23 14:56:18.532   413   476 D audioserver: -129
10-23 14:56:18.534  6095  6143 W Finsky  : [45] jir.d(17): For unauth, use getDfeApiNonAuthenticated() instead!
10-23 14:56:18.542  1348  1506 W ChimeraUtils: Module com.google.android.gms.nearby_en missing resource null(0)
10-23 14:56:18.545   524   534 I system_server: Background concurrent copying GC freed 506763(22MB) AllocSpace objects, 32(828KB) LOS objects, 44% free, 29MB/53MB, paused 56us,119us total 1.202s
10-23 14:56:18.553  1348  1506 W ChimeraUtils: Module com.google.android.gms.nearby_en missing resource null(0)
10-23 14:56:18.556  1348  1506 W ChimeraUtils: Module com.google.android.gms.nearby_en missing resource null(0)
10-23 14:56:18.560  6095  6127 D CompatibilityChangeReporter: Compat change id reported: 183155436; UID 10121; state: ENABLED
10-23 14:56:18.562  6095  6124 I Finsky  : [41] wdd.<init>(69): wdf - Registering in memory receiver for android.intent.action.PACKAGE_ADDED and android.intent.action.PACKAGE_REMOVED
10-23 14:56:18.575  6095  6127 I Finsky  : [43] amwl.g(50): SysUA: Disable SystemUpdateActivity, because no login account
10-23 14:56:18.577  6095  6171 I Finsky  : [57] lzj.run(144): SysUA: Set SystemUpdateActivity enabled state to 2
10-23 14:56:18.578  6095  6154 I Finsky  : [53] rzm.run(335): SysCUA: Set {com.android.vending/com.google.android.finsky.systemcomponentupdateui.common.SystemComponentUpdateActivity} enabled state to 0
10-23 14:56:18.581  6095  6171 I Finsky  : [57] oe.run(110): Set UnhibernateActivity enabled state to 0
10-23 14:56:18.582  1657  2249 I ModelReloader: Cancelled all jobs.
10-23 14:56:18.582  1657  2249 I AmbientMusicServiceMana: Unloading model 9f6ad62a-1f0b-11e7-87c5-40a8f03d3f15
10-23 14:56:18.582  1657  2249 I SoundTriggerManagerComp: Unloading model 9f6ad62a-1f0b-11e7-87c5-40a8f03d3f15
10-23 14:56:18.592  6095  6124 W android.vending: Accessing hidden field Ljava/util/Collections$SynchronizedCollection;->mutex:Ljava/lang/Object; (max-target-o, reflection, denied)
10-23 14:56:18.603  6095  6127 W Settings: Setting download_manager_max_bytes_over_mobile has moved from android.provider.Settings.Secure to android.provider.Settings.Global.
10-23 14:56:18.606  6095  6127 I Finsky  : [43] vjh.j(33): SettingNotFoundException, fall through to G.downloadBytesOverMobileMaximum
10-23 14:56:18.607  6095  6127 W Settings: Setting download_manager_recommended_max_bytes_over_mobile has moved from android.provider.Settings.Secure to android.provider.Settings.Global.
10-23 14:56:18.607  6095  6127 I Finsky  : [43] vjh.i(31): SettingNotFoundException, fall through to G.downloadBytesOverMobileRecommended
10-23 14:56:18.608  6095  6124 W android.vending: Accessing hidden method Ljava/util/Collections$SynchronizedSet;-><init>(Ljava/util/Set;Ljava/lang/Object;)V (max-target-o, reflection, denied)
10-23 14:56:18.608  6095  6124 W android.vending: Accessing hidden method Ljava/util/Collections$SynchronizedCollection;-><init>(Ljava/util/Collection;Ljava/lang/Object;)V (max-target-o, reflection, denied)
10-23 14:56:18.608  6095  6127 I Finsky  : [43] amxf.d(7): registerListener
10-23 14:56:18.610  6095  6127 I Finsky  : [43] amxf.d(7): registerListener
10-23 14:56:18.611  6095  6127 I Finsky  : [43] tbf.s(77): Enqueuing libraries load for 0
10-23 14:56:18.611  6095  6154 I Finsky  : [53] tbf.t(14): Starting libraries load for 0
10-23 14:56:18.613  1657  2249 E AmbientMusicServiceMana: oxe: java.lang.reflect.InvocationTargetException
10-23 14:56:18.613  1657  2249 E AmbientMusicServiceMana: 	at oxf.c(PG:3)
10-23 14:56:18.613  1657  2249 E AmbientMusicServiceMana: 	at onp.v(PG:2)
10-23 14:56:18.613  1657  2249 E AmbientMusicServiceMana: 	at onp.e(PG:10)
10-23 14:56:18.613  1657  2249 E AmbientMusicServiceMana: 	at onn.a(PG:2)
10-23 14:56:18.613  1657  2249 E AmbientMusicServiceMana: 	at hdv.a(PG:55)
10-23 14:56:18.613  1657  2249 E AmbientMusicServiceMana: 	at jou.f(PG:3)
10-23 14:56:18.613  1657  2249 E AmbientMusicServiceMana: 	at jfz.e(Unknown Source:6)
10-23 14:56:18.613  1657  2249 E AmbientMusicServiceMana: 	at byg.a(PG:2)
10-23 14:56:18.613  1657  2249 E AmbientMusicServiceMana: 	at jed.run(PG:39)
10-23 14:56:18.613  1657  2249 E AmbientMusicServiceMana: 	at oek.execute(Unknown Source:0)
10-23 14:56:18.613  1657  2249 E AmbientMusicServiceMana: 	at jgo.onPropertiesChanged(PG:3)
10-23 14:56:18.613  1657  2249 E AmbientMusicServiceMana: 	at android.provider.DeviceConfig.lambda$handleChange$0(DeviceConfig.java:1466)
10-23 14:56:18.613  1657  2249 E AmbientMusicServiceMana: 	at android.provider.DeviceConfig$$ExternalSyntheticLambda0.run(Unknown Source:4)
10-23 14:56:18.613  1657  2249 E AmbientMusicServiceMana: 	at java.util.concurrent.Executors$RunnableAdapter.call(Executors.java:487)
10-23 14:56:18.613  1657  2249 E AmbientMusicServiceMana: 	at java.util.concurrent.FutureTask.run(FutureTask.java:264)
10-23 14:56:18.613  1657  2249 E AmbientMusicServiceMana: 	at java.util.concurrent.ScheduledThreadPoolExecutor$ScheduledFutureTask.run(ScheduledThreadPoolExecutor.java:307)
10-23 14:56:18.613  1657  2249 E AmbientMusicServiceMana: 	at java.util.concurrent.ThreadPoolExecutor.runWorker(ThreadPoolExecutor.java:1145)
10-23 14:56:18.613  1657  2249 E AmbientMusicServiceMana: 	at java.util.concurrent.ThreadPoolExecutor$Worker.run(ThreadPoolExecutor.java:644)
10-23 14:56:18.613  1657  2249 E AmbientMusicServiceMana: 	at dgq.run(PG:67)
10-23 14:56:18.613  1657  2249 E AmbientMusicServiceMana: 	at java.lang.Thread.run(Thread.java:1012)
10-23 14:56:18.613  1657  2249 E AmbientMusicServiceMana: Caused by: java.lang.reflect.InvocationTargetException
10-23 14:56:18.613  1657  2249 E AmbientMusicServiceMana: 	at java.lang.reflect.Method.invoke(Native Method)
10-23 14:56:18.613  1657  2249 E AmbientMusicServiceMana: 	at oxf.c(PG:2)
10-23 14:56:18.613  1657  2249 E AmbientMusicServiceMana: 	... 19 more
10-23 14:56:18.613  1657  2249 E AmbientMusicServiceMana: Caused by: java.lang.IllegalStateException: No underlying SoundTriggerModule available
10-23 14:56:18.613  1657  2249 E AmbientMusicServiceMana: 	at android.media.soundtrigger.SoundTriggerManager.deleteModel(SoundTriggerManager.java:264)
10-23 14:56:18.613  1657  2249 E AmbientMusicServiceMana: 	... 21 more
10-23 14:56:18.616  6095  6154 I Finsky  : [53] tbf.t(353): Finished loading 0 libraries.
10-23 14:56:18.618  1657  1701 I AiAiEcho: Settings changed for uri: content://settings/secure/now_playing_enabled
10-23 14:56:18.619  6095  6127 I Finsky  : [43] agzf.<init>(104): VerifyApps: Setup app restrictions monitor
10-23 14:56:18.621  6095  6127 I Finsky  : [43] ahfg.a(32): VerifyApps: Device wide unknown source restriction updated
10-23 14:56:18.622  1348  6016 W ChimeraUtils: Module com.google.android.gms.nearby_en missing resource null(0)
10-23 14:56:18.624  1657  2067 I AiAiEcho: Predicting[0]:
10-23 14:56:18.624  1657  2067 I AiAiEcho: EchoTargets:
10-23 14:56:18.624  1657  2067 I AiAiEcho: Filtered by AiAi flag check:
10-23 14:56:18.624  1657  2067 I AiAiEcho: Ranked targets strategy: SORT, count: 0, ranking metadata:
10-23 14:56:18.625  1657  2067 I AiAiEcho: Predicting[0]:
10-23 14:56:18.626  1657  2067 I AiAiEcho: EchoTargets:
10-23 14:56:18.626  1657  2067 I AiAiEcho: Filtered by AiAi flag check:
10-23 14:56:18.626  1657  2067 I AiAiEcho: Ranked targets strategy: SORT, count: 0, ranking metadata:
10-23 14:56:18.627  1657  2067 I AiAiEcho: #postPredictionTargets: Sending updates to UISurface lockscreen with targets# 0 (types=[])
10-23 14:56:18.627  1657  2067 I AiAiEcho: #postPredictionTargets: Sending updates to UISurface home with targets# 0 (types=[])
10-23 14:56:18.629   870   870 W PageIndicator: Total number of pages invalid: 0. Assuming 1 page.
10-23 14:56:18.648  6095  6143 I Finsky  : [45] sbu.<init>(46): Item store provider started.
10-23 14:56:18.656  1348  6016 W ChimeraUtils: Module com.google.android.gms.nearby_en missing resource null(0)
10-23 14:56:18.684  3911  3911 I ViewInteraction: Performing 'single click' action on view view.getId() is <2131230842/com.example.lunchtray:id/cancel_button>
10-23 14:56:18.687  1348  6016 W ChimeraUtils: Module com.google.android.gms.nearby_en missing resource null(0)
10-23 14:56:18.694  1348  1360 I .gms.persistent: Background young concurrent copying GC freed 184181(8026KB) AllocSpace objects, 9(408KB) LOS objects, 24% free, 21MB/28MB, paused 1.426ms,114us total 144.464ms
10-23 14:56:18.712  2964  3663 W TimedProcessReaper: Scheduling killing of process to refresh configuration
10-23 14:56:18.719  1348  3332 W BpBinder: Large outgoing transaction of 400740 bytes, interface descriptor , code 4
10-23 14:56:18.734  3911  4251 D EGL_emulation: app_time_stats: avg=24.89ms min=12.25ms max=196.35ms count=42
10-23 14:56:18.735   413  1028 D audioserver: FGS Logger Transaction failed
10-23 14:56:18.735   413  1028 D audioserver: -129
10-23 14:56:18.745  2964  2964 I A       : Refusing EXCLUSIVE task 21, it is already pending. Try again in 359 seconds.
10-23 14:56:18.766   524   536 W System  : A resource failed to call release.
10-23 14:56:18.766   524   536 W System  : A resource failed to call HardwareBuffer.close.
10-23 14:56:18.767   524   536 W System  : A resource failed to call HardwareBuffer.close.
10-23 14:56:18.770   524   536 W System  : A resource failed to call HardwareBuffer.close.
10-23 14:56:18.773  1348  6051 I NamespaceManager: Package com.android.refreshratecontrol name not found! Using module version.
10-23 14:56:18.774  1348  6051 I NamespaceManager: Package com.google.oslo name not found! Using module version.
10-23 14:56:18.777  1348  1506 W ChimeraUtils: Module com.google.android.gms.nearby_en missing resource null(0)
10-23 14:56:18.779  1348  6051 I NamespaceManager: Package com.android.media name not found! Using module version.
10-23 14:56:18.780  1348  6051 I NamespaceManager: Package com.android.media.swcodec name not found! Using module version.
10-23 14:56:18.783  1348  6051 I NamespaceManager: Package com.android.appsearch name not found! Using module version.
10-23 14:56:18.785  1348  6051 I NamespaceManager: Package com.android.neuralnetworks name not found! Using module version.
10-23 14:56:18.785  1348  6051 I NamespaceManager: Package com.android.media name not found! Using module version.
10-23 14:56:18.786  1348  6051 I NamespaceManager: Package 1 name not found! Using module version.
10-23 14:56:18.793  1348  1506 W ChimeraUtils: Module com.google.android.gms.nearby_en missing resource null(0)
10-23 14:56:18.794  1348  1506 W ChimeraUtils: Module com.google.android.gms.nearby_en missing resource null(0)
10-23 14:56:18.827  6095  6095 I Finsky  : [2] jlr.g(188): Scheduling 8 in onApplicationCreate
10-23 14:56:18.841  6095  6095 I Finsky  : [2] zrn.<init>(106): SCH: Deleting scheduler db
10-23 14:56:18.842  6095  6095 I Finsky  : [2] zry.<init>(55): Resetting scheduler db
10-23 14:56:18.851  6095  6095 I Finsky  : [2] jlw.h(311): This process start was not selected for Play memory metrics collection.
10-23 14:56:18.860  6095  6095 I Finsky  : [2] qqa.y(24): Installer: Attempting to start installer
10-23 14:56:18.868  6095  6095 I Finsky  : [2] amxf.d(7): registerListener
10-23 14:56:18.876  1657  2249 I AiAiStatsd: Usage metrics: 0 features enabled, 0 features used for date 2023-10-22.
10-23 14:56:18.876  1657  2249 I AiAiStatsd: AiAi is used for the day (2023-10-22): true, the week: true
10-23 14:56:18.877  1657  2249 I AiAiStatsd: Uploading atoms for date: 2023-10-22.
10-23 14:56:18.878  1657  2249 I AiAiStatsd: Total days uploaded: 1 days.
10-23 14:56:18.879  1348  6209 W ChimeraUtils: Module com.google.android.gms.nearby_en missing resource null(0)
10-23 14:56:18.891  6095  6095 I Finsky  : [2] aatt.<init>(263): Initializing pausers from value store.
10-23 14:56:18.891  6095  6095 I Finsky  : [2] aatt.<init>(320): setup::RES: Callers (Pausers) in PauseUpdatesCallersValueStore: []
10-23 14:56:18.895  1348  6209 W ChimeraUtils: Module com.google.android.gms.nearby_en missing resource null(0)
10-23 14:56:18.898  1348  6209 W ChimeraUtils: Module com.google.android.gms.nearby_en missing resource null(0)
10-23 14:56:18.905  6095  6095 I Finsky  : [2] ztb.onStartJob(128): SCH: job service start with id 9000.
10-23 14:56:18.906   413   476 D audioserver: FGS Logger Transaction failed
10-23 14:56:18.906   413   476 D audioserver: -129
10-23 14:56:18.912  6095  6095 I Finsky  : [2] mcb.onSubscriptionsChanged(6): onSubscriptionsChanged
10-23 14:56:18.925  6095  6174 I Finsky  : [60] zrk.a(15): SCH: no pending jobs to schedule.
10-23 14:56:18.927  5175  5259 I BugleRcsProvisioning: BugleSystemBindingManager: onBuglePhenotypeFlagChanged
10-23 14:56:18.929  5175  5668 W BugleRcsEngine: [79] bpxc.w: Unable to send diagnostic log
10-23 14:56:18.930  5175  5259 I BugleTransport: onBuglePhenotypeFlagChanged: kicking off updateActiveTransport
10-23 14:56:18.931  6095  6154 I Finsky  : [53] zrk.a(15): SCH: no pending jobs to schedule.
10-23 14:56:18.933  5175  5296 W BugleAction: Null config in BugleSharedPrefs
10-23 14:56:18.933  5175  5296 W BugleAction: Failed to get msisdn from Bugle
10-23 14:56:18.933  5175  5296 W BugleAction: Failed to get msisdn from RcsProfileService
10-23 14:56:18.933  5175  5296 W BugleAction: cksi: Jibe SDK Service not available. Is the Jibe SDK service running? Did you call connect() and wait for the notification before calling an API function?
10-23 14:56:18.933  5175  5296 W BugleAction: 	at cksa.b(PG:2)
10-23 14:56:18.933  5175  5296 W BugleAction: 	at com.google.android.rcs.client.profile.RcsProfileService.g(PG:1)
10-23 14:56:18.933  5175  5296 W BugleAction: 	at com.google.android.rcs.client.profile.RcsProfileService.getMsisdn(PG:3)
10-23 14:56:18.933  5175  5296 W BugleAction: 	at awsw.aj(PG:17)
10-23 14:56:18.933  5175  5296 W BugleAction: 	at awsw.z(PG:2)
10-23 14:56:18.933  5175  5296 W BugleAction: 	at aule.k(PG:1)
10-23 14:56:18.933  5175  5296 W BugleAction: 	at aulc.call(Unknown Source:2)
10-23 14:56:18.933  5175  5296 W BugleAction: 	at cnsg.a(PG:1)
10-23 14:56:18.933  5175  5296 W BugleAction: 	at cnpm.a(PG:3)
10-23 14:56:18.933  5175  5296 W BugleAction: 	at ctfv.a(PG:1)
10-23 14:56:18.933  5175  5296 W BugleAction: 	at ctet.run(PG:4)
10-23 14:56:18.933  5175  5296 W BugleAction: 	at ctfx.run(PG:1)
10-23 14:56:18.933  5175  5296 W BugleAction: 	at bxfd.run(PG:1)
10-23 14:56:18.933  5175  5296 W BugleAction: 	at java.util.concurrent.ThreadPoolExecutor.runWorker(ThreadPoolExecutor.java:1145)
10-23 14:56:18.933  5175  5296 W BugleAction: 	at java.util.concurrent.ThreadPoolExecutor$Worker.run(ThreadPoolExecutor.java:644)
10-23 14:56:18.933  5175  5296 W BugleAction: 	at bxef.run(PG:2)
10-23 14:56:18.933  5175  5296 W BugleAction: 	at java.lang.Thread.run(Thread.java:1012)
10-23 14:56:18.933  5175  5296 W BugleAction: 	at bxfj.run(PG:5)
10-23 14:56:18.933  6095  6211 I Finsky  : [84] qns.apply(712): Installer: Registering atomic install listeners with package installer
10-23 14:56:18.933  5175  5296 W SubscriptionMetadataUti: Bugle: SubscriptionMetadataUtils get: unexpected subId = -2, replacing with -1
10-23 14:56:18.933  5175  5296 W SubscriptionMetadataUti: cpwb: FULL
10-23 14:56:18.933  5175  5296 W SubscriptionMetadataUti: 	at bdsy.h(PG:6)
10-23 14:56:18.933  5175  5296 W SubscriptionMetadataUti: 	at bdvp.a(PG:1)
10-23 14:56:18.933  5175  5296 W SubscriptionMetadataUti: 	at bgit.<init>(PG:1)
10-23 14:56:18.933  5175  5296 W SubscriptionMetadataUti: 	at bgiu.a(PG:1)
10-23 14:56:18.933  5175  5296 W SubscriptionMetadataUti: 	at awsw.ai(PG:3)
10-23 14:56:18.933  5175  5296 W SubscriptionMetadataUti: 	at awsw.aj(PG:25)
10-23 14:56:18.933  5175  5296 W SubscriptionMetadataUti: 	at awsw.z(PG:2)
10-23 14:56:18.933  5175  5296 W SubscriptionMetadataUti: 	at aule.k(PG:1)
10-23 14:56:18.933  5175  5296 W SubscriptionMetadataUti: 	at aulc.call(Unknown Source:2)
10-23 14:56:18.933  5175  5296 W SubscriptionMetadataUti: 	at cnsg.a(PG:1)
10-23 14:56:18.933  5175  5296 W SubscriptionMetadataUti: 	at cnpm.a(PG:3)
10-23 14:56:18.933  5175  5296 W SubscriptionMetadataUti: 	at ctfv.a(PG:1)
10-23 14:56:18.933  5175  5296 W SubscriptionMetadataUti: 	at ctet.run(PG:4)
10-23 14:56:18.933  5175  5296 W SubscriptionMetadataUti: 	at ctfx.run(PG:1)
10-23 14:56:18.933  5175  5296 W SubscriptionMetadataUti: 	at bxfd.run(PG:1)
10-23 14:56:18.933  5175  5296 W SubscriptionMetadataUti: 	at java.util.concurrent.ThreadPoolExecutor.runWorker(ThreadPoolExecutor.java:1145)
10-23 14:56:18.933  5175  5296 W SubscriptionMetadataUti: 	at java.util.concurrent.ThreadPoolExecutor$Worker.run(ThreadPoolExecutor.java:644)
10-23 14:56:18.933  5175  5296 W SubscriptionMetadataUti: 	at bxef.run(PG:2)
10-23 14:56:18.933  5175  5296 W SubscriptionMetadataUti: 	at java.lang.Thread.run(Thread.java:1012)
10-23 14:56:18.933  5175  5296 W SubscriptionMetadataUti: 	at bxfj.run(PG:5)
10-23 14:56:18.934  5175  5255 I BugleRcsEngine: [43] bptz.run: SystemBindingManager: SystemBinding enabled: true
10-23 14:56:18.934  5175  5296 W SubscriptionMetadataUti: Bugle: SubscriptionMetadataUtils get: unexpected subId = -2, replacing with -1
10-23 14:56:18.934  5175  5296 W SubscriptionMetadataUti: cpwb: FULL
10-23 14:56:18.934  5175  5296 W SubscriptionMetadataUti: 	at bdsy.h(PG:6)
10-23 14:56:18.934  5175  5296 W SubscriptionMetadataUti: 	at bgit.<init>(PG:2)
10-23 14:56:18.934  5175  5296 W SubscriptionMetadataUti: 	at bgiu.a(PG:1)
10-23 14:56:18.934  5175  5296 W SubscriptionMetadataUti: 	at awsw.ai(PG:3)
10-23 14:56:18.934  5175  5296 W SubscriptionMetadataUti: 	at awsw.aj(PG:25)
10-23 14:56:18.934  5175  5296 W SubscriptionMetadataUti: 	at awsw.z(PG:2)
10-23 14:56:18.934  5175  5296 W SubscriptionMetadataUti: 	at aule.k(PG:1)
10-23 14:56:18.934  5175  5296 W SubscriptionMetadataUti: 	at aulc.call(Unknown Source:2)
10-23 14:56:18.934  5175  5296 W SubscriptionMetadataUti: 	at cnsg.a(PG:1)
10-23 14:56:18.934  5175  5296 W SubscriptionMetadataUti: 	at cnpm.a(PG:3)
10-23 14:56:18.934  5175  5296 W SubscriptionMetadataUti: 	at ctfv.a(PG:1)
10-23 14:56:18.934  5175  5296 W SubscriptionMetadataUti: 	at ctet.run(PG:4)
10-23 14:56:18.934  5175  5296 W SubscriptionMetadataUti: 	at ctfx.run(PG:1)
10-23 14:56:18.934  5175  5296 W SubscriptionMetadataUti: 	at bxfd.run(PG:1)
10-23 14:56:18.934  5175  5296 W SubscriptionMetadataUti: 	at java.util.concurrent.ThreadPoolExecutor.runWorker(ThreadPoolExecutor.java:1145)
10-23 14:56:18.934  5175  5296 W SubscriptionMetadataUti: 	at java.util.concurrent.ThreadPoolExecutor$Worker.run(ThreadPoolExecutor.java:644)
10-23 14:56:18.934  5175  5296 W SubscriptionMetadataUti: 	at bxef.run(PG:2)
10-23 14:56:18.934  5175  5296 W SubscriptionMetadataUti: 	at java.lang.Thread.run(Thread.java:1012)
10-23 14:56:18.934  5175  5296 W SubscriptionMetadataUti: 	at bxfj.run(PG:5)
10-23 14:56:18.934  6095  6210 I Finsky  : [83] qoc.a(936): Installer: Checking for orphaned groups
10-23 14:56:18.934  5175  5255 I BugleRcsEngine: [43] bpua.b: System Binding updated
10-23 14:56:18.935  5175  5296 W SubscriptionMetadataUti: Bugle: SubscriptionMetadataUtils get: unexpected subId = -2, replacing with -1
10-23 14:56:18.935  5175  5296 W SubscriptionMetadataUti: cpwb: FULL
10-23 14:56:18.935  5175  5296 W SubscriptionMetadataUti: 	at bdsy.h(PG:6)
10-23 14:56:18.935  5175  5296 W SubscriptionMetadataUti: 	at awsw.ai(PG:18)
10-23 14:56:18.935  5175  5296 W SubscriptionMetadataUti: 	at awsw.aj(PG:25)
10-23 14:56:18.935  5175  5296 W SubscriptionMetadataUti: 	at awsw.z(PG:2)
10-23 14:56:18.935  5175  5296 W SubscriptionMetadataUti: 	at aule.k(PG:1)
10-23 14:56:18.935  5175  5296 W SubscriptionMetadataUti: 	at aulc.call(Unknown Source:2)
10-23 14:56:18.935  5175  5296 W SubscriptionMetadataUti: 	at cnsg.a(PG:1)
