10-23 14:55:32.094  3911  3911 V ActivityScenario: Activity lifecycle changed event received but ignored because the intent does not match. startActivityIntent=Intent { act=android.intent.action.MAIN cat=[android.intent.category.LAUNCHER] cmp=com.example.lunchtray/androidx.fragment.app.testing.FragmentScenario$EmptyFragmentActivity (has extras) }, activity.getIntent()=Intent { act=android.intent.action.MAIN cat=[android.intent.category.LAUNCHER] flg=0x10008000 cmp=com.example.lunchtray/androidx.test.core.app.InstrumentationActivityInvoker$BootstrapActivity (has extras) }, activity=androidx.test.core.app.InstrumentationActivityInvoker$BootstrapActivity@aeb63b4
10-23 14:55:32.095  3911  3911 V ActivityScenario: Activity lifecycle changed event received but ignored because the intent does not match. startActivityIntent=Intent { act=android.intent.action.MAIN cat=[android.intent.category.LAUNCHER] cmp=com.example.lunchtray/androidx.fragment.app.testing.FragmentScenario$EmptyFragmentActivity (has extras) }, activity.getIntent()=Intent { act=android.intent.action.MAIN cat=[android.intent.category.LAUNCHER] flg=0x10008000 cmp=com.example.lunchtray/androidx.test.core.app.InstrumentationActivityInvoker$BootstrapActivity (has extras) }, activity=androidx.test.core.app.InstrumentationActivityInvoker$BootstrapActivity@aeb63b4
10-23 14:55:32.097  1468  1468 D BoundBrokerSvc: onUnbind: Intent { act=com.google.android.gms.findmydevice.spot.service.management.START dat=chimera-action:/... cmp=com.google.android.gms/.chimera.GmsApiService }
10-23 14:55:32.109  1575  1637 I JobSchedulerImpl: JobSchedulerImpl.schedule():91 Schedule task: ContentDownload (id=-1440509951). Success.
10-23 14:55:32.124  1093  1117 D PrefCtrlListHelper: Could not find Context-only controller for pref: com.android.settings.deviceinfo.hardwareinfo.DeviceModelPreferenceController
10-23 14:55:32.124  1093  1117 D PrefCtrlListHelper: Could not find Context-only controller for pref: com.android.settings.deviceinfo.hardwareinfo.SerialNumberPreferenceController
10-23 14:55:32.124  1093  1117 D PrefCtrlListHelper: Could not find Context-only controller for pref: com.android.settings.deviceinfo.hardwareinfo.HardwareRevisionPreferenceController
10-23 14:55:32.124  1093  1117 D PrefCtrlListHelper: Could not find Context-only controller for pref: com.android.settings.deviceinfo.hardwareinfo.ManufacturedYearPreferenceController
10-23 14:55:32.126  3911  3911 D LifecycleMonitor: Lifecycle status change: androidx.fragment.app.testing.FragmentScenario$EmptyFragmentActivity@125e69b in: PRE_ON_CREATE
10-23 14:55:32.127  3911  3911 V ActivityScenario: Activity lifecycle changed event received but ignored because the reported transition was not ON_CREATE while the last known transition was DESTROYED
10-23 14:55:32.127  1093  1117 E HardwareInfoFeatureProviderImpl: Could not parse manufactured year from serial.
10-23 14:55:32.127  1093  1117 E HardwareInfoFeatureProviderImpl: java.lang.NumberFormatException: For input string: "E"
10-23 14:55:32.127  1093  1117 E HardwareInfoFeatureProviderImpl: 	at java.lang.Integer.parseInt(Integer.java:797)
10-23 14:55:32.127  1093  1117 E HardwareInfoFeatureProviderImpl: 	at java.lang.Integer.valueOf(Integer.java:1128)
10-23 14:55:32.127  1093  1117 E HardwareInfoFeatureProviderImpl: 	at com.google.android.settings.deviceinfo.hardwareinfo.HardwareInfoFeatureProviderGoogleImpl.getManufacturedYear(HardwareInfoFeatureProviderGoogleImpl.kt:22)
10-23 14:55:32.127  1093  1117 E HardwareInfoFeatureProviderImpl: 	at com.android.settings.deviceinfo.hardwareinfo.ManufacturedYearPreferenceController.<init>(ManufacturedYearPreferenceController.kt:26)
10-23 14:55:32.127  1093  1117 E HardwareInfoFeatureProviderImpl: 	at java.lang.reflect.Constructor.newInstance0(Native Method)
10-23 14:55:32.127  1093  1117 E HardwareInfoFeatureProviderImpl: 	at java.lang.reflect.Constructor.newInstance(Constructor.java:343)
10-23 14:55:32.127  1093  1117 E HardwareInfoFeatureProviderImpl: 	at com.android.settings.core.BasePreferenceController.createInstance(BasePreferenceController.java:187)
10-23 14:55:32.127  1093  1117 E HardwareInfoFeatureProviderImpl: 	at com.android.settings.core.PreferenceControllerListHelper.getPreferenceControllersFromXml(PreferenceControllerListHelper.java:83)
10-23 14:55:32.127  1093  1117 E HardwareInfoFeatureProviderImpl: 	at com.android.settings.search.BaseSearchIndexProvider.getPreferenceControllers(BaseSearchIndexProvider.java:149)
10-23 14:55:32.127  1093  1117 E HardwareInfoFeatureProviderImpl: 	at com.android.settings.search.BaseSearchIndexProvider.getNonIndexableKeys(BaseSearchIndexProvider.java:114)
10-23 14:55:32.127  1093  1117 E HardwareInfoFeatureProviderImpl: 	at com.android.settings.search.SettingsSearchIndexablesProvider.getNonIndexableKeysFromProvider(SettingsSearchIndexablesProvider.java:284)
10-23 14:55:32.127  1093  1117 E HardwareInfoFeatureProviderImpl: 	at com.android.settings.search.SettingsSearchIndexablesProvider.queryNonIndexableKeys(SettingsSearchIndexablesProvider.java:157)
10-23 14:55:32.127  1093  1117 E HardwareInfoFeatureProviderImpl: 	at android.provider.SearchIndexablesProvider.query(SearchIndexablesProvider.java:127)
10-23 14:55:32.127  1093  1117 E HardwareInfoFeatureProviderImpl: 	at android.content.ContentProvider.query(ContentProvider.java:1596)
10-23 14:55:32.127  1093  1117 E HardwareInfoFeatureProviderImpl: 	at android.content.ContentProvider.query(ContentProvider.java:1692)
10-23 14:55:32.127  1093  1117 E HardwareInfoFeatureProviderImpl: 	at android.content.ContentProvider$Transport.query(ContentProvider.java:292)
10-23 14:55:32.127  1093  1117 E HardwareInfoFeatureProviderImpl: 	at android.content.ContentProviderNative.onTransact(ContentProviderNative.java:107)
10-23 14:55:32.127  1093  1117 E HardwareInfoFeatureProviderImpl: 	at android.os.Binder.execTransactInternal(Binder.java:1339)
10-23 14:55:32.127  1093  1117 E HardwareInfoFeatureProviderImpl: 	at android.os.Binder.execTransact(Binder.java:1275)
10-23 14:55:32.127  3911  3911 V ActivityScenario: Activity lifecycle changed event received but ignored because the reported transition was not ON_CREATE while the last known transition was DESTROYED
10-23 14:55:32.127  1093  1117 D PrefCtrlListHelper: Could not find Context-only controller for pref: com.android.settings.security.trustagent.TrustAgentsPreferenceController
10-23 14:55:32.127  3911  3911 V ActivityScenario: Activity lifecycle changed event received but ignored because the reported transition was not ON_CREATE while the last known transition was DESTROYED
10-23 14:55:32.128  3911  3911 V ActivityScenario: Activity lifecycle changed event received but ignored because the reported transition was not ON_CREATE while the last known transition was DESTROYED
10-23 14:55:32.128  3911  3911 V ActivityScenario: Activity lifecycle changed event received but ignored because the reported transition was not ON_CREATE while the last known transition was DESTROYED
10-23 14:55:32.128  3911  3911 V ActivityScenario: Activity lifecycle changed event received but ignored because the reported transition was not ON_CREATE while the last known transition was PRE_ON_CREATE
10-23 14:55:32.129  1093  1117 V SettingsSearchProvider: com.android.settings.datetime.timezone.TimeZoneSettings$1@699dc44 tried to add an empty non-indexable key
10-23 14:55:32.131  1093  1117 D PrefCtrlListHelper: Could not find Context-only controller for pref: com.android.settings.language.UserDictionaryPreferenceController
10-23 14:55:32.131  1093  1117 D PrefCtrlListHelper: Could not find Context-only controller for pref: com.android.settings.inputmethod.GameControllerPreferenceController
10-23 14:55:32.133  1093  1117 D PrefCtrlListHelper: Could not find Context-only controller for pref: com.android.settings.core.WorkPreferenceController
10-23 14:55:32.133  1093  1117 D PrefCtrlListHelper: Could not find Context-only controller for pref: com.android.settings.inputmethod.SpellCheckerForWorkPreferenceController
10-23 14:55:32.140  1468  1468 D BoundBrokerSvc: onUnbind: Intent { act=com.google.android.gms.findmydevice.spot.service.locationreport.START dat=chimera-action:/... cmp=com.google.android.gms/.chimera.GmsApiService }
10-23 14:55:32.147  3911  3911 D LifecycleMonitor: Lifecycle status change: androidx.fragment.app.testing.FragmentScenario$EmptyFragmentActivity@125e69b in: CREATED
10-23 14:55:32.147  3911  3911 V ActivityScenario: Update currentActivityStage to CREATED, currentActivity=androidx.fragment.app.testing.FragmentScenario$EmptyFragmentActivity@125e69b
10-23 14:55:32.148  3911  3911 V ActivityScenario: Update currentActivityStage to CREATED, currentActivity=androidx.fragment.app.testing.FragmentScenario$EmptyFragmentActivity@125e69b
10-23 14:55:32.148  3911  3911 V ActivityScenario: Update currentActivityStage to CREATED, currentActivity=androidx.fragment.app.testing.FragmentScenario$EmptyFragmentActivity@125e69b
10-23 14:55:32.148  3911  3911 V ActivityScenario: Update currentActivityStage to CREATED, currentActivity=androidx.fragment.app.testing.FragmentScenario$EmptyFragmentActivity@125e69b
10-23 14:55:32.149  3911  3911 V ActivityScenario: Update currentActivityStage to CREATED, currentActivity=androidx.fragment.app.testing.FragmentScenario$EmptyFragmentActivity@125e69b
10-23 14:55:32.149  3911  3911 V ActivityScenario: Update currentActivityStage to CREATED, currentActivity=androidx.fragment.app.testing.FragmentScenario$EmptyFragmentActivity@125e69b
10-23 14:55:32.152  1348  4014 I Fitness : FitCleanupIntentOperation received Intent android.intent.action.PACKAGE_CHANGED [CONTEXT service_id=17 ]
10-23 14:55:32.153  3911  3911 D LifecycleMonitor: Lifecycle status change: androidx.fragment.app.testing.FragmentScenario$EmptyFragmentActivity@125e69b in: STARTED
10-23 14:55:32.154  3911  3911 V ActivityScenario: Update currentActivityStage to STARTED, currentActivity=androidx.fragment.app.testing.FragmentScenario$EmptyFragmentActivity@125e69b
10-23 14:55:32.154  3911  3911 V ActivityScenario: Update currentActivityStage to STARTED, currentActivity=androidx.fragment.app.testing.FragmentScenario$EmptyFragmentActivity@125e69b
10-23 14:55:32.154  3911  3911 V ActivityScenario: Update currentActivityStage to STARTED, currentActivity=androidx.fragment.app.testing.FragmentScenario$EmptyFragmentActivity@125e69b
10-23 14:55:32.154  3911  3911 V ActivityScenario: Update currentActivityStage to STARTED, currentActivity=androidx.fragment.app.testing.FragmentScenario$EmptyFragmentActivity@125e69b
10-23 14:55:32.154  3911  3911 V ActivityScenario: Update currentActivityStage to STARTED, currentActivity=androidx.fragment.app.testing.FragmentScenario$EmptyFragmentActivity@125e69b
10-23 14:55:32.155  3911  3911 V ActivityScenario: Update currentActivityStage to STARTED, currentActivity=androidx.fragment.app.testing.FragmentScenario$EmptyFragmentActivity@125e69b
10-23 14:55:32.156  3911  3911 D LifecycleMonitor: Lifecycle status change: androidx.fragment.app.testing.FragmentScenario$EmptyFragmentActivity@125e69b in: RESUMED
10-23 14:55:32.156  3911  3911 V ActivityScenario: Update currentActivityStage to RESUMED, currentActivity=androidx.fragment.app.testing.FragmentScenario$EmptyFragmentActivity@125e69b
10-23 14:55:32.156  1093  1117 D PrefCtrlListHelper: Could not find Context-only controller for pref: com.android.settings.regionalpreferences.FirstDayOfWeekItemCategoryController
10-23 14:55:32.157  3911  3911 V ActivityScenario: Update currentActivityStage to RESUMED, currentActivity=androidx.fragment.app.testing.FragmentScenario$EmptyFragmentActivity@125e69b
10-23 14:55:32.157  3911  3911 V ActivityScenario: Update currentActivityStage to RESUMED, currentActivity=androidx.fragment.app.testing.FragmentScenario$EmptyFragmentActivity@125e69b
10-23 14:55:32.157  1093  1117 D PrefCtrlListHelper: Could not find Context-only controller for pref: com.android.settings.regionalpreferences.TemperatureUnitController
10-23 14:55:32.157  3911  3911 V ActivityScenario: Update currentActivityStage to RESUMED, currentActivity=androidx.fragment.app.testing.FragmentScenario$EmptyFragmentActivity@125e69b
10-23 14:55:32.157  3911  3911 V ActivityScenario: Update currentActivityStage to RESUMED, currentActivity=androidx.fragment.app.testing.FragmentScenario$EmptyFragmentActivity@125e69b
10-23 14:55:32.157  3911  3911 V ActivityScenario: Update currentActivityStage to RESUMED, currentActivity=androidx.fragment.app.testing.FragmentScenario$EmptyFragmentActivity@125e69b
10-23 14:55:32.157  1093  1117 D PrefCtrlListHelper: Could not find Context-only controller for pref: com.android.settings.regionalpreferences.FirstDayOfWeekController
10-23 14:55:32.157  1093  1117 D PrefCtrlListHelper: Could not find Context-only controller for pref: com.android.settings.regionalpreferences.NumberingSystemController
10-23 14:55:32.178  1468  3697 W Icing   : No valid account for uploading user actions
10-23 14:55:32.238  3911  4251 E OpenGLRenderer: Unable to match the desired swap behavior.
10-23 14:55:32.260  4579  4774 E GnpSdk  : [TargetCreatorHelperImpl] Failed to get android ID.
10-23 14:55:32.263  1348  4860 I Fitness : OnPackageChangedOperation got intent: Intent { act=android.intent.action.PACKAGE_CHANGED dat=package: flg=0x45000010 pkg=com.google.android.gms cmp=com.google.android.gms/.chimera.PersistentIntentOperationService (has extras) } [CONTEXT service_id=17 ]
10-23 14:55:32.284  3911  3934 W ample.lunchtray: Cleared Reference was only reachable from finalizer (only reported once)
10-23 14:55:32.289   524   534 I system_server: Background concurrent copying GC freed 897924(33MB) AllocSpace objects, 87(1764KB) LOS objects, 46% free, 27MB/51MB, paused 942us,37us total 1.174s
10-23 14:55:32.305  1617  4952 D TrafficStats: tagSocket(5) with statsTag=0xffffffff, statsUid=-1
10-23 14:55:32.306   524   544 W ziparchive: Unable to open '/data/app/~~l7Rq4SQe7Y9FzOfn2-YRbQ==/com.example.lunchtray-gbGN8hPxDqDvdbmHMgLHzQ==/base.dm': No such file or directory
10-23 14:55:32.309   524   544 I ActivityTaskManager: Displayed com.example.lunchtray/androidx.fragment.app.testing.FragmentScenario$EmptyFragmentActivity for user 0: +482ms
10-23 14:55:32.331   524   536 W System  : A resource failed to call release.
10-23 14:55:32.332   524   536 W System  : A resource failed to call HardwareBuffer.close.
10-23 14:55:32.337  2796  2819 I .apps.wallpaper: Background concurrent copying GC freed 113386(2944KB) AllocSpace objects, 26(1728KB) LOS objects, 49% free, 2122KB/4244KB, paused 56us,5us total 135.024ms
10-23 14:55:32.342  1468  3697 I Icing   : Usage reports ok 0, Failed Usage reports 0, indexed 0, rejected 0
10-23 14:55:32.344  1468  3697 I Icing   : updateResources: need to parse arkh{com.google.android.googlequicksearchbox}
10-23 14:55:32.350  1348  1348 D BoundBrokerSvc: onBind: Intent { act=com.google.android.gms.tapandpay.service.BIND dat=chimera-action:/... cmp=com.google.android.gms/.chimera.PersistentApiService }
10-23 14:55:32.350  1348  1348 D BoundBrokerSvc: Loading bound service for intent: Intent { act=com.google.android.gms.tapandpay.service.BIND dat=chimera-action:/... cmp=com.google.android.gms/.chimera.PersistentApiService }
10-23 14:55:32.354   524   536 W System  : A resource failed to call HardwareBuffer.close.
10-23 14:55:32.368   524   536 W System  : A resource failed to call HardwareBuffer.close.
10-23 14:55:32.374   870   947 E OpenGLRenderer: Unable to match the desired swap behavior.
10-23 14:55:32.396  1348  1500 I NetworkScheduler.Stats: Task com.google.android.gms/com.google.android.gms.clearcut.uploader.QosUploaderService started execution. cause:5 exec_start_elapsed_seconds: 71 [CONTEXT service_id=218 ]
10-23 14:55:32.397  1348  2698 I Fitness : OnPackageChangedOperation got intent: Intent { act=android.intent.action.PACKAGE_CHANGED dat=package: flg=0x45000010 pkg=com.google.android.gms cmp=com.google.android.gms/.chimera.PersistentIntentOperationService (has extras) } [CONTEXT service_id=17 ]
10-23 14:55:32.398  1093  1117 D PrefCtrlListHelper: Could not find Context-only controller for pref: com.android.settings.regionalpreferences.RegionalFooterPreferenceController
10-23 14:55:32.398  1093  1117 W SettingsPrefController: Skipping updateNonIndexableKeys, key already in list. com.android.settings.regionalpreferences.RegionalFooterPreferenceController@80d6141
10-23 14:55:32.400  1348  4860 I Fitness : FitCleanupIntentOperation received Intent android.intent.action.PACKAGE_CHANGED [CONTEXT service_id=17 ]
10-23 14:55:32.405  1093  1117 V SettingsSearchProvider: com.google.android.settings.gestures.columbus.ColumbusSettings$1@afc1427 tried to add an empty non-indexable key
10-23 14:55:32.412  3041  3429 E Finsky  : [44] vwx.i(2): [EExp] Failed to export experiments for package com.google.android.finsky.stable.
10-23 14:55:32.412  3041  3429 E Finsky  : java.util.concurrent.TimeoutException: Waited 10000 milliseconds (plus 1 milliseconds, 473918 nanoseconds delay) for aopr@a14cc0b[status=PENDING, setFuture=[aomn@c886ae8[status=PENDING, info=[inputFuture=[ajow@e186501[status=PENDING, info=[airq@eef7fa6]]], exceptionType=[class com.google.android.gms.common.api.ApiException], fallback=[ycv@5421de7]]]]]
10-23 14:55:32.412  3041  3429 E Finsky  : 	at aond.get(PG:31)
10-23 14:55:32.412  3041  3429 E Finsky  : 	at vwx.g(PG:33)
10-23 14:55:32.412  3041  3429 E Finsky  : 	at vwx.f(PG:4)
10-23 14:55:32.412  3041  3429 E Finsky  : 	at vwx.h(PG:9)
10-23 14:55:32.412  3041  3429 E Finsky  : 	at vwx.doInBackground(PG:6)
10-23 14:55:32.412  3041  3429 E Finsky  : 	at vwz.d(Unknown Source:3)
10-23 14:55:32.412  3041  3429 E Finsky  : 	at thv.call(PG:159)
10-23 14:55:32.412  3041  3429 E Finsky  : 	at aopq.a(Unknown Source:2)
10-23 14:55:32.412  3041  3429 E Finsky  : 	at aoou.run(PG:3)
10-23 14:55:32.412  3041  3429 E Finsky  : 	at aopr.run(Unknown Source:4)
10-23 14:55:32.412  3041  3429 E Finsky  : 	at java.util.concurrent.ThreadPoolExecutor.runWorker(ThreadPoolExecutor.java:1145)
10-23 14:55:32.412  3041  3429 E Finsky  : 	at java.util.concurrent.ThreadPoolExecutor$Worker.run(ThreadPoolExecutor.java:644)
10-23 14:55:32.412  3041  3429 E Finsky  : 	at afoh.run(PG:34)
10-23 14:55:32.412  3041  3429 E Finsky  : 	at java.lang.Thread.run(Thread.java:1012)
10-23 14:55:32.412  1093  1117 I TetheringManager: registerTetheringEventCallback:com.android.settings
10-23 14:55:32.413  3041  3870 I Finsky  : [82] vwx.h(1): Triggered update for experiment package com.google.android.finsky.regular.
10-23 14:55:32.424  3041  4229 E PhenotypeCombinedFlags: Config package com.google.android.gms.phenotype cannot use PROCESS_STABLE backing without declarative registration. See go/phenotype-android-integration#phenotype for more information. This will lead to stale flags.
10-23 14:55:32.435  3041  3429 D ExperimentTokensCache: Clearing ExperimentTokensCache
10-23 14:55:32.439  3041  3429 I HeterodyneSyncer: Removed 0 invalid users
10-23 14:55:32.442  3041  3429 E Finsky  : [44] laf.a(5): Unexpected android-id = 0
10-23 14:55:32.453  1093  1117 D PrefCtrlListHelper: Could not find Context-only controller for pref: com.android.settings.applications.DefaultAppsPreferenceController
10-23 14:55:32.454  1093  1117 D PrefCtrlListHelper: Could not find Context-only controller for pref: com.android.settings.applications.ClonedAppsPreferenceController
10-23 14:55:32.454  1093  1117 D PrefCtrlListHelper: Could not find Context-only controller for pref: com.android.settings.applications.HibernatedAppsPreferenceController
10-23 14:55:32.454  1093  1117 D PrefCtrlListHelper: Could not find Context-only controller for pref: com.android.settings.applications.AppBatteryUsagePreferenceController
10-23 14:55:32.454  1093  1117 D PrefCtrlListHelper: Could not find Context-only controller for pref: com.android.settings.applications.SpecialAppAccessPreferenceController
10-23 14:55:32.455  1093  1117 W SettingsPrefController: Skipping updateNonIndexableKeys, key already in list. com.android.settings.applications.AppsPreferenceController@aed5c40
10-23 14:55:32.460  1093  1117 D PrefCtrlListHelper: Could not find Context-only controller for pref: com.android.settings.security.CredentialManagementAppHeaderController
10-23 14:55:32.460  1093  1117 D PrefCtrlListHelper: Could not find Context-only controller for pref: com.android.settings.security.CredentialManagementAppButtonsController
10-23 14:55:32.460  1093  1117 D PrefCtrlListHelper: Could not find Context-only controller for pref: com.android.settings.security.CredentialManagementAppPolicyController
10-23 14:55:32.462  1093  1117 V SettingsSearchProvider: com.android.settings.development.graphicsdriver.GraphicsDriverDashboard$1@45796ca tried to add an empty non-indexable key
10-23 14:55:32.464  1093  1117 D PrefCtrlListHelper: Could not find Context-only controller for pref: com.android.settings.emergency.EmergencyGesturePreferenceController
10-23 14:55:32.464  1093  1117 D PrefCtrlListHelper: Could not find Context-only controller for pref: com.android.settings.emergency.EmergencyGestureSoundPreferenceController
10-23 14:55:32.464  1093  1117 D PrefCtrlListHelper: Could not find Context-only controller for pref: com.android.settings.emergency.EmergencyGestureNumberOverridePreferenceController
10-23 14:55:32.465  1093  1117 W BaseSearchIndex: Error initial controller
10-23 14:55:32.465  1093  1117 D PrefCtrlListHelper: Could not find Context-only controller for pref: com.android.settings.network.AirplaneModePreferenceController
10-23 14:55:32.468  3041  3429 E Finsky  : [44] nsf.e(16): Unable to fetch checkin consistency token: empty token
10-23 14:55:32.471  1348  4632 I Fitness : FitCleanupIntentOperation received Intent android.intent.action.PACKAGE_CHANGED [CONTEXT service_id=17 ]
10-23 14:55:32.471  1093  1117 D PrefCtrlListHelper: Could not find Context-only controller for pref: com.android.settings.network.AllInOneTetherPreferenceController
10-23 14:55:32.472  1093  1117 D PrefCtrlListHelper: Could not find Context-only controller for pref: com.android.settings.network.AdaptiveConnectivityPreferenceController
10-23 14:55:32.476  1093  1117 D PrefCtrlListHelper: Could not find Context-only controller for pref: com.android.settings.inputmethod.ModifierKeysPreferenceController
10-23 14:55:32.477   524  2003 I ImeTracker: com.example.lunchtray:79649284: onRequestHide at ORIGIN_SERVER_HIDE_INPUT reason HIDE_UNSPECIFIED_WINDOW
10-23 14:55:32.477   524  2003 I ImeTracker: com.example.lunchtray:79649284: onCancelled at PHASE_SERVER_SHOULD_HIDE
10-23 14:55:32.478  1093  1117 D PrefCtrlListHelper: Could not find Context-only controller for pref: com.android.settings.inputmethod.ModifierKeysRestorePreferenceController
10-23 14:55:32.479  1093  1117 D PrefCtrlListHelper: Could not find Context-only controller for pref: com.android.settings.accessibility.AccessibilityButtonPreferenceController
10-23 14:55:32.479  1093  1117 D PrefCtrlListHelper: Could not find Context-only controller for pref: com.android.settings.accessibility.AccessibilityShortcutPreferenceController
10-23 14:55:32.479  1093  1117 V SettingsSearchProvider: com.android.settings.display.NightDisplaySettings$1@18d2ed tried to add an empty non-indexable key
10-23 14:55:32.480  1575  1575 I GoogleInputMethodService: GoogleInputMethodService.onFinishInput():3227
10-23 14:55:32.483  1575  1575 I GoogleInputMethodService: GoogleInputMethodService.updateDeviceLockedStatus():2087 repeatCheckTimes = 0, unlocked = true
10-23 14:55:32.483  1575  1575 I GoogleInputMethodService: GoogleInputMethodService.onStartInput():1877 onStartInput(EditorInfo{inputType=0x0(NULL) imeOptions=0x0 privateImeOptions=null actionName=UNSPECIFIED actionLabel=null actionId=0 initialSelStart=-1 initialSelEnd=-1 initialCapsMode=0x0 hintText=null label=null packageName=com.example.lunchtray fieldId=0 fieldName=null extras=null}, false)
10-23 14:55:32.483  1575  1575 I GoogleInputMethodService: GoogleInputMethodService.shouldHideHeaderOnInitialState():4008 ShouldHideHeaderOnInitialState = false
10-23 14:55:32.484  1575  1575 I GoogleInputMethodService: GoogleInputMethodService.updateDeviceLockedStatus():2087 repeatCheckTimes = 2, unlocked = true
10-23 14:55:32.485  3041  3429 D HeterodyneSyncer: Syncing with Heterodyne. Reason: 13
10-23 14:55:32.486  1093  1117 D PrefCtrlListHelper: Could not find Context-only controller for pref: com.android.settings.notification.RemoteVolumeGroupController
10-23 14:55:32.486  3041  3429 I Finsky  : [44] aktc.d(2): Sending Heterodyne sync request for package com.google.android.finsky.regular
10-23 14:55:32.492  3041  3429 D ApacheHttpTransport: Contacting Heterodyne at https://www.googleapis.com/experimentsandconfigs/v1/getExperimentsAndConfigs?r=13&c=128
10-23 14:55:32.495  1093  1117 D PrefCtrlListHelper: Could not find Context-only controller for pref: com.android.settings.sound.MediaOutputPreferenceController
10-23 14:55:32.498  1348  4632 I Fitness : OnPackageChangedOperation got intent: Intent { act=android.intent.action.PACKAGE_CHANGED dat=package: flg=0x45000010 pkg=com.google.android.gms cmp=com.google.android.gms/.chimera.PersistentIntentOperationService (has extras) } [CONTEXT service_id=17 ]
10-23 14:55:32.507  1093  5117 W LocalMediaManager: BluetoothAdapter is null or muting expected device not exist
10-23 14:55:32.513  1348  2698 I Fitness : OnPackageChangedOperation got intent: Intent { act=android.intent.action.PACKAGE_CHANGED dat=package: flg=0x45000010 pkg=com.google.android.gms cmp=com.google.android.gms/.chimera.PersistentIntentOperationService (has extras) } [CONTEXT service_id=17 ]
10-23 14:55:32.526  1348  4632 I Fitness : FitCleanupIntentOperation received Intent android.intent.action.PACKAGE_CHANGED [CONTEXT service_id=17 ]
10-23 14:55:32.527  1093  1117 V MediaRouter: Selecting route: RouteInfo{ name=Phone, description=null, status=null, category=RouteCategory{ name=System types=ROUTE_TYPE_LIVE_AUDIO ROUTE_TYPE_LIVE_VIDEO  groupable=false }, supportedTypes=ROUTE_TYPE_LIVE_AUDIO ROUTE_TYPE_LIVE_VIDEO , presentationDisplay=null }
10-23 14:55:32.530  1093  1117 I MediaRouter: Skip setBluetoothA2dpOn(): types=8388615, isPlaybackActive()=false, BT route=null
10-23 14:55:32.537  1093  1117 D PrefCtrlListHelper: Could not find Context-only controller for pref: com.android.settings.notification.CallVolumePreferenceController
10-23 14:55:32.537  1093  1117 D PrefCtrlListHelper: Could not find Context-only controller for pref: com.android.settings.sound.HandsFreeProfileOutputPreferenceController
10-23 14:55:32.539  1093  1117 D PrefCtrlListHelper: Could not find Context-only controller for pref: com.android.settings.notification.zen.ZenModePreferenceController
10-23 14:55:32.539  1093  1117 D PrefCtrlListHelper: Could not find Context-only controller for pref: com.android.settings.notification.SpatialAudioParentPreferenceController
10-23 14:55:32.539  1093  1117 D PrefCtrlListHelper: Could not find Context-only controller for pref: com.android.settings.sound.MediaControlsParentPreferenceController
10-23 14:55:32.539  1093  1117 D PrefCtrlListHelper: Could not find Context-only controller for pref: com.android.settings.accessibility.VibrationPreferenceController
10-23 14:55:32.539  1093  1117 D PrefCtrlListHelper: Could not find Context-only controller for pref: com.android.settings.gestures.PreventRingingParentPreferenceController
10-23 14:55:32.539  1093  1117 D PrefCtrlListHelper: Could not find Context-only controller for pref: com.google.android.settings.notification.ClearCallingPreferenceController
10-23 14:55:32.539  1348  3755 I Fitness : FitCleanupIntentOperation received Intent android.intent.action.PACKAGE_CHANGED [CONTEXT service_id=17 ]
10-23 14:55:32.539  1093  1117 D PrefCtrlListHelper: Could not find Context-only controller for pref: com.android.settings.notification.WorkSoundsPreferenceController
10-23 14:55:32.573  1348  4014 I Fitness : OnPackageChangedOperation got intent: Intent { act=android.intent.action.PACKAGE_CHANGED dat=package: flg=0x45000010 pkg=com.google.android.gms cmp=com.google.android.gms/.chimera.PersistentIntentOperationService (has extras) } [CONTEXT service_id=17 ]
10-23 14:55:32.584  1093  1117 D PrefCtrlListHelper: Could not find Context-only controller for pref: com.android.settings.wifi.CellularFallbackPreferenceController
10-23 14:55:32.593  1093  1117 W libc    : Access denied finding property "ro.vendor.aware_available"
10-23 14:55:32.593  1093  1117 V SettingsSearchProvider: com.google.android.settings.aware.WakeScreenGestureSettings$1@ac6b207 tried to add an empty non-indexable key
10-23 14:55:32.594  1093  1117 D PrefCtrlListHelper: Could not find Context-only controller for pref: com.android.settings.dream.DreamMainSwitchPreferenceController
10-23 14:55:32.598  1348  1504 W ChimeraUtils: Module com.google.android.gms.nearby_en missing resource null(0)
10-23 14:55:32.604  3041  3429 I TrafficStats: untagSocket(123)
10-23 14:55:32.604  1348  4014 I Fitness : FitCleanupIntentOperation received Intent android.intent.action.PACKAGE_CHANGED [CONTEXT service_id=17 ]
10-23 14:55:32.604  1132  1166 I ImeTracker: com.google.android.apps.nexuslauncher:43f8fdfd: onRequestHide at ORIGIN_CLIENT_HIDE_SOFT_INPUT reason HIDE_SOFT_INPUT
10-23 14:55:32.604  1132  1166 I ImeTracker: com.google.android.apps.nexuslauncher:43f8fdfd: onFailed at PHASE_CLIENT_VIEW_SERVED
10-23 14:55:32.606  1132  2137 D OneSearchSuggestProvider: Shut down the binder channel
10-23 14:55:32.606  1132  1149 I IPCThreadState: oneway function results for code 2 on binder at 0x7f98daef58e0 will be dropped but finished with status UNKNOWN_TRANSACTION
10-23 14:55:32.616  1093  1117 D PrefCtrlListHelper: Could not find Context-only controller for pref: com.android.settings.dream.DreamComplicationPreferenceController
10-23 14:55:32.616  1093  1117 D PrefCtrlListHelper: Could not find Context-only controller for pref: com.android.settings.dream.DreamHomeControlsPreferenceController
10-23 14:55:32.619  3041  3429 I Finsky  : [44] spe.g(1): Received Heterodyne sync response. StatusCode=200
10-23 14:55:32.620  3041  3429 D HeterodyneSyncer: update last fetch to 1698072000
10-23 14:55:32.621  1093  1117 D PrefCtrlListHelper: Could not find Context-only controller for pref: com.android.settings.gestures.AssistGestureSettingsPreferenceController
10-23 14:55:32.621  3041  3429 D HeterodyneSyncer: Update request tag - changed
10-23 14:55:32.621  3041  3429 D HeterodyneSyncer: update experiment token: com.google.android.finsky.stable, 83561110,
10-23 14:55:32.622  1093  1117 D AssistGesture: mAssistOnly:false, isSupported:false, isSensorAvailable:false
10-23 14:55:32.622  3041  3429 D HeterodyneSyncer: update application tag, changed: com.google.android.finsky.regular, 83561110, , 0
10-23 14:55:32.622  3041  3429 D HeterodyneSyncer: Clearing partition: 0
10-23 14:55:32.622  3041  3429 D HeterodyneSyncer: updateFlag: com.google.android.finsky.regular, 83561110, 0, , AppContentServiceContentFetcherSettings__get_home_stream_timeout_in_millis
10-23 14:55:32.622  3041  3429 D HeterodyneSyncer: updateFlag: com.google.android.finsky.regular, 83561110, 0, , AppContentServiceContentFetcherSettings__package_name_map
10-23 14:55:32.622  3041  3429 D HeterodyneSyncer: updateFlag: com.google.android.finsky.regular, 83561110, 0, , ArtProfiles__art_upload_installed_app_info
10-23 14:55:32.622  3041  3429 D HeterodyneSyncer: updateFlag: com.google.android.finsky.regular, 83561110, 0, , AutoUpdateCodegen__always_connect_to_gearhead_car_api
10-23 14:55:32.622  3041  3429 D HeterodyneSyncer: updateFlag: com.google.android.finsky.regular, 83561110, 0, , AutoUpdateCodegen__enable_dark_launch_call_autoupdate_before_bulkdetails
10-23 14:55:32.622  3041  3429 D HeterodyneSyncer: updateFlag: com.google.android.finsky.regular, 83561110, 0, , AutoUpdateCodegen__enable_update_checker_dfe_notification
10-23 14:55:32.622  3041  3429 D HeterodyneSyncer: updateFlag: com.google.android.finsky.regular, 83561110, 0, , AutoUpdateCodegen__read_client_update_discovered_timestamp
10-23 14:55:32.622  3041  3429 D HeterodyneSyncer: updateFlag: com.google.android.finsky.regular, 83561110, 0, , AutoUpdateCodegen__request_server_staleness_info
10-23 14:55:32.622  3041  3429 D HeterodyneSyncer: updateFlag: com.google.android.finsky.regular, 83561110, 0, , AutoUpdateCodegen__switch_to_autoupdate_endpoint
10-23 14:55:32.622  3041  3429 D HeterodyneSyncer: updateFlag: com.google.android.finsky.regular, 83561110, 0, , AutoUpdateCodegen__system_component_auto_update_setting_disables_automatic_ota
10-23 14:55:32.622  3041  3429 D HeterodyneSyncer: updateFlag: com.google.android.finsky.regular, 83561110, 0, , AvoidBulkCancelNetworkRequests__avoid_bulk_cancel_deep_links_and_details_requests
10-23 14:55:32.622  3041  3429 D HeterodyneSyncer: updateFlag: com.google.android.finsky.regular, 83561110, 0, , AvoidBulkCancelNetworkRequests__avoid_bulk_cancel_image_requests
10-23 14:55:32.622  3041  3429 D HeterodyneSyncer: updateFlag: com.google.android.finsky.regular, 83561110, 0, , CloudSearchService__enable_request_authentication
10-23 14:55:32.622  3041  3429 D HeterodyneSyncer: updateFlag: com.google.android.finsky.regular, 83561110, 0, , ContentSync__collect_signing_keys
10-23 14:55:32.622  3041  3429 D HeterodyneSyncer: updateFlag: com.google.android.finsky.regular, 83561110, 0, , Cubes__cubes_provider_packages_to_avoid_zero_state
10-23 14:55:32.622  3041  3429 D HeterodyneSyncer: updateFlag: com.google.android.finsky.regular, 83561110, 0, , DeviceConfig__remove_is_token_required
10-23 14:55:32.622  3041  3429 D HeterodyneSyncer: updateFlag: com.google.android.finsky.regular, 83561110, 0, , DeviceDriversSync__enable_gpu_payload_sync
10-23 14:55:32.622  3041  3429 D HeterodyneSyncer: updateFlag: com.google.android.finsky.regular, 83561110, 0, , DialogBuilder__kill_switch_refresh_retains_saved_instance_bundle
10-23 14:55:32.622  3041  3429 D HeterodyneSyncer: updateFlag: com.google.android.finsky.regular, 83561110, 0, , EnableWorkManagerAllegro__is_enabled
10-23 14:55:32.622  3041  3429 D HeterodyneSyncer: updateFlag: com.google.android.finsky.regular, 83561110, 0, , EnterpriseDeviceReport__allow_null_device_local_policy_personal
10-23 14:55:32.622  3041  3429 D HeterodyneSyncer: updateFlag: com.google.android.finsky.regular, 83561110, 0, , ExperimentFramework__reset_stale_experiments_status_on_clear_cache_callback
10-23 14:55:32.622  3041  3429 D HeterodyneSyncer: updateFlag: com.google.android.finsky.regular, 83561110, 0, , ExposureNotificationClient__ms_delay_for_fallback_apps
10-23 14:55:32.623  3041  3429 D HeterodyneSyncer: updateFlag: com.google.android.finsky.regular, 83561110, 0, , ExposureNotificationClient__version_regex
10-23 14:55:32.623  3041  3429 D HeterodyneSyncer: updateFlag: com.google.android.finsky.regular, 83561110, 0, , FormFactorPricing__enable_details_page_ui
10-23 14:55:32.623  3041  3429 D HeterodyneSyncer: updateFlag: com.google.android.finsky.regular, 83561110, 0, , GooglePlayProtect__enable_gpp_pha_slice
10-23 14:55:32.623  3041  3429 D HeterodyneSyncer: updateFlag: com.google.android.finsky.regular, 83561110, 0, , GooglePlayProtect__enable_play_protect_snackbar
10-23 14:55:32.623  3041  3429 D HeterodyneSyncer: updateFlag: com.google.android.finsky.regular, 83561110, 0, , InAppBilling__add_library_version_to_extra_param
10-23 14:55:32.623  3041  3429 D HeterodyneSyncer: updateFlag: com.google.android.finsky.regular, 83561110, 0, , InAppBilling__enable_ack_purchase
10-23 14:55:32.623  3041  3429 D HeterodyneSyncer: updateFlag: com.google.android.finsky.regular, 83561110, 0, , InAppBilling__enable_ack_purchase_logging
10-23 14:55:32.623  3041  3429 D HeterodyneSyncer: updateFlag: com.google.android.finsky.regular, 83561110, 0, , InAppBilling__enable_debug_messages
10-23 14:55:32.623  3041  3429 D HeterodyneSyncer: updateFlag: com.google.android.finsky.regular, 83561110, 0, , InAppBilling__enable_pending_purchases
10-23 14:55:32.623  3041  3429 D HeterodyneSyncer: updateFlag: com.google.android.finsky.regular, 83561110, 0, , InAppBilling__read_response_code_from_iab_error
10-23 14:55:32.623  3041  3429 D HeterodyneSyncer: updateFlag: com.google.android.finsky.regular, 83561110, 0, , InAppBilling__read_response_code_from_iab_error_in_app_purchase_history
10-23 14:55:32.623  3041  3429 D HeterodyneSyncer: updateFlag: com.google.android.finsky.regular, 83561110, 0, , InAppBilling__read_response_code_from_iab_error_sku_details
10-23 14:55:32.623  3041  3429 D HeterodyneSyncer: updateFlag: com.google.android.finsky.regular, 83561110, 0, , InstallQueue__let_install_queue_handle_pending_cancels
10-23 14:55:32.623  3041  3429 D HeterodyneSyncer: updateFlag: com.google.android.finsky.regular, 83561110, 0, , InstallerCodegen__enable_multi_version_apk_cache
10-23 14:55:32.623  3041  3429 D HeterodyneSyncer: updateFlag: com.google.android.finsky.regular, 83561110, 0, , Installer__install_queue_cancel_inactive
10-23 14:55:32.623  3041  3429 D HeterodyneSyncer: updateFlag: com.google.android.finsky.regular, 83561110, 0, , IntegrityService__device_verification_hygiene_job_enabled
10-23 14:55:32.623  3041  3429 D HeterodyneSyncer: updateFlag: com.google.android.finsky.regular, 83561110, 0, , IntegrityService__express_mode_hygiene_job
10-23 14:55:32.623  3041  3429 D HeterodyneSyncer: updateFlag: com.google.android.finsky.regular, 83561110, 0, , InternalSharing__enable_fix_account_selection_for_installed_internally_shared_apps
10-23 14:55:32.623  3041  3429 D HeterodyneSyncer: updateFlag: com.google.android.finsky.regular, 83561110, 0, , JankImprovements__cache_text_measurements
10-23 14:55:32.623  3041  3429 D HeterodyneSyncer: updateFlag: com.google.android.finsky.regular, 83561110, 0, , JankImprovements__vertical_scroller_optimized_animations
10-23 14:55:32.624  1093  1117 D AssistGesture: mAssistOnly:false, isSupported:false, isSensorAvailable:false
10-23 14:55:32.624  1093  1117 D PrefCtrlListHelper: Could not find Context-only controller for pref: com.android.settings.inputmethod.UserDictionaryListPreferenceController
10-23 14:55:32.625  3041  3429 D HeterodyneSyncer: updateFlag: com.google.android.finsky.regular, 83561110, 0, , Libraryentryignoredoctype__is_enabled
10-23 14:55:32.627  3041  3429 D HeterodyneSyncer: updateFlag: com.google.android.finsky.regular, 83561110, 0, , MemoryMetrics__memory_metrics_collection_enabled
10-23 14:55:32.627  3041  3429 D HeterodyneSyncer: updateFlag: com.google.android.finsky.regular, 83561110, 0, , NotificationClickability__disable_opt_out_user
10-23 14:55:32.627  3041  3429 D HeterodyneSyncer: updateFlag: com.google.android.finsky.regular, 83561110, 0, , NotificationClickability__enable_report_stats
10-23 14:55:32.627  3041  3429 D HeterodyneSyncer: updateFlag: com.google.android.finsky.regular, 83561110, 0, , NotificationClickability__enable_signal_gc
10-23 14:55:32.627  3041  3429 D HeterodyneSyncer: updateFlag: com.google.android.finsky.regular, 83561110, 0, , Notifications__migrate_notification_actions_to_activity
10-23 14:55:32.627  3041  3429 D HeterodyneSyncer: updateFlag: com.google.android.finsky.regular, 83561110, 0, , PaymentsGmsCore__clear_server_logs_cookie_for_payments_o2
10-23 14:55:32.628  3041  3429 D HeterodyneSyncer: updateFlag: com.google.android.finsky.regular, 83561110, 0, , PaymentsGmsCore__disable_payse_fallback
10-23 14:55:32.628  3041  3429 D HeterodyneSyncer: updateFlag: com.google.android.finsky.regular, 83561110, 0, , PhoneskyHeaders__migrate_setup_flow_to_url_param
10-23 14:55:32.628  3041  3429 D HeterodyneSyncer: updateFlag: com.google.android.finsky.regular, 83561110, 0, , PhoneskyPhenotype__enable_b272292924_fix
10-23 14:55:32.628  3041  3429 D HeterodyneSyncer: updateFlag: com.google.android.finsky.regular, 83561110, 0, , PhoneskyPhenotype__use_blocking_executor
10-23 14:55:32.628  3041  3429 D HeterodyneSyncer: updateFlag: com.google.android.finsky.regular, 83561110, 0, , PhoneskySetup__enable_all_setup_service_api_usage_logging
10-23 14:55:32.628  3041  3429 D HeterodyneSyncer: updateFlag: com.google.android.finsky.regular, 83561110, 0, , PhoneskySetup__enable_get_recommended_preinstalls_caller_allowlist
10-23 14:55:32.628  3041  3429 D HeterodyneSyncer: updateFlag: com.google.android.finsky.regular, 83561110, 0, , PlayConnect__enable_get_available_devices_api
10-23 14:55:32.628  3041  3429 D HeterodyneSyncer: updateFlag: com.google.android.finsky.regular, 83561110, 0, , PlayConnect__enable_send_message_to_device_api
10-23 14:55:32.628  3041  3429 D HeterodyneSyncer: updateFlag: com.google.android.finsky.regular, 83561110, 0, , PlayConnect__wear_network_handshake_bug_fix
10-23 14:55:32.628  3041  3429 D HeterodyneSyncer: updateFlag: com.google.android.finsky.regular, 83561110, 0, , PlayConnect__wear_network_phone_handshake_hygiene
10-23 14:55:32.628  3041  3429 D HeterodyneSyncer: updateFlag: com.google.android.finsky.regular, 83561110, 0, , PlayJankLogging__enable_deadline_based_metrics
10-23 14:55:32.629  3041  3429 D HeterodyneSyncer: updateFlag: com.google.android.finsky.regular, 83561110, 0, , PlayProtect__enable_centralized_notifications
10-23 14:55:32.629  3041  3429 D HeterodyneSyncer: updateFlag: com.google.android.finsky.regular, 83561110, 0, , PlayProtect__upload_requested_permissions_in_pam
10-23 14:55:32.629  3041  3429 D HeterodyneSyncer: updateFlag: com.google.android.finsky.regular, 83561110, 0, , PreregAutoInstall__enable_prereg_notification_re_opt_in_warning_message
10-23 14:55:32.629  2964  3509 I PBSessionCacheImpl: Deleted sessionId[13037507931822867] from persistence.
10-23 14:55:32.630  3041  3429 D HeterodyneSyncer: updateFlag: com.google.android.finsky.regular, 83561110, 0, , PreregistrationStatusApi__disabled_preregistration_status_packages
10-23 14:55:32.630  3041  3429 D HeterodyneSyncer: updateFlag: com.google.android.finsky.regular, 83561110, 0, , PreregistrationStatusApi__enable_preregistration_status_provider
10-23 14:55:32.630  3911  3911 D LifecycleMonitor: Lifecycle status change: androidx.test.core.app.InstrumentationActivityInvoker$BootstrapActivity@aeb63b4 in: STOPPED
10-23 14:55:32.630  3041  3429 D HeterodyneSyncer: updateFlag: com.google.android.finsky.regular, 83561110, 0, , PreregistrationStatusApi__preregistration_status_package_controller
10-23 14:55:32.631  3041  3429 D HeterodyneSyncer: updateFlag: com.google.android.finsky.regular, 83561110, 0, , PromotionCampaignDetailsPage__CdpClientControlledTerms
10-23 14:55:32.631  3911  3911 V ActivityScenario: Activity lifecycle changed event received but ignored because the intent does not match. startActivityIntent=Intent { act=android.intent.action.MAIN cat=[android.intent.category.LAUNCHER] cmp=com.example.lunchtray/androidx.fragment.app.testing.FragmentScenario$EmptyFragmentActivity (has extras) }, activity.getIntent()=Intent { act=android.intent.action.MAIN cat=[android.intent.category.LAUNCHER] flg=0x10008000 cmp=com.example.lunchtray/androidx.test.core.app.InstrumentationActivityInvoker$BootstrapActivity (has extras) }, activity=androidx.test.core.app.InstrumentationActivityInvoker$BootstrapActivity@aeb63b4
10-23 14:55:32.631  3041  3429 D HeterodyneSyncer: updateFlag: com.google.android.finsky.regular, 83561110, 0, , PromotionCampaignDetailsPage__hide_info_icon
10-23 14:55:32.631  3041  3429 D HeterodyneSyncer: updateFlag: com.google.android.finsky.regular, 83561110, 0, , ReduceIpcsPackagestate__enable_after_home_page_load
10-23 14:55:32.631  3041  3429 D HeterodyneSyncer: updateFlag: com.google.android.finsky.regular, 83561110, 0, , ReduceIpcsPackagestate__is_enabled
10-23 14:55:32.631  3041  3429 D HeterodyneSyncer: updateFlag: com.google.android.finsky.regular, 83561110, 0, , ReduceIpcsPackagestate__prewarm_delay_ms
10-23 14:55:32.631  3041  3429 D HeterodyneSyncer: updateFlag: com.google.android.finsky.regular, 83561110, 0, , RefactorDeviceSelectorExpandedState__refactor_device_selector_expanded_state
10-23 14:55:32.631  3911  3911 V ActivityScenario: Activity lifecycle changed event received but ignored because the intent does not match. startActivityIntent=Intent { act=android.intent.action.MAIN cat=[android.intent.category.LAUNCHER] cmp=com.example.lunchtray/androidx.fragment.app.testing.FragmentScenario$EmptyFragmentActivity (has extras) }, activity.getIntent()=Intent { act=android.intent.action.MAIN cat=[android.intent.category.LAUNCHER] flg=0x10008000 cmp=com.example.lunchtray/androidx.test.core.app.InstrumentationActivityInvoker$BootstrapActivity (has extras) }, activity=androidx.test.core.app.InstrumentationActivityInvoker$BootstrapActivity@aeb63b4
10-23 14:55:32.632  3911  3911 V ActivityScenario: Activity lifecycle changed event received but ignored because the intent does not match. startActivityIntent=Intent { act=android.intent.action.MAIN cat=[android.intent.category.LAUNCHER] cmp=com.example.lunchtray/androidx.fragment.app.testing.FragmentScenario$EmptyFragmentActivity (has extras) }, activity.getIntent()=Intent { act=android.intent.action.MAIN cat=[android.intent.category.LAUNCHER] flg=0x10008000 cmp=com.example.lunchtray/androidx.test.core.app.InstrumentationActivityInvoker$BootstrapActivity (has extras) }, activity=androidx.test.core.app.InstrumentationActivityInvoker$BootstrapActivity@aeb63b4
10-23 14:55:32.632  3041  3429 D HeterodyneSyncer: updateFlag: com.google.android.finsky.regular, 83561110, 0, , Rerundeviceverificationfailures__is_enabled
10-23 14:55:32.632  3041  3429 D HeterodyneSyncer: updateFlag: com.google.android.finsky.regular, 83561110, 0, , RoutineHygiene__hygiene_tasks_window_fix
10-23 14:55:32.632  3041  3429 D HeterodyneSyncer: updateFlag: com.google.android.finsky.regular, 83561110, 0, , RoutineHygiene__regenerate_hygiene_seed
10-23 14:55:32.632  3041  3429 D HeterodyneSyncer: updateFlag: com.google.android.finsky.regular, 83561110, 0, , Scheduler__enable_work_manager_engine
10-23 14:55:32.632  3041  3429 D HeterodyneSyncer: updateFlag: com.google.android.finsky.regular, 83561110, 0, , Scheduler__skip_idle_job_on_immediate_job
10-23 14:55:32.632  3041  3429 D HeterodyneSyncer: updateFlag: com.google.android.finsky.regular, 83561110, 0, , Scheduler__work_manager_max_scheduler_limit
10-23 14:55:32.632  3041  3429 D HeterodyneSyncer: updateFlag: com.google.android.finsky.regular, 83561110, 0, , Scheduler__work_manager_max_sdk
10-23 14:55:32.632  3041  3429 D HeterodyneSyncer: updateFlag: com.google.android.finsky.regular, 83561110, 0, , SelfUpdate__enable_immediate_job
10-23 14:55:32.632  3041  3429 D HeterodyneSyncer: updateFlag: com.google.android.finsky.regular, 83561110, 0, , TubeskyAccountContentProvider__enable_account_content_provider
10-23 14:55:32.632  3041  3429 D HeterodyneSyncer: updateFlag: com.google.android.finsky.regular, 83561110, 0, , Tubeskycontinuebutton__is_enabled
10-23 14:55:32.632  3041  3429 D HeterodyneSyncer: updateFlag: com.google.android.finsky.regular, 83561110, 0, , Unicorn__enable_unicorn_account_identification
10-23 14:55:32.632  3041  3429 D HeterodyneSyncer: updateFlag: com.google.android.finsky.regular, 83561110, 0, , Unicorn__enable_unicorn_arc_provider
10-23 14:55:32.633  3911  3911 V ActivityScenario: Activity lifecycle changed event received but ignored because the intent does not match. startActivityIntent=Intent { act=android.intent.action.MAIN cat=[android.intent.category.LAUNCHER] cmp=com.example.lunchtray/androidx.fragment.app.testing.FragmentScenario$EmptyFragmentActivity (has extras) }, activity.getIntent()=Intent { act=android.intent.action.MAIN cat=[android.intent.category.LAUNCHER] flg=0x10008000 cmp=com.example.lunchtray/androidx.test.core.app.InstrumentationActivityInvoker$BootstrapActivity (has extras) }, activity=androidx.test.core.app.InstrumentationActivityInvoker$BootstrapActivity@aeb63b4
10-23 14:55:32.633  3041  3429 D HeterodyneSyncer: updateFlag: com.google.android.finsky.regular, 83561110, 0, , UnifiedSync__enable_execution_sequencer
10-23 14:55:32.634  3041  3429 D HeterodyneSyncer: updateFlag: com.google.android.finsky.regular, 83561110, 0, , UnifiedSync__enable_reuse_duration
10-23 14:55:32.634  3041  3429 D HeterodyneSyncer: updateFlag: com.google.android.finsky.regular, 83561110, 0, , UnifiedSync__enable_stale_payload_removal
10-23 14:55:32.634  3041  3429 D HeterodyneSyncer: updateFlag: com.google.android.finsky.regular, 83561110, 0, , UnifiedSync__use_hygiene_window_for_reuse_duration
10-23 14:55:32.634  3041  3429 D HeterodyneSyncer: updateFlag: com.google.android.finsky.regular, 83561110, 0, , UserLanguagesCodegen__dont_kill_ignore_importance
10-23 14:55:32.634  3041  3429 D HeterodyneSyncer: updateFlag: com.google.android.finsky.regular, 83561110, 0, , VerifierAutoscanApkStreamingSupport__is_enabled
10-23 14:55:32.634  3041  3429 D HeterodyneSyncer: updateFlag: com.google.android.finsky.regular, 83561110, 0, , WearSupport__kill_switch_wear_service
10-23 14:55:32.634  3041  3429 D HeterodyneSyncer: updateFlag: com.google.android.finsky.regular, 83561110, 0, , WideMediaFeatures__enable_univision_card_actions
10-23 14:55:32.634  3041  3429 D HeterodyneSyncer: updateFlag: com.google.android.finsky.regular, 83561110, 0, , ZeroPrefixRecentSearchSuggestion__zero_prefix_recent_search_suggestion_count
10-23 14:55:32.634  1348  1504 W ChimeraUtils: Module com.google.android.gms.nearby_en missing resource null(0)
10-23 14:55:32.634  3041  3429 D HeterodyneSyncer: update application tag, changed: com.google.android.finsky.regular, 83561110, , 1
10-23 14:55:32.634  3041  3429 D HeterodyneSyncer: Clearing partition: 1
