10-23 14:55:53.558  5669  5669 D ApplicationLoaders: Returning zygote-cached class loader: /system_ext/framework/androidx.window.extensions.jar
10-23 14:55:53.558  5669  5669 D ApplicationLoaders: Returning zygote-cached class loader: /system_ext/framework/androidx.window.sidecar.jar
10-23 14:55:53.565  5175  5300 I Bugle   : BroadcastReceiverAsyncWorkTracker: Acknowledging broadcast of com.google.android.apps.messaging.rcsprovisioning.RcsProvisioningBroadcastReceiver@55b72cf
10-23 14:55:53.567  3041  4558 I Finsky  : [141] yzq.ai(17): Finished writing experiment flags into file [4dEVOh7DlClE42ly_19Hs7FqnnFOj9O0dm-zzWqGxeo].
10-23 14:55:53.570  5175  5668 I BugleRcsEngine: [79] zzl.apply: Cancel All Provisioning work operation result is: SUCCESS, trigger is SIM_SWAP
10-23 14:55:53.582   413   476 D audioserver: FGS Logger Transaction failed
10-23 14:55:53.582   413   476 D audioserver: -129
10-23 14:55:53.582  3041  4558 I Finsky  : [141] vwx.g(23): Successfully applied new configurations for package com.google.android.finsky.regular.
10-23 14:55:53.583  5175  5259 W BugleRcsEngine: [45] brcu.d: [SR]: Single Registration is disabled. Skipping Single Registration capability check for subId: 1, OS.isAtLeastS:[true], enableSingleRegistrationProvisioning:[false]
10-23 14:55:53.583  3041  4558 I Finsky  : [141] vwx.g(29): [EExp] Exporting experiments for package com.google.android.finsky.regular.
10-23 14:55:53.583  3041  4558 I Finsky  : [141] xxf.n(3): [EExp] Exporting experiments for namespace com.google.android.finsky.regular.
10-23 14:55:53.587  5175  5259 I BugleRcsEngine: [45] zzn.apply: Skipping provisioning scheduling since RCS is disabled
10-23 14:55:53.596  5175  5270 I Bugle   : BroadcastReceiverAsyncWorkTracker: Acknowledging broadcast of bdxy@1bc00c8
10-23 14:55:53.603  5175  5254 W Bugle   : TextClassifierLibManagerImpl: Reclaiming memory at level: 40
10-23 14:55:53.615  5669  5669 D nativeloader: InitLlndkLibrariesProduct: libEGL.so:libGLESv1_CM.so:libGLESv2.so:libGLESv3.so:libRS.so:libandroid_net.so:libbinder_ndk.so:libc.so:libcgrouprc.so:libclang_rt.asan-x86_64-android.so:libcom.android.tethering.connectivity_native.so:libdl.so:libft2.so:liblog.so:libm.so:libmediandk.so:libnativewindow.so:libneuralnetworks.so:libselinux.so:libsync.so:libvndksupport.so:libvulkan.so
10-23 14:55:53.615  5669  5669 D nativeloader: Configuring product-clns-7 for unbundled product apk /product/priv-app/PrebuiltBugle/PrebuiltBugle.apk. target_sdk_version=34, uses_libraries=, library_path=/product/priv-app/PrebuiltBugle/lib/x86_64:/product/priv-app/PrebuiltBugle/PrebuiltBugle.apk!/lib/x86_64:/product/lib64:/system/product/lib64, permitted_path=/data:/mnt/expand:/data/user/0/com.google.android.apps.messaging:/product/lib64:/system/product/lib64
10-23 14:55:53.618  5669  5669 D nativeloader: InitVndkspLibrariesProduct: android.hardware.common-V2-ndk.so:android.hardware.common.fmq-V1-ndk.so:android.hardware.graphics.allocator-V2-ndk.so:android.hardware.graphics.common-V4-ndk.so:android.hardware.graphics.common@1.0.so:android.hardware.graphics.common@1.1.so:android.hardware.graphics.common@1.2.so:android.hardware.graphics.composer3-V1-ndk.so:android.hardware.graphics.mapper@2.0.so:android.hardware.graphics.mapper@2.1.so:android.hardware.graphics.mapper@3.0.so:android.hardware.graphics.mapper@4.0.so:android.hardware.renderscript@1.0.so:android.hidl.memory.token@1.0.so:android.hidl.memory@1.0-impl.so:android.hidl.memory@1.0.so:android.hidl.safe_union@1.0.so:libRSCpuRef.so:libRSDriver.so:libRS_internal.so:libbase.so:libbcinfo.so:libblas.so:libc++.so:libcompiler_rt.so:libcutils.so:libdmabufheap.so:libgralloctypes.so:libhardware.so:libhidlbase.so:libhidlmemory.so:libion.so:libjsoncpp.so:liblzma.so:libprocessgroup.so:libunwindstack.so:libutils.so:libutilscallstack.so:libz.so
10-23 14:55:53.628  5175  5264 I BugleJobs: Scheduling IcingRecurringWorker. [CONTEXT class_name="IcingMonitoringUtils" ]
10-23 14:55:53.675   524   555 E system_server: No package ID 7f found for resource ID 0x7f08038b.
10-23 14:55:53.675   524   555 E system_server: No package ID 7f found for resource ID 0x7f150be5.
10-23 14:55:53.675   524   555 E system_server: No package ID 7f found for resource ID 0x7f150be5.
10-23 14:55:53.675   524   555 E system_server: No package ID 7f found for resource ID 0x7f150be4.
10-23 14:55:53.695  1657  1657 I AiAiEcho: AppFetcherImpl onPackageChanged com.google.android.apps.messaging.
10-23 14:55:53.696  1657  3692 I AiAiEcho: AppIndexer Package:[com.google.android.apps.messaging] UserProfile:[0] Enabled:[true].
10-23 14:55:53.696  1657  3692 I AiAiEcho: AppFetcherImplV2 updateApps package:[com.google.android.apps.messaging], userId:[0], reason:[package is updated.].
10-23 14:55:53.707   524   555 E system_server: No package ID 7f found for resource ID 0x7f080107.
10-23 14:55:53.707   524   555 E system_server: No package ID 7f found for resource ID 0x7f150560.
10-23 14:55:53.717  1657  1657 I AiAiEcho: AppFetcherImpl onPackageChanged com.google.android.contacts.
10-23 14:55:53.718  5669  5669 V GraphicsEnvironment: Currently set values for:
10-23 14:55:53.718  5669  5669 V GraphicsEnvironment:   angle_gl_driver_selection_pkgs=[]
10-23 14:55:53.718  5669  5669 V GraphicsEnvironment:   angle_gl_driver_selection_values=[]
10-23 14:55:53.719  5669  5669 V GraphicsEnvironment: ANGLE GameManagerService for com.google.android.apps.messaging: false
10-23 14:55:53.719  5669  5669 V GraphicsEnvironment: com.google.android.apps.messaging is not listed in per-application setting
10-23 14:55:53.719  5669  5669 V GraphicsEnvironment: Neither updatable production driver nor prerelease driver is supported.
10-23 14:55:53.724  1657  3206 I AiAiEcho: AppIndexer Package:[com.google.android.contacts] UserProfile:[0] Enabled:[true].
10-23 14:55:53.724  1657  3206 I AiAiEcho: AppFetcherImplV2 updateApps package:[com.google.android.contacts], userId:[0], reason:[package is updated.].
10-23 14:55:53.737  5669  5669 I MultiDex: Installing application
10-23 14:55:53.737  5669  5669 I MultiDex: VM with version 2.1.0 has multidex support
10-23 14:55:53.737  5669  5669 I MultiDex: VM has multidex support, MultiDex support library is disabled.
10-23 14:55:53.773  5175  5255 I FirebaseApp: Device unlocked: initializing all Firebase APIs for app [DEFAULT]
10-23 14:55:53.785  5669  5669 D CompatibilityChangeReporter: Compat change id reported: 3400644; UID 10122; state: ENABLED
10-23 14:55:53.812  5175  5275 I BugleNetwork: FirebaseRegistrationStartupTask: Enabling Firebase component
10-23 14:55:53.858  1348  5651 I Fitness : OnPackageChangedOperation got intent: Intent { act=android.intent.action.PACKAGE_CHANGED dat=package: flg=0x45000010 pkg=com.google.android.gms cmp=com.google.android.gms/.chimera.PersistentIntentOperationService (has extras) } [CONTEXT service_id=17 ]
10-23 14:55:53.866  5175  5270 I BugleWearable: Wear Companion app is not installed on phone. Skipping sync to wear devices. [CONTEXT class_name="SyncDataToWearableAppHandler" ]
10-23 14:55:53.876  1348  5439 I Fitness : FitCleanupIntentOperation received Intent android.intent.action.PACKAGE_CHANGED [CONTEXT service_id=17 ]
10-23 14:55:53.897  5669  5696 W s.messaging:rcs: Accessing hidden field Ljava/util/Collections$SynchronizedCollection;->mutex:Ljava/lang/Object; (max-target-o, reflection, denied)
10-23 14:55:53.897  5669  5696 W s.messaging:rcs: Accessing hidden method Ljava/util/Collections$SynchronizedSet;-><init>(Ljava/util/Set;Ljava/lang/Object;)V (max-target-o, reflection, denied)
10-23 14:55:53.897  5669  5696 W s.messaging:rcs: Accessing hidden method Ljava/util/Collections$SynchronizedCollection;-><init>(Ljava/util/Collection;Ljava/lang/Object;)V (max-target-o, reflection, denied)
10-23 14:55:53.902  3911  4251 D EGL_emulation: app_time_stats: avg=8.15ms min=1.17ms max=166.76ms count=36
10-23 14:55:53.917  3412  3412 I DialerConstellationSyncWorker: com.android.dialer.businessvoice.control.worker.ConstellationSyncWorker.startWork:66 starting work
10-23 14:55:53.936  1132  1146 W System  : A resource failed to call release.
10-23 14:55:53.936  1132  1146 W System  : A resource failed to call release.
10-23 14:55:53.936  1132  1146 W System  : A resource failed to call release.
10-23 14:55:53.936  1132  1146 W System  : A resource failed to call release.
10-23 14:55:53.936  1132  1146 W System  : A resource failed to call release.
10-23 14:55:53.936  1132  1146 W System  : A resource failed to call release.
10-23 14:55:53.936  1132  1146 W System  : A resource failed to call release.
10-23 14:55:53.936  1132  1146 W System  : A resource failed to call release.
10-23 14:55:53.936  1132  1146 W System  : A resource failed to call release.
10-23 14:55:53.936  5669  5669 I cjbs    : SslGuard completed installation.
10-23 14:55:53.939  5669  5669 I Bugle   : BugleApplicationBase: Bugle version: messages.android_20230529_03_rc01_alldpi.x86_64.phone
10-23 14:55:53.957  1348  1348 I Wear_Controller: Wearable module requires a companion app to be installed.
10-23 14:55:53.957  1348  1348 I WearableService: onCreate: Wearable Services not starting. Wear is not available on this device.
10-23 14:55:53.967  3412  3568 I DialerCountryCodeProvider: com.android.dialer.businessvoice.verifiedcall.impl.i18n.CountryCodeProvider.getSimCountryCodeInternal:85 returning Redacted-2-chars
10-23 14:55:53.967  3041  3041 I Finsky  : [2] zgz.f(9): SU: Received onStateUpdate with status: 2
10-23 14:55:53.968  3412  3568 I DialerCachedVerifiedNumberProvider: com.android.dialer.businessvoice.verifiedcall.impl.constellation.CachedVerifiedNumberProvider.refreshConstellationInfo:190 Retrieving constellation info and refreshing the cache.
10-23 14:55:53.975  3911  3911 I ViewInteraction: Checking 'MatchesViewAssertion{viewMatcher=an instance of android.widget.TextView and view.getText() with or without transformation to match: a string containing "Subtotal: $1.00"}' assertion on view view.getId() is <2131231217/com.example.lunchtray:id/subtotal>
10-23 14:55:53.980  3911  3911 I ViewInteraction: Performing 'single click' action on view view.getId() is <2131231113/com.example.lunchtray:id/pickles>
10-23 14:55:53.991  1348  5438 I Fitness : OnPackageChangedOperation got intent: Intent { act=android.intent.action.PACKAGE_CHANGED dat=package: flg=0x45000010 pkg=com.google.android.gms cmp=com.google.android.gms/.chimera.PersistentIntentOperationService (has extras) } [CONTEXT service_id=17 ]
10-23 14:55:54.009  1348  3477 W WearableService: onGetService: Wear is not available on this device.
10-23 14:55:54.016  1348  5438 I Fitness : FitCleanupIntentOperation received Intent android.intent.action.PACKAGE_CHANGED [CONTEXT service_id=17 ]
10-23 14:55:54.041   413  1029 D audioserver: FGS Logger Transaction failed
10-23 14:55:54.041   413  1029 D audioserver: -129
10-23 14:55:54.062  5175  5707 D TrafficStats: tagSocket(90) with statsTag=0x8001, statsUid=-1
10-23 14:55:54.065  5669  5702 I SnapshotHandler: Unable to retrieve flag snapshot for com.google.android.libraries.performance.primes#com.google.android.apps.messaging, using defaults.
10-23 14:55:54.083  5669  5706 I CarrierServices: [49] ProvisioningEventReceiver.d: Received Provisioning Event: [Bugle information (100)]
10-23 14:55:54.087  5175  5707 W DynamiteModule: Local module descriptor class for com.google.android.gms.providerinstaller.dynamite not found.
10-23 14:55:54.108  1348  3477 W ProviderHelper: Unknown dynamite feature providerinstaller.dynamite
10-23 14:55:54.110  5669  5669 I CarrierServices: [2] JibeService.onBind: JibeService: onBind in state STARTING, intent action = com.google.android.ims.rcs.engine.IRcsEngineTemporaryController
10-23 14:55:54.116  5669  5716 I CarrierServices: [53] bscr.run: Creating JibeServiceComponent
10-23 14:55:54.121  5175  5707 I DynamiteModule: Considering local module com.google.android.gms.providerinstaller.dynamite:0 and remote module com.google.android.gms.providerinstaller.dynamite:0
10-23 14:55:54.121  5175  5707 W ProviderInstaller: Failed to load providerinstaller module: No acceptable module com.google.android.gms.providerinstaller.dynamite found. Local version is 0 and remote version is 0.
10-23 14:55:54.135  5175  5274 I RcsClientLib: com.google.android.rcs.client.lifecycle.RcsEngineLifecycleService connected
10-23 14:55:54.136  5175  5274 I RcsClientLib: com.google.android.rcs.client.lifecycle.RcsEngineLifecycleService connected
10-23 14:55:54.140  1468  1468 D BoundBrokerSvc: onUnbind: Intent { act=com.google.android.gms.auth.cryptauth.cryptauthservice.START dat=chimera-action:/... cmp=com.google.android.gms/.chimera.GmsBoundBrokerService }
10-23 14:55:54.149  5669  5706 I CarrierServices: [49] ProvisioningEventReceiver.d: JibeService is running, passing event to provisioning engine.
10-23 14:55:54.154  3412  3605 W DialerVerifiedNumberProvider: com.android.dialer.businessvoice.verifiedcall.impl.constellation.VerifiedNumberProvider.lambda$getConstellationResponse$1:155 Failed to get constellation token.
10-23 14:55:54.154  3412  3605 W DialerVerifiedNumberProvider: nkq: 5005:
10-23 14:55:54.154  3412  3605 W DialerVerifiedNumberProvider: 	at nov.au(PG:1)
10-23 14:55:54.154  3412  3605 W DialerVerifiedNumberProvider: 	at nnf.g(PG:2)
10-23 14:55:54.154  3412  3605 W DialerVerifiedNumberProvider: 	at npo.a(Unknown Source:2)
10-23 14:55:54.154  3412  3605 W DialerVerifiedNumberProvider: 	at npy.dm(PG:9)
10-23 14:55:54.154  3412  3605 W DialerVerifiedNumberProvider: 	at ncz.onTransact(PG:4)
10-23 14:55:54.154  3412  3605 W DialerVerifiedNumberProvider: 	at android.os.Binder.execTransactInternal(Binder.java:1344)
10-23 14:55:54.154  3412  3605 W DialerVerifiedNumberProvider: 	at android.os.Binder.execTransact(Binder.java:1275)
10-23 14:55:54.158  3041  3436 E Finsky  : [45] osy.accept(44): [EExp] Failed to export release experiments.
10-23 14:55:54.158  3041  3436 E Finsky  : com.google.common.util.concurrent.TimeoutFuture$TimeoutFutureException: Timed out (timeout delayed by 35 ms after scheduled time): aopr@c043395[status=PENDING, setFuture=[aomn@fbf8caa[status=PENDING, info=[inputFuture=[ajow@6e6e09b[status=PENDING, info=[airq@b9f0c38]]], exceptionType=[class com.google.android.gms.common.api.ApiException], fallback=[ycv@5421de7]]]]]
10-23 14:55:54.169  5175  5273 W RcsClientLib: Error while stopping RCS engine.
10-23 14:55:54.169  5175  5273 W RcsClientLib: java.lang.IllegalStateException: JibeService Not Initialized
10-23 14:55:54.169  5175  5273 W RcsClientLib: 	at android.os.Parcel.createExceptionOrNull(Parcel.java:3065)
10-23 14:55:54.169  5175  5273 W RcsClientLib: 	at android.os.Parcel.createException(Parcel.java:3041)
10-23 14:55:54.169  5175  5273 W RcsClientLib: 	at android.os.Parcel.readException(Parcel.java:3024)
10-23 14:55:54.169  5175  5273 W RcsClientLib: 	at android.os.Parcel.readException(Parcel.java:2966)
10-23 14:55:54.169  5175  5273 W RcsClientLib: 	at com.google.android.aidl.BaseProxy.transactAndReadExceptionReturnVoid(PG:3)
10-23 14:55:54.169  5175  5273 W RcsClientLib: 	at com.google.android.ims.rcs.engine.IRcsEngineTemporaryController$Stub$Proxy.triggerStopRcsStack(PG:3)
10-23 14:55:54.169  5175  5273 W RcsClientLib: 	at com.google.android.rcs.client.lifecycle.RcsEngineLifecycleService.triggerStopRcsStack(PG:2)
10-23 14:55:54.169  5175  5273 W RcsClientLib: 	at awzl.call(PG:1)
10-23 14:55:54.169  5175  5273 W RcsClientLib: 	at cnsg.a(PG:1)
10-23 14:55:54.169  5175  5273 W RcsClientLib: 	at cnpm.a(PG:3)
10-23 14:55:54.169  5175  5273 W RcsClientLib: 	at ctfv.a(PG:1)
10-23 14:55:54.169  5175  5273 W RcsClientLib: 	at ctet.run(PG:4)
10-23 14:55:54.169  5175  5273 W RcsClientLib: 	at ctfx.run(PG:1)
10-23 14:55:54.169  5175  5273 W RcsClientLib: 	at bxfd.run(PG:1)
10-23 14:55:54.169  5175  5273 W RcsClientLib: 	at java.util.concurrent.ThreadPoolExecutor.runWorker(ThreadPoolExecutor.java:1145)
10-23 14:55:54.169  5175  5273 W RcsClientLib: 	at java.util.concurrent.ThreadPoolExecutor$Worker.run(ThreadPoolExecutor.java:644)
10-23 14:55:54.169  5175  5273 W RcsClientLib: 	at bxef.run(PG:2)
10-23 14:55:54.169  5175  5273 W RcsClientLib: 	at java.lang.Thread.run(Thread.java:1012)
10-23 14:55:54.169  5175  5273 W RcsClientLib: 	at bxfj.run(PG:5)
10-23 14:55:54.171  5175  5274 W RcsClientLib: Error while stopping RCS engine.
10-23 14:55:54.171  5175  5274 W RcsClientLib: java.lang.IllegalStateException: JibeService Not Initialized
10-23 14:55:54.171  5175  5274 W RcsClientLib: 	at android.os.Parcel.createExceptionOrNull(Parcel.java:3065)
10-23 14:55:54.171  5175  5274 W RcsClientLib: 	at android.os.Parcel.createException(Parcel.java:3041)
10-23 14:55:54.171  5175  5274 W RcsClientLib: 	at android.os.Parcel.readException(Parcel.java:3024)
10-23 14:55:54.171  5175  5274 W RcsClientLib: 	at android.os.Parcel.readException(Parcel.java:2966)
10-23 14:55:54.171  5175  5274 W RcsClientLib: 	at com.google.android.aidl.BaseProxy.transactAndReadExceptionReturnVoid(PG:3)
10-23 14:55:54.171  5175  5274 W RcsClientLib: 	at com.google.android.ims.rcs.engine.IRcsEngineTemporaryController$Stub$Proxy.triggerStopRcsStack(PG:3)
10-23 14:55:54.171  5175  5274 W RcsClientLib: 	at com.google.android.rcs.client.lifecycle.RcsEngineLifecycleService.triggerStopRcsStack(PG:2)
10-23 14:55:54.171  5175  5274 W RcsClientLib: 	at awzl.call(PG:1)
10-23 14:55:54.171  5175  5274 W RcsClientLib: 	at cnsg.a(PG:1)
10-23 14:55:54.171  5175  5274 W RcsClientLib: 	at cnpm.a(PG:3)
10-23 14:55:54.171  5175  5274 W RcsClientLib: 	at ctfv.a(PG:1)
10-23 14:55:54.171  5175  5274 W RcsClientLib: 	at ctet.run(PG:4)
10-23 14:55:54.171  5175  5274 W RcsClientLib: 	at ctfx.run(PG:1)
10-23 14:55:54.171  5175  5274 W RcsClientLib: 	at bxfd.run(PG:1)
10-23 14:55:54.171  5175  5274 W RcsClientLib: 	at java.util.concurrent.ThreadPoolExecutor.runWorker(ThreadPoolExecutor.java:1145)
10-23 14:55:54.171  5175  5274 W RcsClientLib: 	at java.util.concurrent.ThreadPoolExecutor$Worker.run(ThreadPoolExecutor.java:644)
10-23 14:55:54.171  5175  5274 W RcsClientLib: 	at bxef.run(PG:2)
10-23 14:55:54.171  5175  5274 W RcsClientLib: 	at java.lang.Thread.run(Thread.java:1012)
10-23 14:55:54.171  5175  5274 W RcsClientLib: 	at bxfj.run(PG:5)
10-23 14:55:54.176  5669  5716 I CarrierServices: [53] bscd.o: (Sim): Processing an intent
10-23 14:55:54.177  5669  5716 I CarrierServices: [53] bscd.z: (Sim): SIM state LOADED
10-23 14:55:54.180  5175  5707 D nativeloader: Configuring clns-8 for other apk /system/framework/com.android.media.remotedisplay.jar. target_sdk_version=33, uses_libraries=ALL, library_path=/product/priv-app/PrebuiltGmsCore/lib/x86_64:/product/priv-app/PrebuiltGmsCore/PrebuiltGmsCore.apk!/lib/x86_64, permitted_path=/data:/mnt/expand:/data/user/0/com.google.android.gms
10-23 14:55:54.188  5175  5707 D nativeloader: Configuring clns-9 for other apk /system/framework/com.android.location.provider.jar. target_sdk_version=33, uses_libraries=ALL, library_path=/product/priv-app/PrebuiltGmsCore/lib/x86_64:/product/priv-app/PrebuiltGmsCore/PrebuiltGmsCore.apk!/lib/x86_64, permitted_path=/data:/mnt/expand:/data/user/0/com.google.android.gms
10-23 14:55:54.188  5175  5707 D ApplicationLoaders: Returning zygote-cached class loader: /system_ext/framework/androidx.window.extensions.jar
10-23 14:55:54.188  5175  5707 D ApplicationLoaders: Returning zygote-cached class loader: /system_ext/framework/androidx.window.sidecar.jar
10-23 14:55:54.197  5175  5275 I BugleRcsProvisioning: RcsProvisioningTrigger: Schedule provisioning on app startup
10-23 14:55:54.206  5175  5707 D nativeloader: Configuring product-clns-10 for unbundled product apk /product/priv-app/PrebuiltGmsCore/PrebuiltGmsCore.apk. target_sdk_version=33, uses_libraries=, library_path=/product/priv-app/PrebuiltGmsCore/lib/x86_64:/product/priv-app/PrebuiltGmsCore/PrebuiltGmsCore.apk!/lib/x86_64:/product/lib64:/system/product/lib64, permitted_path=/data:/mnt/expand:/data/user/0/com.google.android.gms:/product/lib64:/system/product/lib64
10-23 14:55:54.220   413   476 D audioserver: FGS Logger Transaction failed
10-23 14:55:54.220   413   476 D audioserver: -129
10-23 14:55:54.223  5669  5716 I CarrierServices: [53] bscd.z: (Sim): SIM changed: false. current id: redacted-pii:sim_id[chars:20,last3:897]; stored id: redacted-pii:sim_id[chars:20,last3:897]; isFiDevice: false; subId: 1; slotIndex: 0
10-23 14:55:54.234  5175  5275 I BugleRcsProvisioning: scheduleProvisioning using legacy code path
10-23 14:55:54.234  5175  5275 W BugleRcsEngine: [57] brcu.d: [SR]: Single Registration is disabled. Skipping Single Registration capability check for subId: 1, OS.isAtLeastS:[true], enableSingleRegistrationProvisioning:[false]
10-23 14:55:54.234  5175  5275 I BugleRcsProvisioning: RcsProvisioningTrigger: DR is active, initializing DR provisioning. DUAL_REG
10-23 14:55:54.234  5175  5274 W BugleRcsEngine: [56] brcu.d: [SR]: Single Registration is disabled. Skipping Single Registration capability check for subId: 1, OS.isAtLeastS:[true], enableSingleRegistrationProvisioning:[false]
10-23 14:55:54.235  5175  5274 I BugleRcsEngine: [56] zzm.run: Skipping provisioning scheduling since RCS is disabled
10-23 14:55:54.236  5175  5273 I BugleNetwork: Startup: registering tachyon.
10-23 14:55:54.239  5669  5716 D CompatibilityChangeReporter: Compat change id reported: 247079863; UID 10122; state: ENABLED
10-23 14:55:54.257  3412  3605 W DialerConstellationSyncWorker: com.android.dialer.businessvoice.control.worker.ConstellationSyncWorker.lambda$syncConstellation$2:110 Constellation api request failed, status code: 5005
10-23 14:55:54.258  3412  3567 I WM-WorkerWrapper: Worker result RETRY for Work [ id=42773d00-f981-41a2-af00-0395c4f8bd18, tags={ com.google.apps.tiktok.contrib.work.TikTokListenableWorker, TikTokWorker#com.android.dialer.businessvoice.control.worker.ConstellationSyncWorker } ]
10-23 14:55:54.269  5669  5716 I CarrierServices: [53] bscd.S: (Sim): Skipping writing to Msisdn because this is not main bugle process.
10-23 14:55:54.277  5669  5716 I CarrierServices: [53] bscd.z: (Sim): Updated SIM info: currentSimId: redacted-pii:sim_id[chars:20,last3:897]; imsi: redacted-pii:imsi[chars:15]; rawMsisdn: redacted-pii:phone_number[chars:12,last2:67]; formattedMsisdn: redacted-pii:phone_number[chars:0,last2:]; mccmnc: redacted-pii:sim_operator[chars:6]; gid1: redacted-pii:sim_gid[chars:0]; isFiDevice: false; subId: 1; slotIndex: 0
10-23 14:55:54.289  5175  5707 V NativeCrypto: Registering com/google/android/gms/org/conscrypt/NativeCrypto's 295 native methods...
10-23 14:55:54.289  5669  5716 I CarrierServices: [53] bscd.I: (Sim): Broadcasting Intent { act=com.google.android.ims.SIM_LOADED (has extras) }
10-23 14:55:54.289  5669  5716 I CarrierServices: [53] bqbp.b: Initializing Carrier Services Library.
10-23 14:55:54.293  5669  5716 I CarrierServices: [53] bqbp.a: Initializing Carrier Services Logging.
10-23 14:55:54.297  5669  5716 I LogSaver: LogSaver new instance with filename: carrier_services
10-23 14:55:54.308  5669  5716 I BugleRcsEngine: [53] RcsEngineProxyImpl.initializeRcsEngineForBugle: RcsEngineProxyImpl:[ff35cb7c-846b]: Initializing RCS Engine for Bugle host.
10-23 14:55:54.310  5175  5274 I BugleNetwork: RegistrationProvider: Getting Tachyon registration
10-23 14:55:54.325   870   947 D EGL_emulation: app_time_stats: avg=55.13ms min=2.49ms max=209.28ms count=19
10-23 14:55:54.326  5669  5716 I BugleRcsEngine: [53] bscd.o: (Sim): Processing an intent
10-23 14:55:54.326  5669  5716 I BugleRcsEngine: [53] bscd.z: (Sim): Ignoring duplicate SIM state: LOADED
10-23 14:55:54.331  5175  5255 W Bugle   : TextClassifierLibManagerImpl: Reclaiming memory at level: 40
10-23 14:55:54.343  1468  1468 D BoundBrokerSvc: onBind: Intent { act=com.google.android.gms.asterism.service.START pkg=com.google.android.gms }
10-23 14:55:54.343  1468  1468 D BoundBrokerSvc: Loading bound service for intent: Intent { act=com.google.android.gms.asterism.service.START pkg=com.google.android.gms }
10-23 14:55:54.344  5669  5716 W BugleRcsEngine: [53] RcsEngineProxyImpl.initializeRcsEngineForBugle: RcsEngineProxyImpl:[ff35cb7c-846b]: enableRcsEngineInitializationByBugle is disabled, directly initializing new DUAL_REG RcsEngine
10-23 14:55:54.347  5669  5725 I BugleRcsEngine: [61] bscg.c: do not delay first event
10-23 14:55:54.347  5669  5716 I BugleRcsEngine: [53] bqbp.a: Initializing Carrier Services Logging.
10-23 14:55:54.347  5669  5716 D BugleRcsEngine: log_saver already enabled
10-23 14:55:54.349  5175  5254 W Bugle   : TextClassifierLibManagerImpl: Reclaiming memory at level: 40
10-23 14:55:54.354  5669  5716 I BugleRcsEngine: [53] RcsEngineImpl.<init>: RcsEngine SipConnectionType set to DUAL_REG
10-23 14:55:54.354  5669  5716 I BugleRcsEngine: [53] RcsEngineImpl.<init>: RcsEngineImpl[DUAL_REG]:[b33b142f-2d55]: instantiated in package: com.google.android.apps.messaging
10-23 14:55:54.361  5669  5725 I BugleRcsEngine: [61] bscd.o: (Sim): Processing an intent
10-23 14:55:54.361  5669  5725 I BugleRcsEngine: [61] bscd.z: (Sim): Ignoring duplicate SIM state: LOADED
10-23 14:55:54.387  5669  5716 I BugleRcsEngine: [53] RcsEngineImpl.init: RcsEngineImpl[DUAL_REG]:[b33b142f-2d55]: Initializing RcsEngine.
10-23 14:55:54.392  5175  5707 I .apps.messaging: Waiting for a blocking GC ClassLinker
10-23 14:55:54.404  5669  5728 I BugleRcsEngine: [64] EventHubProxy.subscribe: Adding event listener brml@28de8d3 for category 8 with key 42854611 for hub ENGINE
10-23 14:55:54.406   524  2544 D ConnectivityService: requestNetwork for uid/pid:10122/5669 activeRequest: null callbackRequest: 128 [NetworkRequest [ REQUEST id=129, [ Capabilities: INTERNET&NOT_RESTRICTED&TRUSTED&NOT_VCN_MANAGED Uid: 10122 RequestorUid: 10122 RequestorPkg: com.google.android.apps.messaging UnderlyingNetworks: Null] ]] callback flags: 0 order: 2147483647
10-23 14:55:54.408   524   790 D WifiNetworkFactory: got request NetworkRequest [ REQUEST id=129, [ Capabilities: INTERNET&NOT_RESTRICTED&TRUSTED&NOT_VCN_MANAGED Uid: 10122 RequestorUid: 10122 RequestorPkg: com.google.android.apps.messaging UnderlyingNetworks: Null] ]
10-23 14:55:54.409   524   790 D UntrustedWifiNetworkFactory: got request NetworkRequest [ REQUEST id=129, [ Capabilities: INTERNET&NOT_RESTRICTED&TRUSTED&NOT_VCN_MANAGED Uid: 10122 RequestorUid: 10122 RequestorPkg: com.google.android.apps.messaging UnderlyingNetworks: Null] ]
10-23 14:55:54.409   524   797 D ConnectivityService: NetReassign [129 : null  100] [c 0] [a 1] [i 1]
10-23 14:55:54.409   524   790 D OemPaidWifiNetworkFactory: got request NetworkRequest [ REQUEST id=129, [ Capabilities: INTERNET&NOT_RESTRICTED&TRUSTED&NOT_VCN_MANAGED Uid: 10122 RequestorUid: 10122 RequestorPkg: com.google.android.apps.messaging UnderlyingNetworks: Null] ]
10-23 14:55:54.409   524   790 D MultiInternetWifiNetworkFactory: got request NetworkRequest [ REQUEST id=129, [ Capabilities: INTERNET&NOT_RESTRICTED&TRUSTED&NOT_VCN_MANAGED Uid: 10122 RequestorUid: 10122 RequestorPkg: com.google.android.apps.messaging UnderlyingNetworks: Null] ]
10-23 14:55:54.412  5669  5726 I BugleRcsEngine: [62] bscg.c: SIM delay is not enabled
10-23 14:55:54.412  5669  5726 W BugleRcsEngine: [62] bscd.a: (Sim): process intent: android.intent.action.SIM_STATE_CHANGED
10-23 14:55:54.415  5669  5716 I BugleRcsEngine: [53] RcsEngineImpl.init: RcsEngineImpl[DUAL_REG]:[b33b142f-2d55]: Initializing RBM resource permissions.
10-23 14:55:54.443  5175  5707 I .apps.messaging: WaitForGcToComplete blocked ClassLinker on CollectorTransition for 51.364ms
10-23 14:55:54.448  5175  5707 I ProviderInstaller: Installed default security provider GmsCore_OpenSSL
10-23 14:55:54.451  5669  5725 I BugleRcsEngine: [61] bscd.o: (Sim): Processing an intent
10-23 14:55:54.452  5669  5725 I BugleRcsEngine: [61] bscd.z: (Sim): Ignoring duplicate SIM state: LOADED
10-23 14:55:54.471  5669  5729 I BugleRcsEngine: [65] bqvv.c: Connected state: [1], networkType: [WIFI]
10-23 14:55:54.472  5669  5727 I BugleRcsEngine: [63] brqh.handleMessage: RcsEngineImpl[DUAL_REG]:[b33b142f-2d55]>Handler: handleMessage processing message:[NOTIFY_UPTIME_IGNORE_STATE_CHANGED] with [non-null]:RcsEngineImpl reference
10-23 14:55:54.480  5669  5729 I BugleRcsEngine: [65] bqvv.c: Connected state: [1], networkType: [WIFI]
10-23 14:55:54.488   524   536 W System  : A resource failed to call release.
10-23 14:55:54.496  5669  5727 I BugleRcsEngine: [63] brnl.h: RCS Configuration storage in Bugle is disabled by p/h flag, using ProvisioningEngineStateCacheUtil.getProvisioningConfigurationForGivenSimIfExist()
10-23 14:55:54.501   524   536 W System  : A resource failed to call HardwareBuffer.close.
10-23 14:55:54.502  5669  5727 W BugleRcsEngine: [63] bpxk.i: Unable to send RCS extension log
10-23 14:55:54.502  5669  5727 I BugleRcsEngine: [63] brqh.handleMessage: RcsEngineImpl[DUAL_REG]:[b33b142f-2d55]>Handler: handleMessage processing message:[NOTIFY_UPTIME_IGNORE_STATE_CHANGED] with [non-null]:RcsEngineImpl reference
10-23 14:55:54.509  5669  5727 I BugleRcsEngine: [63] brnl.h: RCS Configuration storage in Bugle is disabled by p/h flag, using ProvisioningEngineStateCacheUtil.getProvisioningConfigurationForGivenSimIfExist()
10-23 14:55:54.530  5669  5716 I BugleRcsEngine: [53] brga.s: ProvisioningEngineManager: onCsLibPhenotypeUpdated, provisioningTaskInBugleEnabled = true, currentProvisioningStrategy = brka
10-23 14:55:54.531  5669  5716 I BugleRcsEngine: [53] RcsEngineProxyImpl.f: RcsEngineProxyImpl:[ff35cb7c-846b]: setting active RCS Engine to DUAL_REG instance
10-23 14:55:54.533  5669  5716 D CompatibilityChangeReporter: Compat change id reported: 194532703; UID 10122; state: ENABLED
10-23 14:55:54.533  5669  5716 D CompatibilityChangeReporter: Compat change id reported: 253665015; UID 10122; state: ENABLED
10-23 14:55:54.543  5669  5716 D BugleRcsEngine: log_saver already enabled
10-23 14:55:54.553  5669  5730 W BugleRcsEngine: [66] bpxk.i: Unable to send RCS extension log
10-23 14:55:54.553  5669  5730 W BugleRcsEngine: [66] bqun.run: ProvisioningEngineMetricsStorage, the wrapper class for proto data store, is null
10-23 14:55:54.558  5669  5728 W BugleRcsEngine: [64] brpi.b: Unable to send provisioning event log
10-23 14:55:54.561  5669  5716 W BugleRcsEngine: [53] JibeService.b: JibeService: Ignoring start action: com.google.android.ims.SIM_LOADED
10-23 14:55:54.578  5175  5255 W Bugle   : TextClassifierLibManagerImpl: Reclaiming memory at level: 40
10-23 14:55:54.582  3041  3436 I Finsky  : [45] yse.r(4): SCH: jobFinished: 10-89. TimeElapsed: 2815ms.
10-23 14:55:54.612  1348  5431 I LockboxIntentOp: Completed task: true [CONTEXT service_id=26 ]
10-23 14:55:54.613  3041  3041 I Finsky  : [2] yrd.accept(66): SCH: Job 10-91 starting
10-23 14:55:54.614  3041  3041 I Finsky  : [2] P2pSessionCleanupHygieneJob.a(1): [P2p] Session cleanup started
10-23 14:55:54.617  3041  3687 I Finsky  : [60] kzq.call(13): [P2p] Cleanup: Expiration=PT1H
10-23 14:55:54.629  3041  3687 W Finsky  : [60] kzq.call(16): [P2p] Cleanup: Can't list dirs
10-23 14:55:54.684  5669  5683 I BugleRcsEngine: [37] RcsEngineImpl.triggerStopRcsStack: RcsEngineImpl[DUAL_REG]:[b33b142f-2d55]: triggerStopRcsStack for msisdn:redacted-pii:phone_number[chars:0,last2:]
10-23 14:55:54.684  5669  5727 I BugleRcsEngine: [63] brqh.handleMessage: RcsEngineImpl[DUAL_REG]:[b33b142f-2d55]>Handler: handleMessage processing message:[STOP_RCS_STACK] with [non-null]:RcsEngineImpl reference
10-23 14:55:54.684  5669  5727 I BugleRcsEngine: [63] brqh.handleMessage: RcsEngineImpl[DUAL_REG]:[b33b142f-2d55]>Handler: RCS engine STOP RCS stack
10-23 14:55:54.684  5669  5727 W BugleRcsEngine: [63] RcsEngineImpl.e: RcsEngineImpl[DUAL_REG]:[b33b142f-2d55]: imsModule is null, shutdown not required
10-23 14:55:54.684  5669  5727 I BugleRcsEngine: [63] RcsEngineImpl.stopRcsStackInternal: RcsEngineImpl[DUAL_REG]:[b33b142f-2d55]: skipping imsModule.stop
10-23 14:55:54.684  5669  5727 I BugleRcsEngine: [63] brqh.handleMessage: RcsEngineImpl[DUAL_REG]:[b33b142f-2d55]>Handler: handleMessage processing message:[NOTIFY_UPTIME_IGNORE_STATE_CHANGED] with [non-null]:RcsEngineImpl reference
10-23 14:55:54.686  5669  5727 I BugleRcsEngine: [63] brnl.h: RCS Configuration storage in Bugle is disabled by p/h flag, using ProvisioningEngineStateCacheUtil.getProvisioningConfigurationForGivenSimIfExist()
10-23 14:55:54.687  5669  5733 I BugleRcsEngine: [68] RcsEngineImpl.triggerStopRcsStack: RcsEngineImpl[DUAL_REG]:[b33b142f-2d55]: triggerStopRcsStack for msisdn:redacted-pii:phone_number[chars:0,last2:]
10-23 14:55:54.687  5669  5727 I BugleRcsEngine: [63] brqh.handleMessage: RcsEngineImpl[DUAL_REG]:[b33b142f-2d55]>Handler: handleMessage processing message:[STOP_RCS_STACK] with [non-null]:RcsEngineImpl reference
10-23 14:55:54.687  5669  5727 I BugleRcsEngine: [63] brqh.handleMessage: RcsEngineImpl[DUAL_REG]:[b33b142f-2d55]>Handler: RCS engine STOP RCS stack
10-23 14:55:54.687  5669  5727 W BugleRcsEngine: [63] RcsEngineImpl.e: RcsEngineImpl[DUAL_REG]:[b33b142f-2d55]: imsModule is null, shutdown not required
10-23 14:55:54.687  5669  5727 I BugleRcsEngine: [63] RcsEngineImpl.stopRcsStackInternal: RcsEngineImpl[DUAL_REG]:[b33b142f-2d55]: skipping imsModule.stop
10-23 14:55:54.687  5669  5727 I BugleRcsEngine: [63] brqh.handleMessage: RcsEngineImpl[DUAL_REG]:[b33b142f-2d55]>Handler: handleMessage processing message:[NOTIFY_UPTIME_IGNORE_STATE_CHANGED] with [non-null]:RcsEngineImpl reference
10-23 14:55:54.689  5175  5300 I RcsClientLib: Disconnecting RcsEngineLifecycleService
10-23 14:55:54.690  5669  5727 I BugleRcsEngine: [63] brnl.h: RCS Configuration storage in Bugle is disabled by p/h flag, using ProvisioningEngineStateCacheUtil.getProvisioningConfigurationForGivenSimIfExist()
10-23 14:55:54.698  5175  5300 I RcsClientLib: Disconnecting RcsEngineLifecycleService
10-23 14:55:54.710  5669  5669 I BugleRcsEngine: [2] JibeService.onDestroy: JibeService: onDestroy: stopping service
10-23 14:55:54.710  5669  5669 I BugleRcsEngine: [2] RcsEngineProxyImpl.destroyRcsEngine: RcsEngineProxyImpl:[ff35cb7c-846b]: Destroy RCS Engine.
10-23 14:55:54.720  5669  5669 I BugleRcsEngine: [2] EventHubProxy.unsubscribe: Removing event listener 42854611 for category 8 for hub ENGINE
10-23 14:55:54.725  3041  3687 I Finsky  : [60] P2pSessionCleanupHygieneJob.b(2): [P2p] Cleanup: Deleting obbs 0/0
10-23 14:55:54.726  5669  5669 W BugleRcsEngine: [2] RcsEngineProxyImpl.f: RcsEngineProxyImpl:[ff35cb7c-846b]: setting active RCS engine to null
10-23 14:55:54.728  5669  5669 E BugleRcsEngine: [2] JibeService.onDestroy: JibeService: onDestroy() unregister factory exception: java.lang.IllegalArgumentException: Receiver not registered: com.google.android.ims.receiver.sip.DebugOptionsReceiver@a5558e4
10-23 14:55:54.728  5669  5669 E BugleRcsEngine: 	at android.app.LoadedApk.forgetReceiverDispatcher(LoadedApk.java:1662)
10-23 14:55:54.728  5669  5669 E BugleRcsEngine: 	at android.app.ContextImpl.unregisterReceiver(ContextImpl.java:1872)
10-23 14:55:54.728  5669  5669 E BugleRcsEngine: 	at android.content.ContextWrapper.unregisterReceiver(ContextWrapper.java:820)
10-23 14:55:54.728  5669  5669 E BugleRcsEngine: 	at com.google.android.ims.receiver.sip.DebugOptionsReceiver.b(PG:1)
10-23 14:55:54.728  5669  5669 E BugleRcsEngine: 	at com.google.android.ims.service.JibeService.onDestroy(PG:10)
10-23 14:55:54.728  5669  5669 E BugleRcsEngine: 	at android.app.ActivityThread.handleStopService(ActivityThread.java:4851)
10-23 14:55:54.728  5669  5669 E BugleRcsEngine: 	at android.app.ActivityThread.-$$Nest$mhandleStopService(Unknown Source:0)
10-23 14:55:54.728  5669  5669 E BugleRcsEngine: 	at android.app.ActivityThread$H.handleMessage(ActivityThread.java:2297)
10-23 14:55:54.728  5669  5669 E BugleRcsEngine: 	at android.os.Handler.dispatchMessage(Handler.java:106)
10-23 14:55:54.728  5669  5669 E BugleRcsEngine: 	at android.os.Looper.loopOnce(Looper.java:205)
10-23 14:55:54.728  5669  5669 E BugleRcsEngine: 	at android.os.Looper.loop(Looper.java:294)
10-23 14:55:54.728  5669  5669 E BugleRcsEngine: 	at android.app.ActivityThread.main(ActivityThread.java:8177)
10-23 14:55:54.728  5669  5669 E BugleRcsEngine: 	at java.lang.reflect.Method.invoke(Native Method)
10-23 14:55:54.728  5669  5669 E BugleRcsEngine: 	at com.android.internal.os.RuntimeInit$MethodAndArgsCaller.run(RuntimeInit.java:552)
10-23 14:55:54.728  5669  5669 E BugleRcsEngine: 	at com.android.internal.os.ZygoteInit.main(ZygoteInit.java:971)
10-23 14:55:54.728  5669  5669 I BugleRcsEngine: [2] bscl.b: Destroying JibeServiceComponent
10-23 14:55:54.735  3041  3687 I Finsky  : [60] yse.r(4): SCH: jobFinished: 10-91. TimeElapsed: 122ms.
10-23 14:55:54.753  5175  5253 W Bugle   : TextClassifierLibManagerImpl: Reclaiming memory at level: 40
10-23 14:55:54.765  3041  3041 I Finsky  : [2] yrd.accept(66): SCH: Job 10-96 starting
10-23 14:55:54.772  1348  1348 D BoundBrokerSvc: onUnbind: Intent { act=com.google.android.gms.auth.proximity.devicesyncservice.START dat=chimera-action:/... cmp=com.google.android.gms/.chimera.PersistentBoundBrokerService }
10-23 14:55:54.803  3911  3911 I ViewInteraction: Checking 'MatchesViewAssertion{viewMatcher=an instance of android.widget.TextView and view.getText() with or without transformation to match: a string containing "Subtotal: $0.50"}' assertion on view view.getId() is <2131231217/com.example.lunchtray:id/subtotal>
10-23 14:55:54.803  3911  4165 I TestRunner: finished: test03_radio_buttons_update_accompaniment_menu_subtotal(com.example.lunchtray.OrderFunctionalityTests)
