10-23 14:55:32.634  3911  3911 V ActivityScenario: Activity lifecycle changed event received but ignored because the intent does not match. startActivityIntent=Intent { act=android.intent.action.MAIN cat=[android.intent.category.LAUNCHER] cmp=com.example.lunchtray/androidx.fragment.app.testing.FragmentScenario$EmptyFragmentActivity (has extras) }, activity.getIntent()=Intent { act=android.intent.action.MAIN cat=[android.intent.category.LAUNCHER] flg=0x10008000 cmp=com.example.lunchtray/androidx.test.core.app.InstrumentationActivityInvoker$BootstrapActivity (has extras) }, activity=androidx.test.core.app.InstrumentationActivityInvoker$BootstrapActivity@aeb63b4
10-23 14:55:32.635  1348  1504 W ChimeraUtils: Module com.google.android.gms.nearby_en missing resource null(0)
10-23 14:55:32.635  3041  3429 D HeterodyneSyncer: updateFlag: com.google.android.finsky.regular, 83561110, 1, , AcquirePurchaseCodegen__kill_switch_always_reauth
10-23 14:55:32.635  3041  3429 D HeterodyneSyncer: updateFlag: com.google.android.finsky.regular, 83561110, 1, , AutoUpdateCodegen__killswitch_cancel_pending_install
10-23 14:55:32.635  3041  3429 D HeterodyneSyncer: updateFlag: com.google.android.finsky.regular, 83561110, 1, , AutoUpdateSettings__killswitch_check_update_usage_on_wifi
10-23 14:55:32.635  3041  3429 D HeterodyneSyncer: updateFlag: com.google.android.finsky.regular, 83561110, 1, , CarNotificationSettings__kill_switch_link_notification_setting_to_os
10-23 14:55:32.635  3041  3429 D HeterodyneSyncer: updateFlag: com.google.android.finsky.regular, 83561110, 1, , CarReview__kill_switch_car_ratings_acquistion
10-23 14:55:32.635  3041  3429 D HeterodyneSyncer: updateFlag: com.google.android.finsky.regular, 83561110, 1, , CarReview__kill_switch_car_ratings_consumption
10-23 14:55:32.636  3041  3429 D HeterodyneSyncer: updateFlag: com.google.android.finsky.regular, 83561110, 1, , CarskyGillette__kill_switch_show_offline_message_about_data_plan
10-23 14:55:32.638  3041  3429 D HeterodyneSyncer: updateFlag: com.google.android.finsky.regular, 83561110, 1, , CarskyUpdate__kill_switch_garage_mode_only_auto_update
10-23 14:55:32.638  1348  4632 I Fitness : OnPackageChangedOperation got intent: Intent { act=android.intent.action.PACKAGE_CHANGED dat=package: flg=0x45000010 pkg=com.google.android.gms cmp=com.google.android.gms/.chimera.PersistentIntentOperationService (has extras) } [CONTEXT service_id=17 ]
10-23 14:55:32.638  3041  3429 D HeterodyneSyncer: updateFlag: com.google.android.finsky.regular, 83561110, 1, , Checkin__disable_checkin_receiver
10-23 14:55:32.638  3041  3429 D HeterodyneSyncer: updateFlag: com.google.android.finsky.regular, 83561110, 1, , ContentSync__killswitch_filter_mainline_from_content_sync
10-23 14:55:32.638  3041  3429 D HeterodyneSyncer: updateFlag: com.google.android.finsky.regular, 83561110, 1, , DialogInflater__kill_switch_override_theme_only_with_custom_accent_color
10-23 14:55:32.638  3041  3429 D HeterodyneSyncer: updateFlag: com.google.android.finsky.regular, 83561110, 1, , EnterpriseInstallPolicies__kill_switch_install_api_remote_logging
10-23 14:55:32.638  3041  3429 D HeterodyneSyncer: updateFlag: com.google.android.finsky.regular, 83561110, 1, , InstallerCodegen__killswitch_use_account_from_request
10-23 14:55:32.638  3041  3429 D HeterodyneSyncer: updateFlag: com.google.android.finsky.regular, 83561110, 1, , KillSwitches__killswitch_clear_fragment_transaction_fade
10-23 14:55:32.638  3041  3429 D HeterodyneSyncer: updateFlag: com.google.android.finsky.regular, 83561110, 1, , KillSwitches__killswitch_device_settings
10-23 14:55:32.638  3041  3429 D HeterodyneSyncer: updateFlag: com.google.android.finsky.regular, 83561110, 1, , KillSwitches__killswitch_stop_swapping_market_deeplink_handling_activity_periodically
10-23 14:55:32.638  3041  3429 D HeterodyneSyncer: updateFlag: com.google.android.finsky.regular, 83561110, 1, , MyAppsV3BmMigration__killswitch_auto_update_assist
10-23 14:55:32.638  3041  3429 D HeterodyneSyncer: updateFlag: com.google.android.finsky.regular, 83561110, 1, , Notifications__enable_logging_notification_updates
10-23 14:55:32.638  3041  3429 D HeterodyneSyncer: updateFlag: com.google.android.finsky.regular, 83561110, 1, , P2p__use_apk_results_list_for_events
10-23 14:55:32.638  3041  3429 D HeterodyneSyncer: updateFlag: com.google.android.finsky.regular, 83561110, 1, , PhoneskySetup__include_carrier_id_in_data_subscription_info
10-23 14:55:32.638  3041  3429 D HeterodyneSyncer: updateFlag: com.google.android.finsky.regular, 83561110, 1, , PhoneskySetup__killswitch_early_update
10-23 14:55:32.638  3041  3429 D HeterodyneSyncer: updateFlag: com.google.android.finsky.regular, 83561110, 1, , PlayInstallService__killswitch_webapk_notification_mode
10-23 14:55:32.638  3041  3429 D HeterodyneSyncer: updateFlag: com.google.android.finsky.regular, 83561110, 1, , PlayPass__killswitch_enable_use_url_from_toc
10-23 14:55:32.638  3041  3429 D HeterodyneSyncer: updateFlag: com.google.android.finsky.regular, 83561110, 1, , PlayProtect__auto_disable_system_phas_kill_switch
10-23 14:55:32.638  3041  3429 D HeterodyneSyncer: updateFlag: com.google.android.finsky.regular, 83561110, 1, , PlayProtect__enable_v31_signature_verification
10-23 14:55:32.638  3041  3429 D HeterodyneSyncer: updateFlag: com.google.android.finsky.regular, 83561110, 1, , PlayProtect__get_verify_apps_data_api_kill_switch
10-23 14:55:32.638  3041  3429 D HeterodyneSyncer: updateFlag: com.google.android.finsky.regular, 83561110, 1, , PlayProtect__initial_classifier_kill_switch
10-23 14:55:32.638  3041  3429 D HeterodyneSyncer: updateFlag: com.google.android.finsky.regular, 83561110, 1, , PlayProtect__killswitch_detox_without_notifications
10-23 14:55:32.638  3041  3429 D HeterodyneSyncer: updateFlag: com.google.android.finsky.regular, 83561110, 1, , PlayProtect__killswitch_ml_classifiers
10-23 14:55:32.638  3041  3429 D HeterodyneSyncer: updateFlag: com.google.android.finsky.regular, 83561110, 1, , PlayProtect__killswitch_permission_auto_revocation_hygiene_job
10-23 14:55:32.638  3041  3429 D HeterodyneSyncer: updateFlag: com.google.android.finsky.regular, 83561110, 1, , PlayProtect__offline_verify_apps_kill_switch
10-23 14:55:32.638  3041  3429 D HeterodyneSyncer: updateFlag: com.google.android.finsky.regular, 83561110, 1, , PlayProtect__send_to_vole_kill_switch
10-23 14:55:32.638  3041  3429 D HeterodyneSyncer: updateFlag: com.google.android.finsky.regular, 83561110, 1, , PlayProtect__warn_at_launch_warnings_kill_switch
10-23 14:55:32.639  3041  3429 D HeterodyneSyncer: updateFlag: com.google.android.finsky.regular, 83561110, 1, , RoutineHygiene__killswitch_skip_toc_in_hygiene
10-23 14:55:32.639  3041  3429 D HeterodyneSyncer: updateFlag: com.google.android.finsky.regular, 83561110, 1, , WearDebugOptions__kill_switch_debug_options_menu
10-23 14:55:32.639  3041  3429 D HeterodyneSyncer: update application tag, changed: com.google.android.finsky.regular, 83561110, , 2
10-23 14:55:32.639  3041  3429 D HeterodyneSyncer: Clearing partition: 2
10-23 14:55:32.639  3041  3429 D HeterodyneSyncer: updateFlag: com.google.android.finsky.regular, 83561110, 2, , AutoUpdateCodegen__enable_car_gmscore_server_policy
10-23 14:55:32.639  3041  3429 D HeterodyneSyncer: updateFlag: com.google.android.finsky.regular, 83561110, 2, , AutoUpdateCodegen__enable_hidden_server_policy
10-23 14:55:32.639  3041  3429 D HeterodyneSyncer: updateFlag: com.google.android.finsky.regular, 83561110, 2, , AutoUpdateCodegen__gms_auto_update_enabled
10-23 14:55:32.639  3041  3429 D HeterodyneSyncer: updateFlag: com.google.android.finsky.regular, 83561110, 2, , AutoUpdateCodegen__gmscore_canary_charging_relax_threshold_ms
10-23 14:55:32.639  3041  3429 D HeterodyneSyncer: updateFlag: com.google.android.finsky.regular, 83561110, 2, , AutoUpdateCodegen__gmscore_canary_idle_relax_threshold_ms
10-23 14:55:32.639  3041  3429 D HeterodyneSyncer: updateFlag: com.google.android.finsky.regular, 83561110, 2, , AutoUpdateCodegen__gmscore_canary_wifi_relax_threshold_ms
10-23 14:55:32.639  3041  3429 D HeterodyneSyncer: updateFlag: com.google.android.finsky.regular, 83561110, 2, , AutoUpdateCodegen__gmscore_charging_relax_threshold_ms
10-23 14:55:32.639  3041  3429 D HeterodyneSyncer: updateFlag: com.google.android.finsky.regular, 83561110, 2, , AutoUpdateCodegen__gmscore_idle_relax_threshold_ms
10-23 14:55:32.639  3041  3429 D HeterodyneSyncer: updateFlag: com.google.android.finsky.regular, 83561110, 2, , AutoUpdateCodegen__gmscore_wifi_relax_threshold_ms
10-23 14:55:32.639  3041  3429 D HeterodyneSyncer: updateFlag: com.google.android.finsky.regular, 83561110, 2, , AutoUpdatePolicies__auto_deploy_apps_to_manage_package_status_change
10-23 14:55:32.639  3041  3429 D HeterodyneSyncer: updateFlag: com.google.android.finsky.regular, 83561110, 2, , AutoUpdatePolicies__enx_headless_allowed_packages
10-23 14:55:32.639  3041  3429 D HeterodyneSyncer: updateFlag: com.google.android.finsky.regular, 83561110, 2, , AutoUpdatePolicies__promise_icon_hidden_packages
10-23 14:55:32.639  3041  3429 D HeterodyneSyncer: updateFlag: com.google.android.finsky.regular, 83561110, 2, , AutoUpdate__battery_relaxation_threshold_ms
10-23 14:55:32.640  2964  3265 W SearchServiceCore: Abort, client detached.
10-23 14:55:32.640  2964  3265 W SearchServiceCore: Abort, client detached.
10-23 14:55:32.640  2964  3265 W SearchServiceCore: Abort, client detached.
10-23 14:55:32.640  3041  3429 D HeterodyneSyncer: updateFlag: com.google.android.finsky.regular, 83561110, 2, , AutoUpdate__enable_gmscore_wifi_charger_relaxation
10-23 14:55:32.640  3041  3429 D HeterodyneSyncer: updateFlag: com.google.android.finsky.regular, 83561110, 2, , AutoUpdate__gmscore_wifi_charger_relaxation_threshold_ms
10-23 14:55:32.640  3041  3429 D HeterodyneSyncer: updateFlag: com.google.android.finsky.regular, 83561110, 2, , AutoUpdate__minimum_auto_update_battery_level
10-23 14:55:32.640  3041  3429 W HeterodyneSyncer: Value type not set for flag , ignoring
10-23 14:55:32.640  2964  3265 W SearchServiceCore: Abort, client detached.
10-23 14:55:32.640  2964  3265 W SearchServiceCore: Abort, client detached.
10-23 14:55:32.640  3041  3429 D HeterodyneSyncer: updateFlag: com.google.android.finsky.regular, 83561110, 2, , ClientStats__enable_counters_meta_logging
10-23 14:55:32.640  3041  3429 D HeterodyneSyncer: updateFlag: com.google.android.finsky.regular, 83561110, 2, , ContentSync__max_num_retries
10-23 14:55:32.642  3041  3429 D HeterodyneSyncer: updateFlag: com.google.android.finsky.regular, 83561110, 2, , ContentSync__retry_delay
10-23 14:55:32.642  3041  3429 D HeterodyneSyncer: updateFlag: com.google.android.finsky.regular, 83561110, 2, , ContentSync__settle_delay
10-23 14:55:32.642  3041  3429 D HeterodyneSyncer: updateFlag: com.google.android.finsky.regular, 83561110, 2, , DeviceAttributesSync__device_attributes_reuse_duration
10-23 14:55:32.642  3041  3429 D HeterodyneSyncer: updateFlag: com.google.android.finsky.regular, 83561110, 2, , DeviceDriversSync__gpu_payload_reuse_duration
10-23 14:55:32.642  3041  3429 D HeterodyneSyncer: updateFlag: com.google.android.finsky.regular, 83561110, 2, , DeviceHealthMonitor__enable_uninstall_suggestions_notification
10-23 14:55:32.642  3041  3429 D HeterodyneSyncer: updateFlag: com.google.android.finsky.regular, 83561110, 2, , DeviceHealthMonitor__uninstall_suggestions_notification_interval_days
10-23 14:55:32.642  3041  3429 D HeterodyneSyncer: updateFlag: com.google.android.finsky.regular, 83561110, 2, , DeviceHealthMonitor__uninstall_suggestions_notification_preselection_max_num
10-23 14:55:32.642  3041  3429 D HeterodyneSyncer: updateFlag: com.google.android.finsky.regular, 83561110, 2, , DeviceHealthMonitor__uninstall_suggestions_notification_preselection_min_num
10-23 14:55:32.642  3041  3429 D HeterodyneSyncer: updateFlag: com.google.android.finsky.regular, 83561110, 2, , DeviceHealthMonitor__uninstall_suggestions_notification_preselection_unused_days
10-23 14:55:32.642  3041  3429 D HeterodyneSyncer: updateFlag: com.google.android.finsky.regular, 83561110, 2, , DeviceSetupCodegen__load_libraries_timeout_ms
10-23 14:55:32.642  3041  3429 D HeterodyneSyncer: updateFlag: com.google.android.finsky.regular, 83561110, 2, , DeviceSetupCodegen__set_device_config_timeout_ms
10-23 14:55:32.642  3041  3429 D HeterodyneSyncer: updateFlag: com.google.android.finsky.regular, 83561110, 2, , DeviceSetupCodegen__sync_experiments_timeout_ms
10-23 14:55:32.642  3041  3429 D HeterodyneSyncer: updateFlag: com.google.android.finsky.regular, 83561110, 2, , DeviceVerification__safety_net_rescan_key
10-23 14:55:32.642  3041  3429 D HeterodyneSyncer: updateFlag: com.google.android.finsky.regular, 83561110, 2, , ForeverExperiments__enable_hiding_download_count_in_details_title
10-23 14:55:32.642  3041  3429 D HeterodyneSyncer: updateFlag: com.google.android.finsky.regular, 83561110, 2, , InAppPurchaseReporting__log_in_app_item_purchase_to_gmp
10-23 14:55:32.642  3041  3429 D HeterodyneSyncer: updateFlag: com.google.android.finsky.regular, 83561110, 2, , InAppPurchaseReporting__report_in_app_item_purchase_to_gmp
10-23 14:55:32.642  3041  3429 D HeterodyneSyncer: updateFlag: com.google.android.finsky.regular, 83561110, 2, , InAppPurchaseReporting__report_in_app_item_purchase_to_gmp_measurement
10-23 14:55:32.642  3041  3429 D HeterodyneSyncer: updateFlag: com.google.android.finsky.regular, 83561110, 2, , InAppPurchaseReporting__report_in_app_item_purchase_to_gmp_via_rads
10-23 14:55:32.642  3041  3429 D HeterodyneSyncer: updateFlag: com.google.android.finsky.regular, 83561110, 2, , InfoArch2__condense_jpkr_subnav
10-23 14:55:32.642  3041  3429 D HeterodyneSyncer: updateFlag: com.google.android.finsky.regular, 83561110, 2, , InstallQueueConfig__conflict_resolver_unconditional_overwrite_reasons
10-23 14:55:32.642  3041  3429 D HeterodyneSyncer: updateFlag: com.google.android.finsky.regular, 83561110, 2, , InstallQueueConfig__install_reasons_for_oobe_flow
10-23 14:55:32.642  3041  3429 D HeterodyneSyncer: updateFlag: com.google.android.finsky.regular, 83561110, 2, , InstantAppsTryNowVisibility__enable_instant_apps_launch_button_on_mdp
10-23 14:55:32.643  3041  3429 D HeterodyneSyncer: updateFlag: com.google.android.finsky.regular, 83561110, 2, , Mainline__duration_before_mainline_is_stale
10-23 14:55:32.643  3041  3429 D HeterodyneSyncer: updateFlag: com.google.android.finsky.regular, 83561110, 2, , MemoryMetrics__allowed_processes
10-23 14:55:32.643  3041  3429 D HeterodyneSyncer: updateFlag: com.google.android.finsky.regular, 83561110, 2, , MemoryMetrics__interval_duration
10-23 14:55:32.643  3041  3429 D HeterodyneSyncer: updateFlag: com.google.android.finsky.regular, 83561110, 2, , MemoryMetrics__process_fraction
10-23 14:55:32.643  3041  3429 D HeterodyneSyncer: updateFlag: com.google.android.finsky.regular, 83561110, 2, , P2p__enable_evaluate_detailed_logcat
10-23 14:55:32.643  3041  3429 D HeterodyneSyncer: updateFlag: com.google.android.finsky.regular, 83561110, 2, , P2p__enable_peer_to_peer_gaia_testing
10-23 14:55:32.643  3041  3429 D HeterodyneSyncer: updateFlag: com.google.android.finsky.regular, 83561110, 2, , P2p__enable_peer_to_peer_tos_testing
10-23 14:55:32.643  3041  3429 D HeterodyneSyncer: updateFlag: com.google.android.finsky.regular, 83561110, 2, , P2p__highest_enabled_api_version
10-23 14:55:32.643  3041  3429 D HeterodyneSyncer: updateFlag: com.google.android.finsky.regular, 83561110, 2, , P2p__p2p_default_api_caller_allowlist
10-23 14:55:32.643  3041  3429 D HeterodyneSyncer: updateFlag: com.google.android.finsky.regular, 83561110, 2, , P2p__p2p_sender_api_caller_allowlist
10-23 14:55:32.644  3041  3429 D HeterodyneSyncer: updateFlag: com.google.android.finsky.regular, 83561110, 2, , P2p__p2p_updates_api_caller_allowlist
10-23 14:55:32.644  3041  3429 D HeterodyneSyncer: updateFlag: com.google.android.finsky.regular, 83561110, 2, , PhoneskyPhenotype__disable_gservice_fallback
10-23 14:55:32.644  3041  3429 D HeterodyneSyncer: updateFlag: com.google.android.finsky.regular, 83561110, 2, , PhoneskySetup__app_size_threshold_mb
10-23 14:55:32.644  3041  3429 D HeterodyneSyncer: updateFlag: com.google.android.finsky.regular, 83561110, 2, , PhoneskySetup__get_recommended_preinstalls_caller_allowlist
10-23 14:55:32.644  3041  3429 D HeterodyneSyncer: updateFlag: com.google.android.finsky.regular, 83561110, 2, , PhoneskySetup__importance_monitor_job_minimum_latency
10-23 14:55:32.645  3041  3429 D HeterodyneSyncer: updateFlag: com.google.android.finsky.regular, 83561110, 2, , PhoneskySetup__importance_monitor_job_override_deadline
10-23 14:55:32.645  3041  3429 D HeterodyneSyncer: updateFlag: com.google.android.finsky.regular, 83561110, 2, , PhoneskySetup__pai_fetch_timeout
10-23 14:55:32.645  3041  3429 D HeterodyneSyncer: updateFlag: com.google.android.finsky.regular, 83561110, 2, , PhoneskySetup__pause_app_updates_caller_allowlist
10-23 14:55:32.645  3041  3429 D HeterodyneSyncer: updateFlag: com.google.android.finsky.regular, 83561110, 2, , PhoneskySetup__pause_app_updates_timeout
10-23 14:55:32.645  3041  3429 D HeterodyneSyncer: updateFlag: com.google.android.finsky.regular, 83561110, 2, , PhoneskySetup__setup_progress_re_register_timeout
10-23 14:55:32.645  3041  3429 D HeterodyneSyncer: updateFlag: com.google.android.finsky.regular, 83561110, 2, , PhoneskySetup__setup_progress_service_register_timeout
10-23 14:55:32.646  3041  3429 D HeterodyneSyncer: updateFlag: com.google.android.finsky.regular, 83561110, 2, , PhoneskySetup__wait_for_wifi_notification_intervals
10-23 14:55:32.646  3041  3429 D HeterodyneSyncer: updateFlag: com.google.android.finsky.regular, 83561110, 2, , PhoneskySetup__wait_for_wifi_notification_max_retries
10-23 14:55:32.646  3041  3429 D HeterodyneSyncer: updateFlag: com.google.android.finsky.regular, 83561110, 2, , PlayPass__details_page_extension_reminder_triggering_period
10-23 14:55:32.647  3041  3429 D HeterodyneSyncer: updateFlag: com.google.android.finsky.regular, 83561110, 2, , PreregistrationNotifications__enable_notification_for_all_preregistration
10-23 14:55:32.647  3041  3429 D HeterodyneSyncer: updateFlag: com.google.android.finsky.regular, 83561110, 2, , PreregistrationNotifications__enable_prereg_opt_in_precheck
10-23 14:55:32.647  3041  3429 D HeterodyneSyncer: updateFlag: com.google.android.finsky.regular, 83561110, 2, , Profiling__sampling_thread_priority
10-23 14:55:32.647  3041  3429 D HeterodyneSyncer: updateFlag: com.google.android.finsky.regular, 83561110, 2, , RollbackManager__logs_flush_timeout_seconds
10-23 14:55:32.647  3041  3429 D HeterodyneSyncer: updateFlag: com.google.android.finsky.regular, 83561110, 2, , RollbackManager__session_ready_timeout_seconds
10-23 14:55:32.647  3041  3429 D HeterodyneSyncer: updateFlag: com.google.android.finsky.regular, 83561110, 2, , RoutineHygiene__default_hygiene_task_timeout_ms
10-23 14:55:32.647  3041  3429 D HeterodyneSyncer: updateFlag: com.google.android.finsky.regular, 83561110, 2, , RoutineHygiene__delay_hygiene_tasks_ms
10-23 14:55:32.647  3041  3429 D HeterodyneSyncer: updateFlag: com.google.android.finsky.regular, 83561110, 2, , Scheduler__clock_set_back_min_latency
10-23 14:55:32.647  3041  3429 D HeterodyneSyncer: updateFlag: com.google.android.finsky.regular, 83561110, 2, , Scheduler__concurrent_jobs_size
10-23 14:55:32.647  3041  3429 D HeterodyneSyncer: updateFlag: com.google.android.finsky.regular, 83561110, 2, , Scheduler__custom_constraint_evaluation_timeout_s
10-23 14:55:32.647  3041  3429 D HeterodyneSyncer: updateFlag: com.google.android.finsky.regular, 83561110, 2, , Scheduler__min_latency_for_onboot_job
10-23 14:55:32.648  3041  3429 D HeterodyneSyncer: updateFlag: com.google.android.finsky.regular, 83561110, 2, , Scheduler__recheck_delay_after_jobstore_changes_ms
10-23 14:55:32.648  3041  3429 D HeterodyneSyncer: updateFlag: com.google.android.finsky.regular, 83561110, 2, , Scheduler__scheduler_job_denylist
10-23 14:55:32.648  3041  3429 D HeterodyneSyncer: updateFlag: com.google.android.finsky.regular, 83561110, 2, , Scheduler__scheduler_job_logging_v2
10-23 14:55:32.648  3041  3429 D HeterodyneSyncer: updateFlag: com.google.android.finsky.regular, 83561110, 2, , Scheduler__scheduler_logging_v2
10-23 14:55:32.648  3041  3429 D HeterodyneSyncer: updateFlag: com.google.android.finsky.regular, 83561110, 2, , TestColorTheme__background_color
10-23 14:55:32.648  3041  3429 D HeterodyneSyncer: updateFlag: com.google.android.finsky.regular, 83561110, 2, , TestColorTheme__color_label
10-23 14:55:32.648  3041  3429 D HeterodyneSyncer: updateFlag: com.google.android.finsky.regular, 83561110, 2, , TestColorTheme__text_color
10-23 14:55:32.648  3041  3429 D HeterodyneSyncer: updateFlag: com.google.android.finsky.regular, 83561110, 2, , TestColorTheme__title_bar_color
10-23 14:55:32.648  3041  3429 D HeterodyneSyncer: updateFlag: com.google.android.finsky.regular, 83561110, 2, , TestColorTheme__transition_delay
10-23 14:55:32.648  3041  3429 D HeterodyneSyncer: updateFlag: com.google.android.finsky.regular, 83561110, 2, , TestColorTheme__transparent_background
10-23 14:55:32.648  3041  3429 D HeterodyneSyncer: updateFlag: com.google.android.finsky.regular, 83561110, 2, , UnicornCodegen__send_app_install_info_on_free_purchase
10-23 14:55:32.649  3041  3429 D HeterodyneSyncer: updateFlag: com.google.android.finsky.regular, 83561110, 2, , Zapp__enable_authenticated_updates
10-23 14:55:32.649  3041  3429 D HeterodyneSyncer: update application tag, changed: com.google.android.finsky.regular, 83561110, , 3
10-23 14:55:32.649  3041  3429 D HeterodyneSyncer: Clearing partition: 3
10-23 14:55:32.650  3041  3429 D HeterodyneSyncer: updateFlag: com.google.android.finsky.regular, 83561110, 3, , AcceleratorCache__enable_download_from_accelerator
10-23 14:55:32.650  3041  3429 D HeterodyneSyncer: updateFlag: com.google.android.finsky.regular, 83561110, 3, , AccountInstallState__enable_account_install_state
10-23 14:55:32.650  3041  3429 D HeterodyneSyncer: updateFlag: com.google.android.finsky.regular, 83561110, 3, , AccountsCache__cache_all_accounts
10-23 14:55:32.650  3041  3429 D HeterodyneSyncer: updateFlag: com.google.android.finsky.regular, 83561110, 3, , AcquirePurchaseCodegen__enable_inapp_purchase_data_list_in_response_bundle
10-23 14:55:32.650  3041  3429 D HeterodyneSyncer: updateFlag: com.google.android.finsky.regular, 83561110, 3, , AcquirePurchaseCodegen__enable_new_backend_docid_for_logging_backend
10-23 14:55:32.650  3041  3429 D HeterodyneSyncer: updateFlag: com.google.android.finsky.regular, 83561110, 3, , AcquirePurchaseCodegen__kill_switch_block_request_on_activity_close
10-23 14:55:32.650  3041  3429 D HeterodyneSyncer: updateFlag: com.google.android.finsky.regular, 83561110, 3, , AcquirePurchaseCodegen__kill_switch_make_purchase_params_for_subs_acquire_from_rewards
10-23 14:55:32.650  3041  3429 D HeterodyneSyncer: updateFlag: com.google.android.finsky.regular, 83561110, 3, , AcquisitionFlow__fetch_payments_client_token_timeout_ms
10-23 14:55:32.650  3041  3429 D HeterodyneSyncer: updateFlag: com.google.android.finsky.regular, 83561110, 3, , AcquisitionFlow__kill_switch_use_presenter_on_response_directly_on_start
10-23 14:55:32.650  3041  3429 D HeterodyneSyncer: updateFlag: com.google.android.finsky.regular, 83561110, 3, , AdIds__enable_ad_id_logging_in_coreanalytics
10-23 14:55:32.650  3041  3429 D HeterodyneSyncer: updateFlag: com.google.android.finsky.regular, 83561110, 3, , AdIds__enable_ad_id_value_store
10-23 14:55:32.650  3041  3429 D HeterodyneSyncer: updateFlag: com.google.android.finsky.regular, 83561110, 3, , AdIds__enable_log_ad_id_lookup_events
10-23 14:55:32.650  3041  3429 D HeterodyneSyncer: updateFlag: com.google.android.finsky.regular, 83561110, 3, , AdInstallbarInScreenshots__is_enabled
10-23 14:55:32.650  3041  3429 D HeterodyneSyncer: updateFlag: com.google.android.finsky.regular, 83561110, 3, , AdSupportedMovies__video_app_min_version_for_ad_playback
10-23 14:55:32.650  3041  3429 D HeterodyneSyncer: updateFlag: com.google.android.finsky.regular, 83561110, 3, , AddFormOfPaymentDeepLink__disable_add_form_of_payment_deep_link
10-23 14:55:32.650  3041  3429 D HeterodyneSyncer: updateFlag: com.google.android.finsky.regular, 83561110, 3, , AdfAdTaglineClick__is_enabled
10-23 14:55:32.650  3041  3429 D HeterodyneSyncer: updateFlag: com.google.android.finsky.regular, 83561110, 3, , AdfClusterDisplay__decide_bar_above_tagline
10-23 14:55:32.650  3041  3429 D HeterodyneSyncer: updateFlag: com.google.android.finsky.regular, 83561110, 3, , AdfClusterDisplay__only_bottom_border
10-23 14:55:32.650  3041  3429 D HeterodyneSyncer: updateFlag: com.google.android.finsky.regular, 83561110, 3, , AdfComponentOrdering__enable_headline_in_the_middle
10-23 14:55:32.650  3041  3429 D HeterodyneSyncer: updateFlag: com.google.android.finsky.regular, 83561110, 3, , AdfComponentOrdering__hide_headline_at_the_bottom
10-23 14:55:32.650  3041  3429 D HeterodyneSyncer: updateFlag: com.google.android.finsky.regular, 83561110, 3, , AllCategoriesRtl__enable_all_categories_rtl_fix
10-23 14:55:32.651  3041  3429 D HeterodyneSyncer: updateFlag: com.google.android.finsky.regular, 83561110, 3, , AlleyOopAllowlist__allowed_target_packages
10-23 14:55:32.651  3041  3429 D HeterodyneSyncer: updateFlag: com.google.android.finsky.regular, 83561110, 3, , AlleyOopAllowlist__enable_overlay_test_app
10-23 14:55:32.651  3041  3429 D HeterodyneSyncer: updateFlag: com.google.android.finsky.regular, 83561110, 3, , AlleyOopAutoClose__allowed_packages
10-23 14:55:32.651  3041  3429 D HeterodyneSyncer: updateFlag: com.google.android.finsky.regular, 83561110, 3, , AlleyOopDeprecateV1__approve_whitelist
10-23 14:55:32.651  3041  3429 D HeterodyneSyncer: updateFlag: com.google.android.finsky.regular, 83561110, 3, , AlleyOopDeprecateV1__enable
10-23 14:55:32.652  3041  3429 D HeterodyneSyncer: updateFlag: com.google.android.finsky.regular, 83561110, 3, , AlleyOopDeprecateV1__package_allowlist
10-23 14:55:32.652  3041  3429 D HeterodyneSyncer: updateFlag: com.google.android.finsky.regular, 83561110, 3, , AlleyOopDeprecateV1__redirect_allowlist
10-23 14:55:32.653  3041  3429 D HeterodyneSyncer: updateFlag: com.google.android.finsky.regular, 83561110, 3, , AlleyOopDeprecateV1__redirect_whitelist
10-23 14:55:32.653  3041  3429 D HeterodyneSyncer: updateFlag: com.google.android.finsky.regular, 83561110, 3, , AlleyOopDiversion__always_redirect_to_details
10-23 14:55:32.653  3041  3429 D HeterodyneSyncer: updateFlag: com.google.android.finsky.regular, 83561110, 3, , AlleyOopDiversion__enable_hsdp_v1
10-23 14:55:32.653  3041  3429 D HeterodyneSyncer: updateFlag: com.google.android.finsky.regular, 83561110, 3, , AlleyOopDiversion__hsdp_spring_animation_stiffness
10-23 14:55:32.653  3041  3429 D HeterodyneSyncer: updateFlag: com.google.android.finsky.regular, 83561110, 3, , AlleyOopExternalTheme__enable_external_callers_theme
10-23 14:55:32.653  3041  3429 D HeterodyneSyncer: updateFlag: com.google.android.finsky.regular, 83561110, 3, , AlleyOopInstallBehavior__relaunch_initial_dialog_on_install_cancel
10-23 14:55:32.653  3041  3429 D HeterodyneSyncer: updateFlag: com.google.android.finsky.regular, 83561110, 3, , AlleyOopRedirectPaidAppToDetails__allow_paid_apps_calling_package_allowlist
10-23 14:55:32.653  3041  3429 D HeterodyneSyncer: updateFlag: com.google.android.finsky.regular, 83561110, 3, , AlleyOopRedirectPaidAppToDetails__allow_paid_apps_calling_package_whitelist
10-23 14:55:32.653  3041  3429 D HeterodyneSyncer: updateFlag: com.google.android.finsky.regular, 83561110, 3, , AlleyOopV3Holdback__redirect_to_details
10-23 14:55:32.653  3041  3429 D HeterodyneSyncer: updateFlag: com.google.android.finsky.regular, 83561110, 3, , AlleyOopV3Whitelisting__whitelisted_target_packages
10-23 14:55:32.653  3041  3429 D HeterodyneSyncer: updateFlag: com.google.android.finsky.regular, 83561110, 3, , AlleyOopVideo__enable_inline_video
10-23 14:55:32.653  3041  3429 D HeterodyneSyncer: updateFlag: com.google.android.finsky.regular, 83561110, 3, , AlternativeBillingSetting__enable_alternative_billing_setting
10-23 14:55:32.653  3041  3429 D HeterodyneSyncer: updateFlag: com.google.android.finsky.regular, 83561110, 3, , AlternativeBillingSetting__enable_parental_control
10-23 14:55:32.653  3041  3429 D HeterodyneSyncer: updateFlag: com.google.android.finsky.regular, 83561110, 3, , AnimationCoordinationFramework__enable_animation_coordination_framework
10-23 14:55:32.653  3041  3429 D HeterodyneSyncer: updateFlag: com.google.android.finsky.regular, 83561110, 3, , AppContentClusterPlus__enable_pcsi_latency_logging
10-23 14:55:32.654  3041  3429 D HeterodyneSyncer: updateFlag: com.google.android.finsky.regular, 83561110, 3, , AppContentClusterPlus__google_tv_deep_link_min_version_supported
10-23 14:55:32.654  3041  3429 D HeterodyneSyncer: updateFlag: com.google.android.finsky.regular, 83561110, 3, , AppContentServiceContentFetcherSettings__client_integration_config
10-23 14:55:32.654  3041  3429 D HeterodyneSyncer: updateFlag: com.google.android.finsky.regular, 83561110, 3, , AppContentServiceContentFetcherSettings__default_get_cubes_stream_max_cluster_count
10-23 14:55:32.654  3041  3429 D HeterodyneSyncer: updateFlag: com.google.android.finsky.regular, 83561110, 3, , AppContentServiceContentFetcherSettings__default_get_cubes_stream_max_entity_count
10-23 14:55:32.654  3041  3429 D HeterodyneSyncer: updateFlag: com.google.android.finsky.regular, 83561110, 3, , AppContentServiceContentFetcherSettings__default_get_home_stream_max_cluster_count
10-23 14:55:32.654  3041  3429 D HeterodyneSyncer: updateFlag: com.google.android.finsky.regular, 83561110, 3, , AppContentServiceContentFetcherSettings__default_get_home_stream_max_entity_count
10-23 14:55:32.654  3041  3429 D HeterodyneSyncer: updateFlag: com.google.android.finsky.regular, 83561110, 3, , AppContentServiceContentFetcherSettings__default_get_provider_cluster_groups_max_entity_count
10-23 14:55:32.654  3041  3429 D HeterodyneSyncer: updateFlag: com.google.android.finsky.regular, 83561110, 3, , AppContentServiceContentFetcherSettings__enable_sandbox_data_option
10-23 14:55:32.654  3041  3429 D HeterodyneSyncer: updateFlag: com.google.android.finsky.regular, 83561110, 3, , AppContentServiceContentFetcherSettings__enable_vertical_agnostic_integration
10-23 14:55:32.654  3041  3429 D HeterodyneSyncer: updateFlag: com.google.android.finsky.regular, 83561110, 3, , AppContentServiceContentFetcherSettings__get_cubes_stream_timeout
10-23 14:55:32.654  3041  3429 D HeterodyneSyncer: updateFlag: com.google.android.finsky.regular, 83561110, 3, , AppContentServiceContentFetcherSettings__get_home_stream_timeout
10-23 14:55:32.654  3041  3429 D HeterodyneSyncer: updateFlag: com.google.android.finsky.regular, 83561110, 3, , AppContentServiceContentFetcherSettings__get_providers_timeout
10-23 14:55:32.654  3041  3429 D HeterodyneSyncer: updateFlag: com.google.android.finsky.regular, 83561110, 3, , AppContentService__allowed_package_signatures
10-23 14:55:32.654  3041  3429 D HeterodyneSyncer: updateFlag: com.google.android.finsky.regular, 83561110, 3, , AppContentService__allowed_packages
10-23 14:55:32.654  3041  3429 D HeterodyneSyncer: updateFlag: com.google.android.finsky.regular, 83561110, 3, , AppContentService__trusted_package_keys
10-23 14:55:32.654  3041  3429 D HeterodyneSyncer: updateFlag: com.google.android.finsky.regular, 83561110, 3, , AppCrashProxy__killswitch_feedback_package_fix
10-23 14:55:32.654  3041  3429 D HeterodyneSyncer: updateFlag: com.google.android.finsky.regular, 83561110, 3, , AppDependencyInstall__request_install_access_filter
10-23 14:55:32.655  3041  3429 D HeterodyneSyncer: updateFlag: com.google.android.finsky.regular, 83561110, 3, , AppDetailsInAppProducts__enable_in_app_products_cards_collapsed
10-23 14:55:32.655  3041  3429 D HeterodyneSyncer: updateFlag: com.google.android.finsky.regular, 83561110, 3, , AppDetailsInAppProducts__enable_in_app_products_cards_expanded
10-23 14:55:32.655  3041  3429 D HeterodyneSyncer: updateFlag: com.google.android.finsky.regular, 83561110, 3, , AppEngageServiceSettings__enable_event_logging
10-23 14:55:32.655  3041  3429 D HeterodyneSyncer: updateFlag: com.google.android.finsky.regular, 83561110, 3, , AppEngageServiceSettings__sdk_version_allowlist
10-23 14:55:32.656  3041  3429 D HeterodyneSyncer: updateFlag: com.google.android.finsky.regular, 83561110, 3, , AppLaunch__enable_launch_app_deep_link_activity
10-23 14:55:32.656  3041  3429 D HeterodyneSyncer: updateFlag: com.google.android.finsky.regular, 83561110, 3, , AppOps__disable_device_identifiers_packages
10-23 14:55:32.656  3041  3429 D HeterodyneSyncer: updateFlag: com.google.android.finsky.regular, 83561110, 3, , AppOps__enable_app_ops_hygiene
10-23 14:55:32.656  3041  3429 D HeterodyneSyncer: updateFlag: com.google.android.finsky.regular, 83561110, 3, , AppOps__enable_app_ops_installer_listener
10-23 14:55:32.656  3041  3429 D HeterodyneSyncer: updateFlag: com.google.android.finsky.regular, 83561110, 3, , AppOps__enable_app_ops_package_monitor
10-23 14:55:32.656  3041  3429 D HeterodyneSyncer: updateFlag: com.google.android.finsky.regular, 83561110, 3, , AppOps__enable_device_identifiers_packages
10-23 14:55:32.656  3041  3429 D HeterodyneSyncer: updateFlag: com.google.android.finsky.regular, 83561110, 3, , AppPack__enable_app_pack
10-23 14:55:32.656  3041  3429 D HeterodyneSyncer: updateFlag: com.google.android.finsky.regular, 83561110, 3, , AppRecovery__enable_app_recovery
10-23 14:55:32.657  3041  3429 D HeterodyneSyncer: updateFlag: com.google.android.finsky.regular, 83561110, 3, , AppRecovery__enable_remote_in_app_updates_service
10-23 14:55:32.657  3041  3429 D HeterodyneSyncer: updateFlag: com.google.android.finsky.regular, 83561110, 3, , AppRecovery__hygiene_min_latency
10-23 14:55:32.657  3041  3429 D HeterodyneSyncer: updateFlag: com.google.android.finsky.regular, 83561110, 3, , AppRecovery__max_key_rescue_patch_size
10-23 14:55:32.657  3041  3429 D HeterodyneSyncer: updateFlag: com.google.android.finsky.regular, 83561110, 3, , AppRestrictions__app_restrictions_update_message_whitelisted_packages
10-23 14:55:32.657  3041  3429 D HeterodyneSyncer: updateFlag: com.google.android.finsky.regular, 83561110, 3, , AppRestrictions__disable_setting_app_restrictions_via_dpm
10-23 14:55:32.657  3041  3429 D HeterodyneSyncer: updateFlag: com.google.android.finsky.regular, 83561110, 3, , AppSync__enable_connected_devices_hygiene_refresh
10-23 14:55:32.658  3041  3429 D HeterodyneSyncer: updateFlag: com.google.android.finsky.regular, 83561110, 3, , AppSync__hide_phones_from_myapps_appsync_setting
10-23 14:55:32.658  3041  3429 D HeterodyneSyncer: updateFlag: com.google.android.finsky.regular, 83561110, 3, , AppSync__kill_switch_verify_authentication_failure_server_sync
10-23 14:55:32.658  3041  3429 D HeterodyneSyncer: updateFlag: com.google.android.finsky.regular, 83561110, 3, , AppSync__max_number_accounts_allowed_to_sync
10-23 14:55:32.658  3041  3429 D HeterodyneSyncer: updateFlag: com.google.android.finsky.regular, 83561110, 3, , AppUsage__app_usage_collection_job_interval
10-23 14:55:32.658  3041  3429 D HeterodyneSyncer: updateFlag: com.google.android.finsky.regular, 83561110, 3, , AppUsage__enable_app_usage_grpc_service
10-23 14:55:32.658  3041  3429 D HeterodyneSyncer: updateFlag: com.google.android.finsky.regular, 83561110, 3, , AppUsage__enable_hygiene_scheduling_job
10-23 14:55:32.659  3041  3429 D HeterodyneSyncer: updateFlag: com.google.android.finsky.regular, 83561110, 3, , AppUsage__filter_apps_unknown_to_play
10-23 14:55:32.659  3041  3429 D HeterodyneSyncer: updateFlag: com.google.android.finsky.regular, 83561110, 3, , AppUsage__flush_logs_job_interval
10-23 14:55:32.659  3041  3429 D HeterodyneSyncer: updateFlag: com.google.android.finsky.regular, 83561110, 3, , AppUsage__imputed_interval_duration
10-23 14:55:32.660  3041  3429 D HeterodyneSyncer: updateFlag: com.google.android.finsky.regular, 83561110, 3, , AppUsage__include_events_in_log
10-23 14:55:32.660  3041  3429 D HeterodyneSyncer: updateFlag: com.google.android.finsky.regular, 83561110, 3, , AppUsage__log_to_odyssey
10-23 14:55:32.660  3041  3429 D HeterodyneSyncer: updateFlag: com.google.android.finsky.regular, 83561110, 3, , AppUsage__max_duration_for_valid_misorder
10-23 14:55:32.660  3041  3429 D HeterodyneSyncer: updateFlag: com.google.android.finsky.regular, 83561110, 3, , AppUsage__max_event_lookahead
10-23 14:55:32.660  3041  3429 D HeterodyneSyncer: updateFlag: com.google.android.finsky.regular, 83561110, 3, , AppUsage__max_interval_duration
10-23 14:55:32.660  3041  3429 D HeterodyneSyncer: updateFlag: com.google.android.finsky.regular, 83561110, 3, , AppUsage__max_usagestatsmanager_lookback_duration
10-23 14:55:32.660  3041  3429 D HeterodyneSyncer: updateFlag: com.google.android.finsky.regular, 83561110, 3, , AppUsage__min_gap_between_intervals
10-23 14:55:32.660  3041  3429 D HeterodyneSyncer: updateFlag: com.google.android.finsky.regular, 83561110, 3, , AppUsage__write_logs_to_separate_directory
10-23 14:55:32.660  3041  3429 D HeterodyneSyncer: updateFlag: com.google.android.finsky.regular, 83561110, 3, , AppsAndGamesMdp__enable_collapsed_mdp_on_long_post_install
10-23 14:55:32.660  3041  3429 D HeterodyneSyncer: updateFlag: com.google.android.finsky.regular, 83561110, 3, , AppsAndGamesMdp__enable_v2_mdp
10-23 14:55:32.660  3041  3429 D HeterodyneSyncer: updateFlag: com.google.android.finsky.regular, 83561110, 3, , AppsAndGamesMdp__prevent_post_install_collapse_when_liveops_is_present
10-23 14:55:32.660  3041  3429 D HeterodyneSyncer: updateFlag: com.google.android.finsky.regular, 83561110, 3, , AppsHomeFeed__enable_ahc_preinflation
10-23 14:55:32.660   870   921 W WindowOnBackDispatcher: sendCancelIfRunning: isInProgress=falsecallback=android.view.ViewRootImpl$$ExternalSyntheticLambda17@508a974
10-23 14:55:32.660  3041  3429 D HeterodyneSyncer: updateFlag: com.google.android.finsky.regular, 83561110, 3, , AppsModularMdp__enable_primary_style_cta_button
10-23 14:55:32.660  3041  3429 D HeterodyneSyncer: updateFlag: com.google.android.finsky.regular, 83561110, 3, , ArtProfiles__art_upload_optimizing_profiles_max_daily_size_bytes
10-23 14:55:32.660  3041  3429 D HeterodyneSyncer: updateFlag: com.google.android.finsky.regular, 83561110, 3, , ArtProfiles__art_upload_optimizing_profiles_max_profile_size_bytes
10-23 14:55:32.660  3041  3429 D HeterodyneSyncer: updateFlag: com.google.android.finsky.regular, 83561110, 3, , ArtProfiles__art_upload_optimizing_profiles_sample_threshold
10-23 14:55:32.660  3041  3429 D HeterodyneSyncer: updateFlag: com.google.android.finsky.regular, 83561110, 3, , ArtProfiles__art_upload_optimizing_profiles_snapshot_timeout_seconds
10-23 14:55:32.660  3041  3429 D HeterodyneSyncer: updateFlag: com.google.android.finsky.regular, 83561110, 3, , ArtProfiles__enable_art_upload_app_must_have_code
10-23 14:55:32.660  3041  3429 D HeterodyneSyncer: updateFlag: com.google.android.finsky.regular, 83561110, 3, , ArtistRadioStation__enable_artist_radio_station
10-23 14:55:32.661  3041  3429 D HeterodyneSyncer: updateFlag: com.google.android.finsky.regular, 83561110, 3, , AssetModules__asset_module_download_importance_threshold
10-23 14:55:32.661  3041  3429 D HeterodyneSyncer: updateFlag: com.google.android.finsky.regular, 83561110, 3, , AssetModules__asset_module_fast_follow_size_check_buffer_mb
10-23 14:55:32.661   524  2040 W InputManager-JNI: Input channel object 'efa2f6f Splash Screen com.example.lunchtray (client)' was disposed without first being removed with the input manager!
10-23 14:55:32.661  3041  3429 D HeterodyneSyncer: updateFlag: com.google.android.finsky.regular, 83561110, 3, , AssetModules__asset_module_foreground_extraction_service_timeout_ms
10-23 14:55:32.661  3041  3429 D HeterodyneSyncer: updateFlag: com.google.android.finsky.regular, 83561110, 3, , AssetModules__asset_module_garbage_collection_timeout_ms
10-23 14:55:32.661  3041  3429 D HeterodyneSyncer: updateFlag: com.google.android.finsky.regular, 83561110, 3, , AssetModules__asset_module_package_controller
10-23 14:55:32.661  3041  3429 D HeterodyneSyncer: updateFlag: com.google.android.finsky.regular, 83561110, 3, , AssetModules__asset_module_phonesky_keep_alive_timeout_ms
10-23 14:55:32.661  3041  3429 D HeterodyneSyncer: updateFlag: com.google.android.finsky.regular, 83561110, 3, , AssetModules__asset_module_rate_limit_ms
10-23 14:55:32.661  3041  3429 D HeterodyneSyncer: updateFlag: com.google.android.finsky.regular, 83561110, 3, , AssetModules__asset_module_rate_limit_threshold
10-23 14:55:32.661  3041  3429 D HeterodyneSyncer: updateFlag: com.google.android.finsky.regular, 83561110, 3, , AssetModules__asset_module_rate_limit_window_ms
10-23 14:55:32.661  3041  3429 D HeterodyneSyncer: updateFlag: com.google.android.finsky.regular, 83561110, 3, , AssetModules__asset_module_skip_fast_follow_on_mobile_data
10-23 14:55:32.661  3041  3429 D HeterodyneSyncer: updateFlag: com.google.android.finsky.regular, 83561110, 3, , AssetModules__asset_module_upfront_size_check_buffer_mb
10-23 14:55:32.661  1348  4632 I Fitness : OnPackageChangedOperation got intent: Intent { act=android.intent.action.PACKAGE_CHANGED dat=package: flg=0x45000010 pkg=com.google.android.gms cmp=com.google.android.gms/.chimera.PersistentIntentOperationService (has extras) } [CONTEXT service_id=17 ]
10-23 14:55:32.661  3041  3429 D HeterodyneSyncer: updateFlag: com.google.android.finsky.regular, 83561110, 3, , AssetModules__asset_only_auto_update
10-23 14:55:32.661  1348  3755 I Fitness : FitCleanupIntentOperation received Intent android.intent.action.PACKAGE_CHANGED [CONTEXT service_id=17 ]
10-23 14:55:32.662  3041  3429 D HeterodyneSyncer: updateFlag: com.google.android.finsky.regular, 83561110, 3, , AssetModules__do_not_reinstall_removed_assets
10-23 14:55:32.663  3041  3429 D HeterodyneSyncer: updateFlag: com.google.android.finsky.regular, 83561110, 3, , AssetModules__resolve_app_title_on_session_creation
10-23 14:55:32.664  3041  3429 D HeterodyneSyncer: updateFlag: com.google.android.finsky.regular, 83561110, 3, , AsyncAdsEarlyWarm__should_preload_home_page
10-23 14:55:32.665  3041  3429 D HeterodyneSyncer: updateFlag: com.google.android.finsky.regular, 83561110, 3, , AutoUpdateCodegen__app_freshness_hygiene_min_latency
10-23 14:55:32.665  3041  3429 D HeterodyneSyncer: updateFlag: com.google.android.finsky.regular, 83561110, 3, , AutoUpdateCodegen__apply_autoupdate_db_optimization
10-23 14:55:32.665  3041  3429 D HeterodyneSyncer: updateFlag: com.google.android.finsky.regular, 83561110, 3, , AutoUpdateCodegen__collect_update_failure_history
10-23 14:55:32.665  3041  3429 D HeterodyneSyncer: updateFlag: com.google.android.finsky.regular, 83561110, 3, , AutoUpdateCodegen__dark_launch_server_policy_logging_delay_ms
10-23 14:55:32.665  3041  3429 D HeterodyneSyncer: updateFlag: com.google.android.finsky.regular, 83561110, 3, , AutoUpdateCodegen__disable_auto_update_foreground_check
10-23 14:55:32.665  3041  3429 D HeterodyneSyncer: updateFlag: com.google.android.finsky.regular, 83561110, 3, , AutoUpdateCodegen__disable_auto_update_hygiene_for_headless_system_users
10-23 14:55:32.665  3041  3429 D HeterodyneSyncer: updateFlag: com.google.android.finsky.regular, 83561110, 3, , AutoUpdateCodegen__disable_auto_update_hygiene_job
10-23 14:55:32.666  3041  3429 D HeterodyneSyncer: updateFlag: com.google.android.finsky.regular, 83561110, 3, , AutoUpdateCodegen__disable_auto_update_mainline_rollback_check
10-23 14:55:32.666  3041  3429 D HeterodyneSyncer: updateFlag: com.google.android.finsky.regular, 83561110, 3, , AutoUpdateCodegen__enableEnterpriseAccountLogging
10-23 14:55:32.666  3041  3429 D HeterodyneSyncer: updateFlag: com.google.android.finsky.regular, 83561110, 3, , AutoUpdateCodegen__enable_app_update_metrics_v2
10-23 14:55:32.666  3041  3429 D HeterodyneSyncer: updateFlag: com.google.android.finsky.regular, 83561110, 3, , AutoUpdateCodegen__enable_auto_update_event_policy_logging
10-23 14:55:32.666  3041  3429 D HeterodyneSyncer: updateFlag: com.google.android.finsky.regular, 83561110, 3, , AutoUpdateCodegen__enable_auto_update_ranking_score
10-23 14:55:32.666  3041  3429 D HeterodyneSyncer: updateFlag: com.google.android.finsky.regular, 83561110, 3, , AutoUpdateCodegen__enable_bg_thread_on_autoupdate_items_generation
10-23 14:55:32.666  3041  3429 D HeterodyneSyncer: updateFlag: com.google.android.finsky.regular, 83561110, 3, , AutoUpdateCodegen__enable_cancel_pending_shared_libraries
10-23 14:55:32.666  3041  3429 D HeterodyneSyncer: updateFlag: com.google.android.finsky.regular, 83561110, 3, , AutoUpdateCodegen__enable_car_basic_server_policy
10-23 14:55:32.666  3041  3429 D HeterodyneSyncer: updateFlag: com.google.android.finsky.regular, 83561110, 3, , AutoUpdateCodegen__enable_combined_item_store_get_item_call
10-23 14:55:32.666  3041  3429 D HeterodyneSyncer: updateFlag: com.google.android.finsky.regular, 83561110, 3, , AutoUpdateCodegen__enable_counter_log_for_gearhead_state_monitor
10-23 14:55:32.666  3041  3429 D HeterodyneSyncer: updateFlag: com.google.android.finsky.regular, 83561110, 3, , AutoUpdateCodegen__enable_custom_param_for_auto_update_volley_cache
10-23 14:55:32.666  3041  3429 D HeterodyneSyncer: updateFlag: com.google.android.finsky.regular, 83561110, 3, , AutoUpdateCodegen__enable_dark_launch_car_basic_server_policy
10-23 14:55:32.666  3041  3429 D HeterodyneSyncer: updateFlag: com.google.android.finsky.regular, 83561110, 3, , AutoUpdateCodegen__enable_dark_launch_gmscore_server_policy
10-23 14:55:32.666  3041  3429 D HeterodyneSyncer: updateFlag: com.google.android.finsky.regular, 83561110, 3, , AutoUpdateCodegen__enable_dark_launch_mainline_server_policy
10-23 14:55:32.666  3041  3429 D HeterodyneSyncer: updateFlag: com.google.android.finsky.regular, 83561110, 3, , AutoUpdateCodegen__enable_dark_launch_phone_basic_server_policy
10-23 14:55:32.666  3041  3429 D HeterodyneSyncer: updateFlag: com.google.android.finsky.regular, 83561110, 3, , AutoUpdateCodegen__enable_dark_launch_rollout_policy_comparison
10-23 14:55:32.666  3041  3429 D HeterodyneSyncer: updateFlag: com.google.android.finsky.regular, 83561110, 3, , AutoUpdateCodegen__enable_dark_launch_tv_basic_server_policy
10-23 14:55:32.666  3041  3429 D HeterodyneSyncer: updateFlag: com.google.android.finsky.regular, 83561110, 3, , AutoUpdateCodegen__enable_gmscore_server_policy
10-23 14:55:32.666  3041  3429 D HeterodyneSyncer: updateFlag: com.google.android.finsky.regular, 83561110, 3, , AutoUpdateCodegen__enable_historical_discovered_and_update_time_collection
10-23 14:55:32.666  3041  3429 D HeterodyneSyncer: updateFlag: com.google.android.finsky.regular, 83561110, 3, , AutoUpdateCodegen__enable_install_event_policy_logging
10-23 14:55:32.666  3041  3429 D HeterodyneSyncer: updateFlag: com.google.android.finsky.regular, 83561110, 3, , AutoUpdateCodegen__enable_mainline_server_policy
10-23 14:55:32.666  3041  3429 D HeterodyneSyncer: updateFlag: com.google.android.finsky.regular, 83561110, 3, , AutoUpdateCodegen__enable_null_policybuilder_fix
10-23 14:55:32.666  3041  3429 D HeterodyneSyncer: updateFlag: com.google.android.finsky.regular, 83561110, 3, , AutoUpdateCodegen__enable_phone_basic_server_policy
10-23 14:55:32.666  3041  3429 D HeterodyneSyncer: updateFlag: com.google.android.finsky.regular, 83561110, 3, , AutoUpdateCodegen__enable_projection_with_car_connection
10-23 14:55:32.666  3041  3429 D HeterodyneSyncer: updateFlag: com.google.android.finsky.regular, 83561110, 3, , AutoUpdateCodegen__enable_reinstall_for_samegrade_placebo
10-23 14:55:32.666  3041  3429 D HeterodyneSyncer: updateFlag: com.google.android.finsky.regular, 83561110, 3, , AutoUpdateCodegen__enable_track_app_disable_state_change
10-23 14:55:32.666  3041  3429 D HeterodyneSyncer: updateFlag: com.google.android.finsky.regular, 83561110, 3, , AutoUpdateCodegen__enable_true_launch_app_state_dao_migration
10-23 14:55:32.666  3041  3429 D HeterodyneSyncer: updateFlag: com.google.android.finsky.regular, 83561110, 3, , AutoUpdateCodegen__enable_tv_basic_server_policy
10-23 14:55:32.667   870   870 D TileServices: Couldn't find tile for ComponentInfo{com.google.android.apps.wellbeing/com.google.android.apps.wellbeing.focusmode.quicksettings.FocusModeTileService}(0)
10-23 14:55:32.667  3041  3429 D HeterodyneSyncer: updateFlag: com.google.android.finsky.regular, 83561110, 3, , AutoUpdateCodegen__enable_unauth_bug_fix
10-23 14:55:32.667  3041  3429 D HeterodyneSyncer: updateFlag: com.google.android.finsky.regular, 83561110, 3, , AutoUpdateCodegen__enable_update_check_time_track
10-23 14:55:32.667  3041  3429 D HeterodyneSyncer: updateFlag: com.google.android.finsky.regular, 83561110, 3, , AutoUpdateCodegen__enable_verification_launch_app_state_dao_migration
10-23 14:55:32.667  3041  3429 D HeterodyneSyncer: updateFlag: com.google.android.finsky.regular, 83561110, 3, , AutoUpdateCodegen__enable_wear_basic_server_policy
10-23 14:55:32.667  3041  3429 D HeterodyneSyncer: updateFlag: com.google.android.finsky.regular, 83561110, 3, , AutoUpdateCodegen__enable_write_persistent_flags_to_app_state_dao
10-23 14:55:32.667  3041  3429 D HeterodyneSyncer: updateFlag: com.google.android.finsky.regular, 83561110, 3, , AutoUpdateCodegen__enforce_system_component_auto_update_setting
10-23 14:55:32.667  3041  3429 D HeterodyneSyncer: updateFlag: com.google.android.finsky.regular, 83561110, 3, , AutoUpdateCodegen__gmscore_canary_idle_relaxation_threshold_ms
10-23 14:55:32.667  3041  3429 D HeterodyneSyncer: updateFlag: com.google.android.finsky.regular, 83561110, 3, , AutoUpdateCodegen__gmscore_canary_wifi_charger_relaxation_threshold_ms
