10-23 14:55:50.366  1468  1507 I GCM-GMS : Registering GMS 745476177629
10-23 14:55:50.366  1468  1507 I GCM-GMS : Got GMS registration
10-23 14:55:50.371  1468  3290 D TrafficStats: tagSocket(198) with statsTag=0x20000408, statsUid=-1
10-23 14:55:50.374   524  1731 E RecoverySnapshotStorage: Error reading snapshot for 10124 from disk
10-23 14:55:50.374   524  1731 E RecoverySnapshotStorage: java.io.FileNotFoundException: /data/system/recoverablekeystore/snapshots/10124.xml: open failed: ENOENT (No such file or directory)
10-23 14:55:50.374   524  1731 E RecoverySnapshotStorage: 	at libcore.io.IoBridge.open(IoBridge.java:574)
10-23 14:55:50.374   524  1731 E RecoverySnapshotStorage: 	at java.io.FileInputStream.<init>(FileInputStream.java:160)
10-23 14:55:50.374   524  1731 E RecoverySnapshotStorage: 	at com.android.server.locksettings.recoverablekeystore.storage.RecoverySnapshotStorage.readFromDisk(RecoverySnapshotStorage.java:152)
10-23 14:55:50.374   524  1731 E RecoverySnapshotStorage: 	at com.android.server.locksettings.recoverablekeystore.storage.RecoverySnapshotStorage.get(RecoverySnapshotStorage.java:104)
10-23 14:55:50.374   524  1731 E RecoverySnapshotStorage: 	at com.android.server.locksettings.recoverablekeystore.RecoverableKeyStoreManager.getKeyChainSnapshot(RecoverableKeyStoreManager.java:369)
10-23 14:55:50.374   524  1731 E RecoverySnapshotStorage: 	at com.android.server.locksettings.LockSettingsService.getKeyChainSnapshot(LockSettingsService.java:2494)
10-23 14:55:50.374   524  1731 E RecoverySnapshotStorage: 	at com.android.internal.widget.ILockSettings$Stub.onTransact(ILockSettings.java:838)
10-23 14:55:50.374   524  1731 E RecoverySnapshotStorage: 	at android.os.Binder.execTransactInternal(Binder.java:1339)
10-23 14:55:50.374   524  1731 E RecoverySnapshotStorage: 	at android.os.Binder.execTransact(Binder.java:1275)
10-23 14:55:50.374   524  1731 E RecoverySnapshotStorage: Caused by: android.system.ErrnoException: open failed: ENOENT (No such file or directory)
10-23 14:55:50.374   524  1731 E RecoverySnapshotStorage: 	at libcore.io.Linux.open(Native Method)
10-23 14:55:50.374   524  1731 E RecoverySnapshotStorage: 	at libcore.io.ForwardingOs.open(ForwardingOs.java:563)
10-23 14:55:50.374   524  1731 E RecoverySnapshotStorage: 	at libcore.io.BlockGuardOs.open(BlockGuardOs.java:274)
10-23 14:55:50.374   524  1731 E RecoverySnapshotStorage: 	at libcore.io.IoBridge.open(IoBridge.java:560)
10-23 14:55:50.374   524  1731 E RecoverySnapshotStorage: 	... 8 more
10-23 14:55:50.377   524  1731 W PlatformKeyManager: Platform generation ID was 0 but no entry was present in AndroidKeyStore. Generating fresh key.
10-23 14:55:50.390  1468  4970 I MobileDataHub: Scheduling periodic tasks
10-23 14:55:50.394   870   947 D EGL_emulation: app_time_stats: avg=15.41ms min=0.75ms max=105.00ms count=30
10-23 14:55:50.395  1468  5352 W RecoverableKeyStoreGms: [WrappingKeyManager] InternalRecoveryServiceException during wrapping key generation [CONTEXT service_id=172 ]
10-23 14:55:50.395  1468  5352 W RecoverableKeyStoreGms: android.security.keystore.recovery.InternalRecoveryServiceException: Failed to import secret key.
10-23 14:55:50.395  1468  5352 W RecoverableKeyStoreGms: 	at android.security.keystore.recovery.RecoveryController.wrapUnexpectedServiceSpecificException(RecoveryController.java:783)
10-23 14:55:50.395  1468  5352 W RecoverableKeyStoreGms: 	at android.security.keystore.recovery.RecoveryController.generateKey(RecoveryController.java:569)
10-23 14:55:50.395  1468  5352 W RecoverableKeyStoreGms: 	at qiw.f(:com.google.android.gms@231818047@23.18.18 (190800-535401451):3)
10-23 14:55:50.395  1468  5352 W RecoverableKeyStoreGms: 	at qiw.e(:com.google.android.gms@231818047@23.18.18 (190800-535401451):15)
10-23 14:55:50.395  1468  5352 W RecoverableKeyStoreGms: 	at qfw.f(:com.google.android.gms@231818047@23.18.18 (190800-535401451):68)
10-23 14:55:50.395  1468  5352 W RecoverableKeyStoreGms: 	at com.google.android.gms.auth.folsom.operation.GserviceChangeIntentOperation.onHandleIntent(:com.google.android.gms@231818047@23.18.18 (190800-535401451):8)
10-23 14:55:50.395  1468  5352 W RecoverableKeyStoreGms: 	at com.google.android.chimera.IntentOperation.onHandleIntent(:com.google.android.gms@231818047@23.18.18 (190800-535401451):2)
10-23 14:55:50.395  1468  5352 W RecoverableKeyStoreGms: 	at zhv.onHandleIntent(:com.google.android.gms@231818047@23.18.18 (190800-535401451):4)
10-23 14:55:50.395  1468  5352 W RecoverableKeyStoreGms: 	at hjm.run(:com.google.android.gms@231818047@23.18.18 (190800-535401451):3)
10-23 14:55:50.395  1468  5352 W RecoverableKeyStoreGms: 	at hjl.run(:com.google.android.gms@231818047@23.18.18 (190800-535401451):11)
10-23 14:55:50.395  1468  5352 W RecoverableKeyStoreGms: 	at dfhf.run(:com.google.android.gms@231818047@23.18.18 (190800-535401451):2)
10-23 14:55:50.395  1468  5352 W RecoverableKeyStoreGms: 	at java.util.concurrent.ThreadPoolExecutor.runWorker(ThreadPoolExecutor.java:1145)
10-23 14:55:50.395  1468  5352 W RecoverableKeyStoreGms: 	at java.util.concurrent.ThreadPoolExecutor$Worker.run(ThreadPoolExecutor.java:644)
10-23 14:55:50.395  1468  5352 W RecoverableKeyStoreGms: 	at java.lang.Thread.run(Thread.java:1012)
10-23 14:55:50.395  1468  5352 W RecoverableKeyStoreGms: Caused by: android.os.ServiceSpecificException: Failed to import secret key. (code 22)
10-23 14:55:50.395  1468  5352 W RecoverableKeyStoreGms: 	at android.os.Parcel.createExceptionOrNull(Parcel.java:3071)
10-23 14:55:50.395  1468  5352 W RecoverableKeyStoreGms: 	at android.os.Parcel.createException(Parcel.java:3041)
10-23 14:55:50.395  1468  5352 W RecoverableKeyStoreGms: 	at android.os.Parcel.readException(Parcel.java:3024)
10-23 14:55:50.395  1468  5352 W RecoverableKeyStoreGms: 	at android.os.Parcel.readException(Parcel.java:2966)
10-23 14:55:50.395  1468  5352 W RecoverableKeyStoreGms: 	at com.android.internal.widget.ILockSettings$Stub$Proxy.generateKey(ILockSettings.java:1679)
10-23 14:55:50.395  1468  5352 W RecoverableKeyStoreGms: 	at android.security.keystore.recovery.RecoveryController.generateKey(RecoveryController.java:556)
10-23 14:55:50.395  1468  5352 W RecoverableKeyStoreGms: 	... 12 more
10-23 14:55:50.415  1468  3290 W Conscrypt: Could not set socket write timeout: java.net.SocketException: Socket closed
10-23 14:55:50.417  1468  3290 W Conscrypt: 	at com.google.android.gms.org.conscrypt.Platform.setSocketWriteTimeout(:com.google.android.gms@231818047@23.18.18 (190800-535401451):2)
10-23 14:55:50.417  1468  3290 W Conscrypt: 	at com.google.android.gms.org.conscrypt.ConscryptFileDescriptorSocket.setSoWriteTimeout(:com.google.android.gms@231818047@23.18.18 (190800-535401451):0)
10-23 14:55:50.427  1348  5367 I NetworkScheduler.Stats: Task com.google.android.gms/com.google.android.gms.gcm.gmsproc.GcmInGmsTaskService finished executing. cause:5 result: 1 elapsed_millis: 311 uptime_millis: 311 exec_start_elapsed_seconds: 90 [CONTEXT service_id=218 ]
10-23 14:55:50.456  1468  4970 W MobileDataHub: [Service] appsupload-periodic periodic task disabled
10-23 14:55:50.471  1468  3290 W Conscrypt: Could not set socket write timeout: java.net.SocketException: Socket closed
10-23 14:55:50.471  1468  3290 W Conscrypt: 	at com.google.android.gms.org.conscrypt.Platform.setSocketWriteTimeout(:com.google.android.gms@231818047@23.18.18 (190800-535401451):2)
10-23 14:55:50.471  1468  3290 W Conscrypt: 	at com.google.android.gms.org.conscrypt.ConscryptFileDescriptorSocket.setSoWriteTimeout(:com.google.android.gms@231818047@23.18.18 (190800-535401451):0)
10-23 14:55:50.487  3911  3911 I ViewInteraction: Checking 'MatchesViewAssertion{viewMatcher=an instance of android.widget.TextView and view.getText() with or without transformation to match: a string containing "Subtotal: $3.00"}' assertion on view view.getId() is <2131231217/com.example.lunchtray:id/subtotal>
10-23 14:55:50.490  3911  3911 I ViewInteraction: Performing 'single click' action on view view.getId() is <2131231121/com.example.lunchtray:id/potatoes>
10-23 14:55:50.497  1468  3880 I MS_Utils: version of com.google.android.apps.maps = 1066937505
10-23 14:55:50.519  1468  3880 I MdiSyncModule: flag handling is skipping irrelevant intent.
10-23 14:55:50.561   413   811 D audioserver: FGS Logger Transaction failed
10-23 14:55:50.561   413   811 D audioserver: -129
10-23 14:55:50.567  1348  3332 W SQLiteConnectionPool: The connection pool for database '/data/user/0/com.google.android.gms/databases/phenotype.db' has been unable to grant a connection to thread 106 (highpool[4]) with flags 0x2 for 30.000002 seconds.
10-23 14:55:50.567  1348  3332 W SQLiteConnectionPool: Connections: 0 active, 1 idle, 2 available.
10-23 14:55:50.621  1468  3880 I SystemUpdate: [Installation,ReceiverIntentOperation] Received intent: Intent { act=com.google.gservices.intent.action.GSERVICES_CHANGED flg=0x1000010 pkg=com.google.android.gms cmp=com.google.android.gms/.chimera.GmsIntentOperationService (has extras) }.
10-23 14:55:50.640  3041  3665 I Finsky  : [53] yse.r(4): SCH: jobFinished: 10-53. TimeElapsed: 2049ms.
10-23 14:55:50.671  3041  3041 I Finsky  : [2] yrd.accept(66): SCH: Job 10-83 starting
10-23 14:55:50.672  2096  2096 V ContactsProvider: Scheduled notifyChange started.
10-23 14:55:50.674  3041  3041 I Finsky  : [2] BackgroundLoggerHygieneJob.a(1): BL: Hygiene job starting
10-23 14:55:50.692  1058  1058 D BluetoothPbapService:  onChange on contact uri
10-23 14:55:50.697  3041  3950 I Finsky  : [89] yse.r(4): SCH: jobFinished: 10-83. TimeElapsed: 17ms.
10-23 14:55:50.728  3041  3041 I Finsky  : [2] yrd.accept(66): SCH: Job 10-87 starting
10-23 14:55:50.730  1468  4970 I SystemUpdate: [Execution,InstallationEventIntentOperation] Handling event of type 2.
10-23 14:55:50.733  3041  3041 I Finsky  : [2] UnifiedSyncHygieneJob.a(1): [PLUS] Hygiene sync job starting...
10-23 14:55:50.745   413   476 D audioserver: FGS Logger Transaction failed
10-23 14:55:50.745   413   476 D audioserver: -129
10-23 14:55:50.763  1647  1661 I ocess.gservices: Background concurrent copying GC freed 55222(1972KB) AllocSpace objects, 0(0B) LOS objects, 49% free, 2962KB/5923KB, paused 11us,6us total 178.095ms
10-23 14:55:50.768  1089  1517 E DatabaseUtils: Writing exception to parcel
10-23 14:55:50.768  1089  1517 E DatabaseUtils: java.lang.SecurityException: No permission to access APN settings
10-23 14:55:50.768  1089  1517 E DatabaseUtils: 	at com.android.providers.telephony.TelephonyProvider.checkPermissionForApnTable(TelephonyProvider.java:5112)
10-23 14:55:50.768  1089  1517 E DatabaseUtils: 	at com.android.providers.telephony.TelephonyProvider.checkPermission(TelephonyProvider.java:5084)
10-23 14:55:50.768  1089  1517 E DatabaseUtils: 	at com.android.providers.telephony.TelephonyProvider.checkPermissionCompat(TelephonyProvider.java:5129)
10-23 14:55:50.768  1089  1517 E DatabaseUtils: 	at com.android.providers.telephony.TelephonyProvider.query(TelephonyProvider.java:3929)
10-23 14:55:50.768  1089  1517 E DatabaseUtils: 	at android.content.ContentProvider.query(ContentProvider.java:1596)
10-23 14:55:50.768  1089  1517 E DatabaseUtils: 	at android.content.ContentProvider.query(ContentProvider.java:1692)
10-23 14:55:50.768  1089  1517 E DatabaseUtils: 	at android.content.ContentProvider$Transport.query(ContentProvider.java:292)
10-23 14:55:50.768  1089  1517 E DatabaseUtils: 	at android.content.ContentProviderNative.onTransact(ContentProviderNative.java:107)
10-23 14:55:50.768  1089  1517 E DatabaseUtils: 	at android.os.Binder.execTransactInternal(Binder.java:1339)
10-23 14:55:50.768  1089  1517 E DatabaseUtils: 	at android.os.Binder.execTransact(Binder.java:1275)
10-23 14:55:50.770  3041  3686 W Finsky  : [59] lms.a(24): Failed to read APN: java.lang.SecurityException: No permission to access APN settings
10-23 14:55:50.785  1468  5211 I SystemUpdate: [Execution,InstallationIntentOperation] Received intent: Intent { act=com.google.android.gms.update.INSTALL_UPDATE cat=[targeted_intent_op_prefix:.update.execution.InstallationIntentOperation] cmp=com.google.android.gms/.chimera.GmsIntentOperationService }.
10-23 14:55:50.786  1468  5211 I SystemUpdate: [Execution,ExecutionManager] Action finished-execution executed for 0.00 seconds.
10-23 14:55:50.809  1058  5645 D BluetoothPbapUtils: primaryVersionCounter = 0, secondaryVersionCounter=0
10-23 14:55:50.831  1468  5352 I OcrModelUpStIntentOp: Downloading text recognizer
10-23 14:55:50.847  1348  1348 D BoundBrokerSvc: onUnbind: Intent { act=com.google.android.gms.auth.account.workaccount.START dat=chimera-action:/... cmp=com.google.android.gms/.chimera.PersistentApiService }
10-23 14:55:50.919  1348  5367 W NetworkScheduler: The extras of the task (com.google.android.gms.ocr.service.ModelCleanUpTaskService:type_[4]) are not valid to be persisted so that the task is not persisted [CONTEXT service_id=218 ]
10-23 14:55:50.919  1348  5367 W NetworkScheduler: java.lang.IllegalArgumentException: Only the following extra parameter types are supported: Integer, Long, Double, String, Boolean, and nested Bundles with the same restrictions.
10-23 14:55:50.919  1348  5367 W NetworkScheduler: 	at awaz.e(:com.google.android.gms@231818047@23.18.18 (190800-535401451):10)
10-23 14:55:50.919  1348  5367 W NetworkScheduler: 	at byui.f(:com.google.android.gms@231818047@23.18.18 (190800-535401451):44)
10-23 14:55:50.919  1348  5367 W NetworkScheduler: 	at bytb.n(:com.google.android.gms@231818047@23.18.18 (190800-535401451):3)
10-23 14:55:50.919  1348  5367 W NetworkScheduler: 	at bytb.u(:com.google.android.gms@231818047@23.18.18 (190800-535401451):20)
10-23 14:55:50.919  1348  5367 W NetworkScheduler: 	at bytb.h(:com.google.android.gms@231818047@23.18.18 (190800-535401451):3)
10-23 14:55:50.919  1348  5367 W NetworkScheduler: 	at byot.run(:com.google.android.gms@231818047@23.18.18 (190800-535401451):9)
10-23 14:55:50.919  1348  5367 W NetworkScheduler: 	at aced.c(:com.google.android.gms@231818047@23.18.18 (190800-535401451):6)
10-23 14:55:50.919  1348  5367 W NetworkScheduler: 	at aced.run(:com.google.android.gms@231818047@23.18.18 (190800-535401451):8)
10-23 14:55:50.919  1348  5367 W NetworkScheduler: 	at java.util.concurrent.ThreadPoolExecutor.runWorker(ThreadPoolExecutor.java:1145)
10-23 14:55:50.919  1348  5367 W NetworkScheduler: 	at java.util.concurrent.ThreadPoolExecutor$Worker.run(ThreadPoolExecutor.java:644)
10-23 14:55:50.919  1348  5367 W NetworkScheduler: 	at acjn.run(:com.google.android.gms@231818047@23.18.18 (190800-535401451):0)
10-23 14:55:50.919  1348  5367 W NetworkScheduler: 	at java.lang.Thread.run(Thread.java:1012)
10-23 14:55:50.921  1348  5367 I NetworkScheduler.Stats: Task com.google.android.gms/com.google.android.gms.gcm.gmsproc.GcmInGmsTaskService started execution. cause:5 exec_start_elapsed_seconds: 91 [CONTEXT service_id=218 ]
10-23 14:55:50.975  1348  3162 I NetworkScheduler.Stats: Task com.google.android.gms/com.google.android.gms.gcm.gmsproc.GcmInGmsTaskService finished executing. cause:5 result: 1 elapsed_millis: 216 uptime_millis: 216 exec_start_elapsed_seconds: 91 [CONTEXT service_id=218 ]
10-23 14:55:51.060  1348  5367 I NetworkScheduler.Stats: Task com.google.android.gms/com.google.android.gms.icing.proxy.IcingInternalCorporaUpdateService started execution. cause:5 exec_start_elapsed_seconds: 91 [CONTEXT service_id=218 ]
10-23 14:55:51.097  1348  5431 I NetworkScheduler.Stats: Task com.google.android.gms/com.google.android.gms.icing.proxy.IcingInternalCorporaUpdateService finished executing. cause:5 result: 1 elapsed_millis: 77 uptime_millis: 77 exec_start_elapsed_seconds: 91 [CONTEXT service_id=218 ]
10-23 14:55:51.143  1468  5434 W PeopleGmsPhenoRgstrIntentOp: Google Api connection failed
10-23 14:55:51.144  1468  3290 I Checkin : [CheckinRequestProcessor] updateCheckinIdTokenFileFromResponse, Reading existing AID
10-23 14:55:51.164  1468  3290 I Checkin : [CheckinRequestProcessor] Default Task : Checkin Succeeded: https://android.googleapis.com/checkin (fragment #1).
10-23 14:55:51.165  2048  2048 W adbd    : timeout expired while flushing socket, closing
10-23 14:55:51.166  3911  4251 D EGL_emulation: app_time_stats: avg=2.84ms min=1.45ms max=6.00ms count=30
10-23 14:55:51.194  2964  3509 W A       : [Download] response code: 400
10-23 14:55:51.225  1468  5352 I AccountSeedingPrefetchI: AccountSeedingPrefetchInit intent operation started. [CONTEXT service_id=42 ]
10-23 14:55:51.287  3911  3911 I ViewInteraction: Checking 'MatchesViewAssertion{viewMatcher=an instance of android.widget.TextView and view.getText() with or without transformation to match: a string containing "Subtotal: $2.00"}' assertion on view view.getId() is <2131231217/com.example.lunchtray:id/subtotal>
10-23 14:55:51.292  3911  3911 I ViewInteraction: Performing 'single click' action on view view.getId() is <2131231128/com.example.lunchtray:id/rice>
10-23 14:55:51.298  1468  3290 I Checkin : [CheckinOperation] Checkin Operation finished with result: SUCCESS finish time: 91749.
10-23 14:55:51.402   413   811 D audioserver: FGS Logger Transaction failed
10-23 14:55:51.402   413   811 D audioserver: -129
10-23 14:55:51.409  1089  1089 D CarrierSvcBindHelper: onPackageModified: com.android.vending
10-23 14:55:51.430   870   870 D ControlsListingControllerImpl: ServiceConfig reloaded, count: 0
10-23 14:55:51.431  1058  1058 V MediaPlayerList: mPackageChangedBroadcastReceiver: action: android.intent.action.PACKAGE_CHANGED
10-23 14:55:51.431  1058  1058 V MediaPlayerList: mPackageChangedBroadcastReceiver: action: android.intent.action.PACKAGE_CHANGED
10-23 14:55:51.431  1058  1058 V MediaPlayerList: mPackageChangedBroadcastReceiver: action: android.intent.action.PACKAGE_CHANGED
10-23 14:55:51.431  1058  1058 V MediaPlayerList: mPackageChangedBroadcastReceiver: action: android.intent.action.PACKAGE_CHANGED
10-23 14:55:51.431  1058  1058 V MediaPlayerList: mPackageChangedBroadcastReceiver: action: android.intent.action.PACKAGE_CHANGED
10-23 14:55:51.431  1058  1058 V MediaPlayerList: mPackageChangedBroadcastReceiver: action: android.intent.action.PACKAGE_CHANGED
10-23 14:55:51.431  1058  1058 V MediaPlayerList: mPackageChangedBroadcastReceiver: action: android.intent.action.PACKAGE_CHANGED
10-23 14:55:51.431  1058  1058 V MediaPlayerList: mPackageChangedBroadcastReceiver: action: android.intent.action.PACKAGE_CHANGED
10-23 14:55:51.447   870   870 D ControlsListingControllerImpl: ServiceConfig reloaded, count: 0
10-23 14:55:51.450   870   870 D ControlsListingControllerImpl: ServiceConfig reloaded, count: 0
10-23 14:55:51.453  3041  3687 I Finsky  : [60] afdn.apply(8): [PLUS] Adding payload
10-23 14:55:51.454  3041  3687 I Finsky  : [60] afdn.apply(8): [PLUS] Adding payload
10-23 14:55:51.454  3041  3687 I Finsky  : [60] afdn.apply(8): [PLUS] Adding payload
10-23 14:55:51.455  1089  1089 D CarrierSvcBindHelper: No carrier app for: 0
10-23 14:55:51.458   870   870 D ControlsListingControllerImpl: ServiceConfig reloaded, count: 0
10-23 14:55:51.459  3041  3687 I Finsky  : [60] afdn.apply(8): [PLUS] Adding payload
10-23 14:55:51.461  3041  3687 I Finsky  : [60] afdn.apply(8): [PLUS] Adding payload
10-23 14:55:51.462  3041  3687 I Finsky  : [60] afdn.apply(8): [PLUS] Adding payload
10-23 14:55:51.462  3041  3687 I Finsky  : [60] afdn.apply(8): [PLUS] Adding payload
10-23 14:55:51.462  3041  3687 I Finsky  : [60] afdn.apply(8): [PLUS] Adding payload
10-23 14:55:51.462  3041  3687 I Finsky  : [60] afdn.apply(8): [PLUS] Adding payload
10-23 14:55:51.462  3041  3687 I Finsky  : [60] afdn.apply(8): [PLUS] Adding payload
10-23 14:55:51.462  3041  3687 I Finsky  : [60] afdn.apply(8): [PLUS] Adding payload
10-23 14:55:51.463  3041  3687 I Finsky  : [60] afdn.apply(8): [PLUS] Adding payload
10-23 14:55:51.463  3041  3687 I Finsky  : [60] afdn.apply(8): [PLUS] Adding payload
10-23 14:55:51.463  3041  3687 I Finsky  : [60] afdn.apply(8): [PLUS] Adding payload
10-23 14:55:51.463  3041  3687 I Finsky  : [60] afdn.apply(8): [PLUS] Adding payload
10-23 14:55:51.464  3041  3687 I Finsky  : [60] afdn.apply(8): [PLUS] Adding payload
10-23 14:55:51.487  3041  3665 I Finsky  : [53] afjf.a(1): [PLUS] Syncing for users with urgency above: HYGIENE
10-23 14:55:51.493  3041  3687 I Finsky  : [60] afdt.a(116): [PLUS] Syncing 1 train(s)
10-23 14:55:51.494  3041  3687 I Finsky  : [60] alek.a(7): [PLUS] Sending payloads for account: [2fKVkThB4QBVOwc88U06EJ4S6Yyqenathz2XlaLEUMg]
10-23 14:55:51.506   524   614 I RoleService: Granting default roles...
10-23 14:55:51.538   524   624 I InputReader: Reconfiguring input devices, changes=KEYBOARD_LAYOUTS
10-23 14:55:51.561   413   476 D audioserver: FGS Logger Transaction failed
10-23 14:55:51.561   413   476 D audioserver: -129
10-23 14:55:51.577   871   905 I PermissionControllerServiceImpl: Updating user sensitive for uid 10121
10-23 14:55:51.592   871  1051 E RoleControllerServiceImpl: Default/fallback role holder package doesn't qualify for the role, package: com.google.android.gms.supervision, role: android.app.role.SYSTEM_SUPERVISION
10-23 14:55:51.607   871  1051 I Role    : com.google.android.gms not qualified for android.app.role.SYSTEM_CALL_STREAMING due to missing RequiredComponent{mIntentFilterData=IntentFilterData{mAction='android.telecom.CallStreamingService', mCategories='[]', mDataScheme='null', mDataType='null'}, mMinTargetSdkVersion=1, mFlags='0', mPermission='android.permission.BIND_CALL_STREAMING_SERVICE', mQueryFlags=0, mMetaData=[]}
10-23 14:55:51.607   871  1051 E RoleControllerServiceImpl: Default/fallback role holder package doesn't qualify for the role, package: com.google.android.gms, role: android.app.role.SYSTEM_CALL_STREAMING
10-23 14:55:51.611   871  1051 W Role    : Default holder doesn't have required signing certificate: com.google.android.apps.work.clouddpc:23962F4B43B9857638EA66F4D419518EAE282491ACDA4B94707BD59003C45E58
10-23 14:55:51.639  1089  1089 D CarrierSvcBindHelper: onPackageModified: com.google.android.as
10-23 14:55:51.639  1089  1331 D ImsResolver: maybeAddedImsService, packageName: com.android.vending
10-23 14:55:51.642  1089  1089 D CarrierSvcBindHelper: No carrier app for: 0
10-23 14:55:51.673  1089  1089 D CarrierSvcBindHelper: onPackageModified: com.google.android.contacts
10-23 14:55:51.673  1089  1331 D ImsResolver: maybeAddedImsService, packageName: com.google.android.as
10-23 14:55:51.673  1089  1089 D CarrierSvcBindHelper: No carrier app for: 0
10-23 14:55:51.687  3041  3041 I Finsky  : [2] jam.a(11): [PLUS] Received response
10-23 14:55:51.695  1089  1089 D CarrierSvcBindHelper: onPackageModified: com.google.android.gms
10-23 14:55:51.695  1089  1089 D CarrierSvcBindHelper: No carrier app for: 0
10-23 14:55:51.696  1089  1331 D ImsResolver: maybeAddedImsService, packageName: com.google.android.contacts
10-23 14:55:51.719  3041  3537 I Finsky  : [50] mmp.a(3): [PLUS] Successfully updated PayloadValueStore
10-23 14:55:51.721  3041  3665 I Finsky  : [53] afdj.a(70): [PLUS] Sync complete, number synced: 1, number failed: 0
10-23 14:55:51.725  3041  3665 I Finsky  : [53] aacz.apply(35): [PLUS] Hygiene sync job success.
10-23 14:55:51.732  1089  1331 D ImsResolver: maybeAddedImsService, packageName: com.google.android.gms
10-23 14:55:51.735  3041  3665 I Finsky  : [53] yse.r(4): SCH: jobFinished: 10-87. TimeElapsed: 1002ms.
10-23 14:55:51.765  3041  3041 I Finsky  : [2] yrd.accept(66): SCH: Job 10-89 starting
10-23 14:55:51.773   524   534 I system_server: Background young concurrent copying GC freed 820238(23MB) AllocSpace objects, 14(344KB) LOS objects, 34% free, 33MB/50MB, paused 6.099ms,2.632ms total 451.870ms
10-23 14:55:51.776   871   905 I PermissionControllerServiceImpl: Updating user sensitive for uid 10118
10-23 14:55:51.779   871   905 I PermissionControllerServiceImpl: Updating user sensitive for uid 10128
10-23 14:55:51.779   871   905 I PermissionControllerServiceImpl: Updating user sensitive for uid 10124
10-23 14:55:51.792  1348  1360 I .gms.persistent: Background concurrent copying GC freed 351630(15MB) AllocSpace objects, 3(176KB) LOS objects, 49% free, 13MB/26MB, paused 30us,14us total 138.387ms
10-23 14:55:51.805  1348  1362 W System  : A resource failed to call end.
10-23 14:55:51.810   524   536 W System  : A resource failed to call release.
10-23 14:55:51.810   524   536 W System  : A resource failed to call HardwareBuffer.close.
10-23 14:55:51.811   524   536 W System  : A resource failed to call release.
10-23 14:55:51.854  3911  3911 I ViewInteraction: Checking 'MatchesViewAssertion{viewMatcher=an instance of android.widget.TextView and view.getText() with or without transformation to match: a string containing "Subtotal: $1.50"}' assertion on view view.getId() is <2131231217/com.example.lunchtray:id/subtotal>
10-23 14:55:51.854  3911  4165 I TestRunner: finished: test02_radio_buttons_update_side_menu_subtotal(com.example.lunchtray.OrderFunctionalityTests)
