10-23 14:56:10.516  3911  4165 I TestRunner: started: test08_order_reset_after_cancel_from_accompaniment_menu(com.example.lunchtray.OrderFunctionalityTests)
10-23 14:56:10.527  3911  3911 D LifecycleMonitor: Lifecycle status change: com.example.lunchtray.MainActivity@c228ea4 in: DESTROYED
10-23 14:56:10.529  3041  3041 I PhenotypeBackgroundRecv: Skipping com.google.android.finsky.instantapps which doesn't use ProcessStable flags.
10-23 14:56:10.532  3911  3911 V ActivityScenario: Update currentActivityStage to DESTROYED, currentActivity=null
10-23 14:56:10.532  3911  3911 W WindowOnBackDispatcher: sendCancelIfRunning: isInProgress=falsecallback=android.view.ViewRootImpl$$ExternalSyntheticLambda17@fac4ead
10-23 14:56:10.550   524  2544 W InputManager-JNI: Input channel object 'addb804 com.example.lunchtray/com.example.lunchtray.MainActivity (client)' was disposed without first being removed with the input manager!
10-23 14:56:10.571  1132  5985 W OpenGLRenderer: Failed to choose config with EGL_SWAP_BEHAVIOR_PRESERVED, retrying without...
10-23 14:56:10.571  1132  5985 W OpenGLRenderer: Failed to initialize 101010-2 format, error = EGL_SUCCESS
10-23 14:56:10.597   456  5986 D GenericSource: FileSource remote
10-23 14:56:10.622  3911  4165 W Settings: Setting always_finish_activities has moved from android.provider.Settings.System to android.provider.Settings.Global, returning read-only value.
10-23 14:56:10.627  1770  2498 W YouTubeMusic: Invalid playback type; streaming data is not playable
10-23 14:56:10.664   524  2045 I MediaFocusControl: requestAudioFocus() from uid/pid 10159/870 AA=USAGE_NOTIFICATION/CONTENT_TYPE_SONIFICATION clientId=android.media.AudioManager@8224fa7 callingPack=com.android.systemui req=3 flags=0x0 sdk=34
10-23 14:56:10.671   524  2045 I AudioService.FadeOutManager: unfadeOutUid() uid:10159
10-23 14:56:10.729  3911  3911 D LifecycleMonitor: Lifecycle status change: androidx.test.core.app.InstrumentationActivityInvoker$BootstrapActivity@7e4df9e in: PRE_ON_CREATE
10-23 14:56:10.730   416   416 I BpBinder: onLastStrongRef automatically unlinking death recipients:
10-23 14:56:10.734  3911  3911 V ActivityScenario: Activity lifecycle changed event received but ignored because the intent does not match. startActivityIntent=Intent { act=android.intent.action.MAIN cat=[android.intent.category.LAUNCHER] cmp=com.example.lunchtray/.MainActivity }, activity.getIntent()=Intent { act=android.intent.action.MAIN cat=[android.intent.category.LAUNCHER] flg=0x10008000 cmp=com.example.lunchtray/androidx.test.core.app.InstrumentationActivityInvoker$BootstrapActivity (has extras) }, activity=androidx.test.core.app.InstrumentationActivityInvoker$BootstrapActivity@7e4df9e
10-23 14:56:10.734  3911  3911 V ActivityScenario: Activity lifecycle changed event received but ignored because the intent does not match. startActivityIntent=Intent { act=android.intent.action.MAIN cat=[android.intent.category.LAUNCHER] cmp=com.example.lunchtray/.MainActivity }, activity.getIntent()=Intent { act=android.intent.action.MAIN cat=[android.intent.category.LAUNCHER] flg=0x10008000 cmp=com.example.lunchtray/androidx.test.core.app.InstrumentationActivityInvoker$BootstrapActivity (has extras) }, activity=androidx.test.core.app.InstrumentationActivityInvoker$BootstrapActivity@7e4df9e
10-23 14:56:10.741   870   947 E OpenGLRenderer: Unable to match the desired swap behavior.
10-23 14:56:10.751  3911  3911 D LifecycleMonitor: Lifecycle status change: androidx.test.core.app.InstrumentationActivityInvoker$BootstrapActivity@7e4df9e in: CREATED
10-23 14:56:10.752  3911  3911 V ActivityScenario: Activity lifecycle changed event received but ignored because the intent does not match. startActivityIntent=Intent { act=android.intent.action.MAIN cat=[android.intent.category.LAUNCHER] cmp=com.example.lunchtray/.MainActivity }, activity.getIntent()=Intent { act=android.intent.action.MAIN cat=[android.intent.category.LAUNCHER] flg=0x10008000 cmp=com.example.lunchtray/androidx.test.core.app.InstrumentationActivityInvoker$BootstrapActivity (has extras) }, activity=androidx.test.core.app.InstrumentationActivityInvoker$BootstrapActivity@7e4df9e
10-23 14:56:10.752  3911  3911 V ActivityScenario: Activity lifecycle changed event received but ignored because the intent does not match. startActivityIntent=Intent { act=android.intent.action.MAIN cat=[android.intent.category.LAUNCHER] cmp=com.example.lunchtray/.MainActivity }, activity.getIntent()=Intent { act=android.intent.action.MAIN cat=[android.intent.category.LAUNCHER] flg=0x10008000 cmp=com.example.lunchtray/androidx.test.core.app.InstrumentationActivityInvoker$BootstrapActivity (has extras) }, activity=androidx.test.core.app.InstrumentationActivityInvoker$BootstrapActivity@7e4df9e
10-23 14:56:10.752  1468  5942 I Icing   : Indexing done com.google.android.gms-apps
10-23 14:56:10.754  3911  3911 D LifecycleMonitor: Lifecycle status change: androidx.test.core.app.InstrumentationActivityInvoker$BootstrapActivity@7e4df9e in: STARTED
10-23 14:56:10.755  3911  3911 V ActivityScenario: Activity lifecycle changed event received but ignored because the intent does not match. startActivityIntent=Intent { act=android.intent.action.MAIN cat=[android.intent.category.LAUNCHER] cmp=com.example.lunchtray/.MainActivity }, activity.getIntent()=Intent { act=android.intent.action.MAIN cat=[android.intent.category.LAUNCHER] flg=0x10008000 cmp=com.example.lunchtray/androidx.test.core.app.InstrumentationActivityInvoker$BootstrapActivity (has extras) }, activity=androidx.test.core.app.InstrumentationActivityInvoker$BootstrapActivity@7e4df9e
10-23 14:56:10.755  3911  3911 V ActivityScenario: Activity lifecycle changed event received but ignored because the intent does not match. startActivityIntent=Intent { act=android.intent.action.MAIN cat=[android.intent.category.LAUNCHER] cmp=com.example.lunchtray/.MainActivity }, activity.getIntent()=Intent { act=android.intent.action.MAIN cat=[android.intent.category.LAUNCHER] flg=0x10008000 cmp=com.example.lunchtray/androidx.test.core.app.InstrumentationActivityInvoker$BootstrapActivity (has extras) }, activity=androidx.test.core.app.InstrumentationActivityInvoker$BootstrapActivity@7e4df9e
10-23 14:56:10.763  3911  3911 D LifecycleMonitor: Lifecycle status change: androidx.test.core.app.InstrumentationActivityInvoker$BootstrapActivity@7e4df9e in: RESUMED
10-23 14:56:10.764  3911  3911 V ActivityScenario: Activity lifecycle changed event received but ignored because the intent does not match. startActivityIntent=Intent { act=android.intent.action.MAIN cat=[android.intent.category.LAUNCHER] cmp=com.example.lunchtray/.MainActivity }, activity.getIntent()=Intent { act=android.intent.action.MAIN cat=[android.intent.category.LAUNCHER] flg=0x10008000 cmp=com.example.lunchtray/androidx.test.core.app.InstrumentationActivityInvoker$BootstrapActivity (has extras) }, activity=androidx.test.core.app.InstrumentationActivityInvoker$BootstrapActivity@7e4df9e
10-23 14:56:10.764  3911  3911 V ActivityScenario: Activity lifecycle changed event received but ignored because the intent does not match. startActivityIntent=Intent { act=android.intent.action.MAIN cat=[android.intent.category.LAUNCHER] cmp=com.example.lunchtray/.MainActivity }, activity.getIntent()=Intent { act=android.intent.action.MAIN cat=[android.intent.category.LAUNCHER] flg=0x10008000 cmp=com.example.lunchtray/androidx.test.core.app.InstrumentationActivityInvoker$BootstrapActivity (has extras) }, activity=androidx.test.core.app.InstrumentationActivityInvoker$BootstrapActivity@7e4df9e
10-23 14:56:10.766  3911  3911 D LifecycleMonitor: Lifecycle status change: androidx.test.core.app.InstrumentationActivityInvoker$BootstrapActivity@7e4df9e in: PAUSED
10-23 14:56:10.766  3911  3911 V ActivityScenario: Activity lifecycle changed event received but ignored because the intent does not match. startActivityIntent=Intent { act=android.intent.action.MAIN cat=[android.intent.category.LAUNCHER] cmp=com.example.lunchtray/.MainActivity }, activity.getIntent()=Intent { act=android.intent.action.MAIN cat=[android.intent.category.LAUNCHER] flg=0x10008000 cmp=com.example.lunchtray/androidx.test.core.app.InstrumentationActivityInvoker$BootstrapActivity (has extras) }, activity=androidx.test.core.app.InstrumentationActivityInvoker$BootstrapActivity@7e4df9e
10-23 14:56:10.766  3911  3911 V ActivityScenario: Activity lifecycle changed event received but ignored because the intent does not match. startActivityIntent=Intent { act=android.intent.action.MAIN cat=[android.intent.category.LAUNCHER] cmp=com.example.lunchtray/.MainActivity }, activity.getIntent()=Intent { act=android.intent.action.MAIN cat=[android.intent.category.LAUNCHER] flg=0x10008000 cmp=com.example.lunchtray/androidx.test.core.app.InstrumentationActivityInvoker$BootstrapActivity (has extras) }, activity=androidx.test.core.app.InstrumentationActivityInvoker$BootstrapActivity@7e4df9e
10-23 14:56:10.779  3911  3911 D LifecycleMonitor: Lifecycle status change: com.example.lunchtray.MainActivity@bba26e4 in: PRE_ON_CREATE
10-23 14:56:10.779  3911  3911 V ActivityScenario: Activity lifecycle changed event received but ignored because the reported transition was not ON_CREATE while the last known transition was DESTROYED
10-23 14:56:10.779  3911  3911 V ActivityScenario: Activity lifecycle changed event received but ignored because the reported transition was not ON_CREATE while the last known transition was PRE_ON_CREATE
10-23 14:56:10.799  1468  5942 D TrafficStats: tagSocket(144) with statsTag=0x20004901, statsUid=10124
10-23 14:56:10.821  3911  3911 D LifecycleMonitor: Lifecycle status change: com.example.lunchtray.MainActivity@bba26e4 in: CREATED
10-23 14:56:10.821  3911  3911 V ActivityScenario: Update currentActivityStage to CREATED, currentActivity=com.example.lunchtray.MainActivity@bba26e4
10-23 14:56:10.821  3911  3911 V ActivityScenario: Update currentActivityStage to CREATED, currentActivity=com.example.lunchtray.MainActivity@bba26e4
10-23 14:56:10.831  1468  1507 I Icing   : Indexing com.google.android.gms-apps from com.google.android.gms
10-23 14:56:10.832  1468  1507 I Icing   : Indexing done com.google.android.gms-apps
10-23 14:56:10.833  3911  3911 D LifecycleMonitor: Lifecycle status change: com.example.lunchtray.MainActivity@bba26e4 in: STARTED
10-23 14:56:10.834  3911  3911 V ActivityScenario: Update currentActivityStage to STARTED, currentActivity=com.example.lunchtray.MainActivity@bba26e4
10-23 14:56:10.834  3911  3911 V ActivityScenario: Update currentActivityStage to STARTED, currentActivity=com.example.lunchtray.MainActivity@bba26e4
10-23 14:56:10.836  3911  3911 D LifecycleMonitor: Lifecycle status change: com.example.lunchtray.MainActivity@bba26e4 in: RESUMED
10-23 14:56:10.836  3911  3911 V ActivityScenario: Update currentActivityStage to RESUMED, currentActivity=com.example.lunchtray.MainActivity@bba26e4
10-23 14:56:10.836  3911  3911 V ActivityScenario: Update currentActivityStage to RESUMED, currentActivity=com.example.lunchtray.MainActivity@bba26e4
10-23 14:56:10.879  3911  4251 E OpenGLRenderer: Unable to match the desired swap behavior.
10-23 14:56:10.915  3911  3911 D RootViewPicker: Root not ready - waiting: 10ms for one to appear.
10-23 14:56:10.920   524   544 W ziparchive: Unable to open '/data/app/~~l7Rq4SQe7Y9FzOfn2-YRbQ==/com.example.lunchtray-gbGN8hPxDqDvdbmHMgLHzQ==/base.dm': No such file or directory
10-23 14:56:10.926  3911  3911 D RootViewPicker: Root not ready - waiting: 25ms for one to appear.
10-23 14:56:10.934   524   544 I ActivityTaskManager: Displayed com.example.lunchtray/.MainActivity for user 0: +264ms
10-23 14:56:10.943   524  2003 I ImeTracker: com.example.lunchtray:56610dbe: onRequestHide at ORIGIN_SERVER_HIDE_INPUT reason HIDE_UNSPECIFIED_WINDOW
10-23 14:56:10.943   524  2003 I ImeTracker: com.example.lunchtray:56610dbe: onCancelled at PHASE_SERVER_SHOULD_HIDE
10-23 14:56:10.945  1575  1575 I GoogleInputMethodService: GoogleInputMethodService.onFinishInput():3227
10-23 14:56:10.946  1575  1575 I GoogleInputMethodService: GoogleInputMethodService.updateDeviceLockedStatus():2087 repeatCheckTimes = 0, unlocked = true
10-23 14:56:10.946  1575  1575 I GoogleInputMethodService: GoogleInputMethodService.onStartInput():1877 onStartInput(EditorInfo{inputType=0x0(NULL) imeOptions=0x0 privateImeOptions=null actionName=UNSPECIFIED actionLabel=null actionId=0 initialSelStart=-1 initialSelEnd=-1 initialCapsMode=0x0 hintText=null label=null packageName=com.example.lunchtray fieldId=0 fieldName=null extras=null}, false)
10-23 14:56:10.946  1575  1575 I GoogleInputMethodService: GoogleInputMethodService.shouldHideHeaderOnInitialState():4008 ShouldHideHeaderOnInitialState = false
10-23 14:56:10.952  1575  1575 I GoogleInputMethodService: GoogleInputMethodService.updateDeviceLockedStatus():2087 repeatCheckTimes = 2, unlocked = true
10-23 14:56:10.977  3911  3911 I ViewInteraction: Performing 'single click' action on view view.getId() is <2131231208/com.example.lunchtray:id/start_order_btn>
10-23 14:56:11.006  3041  3669 W aohx    : IOException thrown while closing Closeable.
10-23 14:56:11.006  3041  3669 W aohx    : java.io.IOException: write failed: EBADF (Bad file descriptor)
10-23 14:56:11.006  3041  3669 W aohx    : 	at libcore.io.IoBridge.write(IoBridge.java:651)
10-23 14:56:11.006  3041  3669 W aohx    : 	at android.os.FileBridge$FileBridgeOutputStream.writeCommandAndBlock(FileBridge.java:169)
10-23 14:56:11.006  3041  3669 W aohx    : 	at android.os.FileBridge$FileBridgeOutputStream.close(FileBridge.java:157)
10-23 14:56:11.006  3041  3669 W aohx    : 	at java.io.FilterOutputStream.close(FilterOutputStream.java:188)
10-23 14:56:11.006  3041  3669 W aohx    : 	at aohx.a(PG:1)
10-23 14:56:11.006  3041  3669 W aohx    : 	at zii.b(PG:22)
10-23 14:56:11.006  3041  3669 W aohx    : 	at pft.call(PG:19)
10-23 14:56:11.006  3041  3669 W aohx    : 	at aopq.a(Unknown Source:2)
10-23 14:56:11.006  3041  3669 W aohx    : 	at aoou.run(PG:3)
10-23 14:56:11.006  3041  3669 W aohx    : 	at aopr.run(Unknown Source:4)
10-23 14:56:11.006  3041  3669 W aohx    : 	at java.util.concurrent.ThreadPoolExecutor.runWorker(ThreadPoolExecutor.java:1145)
10-23 14:56:11.006  3041  3669 W aohx    : 	at java.util.concurrent.ThreadPoolExecutor$Worker.run(ThreadPoolExecutor.java:644)
10-23 14:56:11.006  3041  3669 W aohx    : 	at nft.run(PG:17)
10-23 14:56:11.006  3041  3669 W aohx    : 	at java.lang.Thread.run(Thread.java:1012)
10-23 14:56:11.006  3041  3669 W aohx    : Caused by: android.system.ErrnoException: write failed: EBADF (Bad file descriptor)
10-23 14:56:11.006  3041  3669 W aohx    : 	at libcore.io.Linux.writeBytes(Native Method)
10-23 14:56:11.006  3041  3669 W aohx    : 	at libcore.io.Linux.write(Linux.java:296)
10-23 14:56:11.006  3041  3669 W aohx    : 	at libcore.io.ForwardingOs.write(ForwardingOs.java:943)
10-23 14:56:11.006  3041  3669 W aohx    : 	at libcore.io.BlockGuardOs.write(BlockGuardOs.java:448)
10-23 14:56:11.006  3041  3669 W aohx    : 	at libcore.io.ForwardingOs.write(ForwardingOs.java:943)
10-23 14:56:11.006  3041  3669 W aohx    : 	at libcore.io.IoBridge.write(IoBridge.java:646)
10-23 14:56:11.006  3041  3669 W aohx    : 	... 13 more
10-23 14:56:11.022  3041  3669 W aohx    : IOException thrown while closing Closeable.
10-23 14:56:11.022  3041  3669 W aohx    : java.io.IOException: write failed: EBADF (Bad file descriptor)
10-23 14:56:11.022  3041  3669 W aohx    : 	at libcore.io.IoBridge.write(IoBridge.java:651)
10-23 14:56:11.022  3041  3669 W aohx    : 	at android.os.FileBridge$FileBridgeOutputStream.writeCommandAndBlock(FileBridge.java:169)
10-23 14:56:11.022  3041  3669 W aohx    : 	at android.os.FileBridge$FileBridgeOutputStream.close(FileBridge.java:157)
10-23 14:56:11.022  3041  3669 W aohx    : 	at java.io.FilterOutputStream.close(FilterOutputStream.java:188)
10-23 14:56:11.022  3041  3669 W aohx    : 	at aohx.a(PG:1)
10-23 14:56:11.022  3041  3669 W aohx    : 	at zii.b(PG:22)
10-23 14:56:11.022  3041  3669 W aohx    : 	at pft.call(PG:21)
10-23 14:56:11.022  3041  3669 W aohx    : 	at aopq.a(Unknown Source:2)
10-23 14:56:11.022  3041  3669 W aohx    : 	at aoou.run(PG:3)
10-23 14:56:11.022  3041  3669 W aohx    : 	at aopr.run(Unknown Source:4)
10-23 14:56:11.022  3041  3669 W aohx    : 	at java.util.concurrent.ThreadPoolExecutor.runWorker(ThreadPoolExecutor.java:1145)
10-23 14:56:11.022  3041  3669 W aohx    : 	at java.util.concurrent.ThreadPoolExecutor$Worker.run(ThreadPoolExecutor.java:644)
10-23 14:56:11.022  3041  3669 W aohx    : 	at nft.run(PG:17)
10-23 14:56:11.022  3041  3669 W aohx    : 	at java.lang.Thread.run(Thread.java:1012)
10-23 14:56:11.022  3041  3669 W aohx    : Caused by: android.system.ErrnoException: write failed: EBADF (Bad file descriptor)
10-23 14:56:11.022  3041  3669 W aohx    : 	at libcore.io.Linux.writeBytes(Native Method)
10-23 14:56:11.022  3041  3669 W aohx    : 	at libcore.io.Linux.write(Linux.java:296)
10-23 14:56:11.022  3041  3669 W aohx    : 	at libcore.io.ForwardingOs.write(ForwardingOs.java:943)
10-23 14:56:11.022  3041  3669 W aohx    : 	at libcore.io.BlockGuardOs.write(BlockGuardOs.java:448)
10-23 14:56:11.022  3041  3669 W aohx    : 	at libcore.io.ForwardingOs.write(ForwardingOs.java:943)
10-23 14:56:11.022  3041  3669 W aohx    : 	at libcore.io.IoBridge.write(IoBridge.java:646)
10-23 14:56:11.022  3041  3669 W aohx    : 	... 13 more
10-23 14:56:11.068  2069  5959 W DownloadManager: [6] Stop requested with status HTTP_DATA_ERROR: Failed reading response: javax.net.ssl.SSLProtocolException: Read error: ssl=0x7f9acae9fd18: Failure in SSL library, usually a protocol error
10-23 14:56:11.068  2069  5959 W DownloadManager: error:1e000065:Cipher functions:OPENSSL_internal:BAD_DECRYPT (external/boringssl/src/crypto/fipsmodule/cipher/e_aes.c:1078 0x7f98c9758112:0x00000000)
10-23 14:56:11.068  2069  5959 W DownloadManager: error:1000008b:SSL routines:OPENSSL_internal:DECRYPTION_FAILED_OR_BAD_RECORD_MAC (external/boringssl/src/ssl/tls_record.cc:294 0x7f98c9758112:0x00000000)
10-23 14:56:11.071  2069  5959 D DownloadManager: [6] Finished with status CANNOT_RESUME
10-23 14:56:11.093  3041  3669 W aohx    : IOException thrown while closing Closeable.
10-23 14:56:11.093  3041  3669 W aohx    : java.io.IOException: write failed: EBADF (Bad file descriptor)
10-23 14:56:11.093  3041  3669 W aohx    : 	at libcore.io.IoBridge.write(IoBridge.java:651)
10-23 14:56:11.093  3041  3669 W aohx    : 	at android.os.FileBridge$FileBridgeOutputStream.writeCommandAndBlock(FileBridge.java:169)
10-23 14:56:11.093  3041  3669 W aohx    : 	at android.os.FileBridge$FileBridgeOutputStream.close(FileBridge.java:157)
10-23 14:56:11.093  3041  3669 W aohx    : 	at java.io.FilterOutputStream.close(FilterOutputStream.java:188)
10-23 14:56:11.093  3041  3669 W aohx    : 	at aohx.a(PG:1)
10-23 14:56:11.093  3041  3669 W aohx    : 	at zii.b(PG:22)
10-23 14:56:11.093  3041  3669 W aohx    : 	at pft.call(PG:21)
10-23 14:56:11.093  3041  3669 W aohx    : 	at aopq.a(Unknown Source:2)
10-23 14:56:11.093  3041  3669 W aohx    : 	at aoou.run(PG:3)
10-23 14:56:11.093  3041  3669 W aohx    : 	at aopr.run(Unknown Source:4)
10-23 14:56:11.093  3041  3669 W aohx    : 	at java.util.concurrent.ThreadPoolExecutor.runWorker(ThreadPoolExecutor.java:1145)
10-23 14:56:11.093  3041  3669 W aohx    : 	at java.util.concurrent.ThreadPoolExecutor$Worker.run(ThreadPoolExecutor.java:644)
10-23 14:56:11.093  3041  3669 W aohx    : 	at nft.run(PG:17)
10-23 14:56:11.093  3041  3669 W aohx    : 	at java.lang.Thread.run(Thread.java:1012)
10-23 14:56:11.093  3041  3669 W aohx    : Caused by: android.system.ErrnoException: write failed: EBADF (Bad file descriptor)
10-23 14:56:11.093  3041  3669 W aohx    : 	at libcore.io.Linux.writeBytes(Native Method)
10-23 14:56:11.093  3041  3669 W aohx    : 	at libcore.io.Linux.write(Linux.java:296)
10-23 14:56:11.093  3041  3669 W aohx    : 	at libcore.io.ForwardingOs.write(ForwardingOs.java:943)
10-23 14:56:11.093  3041  3669 W aohx    : 	at libcore.io.BlockGuardOs.write(BlockGuardOs.java:448)
10-23 14:56:11.093  3041  3669 W aohx    : 	at libcore.io.ForwardingOs.write(ForwardingOs.java:943)
10-23 14:56:11.093  3041  3669 W aohx    : 	at libcore.io.IoBridge.write(IoBridge.java:646)
10-23 14:56:11.093  3041  3669 W aohx    : 	... 13 more
10-23 14:56:11.104  3911  3911 D LifecycleMonitor: Lifecycle status change: androidx.test.core.app.InstrumentationActivityInvoker$BootstrapActivity@7e4df9e in: STOPPED
10-23 14:56:11.105  3911  3911 V ActivityScenario: Activity lifecycle changed event received but ignored because the intent does not match. startActivityIntent=Intent { act=android.intent.action.MAIN cat=[android.intent.category.LAUNCHER] cmp=com.example.lunchtray/.MainActivity }, activity.getIntent()=Intent { act=android.intent.action.MAIN cat=[android.intent.category.LAUNCHER] flg=0x10008000 cmp=com.example.lunchtray/androidx.test.core.app.InstrumentationActivityInvoker$BootstrapActivity (has extras) }, activity=androidx.test.core.app.InstrumentationActivityInvoker$BootstrapActivity@7e4df9e
10-23 14:56:11.105  3911  3911 V ActivityScenario: Activity lifecycle changed event received but ignored because the intent does not match. startActivityIntent=Intent { act=android.intent.action.MAIN cat=[android.intent.category.LAUNCHER] cmp=com.example.lunchtray/.MainActivity }, activity.getIntent()=Intent { act=android.intent.action.MAIN cat=[android.intent.category.LAUNCHER] flg=0x10008000 cmp=com.example.lunchtray/androidx.test.core.app.InstrumentationActivityInvoker$BootstrapActivity (has extras) }, activity=androidx.test.core.app.InstrumentationActivityInvoker$BootstrapActivity@7e4df9e
10-23 14:56:11.114   413  1029 D audioserver: FGS Logger Transaction failed
10-23 14:56:11.115   413  1029 D audioserver: -129
10-23 14:56:11.118  1132  2137 D OneSearchSuggestProvider: Shut down the binder channel
10-23 14:56:11.119  1132  2804 I IPCThreadState: oneway function results for code 2 on binder at 0x7f98daed4460 will be dropped but finished with status UNKNOWN_TRANSACTION
10-23 14:56:11.121  1132  1166 I ImeTracker: com.google.android.apps.nexuslauncher:948dc768: onRequestHide at ORIGIN_CLIENT_HIDE_SOFT_INPUT reason HIDE_SOFT_INPUT
10-23 14:56:11.121  1132  1166 I ImeTracker: com.google.android.apps.nexuslauncher:948dc768: onFailed at PHASE_CLIENT_VIEW_SERVED
10-23 14:56:11.132   870   947 D EGL_emulation: app_time_stats: avg=159.89ms min=15.95ms max=1848.55ms count=16
10-23 14:56:11.140  3041  3669 W aohx    : IOException thrown while closing Closeable.
10-23 14:56:11.140  3041  3669 W aohx    : java.io.IOException: write failed: EBADF (Bad file descriptor)
10-23 14:56:11.140  3041  3669 W aohx    : 	at libcore.io.IoBridge.write(IoBridge.java:651)
10-23 14:56:11.140  3041  3669 W aohx    : 	at android.os.FileBridge$FileBridgeOutputStream.writeCommandAndBlock(FileBridge.java:169)
10-23 14:56:11.140  3041  3669 W aohx    : 	at android.os.FileBridge$FileBridgeOutputStream.close(FileBridge.java:157)
10-23 14:56:11.140  3041  3669 W aohx    : 	at java.io.FilterOutputStream.close(FilterOutputStream.java:188)
10-23 14:56:11.140  3041  3669 W aohx    : 	at aohx.a(PG:1)
10-23 14:56:11.140  3041  3669 W aohx    : 	at zii.b(PG:22)
10-23 14:56:11.140  3041  3669 W aohx    : 	at pft.call(PG:21)
10-23 14:56:11.140  3041  3669 W aohx    : 	at aopq.a(Unknown Source:2)
10-23 14:56:11.140  3041  3669 W aohx    : 	at aoou.run(PG:3)
10-23 14:56:11.140  3041  3669 W aohx    : 	at aopr.run(Unknown Source:4)
10-23 14:56:11.140  3041  3669 W aohx    : 	at java.util.concurrent.ThreadPoolExecutor.runWorker(ThreadPoolExecutor.java:1145)
10-23 14:56:11.140  3041  3669 W aohx    : 	at java.util.concurrent.ThreadPoolExecutor$Worker.run(ThreadPoolExecutor.java:644)
10-23 14:56:11.140  3041  3669 W aohx    : 	at nft.run(PG:17)
10-23 14:56:11.140  3041  3669 W aohx    : 	at java.lang.Thread.run(Thread.java:1012)
10-23 14:56:11.140  3041  3669 W aohx    : Caused by: android.system.ErrnoException: write failed: EBADF (Bad file descriptor)
10-23 14:56:11.140  3041  3669 W aohx    : 	at libcore.io.Linux.writeBytes(Native Method)
10-23 14:56:11.140  3041  3669 W aohx    : 	at libcore.io.Linux.write(Linux.java:296)
10-23 14:56:11.140  3041  3669 W aohx    : 	at libcore.io.ForwardingOs.write(ForwardingOs.java:943)
10-23 14:56:11.140  3041  3669 W aohx    : 	at libcore.io.BlockGuardOs.write(BlockGuardOs.java:448)
10-23 14:56:11.140  3041  3669 W aohx    : 	at libcore.io.ForwardingOs.write(ForwardingOs.java:943)
10-23 14:56:11.140  3041  3669 W aohx    : 	at libcore.io.IoBridge.write(IoBridge.java:646)
10-23 14:56:11.140  3041  3669 W aohx    : 	... 13 more
10-23 14:56:11.157  2964  3509 I PBSessionCacheImpl: Deleted sessionId[13037507931822912] from persistence.
10-23 14:56:11.164  2964  3265 I A       : Using proto config with mendel
10-23 14:56:11.165  2964  3265 I A       : Using proto config with mendel
10-23 14:56:11.165  2964  3265 W SearchServiceCore: Abort, client detached.
10-23 14:56:11.165  2964  3265 W SearchServiceCore: Abort, client detached.
10-23 14:56:11.165  2964  3265 W SearchServiceCore: Abort, client detached.
10-23 14:56:11.166  2964  3265 W SearchServiceCore: Abort, client detached.
10-23 14:56:11.166  2964  3265 W SearchServiceCore: Abort, client detached.
10-23 14:56:11.175   456  5981 I GenericSource: start
10-23 14:56:11.175   870  5974 W RingtonePlayer: Notification sound delayed by 1183msecs
10-23 14:56:11.183  1468  5942 I Icing   : Indexing com.google.android.gms-internal.3p:MobileApplication from com.google.android.gms
10-23 14:56:11.185  3041  3669 W aohx    : IOException thrown while closing Closeable.
10-23 14:56:11.185  3041  3669 W aohx    : java.io.IOException: write failed: EBADF (Bad file descriptor)
10-23 14:56:11.185  3041  3669 W aohx    : 	at libcore.io.IoBridge.write(IoBridge.java:651)
10-23 14:56:11.185  3041  3669 W aohx    : 	at android.os.FileBridge$FileBridgeOutputStream.writeCommandAndBlock(FileBridge.java:169)
10-23 14:56:11.185  3041  3669 W aohx    : 	at android.os.FileBridge$FileBridgeOutputStream.close(FileBridge.java:157)
10-23 14:56:11.185  3041  3669 W aohx    : 	at java.io.FilterOutputStream.close(FilterOutputStream.java:188)
10-23 14:56:11.185  3041  3669 W aohx    : 	at aohx.a(PG:1)
10-23 14:56:11.185  3041  3669 W aohx    : 	at zii.b(PG:22)
10-23 14:56:11.185  3041  3669 W aohx    : 	at pft.call(PG:21)
10-23 14:56:11.185  3041  3669 W aohx    : 	at aopq.a(Unknown Source:2)
10-23 14:56:11.185  3041  3669 W aohx    : 	at aoou.run(PG:3)
10-23 14:56:11.185  3041  3669 W aohx    : 	at aopr.run(Unknown Source:4)
10-23 14:56:11.185  3041  3669 W aohx    : 	at java.util.concurrent.ThreadPoolExecutor.runWorker(ThreadPoolExecutor.java:1145)
10-23 14:56:11.185  3041  3669 W aohx    : 	at java.util.concurrent.ThreadPoolExecutor$Worker.run(ThreadPoolExecutor.java:644)
10-23 14:56:11.185  3041  3669 W aohx    : 	at nft.run(PG:17)
10-23 14:56:11.185  3041  3669 W aohx    : 	at java.lang.Thread.run(Thread.java:1012)
10-23 14:56:11.185  3041  3669 W aohx    : Caused by: android.system.ErrnoException: write failed: EBADF (Bad file descriptor)
10-23 14:56:11.185  3041  3669 W aohx    : 	at libcore.io.Linux.writeBytes(Native Method)
10-23 14:56:11.185  3041  3669 W aohx    : 	at libcore.io.Linux.write(Linux.java:296)
10-23 14:56:11.185  3041  3669 W aohx    : 	at libcore.io.ForwardingOs.write(ForwardingOs.java:943)
10-23 14:56:11.185  3041  3669 W aohx    : 	at libcore.io.BlockGuardOs.write(BlockGuardOs.java:448)
10-23 14:56:11.185  3041  3669 W aohx    : 	at libcore.io.ForwardingOs.write(ForwardingOs.java:943)
10-23 14:56:11.185  3041  3669 W aohx    : 	at libcore.io.IoBridge.write(IoBridge.java:646)
10-23 14:56:11.185  3041  3669 W aohx    : 	... 13 more
10-23 14:56:11.186   456   923 D NuPlayerDriver: stop(0x7f8cd9241f50)
10-23 14:56:11.187   870  5974 V MediaPlayer: resetDrmState:  mDrmInfo=null mDrmProvisioningThread=null mPrepareDrmInProgress=false mActiveDrmScheme=false
10-23 14:56:11.187   870  5974 V MediaPlayer: cleanDrmObj: mDrmObj=null mDrmSessionId=null
10-23 14:56:11.187   456   923 D NuPlayerDriver: reset(0x7f8cd9241f50) at state 8
10-23 14:56:11.188  3041  3041 D CompatibilityChangeReporter: Compat change id reported: 236704164; UID 10121; state: DISABLED
10-23 14:56:11.194   870   870 D MediaRouter: onRestoreRoute() : route=RouteInfo{ name=Phone, description=null, status=null, category=RouteCategory{ name=System types=ROUTE_TYPE_LIVE_AUDIO ROUTE_TYPE_LIVE_VIDEO  groupable=false }, supportedTypes=ROUTE_TYPE_LIVE_AUDIO ROUTE_TYPE_LIVE_VIDEO , presentationDisplay=null }
10-23 14:56:11.194   870   870 V MediaRouter: Selecting route: RouteInfo{ name=Phone, description=null, status=null, category=RouteCategory{ name=System types=ROUTE_TYPE_LIVE_AUDIO ROUTE_TYPE_LIVE_VIDEO  groupable=false }, supportedTypes=ROUTE_TYPE_LIVE_AUDIO ROUTE_TYPE_LIVE_VIDEO , presentationDisplay=null }
10-23 14:56:11.198  3041  3041 W PendingIntent: android.app.StackTrace: New mutable implicit PendingIntent: pkg=com.android.vending, action=com.android.vending.selfupdate.INTENT_PACKAGE_INSTALL_COMMIT.com.android.vending, featureId=null. This will be blocked once the app targets U+ for security reasons.
10-23 14:56:11.198  3041  3041 W PendingIntent: 	at android.app.PendingIntent.checkPendingIntent(PendingIntent.java:443)
10-23 14:56:11.198  3041  3041 W PendingIntent: 	at android.app.PendingIntent.getBroadcastAsUser(PendingIntent.java:731)
10-23 14:56:11.198  3041  3041 W PendingIntent: 	at android.app.PendingIntent.getBroadcast(PendingIntent.java:718)
10-23 14:56:11.198  3041  3041 W PendingIntent: 	at qty.b(PG:86)
10-23 14:56:11.198  3041  3041 W PendingIntent: 	at aooj.run(PG:6)
10-23 14:56:11.198  3041  3041 W PendingIntent: 	at android.os.Handler.handleCallback(Handler.java:958)
10-23 14:56:11.198  3041  3041 W PendingIntent: 	at android.os.Handler.dispatchMessage(Handler.java:99)
10-23 14:56:11.198  3041  3041 W PendingIntent: 	at android.os.Looper.loopOnce(Looper.java:205)
10-23 14:56:11.198  3041  3041 W PendingIntent: 	at android.os.Looper.loop(Looper.java:294)
10-23 14:56:11.198  3041  3041 W PendingIntent: 	at android.app.ActivityThread.main(ActivityThread.java:8177)
10-23 14:56:11.198  3041  3041 W PendingIntent: 	at java.lang.reflect.Method.invoke(Native Method)
10-23 14:56:11.198  3041  3041 W PendingIntent: 	at com.android.internal.os.RuntimeInit$MethodAndArgsCaller.run(RuntimeInit.java:552)
10-23 14:56:11.198  3041  3041 W PendingIntent: 	at com.android.internal.os.ZygoteInit.main(ZygoteInit.java:971)
10-23 14:56:11.200  1468  5942 I Icing   : Indexing done com.google.android.gms-internal.3p:MobileApplication
10-23 14:56:11.203   456  6004 D CCodec  : allocate(c2.android.vorbis.decoder)
10-23 14:56:11.208   456  6004 I CCodec  : setting up 'default' as default (vendor) store
10-23 14:56:11.241   870   921 W WindowOnBackDispatcher: sendCancelIfRunning: isInProgress=falsecallback=android.view.ViewRootImpl$$ExternalSyntheticLambda17@1bf163e
10-23 14:56:11.242   524   943 W InputManager-JNI: Input channel object 'dadcf2c Splash Screen com.example.lunchtray (client)' was disposed without first being removed with the input manager!
10-23 14:56:11.246   456  6004 I CCodec  : Created component [c2.android.vorbis.decoder]
10-23 14:56:11.247   456  6004 D CCodecConfig: read media type: audio/vorbis
10-23 14:56:11.251   456  6004 D ReflectedParamUpdater: extent() != 1 for single value type: algo.buffers.max-count.values
10-23 14:56:11.253   456  6004 D ReflectedParamUpdater: extent() != 1 for single value type: output.subscribed-indices.values
10-23 14:56:11.255   456  6004 D ReflectedParamUpdater: extent() != 1 for single value type: input.buffers.allocator-ids.values
10-23 14:56:11.255   456  6004 D ReflectedParamUpdater: extent() != 1 for single value type: output.buffers.allocator-ids.values
10-23 14:56:11.255   456  6004 D ReflectedParamUpdater: extent() != 1 for single value type: algo.buffers.allocator-ids.values
10-23 14:56:11.256   456  6004 D ReflectedParamUpdater: extent() != 1 for single value type: output.buffers.pool-ids.values
10-23 14:56:11.256   456  6004 D ReflectedParamUpdater: extent() != 1 for single value type: algo.buffers.pool-ids.values
10-23 14:56:11.261   456  6004 I CCodecConfig: query failed after returning 7 values (BAD_INDEX)
10-23 14:56:11.261   456  6004 D CCodecConfig: c2 config diff is Dict {
10-23 14:56:11.261   456  6004 D CCodecConfig:   c2::u32 coded.bitrate.value = 64000
10-23 14:56:11.261   456  6004 D CCodecConfig:   c2::u32 input.buffers.max-size.value = 32768
10-23 14:56:11.261   456  6004 D CCodecConfig:   c2::u32 input.delay.value = 0
10-23 14:56:11.261   456  6004 D CCodecConfig:   string input.media-type.value = "audio/vorbis"
10-23 14:56:11.261   456  6004 D CCodecConfig:   string output.media-type.value = "audio/raw"
10-23 14:56:11.261   456  6004 D CCodecConfig:   c2::u32 raw.channel-count.value = 1
10-23 14:56:11.261   456  6004 D CCodecConfig:   c2::u32 raw.sample-rate.value = 48000
10-23 14:56:11.261   456  6004 D CCodecConfig: }
10-23 14:56:11.269   456  6004 D MediaCodec: flushMediametrics
10-23 14:56:11.269   456  6004 D CCodec  : [c2.android.vorbis.decoder] buffers are bound to CCodec for this session
10-23 14:56:11.269   456  6004 D CCodecConfig: no c2 equivalents for durationUs
10-23 14:56:11.269   456  6004 D CCodecConfig: no c2 equivalents for csd-1
10-23 14:56:11.269   456  6004 D CCodecConfig: no c2 equivalents for flags
10-23 14:56:11.270   456  6004 D CCodecConfig: c2 config diff is   c2::u32 coded.bitrate.value = 70000
10-23 14:56:11.271   456  6004 W Codec2Client: query -- param skipped: index = 1107298332.
10-23 14:56:11.271   456  6004 D CCodec  : encoding statistics level = 0
10-23 14:56:11.271   456  6004 D CCodec  : setup formats input: AMessage(what = 0x00000000) = {
10-23 14:56:11.271   456  6004 D CCodec  :   int32_t bitrate = 70000
10-23 14:56:11.271   456  6004 D CCodec  :   int32_t channel-count = 1
10-23 14:56:11.271   456  6004 D CCodec  :   int32_t max-input-size = 32768
10-23 14:56:11.271   456  6004 D CCodec  :   string mime = "audio/vorbis"
10-23 14:56:11.271   456  6004 D CCodec  :   int32_t sample-rate = 48000
10-23 14:56:11.271   456  6004 D CCodec  : }
10-23 14:56:11.271   456  6004 D CCodec  : setup formats output: AMessage(what = 0x00000000) = {
10-23 14:56:11.271   456  6004 D CCodec  :   int32_t channel-count = 1
10-23 14:56:11.271   456  6004 D CCodec  :   string mime = "audio/raw"
10-23 14:56:11.271   456  6004 D CCodec  :   int32_t sample-rate = 48000
10-23 14:56:11.271   456  6004 D CCodec  :   int32_t channel-mask = 1
10-23 14:56:11.271   456  6004 D CCodec  :   int32_t android._config-pcm-encoding = 2
10-23 14:56:11.271   456  6004 D CCodec  : }
10-23 14:56:11.271   456  6004 I CCodecConfig: query failed after returning 7 values (BAD_INDEX)
10-23 14:56:11.273   456  6004 I MediaCodec: MediaCodec will operate in async mode
10-23 14:56:11.273   456  6003 D MediaCodec: keep callback message for reclaim
10-23 14:56:11.274   456  6004 W Codec2Client: query -- param skipped: index = 1342179345.
10-23 14:56:11.274   456  6004 W Codec2Client: query -- param skipped: index = 2415921170.
10-23 14:56:11.275   456  6004 D C2Store : Using DMABUF Heaps
10-23 14:56:11.277   456  6004 D CCodecBufferChannel: [c2.android.vorbis.decoder#778] Created input block pool with allocatorID 16 => poolID 17 - OK (0)
10-23 14:56:11.280   524   946 D BufferPoolAccessor2.0: bufferpool2 0x7f99caeec748 : 0(0 size) total buffers - 0(0 size) used buffers - 2/7 (recycle/alloc) - 5/24 (fetch/transfer)
10-23 14:56:11.280   524   946 D BufferPoolAccessor2.0: Destruction - bufferpool2 0x7f99caeec748 cached: 0/0M, 0/0% in use; allocs: 7, 29% recycled; transfers: 24, 79% unfetched
10-23 14:56:11.280   870  1221 D BufferPoolAccessor2.0: bufferpool2 0x7f99caeb8228 : 0(0 size) total buffers - 0(0 size) used buffers - 1/7 (recycle/alloc) - 9/36 (fetch/transfer)
10-23 14:56:11.287   870  1221 D BufferPoolAccessor2.0: Destruction - bufferpool2 0x7f99caeb8228 cached: 0/0M, 0/0% in use; allocs: 7, 14% recycled; transfers: 36, 75% unfetched
10-23 14:56:11.287   870  1221 D BufferPoolAccessor2.0: bufferpool2 0x7f99caec1f68 : 0(0 size) total buffers - 0(0 size) used buffers - 1/7 (recycle/alloc) - 6/38 (fetch/transfer)
10-23 14:56:11.288   870  1221 D BufferPoolAccessor2.0: Destruction - bufferpool2 0x7f99caec1f68 cached: 0/0M, 0/0% in use; allocs: 7, 14% recycled; transfers: 38, 84% unfetched
10-23 14:56:11.288   870  1221 D BufferPoolAccessor2.0: bufferpool2 0x7f99caebd7b8 : 0(0 size) total buffers - 0(0 size) used buffers - 2/7 (recycle/alloc) - 5/18 (fetch/transfer)
10-23 14:56:11.289   870  1221 D BufferPoolAccessor2.0: Destruction - bufferpool2 0x7f99caebd7b8 cached: 0/0M, 0/0% in use; allocs: 7, 29% recycled; transfers: 18, 72% unfetched
10-23 14:56:11.289   456  6004 I CCodecBufferChannel: [c2.android.vorbis.decoder#778] Created output block pool with allocatorID 16 => poolID 26 - OK
10-23 14:56:11.289   456  6004 D CCodecBufferChannel: [c2.android.vorbis.decoder#778] Configured output block pool ids 26 => OK
10-23 14:56:11.290   524   626 D BufferPoolAccessor2.0: bufferpool2 0x7f99caef8988 : 0(0 size) total buffers - 0(0 size) used buffers - 1/7 (recycle/alloc) - 6/18 (fetch/transfer)
10-23 14:56:11.290   524   626 D BufferPoolAccessor2.0: Destruction - bufferpool2 0x7f99caef8988 cached: 0/0M, 0/0% in use; allocs: 7, 14% recycled; transfers: 18, 67% unfetched
10-23 14:56:11.290   456  6004 I DMABUFHEAPS: Using DMA-BUF heap named: system
10-23 14:56:11.291   460  6008 D SimpleC2Component: Using output block pool with poolID 26 => got 26 - 0
10-23 14:56:11.292   524   944 D BufferPoolAccessor2.0: bufferpool2 0x7f99caef9078 : 0(0 size) total buffers - 0(0 size) used buffers - 2/7 (recycle/alloc) - 5/24 (fetch/transfer)
10-23 14:56:11.292   524   944 D BufferPoolAccessor2.0: Destruction - bufferpool2 0x7f99caef9078 cached: 0/0M, 0/0% in use; allocs: 7, 29% recycled; transfers: 24, 79% unfetched
10-23 14:56:11.295   456  6004 D CCodecBufferChannel: [c2.android.vorbis.decoder#778] Discard frames from previous generation.
10-23 14:56:11.295   524   626 D BufferPoolAccessor2.0: bufferpool2 0x7f99caef5fe8 : 0(0 size) total buffers - 0(0 size) used buffers - 2/7 (recycle/alloc) - 7/26 (fetch/transfer)
10-23 14:56:11.295   524   626 D BufferPoolAccessor2.0: Destruction - bufferpool2 0x7f99caef5fe8 cached: 0/0M, 0/0% in use; allocs: 7, 29% recycled; transfers: 26, 73% unfetched
10-23 14:56:11.296   413   476 D audioserver: FGS Logger Transaction failed
10-23 14:56:11.296   413   476 D audioserver: -129
10-23 14:56:11.303   524   944 D BufferPoolAccessor2.0: bufferpool2 0x7f99caef66d8 : 0(0 size) total buffers - 0(0 size) used buffers - 2/7 (recycle/alloc) - 5/34 (fetch/transfer)
10-23 14:56:11.303   524   944 D BufferPoolAccessor2.0: Destruction - bufferpool2 0x7f99caef66d8 cached: 0/0M, 0/0% in use; allocs: 7, 29% recycled; transfers: 34, 85% unfetched
10-23 14:56:11.303   456  6004 I hw-BpHwBinder: onLastStrongRef automatically unlinking death recipients
10-23 14:56:11.304   460   460 I hw-BpHwBinder: onLastStrongRef automatically unlinking death recipients
10-23 14:56:11.305   524   944 D BufferPoolAccessor2.0: bufferpool2 0x7f99caef0118 : 0(0 size) total buffers - 0(0 size) used buffers - 2/7 (recycle/alloc) - 5/34 (fetch/transfer)
10-23 14:56:11.305   524   944 D BufferPoolAccessor2.0: Destruction - bufferpool2 0x7f99caef0118 cached: 0/0M, 0/0% in use; allocs: 7, 29% recycled; transfers: 34, 85% unfetched
10-23 14:56:11.306   456  6003 D MediaCodec: flushMediametrics
10-23 14:56:11.307   460   915 D BufferPoolAccessor2.0: Destruction - bufferpool2 0x7053fc8ccc88 cached: 0/0M, 0/0% in use; allocs: 0, 0% recycled; transfers: 0, 0% unfetched
10-23 14:56:11.309   456  5981 D NuPlayerDriver: notifyResetComplete(0x7f8cd9241f50)
10-23 14:56:11.310   456   923 W AMessage: failed to post message as target looper for handler 0 is gone.
10-23 14:56:11.312   524  2035 I MediaFocusControl: abandonAudioFocus() from uid/pid 10159/870 clientId=android.media.AudioManager@8224fa7
10-23 14:56:11.396   524   614 I RoleService: Granting default roles...
10-23 14:56:11.411   524   624 I InputReader: Reconfiguring input devices, changes=KEYBOARD_LAYOUTS
10-23 14:56:11.432   871  5384 I PermissionControllerServiceImpl: Updating user sensitive for uid 10123
10-23 14:56:11.469  3911  3911 I ViewInteraction: Performing 'single click' action on view view.getId() is <2131230844/com.example.lunchtray:id/cauliflower>
10-23 14:56:11.471   871  6012 E RoleControllerServiceImpl: Default/fallback role holder package doesn't qualify for the role, package: com.google.android.gms.supervision, role: android.app.role.SYSTEM_SUPERVISION
10-23 14:56:11.473   871  6012 I Role    : com.google.android.gms not qualified for android.app.role.SYSTEM_CALL_STREAMING due to missing RequiredComponent{mIntentFilterData=IntentFilterData{mAction='android.telecom.CallStreamingService', mCategories='[]', mDataScheme='null', mDataType='null'}, mMinTargetSdkVersion=1, mFlags='0', mPermission='android.permission.BIND_CALL_STREAMING_SERVICE', mQueryFlags=0, mMetaData=[]}
10-23 14:56:11.473   871  6012 E RoleControllerServiceImpl: Default/fallback role holder package doesn't qualify for the role, package: com.google.android.gms, role: android.app.role.SYSTEM_CALL_STREAMING
10-23 14:56:11.474   871  6012 W Role    : Default holder doesn't have required signing certificate: com.google.android.apps.work.clouddpc:23962F4B43B9857638EA66F4D419518EAE282491ACDA4B94707BD59003C45E58
10-23 14:56:11.521   413  1029 D audioserver: FGS Logger Transaction failed
10-23 14:56:11.521   413  1029 D audioserver: -129
10-23 14:56:11.596  3741  3905 D PhenotypeUpdateService: Registering with Phenotype
10-23 14:56:11.621  5669  5713 W TimedProcessReaper: Scheduling killing of process to refresh configuration
10-23 14:56:11.626  1468  3685 I Icing   : doRemovePackageData com.android.nfc
10-23 14:56:11.639  1348  3349 W ChimeraUtils: Module com.google.android.gms.nearby_en missing resource null(0)
10-23 14:56:11.641  1348  3332 I HeterodyneSyncer: Removed 0 invalid users [CONTEXT service_id=51 ]
10-23 14:56:11.643  1348  3349 W ChimeraUtils: Module com.google.android.gms.nearby_en missing resource null(0)
10-23 14:56:11.645  1348  3349 W ChimeraUtils: Module com.google.android.gms.nearby_en missing resource null(0)
10-23 14:56:11.678  1468  3685 I Icing   : updateResources: need to parse arkh{com.google.android.gms}
10-23 14:56:11.692   413   476 D audioserver: FGS Logger Transaction failed
10-23 14:56:11.692   413   476 D audioserver: -129
10-23 14:56:11.723  1348  6016 W ChimeraUtils: Module com.google.android.gms.nearby_en missing resource null(0)
10-23 14:56:11.740  1348  6016 W ChimeraUtils: Module com.google.android.gms.nearby_en missing resource null(0)
10-23 14:56:11.744  1348  6016 W ChimeraUtils: Module com.google.android.gms.nearby_en missing resource null(0)
10-23 14:56:11.767  1657  1657 I AiAiEcho: AppFetcherImpl onPackageChanged com.google.android.googlequicksearchbox.
10-23 14:56:11.769  1657  2944 I AiAiEcho: AppIndexer Package:[com.google.android.googlequicksearchbox] UserProfile:[0] Enabled:[true].
10-23 14:56:11.769  1657  2944 I AiAiEcho: AppFetcherImplV2 updateApps package:[com.google.android.googlequicksearchbox], userId:[0], reason:[package is updated.].
10-23 14:56:11.772  3911  3911 I ViewInteraction: Performing 'single click' action on view view.getId() is <2131231081/com.example.lunchtray:id/next_button>
10-23 14:56:11.839   413  1029 D audioserver: FGS Logger Transaction failed
10-23 14:56:11.839   413  1029 D audioserver: -129
10-23 14:56:11.925  1348  6020 W ChimeraUtils: Module com.google.android.gms.nearby_en missing resource null(0)
10-23 14:56:11.935  3911  4251 D EGL_emulation: app_time_stats: avg=12.58ms min=1.26ms max=195.77ms count=46
10-23 14:56:11.936  1348  6020 W ChimeraUtils: Module com.google.android.gms.nearby_en missing resource null(0)
10-23 14:56:11.954  5175  5264 I BugleRcsProvisioning: RcsProvisioningTrigger: onCsLibPhenotypeUpdated, enableProvisioningTaskInBugle = true
10-23 14:56:11.954  5175  5264 I BugleRcsProvisioning: RcsProvisioningTrigger: updateRcsAvailability : hint = CSLIB_PHENOTYPE_UPDATE
10-23 14:56:11.961  5175  5264 I Bugle   : RcsAvailabilityUtilForProvisioningEngineV2: updateAvailabilityAsync, hint: CSLIB_PHENOTYPE_UPDATE
10-23 14:56:11.961  5175  5264 I Bugle   : RcsAvailabilityUtilForProvisioningEngineV2: swapAvailabilityUpdater, provisioningTaskInBugle: true, activeRcsAvailabilityUpdater: awuh
10-23 14:56:11.961  5175  5264 I BugleRcsProvisioning: RcsAvailabilityUpdaterLocal: updateAvailabilityAsync: scheduling updateRcsAvailability call, hint: CSLIB_PHENOTYPE_UPDATE, enableWelcomePopupWithoutGoogleTos: false, reshowSuccessPopup: false
10-23 14:56:11.961  5175  5264 I BugleRcsProvisioning: scheduleProvisioning using legacy code path
10-23 14:56:11.962  5175  5264 W BugleRcsEngine: [48] brcu.d: [SR]: Single Registration is disabled. Skipping Single Registration capability check for subId: 1, OS.isAtLeastS:[true], enableSingleRegistrationProvisioning:[false]
10-23 14:56:11.962  5175  5264 I BugleRcsProvisioning: RcsProvisioningTrigger: DR is active, initializing DR provisioning. DUAL_REG
10-23 14:56:11.963  5175  5264 I Bugle   : RcsAvailabilityUtilForProvisioningEngineV2: onCsLibPhenotypeUpdated
10-23 14:56:11.965  5175  5264 I BugleRcsEngine: [48] bptz.run: SystemBindingManager: SystemBinding enabled: true
10-23 14:56:11.965  5175  5264 I BugleRcsEngine: [48] bpua.b: System Binding updated
10-23 14:56:11.965  5175  5260 W BugleRcsEngine: [46] bpxc.w: Unable to send diagnostic log
10-23 14:56:11.966  5175  5668 W BugleRcsEngine: [79] brcu.d: [SR]: Single Registration is disabled. Skipping Single Registration capability check for subId: 1, OS.isAtLeastS:[true], enableSingleRegistrationProvisioning:[false]
10-23 14:56:11.966  5175  5259 W BugleRcsEngine: [45] bpxc.w: Unable to send diagnostic log
10-23 14:56:11.970  5175  5274 W BugleRcsEngine: [56] brcu.d: [SR]: Single Registration is disabled. Skipping Single Registration capability check for subId: 1, OS.isAtLeastS:[true], enableSingleRegistrationProvisioning:[false]
10-23 14:56:11.970  5175  5274 I BugleRcsProvisioning: RcsAvailabilityUpdaterLocal: RcsAvailability configuration availability and enabled status: simId: redacted-pii:sim_id[chars:20,last3:897], SipConnectionType: DUAL_REG, isConfigurationAvailableAndEnabled: false
10-23 14:56:11.971  5175  5274 I BugleRcsProvisioning: RcsAvailabilityUpdaterLocal: updateRcsAvailability, currentAvailability: 2, newAvailability: 2, hint: CSLIB_PHENOTYPE_UPDATE
10-23 14:56:11.972  5175  5273 I BugleRcsProvisioning: RcsProvisioningTrigger: onRcsAvailabilityUpdate : availability is updated to RCS is disabled for this carrier by Google, lastAvailability is RCS is disabled for this carrier by Google, simId hash = -3425247260613260074, simId = redacted-pii:sim_id[chars:20,last3:897], isPev3Enabled = true
10-23 14:56:11.974  5175  5668 I BugleRcsEngine: [79] zzm.run: Skipping provisioning scheduling since RCS is disabled
10-23 14:56:11.997   413   476 D audioserver: FGS Logger Transaction failed
10-23 14:56:11.997   413   476 D audioserver: -129
10-23 14:56:12.011  1348  1506 E bwfc    : Phenotype API error. Event # edax@3f7b614, EventCode: 5 [CONTEXT service_id=51 ]
10-23 14:56:12.011  1348  1506 E bwfc    : bwdx: 29501: Stale snapshot for com.google.android.libraries.consentverifier#com.google.android.googlequicksearchbox(change count changed - expected 4  but was 3)
10-23 14:56:12.011  1348  1506 E bwfc    : 	at bwfg.b(:com.google.android.gms@231818047@23.18.18 (190800-535401451):16)
10-23 14:56:12.011  1348  1506 E bwfc    : 	at bwff.g(:com.google.android.gms@231818047@23.18.18 (190800-535401451):0)
10-23 14:56:12.011  1348  1506 E bwfc    : 	at bwfc.e(:com.google.android.gms@231818047@23.18.18 (190800-535401451):4)
10-23 14:56:12.011  1348  1506 E bwfc    : 	at bwfc.f(:com.google.android.gms@231818047@23.18.18 (190800-535401451):2)
10-23 14:56:12.011  1348  1506 E bwfc    : 	at avsy.eo(:com.google.android.gms@231818047@23.18.18 (190800-535401451):1)
10-23 14:56:12.011  1348  1506 E bwfc    : 	at avtf.run(:com.google.android.gms@231818047@23.18.18 (190800-535401451):14)
10-23 14:56:12.011  1348  1506 E bwfc    : 	at dfhf.run(:com.google.android.gms@231818047@23.18.18 (190800-535401451):2)
10-23 14:56:12.011  1348  1506 E bwfc    : 	at aced.c(:com.google.android.gms@231818047@23.18.18 (190800-535401451):6)
10-23 14:56:12.011  1348  1506 E bwfc    : 	at aced.run(:com.google.android.gms@231818047@23.18.18 (190800-535401451):8)
10-23 14:56:12.011  1348  1506 E bwfc    : 	at java.util.concurrent.ThreadPoolExecutor.runWorker(ThreadPoolExecutor.java:1145)
10-23 14:56:12.011  1348  1506 E bwfc    : 	at java.util.concurrent.ThreadPoolExecutor$Worker.run(ThreadPoolExecutor.java:644)
10-23 14:56:12.011  1348  1506 E bwfc    : 	at acjn.run(:com.google.android.gms@231818047@23.18.18 (190800-535401451):0)
10-23 14:56:12.011  1348  1506 E bwfc    : 	at java.lang.Thread.run(Thread.java:1012)
10-23 14:56:12.012  1348  1506 W AsyncOperation: operation=CommitToConfigurationOperationCall, opStatusCode=29501 [CONTEXT service_id=51 ]
10-23 14:56:12.012  1348  1506 W AsyncOperation: OperationException[Status{statusCode=Stale snapshot for com.google.android.libraries.consentverifier#com.google.android.googlequicksearchbox(change count changed - expected 4  but was 3), resolution=null}]
10-23 14:56:12.012  1348  1506 W AsyncOperation: 	at bwfc.e(:com.google.android.gms@231818047@23.18.18 (190800-535401451):6)
10-23 14:56:12.012  1348  1506 W AsyncOperation: 	at bwfc.f(:com.google.android.gms@231818047@23.18.18 (190800-535401451):2)
