10-23 14:55:56.447  5175  5274 I BugleNetwork: NewLightTickleFcmHandler: Successfully handled firebase new token.
10-23 14:55:56.453  3041  3669 I Finsky  : [55] yse.r(4): SCH: jobFinished: 10-130. TimeElapsed: 21ms.
10-23 14:55:56.485  3041  3041 I Finsky  : [2] yrd.accept(66): SCH: Job 10-131 starting
10-23 14:55:56.489  3041  3041 I Finsky  : [2] yse.r(4): SCH: jobFinished: 10-131. TimeElapsed: 1ms.
10-23 14:55:56.499   870   921 W WindowOnBackDispatcher: sendCancelIfRunning: isInProgress=falsecallback=android.view.ViewRootImpl$$ExternalSyntheticLambda17@bf335d5
10-23 14:55:56.500   524  2045 W InputManager-JNI: Input channel object 'cc102f9 Splash Screen com.example.lunchtray (client)' was disposed without first being removed with the input manager!
10-23 14:55:56.522  3041  3686 I Finsky  : [59] ycx.accept(55): SCH: Scheduling phonesky job Id: 1-1337, CT: 1698072944496, Constraints: [{ L: 14399998, D: 45833775, C: 1, I: 1, N: 1 }]
10-23 14:55:56.528  3041  3686 I Finsky  : [59] ycx.accept(55): SCH: Scheduling phonesky job Id: 10-26, CT: 1698072944328, Constraints: [{ L: 600000, D: 86400000, C: 1, I: 1, N: 1 }]
10-23 14:55:56.542  3041  3687 I Finsky  : [60] ycy.apply(69): SCH: Scheduling 1 system job(s)
10-23 14:55:56.542  3041  3687 I Finsky  : [60] ysd.d(4): SCH: Scheduling system job Id: 9107, L: 587786, D: 45821729, C: false, I: false, N: 1
10-23 14:55:56.554  5175  5273 W ziparchive: Unable to open '/data/user_de/0/com.google.android.gms/app_chimera/m/00000002/DynamiteLoader.dm': No such file or directory
10-23 14:55:56.554  5175  5273 W ziparchive: Unable to open '/data/user_de/0/com.google.android.gms/app_chimera/m/00000002/DynamiteLoader.dm': No such file or directory
10-23 14:55:56.560  3041  4037 I Finsky  : [97] ytn.a(16): SCH: job service finished with id 9002.
10-23 14:55:56.575   413   476 D audioserver: FGS Logger Transaction failed
10-23 14:55:56.575   413   476 D audioserver: -129
10-23 14:55:56.615  5175  5273 I DynamiteModule: Considering local module com.google.android.gms.cronet_dynamite:0 and remote module com.google.android.gms.cronet_dynamite:2411
10-23 14:55:56.616  5175  5273 I DynamiteModule: Selected remote version of com.google.android.gms.cronet_dynamite, version >= 2411
10-23 14:55:56.616  5175  5273 V DynamiteModule: Dynamite loader version >= 2, using loadModule2NoCrashUtils
10-23 14:55:56.676  5175  5273 W ziparchive: Unable to open '/data/user_de/0/com.google.android.gms/app_chimera/m/00000001/CronetDynamite.dm': No such file or directory
10-23 14:55:56.676  5175  5273 W ziparchive: Unable to open '/data/user_de/0/com.google.android.gms/app_chimera/m/00000001/CronetDynamite.dm': No such file or directory
10-23 14:55:56.741  5175  5273 D nativeloader: Configuring clns-11 for other apk . target_sdk_version=34, uses_libraries=ALL, library_path=/data/user_de/0/com.google.android.gms/app_chimera/m/00000001/CronetDynamite.apk!/lib/x86_64:/data/user_de/0/com.google.android.gms/app_chimera/m/00000001/CronetDynamite.apk!/lib/arm64-v8a, permitted_path=/data:/mnt/expand
10-23 14:55:56.743  3041  4944 I IPCThreadState: oneway function results for code 2 on binder at 0x7f98daf010d0 will be dropped but finished with status UNKNOWN_TRANSACTION
10-23 14:55:56.749  5543  5543 I Finsky:quick_launch: [2] rja.onDestroy(8): IPC-SERVER: Stopping gRPC host service...
10-23 14:55:56.779   524  2872 D ConnectivityService: requestNetwork for uid/pid:10122/5175 activeRequest: null callbackRequest: 130 [NetworkRequest [ REQUEST id=131, [ Capabilities: INTERNET&NOT_RESTRICTED&TRUSTED&NOT_VCN_MANAGED Uid: 10122 RequestorUid: 10122 RequestorPkg: com.google.android.apps.messaging UnderlyingNetworks: Null] ]] callback flags: 0 order: 2147483647
10-23 14:55:56.781   524   797 D ConnectivityService: NetReassign [131 : null  100] [c 0] [a 1] [i 0]
10-23 14:55:56.781   524   790 D WifiNetworkFactory: got request NetworkRequest [ REQUEST id=131, [ Capabilities: INTERNET&NOT_RESTRICTED&TRUSTED&NOT_VCN_MANAGED Uid: 10122 RequestorUid: 10122 RequestorPkg: com.google.android.apps.messaging UnderlyingNetworks: Null] ]
10-23 14:55:56.782   524   790 D UntrustedWifiNetworkFactory: got request NetworkRequest [ REQUEST id=131, [ Capabilities: INTERNET&NOT_RESTRICTED&TRUSTED&NOT_VCN_MANAGED Uid: 10122 RequestorUid: 10122 RequestorPkg: com.google.android.apps.messaging UnderlyingNetworks: Null] ]
10-23 14:55:56.782   524   790 D OemPaidWifiNetworkFactory: got request NetworkRequest [ REQUEST id=131, [ Capabilities: INTERNET&NOT_RESTRICTED&TRUSTED&NOT_VCN_MANAGED Uid: 10122 RequestorUid: 10122 RequestorPkg: com.google.android.apps.messaging UnderlyingNetworks: Null] ]
10-23 14:55:56.782   524   790 D MultiInternetWifiNetworkFactory: got request NetworkRequest [ REQUEST id=131, [ Capabilities: INTERNET&NOT_RESTRICTED&TRUSTED&NOT_VCN_MANAGED Uid: 10122 RequestorUid: 10122 RequestorPkg: com.google.android.apps.messaging UnderlyingNetworks: Null] ]
10-23 14:55:56.806   524   797 D ConnectivityService: NetReassign [no changes] [c 0] [a 1] [i 1]
10-23 14:55:56.841  5175  5273 I cr_CronetLibraryLoader: Cronet version: 113.0.5672.51, arch: x86_64
10-23 14:55:56.934  5175  5273 I BugleNetwork: Creating gRPC Managed channel with Cronet: instantmessaging-pa.googleapis.com:443
10-23 14:55:56.985  1671  2623 W ModernMediaScanner: Failed to apply ContentProviderOperation(type=insert uri=content://media/internal/file values={instance_id=null, compilation=null, disc_number=0, duration=4383, is_ringtone=0, album_artist=null, resolution=null, orientation=null, artist=pdx, author=null, height=null, is_drm=0, is_audiobook=0, date_modified=1691194455, writer=null, composer=null, _modifier=3, is_recording=0, datetaken=null, mime_type=audio/ogg, is_notification=1, bitrate=96000, cd_track_number=0, xmp=[], year=null, _data=/product/media/audio/notifications/vega.ogg, _size=29476, album=Unknown, genre=Unknown, is_alarm=0, title=Vega, track=0, width=null, is_music=0, document_id=null, is_podcast=0, capture_framerate=null, num_tracks=1, original_document_id=null, media_type=2} exceptionAllowed)
10-23 14:55:56.985  1671  2623 W ModernMediaScanner: android.database.sqlite.SQLiteConstraintException: UNIQUE constraint failed: files._data (code 2067 SQLITE_CONSTRAINT_UNIQUE)
10-23 14:55:56.985  1671  2623 W ModernMediaScanner: 	at android.database.sqlite.SQLiteConnection.nativeExecuteForLastInsertedRowId(Native Method)
10-23 14:55:56.985  1671  2623 W ModernMediaScanner: 	at android.database.sqlite.SQLiteConnection.executeForLastInsertedRowId(SQLiteConnection.java:961)
10-23 14:55:56.985  1671  2623 W ModernMediaScanner: 	at android.database.sqlite.SQLiteSession.executeForLastInsertedRowId(SQLiteSession.java:790)
10-23 14:55:56.985  1671  2623 W ModernMediaScanner: 	at android.database.sqlite.SQLiteStatement.executeInsert(SQLiteStatement.java:89)
10-23 14:55:56.985  1671  2623 W ModernMediaScanner: 	at com.android.providers.media.util.DatabaseUtils.executeInsert(DatabaseUtils.java:456)
10-23 14:55:56.985  1671  2623 W ModernMediaScanner: 	at com.android.providers.media.util.SQLiteQueryBuilder.insert(SQLiteQueryBuilder.java:611)
10-23 14:55:56.985  1671  2623 W ModernMediaScanner: 	at com.android.providers.media.util.SQLiteQueryBuilder.lambda$insert$1(SQLiteQueryBuilder.java:575)
10-23 14:55:56.985  1671  2623 W ModernMediaScanner: 	at com.android.providers.media.util.SQLiteQueryBuilder.$r8$lambda$z6PmNgi8nEawad46M5nyYc14aRM(SQLiteQueryBuilder.java:0)
10-23 14:55:56.985  1671  2623 W ModernMediaScanner: 	at com.android.providers.media.util.SQLiteQueryBuilder$$ExternalSyntheticLambda4.apply(R8$$SyntheticClass:0)
10-23 14:55:56.985  1671  2623 W ModernMediaScanner: 	at com.android.providers.media.DatabaseHelper.runWithTransaction(DatabaseHelper.java:850)
10-23 14:55:56.985  1671  2623 W ModernMediaScanner: 	at com.android.providers.media.util.SQLiteQueryBuilder.insert(SQLiteQueryBuilder.java:574)
10-23 14:55:56.985  1671  2623 W ModernMediaScanner: 	at com.android.providers.media.MediaProvider.lambda$insertAllowingUpsert$20(MediaProvider.java:4846)
10-23 14:55:56.985  1671  2623 W ModernMediaScanner: 	at com.android.providers.media.MediaProvider.$r8$lambda$A8_bSAcDGkyGiCcvRo57xoMQkf8(MediaProvider.java:0)
10-23 14:55:56.985  1671  2623 W ModernMediaScanner: 	at com.android.providers.media.MediaProvider$$ExternalSyntheticLambda39.apply(R8$$SyntheticClass:0)
10-23 14:55:56.985  1671  2623 W ModernMediaScanner: 	at com.android.providers.media.DatabaseHelper.runWithTransaction(DatabaseHelper.java:850)
10-23 14:55:56.985  1671  2623 W ModernMediaScanner: 	at com.android.providers.media.MediaProvider.insertAllowingUpsert(MediaProvider.java:4836)
10-23 14:55:56.985  1671  2623 W ModernMediaScanner: 	at com.android.providers.media.MediaProvider.insertFile(MediaProvider.java:4818)
10-23 14:55:56.985  1671  2623 W ModernMediaScanner: 	at com.android.providers.media.MediaProvider.insertInternal(MediaProvider.java:5287)
10-23 14:55:56.985  1671  2623 W ModernMediaScanner: 	at com.android.providers.media.MediaProvider.insert(MediaProvider.java:4980)
10-23 14:55:56.985  1671  2623 W ModernMediaScanner: 	at android.content.ContentProviderOperation.applyInternal(ContentProviderOperation.java:375)
10-23 14:55:56.985  1671  2623 W ModernMediaScanner: 	at android.content.ContentProviderOperation.apply(ContentProviderOperation.java:347)
10-23 14:55:56.985  1671  2623 W ModernMediaScanner: 	at android.content.ContentProvider.applyBatch(ContentProvider.java:2653)
10-23 14:55:56.985  1671  2623 W ModernMediaScanner: 	at com.android.providers.media.MediaProvider.applyBatch(MediaProvider.java:5339)
10-23 14:55:56.985  1671  2623 W ModernMediaScanner: 	at android.content.ContentProvider.applyBatch(ContentProvider.java:2644)
10-23 14:55:56.985  1671  2623 W ModernMediaScanner: 	at android.content.ContentResolver.applyBatch(ContentResolver.java:2246)
10-23 14:55:56.985  1671  2623 W ModernMediaScanner: 	at com.android.providers.media.scan.ModernMediaScanner$Scan.applyPending(ModernMediaScanner.java:938)
10-23 14:55:56.985  1671  2623 W ModernMediaScanner: 	at com.android.providers.media.scan.ModernMediaScanner$Scan.maybeApplyPending(ModernMediaScanner.java:928)
10-23 14:55:56.985  1671  2623 W ModernMediaScanner: 	at com.android.providers.media.scan.ModernMediaScanner$Scan.visitFile(ModernMediaScanner.java:834)
10-23 14:55:56.985  1671  2623 W ModernMediaScanner: 	at com.android.providers.media.scan.ModernMediaScanner$Scan.visitFile(ModernMediaScanner.java:319)
10-23 14:55:56.985  1671  2623 W ModernMediaScanner: 	at java.nio.file.Files.walkFileTree(Files.java:2670)
10-23 14:55:56.985  1671  2623 W ModernMediaScanner: 	at java.nio.file.Files.walkFileTree(Files.java:2742)
10-23 14:55:56.985  1671  2623 W ModernMediaScanner: 	at com.android.providers.media.scan.ModernMediaScanner$Scan.walkFileTree(ModernMediaScanner.java:435)
10-23 14:55:56.985  1671  2623 W ModernMediaScanner: 	at com.android.providers.media.scan.ModernMediaScanner$Scan.runInternal(ModernMediaScanner.java:398)
10-23 14:55:56.985  1671  2623 W ModernMediaScanner: 	at com.android.providers.media.scan.ModernMediaScanner$Scan.run(ModernMediaScanner.java:387)
10-23 14:55:56.985  1671  2623 W ModernMediaScanner: 	at com.android.providers.media.scan.ModernMediaScanner.scanDirectory(ModernMediaScanner.java:246)
10-23 14:55:56.985  1671  2623 W ModernMediaScanner: 	at com.android.providers.media.MediaProvider.scanDirectory(MediaProvider.java:1939)
10-23 14:55:56.985  1671  2623 W ModernMediaScanner: 	at com.android.providers.media.MediaService.onScanVolume(MediaService.java:204)
10-23 14:55:56.985  1671  2623 W ModernMediaScanner: 	at com.android.providers.media.MediaService.onScanVolume(MediaService.java:172)
10-23 14:55:56.985  1671  2623 W ModernMediaScanner: 	at com.android.providers.media.MediaService.onHandleWork(MediaService.java:95)
10-23 14:55:56.985  1671  2623 W ModernMediaScanner: 	at androidx.core.app.JobIntentService$CommandProcessor.doInBackground(JobIntentService.java:396)
10-23 14:55:56.985  1671  2623 W ModernMediaScanner: 	at androidx.core.app.JobIntentService$CommandProcessor.doInBackground(JobIntentService.java:387)
10-23 14:55:56.985  1671  2623 W ModernMediaScanner: 	at android.os.AsyncTask$3.call(AsyncTask.java:394)
10-23 14:55:56.985  1671  2623 W ModernMediaScanner: 	at java.util.concurrent.FutureTask.run(FutureTask.java:264)
10-23 14:55:56.985  1671  2623 W ModernMediaScanner: 	at java.util.concurrent.ThreadPoolExecutor.runWorker(ThreadPoolExecutor.java:1145)
10-23 14:55:56.985  1671  2623 W ModernMediaScanner: 	at java.util.concurrent.ThreadPoolExecutor$Worker.run(ThreadPoolExecutor.java:644)
10-23 14:55:56.985  1671  2623 W ModernMediaScanner: 	at java.lang.Thread.run(Thread.java:1012)
10-23 14:55:56.987  1671  2623 W ModernMediaScanner: Failed to apply ContentProviderOperation(type=insert uri=content://media/internal/file values={instance_id=null, compilation=null, disc_number=null, duration=1000, is_ringtone=0, album_artist=null, resolution=null, orientation=null, artist=pdx, author=null, height=null, is_drm=0, is_audiobook=0, date_modified=1691194455, writer=null, composer=null, _modifier=3, is_recording=0, datetaken=null, mime_type=audio/ogg, is_notification=1, bitrate=80000, cd_track_number=2dB214a, xmp=[], year=null, _data=/product/media/audio/notifications/arcturus.ogg, _size=7908, album=notifications, genre=null, is_alarm=0, title=Arcturus, track=null, width=null, is_music=0, document_id=null, is_podcast=0, capture_framerate=null, num_tracks=1, original_document_id=null, media_type=2} exceptionAllowed)
10-23 14:55:56.987  1671  2623 W ModernMediaScanner: android.database.sqlite.SQLiteConstraintException: UNIQUE constraint failed: files._data (code 2067 SQLITE_CONSTRAINT_UNIQUE)
10-23 14:55:56.987  1671  2623 W ModernMediaScanner: 	at android.database.sqlite.SQLiteConnection.nativeExecuteForLastInsertedRowId(Native Method)
10-23 14:55:56.987  1671  2623 W ModernMediaScanner: 	at android.database.sqlite.SQLiteConnection.executeForLastInsertedRowId(SQLiteConnection.java:961)
10-23 14:55:56.987  1671  2623 W ModernMediaScanner: 	at android.database.sqlite.SQLiteSession.executeForLastInsertedRowId(SQLiteSession.java:790)
10-23 14:55:56.987  1671  2623 W ModernMediaScanner: 	at android.database.sqlite.SQLiteStatement.executeInsert(SQLiteStatement.java:89)
10-23 14:55:56.987  1671  2623 W ModernMediaScanner: 	at com.android.providers.media.util.DatabaseUtils.executeInsert(DatabaseUtils.java:456)
10-23 14:55:56.987  1671  2623 W ModernMediaScanner: 	at com.android.providers.media.util.SQLiteQueryBuilder.insert(SQLiteQueryBuilder.java:611)
10-23 14:55:56.987  1671  2623 W ModernMediaScanner: 	at com.android.providers.media.util.SQLiteQueryBuilder.lambda$insert$1(SQLiteQueryBuilder.java:575)
10-23 14:55:56.987  1671  2623 W ModernMediaScanner: 	at com.android.providers.media.util.SQLiteQueryBuilder.$r8$lambda$z6PmNgi8nEawad46M5nyYc14aRM(SQLiteQueryBuilder.java:0)
10-23 14:55:56.987  1671  2623 W ModernMediaScanner: 	at com.android.providers.media.util.SQLiteQueryBuilder$$ExternalSyntheticLambda4.apply(R8$$SyntheticClass:0)
10-23 14:55:56.987  1671  2623 W ModernMediaScanner: 	at com.android.providers.media.DatabaseHelper.runWithTransaction(DatabaseHelper.java:850)
10-23 14:55:56.987  1671  2623 W ModernMediaScanner: 	at com.android.providers.media.util.SQLiteQueryBuilder.insert(SQLiteQueryBuilder.java:574)
10-23 14:55:56.987  1671  2623 W ModernMediaScanner: 	at com.android.providers.media.MediaProvider.lambda$insertAllowingUpsert$20(MediaProvider.java:4846)
10-23 14:55:56.987  1671  2623 W ModernMediaScanner: 	at com.android.providers.media.MediaProvider.$r8$lambda$A8_bSAcDGkyGiCcvRo57xoMQkf8(MediaProvider.java:0)
10-23 14:55:56.987  1671  2623 W ModernMediaScanner: 	at com.android.providers.media.MediaProvider$$ExternalSyntheticLambda39.apply(R8$$SyntheticClass:0)
10-23 14:55:56.987  1671  2623 W ModernMediaScanner: 	at com.android.providers.media.DatabaseHelper.runWithTransaction(DatabaseHelper.java:850)
10-23 14:55:56.987  1671  2623 W ModernMediaScanner: 	at com.android.providers.media.MediaProvider.insertAllowingUpsert(MediaProvider.java:4836)
10-23 14:55:56.987  1671  2623 W ModernMediaScanner: 	at com.android.providers.media.MediaProvider.insertFile(MediaProvider.java:4818)
10-23 14:55:56.987  1671  2623 W ModernMediaScanner: 	at com.android.providers.media.MediaProvider.insertInternal(MediaProvider.java:5287)
10-23 14:55:56.987  1671  2623 W ModernMediaScanner: 	at com.android.providers.media.MediaProvider.insert(MediaProvider.java:4980)
10-23 14:55:56.987  1671  2623 W ModernMediaScanner: 	at android.content.ContentProviderOperation.applyInternal(ContentProviderOperation.java:375)
10-23 14:55:56.987  1671  2623 W ModernMediaScanner: 	at android.content.ContentProviderOperation.apply(ContentProviderOperation.java:347)
10-23 14:55:56.987  1671  2623 W ModernMediaScanner: 	at android.content.ContentProvider.applyBatch(ContentProvider.java:2653)
10-23 14:55:56.987  1671  2623 W ModernMediaScanner: 	at com.android.providers.media.MediaProvider.applyBatch(MediaProvider.java:5339)
10-23 14:55:56.987  1671  2623 W ModernMediaScanner: 	at android.content.ContentProvider.applyBatch(ContentProvider.java:2644)
10-23 14:55:56.987  1671  2623 W ModernMediaScanner: 	at android.content.ContentResolver.applyBatch(ContentResolver.java:2246)
10-23 14:55:56.987  1671  2623 W ModernMediaScanner: 	at com.android.providers.media.scan.ModernMediaScanner$Scan.applyPending(ModernMediaScanner.java:938)
10-23 14:55:56.987  1671  2623 W ModernMediaScanner: 	at com.android.providers.media.scan.ModernMediaScanner$Scan.maybeApplyPending(ModernMediaScanner.java:928)
10-23 14:55:56.987  1671  2623 W ModernMediaScanner: 	at com.android.providers.media.scan.ModernMediaScanner$Scan.visitFile(ModernMediaScanner.java:834)
10-23 14:55:56.987  1671  2623 W ModernMediaScanner: 	at com.android.providers.media.scan.ModernMediaScanner$Scan.visitFile(ModernMediaScanner.java:319)
10-23 14:55:56.987  1671  2623 W ModernMediaScanner: 	at java.nio.file.Files.walkFileTree(Files.java:2670)
10-23 14:55:56.987  1671  2623 W ModernMediaScanner: 	at java.nio.file.Files.walkFileTree(Files.java:2742)
10-23 14:55:56.987  1671  2623 W ModernMediaScanner: 	at com.android.providers.media.scan.ModernMediaScanner$Scan.walkFileTree(ModernMediaScanner.java:435)
10-23 14:55:56.987  1671  2623 W ModernMediaScanner: 	at com.android.providers.media.scan.ModernMediaScanner$Scan.runInternal(ModernMediaScanner.java:398)
10-23 14:55:56.987  1671  2623 W ModernMediaScanner: 	at com.android.providers.media.scan.ModernMediaScanner$Scan.run(ModernMediaScanner.java:387)
10-23 14:55:56.987  1671  2623 W ModernMediaScanner: 	at com.android.providers.media.scan.ModernMediaScanner.scanDirectory(ModernMediaScanner.java:246)
10-23 14:55:56.987  1671  2623 W ModernMediaScanner: 	at com.android.providers.media.MediaProvider.scanDirectory(MediaProvider.java:1939)
10-23 14:55:56.987  1671  2623 W ModernMediaScanner: 	at com.android.providers.media.MediaService.onScanVolume(MediaService.java:204)
10-23 14:55:56.987  1671  2623 W ModernMediaScanner: 	at com.android.providers.media.MediaService.onScanVolume(MediaService.java:172)
10-23 14:55:56.987  1671  2623 W ModernMediaScanner: 	at com.android.providers.media.MediaService.onHandleWork(MediaService.java:95)
10-23 14:55:56.987  1671  2623 W ModernMediaScanner: 	at androidx.core.app.JobIntentService$CommandProcessor.doInBackground(JobIntentService.java:396)
10-23 14:55:56.987  1671  2623 W ModernMediaScanner: 	at androidx.core.app.JobIntentService$CommandProcessor.doInBackground(JobIntentService.java:387)
10-23 14:55:56.987  1671  2623 W ModernMediaScanner: 	at android.os.AsyncTask$3.call(AsyncTask.java:394)
10-23 14:55:56.987  1671  2623 W ModernMediaScanner: 	at java.util.concurrent.FutureTask.run(FutureTask.java:264)
10-23 14:55:56.987  1671  2623 W ModernMediaScanner: 	at java.util.concurrent.ThreadPoolExecutor.runWorker(ThreadPoolExecutor.java:1145)
10-23 14:55:56.987  1671  2623 W ModernMediaScanner: 	at java.util.concurrent.ThreadPoolExecutor$Worker.run(ThreadPoolExecutor.java:644)
10-23 14:55:56.987  1671  2623 W ModernMediaScanner: 	at java.lang.Thread.run(Thread.java:1012)
10-23 14:55:57.007  3911  3911 I ViewInteraction: Performing 'single click' action on view view.getId() is <2131230844/com.example.lunchtray:id/cauliflower>
10-23 14:55:57.078   413  1029 D audioserver: FGS Logger Transaction failed
10-23 14:55:57.078   413  1029 D audioserver: -129
10-23 14:55:57.201  5175  5776 I cr_CronetUrlRequestContext: destroyNativeStreamLocked org.chromium.net.impl.CronetBidirectionalStream@1cb5169
10-23 14:55:57.205  5175  5300 W BugleNetwork: RegistrationProvider: Failed to register with Tachyon
10-23 14:55:57.205  5175  5300 W BugleNetwork: ddbe: PERMISSION_DENIED: The caller does not have permission
10-23 14:55:57.205  5175  5300 W BugleNetwork: 	at io.grpc.Status.f(PG:1)
10-23 14:55:57.205  5175  5300 W BugleNetwork: 	at ddxc.a(PG:6)
10-23 14:55:57.205  5175  5300 W BugleNetwork: 	at ddgi.a(PG:3)
10-23 14:55:57.205  5175  5300 W BugleNetwork: 	at ddhf.run(PG:2)
10-23 14:55:57.205  5175  5300 W BugleNetwork: 	at ddqp.run(PG:2)
10-23 14:55:57.205  5175  5300 W BugleNetwork: 	at java.util.concurrent.ThreadPoolExecutor.runWorker(ThreadPoolExecutor.java:1145)
10-23 14:55:57.205  5175  5300 W BugleNetwork: 	at java.util.concurrent.ThreadPoolExecutor$Worker.run(ThreadPoolExecutor.java:644)
10-23 14:55:57.205  5175  5300 W BugleNetwork: 	at java.lang.Thread.run(Thread.java:1012)
10-23 14:55:57.206  5175  5300 W BugleNetwork: RegistrationProvider: Got error in StatusRuntimeException. Notifying tachyon registration error listeners, error: 1, status: PERMISSION_DENIED
10-23 14:55:57.206  5175  5300 W BugleNetwork: ddbe: PERMISSION_DENIED: The caller does not have permission
10-23 14:55:57.206  5175  5300 W BugleNetwork: 	at io.grpc.Status.f(PG:1)
10-23 14:55:57.206  5175  5300 W BugleNetwork: 	at ddxc.a(PG:6)
10-23 14:55:57.206  5175  5300 W BugleNetwork: 	at ddgi.a(PG:3)
10-23 14:55:57.206  5175  5300 W BugleNetwork: 	at ddhf.run(PG:2)
10-23 14:55:57.206  5175  5300 W BugleNetwork: 	at ddqp.run(PG:2)
10-23 14:55:57.206  5175  5300 W BugleNetwork: 	at java.util.concurrent.ThreadPoolExecutor.runWorker(ThreadPoolExecutor.java:1145)
10-23 14:55:57.206  5175  5300 W BugleNetwork: 	at java.util.concurrent.ThreadPoolExecutor$Worker.run(ThreadPoolExecutor.java:644)
10-23 14:55:57.206  5175  5300 W BugleNetwork: 	at java.lang.Thread.run(Thread.java:1012)
10-23 14:55:57.210  5175  5273 I Bugle   : VerifiedSmsEnabledCheckerImpl: VSMS is disabled via Phenotype flag.
10-23 14:55:57.221  3911  4251 D EGL_emulation: app_time_stats: avg=16.90ms min=1.20ms max=249.80ms count=27
10-23 14:55:57.228  5175  5253 I Bugle   : VerifiedSmsStartupTask: Checking if Verified SMS tasks should be enqueued. feature supported: false, feature enabled: false, eligible / has registered key: false, C11N: false
10-23 14:55:57.229  5175  5253 I Bugle   : VerifiedSmsStartupTask: Not enqueuing VSMS periodic task, VSMS is disabled or not supported.
10-23 14:55:57.229  5175  5270 I Bugle   : VerifiedSmsStartupTask: Not calling C11N to get phone numbers.
10-23 14:55:57.259   413   476 D audioserver: FGS Logger Transaction failed
10-23 14:55:57.259   413   476 D audioserver: -129
10-23 14:55:57.277   524   536 W System  : A resource failed to call HardwareBuffer.close.
10-23 14:55:57.277   524   536 W System  : A resource failed to call release.
10-23 14:55:57.280   524   536 W System  : A resource failed to call HardwareBuffer.close.
10-23 14:55:57.324  1671  2623 I MediaProvider: Scanned internal due to REASON_MOUNTED, found 227 items in 47261ms, 222 inserts 5 updates 0 deletes
10-23 14:55:57.337  3911  3911 I ViewInteraction: Performing 'single click' action on view view.getId() is <2131231081/com.example.lunchtray:id/next_button>
10-23 14:55:57.384   870   947 D EGL_emulation: app_time_stats: avg=6.85ms min=0.71ms max=100.71ms count=31
10-23 14:55:57.385  1671  2623 W MediaProvider: Didn't find any volume for getVolume(/product/media/audio/ringtones/Ring_Synth_04.ogg)
10-23 14:55:57.387  1671  2623 I MediaProvider: Open with lower FS for /product/media/audio/ringtones/Ring_Synth_04.ogg. Uid: 10160
10-23 14:55:57.406   413  1029 D audioserver: FGS Logger Transaction failed
10-23 14:55:57.406   413  1029 D audioserver: -129
10-23 14:55:57.407  1468  1468 D BoundBrokerSvc: onUnbind: Intent { act=com.google.android.mdd.service.START dat=chimera-action:/... cmp=com.google.android.gms/.chimera.GmsBoundBrokerService }
10-23 14:55:57.408  1671  2623 W MediaProvider: Didn't find any volume for getVolume(/product/media/audio/notifications/pixiedust.ogg)
10-23 14:55:57.409  1671  2623 I MediaProvider: Open with lower FS for /product/media/audio/notifications/pixiedust.ogg. Uid: 10160
10-23 14:55:57.424  1671  2623 W MediaProvider: Didn't find any volume for getVolume(/product/media/audio/alarms/Alarm_Classic.ogg)
10-23 14:55:57.426  1671  2623 I MediaProvider: Open with lower FS for /product/media/audio/alarms/Alarm_Classic.ogg. Uid: 10160
10-23 14:55:57.460  1671  2623 W MediaProvider: isAppCloneUserPair for user 0: false
10-23 14:55:57.469  1671  2623 W MediaProvider: isAppCloneUserPair for user 0: false
10-23 14:55:57.478  1671  2623 W MediaProvider: isAppCloneUserPair for user 0: false
10-23 14:55:57.487  1671  2623 W MediaProvider: isAppCloneUserPair for user 0: false
10-23 14:55:57.507  1671  1854 E StorageManager: Failed to set extended attributes for /storage/emulated/0/Android to set project id.: Operation not permitted
10-23 14:55:57.509  1671  1854 W MediaProvider: Failed to update quota type for /storage/emulated/0/Android
10-23 14:55:57.509  1671  1854 W MediaProvider: java.io.IOException: Failed to update quota type for /storage/emulated/0/Android
10-23 14:55:57.509  1671  1854 W MediaProvider: 	at android.os.storage.StorageManager.updateExternalStorageFileQuotaType(StorageManager.java:2551)
10-23 14:55:57.509  1671  1854 W MediaProvider: 	at com.android.providers.media.MediaProvider.updateQuotaTypeForFileInternal(MediaProvider.java:882)
10-23 14:55:57.509  1671  1854 W MediaProvider: 	at com.android.providers.media.MediaProvider.updateQuotaTypeForUri(MediaProvider.java:857)
10-23 14:55:57.509  1671  1854 W MediaProvider: 	at com.android.providers.media.MediaProvider.-$$Nest$mupdateQuotaTypeForUri(MediaProvider.java:0)
10-23 14:55:57.509  1671  1854 W MediaProvider: 	at com.android.providers.media.MediaProvider$5.lambda$onInsert$0(MediaProvider.java:916)
10-23 14:55:57.509  1671  1854 W MediaProvider: 	at com.android.providers.media.MediaProvider$5.$r8$lambda$fpXVCCb4tNgN0rBFXazZWCUznbc(MediaProvider.java:0)
10-23 14:55:57.509  1671  1854 W MediaProvider: 	at com.android.providers.media.MediaProvider$5$$ExternalSyntheticLambda1.run(R8$$SyntheticClass:0)
10-23 14:55:57.509  1671  1854 W MediaProvider: 	at android.os.Handler.handleCallback(Handler.java:958)
10-23 14:55:57.509  1671  1854 W MediaProvider: 	at android.os.Handler.dispatchMessage(Handler.java:99)
10-23 14:55:57.509  1671  1854 W MediaProvider: 	at android.os.Looper.loopOnce(Looper.java:205)
10-23 14:55:57.509  1671  1854 W MediaProvider: 	at android.os.Looper.loop(Looper.java:294)
10-23 14:55:57.509  1671  1854 W MediaProvider: 	at android.os.HandlerThread.run(HandlerThread.java:67)
10-23 14:55:57.516  1348  5431 I NetworkScheduler.Stats: Task com.google.android.gms/com.google.android.gms.ipa.base.IpaGcmTaskService started execution. cause:9 exec_start_elapsed_seconds: 97 [CONTEXT service_id=218 ]
10-23 14:55:57.523  1671  1854 E StorageManager: Failed to set extended attributes for /storage/emulated/0/Android/media to set project id.: Operation not permitted
10-23 14:55:57.524  1671  1854 W MediaProvider: Failed to update quota type for /storage/emulated/0/Android/media
10-23 14:55:57.524  1671  1854 W MediaProvider: java.io.IOException: Failed to update quota type for /storage/emulated/0/Android/media
10-23 14:55:57.524  1671  1854 W MediaProvider: 	at android.os.storage.StorageManager.updateExternalStorageFileQuotaType(StorageManager.java:2551)
10-23 14:55:57.524  1671  1854 W MediaProvider: 	at com.android.providers.media.MediaProvider.updateQuotaTypeForFileInternal(MediaProvider.java:882)
10-23 14:55:57.524  1671  1854 W MediaProvider: 	at com.android.providers.media.MediaProvider.updateQuotaTypeForUri(MediaProvider.java:857)
10-23 14:55:57.524  1671  1854 W MediaProvider: 	at com.android.providers.media.MediaProvider.-$$Nest$mupdateQuotaTypeForUri(MediaProvider.java:0)
10-23 14:55:57.524  1671  1854 W MediaProvider: 	at com.android.providers.media.MediaProvider$5.lambda$onInsert$0(MediaProvider.java:916)
10-23 14:55:57.524  1671  1854 W MediaProvider: 	at com.android.providers.media.MediaProvider$5.$r8$lambda$fpXVCCb4tNgN0rBFXazZWCUznbc(MediaProvider.java:0)
10-23 14:55:57.524  1671  1854 W MediaProvider: 	at com.android.providers.media.MediaProvider$5$$ExternalSyntheticLambda1.run(R8$$SyntheticClass:0)
10-23 14:55:57.524  1671  1854 W MediaProvider: 	at android.os.Handler.handleCallback(Handler.java:958)
10-23 14:55:57.524  1671  1854 W MediaProvider: 	at android.os.Handler.dispatchMessage(Handler.java:99)
10-23 14:55:57.524  1671  1854 W MediaProvider: 	at android.os.Looper.loopOnce(Looper.java:205)
10-23 14:55:57.524  1671  1854 W MediaProvider: 	at android.os.Looper.loop(Looper.java:294)
10-23 14:55:57.524  1671  1854 W MediaProvider: 	at android.os.HandlerThread.run(HandlerThread.java:67)
10-23 14:55:57.534  1617  4952 D TrafficStats: tagSocket(5) with statsTag=0xffffffff, statsUid=-1
10-23 14:55:57.586   413   476 D audioserver: FGS Logger Transaction failed
10-23 14:55:57.586   413   476 D audioserver: -129
10-23 14:55:57.612  1348  5367 I NetworkScheduler.Stats: Task com.google.android.gms/com.google.android.gms.ipa.base.IpaGcmTaskService finished executing. cause:9 result: 1 elapsed_millis: 127 uptime_millis: 127 exec_start_elapsed_seconds: 97 [CONTEXT service_id=218 ]
10-23 14:55:57.690  1671  2623 W MediaProvider: isAppCloneUserPair for user 0: false
10-23 14:55:57.692  1671  2623 W MediaProvider: isAppCloneUserPair for user 0: false
10-23 14:55:57.699  3041  3041 I Finsky  : [2] zgz.f(9): SU: Received onStateUpdate with status: 2
10-23 14:55:57.700  1671  2623 I MediaProvider: Scanned external_primary due to REASON_MOUNTED, found 19 items in 255ms, 6 inserts 0 updates 0 deletes
10-23 14:55:57.702  1671  2623 I MediaProvider: End Intent { act=com.android.providers.media.action.SCAN_VOLUME (has extras) }
10-23 14:55:57.704  1671  2623 I MediaProvider: Begin Intent { act=com.android.providers.media.action.SCAN_VOLUME (has extras) }
10-23 14:55:57.707  1671  2623 W ModernMediaScanner: Failed to visit /system/media: java.nio.file.NoSuchFileException: /system/media
10-23 14:55:57.709  4000  4153 I Finsky:background: [51] uhk.g(12): All invisible downloads are finished.
10-23 14:55:57.709  4000  4153 I Finsky:background: [51] ndd.c(1): Stopping invisible download job
10-23 14:55:57.710  1671  2623 I MediaProvider: Scanned internal due to REASON_MOUNTED, found 0 items in 3ms, 0 inserts 0 updates 0 deletes
10-23 14:55:57.711  4000  4000 I Finsky:background: [2] ysr.run(31): Job 40-9998 is canceled while running
10-23 14:55:57.711  4000  4000 I Finsky:background: [2] yse.s(4): SCH: jobStopped: 40-9998. TimeElapsed: 11985ms. EventType: 2544
10-23 14:55:57.712  1671  2623 W ModernMediaScanner: Failed to visit /oem/media: java.nio.file.NoSuchFileException: /oem/media
10-23 14:55:57.712  1671  2623 I MediaProvider: Scanned internal due to REASON_MOUNTED, found 0 items in 0ms, 0 inserts 0 updates 0 deletes
10-23 14:55:57.714  3041  3041 I Finsky  : [2] DownloadServiceReceiver.c(4): DSR: Download completion broadcast received by main process
10-23 14:55:57.714  3041  3041 I Finsky  : [2] zgz.f(9): SU: Received onStateUpdate with status: 3
10-23 14:55:57.715  3041  3041 I Finsky  : [2] alvu.e(2): unregisterListener
10-23 14:55:57.727  4000  5508 I Finsky:background: [65] ysq.apply(15): SCH: Canceling job 40-9998
10-23 14:55:57.735  3041  3041 I Finsky  : [2] alvu.d(2): registerListener
10-23 14:55:57.735  3041  3041 I Finsky  : [2] ste.p(1): enqueue()
10-23 14:55:57.743  3041  3041 I Finsky  : [2] alvu.d(2): registerListener
10-23 14:55:57.743  3041  3041 I Finsky  : [2] ste.p(1): enqueue()
10-23 14:55:57.743  4000  5515 I Finsky:background: [70] ysb.a(2): SCH: no pending jobs to schedule.
10-23 14:55:57.744  4000  5542 I Finsky:background: [81] ytn.a(16): SCH: job service finished with id 10001.
10-23 14:55:57.746  4000  5498 I Finsky:background: [63] mzs.e(12): enqueue(request_id=2, files_to_download=1, context[group_id=Google Play], display_data[invisible=true, title=Google Play], network_restrictions=4)
10-23 14:55:57.754  4000  4876 I Finsky:background: [56] ysb.a(2): SCH: no pending jobs to schedule.
10-23 14:55:57.762  3041  3041 I Finsky  : [2] alvu.d(2): registerListener
10-23 14:55:57.762  3041  3041 I Finsky  : [2] ste.p(1): enqueue()
10-23 14:55:57.767  4000  5527 I Finsky:background: [75] ysb.a(2): SCH: no pending jobs to schedule.
10-23 14:55:57.767  4000  5542 I Finsky:background: [81] ytn.a(16): SCH: job service finished with id 10000.
10-23 14:55:57.774  1348  3945 I NetworkScheduler.Stats: Task com.google.android.gms/com.google.android.gms.ipa.base.IpaGcmTaskService started execution. cause:9 exec_start_elapsed_seconds: 98 [CONTEXT service_id=218 ]
10-23 14:55:57.777  4000  5498 I Finsky:background: [63] mzs.e(12): enqueue(request_id=3, files_to_download=1, context[group_id=Google Play], display_data[invisible=true, title=Google Play], network_restrictions=4)
10-23 14:55:57.787  1348  5367 I NetworkScheduler.Stats: Task com.google.android.gms/com.google.android.gms.ipa.base.IpaGcmTaskService finished executing. cause:9 result: 1 elapsed_millis: 39 uptime_millis: 39 exec_start_elapsed_seconds: 98 [CONTEXT service_id=218 ]
10-23 14:55:57.789  4000  4153 I Finsky:background: [51] ndd.b(1): Starting invisible download job
10-23 14:55:57.789  4000  5498 I Finsky:background: [63] mzs.e(12): enqueue(request_id=4, files_to_download=1, context[group_id=Google Play], display_data[invisible=true, title=Google Play], network_restrictions=4)
10-23 14:55:57.790  3041  3041 I Finsky  : [2] alvu.d(2): registerListener
10-23 14:55:57.790  3041  3041 I Finsky  : [2] ste.p(1): enqueue()
10-23 14:55:57.800  3041  3041 I Finsky  : [2] zgz.f(9): SU: Received onStateUpdate with status: 1
10-23 14:55:57.806  4000  5498 I Finsky:background: [63] mzs.e(12): enqueue(request_id=5, files_to_download=1, context[group_id=Google Play], display_data[invisible=true, title=Google Play], network_restrictions=4)
10-23 14:55:57.808  3041  3041 I Finsky  : [2] zgz.f(9): SU: Received onStateUpdate with status: 2
10-23 14:55:57.812  4000  5513 I Finsky:background: [69] yau.I(2): Reading task has started.
10-23 14:55:57.812  4000  5511 I Finsky:background: [67] yau.J(2): Writing task has started.
10-23 14:55:57.813  4000  5513 I Finsky:background: [69] yau.C(22): Open stream from https://play.googleapis.com/download/by-token/download?token=AOTCm0Tk1yGHMrexwf0K9WsURSKGPrHACh2NVtM0gWwgOQ81Ong6m8ec_XiiBtjSNvNBA3cLrC-6ZDAk9nFw36lkJxtByttR559HogW8E6zuL5S2m7UmOYdpcWuYPJ4geceNzAhA3LC-BNJZV5C68bDidy_M-K8g-JFLmdoQLoRf72p6BS2AVXwDP_rka4FSOmERwzUG_K2pCyC-SXbMxFx_r5fxcPWKX75hbaxs99nvN_wwF6rx6T8bPvHh0Ck_pkTUO7Ihxjls3dxI-33R_ba2fWf-cxlb4q6pjoMnUDNqmTLpZnB2QlOoNr41HVJpizbfBCWb49tJeMUh2wJhOKdpVwEx7wPeCPASJFgoqctOtbaxS4hMH0RtSlJXTxJoGYbwDxVHWcMP7boy2BXrxK6msnqnxoxMSiuwm1A&cpn=uObUKBl9-WeBZtTE&isid=1YF-AYnjTWucb4yiqPic_Q&isbg=1 [byteRangeStart=0-byteRangeStop=0]
10-23 14:55:57.821  3041  3041 I Finsky  : [2] zgz.f(9): SU: Received onStateUpdate with status: 1
10-23 14:55:57.828  4000  5513 D TrafficStats: tagSocket(86) with statsTag=0xffffffff, statsUid=-1
10-23 14:55:57.835  4000  4835 I Finsky:background: [53] ycx.accept(55): SCH: Scheduling phonesky job Id: 40-9998, CT: 1698072957792, Constraints: [{ L: 0, D: 86400000, C: 1, I: 1, N: 1 }, { L: 0, D: 0, C: 1, I: 1, N: 0 }]
10-23 14:55:57.837   870   870 D StatusBarIconController: ignoring old pipeline callbacks, because the new mobile icons are enabled
10-23 14:55:57.837  3041  3041 I Finsky  : [2] zgz.f(9): SU: Received onStateUpdate with status: 1
10-23 14:55:57.842  4000  5513 W ding:background: Accessing hidden method Lcom/android/org/conscrypt/ConscryptEngineSocket;->setUseSessionTickets(Z)V (max-target-q,core-platform-api, reflection, denied)
10-23 14:55:57.842  4000  5513 W ding:background: Accessing hidden method Lcom/android/org/conscrypt/OpenSSLSocketImpl;->setUseSessionTickets(Z)V (max-target-q,core-platform-api, reflection, denied)
10-23 14:55:57.842  4000  5513 W ding:background: Accessing hidden method Lcom/android/org/conscrypt/AbstractConscryptSocket;->setUseSessionTickets(Z)V (max-target-q, reflection, denied)
10-23 14:55:57.842  4000  5513 W ding:background: Accessing hidden method Lcom/android/org/conscrypt/ConscryptEngineSocket;->setHostname(Ljava/lang/String;)V (max-target-q,core-platform-api, reflection, denied)
10-23 14:55:57.842  4000  5513 W ding:background: Accessing hidden method Lcom/android/org/conscrypt/OpenSSLSocketImpl;->setHostname(Ljava/lang/String;)V (max-target-q,core-platform-api, reflection, denied)
10-23 14:55:57.842  4000  5513 W ding:background: Accessing hidden method Lcom/android/org/conscrypt/AbstractConscryptSocket;->setHostname(Ljava/lang/String;)V (max-target-q, reflection, denied)
10-23 14:55:57.842  4000  5513 W ding:background: Accessing hidden method Lcom/android/org/conscrypt/OpenSSLSocketImpl;->setAlpnProtocols([B)V (max-target-q,core-platform-api, reflection, denied)
10-23 14:55:57.842  4000  5513 W ding:background: Accessing hidden method Lcom/android/org/conscrypt/AbstractConscryptSocket;->setAlpnProtocols([B)V (max-target-q, reflection, denied)
10-23 14:55:57.847  4000  5515 I Finsky:background: [70] ycy.apply(69): SCH: Scheduling 2 system job(s)
10-23 14:55:57.850   870   947 D EGL_emulation: app_time_stats: avg=239.96ms min=17.61ms max=1359.87ms count=7
10-23 14:55:57.851  4000  5515 I Finsky:background: [70] ysd.d(4): SCH: Scheduling system job Id: 10002, L: 0, D: 86399945, C: false, I: false, N: 1
10-23 14:55:57.854  3041  3041 I Finsky  : [2] zgz.f(9): SU: Received onStateUpdate with status: 1
10-23 14:55:57.863  4000  4000 I Finsky:background: [2] ytn.onStartJob(4): SCH: job service start with id 10002.
10-23 14:55:57.864  4000  5515 I Finsky:background: [70] ycy.apply(85): SCH: Scheduling expedited system job 10003
10-23 14:55:57.874  4000  5508 I Finsky:background: [65] ycw.a(35): SCH: Satisfied jobs for 10002 are: 40-9998
10-23 14:55:57.877  4000  5542 I Finsky:background: [81] yrd.accept(66): SCH: Job 40-9998 starting
10-23 14:55:57.879  4000  4000 I Finsky:background: [2] InvisibleRunJob.v(1): Running InvisibleRunJob
10-23 14:55:57.882  4000  5513 W ding:background: Accessing hidden method Lcom/android/org/conscrypt/OpenSSLSocketImpl;->getAlpnSelectedProtocol()[B (max-target-q,core-platform-api, reflection, denied)
10-23 14:55:57.882  4000  5513 W ding:background: Accessing hidden method Lcom/android/org/conscrypt/AbstractConscryptSocket;->getAlpnSelectedProtocol()[B (max-target-q, reflection, denied)
10-23 14:55:57.893  4000  4000 I Finsky:background: [2] ytn.onStartJob(4): SCH: job service start with id 10003.
10-23 14:55:57.906  4000  5508 I Finsky:background: [65] ycw.a(35): SCH: Satisfied jobs for 10003 are: 40-9998
10-23 14:55:57.921  4000  5513 D TrafficStats: tagSocket(83) with statsTag=0xffffffff, statsUid=-1
10-23 14:55:57.929  4000  5513 W ding:background: Accessing hidden method Lcom/android/org/conscrypt/ConscryptEngineSocket;->setUseSessionTickets(Z)V (max-target-q,core-platform-api, reflection, denied)
10-23 14:55:57.929  4000  5513 W ding:background: Accessing hidden method Lcom/android/org/conscrypt/OpenSSLSocketImpl;->setUseSessionTickets(Z)V (max-target-q,core-platform-api, reflection, denied)
10-23 14:55:57.929  4000  5513 W ding:background: Accessing hidden method Lcom/android/org/conscrypt/AbstractConscryptSocket;->setUseSessionTickets(Z)V (max-target-q, reflection, denied)
10-23 14:55:57.929  4000  5513 W ding:background: Accessing hidden method Lcom/android/org/conscrypt/ConscryptEngineSocket;->setHostname(Ljava/lang/String;)V (max-target-q,core-platform-api, reflection, denied)
10-23 14:55:57.929  4000  5513 W ding:background: Accessing hidden method Lcom/android/org/conscrypt/OpenSSLSocketImpl;->setHostname(Ljava/lang/String;)V (max-target-q,core-platform-api, reflection, denied)
10-23 14:55:57.929  4000  5513 W ding:background: Accessing hidden method Lcom/android/org/conscrypt/AbstractConscryptSocket;->setHostname(Ljava/lang/String;)V (max-target-q, reflection, denied)
10-23 14:55:57.929  4000  5513 W ding:background: Accessing hidden method Lcom/android/org/conscrypt/OpenSSLSocketImpl;->setAlpnProtocols([B)V (max-target-q,core-platform-api, reflection, denied)
10-23 14:55:57.929  4000  5513 W ding:background: Accessing hidden method Lcom/android/org/conscrypt/AbstractConscryptSocket;->setAlpnProtocols([B)V (max-target-q, reflection, denied)
10-23 14:55:57.940  3911  3911 I ViewInteraction: Performing 'single click' action on view view.getId() is <2131231138/com.example.lunchtray:id/salad>
10-23 14:55:57.947  4000  5513 W ding:background: Accessing hidden method Lcom/android/org/conscrypt/OpenSSLSocketImpl;->getAlpnSelectedProtocol()[B (max-target-q,core-platform-api, reflection, denied)
10-23 14:55:57.947  4000  5513 W ding:background: Accessing hidden method Lcom/android/org/conscrypt/AbstractConscryptSocket;->getAlpnSelectedProtocol()[B (max-target-q, reflection, denied)
10-23 14:55:57.985  3041  3041 I Finsky  : [2] zgz.f(9): SU: Received onStateUpdate with status: 2
10-23 14:55:58.010   413  1029 D audioserver: FGS Logger Transaction failed
10-23 14:55:58.010   413  1029 D audioserver: -129
10-23 14:55:58.023  3041  3041 I Finsky  : [2] zgz.f(9): SU: Received onStateUpdate with status: 2
10-23 14:55:58.028  3041  3041 I Finsky  : [2] DownloadServiceReceiver.c(4): DSR: Download completion broadcast received by main process
10-23 14:55:58.028  3041  3041 I Finsky  : [2] zgz.f(9): SU: Received onStateUpdate with status: 3
10-23 14:55:58.029  3041  3041 I Finsky  : [2] alvu.e(2): unregisterListener
10-23 14:55:58.039  4000  5511 I Finsky:background: [67] yau.I(2): Reading task has started.
10-23 14:55:58.039  4000  5511 I Finsky:background: [67] yau.C(22): Open stream from https://play.googleapis.com/download/by-token/download?token=AOTCm0QxiEpiT3TVj3bHq1tVAz_XdtxXvNrfhOpfmmc7dnrPHsHXBJquLCP8YBR5uJSGsp_BIxv2Hin2a7pV8oJ0VshRxgrCGn5uPN_uKArIrVgbex--bHxlevXuzzYj2gvicH0zeQzQaZVfAahuYPOWrHFVKuf9WktQ9Duix2WohGC4EyqRqSeUCwi_colIKnVZpv9ZBMXM4xoOSyZFdfDDrsspRYCOREy-T2vSodfHkooWgd463gGyYnf4fqCWCsSH4FQNfT7uMKAtjlAO00vCsr4Z0gfmxtfB0dXNFe-2xiznfGjBpfOXTKci_3FvdCP9eV104ac2cXCGxT9wiTq4fi6Xb27LATJqHS0E1rqag9hZNkBa0yVITRTjmV1NIwqsfsODL_TVwENc8C0LvMzcRQFmA86bttcb6rtlLJIXBo8&cpn=s2tMPiBGkOaWu0mN&isid=1YF-AYnjTWucb4yiqPic_Q&isbg=1 [byteRangeStart=0-byteRangeStop=0]
10-23 14:55:58.040  4000  5512 I Finsky:background: [68] yau.J(2): Writing task has started.
10-23 14:55:58.041  4000  5511 D TrafficStats: tagSocket(82) with statsTag=0xffffffff, statsUid=-1
10-23 14:55:58.044  3041  3041 I Finsky  : [2] zgz.f(9): SU: Received onStateUpdate with status: 2
10-23 14:55:58.051  4000  5511 W ding:background: Accessing hidden method Lcom/android/org/conscrypt/ConscryptEngineSocket;->setUseSessionTickets(Z)V (max-target-q,core-platform-api, reflection, denied)
10-23 14:55:58.051  4000  5511 W ding:background: Accessing hidden method Lcom/android/org/conscrypt/OpenSSLSocketImpl;->setUseSessionTickets(Z)V (max-target-q,core-platform-api, reflection, denied)
10-23 14:55:58.051  4000  5511 W ding:background: Accessing hidden method Lcom/android/org/conscrypt/AbstractConscryptSocket;->setUseSessionTickets(Z)V (max-target-q, reflection, denied)
10-23 14:55:58.051  4000  5511 W ding:background: Accessing hidden method Lcom/android/org/conscrypt/ConscryptEngineSocket;->setHostname(Ljava/lang/String;)V (max-target-q,core-platform-api, reflection, denied)
10-23 14:55:58.051  4000  5511 W ding:background: Accessing hidden method Lcom/android/org/conscrypt/OpenSSLSocketImpl;->setHostname(Ljava/lang/String;)V (max-target-q,core-platform-api, reflection, denied)
10-23 14:55:58.051  4000  5511 W ding:background: Accessing hidden method Lcom/android/org/conscrypt/AbstractConscryptSocket;->setHostname(Ljava/lang/String;)V (max-target-q, reflection, denied)
10-23 14:55:58.051  4000  5511 W ding:background: Accessing hidden method Lcom/android/org/conscrypt/OpenSSLSocketImpl;->setAlpnProtocols([B)V (max-target-q,core-platform-api, reflection, denied)
10-23 14:55:58.051  4000  5511 W ding:background: Accessing hidden method Lcom/android/org/conscrypt/AbstractConscryptSocket;->setAlpnProtocols([B)V (max-target-q, reflection, denied)
10-23 14:55:58.075  4000  5511 W ding:background: Accessing hidden method Lcom/android/org/conscrypt/OpenSSLSocketImpl;->getAlpnSelectedProtocol()[B (max-target-q,core-platform-api, reflection, denied)
10-23 14:55:58.075  4000  5511 W ding:background: Accessing hidden method Lcom/android/org/conscrypt/AbstractConscryptSocket;->getAlpnSelectedProtocol()[B (max-target-q, reflection, denied)
10-23 14:55:58.125  4000  5511 D TrafficStats: tagSocket(82) with statsTag=0xffffffff, statsUid=-1
10-23 14:55:58.134  4000  5511 W ding:background: Accessing hidden method Lcom/android/org/conscrypt/ConscryptEngineSocket;->setUseSessionTickets(Z)V (max-target-q,core-platform-api, reflection, denied)
10-23 14:55:58.134  4000  5511 W ding:background: Accessing hidden method Lcom/android/org/conscrypt/OpenSSLSocketImpl;->setUseSessionTickets(Z)V (max-target-q,core-platform-api, reflection, denied)
10-23 14:55:58.134  4000  5511 W ding:background: Accessing hidden method Lcom/android/org/conscrypt/AbstractConscryptSocket;->setUseSessionTickets(Z)V (max-target-q, reflection, denied)
10-23 14:55:58.134  4000  5511 W ding:background: Accessing hidden method Lcom/android/org/conscrypt/ConscryptEngineSocket;->setHostname(Ljava/lang/String;)V (max-target-q,core-platform-api, reflection, denied)
10-23 14:55:58.134  4000  5511 W ding:background: Accessing hidden method Lcom/android/org/conscrypt/OpenSSLSocketImpl;->setHostname(Ljava/lang/String;)V (max-target-q,core-platform-api, reflection, denied)
10-23 14:55:58.134  4000  5511 W ding:background: Accessing hidden method Lcom/android/org/conscrypt/AbstractConscryptSocket;->setHostname(Ljava/lang/String;)V (max-target-q, reflection, denied)
10-23 14:55:58.134  4000  5511 W ding:background: Accessing hidden method Lcom/android/org/conscrypt/OpenSSLSocketImpl;->setAlpnProtocols([B)V (max-target-q,core-platform-api, reflection, denied)
10-23 14:55:58.134  4000  5511 W ding:background: Accessing hidden method Lcom/android/org/conscrypt/AbstractConscryptSocket;->setAlpnProtocols([B)V (max-target-q, reflection, denied)
10-23 14:55:58.150  4000  5511 W ding:background: Accessing hidden method Lcom/android/org/conscrypt/OpenSSLSocketImpl;->getAlpnSelectedProtocol()[B (max-target-q,core-platform-api, reflection, denied)
10-23 14:55:58.150  4000  5511 W ding:background: Accessing hidden method Lcom/android/org/conscrypt/AbstractConscryptSocket;->getAlpnSelectedProtocol()[B (max-target-q, reflection, denied)
10-23 14:55:58.178  3041  3041 I Finsky  : [2] zgz.f(9): SU: Received onStateUpdate with status: 2
10-23 14:55:58.194   413   476 D audioserver: FGS Logger Transaction failed
10-23 14:55:58.194   413   476 D audioserver: -129
10-23 14:55:58.235  3911  4251 D EGL_emulation: app_time_stats: avg=9.19ms min=1.26ms max=166.45ms count=32
10-23 14:55:58.270  3911  3911 I ViewInteraction: Checking 'MatchesViewAssertion{viewMatcher=an instance of android.widget.TextView and view.getText() with or without transformation to match: a string containing "Subtotal: $9.50"}' assertion on view view.getId() is <2131231217/com.example.lunchtray:id/subtotal>
10-23 14:55:58.272  3911  3911 I ViewInteraction: Performing 'single click' action on view view.getId() is <2131231081/com.example.lunchtray:id/next_button>
10-23 14:55:58.338   413  1029 D audioserver: FGS Logger Transaction failed
10-23 14:55:58.338   413  1029 D audioserver: -129
10-23 14:55:58.392  5175  5175 I BugleDataModel: ActionExecutorImpl: Timestamp for ACTION_EXECUTE_QUEUED_FixupMessageStatusOnStartupAction elapsedRealTime: 98843 currentTimeMillis: 1698072958392
10-23 14:55:58.394  5175  5175 I BugleDataModel: ActionExecutorImpl: Timestamp for ACTION_EXECUTE_QUEUED_ProcessPendingMessagesAction elapsedRealTime: 98845 currentTimeMillis: 1698072958394
10-23 14:55:58.401  5175  5273 I BugleDataModel: FixupMessageStatusOnStartupAction: sendFailedCnt: 0, downloadFailedCnt: 0, partsProcessingFailedCnt: 0
10-23 14:55:58.416  5175  5273 I BugleDataModel: PendingMessagesProcessor: process from FixupMessageStatusOnStartupAction due to connectivity changed with delay 0 with queues:
10-23 14:55:58.416  5175  5273 I BugleDataModel: ProcessPendingMessagesTimers: cleared next retry time for channel sms_send
10-23 14:55:58.416  5175  5273 I BugleDataModel: ProcessPendingMessagesTimers: cleared next retry time for channel mms_send
10-23 14:55:58.416  5175  5273 I BugleDataModel: ProcessPendingMessagesTimers: cleared next retry time for channel mms_download
10-23 14:55:58.416  5175  5273 I BugleDataModel: ProcessPendingMessagesTimers: cleared next retry time for channel rcs_send
10-23 14:55:58.416  5175  5273 I BugleDataModel: ProcessPendingMessagesTimers: cleared next retry time for channel rcs_ft_upload
10-23 14:55:58.416  5175  5273 I BugleDataModel: ProcessPendingMessagesTimers: cleared next retry time for channel rcs_ft_download
