10-23 14:55:38.411  5002  5074 E gs.intelligence: No package ID ff found for resource ID 0xffffffff.
10-23 14:55:38.411  5002  5074 E gs.intelligence: No package ID ff found for resource ID 0xffffffff.
10-23 14:55:38.411  5002  5074 E gs.intelligence: No package ID ff found for resource ID 0xffffffff.
10-23 14:55:38.411  5002  5074 E gs.intelligence: No package ID ff found for resource ID 0xffffffff.
10-23 14:55:38.411  5002  5074 E gs.intelligence: No package ID ff found for resource ID 0xffffffff.
10-23 14:55:38.411  5002  5074 E gs.intelligence: No package ID ff found for resource ID 0xffffffff.
10-23 14:55:38.411  5002  5074 E gs.intelligence: No package ID ff found for resource ID 0xffffffff.
10-23 14:55:38.411  5002  5074 E gs.intelligence: No package ID ff found for resource ID 0xffffffff.
10-23 14:55:38.411  5002  5074 E gs.intelligence: No package ID ff found for resource ID 0xffffffff.
10-23 14:55:38.412  5002  5074 E gs.intelligence: No package ID ff found for resource ID 0xffffffff.
10-23 14:55:38.412  5002  5074 E gs.intelligence: No package ID ff found for resource ID 0xffffffff.
10-23 14:55:38.412  5002  5074 E gs.intelligence: No package ID ff found for resource ID 0xffffffff.
10-23 14:55:38.412  5002  5074 E gs.intelligence: No package ID ff found for resource ID 0xffffffff.
10-23 14:55:38.412  5002  5074 E gs.intelligence: No package ID ff found for resource ID 0xffffffff.
10-23 14:55:38.412  5002  5074 E gs.intelligence: No package ID ff found for resource ID 0xffffffff.
10-23 14:55:38.412  5002  5074 E gs.intelligence: No package ID ff found for resource ID 0xffffffff.
10-23 14:55:38.412  5002  5074 E gs.intelligence: No package ID ff found for resource ID 0xffffffff.
10-23 14:55:38.413  3911  3911 D LifecycleMonitor: Lifecycle status change: androidx.fragment.app.testing.FragmentScenario$EmptyFragmentActivity@fbbc385 in: PRE_ON_CREATE
10-23 14:55:38.413  5002  5074 E gs.intelligence: No package ID ff found for resource ID 0xffffffff.
10-23 14:55:38.413  3911  3911 V ActivityScenario: Activity lifecycle changed event received but ignored because the reported transition was not ON_CREATE while the last known transition was DESTROYED
10-23 14:55:38.413  5002  5074 E gs.intelligence: No package ID ff found for resource ID 0xffffffff.
10-23 14:55:38.414  5002  5074 E gs.intelligence: No package ID ff found for resource ID 0xffffffff.
10-23 14:55:38.414  5002  5074 E gs.intelligence: No package ID ff found for resource ID 0xffffffff.
10-23 14:55:38.414  3911  3911 V ActivityScenario: Activity lifecycle changed event received but ignored because the reported transition was not ON_CREATE while the last known transition was DESTROYED
10-23 14:55:38.414  5002  5074 E gs.intelligence: No package ID ff found for resource ID 0xffffffff.
10-23 14:55:38.414  5002  5074 E gs.intelligence: No package ID ff found for resource ID 0xffffffff.
10-23 14:55:38.414  5002  5074 E gs.intelligence: No package ID ff found for resource ID 0xffffffff.
10-23 14:55:38.414  3911  3911 V ActivityScenario: Activity lifecycle changed event received but ignored because the reported transition was not ON_CREATE while the last known transition was DESTROYED
10-23 14:55:38.414  3911  3911 V ActivityScenario: Activity lifecycle changed event received but ignored because the reported transition was not ON_CREATE while the last known transition was DESTROYED
10-23 14:55:38.414  3911  3911 V ActivityScenario: Activity lifecycle changed event received but ignored because the reported transition was not ON_CREATE while the last known transition was DESTROYED
10-23 14:55:38.414  5002  5074 E gs.intelligence: No package ID ff found for resource ID 0xffffffff.
10-23 14:55:38.414  5002  5074 E gs.intelligence: No package ID ff found for resource ID 0xffffffff.
10-23 14:55:38.414  5002  5074 E gs.intelligence: No package ID ff found for resource ID 0xffffffff.
10-23 14:55:38.414  3911  3911 V ActivityScenario: Activity lifecycle changed event received but ignored because the reported transition was not ON_CREATE while the last known transition was DESTROYED
10-23 14:55:38.414  5002  5074 E gs.intelligence: No package ID ff found for resource ID 0xffffffff.
10-23 14:55:38.414  5002  5074 E gs.intelligence: No package ID ff found for resource ID 0xffffffff.
10-23 14:55:38.414  5002  5074 E gs.intelligence: No package ID ff found for resource ID 0xffffffff.
10-23 14:55:38.414  5002  5074 E gs.intelligence: No package ID ff found for resource ID 0xffffffff.
10-23 14:55:38.414  3911  3911 V ActivityScenario: Activity lifecycle changed event received but ignored because the reported transition was not ON_CREATE while the last known transition was PRE_ON_CREATE
10-23 14:55:38.414  5002  5074 E gs.intelligence: No package ID ff found for resource ID 0xffffffff.
10-23 14:55:38.414  5002  5074 E gs.intelligence: No package ID ff found for resource ID 0xffffffff.
10-23 14:55:38.414  5002  5074 E gs.intelligence: No package ID ff found for resource ID 0xffffffff.
10-23 14:55:38.414  5002  5074 E gs.intelligence: No package ID ff found for resource ID 0xffffffff.
10-23 14:55:38.415  5002  5074 E gs.intelligence: No package ID ff found for resource ID 0xffffffff.
10-23 14:55:38.416  5002  5074 E gs.intelligence: No package ID ff found for resource ID 0xffffffff.
10-23 14:55:38.416  5002  5074 E gs.intelligence: No package ID ff found for resource ID 0xffffffff.
10-23 14:55:38.416  5002  5074 E gs.intelligence: No package ID ff found for resource ID 0xffffffff.
10-23 14:55:38.416  5002  5074 E gs.intelligence: No package ID ff found for resource ID 0xffffffff.
10-23 14:55:38.416  5002  5074 E gs.intelligence: No package ID ff found for resource ID 0xffffffff.
10-23 14:55:38.416  5002  5074 E gs.intelligence: No package ID ff found for resource ID 0xffffffff.
10-23 14:55:38.416  5002  5074 E gs.intelligence: No package ID ff found for resource ID 0xffffffff.
10-23 14:55:38.416  5002  5074 E gs.intelligence: No package ID ff found for resource ID 0xffffffff.
10-23 14:55:38.416  5002  5074 E gs.intelligence: No package ID ff found for resource ID 0xffffffff.
10-23 14:55:38.416  5002  5074 E gs.intelligence: No package ID ff found for resource ID 0xffffffff.
10-23 14:55:38.416  5002  5074 E gs.intelligence: No package ID ff found for resource ID 0xffffffff.
10-23 14:55:38.416  5002  5074 E gs.intelligence: No package ID ff found for resource ID 0xffffffff.
10-23 14:55:38.416  5002  5074 E gs.intelligence: No package ID ff found for resource ID 0xffffffff.
10-23 14:55:38.416  5002  5074 E gs.intelligence: No package ID ff found for resource ID 0xffffffff.
10-23 14:55:38.417  5002  5074 E gs.intelligence: No package ID ff found for resource ID 0xffffffff.
10-23 14:55:38.417  5002  5074 E gs.intelligence: No package ID ff found for resource ID 0xffffffff.
10-23 14:55:38.417  5002  5074 E gs.intelligence: No package ID ff found for resource ID 0xffffffff.
10-23 14:55:38.417  5002  5074 E gs.intelligence: No package ID ff found for resource ID 0xffffffff.
10-23 14:55:38.417  5002  5074 E gs.intelligence: No package ID ff found for resource ID 0xffffffff.
10-23 14:55:38.417  5002  5074 E gs.intelligence: No package ID ff found for resource ID 0xffffffff.
10-23 14:55:38.418  5002  5074 E gs.intelligence: No package ID ff found for resource ID 0xffffffff.
10-23 14:55:38.418  5002  5074 E gs.intelligence: No package ID ff found for resource ID 0xffffffff.
10-23 14:55:38.418  5002  5074 E gs.intelligence: No package ID ff found for resource ID 0xffffffff.
10-23 14:55:38.418  5002  5074 E gs.intelligence: No package ID ff found for resource ID 0xffffffff.
10-23 14:55:38.418  5002  5074 E gs.intelligence: No package ID ff found for resource ID 0xffffffff.
10-23 14:55:38.418  5002  5074 E gs.intelligence: No package ID ff found for resource ID 0xffffffff.
10-23 14:55:38.419  5002  5074 W IndexDataConverter: Skipping index for null-key item IndexData.Builder {title: Certificate management app,package: com.android.settings}
10-23 14:55:38.419  5002  5074 E gs.intelligence: No package ID ff found for resource ID 0xffffffff.
10-23 14:55:38.419  5002  5074 E gs.intelligence: No package ID ff found for resource ID 0xffffffff.
10-23 14:55:38.419  5002  5074 E gs.intelligence: No package ID ff found for resource ID 0xffffffff.
10-23 14:55:38.419  5002  5074 E gs.intelligence: No package ID ff found for resource ID 0xffffffff.
10-23 14:55:38.419  5002  5074 E gs.intelligence: No package ID ff found for resource ID 0xffffffff.
10-23 14:55:38.419  5002  5074 E gs.intelligence: No package ID ff found for resource ID 0xffffffff.
10-23 14:55:38.420  5002  5074 E gs.intelligence: No package ID ff found for resource ID 0xffffffff.
10-23 14:55:38.420  5002  5074 E gs.intelligence: No package ID ff found for resource ID 0xffffffff.
10-23 14:55:38.420  5002  5074 E gs.intelligence: No package ID ff found for resource ID 0xffffffff.
10-23 14:55:38.420  5002  5074 E gs.intelligence: No package ID ff found for resource ID 0xffffffff.
10-23 14:55:38.420  5002  5074 E gs.intelligence: No package ID ff found for resource ID 0xffffffff.
10-23 14:55:38.420  5002  5074 E gs.intelligence: No package ID ff found for resource ID 0xffffffff.
10-23 14:55:38.420  5002  5074 E gs.intelligence: No package ID ff found for resource ID 0xffffffff.
10-23 14:55:38.420  5002  5074 E gs.intelligence: No package ID ff found for resource ID 0xffffffff.
10-23 14:55:38.420  5002  5074 E gs.intelligence: No package ID ff found for resource ID 0xffffffff.
10-23 14:55:38.420  5002  5074 E gs.intelligence: No package ID ff found for resource ID 0xffffffff.
10-23 14:55:38.420  5002  5074 E gs.intelligence: No package ID ff found for resource ID 0xffffffff.
10-23 14:55:38.420  5002  5074 E gs.intelligence: No package ID ff found for resource ID 0xffffffff.
10-23 14:55:38.420  5002  5074 E gs.intelligence: No package ID ff found for resource ID 0xffffffff.
10-23 14:55:38.420  5002  5074 E gs.intelligence: No package ID ff found for resource ID 0xffffffff.
10-23 14:55:38.420  5002  5074 E gs.intelligence: No package ID ff found for resource ID 0xffffffff.
10-23 14:55:38.420  5002  5074 E gs.intelligence: No package ID ff found for resource ID 0xffffffff.
10-23 14:55:38.420  5002  5074 E gs.intelligence: No package ID ff found for resource ID 0xffffffff.
10-23 14:55:38.421   871  1051 W Role    : Default holder doesn't have required signing certificate: com.google.android.apps.work.clouddpc:23962F4B43B9857638EA66F4D419518EAE282491ACDA4B94707BD59003C45E58
10-23 14:55:38.421  5002  5074 E gs.intelligence: No package ID ff found for resource ID 0xffffffff.
10-23 14:55:38.421  5002  5074 E gs.intelligence: No package ID ff found for resource ID 0xffffffff.
10-23 14:55:38.421  5002  5074 E gs.intelligence: No package ID ff found for resource ID 0xffffffff.
10-23 14:55:38.421  5002  5074 E gs.intelligence: No package ID ff found for resource ID 0xffffffff.
10-23 14:55:38.421  5002  5074 E gs.intelligence: No package ID ff found for resource ID 0xffffffff.
10-23 14:55:38.421  5002  5074 E gs.intelligence: No package ID ff found for resource ID 0xffffffff.
10-23 14:55:38.421  5002  5074 E gs.intelligence: No package ID ff found for resource ID 0xffffffff.
10-23 14:55:38.421  5002  5074 E gs.intelligence: No package ID ff found for resource ID 0xffffffff.
10-23 14:55:38.421  5002  5074 E gs.intelligence: No package ID ff found for resource ID 0xffffffff.
10-23 14:55:38.421  5002  5074 E gs.intelligence: No package ID ff found for resource ID 0xffffffff.
10-23 14:55:38.421  5002  5074 E gs.intelligence: No package ID ff found for resource ID 0xffffffff.
10-23 14:55:38.421  5002  5074 E gs.intelligence: No package ID ff found for resource ID 0xffffffff.
10-23 14:55:38.421  5002  5074 E gs.intelligence: No package ID ff found for resource ID 0xffffffff.
10-23 14:55:38.421  5002  5074 E gs.intelligence: No package ID ff found for resource ID 0xffffffff.
10-23 14:55:38.421  5002  5074 E gs.intelligence: No package ID ff found for resource ID 0xffffffff.
10-23 14:55:38.421  5002  5074 E gs.intelligence: No package ID ff found for resource ID 0xffffffff.
10-23 14:55:38.421  5002  5074 E gs.intelligence: No package ID ff found for resource ID 0xffffffff.
10-23 14:55:38.421  5002  5074 E gs.intelligence: No package ID ff found for resource ID 0xffffffff.
10-23 14:55:38.428  3911  3911 D LifecycleMonitor: Lifecycle status change: androidx.fragment.app.testing.FragmentScenario$EmptyFragmentActivity@fbbc385 in: CREATED
10-23 14:55:38.428  3911  3911 V ActivityScenario: Update currentActivityStage to CREATED, currentActivity=androidx.fragment.app.testing.FragmentScenario$EmptyFragmentActivity@fbbc385
10-23 14:55:38.429  3911  3911 V ActivityScenario: Update currentActivityStage to CREATED, currentActivity=androidx.fragment.app.testing.FragmentScenario$EmptyFragmentActivity@fbbc385
10-23 14:55:38.429  3911  3911 V ActivityScenario: Update currentActivityStage to CREATED, currentActivity=androidx.fragment.app.testing.FragmentScenario$EmptyFragmentActivity@fbbc385
10-23 14:55:38.430  3911  3911 V ActivityScenario: Update currentActivityStage to CREATED, currentActivity=androidx.fragment.app.testing.FragmentScenario$EmptyFragmentActivity@fbbc385
10-23 14:55:38.430  3911  3911 V ActivityScenario: Update currentActivityStage to CREATED, currentActivity=androidx.fragment.app.testing.FragmentScenario$EmptyFragmentActivity@fbbc385
10-23 14:55:38.430  3911  3911 V ActivityScenario: Update currentActivityStage to CREATED, currentActivity=androidx.fragment.app.testing.FragmentScenario$EmptyFragmentActivity@fbbc385
10-23 14:55:38.430  3911  3911 V ActivityScenario: Update currentActivityStage to CREATED, currentActivity=androidx.fragment.app.testing.FragmentScenario$EmptyFragmentActivity@fbbc385
10-23 14:55:38.432  3911  3911 D LifecycleMonitor: Lifecycle status change: androidx.fragment.app.testing.FragmentScenario$EmptyFragmentActivity@fbbc385 in: STARTED
10-23 14:55:38.432  3911  3911 V ActivityScenario: Update currentActivityStage to STARTED, currentActivity=androidx.fragment.app.testing.FragmentScenario$EmptyFragmentActivity@fbbc385
10-23 14:55:38.432  3911  3911 V ActivityScenario: Update currentActivityStage to STARTED, currentActivity=androidx.fragment.app.testing.FragmentScenario$EmptyFragmentActivity@fbbc385
10-23 14:55:38.432  3911  3911 V ActivityScenario: Update currentActivityStage to STARTED, currentActivity=androidx.fragment.app.testing.FragmentScenario$EmptyFragmentActivity@fbbc385
10-23 14:55:38.432  3911  3911 V ActivityScenario: Update currentActivityStage to STARTED, currentActivity=androidx.fragment.app.testing.FragmentScenario$EmptyFragmentActivity@fbbc385
10-23 14:55:38.433  3911  3911 V ActivityScenario: Update currentActivityStage to STARTED, currentActivity=androidx.fragment.app.testing.FragmentScenario$EmptyFragmentActivity@fbbc385
10-23 14:55:38.433  3911  3911 V ActivityScenario: Update currentActivityStage to STARTED, currentActivity=androidx.fragment.app.testing.FragmentScenario$EmptyFragmentActivity@fbbc385
10-23 14:55:38.433  3911  3911 V ActivityScenario: Update currentActivityStage to STARTED, currentActivity=androidx.fragment.app.testing.FragmentScenario$EmptyFragmentActivity@fbbc385
10-23 14:55:38.434  3911  3911 D LifecycleMonitor: Lifecycle status change: androidx.fragment.app.testing.FragmentScenario$EmptyFragmentActivity@fbbc385 in: RESUMED
10-23 14:55:38.435  3911  3911 V ActivityScenario: Update currentActivityStage to RESUMED, currentActivity=androidx.fragment.app.testing.FragmentScenario$EmptyFragmentActivity@fbbc385
10-23 14:55:38.436  3911  3911 V ActivityScenario: Update currentActivityStage to RESUMED, currentActivity=androidx.fragment.app.testing.FragmentScenario$EmptyFragmentActivity@fbbc385
10-23 14:55:38.436  3911  3911 V ActivityScenario: Update currentActivityStage to RESUMED, currentActivity=androidx.fragment.app.testing.FragmentScenario$EmptyFragmentActivity@fbbc385
10-23 14:55:38.436  3911  3911 V ActivityScenario: Update currentActivityStage to RESUMED, currentActivity=androidx.fragment.app.testing.FragmentScenario$EmptyFragmentActivity@fbbc385
10-23 14:55:38.436  5002  5074 E gs.intelligence: No package ID ff found for resource ID 0xffffffff.
10-23 14:55:38.436  5002  5074 E gs.intelligence: No package ID ff found for resource ID 0xffffffff.
10-23 14:55:38.437  3911  3911 V ActivityScenario: Update currentActivityStage to RESUMED, currentActivity=androidx.fragment.app.testing.FragmentScenario$EmptyFragmentActivity@fbbc385
10-23 14:55:38.437  5002  5074 E gs.intelligence: No package ID ff found for resource ID 0xffffffff.
10-23 14:55:38.437  5002  5074 E gs.intelligence: No package ID ff found for resource ID 0xffffffff.
10-23 14:55:38.437  3911  3911 V ActivityScenario: Update currentActivityStage to RESUMED, currentActivity=androidx.fragment.app.testing.FragmentScenario$EmptyFragmentActivity@fbbc385
10-23 14:55:38.437  3911  3911 V ActivityScenario: Update currentActivityStage to RESUMED, currentActivity=androidx.fragment.app.testing.FragmentScenario$EmptyFragmentActivity@fbbc385
10-23 14:55:38.440  5002  5074 E gs.intelligence: No package ID ff found for resource ID 0xffffffff.
10-23 14:55:38.440  5002  5074 E gs.intelligence: No package ID ff found for resource ID 0xffffffff.
10-23 14:55:38.440  5002  5074 E gs.intelligence: No package ID ff found for resource ID 0xffffffff.
10-23 14:55:38.440  5002  5074 E gs.intelligence: No package ID ff found for resource ID 0xffffffff.
10-23 14:55:38.442  5002  5074 E gs.intelligence: No package ID ff found for resource ID 0xffffffff.
10-23 14:55:38.442  5002  5074 E gs.intelligence: No package ID ff found for resource ID 0xffffffff.
10-23 14:55:38.442  5002  5074 E gs.intelligence: No package ID ff found for resource ID 0xffffffff.
10-23 14:55:38.442  5002  5074 E gs.intelligence: No package ID ff found for resource ID 0xffffffff.
10-23 14:55:38.442  5002  5074 W IndexDataConverter: Skipping index for null-key item IndexData.Builder {title: Languages& input,package: com.android.settings}
10-23 14:55:38.443  5002  5074 E gs.intelligence: No package ID ff found for resource ID 0xffffffff.
10-23 14:55:38.443  5002  5074 E gs.intelligence: No package ID ff found for resource ID 0xffffffff.
10-23 14:55:38.443  5002  5074 E gs.intelligence: No package ID ff found for resource ID 0xffffffff.
10-23 14:55:38.443  5002  5074 E gs.intelligence: No package ID ff found for resource ID 0xffffffff.
10-23 14:55:38.443  5002  5074 E gs.intelligence: No package ID ff found for resource ID 0xffffffff.
10-23 14:55:38.443  5002  5074 E gs.intelligence: No package ID ff found for resource ID 0xffffffff.
10-23 14:55:38.443  5002  5074 E gs.intelligence: No package ID ff found for resource ID 0xffffffff.
10-23 14:55:38.443  5002  5074 E gs.intelligence: No package ID ff found for resource ID 0xffffffff.
10-23 14:55:38.443  5002  5074 E gs.intelligence: No package ID ff found for resource ID 0xffffffff.
10-23 14:55:38.443  5002  5074 E gs.intelligence: No package ID ff found for resource ID 0xffffffff.
10-23 14:55:38.443  5002  5074 E gs.intelligence: No package ID ff found for resource ID 0xffffffff.
10-23 14:55:38.443  5002  5074 E gs.intelligence: No package ID ff found for resource ID 0xffffffff.
10-23 14:55:38.443  5002  5074 E gs.intelligence: No package ID ff found for resource ID 0xffffffff.
10-23 14:55:38.443  5002  5074 E gs.intelligence: No package ID ff found for resource ID 0xffffffff.
10-23 14:55:38.443  5002  5074 E gs.intelligence: No package ID ff found for resource ID 0xffffffff.
10-23 14:55:38.443  5002  5074 E gs.intelligence: No package ID ff found for resource ID 0xffffffff.
10-23 14:55:38.443  5002  5074 E gs.intelligence: No package ID ff found for resource ID 0xffffffff.
10-23 14:55:38.443  5002  5074 E gs.intelligence: No package ID ff found for resource ID 0xffffffff.
10-23 14:55:38.443  5002  5074 E gs.intelligence: No package ID ff found for resource ID 0xffffffff.
10-23 14:55:38.443  5002  5074 E gs.intelligence: No package ID ff found for resource ID 0xffffffff.
10-23 14:55:38.443  5002  5074 E gs.intelligence: No package ID ff found for resource ID 0xffffffff.
10-23 14:55:38.443  5002  5074 E gs.intelligence: No package ID ff found for resource ID 0xffffffff.
10-23 14:55:38.443  5002  5074 E gs.intelligence: No package ID ff found for resource ID 0xffffffff.
10-23 14:55:38.443  5002  5074 E gs.intelligence: No package ID ff found for resource ID 0xffffffff.
10-23 14:55:38.443  5002  5074 E gs.intelligence: No package ID ff found for resource ID 0xffffffff.
10-23 14:55:38.443  5002  5074 E gs.intelligence: No package ID ff found for resource ID 0xffffffff.
10-23 14:55:38.443  5002  5074 E gs.intelligence: No package ID ff found for resource ID 0xffffffff.
10-23 14:55:38.444  5002  5074 W IndexDataConverter: Skipping index for null-key item IndexData.Builder {title: Caption preferences,package: com.android.settings}
10-23 14:55:38.444  5002  5074 E gs.intelligence: No package ID ff found for resource ID 0xffffffff.
10-23 14:55:38.444  5002  5074 E gs.intelligence: No package ID ff found for resource ID 0xffffffff.
10-23 14:55:38.444  5002  5074 E gs.intelligence: No package ID ff found for resource ID 0xffffffff.
10-23 14:55:38.444  5002  5074 E gs.intelligence: No package ID ff found for resource ID 0xffffffff.
10-23 14:55:38.444  5002  5074 E gs.intelligence: No package ID ff found for resource ID 0xffffffff.
10-23 14:55:38.444  5002  5074 E gs.intelligence: No package ID ff found for resource ID 0xffffffff.
10-23 14:55:38.444  5002  5074 E gs.intelligence: No package ID ff found for resource ID 0xffffffff.
10-23 14:55:38.444  5002  5074 E gs.intelligence: No package ID ff found for resource ID 0xffffffff.
10-23 14:55:38.444  5002  5074 E gs.intelligence: No package ID ff found for resource ID 0xffffffff.
10-23 14:55:38.444  5002  5074 E gs.intelligence: No package ID ff found for resource ID 0xffffffff.
10-23 14:55:38.444  5002  5074 W IndexDataConverter: Skipping index for null-key item IndexData.Builder {title: More options,package: com.android.settings}
10-23 14:55:38.444  5002  5074 E gs.intelligence: No package ID ff found for resource ID 0xffffffff.
10-23 14:55:38.444  5002  5074 E gs.intelligence: No package ID ff found for resource ID 0xffffffff.
10-23 14:55:38.444  5002  5074 E gs.intelligence: No package ID ff found for resource ID 0xffffffff.
10-23 14:55:38.444  5002  5074 E gs.intelligence: No package ID ff found for resource ID 0xffffffff.
10-23 14:55:38.444  5002  5074 E gs.intelligence: No package ID ff found for resource ID 0xffffffff.
10-23 14:55:38.444  5002  5074 E gs.intelligence: No package ID ff found for resource ID 0xffffffff.
10-23 14:55:38.444  5002  5074 E gs.intelligence: No package ID ff found for resource ID 0xffffffff.
10-23 14:55:38.444  5002  5074 E gs.intelligence: No package ID ff found for resource ID 0xffffffff.
10-23 14:55:38.444  5002  5074 E gs.intelligence: No package ID ff found for resource ID 0xffffffff.
10-23 14:55:38.444  5002  5074 E gs.intelligence: No package ID ff found for resource ID 0xffffffff.
10-23 14:55:38.444  5002  5074 E gs.intelligence: No package ID ff found for resource ID 0xffffffff.
10-23 14:55:38.444  5002  5074 E gs.intelligence: No package ID ff found for resource ID 0xffffffff.
10-23 14:55:38.444  5002  5074 E gs.intelligence: No package ID ff found for resource ID 0xffffffff.
10-23 14:55:38.444  5002  5074 E gs.intelligence: No package ID ff found for resource ID 0xffffffff.
10-23 14:55:38.444  5002  5074 E gs.intelligence: No package ID ff found for resource ID 0xffffffff.
10-23 14:55:38.445  5002  5074 E gs.intelligence: No package ID ff found for resource ID 0xffffffff.
10-23 14:55:38.445  5002  5074 E gs.intelligence: No package ID ff found for resource ID 0xffffffff.
10-23 14:55:38.445  5002  5074 E gs.intelligence: No package ID ff found for resource ID 0xffffffff.
10-23 14:55:38.445  5002  5074 E gs.intelligence: No package ID ff found for resource ID 0xffffffff.
10-23 14:55:38.445  5002  5074 E gs.intelligence: No package ID ff found for resource ID 0xffffffff.
10-23 14:55:38.446  5002  5074 E gs.intelligence: No package ID ff found for resource ID 0xffffffff.
10-23 14:55:38.446  5002  5074 E gs.intelligence: No package ID ff found for resource ID 0xffffffff.
10-23 14:55:38.446  5002  5074 E gs.intelligence: No package ID ff found for resource ID 0xffffffff.
10-23 14:55:38.446  5002  5074 E gs.intelligence: No package ID ff found for resource ID 0xffffffff.
10-23 14:55:38.446  5002  5074 E gs.intelligence: No package ID ff found for resource ID 0xffffffff.
10-23 14:55:38.446  5002  5074 E gs.intelligence: No package ID ff found for resource ID 0xffffffff.
10-23 14:55:38.447  5002  5074 E gs.intelligence: No package ID ff found for resource ID 0xffffffff.
10-23 14:55:38.447  5002  5074 E gs.intelligence: No package ID ff found for resource ID 0xffffffff.
10-23 14:55:38.447  5002  5074 E gs.intelligence: No package ID ff found for resource ID 0xffffffff.
10-23 14:55:38.447  5002  5074 E gs.intelligence: No package ID ff found for resource ID 0xffffffff.
10-23 14:55:38.447  5002  5074 E gs.intelligence: No package ID ff found for resource ID 0xffffffff.
10-23 14:55:38.447  5002  5074 E gs.intelligence: No package ID ff found for resource ID 0xffffffff.
10-23 14:55:38.447  5002  5074 E gs.intelligence: No package ID ff found for resource ID 0xffffffff.
10-23 14:55:38.447  5002  5074 E gs.intelligence: No package ID ff found for resource ID 0xffffffff.
10-23 14:55:38.447  5002  5074 E gs.intelligence: No package ID ff found for resource ID 0xffffffff.
10-23 14:55:38.447  5002  5074 E gs.intelligence: No package ID ff found for resource ID 0xffffffff.
10-23 14:55:38.448  5002  5074 E gs.intelligence: No package ID ff found for resource ID 0xffffffff.
10-23 14:55:38.448  5002  5074 E gs.intelligence: No package ID ff found for resource ID 0xffffffff.
10-23 14:55:38.448  5002  5074 E gs.intelligence: No package ID ff found for resource ID 0xffffffff.
10-23 14:55:38.448  5002  5074 E gs.intelligence: No package ID ff found for resource ID 0xffffffff.
10-23 14:55:38.448  1468  3880 I ModuleSetMgr: Download of container feature antifingerprinting is disabled.
10-23 14:55:38.448  1468  3880 I ModuleSetMgr: Download of container feature appsearch_dynamite_impl is disabled.
10-23 14:55:38.448  1468  3880 I ModuleSetMgr: Download of container feature brella_dynamite is disabled.
10-23 14:55:38.448  5002  5074 E gs.intelligence: No package ID ff found for resource ID 0xffffffff.
10-23 14:55:38.448  5002  5074 E gs.intelligence: No package ID ff found for resource ID 0xffffffff.
10-23 14:55:38.448  5002  5074 E gs.intelligence: No package ID ff found for resource ID 0xffffffff.
10-23 14:55:38.448  5002  5074 E gs.intelligence: No package ID ff found for resource ID 0xffffffff.
10-23 14:55:38.448  5002  5074 E gs.intelligence: No package ID ff found for resource ID 0xffffffff.
10-23 14:55:38.448  5002  5074 E gs.intelligence: No package ID ff found for resource ID 0xffffffff.
10-23 14:55:38.448  5002  5074 E gs.intelligence: No package ID ff found for resource ID 0xffffffff.
10-23 14:55:38.448  5002  5074 W IndexDataConverter: Skipping index for null-key item IndexData.Builder {title: Backup,package: com.android.settings}
10-23 14:55:38.448  5002  5074 E gs.intelligence: No package ID ff found for resource ID 0xffffffff.
10-23 14:55:38.448  1468  3880 I ModuleSetMgr: Download of container feature cameraconnectivity_impl is disabled.
10-23 14:55:38.448  5002  5074 E gs.intelligence: No package ID ff found for resource ID 0xffffffff.
10-23 14:55:38.448  5002  5074 E gs.intelligence: No package ID ff found for resource ID 0xffffffff.
10-23 14:55:38.449  1468  3880 I ModuleSetMgr: Download of container feature dck_management is disabled.
10-23 14:55:38.449  1468  3880 I ModuleSetMgr: Download of container feature easyunlock is disabled.
10-23 14:55:38.449  1468  3880 I ModuleSetMgr: Download of container feature enterprise is disabled.
10-23 14:55:38.449  1468  3880 I ModuleSetMgr: Download of container feature enterprise_zt_mp_complete is disabled.
10-23 14:55:38.449  1468  3880 I ModuleSetMgr: Download of container feature fast_pair is disabled.
10-23 14:55:38.449  1468  3880 I ModuleSetMgr: Download of container feature game_platform is disabled.
10-23 14:55:38.449  1468  3880 I ModuleSetMgr: Download of container feature games is disabled.
10-23 14:55:38.449  1468  3880 I ModuleSetMgr: Download of container feature growth_upgradeparty is disabled.
10-23 14:55:38.449  1468  3880 I ModuleSetMgr: Download of container feature tflite_dynamite is disabled.
10-23 14:55:38.449  1468  3880 I ModuleSetMgr: Download of container feature homegraph is disabled.
10-23 14:55:38.449  1468  3880 I ModuleSetMgr: Download of container feature magictether is disabled.
10-23 14:55:38.449  5002  5074 E gs.intelligence: No package ID ff found for resource ID 0xffffffff.
10-23 14:55:38.449  1468  3880 I ModuleSetMgr: Download of container feature maps_core is disabled.
10-23 14:55:38.449  5002  5074 E gs.intelligence: No package ID ff found for resource ID 0xffffffff.
10-23 14:55:38.449  1468  3880 I ModuleSetMgr: Download of container feature mlkit.docscan.crop is disabled.
10-23 14:55:38.449  5002  5074 E gs.intelligence: No package ID ff found for resource ID 0xffffffff.
10-23 14:55:38.449  1468  3880 I ModuleSetMgr: Download of container feature mlkit.docscan.enhance is disabled.
10-23 14:55:38.449  1468  3880 I ModuleSetMgr: Download of container feature multipackage_debug is disabled.
10-23 14:55:38.449  5002  5074 E gs.intelligence: No package ID ff found for resource ID 0xffffffff.
10-23 14:55:38.449  1468  3880 I ModuleSetMgr: Download of container feature payse is disabled.
10-23 14:55:38.449  5002  5074 E gs.intelligence: No package ID ff found for resource ID 0xffffffff.
10-23 14:55:38.449  1468  3880 I ModuleSetMgr: Download of container feature permissions_debug is disabled.
10-23 14:55:38.449  1468  3880 I ModuleSetMgr: Download of container feature play_cloud_search is disabled.
10-23 14:55:38.449  1468  3880 I ModuleSetMgr: Download of container feature semanticlocation_debug is disabled.
10-23 14:55:38.449  5002  5074 E gs.intelligence: No package ID ff found for resource ID 0xffffffff.
10-23 14:55:38.449  5002  5074 E gs.intelligence: No package ID ff found for resource ID 0xffffffff.
10-23 14:55:38.449  1468  3880 I ModuleSetMgr: Download of container feature tflite_delegate_edgetpu is disabled.
10-23 14:55:38.449  1468  3880 I ModuleSetMgr: Download of container feature tflite_delegate_test is disabled.
10-23 14:55:38.449  5002  5074 E gs.intelligence: No package ID ff found for resource ID 0xffffffff.
10-23 14:55:38.449  1468  3880 I ModuleSetMgr: Download of container feature tflite_gpu_dynamite is disabled.
10-23 14:55:38.449  5002  5074 E gs.intelligence: No package ID ff found for resource ID 0xffffffff.
10-23 14:55:38.449  1468  3880 I ModuleSetMgr: Download of container feature userstatus_impl is disabled.
10-23 14:55:38.449  1468  3880 I ModuleSetMgr: Download of container feature usonia_iam is disabled.
10-23 14:55:38.449  1468  3880 I ModuleSetMgr: Download of container feature vision.face is disabled.
10-23 14:55:38.449  1468  3880 I ModuleSetMgr: Download of container feature vision.ica is disabled.
10-23 14:55:38.449  1468  3880 I ModuleSetMgr: Download of container feature vision.ocr is disabled.
10-23 14:55:38.449  5002  5074 E gs.intelligence: No package ID ff found for resource ID 0xffffffff.
10-23 14:55:38.449  5002  5074 E gs.intelligence: No package ID ff found for resource ID 0xffffffff.
10-23 14:55:38.449  5002  5074 E gs.intelligence: No package ID ff found for resource ID 0xffffffff.
10-23 14:55:38.449  5002  5074 E gs.intelligence: No package ID ff found for resource ID 0xffffffff.
10-23 14:55:38.449  5002  5074 E gs.intelligence: No package ID ff found for resource ID 0xffffffff.
10-23 14:55:38.450  5002  5074 E gs.intelligence: No package ID ff found for resource ID 0xffffffff.
10-23 14:55:38.450  5002  5074 E gs.intelligence: No package ID ff found for resource ID 0xffffffff.
10-23 14:55:38.450  5002  5074 E gs.intelligence: No package ID ff found for resource ID 0xffffffff.
10-23 14:55:38.450  5002  5074 E gs.intelligence: No package ID ff found for resource ID 0xffffffff.
10-23 14:55:38.450  5002  5074 E gs.intelligence: No package ID ff found for resource ID 0xffffffff.
10-23 14:55:38.450  5002  5074 E gs.intelligence: No package ID ff found for resource ID 0xffffffff.
10-23 14:55:38.450  5002  5074 E gs.intelligence: No package ID ff found for resource ID 0xffffffff.
10-23 14:55:38.450  5002  5074 E gs.intelligence: No package ID ff found for resource ID 0xffffffff.
10-23 14:55:38.450  5002  5074 E gs.intelligence: No package ID ff found for resource ID 0xffffffff.
10-23 14:55:38.450  5002  5074 E gs.intelligence: No package ID ff found for resource ID 0xffffffff.
10-23 14:55:38.450  5002  5074 E gs.intelligence: No package ID ff found for resource ID 0xffffffff.
10-23 14:55:38.450  5002  5074 E gs.intelligence: No package ID ff found for resource ID 0xffffffff.
10-23 14:55:38.450  5002  5074 E gs.intelligence: No package ID ff found for resource ID 0xffffffff.
10-23 14:55:38.450  5002  5074 E gs.intelligence: No package ID ff found for resource ID 0xffffffff.
10-23 14:55:38.450  5002  5074 E gs.intelligence: No package ID ff found for resource ID 0xffffffff.
10-23 14:55:38.450  5002  5074 E gs.intelligence: No package ID ff found for resource ID 0xffffffff.
10-23 14:55:38.450  5002  5074 E gs.intelligence: No package ID ff found for resource ID 0xffffffff.
10-23 14:55:38.450  5002  5074 E gs.intelligence: No package ID ff found for resource ID 0xffffffff.
10-23 14:55:38.450  5002  5074 E gs.intelligence: No package ID ff found for resource ID 0xffffffff.
10-23 14:55:38.450  5002  5074 E gs.intelligence: No package ID ff found for resource ID 0xffffffff.
10-23 14:55:38.450  5002  5074 W IndexDataConverter: Skipping index for null-key item IndexData.Builder {title: Autoclick (dwell timing),package: com.android.settings}
10-23 14:55:38.451  5002  5074 E gs.intelligence: No package ID ff found for resource ID 0xffffffff.
10-23 14:55:38.451  5002  5074 E gs.intelligence: No package ID ff found for resource ID 0xffffffff.
10-23 14:55:38.451  5002  5074 E gs.intelligence: No package ID ff found for resource ID 0xffffffff.
10-23 14:55:38.451  5002  5074 E gs.intelligence: No package ID ff found for resource ID 0xffffffff.
10-23 14:55:38.451  5002  5074 E gs.intelligence: No package ID ff found for resource ID 0xffffffff.
10-23 14:55:38.451  5002  5074 E gs.intelligence: No package ID ff found for resource ID 0xffffffff.
10-23 14:55:38.451  5002  5074 E gs.intelligence: No package ID ff found for resource ID 0xffffffff.
10-23 14:55:38.451  5002  5074 E gs.intelligence: No package ID ff found for resource ID 0xffffffff.
10-23 14:55:38.451  5002  5074 E gs.intelligence: No package ID ff found for resource ID 0xffffffff.
10-23 14:55:38.452  5002  5074 E gs.intelligence: No package ID ff found for resource ID 0xffffffff.
10-23 14:55:38.452  5002  5074 E gs.intelligence: No package ID ff found for resource ID 0xffffffff.
10-23 14:55:38.452  5002  5074 E gs.intelligence: No package ID ff found for resource ID 0xffffffff.
10-23 14:55:38.452  5002  5074 E gs.intelligence: No package ID ff found for resource ID 0xffffffff.
10-23 14:55:38.452  5002  5074 E gs.intelligence: No package ID ff found for resource ID 0xffffffff.
10-23 14:55:38.452  5002  5074 E gs.intelligence: No package ID ff found for resource ID 0xffffffff.
10-23 14:55:38.452  5002  5074 E gs.intelligence: No package ID ff found for resource ID 0xffffffff.
10-23 14:55:38.452  5002  5074 E gs.intelligence: No package ID ff found for resource ID 0xffffffff.
10-23 14:55:38.452  5002  5074 E gs.intelligence: No package ID ff found for resource ID 0xffffffff.
10-23 14:55:38.452  5002  5074 E gs.intelligence: No package ID ff found for resource ID 0xffffffff.
10-23 14:55:38.452  5002  5074 E gs.intelligence: No package ID ff found for resource ID 0xffffffff.
10-23 14:55:38.452  5002  5074 E gs.intelligence: No package ID ff found for resource ID 0xffffffff.
10-23 14:55:38.452  5002  5074 E gs.intelligence: No package ID ff found for resource ID 0xffffffff.
10-23 14:55:38.452  5002  5074 E gs.intelligence: No package ID ff found for resource ID 0xffffffff.
10-23 14:55:38.452  5002  5074 E gs.intelligence: No package ID ff found for resource ID 0xffffffff.
10-23 14:55:38.452  5002  5074 E gs.intelligence: No package ID ff found for resource ID 0xffffffff.
10-23 14:55:38.452  5002  5074 E gs.intelligence: No package ID ff found for resource ID 0xffffffff.
10-23 14:55:38.452  5002  5074 E gs.intelligence: No package ID ff found for resource ID 0xffffffff.
10-23 14:55:38.452  5002  5074 E gs.intelligence: No package ID ff found for resource ID 0xffffffff.
10-23 14:55:38.452  5002  5074 E gs.intelligence: No package ID ff found for resource ID 0xffffffff.
10-23 14:55:38.452  5002  5074 E gs.intelligence: No package ID ff found for resource ID 0xffffffff.
10-23 14:55:38.452  5002  5074 E gs.intelligence: No package ID ff found for resource ID 0xffffffff.
10-23 14:55:38.452  5002  5074 E gs.intelligence: No package ID ff found for resource ID 0xffffffff.
10-23 14:55:38.452  5002  5074 E gs.intelligence: No package ID ff found for resource ID 0xffffffff.
10-23 14:55:38.453  5002  5074 E gs.intelligence: No package ID ff found for resource ID 0xffffffff.
10-23 14:55:38.453  5002  5074 E gs.intelligence: No package ID ff found for resource ID 0xffffffff.
10-23 14:55:38.453  5002  5074 E gs.intelligence: No package ID ff found for resource ID 0xffffffff.
10-23 14:55:38.453  5002  5074 E gs.intelligence: No package ID ff found for resource ID 0xffffffff.
10-23 14:55:38.453  5002  5074 E gs.intelligence: No package ID ff found for resource ID 0xffffffff.
10-23 14:55:38.453  5002  5074 E gs.intelligence: No package ID ff found for resource ID 0xffffffff.
10-23 14:55:38.453  5002  5074 E gs.intelligence: No package ID ff found for resource ID 0xffffffff.
10-23 14:55:38.453  5002  5074 E gs.intelligence: No package ID ff found for resource ID 0xffffffff.
10-23 14:55:38.453  5002  5074 E gs.intelligence: No package ID ff found for resource ID 0xffffffff.
10-23 14:55:38.453  5002  5074 E gs.intelligence: No package ID ff found for resource ID 0xffffffff.
10-23 14:55:38.453  5002  5074 E gs.intelligence: No package ID ff found for resource ID 0xffffffff.
10-23 14:55:38.453  5002  5074 E gs.intelligence: No package ID ff found for resource ID 0xffffffff.
10-23 14:55:38.453  5002  5074 E gs.intelligence: No package ID ff found for resource ID 0xffffffff.
10-23 14:55:38.453  5002  5074 E gs.intelligence: No package ID ff found for resource ID 0xffffffff.
10-23 14:55:38.453  5002  5074 E gs.intelligence: No package ID ff found for resource ID 0xffffffff.
10-23 14:55:38.453  5002  5074 E gs.intelligence: No package ID ff found for resource ID 0xffffffff.
10-23 14:55:38.453  5002  5074 E gs.intelligence: No package ID ff found for resource ID 0xffffffff.
10-23 14:55:38.453  5002  5074 E gs.intelligence: No package ID ff found for resource ID 0xffffffff.
10-23 14:55:38.453  5002  5074 E gs.intelligence: No package ID ff found for resource ID 0xffffffff.
10-23 14:55:38.453  5002  5074 E gs.intelligence: No package ID ff found for resource ID 0xffffffff.
10-23 14:55:38.453  5002  5074 E gs.intelligence: No package ID ff found for resource ID 0xffffffff.
10-23 14:55:38.453  5002  5074 E gs.intelligence: No package ID ff found for resource ID 0xffffffff.
10-23 14:55:38.453  5002  5074 E gs.intelligence: No package ID ff found for resource ID 0xffffffff.
10-23 14:55:38.453  5002  5074 E gs.intelligence: No package ID ff found for resource ID 0xffffffff.
10-23 14:55:38.453  5002  5074 E gs.intelligence: No package ID ff found for resource ID 0xffffffff.
10-23 14:55:38.453  5002  5074 E gs.intelligence: No package ID ff found for resource ID 0xffffffff.
10-23 14:55:38.453  5002  5074 E gs.intelligence: No package ID ff found for resource ID 0xffffffff.
10-23 14:55:38.453  5002  5074 E gs.intelligence: No package ID ff found for resource ID 0xffffffff.
10-23 14:55:38.453  5002  5074 E gs.intelligence: No package ID ff found for resource ID 0xffffffff.
10-23 14:55:38.453  5002  5074 E gs.intelligence: No package ID ff found for resource ID 0xffffffff.
10-23 14:55:38.453  5002  5074 E gs.intelligence: No package ID ff found for resource ID 0xffffffff.
10-23 14:55:38.453  5002  5074 E gs.intelligence: No package ID ff found for resource ID 0xffffffff.
10-23 14:55:38.454  5002  5074 E gs.intelligence: No package ID ff found for resource ID 0xffffffff.
10-23 14:55:38.454  5002  5074 E gs.intelligence: No package ID ff found for resource ID 0xffffffff.
10-23 14:55:38.454  5002  5074 E gs.intelligence: No package ID ff found for resource ID 0xffffffff.
10-23 14:55:38.454  5002  5074 E gs.intelligence: No package ID ff found for resource ID 0xffffffff.
10-23 14:55:38.454  5002  5074 E gs.intelligence: No package ID ff found for resource ID 0xffffffff.
10-23 14:55:38.454  5002  5074 E gs.intelligence: No package ID ff found for resource ID 0xffffffff.
10-23 14:55:38.454  5002  5074 E gs.intelligence: No package ID ff found for resource ID 0xffffffff.
10-23 14:55:38.454  5002  5074 E gs.intelligence: No package ID ff found for resource ID 0xffffffff.
10-23 14:55:38.454  5002  5074 W IndexDataConverter: Skipping index for null-key item IndexData.Builder {title: Caption size and style,package: com.android.settings}
10-23 14:55:38.454  5002  5074 E gs.intelligence: No package ID ff found for resource ID 0xffffffff.
10-23 14:55:38.454  5002  5074 E gs.intelligence: No package ID ff found for resource ID 0xffffffff.
10-23 14:55:38.454  5002  5074 E gs.intelligence: No package ID ff found for resource ID 0xffffffff.
10-23 14:55:38.454  5002  5074 E gs.intelligence: No package ID ff found for resource ID 0xffffffff.
10-23 14:55:38.454  5002  5074 E gs.intelligence: No package ID ff found for resource ID 0xffffffff.
10-23 14:55:38.454  5002  5074 E gs.intelligence: No package ID ff found for resource ID 0xffffffff.
10-23 14:55:38.454  5002  5074 W IndexDataConverter: Skipping index for null-key item IndexData.Builder {title: Bluetooth HCI snoop log filtering,package: com.android.settings}
10-23 14:55:38.455  5002  5074 E gs.intelligence: No package ID ff found for resource ID 0xffffffff.
10-23 14:55:38.455  5002  5074 E gs.intelligence: No package ID ff found for resource ID 0xffffffff.
10-23 14:55:38.455  5002  5074 E gs.intelligence: No package ID ff found for resource ID 0xffffffff.
10-23 14:55:38.456  5002  5074 E gs.intelligence: No package ID ff found for resource ID 0xffffffff.
10-23 14:55:38.456  5002  5074 E gs.intelligence: No package ID ff found for resource ID 0xffffffff.
10-23 14:55:38.456  5002  5074 E gs.intelligence: No package ID ff found for resource ID 0xffffffff.
10-23 14:55:38.456  5002  5074 E gs.intelligence: No package ID ff found for resource ID 0xffffffff.
10-23 14:55:38.456  5002  5074 E gs.intelligence: No package ID ff found for resource ID 0xffffffff.
10-23 14:55:38.456  5002  5074 E gs.intelligence: No package ID ff found for resource ID 0xffffffff.
10-23 14:55:38.456  5002  5074 E gs.intelligence: No package ID ff found for resource ID 0xffffffff.
10-23 14:55:38.456  5002  5074 E gs.intelligence: No package ID ff found for resource ID 0xffffffff.
10-23 14:55:38.456  5002  5074 E gs.intelligence: No package ID ff found for resource ID 0xffffffff.
10-23 14:55:38.456  5002  5074 E gs.intelligence: No package ID ff found for resource ID 0xffffffff.
10-23 14:55:38.456  5002  5074 E gs.intelligence: No package ID ff found for resource ID 0xffffffff.
10-23 14:55:38.456  5002  5074 E gs.intelligence: No package ID ff found for resource ID 0xffffffff.
10-23 14:55:38.456  5002  5074 E gs.intelligence: No package ID ff found for resource ID 0xffffffff.
10-23 14:55:38.456  5002  5074 E gs.intelligence: No package ID ff found for resource ID 0xffffffff.
10-23 14:55:38.456  5002  5074 E gs.intelligence: No package ID ff found for resource ID 0xffffffff.
10-23 14:55:38.456  5002  5074 E gs.intelligence: No package ID ff found for resource ID 0xffffffff.
10-23 14:55:38.456  5002  5074 E gs.intelligence: No package ID ff found for resource ID 0xffffffff.
10-23 14:55:38.456  5002  5074 E gs.intelligence: No package ID ff found for resource ID 0xffffffff.
10-23 14:55:38.456  5002  5074 E gs.intelligence: No package ID ff found for resource ID 0xffffffff.
10-23 14:55:38.456  5002  5074 E gs.intelligence: No package ID ff found for resource ID 0xffffffff.
10-23 14:55:38.456  5002  5074 E gs.intelligence: No package ID ff found for resource ID 0xffffffff.
10-23 14:55:38.456  5002  5074 E gs.intelligence: No package ID ff found for resource ID 0xffffffff.
10-23 14:55:38.456  5002  5074 E gs.intelligence: No package ID ff found for resource ID 0xffffffff.
10-23 14:55:38.456  5002  5074 E gs.intelligence: No package ID ff found for resource ID 0xffffffff.
10-23 14:55:38.456  5002  5074 E gs.intelligence: No package ID ff found for resource ID 0xffffffff.
10-23 14:55:38.456  5002  5074 E gs.intelligence: No package ID ff found for resource ID 0xffffffff.
10-23 14:55:38.456  5002  5074 E gs.intelligence: No package ID ff found for resource ID 0xffffffff.
10-23 14:55:38.457  5002  5074 W IndexDataConverter: Skipping index for null-key item IndexData.Builder {title: Night Light,package: com.android.settings}
10-23 14:55:38.457  5002  5074 E gs.intelligence: No package ID ff found for resource ID 0xffffffff.
10-23 14:55:38.457  5002  5074 E gs.intelligence: No package ID ff found for resource ID 0xffffffff.
10-23 14:55:38.457  5002  5074 E gs.intelligence: No package ID ff found for resource ID 0xffffffff.
10-23 14:55:38.457  5002  5074 E gs.intelligence: No package ID ff found for resource ID 0xffffffff.
10-23 14:55:38.457  5002  5074 E gs.intelligence: No package ID ff found for resource ID 0xffffffff.
10-23 14:55:38.457  5002  5074 E gs.intelligence: No package ID ff found for resource ID 0xffffffff.
10-23 14:55:38.457  5002  5074 E gs.intelligence: No package ID ff found for resource ID 0xffffffff.
10-23 14:55:38.457  5002  5074 E gs.intelligence: No package ID ff found for resource ID 0xffffffff.
10-23 14:55:38.457  5002  5074 E gs.intelligence: No package ID ff found for resource ID 0xffffffff.
10-23 14:55:38.457  5002  5074 E gs.intelligence: No package ID ff found for resource ID 0xffffffff.
10-23 14:55:38.458  5002  5074 E gs.intelligence: No package ID ff found for resource ID 0xffffffff.
10-23 14:55:38.461  5002  5074 E gs.intelligence: No package ID ff found for resource ID 0xffffffff.
10-23 14:55:38.462  1468  3880 I ModuleSetMgr: Pending container module APKs: []
10-23 14:55:38.462  1468  3880 I ModuleSetMgr: Pending non-container module APKs: []
10-23 14:55:38.469  5002  5074 E gs.intelligence: No package ID ff found for resource ID 0xffffffff.
10-23 14:55:38.469  5002  5074 E gs.intelligence: No package ID ff found for resource ID 0xffffffff.
10-23 14:55:38.469  5002  5074 E gs.intelligence: No package ID ff found for resource ID 0xffffffff.
10-23 14:55:38.469  5002  5074 E gs.intelligence: No package ID ff found for resource ID 0xffffffff.
10-23 14:55:38.470  5002  5074 E gs.intelligence: No package ID ff found for resource ID 0xffffffff.
10-23 14:55:38.470  5002  5074 E gs.intelligence: No package ID ff found for resource ID 0xffffffff.
10-23 14:55:38.471  5002  5074 E gs.intelligence: No package ID ff found for resource ID 0xffffffff.
10-23 14:55:38.475  5002  5074 E gs.intelligence: No package ID ff found for resource ID 0xffffffff.
10-23 14:55:38.475  5002  5074 E gs.intelligence: No package ID ff found for resource ID 0xffffffff.
10-23 14:55:38.476  5002  5074 E gs.intelligence: No package ID ff found for resource ID 0xffffffff.
10-23 14:55:38.477  5002  5074 E gs.intelligence: No package ID ff found for resource ID 0xffffffff.
10-23 14:55:38.477  5002  5074 E gs.intelligence: No package ID ff found for resource ID 0xffffffff.
10-23 14:55:38.477  5002  5074 E gs.intelligence: No package ID ff found for resource ID 0xffffffff.
10-23 14:55:38.477  5002  5074 E gs.intelligence: No package ID ff found for resource ID 0xffffffff.
10-23 14:55:38.477  5002  5074 E gs.intelligence: No package ID ff found for resource ID 0xffffffff.
10-23 14:55:38.477  5002  5074 E gs.intelligence: No package ID ff found for resource ID 0xffffffff.
10-23 14:55:38.478  5002  5074 E gs.intelligence: No package ID ff found for resource ID 0xffffffff.
10-23 14:55:38.478  5002  5074 E gs.intelligence: No package ID ff found for resource ID 0xffffffff.
10-23 14:55:38.478  5002  5074 W IndexDataConverter: Skipping index for null-key item IndexData.Builder {title: Idle lock screen,package: com.android.settings}
10-23 14:55:38.478  5002  5074 E gs.intelligence: No package ID ff found for resource ID 0xffffffff.
10-23 14:55:38.478  5002  5074 E gs.intelligence: No package ID ff found for resource ID 0xffffffff.
10-23 14:55:38.478  5002  5074 E gs.intelligence: No package ID ff found for resource ID 0xffffffff.
10-23 14:55:38.478  5002  5074 E gs.intelligence: No package ID ff found for resource ID 0xffffffff.
10-23 14:55:38.478  5002  5074 E gs.intelligence: No package ID ff found for resource ID 0xffffffff.
10-23 14:55:38.478  5002  5074 E gs.intelligence: No package ID ff found for resource ID 0xffffffff.
10-23 14:55:38.478  5002  5074 E gs.intelligence: No package ID ff found for resource ID 0xffffffff.
10-23 14:55:38.478  5002  5074 E gs.intelligence: No package ID ff found for resource ID 0xffffffff.
