10-23 14:55:35.646  3911  4165 I TestRunner: started: navigate_to_start_order_from_checkout_via_submit(com.example.lunchtray.NavigationTests)
10-23 14:55:35.658  1468  1511 W SystemServiceRegistry: No service published for: persistent_data_block
10-23 14:55:35.664   351   351 D Zygote  : Forked child process 5217
10-23 14:55:35.671  1468  5212 I Auth    : [FRP,FrpUpdateIntentOperation] FRP is not supported for this device / user
10-23 14:55:35.672  5002  5204 W MetricsFeatureProvider: Disabled westworld logs writing!!!
10-23 14:55:35.680  5175  5175 V GraphicsEnvironment: Currently set values for:
10-23 14:55:35.680  5175  5175 V GraphicsEnvironment:   angle_gl_driver_selection_pkgs=[]
10-23 14:55:35.680  5175  5175 V GraphicsEnvironment:   angle_gl_driver_selection_values=[]
10-23 14:55:35.683  5175  5175 V GraphicsEnvironment: ANGLE GameManagerService for com.google.android.apps.messaging: false
10-23 14:55:35.683  5175  5175 V GraphicsEnvironment: com.google.android.apps.messaging is not listed in per-application setting
10-23 14:55:35.683  5175  5175 V GraphicsEnvironment: Neither updatable production driver nor prerelease driver is supported.
10-23 14:55:35.688  5217  5217 I nect.controller: Using CollectorTypeCC GC.
10-23 14:55:35.688  5002  5204 W MetricsFeatureProvider: Disabled westworld logs writing!!!
10-23 14:55:35.689  5217  5217 W nect.controller: Unexpected CPU variant for x86: x86_64.
10-23 14:55:35.689  5217  5217 W nect.controller: Known variants: atom, sandybridge, silvermont, goldmont, goldmont-plus, tremont, kabylake, default
10-23 14:55:35.693  5002  5204 W MetricsFeatureProvider: Disabled westworld logs writing!!!
10-23 14:55:35.694  5217  5217 E nect.controller: Not starting debugger since process cannot load the jdwp agent.
10-23 14:55:35.703  5002  5092 W MetricsFeatureProvider: Disabled westworld logs writing!!!
10-23 14:55:35.703  5210  5210 I .android.gms.ui: Using CollectorTypeCC GC.
10-23 14:55:35.703  5002  5092 W MetricsFeatureProvider: Disabled westworld logs writing!!!
10-23 14:55:35.703  5002  5092 W MetricsFeatureProvider: Disabled westworld logs writing!!!
10-23 14:55:35.704  5002  5092 W MetricsFeatureProvider: Disabled westworld logs writing!!!
10-23 14:55:35.704  5210  5210 W .android.gms.ui: Unexpected CPU variant for x86: x86_64.
10-23 14:55:35.704  5210  5210 W .android.gms.ui: Known variants: atom, sandybridge, silvermont, goldmont, goldmont-plus, tremont, kabylake, default
10-23 14:55:35.705  5002  5092 W MetricsFeatureProvider: Disabled westworld logs writing!!!
10-23 14:55:35.705  5002  5092 W MetricsFeatureProvider: Disabled westworld logs writing!!!
10-23 14:55:35.706  5002  5174 W MetricsFeatureProvider: Disabled westworld logs writing!!!
10-23 14:55:35.706  5002  5174 W MetricsFeatureProvider: Disabled westworld logs writing!!!
10-23 14:55:35.706  5002  5174 W MetricsFeatureProvider: Disabled westworld logs writing!!!
10-23 14:55:35.706  5002  5174 W MetricsFeatureProvider: Disabled westworld logs writing!!!
10-23 14:55:35.713  5210  5210 E .android.gms.ui: Not starting debugger since process cannot load the jdwp agent.
10-23 14:55:35.726  3911  3911 D LifecycleMonitor: Lifecycle status change: androidx.fragment.app.testing.FragmentScenario$EmptyFragmentActivity@403826e in: DESTROYED
10-23 14:55:35.726  3911  3911 V ActivityScenario: Update currentActivityStage to DESTROYED, currentActivity=null
10-23 14:55:35.727  3911  3911 V ActivityScenario: Update currentActivityStage to DESTROYED, currentActivity=null
10-23 14:55:35.731  1575  3662 I SettingsSearchIndexablesProvider: SettingsSearchIndexablesProvider.queryXmlResources():81 queryXmlResources
10-23 14:55:35.745  5002  5092 W MetricsFeatureProvider: Disabled westworld logs writing!!!
10-23 14:55:35.745  5217  5217 D CompatibilityChangeReporter: Compat change id reported: 171979766; UID 10173; state: ENABLED
10-23 14:55:35.745  5217  5217 D CompatibilityChangeReporter: Compat change id reported: 242716250; UID 10173; state: ENABLED
10-23 14:55:35.746  5002  5088 W MetricsFeatureProvider: Disabled westworld logs writing!!!
10-23 14:55:35.753  5002  5091 W MetricsFeatureProvider: Disabled westworld logs writing!!!
10-23 14:55:35.753  5002  5089 W MetricsFeatureProvider: Disabled westworld logs writing!!!
10-23 14:55:35.754  5002  5170 W RemoteCallableBase: Null cursor. Cannot add index data for Uri: content://com.android.emergency/settings/indexables_xml_res
10-23 14:55:35.754  5002  5170 W MetricsFeatureProvider: Disabled westworld logs writing!!!
10-23 14:55:35.755  1575  3662 I SettingsSearchIndexablesProvider: SettingsSearchIndexablesProvider.queryRawData():89 queryRawData
10-23 14:55:35.762  5002  5170 W RemoteCallableBase: Null cursor. Cannot add index data for Uri: content://com.android.emergency/settings/indexables_raw
10-23 14:55:35.762  5002  5170 W MetricsFeatureProvider: Disabled westworld logs writing!!!
10-23 14:55:35.762  5002  5092 W MetricsFeatureProvider: Disabled westworld logs writing!!!
10-23 14:55:35.790  1575  3662 W ListPreference: Setting a summary with a String formatting marker is no longer supported. You should use a SummaryProvider instead.
10-23 14:55:35.790  1575  3662 W ListPreference: Setting a summary with a String formatting marker is no longer supported. You should use a SummaryProvider instead.
10-23 14:55:35.791  1575  3662 W ListPreference: Setting a summary with a String formatting marker is no longer supported. You should use a SummaryProvider instead.
10-23 14:55:35.800  5002  5170 W RemoteCallableBase: Null cursor. Cannot add index data for Uri: content://com.android.emergency/settings/non_indexables_key
10-23 14:55:35.800  5002  5090 W MetricsFeatureProvider: Disabled westworld logs writing!!!
10-23 14:55:35.800  5002  5170 W MetricsFeatureProvider: Disabled westworld logs writing!!!
10-23 14:55:35.801  5002  5170 W MetricsFeatureProvider: Disabled westworld logs writing!!!
10-23 14:55:35.804  3911  3911 V ActivityScenario: Update currentActivityStage to DESTROYED, currentActivity=null
10-23 14:55:35.804  3911  3911 V ActivityScenario: Update currentActivityStage to DESTROYED, currentActivity=null
10-23 14:55:35.814  5175  5175 I MultiDex: Installing application
10-23 14:55:35.825  1348  4107 I Auth    : [WorkAccountServiceImpl] init work authenticator
10-23 14:55:35.833  5175  5175 I MultiDex: VM with version 2.1.0 has multidex support
10-23 14:55:35.833  5175  5175 I MultiDex: VM has multidex support, MultiDex support library is disabled.
10-23 14:55:35.851  3911  3911 V ActivityScenario: Update currentActivityStage to DESTROYED, currentActivity=null
10-23 14:55:35.851  5002  5089 W MetricsFeatureProvider: Disabled westworld logs writing!!!
10-23 14:55:35.853   871   905 I SafetyCenterResContext: Found Safety Center resources APK at: com.google.android.safetycenter.resources
10-23 14:55:35.892  1468  5212 I Ads     : Initialized AdMob in container 23.18.18 (190800-535401451)
10-23 14:55:35.900  5217  5217 D ApplicationLoaders: Returning zygote-cached class loader: /system_ext/framework/androidx.window.extensions.jar
10-23 14:55:35.900  5217  5217 D ApplicationLoaders: Returning zygote-cached class loader: /system_ext/framework/androidx.window.sidecar.jar
10-23 14:55:35.902  1468  5212 I Auth    : [SupervisedAccountIntentOperation] onHandleIntent(): android.intent.action.BOOT_COMPLETED
10-23 14:55:35.902  1468  5212 I Auth    : [SupervisedAccountIntentOperation] This operation is disabled
10-23 14:55:35.903  1468  5212 W Auth    : [PubsubPeriodicSyncherRuntimeInit] Initializing periodic tasks, IntentAction=android.intent.action.BOOT_COMPLETED, InitRuntimeState=2
10-23 14:55:35.915  5217  5217 D nativeloader: Configuring clns-shared-6 for other apk /system/framework/org.apache.http.legacy.jar. target_sdk_version=34, uses_libraries=ALL, library_path=/apex/com.android.healthfitness/priv-app/HealthConnectControllerGoogle@340818020/lib/x86_64:/system/lib64:/system_ext/lib64, permitted_path=/data:/mnt/expand:/data/user/0/com.google.android.healthconnect.controller:/apex/com.android.healthfitness/priv-app/HealthConnectControllerGoogle@340818020:/system/lib64:/system_ext/lib64
10-23 14:55:35.941  1468  5212 I RecoverableKeyStoreGms: [RecoverableKeyStoreGmsInitOperation] Initializing auth_folsom
10-23 14:55:35.942  1468  5212 W RecoverableKeyStoreGms: [RecoverableKeyStoreGmsInitOperation] Cannot initialize the RecoverableKeyStoreGms module - Android ID has not yet been set! [CONTEXT service_id=172 ]
10-23 14:55:35.944  1468  5247 I Authzen : [AuthZenEventHandler] Handling event: android.intent.action.BOOT_COMPLETED
10-23 14:55:35.945  1468  5247 I Authzen : [TransactionCache] Clearing transaction cache
10-23 14:55:35.950  5217  5217 D nativeloader: Configuring clns-shared-7 for other apk /apex/com.android.healthfitness/priv-app/HealthConnectControllerGoogle@340818020/HealthConnectControllerGoogle.apk. target_sdk_version=34, uses_libraries=, library_path=/apex/com.android.healthfitness/priv-app/HealthConnectControllerGoogle@340818020/lib/x86_64:/system/lib64:/system_ext/lib64, permitted_path=/data:/mnt/expand:/data/user/0/com.google.android.healthconnect.controller:/apex/com.android.healthfitness/priv-app/HealthConnectControllerGoogle@340818020:/system/lib64:/system_ext/lib64
10-23 14:55:35.950  1348  5130 W EasyUnlock: [EasyUnlockSupportReporterIntentOperation] Invalid account list. [CONTEXT service_id=234 ]
10-23 14:55:35.953  5002  5091 W MetricsFeatureProvider: Disabled westworld logs writing!!!
10-23 14:55:35.955  5002  5214 W MetricsFeatureProvider: Disabled westworld logs writing!!!
10-23 14:55:35.957  5217  5217 D nativeloader: InitApexLibraries:
10-23 14:55:35.957  5217  5217 D nativeloader:   com_android_adservices: libhpke_jni.so:libtflite_support_classifiers_native.so
10-23 14:55:35.957  5217  5217 D nativeloader:   com_android_appsearch: libicing.so
10-23 14:55:35.957  5217  5217 D nativeloader:   com_android_art: libartservice.so
10-23 14:55:35.957  5217  5217 D nativeloader:   com_android_btservices: libbluetooth_jni.so
10-23 14:55:35.957  5217  5217 D nativeloader:   com_android_conscrypt: libjavacrypto.so
10-23 14:55:35.957  5217  5217 D nativeloader:   com_android_extservices: libtflite_support_classifiers_native.so
10-23 14:55:35.957  5217  5217 D nativeloader:   com_android_os_statsd: libstats_jni.so
10-23 14:55:35.957  5217  5217 D nativeloader:   com_android_tethering: libandroid_net_connectivity_com_android_net_module_util_jni.so:libcronet.114.0.5735.84.so:libframework-connectivity-jni.so:libframework-connectivity-tiramisu-jni.so:libservice-connectivity.so
10-23 14:55:35.957  5217  5217 D nativeloader:   com_android_uwb: libuwb_uci_jni_rust.so
10-23 14:55:35.957  5217  5217 D nativeloader:   com_android_virt: libvirtualizationservice_jni.so:libvirtualmachine_jni.so
10-23 14:55:35.962  5002  5214 W MetricsFeatureProvider: Disabled westworld logs writing!!!
10-23 14:55:35.971  1468  5212 I Auth    : [AuthManaged, PasswordComplexityHelperImpl] Updating password complexity components state.
10-23 14:55:35.971  1468  5212 I Auth    : [AuthManaged, PasswordComplexityHelperImpl] Disabling com.google.android.gms.auth.managed.admin.DeviceAdminReceiver
10-23 14:55:35.975  1468  5212 I Auth    : [AuthManaged, PasswordComplexityHelperImpl] Disabling com.google.android.gms.auth.managed.ui.SetNewPasswordActivity
10-23 14:55:35.975  1468  5212 I Auth    : [AuthManaged, AuthManagedModuleInitIntentOperation] enabling com.google.android.gms.auth.managed.ui.EmmActivity
10-23 14:55:35.975  1468  5212 I Auth    : [AuthManaged, AuthManagedModuleInitIntentOperation] enabling com.google.android.gms.auth.managed.ui.PhoneskyDpcInstallActivity
10-23 14:55:35.976  1468  5212 W Auth    : [AuthManaged, SettingsSecurityDeviceOwnerChimeraActivity] device owner: n/a
10-23 14:55:35.976  1468  5212 I Auth    : [AuthManaged, AuthManagedModuleInitIntentOperation] disabling com.google.android.gms.auth.managed.ui.SettingsSecurityDeviceOwnerActivity
10-23 14:55:35.976  1468  5212 I Auth    : [AuthManaged, PasswordComplexityHelperImpl] Updating password complexity components state.
10-23 14:55:35.976  1468  5212 I Auth    : [AuthManaged, PasswordComplexityHelperImpl] Disabling com.google.android.gms.auth.managed.admin.DeviceAdminReceiver
10-23 14:55:35.976  1468  5212 I Auth    : [AuthManaged, PasswordComplexityHelperImpl] Disabling com.google.android.gms.auth.managed.ui.SetNewPasswordActivity
10-23 14:55:35.989  5002  5091 W MetricsFeatureProvider: Disabled westworld logs writing!!!
10-23 14:55:35.990  5002  5091 W MetricsFeatureProvider: Disabled westworld logs writing!!!
10-23 14:55:35.998   870   885 I ndroid.systemui: NativeAlloc concurrent copying GC freed 217848(10168KB) AllocSpace objects, 12(304KB) LOS objects, 49% free, 12MB/25MB, paused 40us,21us total 902.611ms
10-23 14:55:36.000  1468  5212 I AutofillModuleInitInten: AutofillModuleInitIntentOperation onInitRuntimeState(2) [CONTEXT service_id=177 ]
10-23 14:55:36.011  5002  5089 W MetricsFeatureProvider: Disabled westworld logs writing!!!
10-23 14:55:36.014  5002  5088 W MetricsFeatureProvider: Disabled westworld logs writing!!!
10-23 14:55:36.017  1348  3951 W EasyUnlock: [HostValidator] Invalid account list. [CONTEXT service_id=234 ]
10-23 14:55:36.023  5002  5088 W MetricsFeatureProvider: Disabled westworld logs writing!!!
10-23 14:55:36.041  5002  5088 W MetricsFeatureProvider: Disabled westworld logs writing!!!
10-23 14:55:36.048  5002  5090 W MetricsFeatureProvider: Disabled westworld logs writing!!!
10-23 14:55:36.054  5002  5089 W MetricsFeatureProvider: Disabled westworld logs writing!!!
10-23 14:55:36.075  5217  5217 V GraphicsEnvironment: Currently set values for:
10-23 14:55:36.075  5217  5217 V GraphicsEnvironment:   angle_gl_driver_selection_pkgs=[]
10-23 14:55:36.075  5217  5217 V GraphicsEnvironment:   angle_gl_driver_selection_values=[]
10-23 14:55:36.076  5217  5217 V GraphicsEnvironment: ANGLE GameManagerService for com.google.android.healthconnect.controller: false
10-23 14:55:36.076  5002  5214 W MetricsFeatureProvider: Disabled westworld logs writing!!!
10-23 14:55:36.084  5217  5217 V GraphicsEnvironment: com.google.android.healthconnect.controller is not listed in per-application setting
10-23 14:55:36.089  5217  5217 V GraphicsEnvironment: Neither updatable production driver nor prerelease driver is supported.
10-23 14:55:36.089  5002  5214 W MetricsFeatureProvider: Disabled westworld logs writing!!!
10-23 14:55:36.092  5175  5175 D CompatibilityChangeReporter: Compat change id reported: 3400644; UID 10122; state: ENABLED
10-23 14:55:36.123  3911  3911 V ActivityScenario: Update currentActivityStage to DESTROYED, currentActivity=null
10-23 14:55:36.124  3911  3911 W WindowOnBackDispatcher: sendCancelIfRunning: isInProgress=falsecallback=android.view.ViewRootImpl$$ExternalSyntheticLambda17@e0b631e
10-23 14:55:36.151  1348  1360 I .gms.persistent: Background young concurrent copying GC freed 281491(13MB) AllocSpace objects, 8(352KB) LOS objects, 47% free, 15MB/29MB, paused 28us,15us total 528.443ms
10-23 14:55:36.204  5210  5210 D CompatibilityChangeReporter: Compat change id reported: 171979766; UID 10124; state: ENABLED
10-23 14:55:36.204  5210  5210 D CompatibilityChangeReporter: Compat change id reported: 242716250; UID 10124; state: DISABLED
10-23 14:55:36.206   524  2031 W InputManager-JNI: Input channel object '6ca7d3 com.example.lunchtray/androidx.fragment.app.testing.FragmentScenario$EmptyFragmentActivity (client)' was disposed without first being removed with the input manager!
10-23 14:55:36.217  3911  3911 I Choreographer: Skipped 34 frames!  The application may be doing too much work on its main thread.
10-23 14:55:36.220  5210  5210 D nativeloader: Configuring clns-6 for other apk /system/framework/org.apache.http.legacy.jar. target_sdk_version=33, uses_libraries=ALL, library_path=/product/priv-app/PrebuiltGmsCore/lib/x86_64:/product/priv-app/PrebuiltGmsCore/PrebuiltGmsCore.apk!/lib/x86_64, permitted_path=/data:/mnt/expand:/data/user/0/com.google.android.gms
10-23 14:55:36.223  5210  5210 D nativeloader: Configuring clns-7 for other apk /system/framework/com.android.media.remotedisplay.jar. target_sdk_version=33, uses_libraries=ALL, library_path=/product/priv-app/PrebuiltGmsCore/lib/x86_64:/product/priv-app/PrebuiltGmsCore/PrebuiltGmsCore.apk!/lib/x86_64, permitted_path=/data:/mnt/expand:/data/user/0/com.google.android.gms
10-23 14:55:36.227  5210  5210 D nativeloader: Configuring clns-8 for other apk /system/framework/com.android.location.provider.jar. target_sdk_version=33, uses_libraries=ALL, library_path=/product/priv-app/PrebuiltGmsCore/lib/x86_64:/product/priv-app/PrebuiltGmsCore/PrebuiltGmsCore.apk!/lib/x86_64, permitted_path=/data:/mnt/expand:/data/user/0/com.google.android.gms
10-23 14:55:36.228  5210  5210 D ApplicationLoaders: Returning zygote-cached class loader: /system_ext/framework/androidx.window.extensions.jar
10-23 14:55:36.228  5210  5210 D ApplicationLoaders: Returning zygote-cached class loader: /system_ext/framework/androidx.window.sidecar.jar
10-23 14:55:36.249  5175  5206 I Bugle   : MessagesSearchIndexablesProvider: Querying XmlResources.
10-23 14:55:36.262  3911  4165 W Settings: Setting always_finish_activities has moved from android.provider.Settings.System to android.provider.Settings.Global, returning read-only value.
10-23 14:55:36.269  5002  5093 W MetricsFeatureProvider: Disabled westworld logs writing!!!
10-23 14:55:36.272  5210  5210 D nativeloader: InitLlndkLibrariesProduct: libEGL.so:libGLESv1_CM.so:libGLESv2.so:libGLESv3.so:libRS.so:libandroid_net.so:libbinder_ndk.so:libc.so:libcgrouprc.so:libclang_rt.asan-x86_64-android.so:libcom.android.tethering.connectivity_native.so:libdl.so:libft2.so:liblog.so:libm.so:libmediandk.so:libnativewindow.so:libneuralnetworks.so:libselinux.so:libsync.so:libvndksupport.so:libvulkan.so
10-23 14:55:36.272  5210  5210 D nativeloader: Configuring product-clns-9 for unbundled product apk /product/priv-app/PrebuiltGmsCore/PrebuiltGmsCore.apk. target_sdk_version=33, uses_libraries=, library_path=/product/priv-app/PrebuiltGmsCore/lib/x86_64:/product/priv-app/PrebuiltGmsCore/PrebuiltGmsCore.apk!/lib/x86_64:/product/lib64:/system/product/lib64, permitted_path=/data:/mnt/expand:/data/user/0/com.google.android.gms:/product/lib64:/system/product/lib64
10-23 14:55:36.274  5210  5210 D nativeloader: InitVndkspLibrariesProduct: android.hardware.common-V2-ndk.so:android.hardware.common.fmq-V1-ndk.so:android.hardware.graphics.allocator-V2-ndk.so:android.hardware.graphics.common-V4-ndk.so:android.hardware.graphics.common@1.0.so:android.hardware.graphics.common@1.1.so:android.hardware.graphics.common@1.2.so:android.hardware.graphics.composer3-V1-ndk.so:android.hardware.graphics.mapper@2.0.so:android.hardware.graphics.mapper@2.1.so:android.hardware.graphics.mapper@3.0.so:android.hardware.graphics.mapper@4.0.so:android.hardware.renderscript@1.0.so:android.hidl.memory.token@1.0.so:android.hidl.memory@1.0-impl.so:android.hidl.memory@1.0.so:android.hidl.safe_union@1.0.so:libRSCpuRef.so:libRSDriver.so:libRS_internal.so:libbase.so:libbcinfo.so:libblas.so:libc++.so:libcompiler_rt.so:libcutils.so:libdmabufheap.so:libgralloctypes.so:libhardware.so:libhidlbase.so:libhidlmemory.so:libion.so:libjsoncpp.so:liblzma.so:libprocessgroup.so:libunwindstack.so:libutils.so:libutilscallstack.so:libz.so
10-23 14:55:36.304   870   947 D EGL_emulation: app_time_stats: avg=14.54ms min=0.97ms max=173.30ms count=28
10-23 14:55:36.309  5002  5093 W MetricsFeatureProvider: Disabled westworld logs writing!!!
10-23 14:55:36.314  1468  1468 D BoundBrokerSvc: onBind: Intent { act=com.google.android.gms.common.BIND_SHARED_PREFS pkg=com.google.android.gms }
10-23 14:55:36.314  1468  1468 D BoundBrokerSvc: Loading bound service for intent: Intent { act=com.google.android.gms.common.BIND_SHARED_PREFS pkg=com.google.android.gms }
10-23 14:55:36.317  5210  5210 V GraphicsEnvironment: Currently set values for:
10-23 14:55:36.317  5210  5210 V GraphicsEnvironment:   angle_gl_driver_selection_pkgs=[]
10-23 14:55:36.317  5210  5210 V GraphicsEnvironment:   angle_gl_driver_selection_values=[]
10-23 14:55:36.317  5210  5210 V GraphicsEnvironment: ANGLE GameManagerService for com.google.android.gms: false
10-23 14:55:36.318  5210  5210 V GraphicsEnvironment: com.google.android.gms is not listed in per-application setting
10-23 14:55:36.318  5210  5210 V GraphicsEnvironment: Neither updatable production driver nor prerelease driver is supported.
10-23 14:55:36.322  5002  5093 W MetricsFeatureProvider: Disabled westworld logs writing!!!
10-23 14:55:36.325  5002  5093 W MetricsFeatureProvider: Disabled westworld logs writing!!!
10-23 14:55:36.327  1468  4924 I Backup  : [TargetEnabler] Setting target components to enabled = false
10-23 14:55:36.328  5002  5090 W MetricsFeatureProvider: Disabled westworld logs writing!!!
10-23 14:55:36.331  5002  5090 W MetricsFeatureProvider: Disabled westworld logs writing!!!
10-23 14:55:36.333  5175  5258 W .apps.messaging: Accessing hidden field Ljava/util/Collections$SynchronizedCollection;->mutex:Ljava/lang/Object; (max-target-o, reflection, denied)
10-23 14:55:36.336  1468  4924 I Backup  : [TargetEnabler] Enabling D2dMigrateHelperService on non-Pixel on P+
10-23 14:55:36.336  5175  5258 W .apps.messaging: Accessing hidden method Ljava/util/Collections$SynchronizedSet;-><init>(Ljava/util/Set;Ljava/lang/Object;)V (max-target-o, reflection, denied)
10-23 14:55:36.336  5175  5258 W .apps.messaging: Accessing hidden method Ljava/util/Collections$SynchronizedCollection;-><init>(Ljava/util/Collection;Ljava/lang/Object;)V (max-target-o, reflection, denied)
10-23 14:55:36.342  5175  5175 I cjbs    : SslGuard completed installation.
10-23 14:55:36.343   870   888 W System  : A resource failed to call release.
10-23 14:55:36.343   870   888 W System  : A resource failed to call release.
10-23 14:55:36.343   870   888 W System  : A resource failed to call release.
10-23 14:55:36.343   870   888 W System  : A resource failed to call release.
10-23 14:55:36.343   870   888 W System  : A resource failed to call release.
10-23 14:55:36.343   870   888 W System  : A resource failed to call release.
10-23 14:55:36.343   870   888 W System  : A resource failed to call release.
10-23 14:55:36.343   870   888 W System  : A resource failed to call release.
10-23 14:55:36.343   870   888 W System  : A resource failed to call release.
10-23 14:55:36.343   870   888 W System  : A resource failed to call release.
10-23 14:55:36.343   870   888 W System  : A resource failed to call release.
10-23 14:55:36.351  1468  4924 I Backup  : [SourceEnabler] Setting source components to enabled = true
10-23 14:55:36.362  5175  5175 I Bugle   : BugleApplicationBase: Bugle version: messages.android_20230529_03_rc01_alldpi.x86_64.phone
10-23 14:55:36.365  5175  5175 I Bugle   : DarkModeManager: setDarkMode: -1
10-23 14:55:36.367   870   888 W System  : A resource failed to call release.
10-23 14:55:36.367   870   888 W System  : A resource failed to call release.
10-23 14:55:36.367   870   888 W System  : A resource failed to call release.
10-23 14:55:36.367   870   888 W System  : A resource failed to call release.
10-23 14:55:36.367   870   888 W System  : A resource failed to call release.
10-23 14:55:36.367   870   888 W System  : A resource failed to call release.
10-23 14:55:36.367   870   888 W System  : A resource failed to call HardwareBuffer.close.
10-23 14:55:36.368  1468  4924 W Backup  : [ComponentEnablerUtil] Unable to set component 'com.google.android.gms.backup.component.CloudRestoreFlowActivity' to enabled=true
10-23 14:55:36.373  1468  4924 W Backup  : [ComponentEnablerUtil] Unable to set component 'com.google.android.gms.backup.component.RestoreSessionV0Service' to enabled=true
10-23 14:55:36.373  1468  4924 W Backup  : [ComponentEnablerUtil] Unable to set component 'com.google.android.gms.backup.component.D2dMigrateFlowActivity' to enabled=false
10-23 14:55:36.375  5002  5173 W MetricsFeatureProvider: Disabled westworld logs writing!!!
10-23 14:55:36.374   870   888 W System  : A resource failed to call release.
10-23 14:55:36.380   870   888 W System  : A resource failed to call release.
10-23 14:55:36.380   870   888 W System  : A resource failed to call release.
10-23 14:55:36.381   870   888 W System  : A resource failed to call release.
10-23 14:55:36.381   870   888 W System  : A resource failed to call release.
10-23 14:55:36.381   870   888 W System  : A resource failed to call release.
10-23 14:55:36.385  5002  5173 W MetricsFeatureProvider: Disabled westworld logs writing!!!
10-23 14:55:36.388  5175  5206 I Bugle   : MessagesSearchIndexablesProvider: Querying NonIndexableKeys.
10-23 14:55:36.389   870   888 W System  : A resource failed to call release.
10-23 14:55:36.389   870   888 W System  : A resource failed to call release.
10-23 14:55:36.389   870   888 W System  : A resource failed to call release.
10-23 14:55:36.389   870   888 W System  : A resource failed to call release.
10-23 14:55:36.389   870   888 W System  : A resource failed to call release.
10-23 14:55:36.389   870   888 W System  : A resource failed to call release.
10-23 14:55:36.392  5002  5173 W MetricsFeatureProvider: Disabled westworld logs writing!!!
10-23 14:55:36.395  5002  5173 W MetricsFeatureProvider: Disabled westworld logs writing!!!
10-23 14:55:36.397   416   416 I BpBinder: onLastStrongRef automatically unlinking death recipients:
10-23 14:55:36.404  5175  5264 I SnapshotHandler: Unable to retrieve flag snapshot for com.google.android.libraries.performance.primes#com.google.android.apps.messaging, using defaults.
10-23 14:55:36.409  1468  1468 D BoundBrokerSvc: onUnbind: Intent { act=com.google.android.gms.common.BIND_SHARED_PREFS pkg=com.google.android.gms }
10-23 14:55:36.411   870   947 E OpenGLRenderer: Unable to match the desired swap behavior.
10-23 14:55:36.412  3911  3911 D LifecycleMonitor: Lifecycle status change: androidx.test.core.app.InstrumentationActivityInvoker$BootstrapActivity@1da89 in: PRE_ON_CREATE
10-23 14:55:36.415   870   888 W System  : A resource failed to call release.
10-23 14:55:36.415   870   888 W System  : A resource failed to call release.
10-23 14:55:36.415   870   888 W System  : A resource failed to call release.
10-23 14:55:36.415   870   888 W System  : A resource failed to call release.
10-23 14:55:36.415   870   888 W System  : A resource failed to call release.
10-23 14:55:36.415   870   888 W System  : A resource failed to call release.
10-23 14:55:36.415  3911  3911 V ActivityScenario: Activity lifecycle changed event received but ignored because the intent does not match. startActivityIntent=Intent { act=android.intent.action.MAIN cat=[android.intent.category.LAUNCHER] cmp=com.example.lunchtray/androidx.fragment.app.testing.FragmentScenario$EmptyFragmentActivity (has extras) }, activity.getIntent()=Intent { act=android.intent.action.MAIN cat=[android.intent.category.LAUNCHER] flg=0x10008000 cmp=com.example.lunchtray/androidx.test.core.app.InstrumentationActivityInvoker$BootstrapActivity (has extras) }, activity=androidx.test.core.app.InstrumentationActivityInvoker$BootstrapActivity@1da89
10-23 14:55:36.416  3911  3911 V ActivityScenario: Activity lifecycle changed event received but ignored because the intent does not match. startActivityIntent=Intent { act=android.intent.action.MAIN cat=[android.intent.category.LAUNCHER] cmp=com.example.lunchtray/androidx.fragment.app.testing.FragmentScenario$EmptyFragmentActivity (has extras) }, activity.getIntent()=Intent { act=android.intent.action.MAIN cat=[android.intent.category.LAUNCHER] flg=0x10008000 cmp=com.example.lunchtray/androidx.test.core.app.InstrumentationActivityInvoker$BootstrapActivity (has extras) }, activity=androidx.test.core.app.InstrumentationActivityInvoker$BootstrapActivity@1da89
10-23 14:55:36.416  3911  3911 V ActivityScenario: Activity lifecycle changed event received but ignored because the intent does not match. startActivityIntent=Intent { act=android.intent.action.MAIN cat=[android.intent.category.LAUNCHER] cmp=com.example.lunchtray/androidx.fragment.app.testing.FragmentScenario$EmptyFragmentActivity (has extras) }, activity.getIntent()=Intent { act=android.intent.action.MAIN cat=[android.intent.category.LAUNCHER] flg=0x10008000 cmp=com.example.lunchtray/androidx.test.core.app.InstrumentationActivityInvoker$BootstrapActivity (has extras) }, activity=androidx.test.core.app.InstrumentationActivityInvoker$BootstrapActivity@1da89
10-23 14:55:36.416  3911  3911 V ActivityScenario: Activity lifecycle changed event received but ignored because the intent does not match. startActivityIntent=Intent { act=android.intent.action.MAIN cat=[android.intent.category.LAUNCHER] cmp=com.example.lunchtray/androidx.fragment.app.testing.FragmentScenario$EmptyFragmentActivity (has extras) }, activity.getIntent()=Intent { act=android.intent.action.MAIN cat=[android.intent.category.LAUNCHER] flg=0x10008000 cmp=com.example.lunchtray/androidx.test.core.app.InstrumentationActivityInvoker$BootstrapActivity (has extras) }, activity=androidx.test.core.app.InstrumentationActivityInvoker$BootstrapActivity@1da89
10-23 14:55:36.416  3911  3911 V ActivityScenario: Activity lifecycle changed event received but ignored because the intent does not match. startActivityIntent=Intent { act=android.intent.action.MAIN cat=[android.intent.category.LAUNCHER] cmp=com.example.lunchtray/androidx.fragment.app.testing.FragmentScenario$EmptyFragmentActivity (has extras) }, activity.getIntent()=Intent { act=android.intent.action.MAIN cat=[android.intent.category.LAUNCHER] flg=0x10008000 cmp=com.example.lunchtray/androidx.test.core.app.InstrumentationActivityInvoker$BootstrapActivity (has extras) }, activity=androidx.test.core.app.InstrumentationActivityInvoker$BootstrapActivity@1da89
10-23 14:55:36.417  3911  3911 V ActivityScenario: Activity lifecycle changed event received but ignored because the intent does not match. startActivityIntent=Intent { act=android.intent.action.MAIN cat=[android.intent.category.LAUNCHER] cmp=com.example.lunchtray/androidx.fragment.app.testing.FragmentScenario$EmptyFragmentActivity (has extras) }, activity.getIntent()=Intent { act=android.intent.action.MAIN cat=[android.intent.category.LAUNCHER] flg=0x10008000 cmp=com.example.lunchtray/androidx.test.core.app.InstrumentationActivityInvoker$BootstrapActivity (has extras) }, activity=androidx.test.core.app.InstrumentationActivityInvoker$BootstrapActivity@1da89
10-23 14:55:36.417  3911  3911 V ActivityScenario: Activity lifecycle changed event received but ignored because the intent does not match. startActivityIntent=Intent { act=android.intent.action.MAIN cat=[android.intent.category.LAUNCHER] cmp=com.example.lunchtray/androidx.fragment.app.testing.FragmentScenario$EmptyFragmentActivity (has extras) }, activity.getIntent()=Intent { act=android.intent.action.MAIN cat=[android.intent.category.LAUNCHER] flg=0x10008000 cmp=com.example.lunchtray/androidx.test.core.app.InstrumentationActivityInvoker$BootstrapActivity (has extras) }, activity=androidx.test.core.app.InstrumentationActivityInvoker$BootstrapActivity@1da89
10-23 14:55:36.424  1468  3290 I GoogleSettingsUtils: Updated ID in checkin_id_token file [CONTEXT service_id=130 ]
10-23 14:55:36.426   870   888 W System  : A resource failed to call release.
10-23 14:55:36.426   870   888 W System  : A resource failed to call release.
10-23 14:55:36.426   870   888 W System  : A resource failed to call release.
10-23 14:55:36.426   870   888 W System  : A resource failed to call release.
10-23 14:55:36.426   870   888 W System  : A resource failed to call release.
10-23 14:55:36.427   870   888 W System  : A resource failed to call release.
10-23 14:55:36.427   870   888 W System  : A resource failed to call release.
10-23 14:55:36.427   870   888 W System  : A resource failed to call release.
10-23 14:55:36.431  1132  1972 D EGL_emulation: app_time_stats: avg=55.31ms min=1.70ms max=813.94ms count=18
10-23 14:55:36.442  1468  1468 D BoundBrokerSvc: onBind: Intent { act=com.google.android.gms.common.BIND_SHARED_PREFS pkg=com.google.android.gms }
10-23 14:55:36.442  1468  1468 D BoundBrokerSvc: Loading bound service for intent: Intent { act=com.google.android.gms.common.BIND_SHARED_PREFS pkg=com.google.android.gms }
10-23 14:55:36.457  5175  5269 I Bugle   : Initializing EmojiCompat
10-23 14:55:36.460  3911  3911 D LifecycleMonitor: Lifecycle status change: androidx.test.core.app.InstrumentationActivityInvoker$BootstrapActivity@1da89 in: CREATED
10-23 14:55:36.461  3911  3911 V ActivityScenario: Activity lifecycle changed event received but ignored because the intent does not match. startActivityIntent=Intent { act=android.intent.action.MAIN cat=[android.intent.category.LAUNCHER] cmp=com.example.lunchtray/androidx.fragment.app.testing.FragmentScenario$EmptyFragmentActivity (has extras) }, activity.getIntent()=Intent { act=android.intent.action.MAIN cat=[android.intent.category.LAUNCHER] flg=0x10008000 cmp=com.example.lunchtray/androidx.test.core.app.InstrumentationActivityInvoker$BootstrapActivity (has extras) }, activity=androidx.test.core.app.InstrumentationActivityInvoker$BootstrapActivity@1da89
10-23 14:55:36.461  3911  3911 V ActivityScenario: Activity lifecycle changed event received but ignored because the intent does not match. startActivityIntent=Intent { act=android.intent.action.MAIN cat=[android.intent.category.LAUNCHER] cmp=com.example.lunchtray/androidx.fragment.app.testing.FragmentScenario$EmptyFragmentActivity (has extras) }, activity.getIntent()=Intent { act=android.intent.action.MAIN cat=[android.intent.category.LAUNCHER] flg=0x10008000 cmp=com.example.lunchtray/androidx.test.core.app.InstrumentationActivityInvoker$BootstrapActivity (has extras) }, activity=androidx.test.core.app.InstrumentationActivityInvoker$BootstrapActivity@1da89
10-23 14:55:36.462  5175  5269 I CarrierServices: [52] bqbp.b: Initializing Carrier Services Library.
10-23 14:55:36.463  3911  3911 V ActivityScenario: Activity lifecycle changed event received but ignored because the intent does not match. startActivityIntent=Intent { act=android.intent.action.MAIN cat=[android.intent.category.LAUNCHER] cmp=com.example.lunchtray/androidx.fragment.app.testing.FragmentScenario$EmptyFragmentActivity (has extras) }, activity.getIntent()=Intent { act=android.intent.action.MAIN cat=[android.intent.category.LAUNCHER] flg=0x10008000 cmp=com.example.lunchtray/androidx.test.core.app.InstrumentationActivityInvoker$BootstrapActivity (has extras) }, activity=androidx.test.core.app.InstrumentationActivityInvoker$BootstrapActivity@1da89
10-23 14:55:36.464  3911  3911 V ActivityScenario: Activity lifecycle changed event received but ignored because the intent does not match. startActivityIntent=Intent { act=android.intent.action.MAIN cat=[android.intent.category.LAUNCHER] cmp=com.example.lunchtray/androidx.fragment.app.testing.FragmentScenario$EmptyFragmentActivity (has extras) }, activity.getIntent()=Intent { act=android.intent.action.MAIN cat=[android.intent.category.LAUNCHER] flg=0x10008000 cmp=com.example.lunchtray/androidx.test.core.app.InstrumentationActivityInvoker$BootstrapActivity (has extras) }, activity=androidx.test.core.app.InstrumentationActivityInvoker$BootstrapActivity@1da89
10-23 14:55:36.465  3911  3911 V ActivityScenario: Activity lifecycle changed event received but ignored because the intent does not match. startActivityIntent=Intent { act=android.intent.action.MAIN cat=[android.intent.category.LAUNCHER] cmp=com.example.lunchtray/androidx.fragment.app.testing.FragmentScenario$EmptyFragmentActivity (has extras) }, activity.getIntent()=Intent { act=android.intent.action.MAIN cat=[android.intent.category.LAUNCHER] flg=0x10008000 cmp=com.example.lunchtray/androidx.test.core.app.InstrumentationActivityInvoker$BootstrapActivity (has extras) }, activity=androidx.test.core.app.InstrumentationActivityInvoker$BootstrapActivity@1da89
10-23 14:55:36.466  3911  3911 V ActivityScenario: Activity lifecycle changed event received but ignored because the intent does not match. startActivityIntent=Intent { act=android.intent.action.MAIN cat=[android.intent.category.LAUNCHER] cmp=com.example.lunchtray/androidx.fragment.app.testing.FragmentScenario$EmptyFragmentActivity (has extras) }, activity.getIntent()=Intent { act=android.intent.action.MAIN cat=[android.intent.category.LAUNCHER] flg=0x10008000 cmp=com.example.lunchtray/androidx.test.core.app.InstrumentationActivityInvoker$BootstrapActivity (has extras) }, activity=androidx.test.core.app.InstrumentationActivityInvoker$BootstrapActivity@1da89
10-23 14:55:36.467  3911  3911 V ActivityScenario: Activity lifecycle changed event received but ignored because the intent does not match. startActivityIntent=Intent { act=android.intent.action.MAIN cat=[android.intent.category.LAUNCHER] cmp=com.example.lunchtray/androidx.fragment.app.testing.FragmentScenario$EmptyFragmentActivity (has extras) }, activity.getIntent()=Intent { act=android.intent.action.MAIN cat=[android.intent.category.LAUNCHER] flg=0x10008000 cmp=com.example.lunchtray/androidx.test.core.app.InstrumentationActivityInvoker$BootstrapActivity (has extras) }, activity=androidx.test.core.app.InstrumentationActivityInvoker$BootstrapActivity@1da89
10-23 14:55:36.469  3911  3911 D LifecycleMonitor: Lifecycle status change: androidx.test.core.app.InstrumentationActivityInvoker$BootstrapActivity@1da89 in: STARTED
10-23 14:55:36.470  3911  3911 V ActivityScenario: Activity lifecycle changed event received but ignored because the intent does not match. startActivityIntent=Intent { act=android.intent.action.MAIN cat=[android.intent.category.LAUNCHER] cmp=com.example.lunchtray/androidx.fragment.app.testing.FragmentScenario$EmptyFragmentActivity (has extras) }, activity.getIntent()=Intent { act=android.intent.action.MAIN cat=[android.intent.category.LAUNCHER] flg=0x10008000 cmp=com.example.lunchtray/androidx.test.core.app.InstrumentationActivityInvoker$BootstrapActivity (has extras) }, activity=androidx.test.core.app.InstrumentationActivityInvoker$BootstrapActivity@1da89
10-23 14:55:36.470  3911  3911 V ActivityScenario: Activity lifecycle changed event received but ignored because the intent does not match. startActivityIntent=Intent { act=android.intent.action.MAIN cat=[android.intent.category.LAUNCHER] cmp=com.example.lunchtray/androidx.fragment.app.testing.FragmentScenario$EmptyFragmentActivity (has extras) }, activity.getIntent()=Intent { act=android.intent.action.MAIN cat=[android.intent.category.LAUNCHER] flg=0x10008000 cmp=com.example.lunchtray/androidx.test.core.app.InstrumentationActivityInvoker$BootstrapActivity (has extras) }, activity=androidx.test.core.app.InstrumentationActivityInvoker$BootstrapActivity@1da89
10-23 14:55:36.471  3911  3911 V ActivityScenario: Activity lifecycle changed event received but ignored because the intent does not match. startActivityIntent=Intent { act=android.intent.action.MAIN cat=[android.intent.category.LAUNCHER] cmp=com.example.lunchtray/androidx.fragment.app.testing.FragmentScenario$EmptyFragmentActivity (has extras) }, activity.getIntent()=Intent { act=android.intent.action.MAIN cat=[android.intent.category.LAUNCHER] flg=0x10008000 cmp=com.example.lunchtray/androidx.test.core.app.InstrumentationActivityInvoker$BootstrapActivity (has extras) }, activity=androidx.test.core.app.InstrumentationActivityInvoker$BootstrapActivity@1da89
10-23 14:55:36.472  3911  3911 V ActivityScenario: Activity lifecycle changed event received but ignored because the intent does not match. startActivityIntent=Intent { act=android.intent.action.MAIN cat=[android.intent.category.LAUNCHER] cmp=com.example.lunchtray/androidx.fragment.app.testing.FragmentScenario$EmptyFragmentActivity (has extras) }, activity.getIntent()=Intent { act=android.intent.action.MAIN cat=[android.intent.category.LAUNCHER] flg=0x10008000 cmp=com.example.lunchtray/androidx.test.core.app.InstrumentationActivityInvoker$BootstrapActivity (has extras) }, activity=androidx.test.core.app.InstrumentationActivityInvoker$BootstrapActivity@1da89
10-23 14:55:36.473  3911  3911 V ActivityScenario: Activity lifecycle changed event received but ignored because the intent does not match. startActivityIntent=Intent { act=android.intent.action.MAIN cat=[android.intent.category.LAUNCHER] cmp=com.example.lunchtray/androidx.fragment.app.testing.FragmentScenario$EmptyFragmentActivity (has extras) }, activity.getIntent()=Intent { act=android.intent.action.MAIN cat=[android.intent.category.LAUNCHER] flg=0x10008000 cmp=com.example.lunchtray/androidx.test.core.app.InstrumentationActivityInvoker$BootstrapActivity (has extras) }, activity=androidx.test.core.app.InstrumentationActivityInvoker$BootstrapActivity@1da89
10-23 14:55:36.474  3911  3911 V ActivityScenario: Activity lifecycle changed event received but ignored because the intent does not match. startActivityIntent=Intent { act=android.intent.action.MAIN cat=[android.intent.category.LAUNCHER] cmp=com.example.lunchtray/androidx.fragment.app.testing.FragmentScenario$EmptyFragmentActivity (has extras) }, activity.getIntent()=Intent { act=android.intent.action.MAIN cat=[android.intent.category.LAUNCHER] flg=0x10008000 cmp=com.example.lunchtray/androidx.test.core.app.InstrumentationActivityInvoker$BootstrapActivity (has extras) }, activity=androidx.test.core.app.InstrumentationActivityInvoker$BootstrapActivity@1da89
10-23 14:55:36.476  3911  3911 V ActivityScenario: Activity lifecycle changed event received but ignored because the intent does not match. startActivityIntent=Intent { act=android.intent.action.MAIN cat=[android.intent.category.LAUNCHER] cmp=com.example.lunchtray/androidx.fragment.app.testing.FragmentScenario$EmptyFragmentActivity (has extras) }, activity.getIntent()=Intent { act=android.intent.action.MAIN cat=[android.intent.category.LAUNCHER] flg=0x10008000 cmp=com.example.lunchtray/androidx.test.core.app.InstrumentationActivityInvoker$BootstrapActivity (has extras) }, activity=androidx.test.core.app.InstrumentationActivityInvoker$BootstrapActivity@1da89
10-23 14:55:36.490  1348  3478 I FontLog : Received query Noto Color Emoji Compat, URI content://com.google.android.gms.fonts [CONTEXT service_id=132 ]
10-23 14:55:36.491  1348  3478 I FontLog : Query [Noto Color Emoji Compat] resolved to {Noto Color Emoji Compat, wdth 100.0, wght 400, ital 0.0, bestEffort false} [CONTEXT service_id=132 ]
10-23 14:55:36.499  1468  1477 I gle.android.gms: Background young concurrent copying GC freed 101280(5186KB) AllocSpace objects, 98(4608KB) LOS objects, 35% free, 13MB/20MB, paused 3.796ms,15us total 708.133ms
10-23 14:55:36.504   524   534 I system_server: Background young concurrent copying GC freed 716277(23MB) AllocSpace objects, 25(836KB) LOS objects, 39% free, 30MB/51MB, paused 38us,1.118ms total 798.533ms
10-23 14:55:36.510  1468  3290 I CheckinResponseProcess: From server: 1549 gservices [full] [CONTEXT service_id=130 ]
10-23 14:55:36.515   524   536 W System  : A resource failed to call release.
10-23 14:55:36.517   524   536 W System  : A resource failed to call HardwareBuffer.close.
10-23 14:55:36.518   524   536 W System  : A resource failed to call HardwareBuffer.close.
10-23 14:55:36.518   524   536 W System  : A resource failed to call release.
10-23 14:55:36.530  1468  5211 I WakefulBroadcastRcvr: Processing wakeful broadcast: com.google.android.gms.checkin.CHECKIN_START_ACTION
10-23 14:55:36.538  5210  5210 D CompatibilityChangeReporter: Compat change id reported: 160794467; UID 10124; state: ENABLED
10-23 14:55:36.539  3911  3911 D LifecycleMonitor: Lifecycle status change: androidx.test.core.app.InstrumentationActivityInvoker$BootstrapActivity@1da89 in: RESUMED
10-23 14:55:36.540  1468  4924 I SyncIntentOperation: Handling the intent: Intent { act=android.intent.action.BOOT_COMPLETED flg=0x89000010 pkg=com.google.android.gms cmp=com.google.android.gms/.chimera.GmsIntentOperationService (has extras) }. [CONTEXT service_id=80 ]
10-23 14:55:36.540  3911  3911 V ActivityScenario: Activity lifecycle changed event received but ignored because the intent does not match. startActivityIntent=Intent { act=android.intent.action.MAIN cat=[android.intent.category.LAUNCHER] cmp=com.example.lunchtray/androidx.fragment.app.testing.FragmentScenario$EmptyFragmentActivity (has extras) }, activity.getIntent()=Intent { act=android.intent.action.MAIN cat=[android.intent.category.LAUNCHER] flg=0x10008000 cmp=com.example.lunchtray/androidx.test.core.app.InstrumentationActivityInvoker$BootstrapActivity (has extras) }, activity=androidx.test.core.app.InstrumentationActivityInvoker$BootstrapActivity@1da89
10-23 14:55:36.541  3911  3911 V ActivityScenario: Activity lifecycle changed event received but ignored because the intent does not match. startActivityIntent=Intent { act=android.intent.action.MAIN cat=[android.intent.category.LAUNCHER] cmp=com.example.lunchtray/androidx.fragment.app.testing.FragmentScenario$EmptyFragmentActivity (has extras) }, activity.getIntent()=Intent { act=android.intent.action.MAIN cat=[android.intent.category.LAUNCHER] flg=0x10008000 cmp=com.example.lunchtray/androidx.test.core.app.InstrumentationActivityInvoker$BootstrapActivity (has extras) }, activity=androidx.test.core.app.InstrumentationActivityInvoker$BootstrapActivity@1da89
10-23 14:55:36.541  3911  3911 V ActivityScenario: Activity lifecycle changed event received but ignored because the intent does not match. startActivityIntent=Intent { act=android.intent.action.MAIN cat=[android.intent.category.LAUNCHER] cmp=com.example.lunchtray/androidx.fragment.app.testing.FragmentScenario$EmptyFragmentActivity (has extras) }, activity.getIntent()=Intent { act=android.intent.action.MAIN cat=[android.intent.category.LAUNCHER] flg=0x10008000 cmp=com.example.lunchtray/androidx.test.core.app.InstrumentationActivityInvoker$BootstrapActivity (has extras) }, activity=androidx.test.core.app.InstrumentationActivityInvoker$BootstrapActivity@1da89
10-23 14:55:36.542  3911  3911 V ActivityScenario: Activity lifecycle changed event received but ignored because the intent does not match. startActivityIntent=Intent { act=android.intent.action.MAIN cat=[android.intent.category.LAUNCHER] cmp=com.example.lunchtray/androidx.fragment.app.testing.FragmentScenario$EmptyFragmentActivity (has extras) }, activity.getIntent()=Intent { act=android.intent.action.MAIN cat=[android.intent.category.LAUNCHER] flg=0x10008000 cmp=com.example.lunchtray/androidx.test.core.app.InstrumentationActivityInvoker$BootstrapActivity (has extras) }, activity=androidx.test.core.app.InstrumentationActivityInvoker$BootstrapActivity@1da89
10-23 14:55:36.542  3911  3911 V ActivityScenario: Activity lifecycle changed event received but ignored because the intent does not match. startActivityIntent=Intent { act=android.intent.action.MAIN cat=[android.intent.category.LAUNCHER] cmp=com.example.lunchtray/androidx.fragment.app.testing.FragmentScenario$EmptyFragmentActivity (has extras) }, activity.getIntent()=Intent { act=android.intent.action.MAIN cat=[android.intent.category.LAUNCHER] flg=0x10008000 cmp=com.example.lunchtray/androidx.test.core.app.InstrumentationActivityInvoker$BootstrapActivity (has extras) }, activity=androidx.test.core.app.InstrumentationActivityInvoker$BootstrapActivity@1da89
10-23 14:55:36.543  3911  3911 V ActivityScenario: Activity lifecycle changed event received but ignored because the intent does not match. startActivityIntent=Intent { act=android.intent.action.MAIN cat=[android.intent.category.LAUNCHER] cmp=com.example.lunchtray/androidx.fragment.app.testing.FragmentScenario$EmptyFragmentActivity (has extras) }, activity.getIntent()=Intent { act=android.intent.action.MAIN cat=[android.intent.category.LAUNCHER] flg=0x10008000 cmp=com.example.lunchtray/androidx.test.core.app.InstrumentationActivityInvoker$BootstrapActivity (has extras) }, activity=androidx.test.core.app.InstrumentationActivityInvoker$BootstrapActivity@1da89
10-23 14:55:36.543  3911  3911 V ActivityScenario: Activity lifecycle changed event received but ignored because the intent does not match. startActivityIntent=Intent { act=android.intent.action.MAIN cat=[android.intent.category.LAUNCHER] cmp=com.example.lunchtray/androidx.fragment.app.testing.FragmentScenario$EmptyFragmentActivity (has extras) }, activity.getIntent()=Intent { act=android.intent.action.MAIN cat=[android.intent.category.LAUNCHER] flg=0x10008000 cmp=com.example.lunchtray/androidx.test.core.app.InstrumentationActivityInvoker$BootstrapActivity (has extras) }, activity=androidx.test.core.app.InstrumentationActivityInvoker$BootstrapActivity@1da89
10-23 14:55:36.543  1468  1468 D BoundBrokerSvc: onUnbind: Intent { act=com.google.android.gms.common.BIND_SHARED_PREFS pkg=com.google.android.gms }
10-23 14:55:36.543  1468  5212 I Backup  : [GmsBackupAccountManager] Backup account not found in gmscore.
10-23 14:55:36.548  3911  3911 D LifecycleMonitor: Lifecycle status change: androidx.test.core.app.InstrumentationActivityInvoker$BootstrapActivity@1da89 in: PAUSED
10-23 14:55:36.549  3911  3911 V ActivityScenario: Activity lifecycle changed event received but ignored because the intent does not match. startActivityIntent=Intent { act=android.intent.action.MAIN cat=[android.intent.category.LAUNCHER] cmp=com.example.lunchtray/androidx.fragment.app.testing.FragmentScenario$EmptyFragmentActivity (has extras) }, activity.getIntent()=Intent { act=android.intent.action.MAIN cat=[android.intent.category.LAUNCHER] flg=0x10008000 cmp=com.example.lunchtray/androidx.test.core.app.InstrumentationActivityInvoker$BootstrapActivity (has extras) }, activity=androidx.test.core.app.InstrumentationActivityInvoker$BootstrapActivity@1da89
