10-23 14:55:43.115  3911  4165 I TestRunner: started: navigate_to_side_menu_from_entree_menu(com.example.lunchtray.NavigationTests)
10-23 14:55:43.116   524  2037 W InputManager-JNI: Input channel object '52267dd com.example.lunchtray/androidx.fragment.app.testing.FragmentScenario$EmptyFragmentActivity (client)' was disposed without first being removed with the input manager!
10-23 14:55:43.121  1089  1517 E DatabaseUtils: Writing exception to parcel
10-23 14:55:43.121  1089  1517 E DatabaseUtils: java.lang.SecurityException: No permission to access APN settings
10-23 14:55:43.121  1089  1517 E DatabaseUtils: 	at com.android.providers.telephony.TelephonyProvider.checkPermissionForApnTable(TelephonyProvider.java:5112)
10-23 14:55:43.121  1089  1517 E DatabaseUtils: 	at com.android.providers.telephony.TelephonyProvider.checkPermission(TelephonyProvider.java:5084)
10-23 14:55:43.121  1089  1517 E DatabaseUtils: 	at com.android.providers.telephony.TelephonyProvider.checkPermissionCompat(TelephonyProvider.java:5129)
10-23 14:55:43.121  1089  1517 E DatabaseUtils: 	at com.android.providers.telephony.TelephonyProvider.query(TelephonyProvider.java:3929)
10-23 14:55:43.121  1089  1517 E DatabaseUtils: 	at android.content.ContentProvider.query(ContentProvider.java:1596)
10-23 14:55:43.121  1089  1517 E DatabaseUtils: 	at android.content.ContentProvider.query(ContentProvider.java:1692)
10-23 14:55:43.121  1089  1517 E DatabaseUtils: 	at android.content.ContentProvider$Transport.query(ContentProvider.java:292)
10-23 14:55:43.121  1089  1517 E DatabaseUtils: 	at android.content.ContentProviderNative.onTransact(ContentProviderNative.java:107)
10-23 14:55:43.121  1089  1517 E DatabaseUtils: 	at android.os.Binder.execTransactInternal(Binder.java:1339)
10-23 14:55:43.121  1089  1517 E DatabaseUtils: 	at android.os.Binder.execTransact(Binder.java:1275)
10-23 14:55:43.138  1348  1500 I NetworkScheduler.Stats: Task com.google.android.gms/com.google.android.gms.tapandpay.gcmtask.TapAndPayGcmTaskService finished executing. cause:7 result: 3 elapsed_millis: 101 uptime_millis: 101 exec_start_elapsed_seconds: 83 [CONTEXT service_id=218 ]
10-23 14:55:43.149   524   555 E system_server: No package ID 7f found for resource ID 0x7f0202f5.
10-23 14:55:43.149   524   555 E system_server: No package ID 7f found for resource ID 0x7f041721.
10-23 14:55:43.149   524   555 E system_server: No package ID 7f found for resource ID 0x7f0202f4.
10-23 14:55:43.149   524   555 E system_server: No package ID 7f found for resource ID 0x7f040768.
10-23 14:55:43.149   524   555 E system_server: No package ID 7f found for resource ID 0x7f0202f3.
10-23 14:55:43.149   524   555 E system_server: No package ID 7f found for resource ID 0x7f040f6f.
10-23 14:55:43.150  3041  3686 W Finsky  : [59] lms.a(24): Failed to read APN: java.lang.SecurityException: No permission to access APN settings
10-23 14:55:43.157  3911  4165 W Settings: Setting always_finish_activities has moved from android.provider.Settings.System to android.provider.Settings.Global, returning read-only value.
10-23 14:55:43.166  1468  3290 W Conscrypt: Could not set socket write timeout: java.net.SocketException: Socket closed
10-23 14:55:43.178  1348  3162 E GmsConnectionFactory: UID for network attribution might be misset for tag 536871943 [CONTEXT service_id=39 ]
10-23 14:55:43.178  1348  3162 E GmsConnectionFactory: dhwp: FULL
10-23 14:55:43.178  1348  3162 E GmsConnectionFactory: 	at d.N(:com.google.android.gms@231818047@23.18.18 (190800-535401451):0)
10-23 14:55:43.178  1348  3162 E GmsConnectionFactory: 	at aobf.a(:com.google.android.gms@231818047@23.18.18 (190800-535401451):14)
10-23 14:55:43.178  1348  3162 E GmsConnectionFactory: 	at aqzt.c(:com.google.android.gms@231818047@23.18.18 (190800-535401451):8)
10-23 14:55:43.178  1348  3162 E GmsConnectionFactory: 	at aqzk.d(:com.google.android.gms@231818047@23.18.18 (190800-535401451):1)
10-23 14:55:43.178  1348  3162 E GmsConnectionFactory: 	at aqzp.a(:com.google.android.gms@231818047@23.18.18 (190800-535401451):0)
10-23 14:55:43.178  1348  3162 E GmsConnectionFactory: 	at aqzk.b(:com.google.android.gms@231818047@23.18.18 (190800-535401451):5)
10-23 14:55:43.178  1348  3162 E GmsConnectionFactory: 	at aqzk.execute(:com.google.android.gms@231818047@23.18.18 (190800-535401451):8)
10-23 14:55:43.178  1348  3162 E GmsConnectionFactory: 	at aqzk.execute(:com.google.android.gms@231818047@23.18.18 (190800-535401451):7)
10-23 14:55:43.178  1348  3162 E GmsConnectionFactory: 	at apiy.h(:com.google.android.gms@231818047@23.18.18 (190800-535401451):51)
10-23 14:55:43.178  1348  3162 E GmsConnectionFactory: 	at apit.run(:com.google.android.gms@231818047@23.18.18 (190800-535401451):3)
10-23 14:55:43.178  1348  3162 E GmsConnectionFactory: 	at aced.c(:com.google.android.gms@231818047@23.18.18 (190800-535401451):6)
10-23 14:55:43.178  1348  3162 E GmsConnectionFactory: 	at aced.run(:com.google.android.gms@231818047@23.18.18 (190800-535401451):7)
10-23 14:55:43.178  1348  3162 E GmsConnectionFactory: 	at java.util.concurrent.ThreadPoolExecutor.runWorker(ThreadPoolExecutor.java:1145)
10-23 14:55:43.178  1348  3162 E GmsConnectionFactory: 	at java.util.concurrent.ThreadPoolExecutor$Worker.run(ThreadPoolExecutor.java:644)
10-23 14:55:43.178  1348  3162 E GmsConnectionFactory: 	at acjn.run(:com.google.android.gms@231818047@23.18.18 (190800-535401451):0)
10-23 14:55:43.178  1348  3162 E GmsConnectionFactory: 	at java.lang.Thread.run(Thread.java:1012)
10-23 14:55:43.191  1468  3290 W Conscrypt: 	at com.google.android.gms.org.conscrypt.Platform.setSocketWriteTimeout(:com.google.android.gms@231818047@23.18.18 (190800-535401451):2)
10-23 14:55:43.191  1468  3290 W Conscrypt: 	at com.google.android.gms.org.conscrypt.ConscryptFileDescriptorSocket.setSoWriteTimeout(:com.google.android.gms@231818047@23.18.18 (190800-535401451):0)
10-23 14:55:43.201  1348  3162 D TrafficStats: tagSocket(114) with statsTag=0x20000407, statsUid=-1
10-23 14:55:43.207  1657  2280 I SP.AiAi : Scheduling job with delay of 0s for {W:b:I:l, bg}, 1 candidates
10-23 14:55:43.208  1348  3162 W Conscrypt: Could not set socket write timeout: java.net.SocketException: Socket closed
10-23 14:55:43.209  1348  3162 W Conscrypt: 	at com.google.android.gms.org.conscrypt.Platform.setSocketWriteTimeout(:com.google.android.gms@231818047@23.18.18 (190800-535401451):2)
10-23 14:55:43.209  1348  3162 W Conscrypt: 	at com.google.android.gms.org.conscrypt.ConscryptFileDescriptorSocket.setSoWriteTimeout(:com.google.android.gms@231818047@23.18.18 (190800-535401451):0)
10-23 14:55:43.227  3911  3911 D LifecycleMonitor: Lifecycle status change: androidx.test.core.app.InstrumentationActivityInvoker$BootstrapActivity@7fa70d0 in: PRE_ON_CREATE
10-23 14:55:43.228  3911  3911 V ActivityScenario: Activity lifecycle changed event received but ignored because the intent does not match. startActivityIntent=Intent { act=android.intent.action.MAIN cat=[android.intent.category.LAUNCHER] cmp=com.example.lunchtray/androidx.fragment.app.testing.FragmentScenario$EmptyFragmentActivity (has extras) }, activity.getIntent()=Intent { act=android.intent.action.MAIN cat=[android.intent.category.LAUNCHER] flg=0x10008000 cmp=com.example.lunchtray/androidx.test.core.app.InstrumentationActivityInvoker$BootstrapActivity (has extras) }, activity=androidx.test.core.app.InstrumentationActivityInvoker$BootstrapActivity@7fa70d0
10-23 14:55:43.228  3911  3911 V ActivityScenario: Activity lifecycle changed event received but ignored because the intent does not match. startActivityIntent=Intent { act=android.intent.action.MAIN cat=[android.intent.category.LAUNCHER] cmp=com.example.lunchtray/androidx.fragment.app.testing.FragmentScenario$EmptyFragmentActivity (has extras) }, activity.getIntent()=Intent { act=android.intent.action.MAIN cat=[android.intent.category.LAUNCHER] flg=0x10008000 cmp=com.example.lunchtray/androidx.test.core.app.InstrumentationActivityInvoker$BootstrapActivity (has extras) }, activity=androidx.test.core.app.InstrumentationActivityInvoker$BootstrapActivity@7fa70d0
10-23 14:55:43.229  3911  3911 V ActivityScenario: Activity lifecycle changed event received but ignored because the intent does not match. startActivityIntent=Intent { act=android.intent.action.MAIN cat=[android.intent.category.LAUNCHER] cmp=com.example.lunchtray/androidx.fragment.app.testing.FragmentScenario$EmptyFragmentActivity (has extras) }, activity.getIntent()=Intent { act=android.intent.action.MAIN cat=[android.intent.category.LAUNCHER] flg=0x10008000 cmp=com.example.lunchtray/androidx.test.core.app.InstrumentationActivityInvoker$BootstrapActivity (has extras) }, activity=androidx.test.core.app.InstrumentationActivityInvoker$BootstrapActivity@7fa70d0
10-23 14:55:43.230  3911  3911 V ActivityScenario: Activity lifecycle changed event received but ignored because the intent does not match. startActivityIntent=Intent { act=android.intent.action.MAIN cat=[android.intent.category.LAUNCHER] cmp=com.example.lunchtray/androidx.fragment.app.testing.FragmentScenario$EmptyFragmentActivity (has extras) }, activity.getIntent()=Intent { act=android.intent.action.MAIN cat=[android.intent.category.LAUNCHER] flg=0x10008000 cmp=com.example.lunchtray/androidx.test.core.app.InstrumentationActivityInvoker$BootstrapActivity (has extras) }, activity=androidx.test.core.app.InstrumentationActivityInvoker$BootstrapActivity@7fa70d0
10-23 14:55:43.230  3911  3911 V ActivityScenario: Activity lifecycle changed event received but ignored because the intent does not match. startActivityIntent=Intent { act=android.intent.action.MAIN cat=[android.intent.category.LAUNCHER] cmp=com.example.lunchtray/androidx.fragment.app.testing.FragmentScenario$EmptyFragmentActivity (has extras) }, activity.getIntent()=Intent { act=android.intent.action.MAIN cat=[android.intent.category.LAUNCHER] flg=0x10008000 cmp=com.example.lunchtray/androidx.test.core.app.InstrumentationActivityInvoker$BootstrapActivity (has extras) }, activity=androidx.test.core.app.InstrumentationActivityInvoker$BootstrapActivity@7fa70d0
10-23 14:55:43.231  3911  3911 V ActivityScenario: Activity lifecycle changed event received but ignored because the intent does not match. startActivityIntent=Intent { act=android.intent.action.MAIN cat=[android.intent.category.LAUNCHER] cmp=com.example.lunchtray/androidx.fragment.app.testing.FragmentScenario$EmptyFragmentActivity (has extras) }, activity.getIntent()=Intent { act=android.intent.action.MAIN cat=[android.intent.category.LAUNCHER] flg=0x10008000 cmp=com.example.lunchtray/androidx.test.core.app.InstrumentationActivityInvoker$BootstrapActivity (has extras) }, activity=androidx.test.core.app.InstrumentationActivityInvoker$BootstrapActivity@7fa70d0
10-23 14:55:43.231  3911  3911 V ActivityScenario: Activity lifecycle changed event received but ignored because the intent does not match. startActivityIntent=Intent { act=android.intent.action.MAIN cat=[android.intent.category.LAUNCHER] cmp=com.example.lunchtray/androidx.fragment.app.testing.FragmentScenario$EmptyFragmentActivity (has extras) }, activity.getIntent()=Intent { act=android.intent.action.MAIN cat=[android.intent.category.LAUNCHER] flg=0x10008000 cmp=com.example.lunchtray/androidx.test.core.app.InstrumentationActivityInvoker$BootstrapActivity (has extras) }, activity=androidx.test.core.app.InstrumentationActivityInvoker$BootstrapActivity@7fa70d0
10-23 14:55:43.231  3911  3911 V ActivityScenario: Activity lifecycle changed event received but ignored because the intent does not match. startActivityIntent=Intent { act=android.intent.action.MAIN cat=[android.intent.category.LAUNCHER] cmp=com.example.lunchtray/androidx.fragment.app.testing.FragmentScenario$EmptyFragmentActivity (has extras) }, activity.getIntent()=Intent { act=android.intent.action.MAIN cat=[android.intent.category.LAUNCHER] flg=0x10008000 cmp=com.example.lunchtray/androidx.test.core.app.InstrumentationActivityInvoker$BootstrapActivity (has extras) }, activity=androidx.test.core.app.InstrumentationActivityInvoker$BootstrapActivity@7fa70d0
10-23 14:55:43.231  3911  3911 V ActivityScenario: Activity lifecycle changed event received but ignored because the intent does not match. startActivityIntent=Intent { act=android.intent.action.MAIN cat=[android.intent.category.LAUNCHER] cmp=com.example.lunchtray/androidx.fragment.app.testing.FragmentScenario$EmptyFragmentActivity (has extras) }, activity.getIntent()=Intent { act=android.intent.action.MAIN cat=[android.intent.category.LAUNCHER] flg=0x10008000 cmp=com.example.lunchtray/androidx.test.core.app.InstrumentationActivityInvoker$BootstrapActivity (has extras) }, activity=androidx.test.core.app.InstrumentationActivityInvoker$BootstrapActivity@7fa70d0
10-23 14:55:43.232  1348  3946 I SemanticLocation: [MDD] ModelBundleMetadata: File not found [CONTEXT service_id=173 ]
10-23 14:55:43.232  1348  3946 I SemanticLocation: java.io.FileNotFoundException: /data/user/0/com.google.android.gms/files/model_bundle_metadata.pb: open failed: ENOENT (No such file or directory)
10-23 14:55:43.232  1348  3946 I SemanticLocation: 	at libcore.io.IoBridge.open(IoBridge.java:574)
10-23 14:55:43.232  1348  3946 I SemanticLocation: 	at java.io.FileInputStream.<init>(FileInputStream.java:160)
10-23 14:55:43.232  1348  3946 I SemanticLocation: 	at android.app.ContextImpl.openFileInput(ContextImpl.java:745)
10-23 14:55:43.232  1348  3946 I SemanticLocation: 	at android.content.ContextWrapper.openFileInput(ContextWrapper.java:249)
10-23 14:55:43.232  1348  3946 I SemanticLocation: 	at android.content.ContextWrapper.openFileInput(ContextWrapper.java:249)
10-23 14:55:43.232  1348  3946 I SemanticLocation: 	at android.content.ContextWrapper.openFileInput(ContextWrapper.java:249)
10-23 14:55:43.232  1348  3946 I SemanticLocation: 	at bzxt.h(:com.google.android.gms@231818047@23.18.18 (190800-535401451):1)
10-23 14:55:43.232  1348  3946 I SemanticLocation: 	at bzxd.c(:com.google.android.gms@231818047@23.18.18 (190800-535401451):9)
10-23 14:55:43.232  1348  3946 I SemanticLocation: 	at cadb.run(:com.google.android.gms@231818047@23.18.18 (190800-535401451):0)
10-23 14:55:43.232  1348  3946 I SemanticLocation: 	at aced.c(:com.google.android.gms@231818047@23.18.18 (190800-535401451):6)
10-23 14:55:43.232  1348  3946 I SemanticLocation: 	at aced.run(:com.google.android.gms@231818047@23.18.18 (190800-535401451):8)
10-23 14:55:43.232  1348  3946 I SemanticLocation: 	at java.util.concurrent.ThreadPoolExecutor.runWorker(ThreadPoolExecutor.java:1145)
10-23 14:55:43.232  1348  3946 I SemanticLocation: 	at java.util.concurrent.ThreadPoolExecutor$Worker.run(ThreadPoolExecutor.java:644)
10-23 14:55:43.232  1348  3946 I SemanticLocation: 	at acjn.run(:com.google.android.gms@231818047@23.18.18 (190800-535401451):0)
10-23 14:55:43.232  1348  3946 I SemanticLocation: 	at java.lang.Thread.run(Thread.java:1012)
10-23 14:55:43.232  1348  3946 I SemanticLocation: Caused by: android.system.ErrnoException: open failed: ENOENT (No such file or directory)
10-23 14:55:43.232  1348  3946 I SemanticLocation: 	at libcore.io.Linux.open(Native Method)
10-23 14:55:43.232  1348  3946 I SemanticLocation: 	at libcore.io.ForwardingOs.open(ForwardingOs.java:563)
10-23 14:55:43.232  1348  3946 I SemanticLocation: 	at libcore.io.BlockGuardOs.open(BlockGuardOs.java:274)
10-23 14:55:43.232  1348  3946 I SemanticLocation: 	at libcore.io.ForwardingOs.open(ForwardingOs.java:563)
10-23 14:55:43.232  1348  3946 I SemanticLocation: 	at android.app.ActivityThread$AndroidOs.open(ActivityThread.java:8063)
10-23 14:55:43.232  1348  3946 I SemanticLocation: 	at libcore.io.IoBridge.open(IoBridge.java:560)
10-23 14:55:43.232  1348  3946 I SemanticLocation: 	... 14 more
10-23 14:55:43.232  3911  3911 V ActivityScenario: Activity lifecycle changed event received but ignored because the intent does not match. startActivityIntent=Intent { act=android.intent.action.MAIN cat=[android.intent.category.LAUNCHER] cmp=com.example.lunchtray/androidx.fragment.app.testing.FragmentScenario$EmptyFragmentActivity (has extras) }, activity.getIntent()=Intent { act=android.intent.action.MAIN cat=[android.intent.category.LAUNCHER] flg=0x10008000 cmp=com.example.lunchtray/androidx.test.core.app.InstrumentationActivityInvoker$BootstrapActivity (has extras) }, activity=androidx.test.core.app.InstrumentationActivityInvoker$BootstrapActivity@7fa70d0
10-23 14:55:43.237  1348  3162 W Conscrypt: Could not set socket write timeout: java.net.SocketException: Socket closed
10-23 14:55:43.237  1348  3162 W Conscrypt: 	at com.google.android.gms.org.conscrypt.Platform.setSocketWriteTimeout(:com.google.android.gms@231818047@23.18.18 (190800-535401451):2)
10-23 14:55:43.237  1348  3162 W Conscrypt: 	at com.google.android.gms.org.conscrypt.ConscryptFileDescriptorSocket.setSoWriteTimeout(:com.google.android.gms@231818047@23.18.18 (190800-535401451):0)
10-23 14:55:43.248   416   416 I BpBinder: onLastStrongRef automatically unlinking death recipients:
10-23 14:55:43.257  3911  3911 D LifecycleMonitor: Lifecycle status change: androidx.test.core.app.InstrumentationActivityInvoker$BootstrapActivity@7fa70d0 in: CREATED
10-23 14:55:43.257  3911  3911 V ActivityScenario: Activity lifecycle changed event received but ignored because the intent does not match. startActivityIntent=Intent { act=android.intent.action.MAIN cat=[android.intent.category.LAUNCHER] cmp=com.example.lunchtray/androidx.fragment.app.testing.FragmentScenario$EmptyFragmentActivity (has extras) }, activity.getIntent()=Intent { act=android.intent.action.MAIN cat=[android.intent.category.LAUNCHER] flg=0x10008000 cmp=com.example.lunchtray/androidx.test.core.app.InstrumentationActivityInvoker$BootstrapActivity (has extras) }, activity=androidx.test.core.app.InstrumentationActivityInvoker$BootstrapActivity@7fa70d0
10-23 14:55:43.258  3911  3911 V ActivityScenario: Activity lifecycle changed event received but ignored because the intent does not match. startActivityIntent=Intent { act=android.intent.action.MAIN cat=[android.intent.category.LAUNCHER] cmp=com.example.lunchtray/androidx.fragment.app.testing.FragmentScenario$EmptyFragmentActivity (has extras) }, activity.getIntent()=Intent { act=android.intent.action.MAIN cat=[android.intent.category.LAUNCHER] flg=0x10008000 cmp=com.example.lunchtray/androidx.test.core.app.InstrumentationActivityInvoker$BootstrapActivity (has extras) }, activity=androidx.test.core.app.InstrumentationActivityInvoker$BootstrapActivity@7fa70d0
10-23 14:55:43.258  3911  3911 V ActivityScenario: Activity lifecycle changed event received but ignored because the intent does not match. startActivityIntent=Intent { act=android.intent.action.MAIN cat=[android.intent.category.LAUNCHER] cmp=com.example.lunchtray/androidx.fragment.app.testing.FragmentScenario$EmptyFragmentActivity (has extras) }, activity.getIntent()=Intent { act=android.intent.action.MAIN cat=[android.intent.category.LAUNCHER] flg=0x10008000 cmp=com.example.lunchtray/androidx.test.core.app.InstrumentationActivityInvoker$BootstrapActivity (has extras) }, activity=androidx.test.core.app.InstrumentationActivityInvoker$BootstrapActivity@7fa70d0
10-23 14:55:43.258  3911  3911 V ActivityScenario: Activity lifecycle changed event received but ignored because the intent does not match. startActivityIntent=Intent { act=android.intent.action.MAIN cat=[android.intent.category.LAUNCHER] cmp=com.example.lunchtray/androidx.fragment.app.testing.FragmentScenario$EmptyFragmentActivity (has extras) }, activity.getIntent()=Intent { act=android.intent.action.MAIN cat=[android.intent.category.LAUNCHER] flg=0x10008000 cmp=com.example.lunchtray/androidx.test.core.app.InstrumentationActivityInvoker$BootstrapActivity (has extras) }, activity=androidx.test.core.app.InstrumentationActivityInvoker$BootstrapActivity@7fa70d0
10-23 14:55:43.258  3911  3911 V ActivityScenario: Activity lifecycle changed event received but ignored because the intent does not match. startActivityIntent=Intent { act=android.intent.action.MAIN cat=[android.intent.category.LAUNCHER] cmp=com.example.lunchtray/androidx.fragment.app.testing.FragmentScenario$EmptyFragmentActivity (has extras) }, activity.getIntent()=Intent { act=android.intent.action.MAIN cat=[android.intent.category.LAUNCHER] flg=0x10008000 cmp=com.example.lunchtray/androidx.test.core.app.InstrumentationActivityInvoker$BootstrapActivity (has extras) }, activity=androidx.test.core.app.InstrumentationActivityInvoker$BootstrapActivity@7fa70d0
10-23 14:55:43.258  3911  3911 V ActivityScenario: Activity lifecycle changed event received but ignored because the intent does not match. startActivityIntent=Intent { act=android.intent.action.MAIN cat=[android.intent.category.LAUNCHER] cmp=com.example.lunchtray/androidx.fragment.app.testing.FragmentScenario$EmptyFragmentActivity (has extras) }, activity.getIntent()=Intent { act=android.intent.action.MAIN cat=[android.intent.category.LAUNCHER] flg=0x10008000 cmp=com.example.lunchtray/androidx.test.core.app.InstrumentationActivityInvoker$BootstrapActivity (has extras) }, activity=androidx.test.core.app.InstrumentationActivityInvoker$BootstrapActivity@7fa70d0
10-23 14:55:43.259  3911  3911 V ActivityScenario: Activity lifecycle changed event received but ignored because the intent does not match. startActivityIntent=Intent { act=android.intent.action.MAIN cat=[android.intent.category.LAUNCHER] cmp=com.example.lunchtray/androidx.fragment.app.testing.FragmentScenario$EmptyFragmentActivity (has extras) }, activity.getIntent()=Intent { act=android.intent.action.MAIN cat=[android.intent.category.LAUNCHER] flg=0x10008000 cmp=com.example.lunchtray/androidx.test.core.app.InstrumentationActivityInvoker$BootstrapActivity (has extras) }, activity=androidx.test.core.app.InstrumentationActivityInvoker$BootstrapActivity@7fa70d0
10-23 14:55:43.259  3911  3911 V ActivityScenario: Activity lifecycle changed event received but ignored because the intent does not match. startActivityIntent=Intent { act=android.intent.action.MAIN cat=[android.intent.category.LAUNCHER] cmp=com.example.lunchtray/androidx.fragment.app.testing.FragmentScenario$EmptyFragmentActivity (has extras) }, activity.getIntent()=Intent { act=android.intent.action.MAIN cat=[android.intent.category.LAUNCHER] flg=0x10008000 cmp=com.example.lunchtray/androidx.test.core.app.InstrumentationActivityInvoker$BootstrapActivity (has extras) }, activity=androidx.test.core.app.InstrumentationActivityInvoker$BootstrapActivity@7fa70d0
10-23 14:55:43.259  3911  3911 V ActivityScenario: Activity lifecycle changed event received but ignored because the intent does not match. startActivityIntent=Intent { act=android.intent.action.MAIN cat=[android.intent.category.LAUNCHER] cmp=com.example.lunchtray/androidx.fragment.app.testing.FragmentScenario$EmptyFragmentActivity (has extras) }, activity.getIntent()=Intent { act=android.intent.action.MAIN cat=[android.intent.category.LAUNCHER] flg=0x10008000 cmp=com.example.lunchtray/androidx.test.core.app.InstrumentationActivityInvoker$BootstrapActivity (has extras) }, activity=androidx.test.core.app.InstrumentationActivityInvoker$BootstrapActivity@7fa70d0
10-23 14:55:43.259  3911  3911 V ActivityScenario: Activity lifecycle changed event received but ignored because the intent does not match. startActivityIntent=Intent { act=android.intent.action.MAIN cat=[android.intent.category.LAUNCHER] cmp=com.example.lunchtray/androidx.fragment.app.testing.FragmentScenario$EmptyFragmentActivity (has extras) }, activity.getIntent()=Intent { act=android.intent.action.MAIN cat=[android.intent.category.LAUNCHER] flg=0x10008000 cmp=com.example.lunchtray/androidx.test.core.app.InstrumentationActivityInvoker$BootstrapActivity (has extras) }, activity=androidx.test.core.app.InstrumentationActivityInvoker$BootstrapActivity@7fa70d0
10-23 14:55:43.260  3911  3911 D LifecycleMonitor: Lifecycle status change: androidx.test.core.app.InstrumentationActivityInvoker$BootstrapActivity@7fa70d0 in: STARTED
10-23 14:55:43.260  3911  3911 V ActivityScenario: Activity lifecycle changed event received but ignored because the intent does not match. startActivityIntent=Intent { act=android.intent.action.MAIN cat=[android.intent.category.LAUNCHER] cmp=com.example.lunchtray/androidx.fragment.app.testing.FragmentScenario$EmptyFragmentActivity (has extras) }, activity.getIntent()=Intent { act=android.intent.action.MAIN cat=[android.intent.category.LAUNCHER] flg=0x10008000 cmp=com.example.lunchtray/androidx.test.core.app.InstrumentationActivityInvoker$BootstrapActivity (has extras) }, activity=androidx.test.core.app.InstrumentationActivityInvoker$BootstrapActivity@7fa70d0
10-23 14:55:43.261  3911  3911 V ActivityScenario: Activity lifecycle changed event received but ignored because the intent does not match. startActivityIntent=Intent { act=android.intent.action.MAIN cat=[android.intent.category.LAUNCHER] cmp=com.example.lunchtray/androidx.fragment.app.testing.FragmentScenario$EmptyFragmentActivity (has extras) }, activity.getIntent()=Intent { act=android.intent.action.MAIN cat=[android.intent.category.LAUNCHER] flg=0x10008000 cmp=com.example.lunchtray/androidx.test.core.app.InstrumentationActivityInvoker$BootstrapActivity (has extras) }, activity=androidx.test.core.app.InstrumentationActivityInvoker$BootstrapActivity@7fa70d0
10-23 14:55:43.261  3911  3911 V ActivityScenario: Activity lifecycle changed event received but ignored because the intent does not match. startActivityIntent=Intent { act=android.intent.action.MAIN cat=[android.intent.category.LAUNCHER] cmp=com.example.lunchtray/androidx.fragment.app.testing.FragmentScenario$EmptyFragmentActivity (has extras) }, activity.getIntent()=Intent { act=android.intent.action.MAIN cat=[android.intent.category.LAUNCHER] flg=0x10008000 cmp=com.example.lunchtray/androidx.test.core.app.InstrumentationActivityInvoker$BootstrapActivity (has extras) }, activity=androidx.test.core.app.InstrumentationActivityInvoker$BootstrapActivity@7fa70d0
10-23 14:55:43.261  3911  3911 V ActivityScenario: Activity lifecycle changed event received but ignored because the intent does not match. startActivityIntent=Intent { act=android.intent.action.MAIN cat=[android.intent.category.LAUNCHER] cmp=com.example.lunchtray/androidx.fragment.app.testing.FragmentScenario$EmptyFragmentActivity (has extras) }, activity.getIntent()=Intent { act=android.intent.action.MAIN cat=[android.intent.category.LAUNCHER] flg=0x10008000 cmp=com.example.lunchtray/androidx.test.core.app.InstrumentationActivityInvoker$BootstrapActivity (has extras) }, activity=androidx.test.core.app.InstrumentationActivityInvoker$BootstrapActivity@7fa70d0
10-23 14:55:43.261  3911  3911 V ActivityScenario: Activity lifecycle changed event received but ignored because the intent does not match. startActivityIntent=Intent { act=android.intent.action.MAIN cat=[android.intent.category.LAUNCHER] cmp=com.example.lunchtray/androidx.fragment.app.testing.FragmentScenario$EmptyFragmentActivity (has extras) }, activity.getIntent()=Intent { act=android.intent.action.MAIN cat=[android.intent.category.LAUNCHER] flg=0x10008000 cmp=com.example.lunchtray/androidx.test.core.app.InstrumentationActivityInvoker$BootstrapActivity (has extras) }, activity=androidx.test.core.app.InstrumentationActivityInvoker$BootstrapActivity@7fa70d0
10-23 14:55:43.261  3911  3911 V ActivityScenario: Activity lifecycle changed event received but ignored because the intent does not match. startActivityIntent=Intent { act=android.intent.action.MAIN cat=[android.intent.category.LAUNCHER] cmp=com.example.lunchtray/androidx.fragment.app.testing.FragmentScenario$EmptyFragmentActivity (has extras) }, activity.getIntent()=Intent { act=android.intent.action.MAIN cat=[android.intent.category.LAUNCHER] flg=0x10008000 cmp=com.example.lunchtray/androidx.test.core.app.InstrumentationActivityInvoker$BootstrapActivity (has extras) }, activity=androidx.test.core.app.InstrumentationActivityInvoker$BootstrapActivity@7fa70d0
10-23 14:55:43.262  3911  3911 V ActivityScenario: Activity lifecycle changed event received but ignored because the intent does not match. startActivityIntent=Intent { act=android.intent.action.MAIN cat=[android.intent.category.LAUNCHER] cmp=com.example.lunchtray/androidx.fragment.app.testing.FragmentScenario$EmptyFragmentActivity (has extras) }, activity.getIntent()=Intent { act=android.intent.action.MAIN cat=[android.intent.category.LAUNCHER] flg=0x10008000 cmp=com.example.lunchtray/androidx.test.core.app.InstrumentationActivityInvoker$BootstrapActivity (has extras) }, activity=androidx.test.core.app.InstrumentationActivityInvoker$BootstrapActivity@7fa70d0
10-23 14:55:43.262  3911  3911 V ActivityScenario: Activity lifecycle changed event received but ignored because the intent does not match. startActivityIntent=Intent { act=android.intent.action.MAIN cat=[android.intent.category.LAUNCHER] cmp=com.example.lunchtray/androidx.fragment.app.testing.FragmentScenario$EmptyFragmentActivity (has extras) }, activity.getIntent()=Intent { act=android.intent.action.MAIN cat=[android.intent.category.LAUNCHER] flg=0x10008000 cmp=com.example.lunchtray/androidx.test.core.app.InstrumentationActivityInvoker$BootstrapActivity (has extras) }, activity=androidx.test.core.app.InstrumentationActivityInvoker$BootstrapActivity@7fa70d0
10-23 14:55:43.262  3911  3911 V ActivityScenario: Activity lifecycle changed event received but ignored because the intent does not match. startActivityIntent=Intent { act=android.intent.action.MAIN cat=[android.intent.category.LAUNCHER] cmp=com.example.lunchtray/androidx.fragment.app.testing.FragmentScenario$EmptyFragmentActivity (has extras) }, activity.getIntent()=Intent { act=android.intent.action.MAIN cat=[android.intent.category.LAUNCHER] flg=0x10008000 cmp=com.example.lunchtray/androidx.test.core.app.InstrumentationActivityInvoker$BootstrapActivity (has extras) }, activity=androidx.test.core.app.InstrumentationActivityInvoker$BootstrapActivity@7fa70d0
10-23 14:55:43.262  3911  3911 V ActivityScenario: Activity lifecycle changed event received but ignored because the intent does not match. startActivityIntent=Intent { act=android.intent.action.MAIN cat=[android.intent.category.LAUNCHER] cmp=com.example.lunchtray/androidx.fragment.app.testing.FragmentScenario$EmptyFragmentActivity (has extras) }, activity.getIntent()=Intent { act=android.intent.action.MAIN cat=[android.intent.category.LAUNCHER] flg=0x10008000 cmp=com.example.lunchtray/androidx.test.core.app.InstrumentationActivityInvoker$BootstrapActivity (has extras) }, activity=androidx.test.core.app.InstrumentationActivityInvoker$BootstrapActivity@7fa70d0
10-23 14:55:43.263  1657  1657 I AiAiEcho: AppFetcherImpl onPackageChanged com.android.settings.
10-23 14:55:43.266  1657  3206 I AiAiEcho: AppIndexer Package:[com.android.settings] UserProfile:[0] Enabled:[true].
10-23 14:55:43.266  1657  3206 I AiAiEcho: AppFetcherImplV2 updateApps package:[com.android.settings], userId:[0], reason:[package is updated.].
10-23 14:55:43.270  3911  3911 D LifecycleMonitor: Lifecycle status change: androidx.test.core.app.InstrumentationActivityInvoker$BootstrapActivity@7fa70d0 in: RESUMED
10-23 14:55:43.271  3911  3911 V ActivityScenario: Activity lifecycle changed event received but ignored because the intent does not match. startActivityIntent=Intent { act=android.intent.action.MAIN cat=[android.intent.category.LAUNCHER] cmp=com.example.lunchtray/androidx.fragment.app.testing.FragmentScenario$EmptyFragmentActivity (has extras) }, activity.getIntent()=Intent { act=android.intent.action.MAIN cat=[android.intent.category.LAUNCHER] flg=0x10008000 cmp=com.example.lunchtray/androidx.test.core.app.InstrumentationActivityInvoker$BootstrapActivity (has extras) }, activity=androidx.test.core.app.InstrumentationActivityInvoker$BootstrapActivity@7fa70d0
10-23 14:55:43.271  3911  3911 V ActivityScenario: Activity lifecycle changed event received but ignored because the intent does not match. startActivityIntent=Intent { act=android.intent.action.MAIN cat=[android.intent.category.LAUNCHER] cmp=com.example.lunchtray/androidx.fragment.app.testing.FragmentScenario$EmptyFragmentActivity (has extras) }, activity.getIntent()=Intent { act=android.intent.action.MAIN cat=[android.intent.category.LAUNCHER] flg=0x10008000 cmp=com.example.lunchtray/androidx.test.core.app.InstrumentationActivityInvoker$BootstrapActivity (has extras) }, activity=androidx.test.core.app.InstrumentationActivityInvoker$BootstrapActivity@7fa70d0
10-23 14:55:43.271  3911  3911 V ActivityScenario: Activity lifecycle changed event received but ignored because the intent does not match. startActivityIntent=Intent { act=android.intent.action.MAIN cat=[android.intent.category.LAUNCHER] cmp=com.example.lunchtray/androidx.fragment.app.testing.FragmentScenario$EmptyFragmentActivity (has extras) }, activity.getIntent()=Intent { act=android.intent.action.MAIN cat=[android.intent.category.LAUNCHER] flg=0x10008000 cmp=com.example.lunchtray/androidx.test.core.app.InstrumentationActivityInvoker$BootstrapActivity (has extras) }, activity=androidx.test.core.app.InstrumentationActivityInvoker$BootstrapActivity@7fa70d0
10-23 14:55:43.271  3911  3911 V ActivityScenario: Activity lifecycle changed event received but ignored because the intent does not match. startActivityIntent=Intent { act=android.intent.action.MAIN cat=[android.intent.category.LAUNCHER] cmp=com.example.lunchtray/androidx.fragment.app.testing.FragmentScenario$EmptyFragmentActivity (has extras) }, activity.getIntent()=Intent { act=android.intent.action.MAIN cat=[android.intent.category.LAUNCHER] flg=0x10008000 cmp=com.example.lunchtray/androidx.test.core.app.InstrumentationActivityInvoker$BootstrapActivity (has extras) }, activity=androidx.test.core.app.InstrumentationActivityInvoker$BootstrapActivity@7fa70d0
10-23 14:55:43.272  3911  3911 V ActivityScenario: Activity lifecycle changed event received but ignored because the intent does not match. startActivityIntent=Intent { act=android.intent.action.MAIN cat=[android.intent.category.LAUNCHER] cmp=com.example.lunchtray/androidx.fragment.app.testing.FragmentScenario$EmptyFragmentActivity (has extras) }, activity.getIntent()=Intent { act=android.intent.action.MAIN cat=[android.intent.category.LAUNCHER] flg=0x10008000 cmp=com.example.lunchtray/androidx.test.core.app.InstrumentationActivityInvoker$BootstrapActivity (has extras) }, activity=androidx.test.core.app.InstrumentationActivityInvoker$BootstrapActivity@7fa70d0
10-23 14:55:43.272  3911  3911 V ActivityScenario: Activity lifecycle changed event received but ignored because the intent does not match. startActivityIntent=Intent { act=android.intent.action.MAIN cat=[android.intent.category.LAUNCHER] cmp=com.example.lunchtray/androidx.fragment.app.testing.FragmentScenario$EmptyFragmentActivity (has extras) }, activity.getIntent()=Intent { act=android.intent.action.MAIN cat=[android.intent.category.LAUNCHER] flg=0x10008000 cmp=com.example.lunchtray/androidx.test.core.app.InstrumentationActivityInvoker$BootstrapActivity (has extras) }, activity=androidx.test.core.app.InstrumentationActivityInvoker$BootstrapActivity@7fa70d0
10-23 14:55:43.272  3911  3911 V ActivityScenario: Activity lifecycle changed event received but ignored because the intent does not match. startActivityIntent=Intent { act=android.intent.action.MAIN cat=[android.intent.category.LAUNCHER] cmp=com.example.lunchtray/androidx.fragment.app.testing.FragmentScenario$EmptyFragmentActivity (has extras) }, activity.getIntent()=Intent { act=android.intent.action.MAIN cat=[android.intent.category.LAUNCHER] flg=0x10008000 cmp=com.example.lunchtray/androidx.test.core.app.InstrumentationActivityInvoker$BootstrapActivity (has extras) }, activity=androidx.test.core.app.InstrumentationActivityInvoker$BootstrapActivity@7fa70d0
10-23 14:55:43.273  3911  3911 V ActivityScenario: Activity lifecycle changed event received but ignored because the intent does not match. startActivityIntent=Intent { act=android.intent.action.MAIN cat=[android.intent.category.LAUNCHER] cmp=com.example.lunchtray/androidx.fragment.app.testing.FragmentScenario$EmptyFragmentActivity (has extras) }, activity.getIntent()=Intent { act=android.intent.action.MAIN cat=[android.intent.category.LAUNCHER] flg=0x10008000 cmp=com.example.lunchtray/androidx.test.core.app.InstrumentationActivityInvoker$BootstrapActivity (has extras) }, activity=androidx.test.core.app.InstrumentationActivityInvoker$BootstrapActivity@7fa70d0
10-23 14:55:43.273  3911  3911 V ActivityScenario: Activity lifecycle changed event received but ignored because the intent does not match. startActivityIntent=Intent { act=android.intent.action.MAIN cat=[android.intent.category.LAUNCHER] cmp=com.example.lunchtray/androidx.fragment.app.testing.FragmentScenario$EmptyFragmentActivity (has extras) }, activity.getIntent()=Intent { act=android.intent.action.MAIN cat=[android.intent.category.LAUNCHER] flg=0x10008000 cmp=com.example.lunchtray/androidx.test.core.app.InstrumentationActivityInvoker$BootstrapActivity (has extras) }, activity=androidx.test.core.app.InstrumentationActivityInvoker$BootstrapActivity@7fa70d0
10-23 14:55:43.273  3911  3911 V ActivityScenario: Activity lifecycle changed event received but ignored because the intent does not match. startActivityIntent=Intent { act=android.intent.action.MAIN cat=[android.intent.category.LAUNCHER] cmp=com.example.lunchtray/androidx.fragment.app.testing.FragmentScenario$EmptyFragmentActivity (has extras) }, activity.getIntent()=Intent { act=android.intent.action.MAIN cat=[android.intent.category.LAUNCHER] flg=0x10008000 cmp=com.example.lunchtray/androidx.test.core.app.InstrumentationActivityInvoker$BootstrapActivity (has extras) }, activity=androidx.test.core.app.InstrumentationActivityInvoker$BootstrapActivity@7fa70d0
10-23 14:55:43.276  1348  3946 I NetworkScheduler.Stats: Task com.google.android.gms/com.google.android.gms.tapandpay.gcmtask.TapAndPayGcmTaskService started execution. cause:5 exec_start_elapsed_seconds: 83 [CONTEXT service_id=218 ]
10-23 14:55:43.278  3911  3911 D LifecycleMonitor: Lifecycle status change: androidx.test.core.app.InstrumentationActivityInvoker$BootstrapActivity@7fa70d0 in: PAUSED
10-23 14:55:43.278  3911  3911 V ActivityScenario: Activity lifecycle changed event received but ignored because the intent does not match. startActivityIntent=Intent { act=android.intent.action.MAIN cat=[android.intent.category.LAUNCHER] cmp=com.example.lunchtray/androidx.fragment.app.testing.FragmentScenario$EmptyFragmentActivity (has extras) }, activity.getIntent()=Intent { act=android.intent.action.MAIN cat=[android.intent.category.LAUNCHER] flg=0x10008000 cmp=com.example.lunchtray/androidx.test.core.app.InstrumentationActivityInvoker$BootstrapActivity (has extras) }, activity=androidx.test.core.app.InstrumentationActivityInvoker$BootstrapActivity@7fa70d0
10-23 14:55:43.278  3911  3911 V ActivityScenario: Activity lifecycle changed event received but ignored because the intent does not match. startActivityIntent=Intent { act=android.intent.action.MAIN cat=[android.intent.category.LAUNCHER] cmp=com.example.lunchtray/androidx.fragment.app.testing.FragmentScenario$EmptyFragmentActivity (has extras) }, activity.getIntent()=Intent { act=android.intent.action.MAIN cat=[android.intent.category.LAUNCHER] flg=0x10008000 cmp=com.example.lunchtray/androidx.test.core.app.InstrumentationActivityInvoker$BootstrapActivity (has extras) }, activity=androidx.test.core.app.InstrumentationActivityInvoker$BootstrapActivity@7fa70d0
10-23 14:55:43.278  3911  3911 V ActivityScenario: Activity lifecycle changed event received but ignored because the intent does not match. startActivityIntent=Intent { act=android.intent.action.MAIN cat=[android.intent.category.LAUNCHER] cmp=com.example.lunchtray/androidx.fragment.app.testing.FragmentScenario$EmptyFragmentActivity (has extras) }, activity.getIntent()=Intent { act=android.intent.action.MAIN cat=[android.intent.category.LAUNCHER] flg=0x10008000 cmp=com.example.lunchtray/androidx.test.core.app.InstrumentationActivityInvoker$BootstrapActivity (has extras) }, activity=androidx.test.core.app.InstrumentationActivityInvoker$BootstrapActivity@7fa70d0
10-23 14:55:43.278  3911  3911 V ActivityScenario: Activity lifecycle changed event received but ignored because the intent does not match. startActivityIntent=Intent { act=android.intent.action.MAIN cat=[android.intent.category.LAUNCHER] cmp=com.example.lunchtray/androidx.fragment.app.testing.FragmentScenario$EmptyFragmentActivity (has extras) }, activity.getIntent()=Intent { act=android.intent.action.MAIN cat=[android.intent.category.LAUNCHER] flg=0x10008000 cmp=com.example.lunchtray/androidx.test.core.app.InstrumentationActivityInvoker$BootstrapActivity (has extras) }, activity=androidx.test.core.app.InstrumentationActivityInvoker$BootstrapActivity@7fa70d0
10-23 14:55:43.279  3911  3911 V ActivityScenario: Activity lifecycle changed event received but ignored because the intent does not match. startActivityIntent=Intent { act=android.intent.action.MAIN cat=[android.intent.category.LAUNCHER] cmp=com.example.lunchtray/androidx.fragment.app.testing.FragmentScenario$EmptyFragmentActivity (has extras) }, activity.getIntent()=Intent { act=android.intent.action.MAIN cat=[android.intent.category.LAUNCHER] flg=0x10008000 cmp=com.example.lunchtray/androidx.test.core.app.InstrumentationActivityInvoker$BootstrapActivity (has extras) }, activity=androidx.test.core.app.InstrumentationActivityInvoker$BootstrapActivity@7fa70d0
10-23 14:55:43.279  3911  3911 V ActivityScenario: Activity lifecycle changed event received but ignored because the intent does not match. startActivityIntent=Intent { act=android.intent.action.MAIN cat=[android.intent.category.LAUNCHER] cmp=com.example.lunchtray/androidx.fragment.app.testing.FragmentScenario$EmptyFragmentActivity (has extras) }, activity.getIntent()=Intent { act=android.intent.action.MAIN cat=[android.intent.category.LAUNCHER] flg=0x10008000 cmp=com.example.lunchtray/androidx.test.core.app.InstrumentationActivityInvoker$BootstrapActivity (has extras) }, activity=androidx.test.core.app.InstrumentationActivityInvoker$BootstrapActivity@7fa70d0
10-23 14:55:43.279  3911  3911 V ActivityScenario: Activity lifecycle changed event received but ignored because the intent does not match. startActivityIntent=Intent { act=android.intent.action.MAIN cat=[android.intent.category.LAUNCHER] cmp=com.example.lunchtray/androidx.fragment.app.testing.FragmentScenario$EmptyFragmentActivity (has extras) }, activity.getIntent()=Intent { act=android.intent.action.MAIN cat=[android.intent.category.LAUNCHER] flg=0x10008000 cmp=com.example.lunchtray/androidx.test.core.app.InstrumentationActivityInvoker$BootstrapActivity (has extras) }, activity=androidx.test.core.app.InstrumentationActivityInvoker$BootstrapActivity@7fa70d0
10-23 14:55:43.280  3911  3911 V ActivityScenario: Activity lifecycle changed event received but ignored because the intent does not match. startActivityIntent=Intent { act=android.intent.action.MAIN cat=[android.intent.category.LAUNCHER] cmp=com.example.lunchtray/androidx.fragment.app.testing.FragmentScenario$EmptyFragmentActivity (has extras) }, activity.getIntent()=Intent { act=android.intent.action.MAIN cat=[android.intent.category.LAUNCHER] flg=0x10008000 cmp=com.example.lunchtray/androidx.test.core.app.InstrumentationActivityInvoker$BootstrapActivity (has extras) }, activity=androidx.test.core.app.InstrumentationActivityInvoker$BootstrapActivity@7fa70d0
10-23 14:55:43.280  3911  3911 V ActivityScenario: Activity lifecycle changed event received but ignored because the intent does not match. startActivityIntent=Intent { act=android.intent.action.MAIN cat=[android.intent.category.LAUNCHER] cmp=com.example.lunchtray/androidx.fragment.app.testing.FragmentScenario$EmptyFragmentActivity (has extras) }, activity.getIntent()=Intent { act=android.intent.action.MAIN cat=[android.intent.category.LAUNCHER] flg=0x10008000 cmp=com.example.lunchtray/androidx.test.core.app.InstrumentationActivityInvoker$BootstrapActivity (has extras) }, activity=androidx.test.core.app.InstrumentationActivityInvoker$BootstrapActivity@7fa70d0
10-23 14:55:43.280  3911  3911 V ActivityScenario: Activity lifecycle changed event received but ignored because the intent does not match. startActivityIntent=Intent { act=android.intent.action.MAIN cat=[android.intent.category.LAUNCHER] cmp=com.example.lunchtray/androidx.fragment.app.testing.FragmentScenario$EmptyFragmentActivity (has extras) }, activity.getIntent()=Intent { act=android.intent.action.MAIN cat=[android.intent.category.LAUNCHER] flg=0x10008000 cmp=com.example.lunchtray/androidx.test.core.app.InstrumentationActivityInvoker$BootstrapActivity (has extras) }, activity=androidx.test.core.app.InstrumentationActivityInvoker$BootstrapActivity@7fa70d0
10-23 14:55:43.288  3911  3911 D LifecycleMonitor: Lifecycle status change: androidx.fragment.app.testing.FragmentScenario$EmptyFragmentActivity@ab08e7 in: PRE_ON_CREATE
10-23 14:55:43.288  3911  3911 V ActivityScenario: Activity lifecycle changed event received but ignored because the reported transition was not ON_CREATE while the last known transition was DESTROYED
10-23 14:55:43.288  3911  3911 V ActivityScenario: Activity lifecycle changed event received but ignored because the reported transition was not ON_CREATE while the last known transition was DESTROYED
10-23 14:55:43.288  3911  3911 V ActivityScenario: Activity lifecycle changed event received but ignored because the reported transition was not ON_CREATE while the last known transition was DESTROYED
10-23 14:55:43.288  3911  3911 V ActivityScenario: Activity lifecycle changed event received but ignored because the reported transition was not ON_CREATE while the last known transition was DESTROYED
10-23 14:55:43.288  3911  3911 V ActivityScenario: Activity lifecycle changed event received but ignored because the reported transition was not ON_CREATE while the last known transition was DESTROYED
10-23 14:55:43.288  3911  3911 V ActivityScenario: Activity lifecycle changed event received but ignored because the reported transition was not ON_CREATE while the last known transition was DESTROYED
10-23 14:55:43.288  3911  3911 V ActivityScenario: Activity lifecycle changed event received but ignored because the reported transition was not ON_CREATE while the last known transition was DESTROYED
10-23 14:55:43.288  3911  3911 V ActivityScenario: Activity lifecycle changed event received but ignored because the reported transition was not ON_CREATE while the last known transition was DESTROYED
10-23 14:55:43.288  3911  3911 V ActivityScenario: Activity lifecycle changed event received but ignored because the reported transition was not ON_CREATE while the last known transition was DESTROYED
10-23 14:55:43.289  3911  3911 V ActivityScenario: Activity lifecycle changed event received but ignored because the reported transition was not ON_CREATE while the last known transition was PRE_ON_CREATE
10-23 14:55:43.298  1348  3946 I NetworkScheduler.Stats: Task com.google.android.gms/com.google.android.gms.tapandpay.gcmtask.TapAndPayGcmTaskService finished executing. cause:5 result: 1 elapsed_millis: 82 uptime_millis: 82 exec_start_elapsed_seconds: 83 [CONTEXT service_id=218 ]
10-23 14:55:43.299  3911  3911 D LifecycleMonitor: Lifecycle status change: androidx.fragment.app.testing.FragmentScenario$EmptyFragmentActivity@ab08e7 in: CREATED
10-23 14:55:43.299  3911  3911 V ActivityScenario: Update currentActivityStage to CREATED, currentActivity=androidx.fragment.app.testing.FragmentScenario$EmptyFragmentActivity@ab08e7
10-23 14:55:43.300  3911  3911 V ActivityScenario: Update currentActivityStage to CREATED, currentActivity=androidx.fragment.app.testing.FragmentScenario$EmptyFragmentActivity@ab08e7
10-23 14:55:43.300  3911  3911 V ActivityScenario: Update currentActivityStage to CREATED, currentActivity=androidx.fragment.app.testing.FragmentScenario$EmptyFragmentActivity@ab08e7
10-23 14:55:43.300  3911  3911 V ActivityScenario: Update currentActivityStage to CREATED, currentActivity=androidx.fragment.app.testing.FragmentScenario$EmptyFragmentActivity@ab08e7
10-23 14:55:43.301  3911  3911 V ActivityScenario: Update currentActivityStage to CREATED, currentActivity=androidx.fragment.app.testing.FragmentScenario$EmptyFragmentActivity@ab08e7
10-23 14:55:43.301  3911  3911 V ActivityScenario: Update currentActivityStage to CREATED, currentActivity=androidx.fragment.app.testing.FragmentScenario$EmptyFragmentActivity@ab08e7
10-23 14:55:43.301  3911  3911 V ActivityScenario: Update currentActivityStage to CREATED, currentActivity=androidx.fragment.app.testing.FragmentScenario$EmptyFragmentActivity@ab08e7
10-23 14:55:43.301  3911  3911 V ActivityScenario: Update currentActivityStage to CREATED, currentActivity=androidx.fragment.app.testing.FragmentScenario$EmptyFragmentActivity@ab08e7
10-23 14:55:43.301  3911  3911 V ActivityScenario: Update currentActivityStage to CREATED, currentActivity=androidx.fragment.app.testing.FragmentScenario$EmptyFragmentActivity@ab08e7
10-23 14:55:43.302  3911  3911 V ActivityScenario: Update currentActivityStage to CREATED, currentActivity=androidx.fragment.app.testing.FragmentScenario$EmptyFragmentActivity@ab08e7
10-23 14:55:43.303  3911  3911 D LifecycleMonitor: Lifecycle status change: androidx.fragment.app.testing.FragmentScenario$EmptyFragmentActivity@ab08e7 in: STARTED
10-23 14:55:43.304  3911  3911 V ActivityScenario: Update currentActivityStage to STARTED, currentActivity=androidx.fragment.app.testing.FragmentScenario$EmptyFragmentActivity@ab08e7
