10-23 14:56:15.178  3911  4165 I TestRunner: started: test09_order_reset_after_cancel_from_checkout(com.example.lunchtray.OrderFunctionalityTests)
10-23 14:56:15.199  3911  4165 W Settings: Setting always_finish_activities has moved from android.provider.Settings.System to android.provider.Settings.Global, returning read-only value.
10-23 14:56:15.213  1468  6035 I Icing   : Indexing com.google.android.gms-apps from com.google.android.gms
10-23 14:56:15.215  1468  6035 I Icing   : Indexing done com.google.android.gms-apps
10-23 14:56:15.217  1468  6035 I Icing   : Indexing com.google.android.gms-internal.3p:MobileApplication from com.google.android.gms
10-23 14:56:15.217  1468  6035 I Icing   : Indexing done com.google.android.gms-internal.3p:MobileApplication
10-23 14:56:15.240  1575  1950 I SP      : Scheduling job with delay of 0s for {m:b:u:l, bg}, 1 candidates
10-23 14:56:15.254  1535  1610 I PhenotypeBackgroundRecv: Successfully updated snapshot for com.google.android.gms.clearcut_client#com.google.android.apps.wellbeing
10-23 14:56:15.257  1575  1575 I SpBackgroundTask: SuperpacksBackgroundJobService.onStartJob():23 onStartJob: android.app.job.JobParameters@1eb6bf5
10-23 14:56:15.258  1575  1575 I SP      : ====> Starting job {m:b:u:l, bg}
10-23 14:56:15.263  1575  1950 I SP      : Scheduling: download registered, 0 started, 0 paused, 1 scheduled, 1 pending: emoji:60932fe37d5f6d7a3e60488d8a1755c4 * {m:b:u:l, bg}
10-23 14:56:15.265  1575  1950 I SP      : Syncing content_cache (2022112214) with slices: [e9a5a2de48a4f8b9a658b411bcfb375d, 8722425f4121ffdea802b1066df73991, fa1da98da1212aad6fb9a8efaff48148], metadata: true
10-23 14:56:15.268  1575  1950 I SP      : Syncing transformer_concept (2023011913) with slices: [2023011913_en], metadata: false
10-23 14:56:15.269  1468  6035 I Icing   : Indexing com.google.android.gms-apps from com.google.android.gms
10-23 14:56:15.270  1468  6035 I Icing   : Indexing done com.google.android.gms-apps
10-23 14:56:15.297   416   416 I BpBinder: onLastStrongRef automatically unlinking death recipients:
10-23 14:56:15.298  1468  6035 I Icing   : Indexing com.google.android.gms-internal.3p:MobileApplication from com.google.android.gms
10-23 14:56:15.322   870   947 E OpenGLRenderer: Unable to match the desired swap behavior.
10-23 14:56:15.328  3911  3911 D LifecycleMonitor: Lifecycle status change: androidx.test.core.app.InstrumentationActivityInvoker$BootstrapActivity@bf335d5 in: PRE_ON_CREATE
10-23 14:56:15.328  3911  3911 V ActivityScenario: Activity lifecycle changed event received but ignored because the intent does not match. startActivityIntent=Intent { act=android.intent.action.MAIN cat=[android.intent.category.LAUNCHER] cmp=com.example.lunchtray/.MainActivity }, activity.getIntent()=Intent { act=android.intent.action.MAIN cat=[android.intent.category.LAUNCHER] flg=0x10008000 cmp=com.example.lunchtray/androidx.test.core.app.InstrumentationActivityInvoker$BootstrapActivity (has extras) }, activity=androidx.test.core.app.InstrumentationActivityInvoker$BootstrapActivity@bf335d5
10-23 14:56:15.328  3911  3911 V ActivityScenario: Activity lifecycle changed event received but ignored because the intent does not match. startActivityIntent=Intent { act=android.intent.action.MAIN cat=[android.intent.category.LAUNCHER] cmp=com.example.lunchtray/.MainActivity }, activity.getIntent()=Intent { act=android.intent.action.MAIN cat=[android.intent.category.LAUNCHER] flg=0x10008000 cmp=com.example.lunchtray/androidx.test.core.app.InstrumentationActivityInvoker$BootstrapActivity (has extras) }, activity=androidx.test.core.app.InstrumentationActivityInvoker$BootstrapActivity@bf335d5
10-23 14:56:15.329  3911  3911 V ActivityScenario: Activity lifecycle changed event received but ignored because the intent does not match. startActivityIntent=Intent { act=android.intent.action.MAIN cat=[android.intent.category.LAUNCHER] cmp=com.example.lunchtray/.MainActivity }, activity.getIntent()=Intent { act=android.intent.action.MAIN cat=[android.intent.category.LAUNCHER] flg=0x10008000 cmp=com.example.lunchtray/androidx.test.core.app.InstrumentationActivityInvoker$BootstrapActivity (has extras) }, activity=androidx.test.core.app.InstrumentationActivityInvoker$BootstrapActivity@bf335d5
10-23 14:56:15.330  1468  6035 I Icing   : Indexing done com.google.android.gms-internal.3p:MobileApplication
10-23 14:56:15.375  1468  6035 I Icing   : Indexing com.google.android.gms-apps from com.google.android.gms
10-23 14:56:15.384  3911  3911 D LifecycleMonitor: Lifecycle status change: androidx.test.core.app.InstrumentationActivityInvoker$BootstrapActivity@bf335d5 in: CREATED
10-23 14:56:15.384  3911  3911 V ActivityScenario: Activity lifecycle changed event received but ignored because the intent does not match. startActivityIntent=Intent { act=android.intent.action.MAIN cat=[android.intent.category.LAUNCHER] cmp=com.example.lunchtray/.MainActivity }, activity.getIntent()=Intent { act=android.intent.action.MAIN cat=[android.intent.category.LAUNCHER] flg=0x10008000 cmp=com.example.lunchtray/androidx.test.core.app.InstrumentationActivityInvoker$BootstrapActivity (has extras) }, activity=androidx.test.core.app.InstrumentationActivityInvoker$BootstrapActivity@bf335d5
10-23 14:56:15.385  3911  3911 V ActivityScenario: Activity lifecycle changed event received but ignored because the intent does not match. startActivityIntent=Intent { act=android.intent.action.MAIN cat=[android.intent.category.LAUNCHER] cmp=com.example.lunchtray/.MainActivity }, activity.getIntent()=Intent { act=android.intent.action.MAIN cat=[android.intent.category.LAUNCHER] flg=0x10008000 cmp=com.example.lunchtray/androidx.test.core.app.InstrumentationActivityInvoker$BootstrapActivity (has extras) }, activity=androidx.test.core.app.InstrumentationActivityInvoker$BootstrapActivity@bf335d5
10-23 14:56:15.385  3911  3911 V ActivityScenario: Activity lifecycle changed event received but ignored because the intent does not match. startActivityIntent=Intent { act=android.intent.action.MAIN cat=[android.intent.category.LAUNCHER] cmp=com.example.lunchtray/.MainActivity }, activity.getIntent()=Intent { act=android.intent.action.MAIN cat=[android.intent.category.LAUNCHER] flg=0x10008000 cmp=com.example.lunchtray/androidx.test.core.app.InstrumentationActivityInvoker$BootstrapActivity (has extras) }, activity=androidx.test.core.app.InstrumentationActivityInvoker$BootstrapActivity@bf335d5
10-23 14:56:15.392  3911  3911 D LifecycleMonitor: Lifecycle status change: androidx.test.core.app.InstrumentationActivityInvoker$BootstrapActivity@bf335d5 in: STARTED
10-23 14:56:15.392  3911  3911 V ActivityScenario: Activity lifecycle changed event received but ignored because the intent does not match. startActivityIntent=Intent { act=android.intent.action.MAIN cat=[android.intent.category.LAUNCHER] cmp=com.example.lunchtray/.MainActivity }, activity.getIntent()=Intent { act=android.intent.action.MAIN cat=[android.intent.category.LAUNCHER] flg=0x10008000 cmp=com.example.lunchtray/androidx.test.core.app.InstrumentationActivityInvoker$BootstrapActivity (has extras) }, activity=androidx.test.core.app.InstrumentationActivityInvoker$BootstrapActivity@bf335d5
10-23 14:56:15.393  3911  3911 V ActivityScenario: Activity lifecycle changed event received but ignored because the intent does not match. startActivityIntent=Intent { act=android.intent.action.MAIN cat=[android.intent.category.LAUNCHER] cmp=com.example.lunchtray/.MainActivity }, activity.getIntent()=Intent { act=android.intent.action.MAIN cat=[android.intent.category.LAUNCHER] flg=0x10008000 cmp=com.example.lunchtray/androidx.test.core.app.InstrumentationActivityInvoker$BootstrapActivity (has extras) }, activity=androidx.test.core.app.InstrumentationActivityInvoker$BootstrapActivity@bf335d5
10-23 14:56:15.393  3911  3911 V ActivityScenario: Activity lifecycle changed event received but ignored because the intent does not match. startActivityIntent=Intent { act=android.intent.action.MAIN cat=[android.intent.category.LAUNCHER] cmp=com.example.lunchtray/.MainActivity }, activity.getIntent()=Intent { act=android.intent.action.MAIN cat=[android.intent.category.LAUNCHER] flg=0x10008000 cmp=com.example.lunchtray/androidx.test.core.app.InstrumentationActivityInvoker$BootstrapActivity (has extras) }, activity=androidx.test.core.app.InstrumentationActivityInvoker$BootstrapActivity@bf335d5
10-23 14:56:15.414  3911  3911 D LifecycleMonitor: Lifecycle status change: androidx.test.core.app.InstrumentationActivityInvoker$BootstrapActivity@bf335d5 in: RESUMED
10-23 14:56:15.414  3911  3911 V ActivityScenario: Activity lifecycle changed event received but ignored because the intent does not match. startActivityIntent=Intent { act=android.intent.action.MAIN cat=[android.intent.category.LAUNCHER] cmp=com.example.lunchtray/.MainActivity }, activity.getIntent()=Intent { act=android.intent.action.MAIN cat=[android.intent.category.LAUNCHER] flg=0x10008000 cmp=com.example.lunchtray/androidx.test.core.app.InstrumentationActivityInvoker$BootstrapActivity (has extras) }, activity=androidx.test.core.app.InstrumentationActivityInvoker$BootstrapActivity@bf335d5
10-23 14:56:15.414  1575  1950 I SP      : Scheduling: job start ({m:b:u:l, bg}), 1 started, 0 paused, 0 scheduled, 1 pending: emoji:60932fe37d5f6d7a3e60488d8a1755c4 @ * {m:b:u:l, bg}
10-23 14:56:15.414  3911  3911 V ActivityScenario: Activity lifecycle changed event received but ignored because the intent does not match. startActivityIntent=Intent { act=android.intent.action.MAIN cat=[android.intent.category.LAUNCHER] cmp=com.example.lunchtray/.MainActivity }, activity.getIntent()=Intent { act=android.intent.action.MAIN cat=[android.intent.category.LAUNCHER] flg=0x10008000 cmp=com.example.lunchtray/androidx.test.core.app.InstrumentationActivityInvoker$BootstrapActivity (has extras) }, activity=androidx.test.core.app.InstrumentationActivityInvoker$BootstrapActivity@bf335d5
10-23 14:56:15.416  3911  3911 V ActivityScenario: Activity lifecycle changed event received but ignored because the intent does not match. startActivityIntent=Intent { act=android.intent.action.MAIN cat=[android.intent.category.LAUNCHER] cmp=com.example.lunchtray/.MainActivity }, activity.getIntent()=Intent { act=android.intent.action.MAIN cat=[android.intent.category.LAUNCHER] flg=0x10008000 cmp=com.example.lunchtray/androidx.test.core.app.InstrumentationActivityInvoker$BootstrapActivity (has extras) }, activity=androidx.test.core.app.InstrumentationActivityInvoker$BootstrapActivity@bf335d5
10-23 14:56:15.417  1575  1950 I SP      : Syncing dynamic_art (20220108) with slices: [b1f6f47a53f7820be91b9fe247728980, 305f81355a729e382ea9f374dd286d9f], metadata: false
10-23 14:56:15.418  3911  3911 D LifecycleMonitor: Lifecycle status change: androidx.test.core.app.InstrumentationActivityInvoker$BootstrapActivity@bf335d5 in: PAUSED
10-23 14:56:15.419  3911  3911 V ActivityScenario: Activity lifecycle changed event received but ignored because the intent does not match. startActivityIntent=Intent { act=android.intent.action.MAIN cat=[android.intent.category.LAUNCHER] cmp=com.example.lunchtray/.MainActivity }, activity.getIntent()=Intent { act=android.intent.action.MAIN cat=[android.intent.category.LAUNCHER] flg=0x10008000 cmp=com.example.lunchtray/androidx.test.core.app.InstrumentationActivityInvoker$BootstrapActivity (has extras) }, activity=androidx.test.core.app.InstrumentationActivityInvoker$BootstrapActivity@bf335d5
10-23 14:56:15.419  1575  1950 I SP      : Requesting download of URL https://www.gstatic.com/android/keyboard/emoji/20230201113008/en_us.zip to 60932fe37d5f6d7a3e60488d8a1755c4.zip.fetched (constraints: m:b:u:l)
10-23 14:56:15.419  3911  3911 V ActivityScenario: Activity lifecycle changed event received but ignored because the intent does not match. startActivityIntent=Intent { act=android.intent.action.MAIN cat=[android.intent.category.LAUNCHER] cmp=com.example.lunchtray/.MainActivity }, activity.getIntent()=Intent { act=android.intent.action.MAIN cat=[android.intent.category.LAUNCHER] flg=0x10008000 cmp=com.example.lunchtray/androidx.test.core.app.InstrumentationActivityInvoker$BootstrapActivity (has extras) }, activity=androidx.test.core.app.InstrumentationActivityInvoker$BootstrapActivity@bf335d5
10-23 14:56:15.419  3911  3911 V ActivityScenario: Activity lifecycle changed event received but ignored because the intent does not match. startActivityIntent=Intent { act=android.intent.action.MAIN cat=[android.intent.category.LAUNCHER] cmp=com.example.lunchtray/.MainActivity }, activity.getIntent()=Intent { act=android.intent.action.MAIN cat=[android.intent.category.LAUNCHER] flg=0x10008000 cmp=com.example.lunchtray/androidx.test.core.app.InstrumentationActivityInvoker$BootstrapActivity (has extras) }, activity=androidx.test.core.app.InstrumentationActivityInvoker$BootstrapActivity@bf335d5
10-23 14:56:15.452  1468  6035 I Icing   : Indexing done com.google.android.gms-apps
10-23 14:56:15.462  3911  3911 D LifecycleMonitor: Lifecycle status change: com.example.lunchtray.MainActivity@2127c53 in: PRE_ON_CREATE
10-23 14:56:15.462  3911  3911 V ActivityScenario: Activity lifecycle changed event received but ignored because the reported transition was not ON_CREATE while the last known transition was DESTROYED
10-23 14:56:15.462  3911  3911 V ActivityScenario: Activity lifecycle changed event received but ignored because the reported transition was not ON_CREATE while the last known transition was DESTROYED
10-23 14:56:15.463  3911  3911 V ActivityScenario: Activity lifecycle changed event received but ignored because the reported transition was not ON_CREATE while the last known transition was PRE_ON_CREATE
10-23 14:56:15.464   870   947 D EGL_emulation: app_time_stats: avg=338.70ms min=4.28ms max=4343.64ms count=15
10-23 14:56:15.466  1575  6083 D TrafficStats: tagSocket(140) with statsTag=0xffffffff, statsUid=-1
10-23 14:56:15.485  1575  6083 W putmethod.latin: Accessing hidden method Lcom/android/org/conscrypt/ConscryptEngineSocket;->setUseSessionTickets(Z)V (max-target-q,core-platform-api, reflection, denied)
10-23 14:56:15.485  1575  6083 W putmethod.latin: Accessing hidden method Lcom/android/org/conscrypt/OpenSSLSocketImpl;->setUseSessionTickets(Z)V (max-target-q,core-platform-api, reflection, denied)
10-23 14:56:15.485  1575  6083 W putmethod.latin: Accessing hidden method Lcom/android/org/conscrypt/AbstractConscryptSocket;->setUseSessionTickets(Z)V (max-target-q, reflection, denied)
10-23 14:56:15.485  1575  6083 W putmethod.latin: Accessing hidden method Lcom/android/org/conscrypt/ConscryptEngineSocket;->setHostname(Ljava/lang/String;)V (max-target-q,core-platform-api, reflection, denied)
10-23 14:56:15.485  1575  6083 W putmethod.latin: Accessing hidden method Lcom/android/org/conscrypt/OpenSSLSocketImpl;->setHostname(Ljava/lang/String;)V (max-target-q,core-platform-api, reflection, denied)
10-23 14:56:15.485  1575  6083 W putmethod.latin: Accessing hidden method Lcom/android/org/conscrypt/AbstractConscryptSocket;->setHostname(Ljava/lang/String;)V (max-target-q, reflection, denied)
10-23 14:56:15.485  1575  6083 W putmethod.latin: Accessing hidden method Lcom/android/org/conscrypt/OpenSSLSocketImpl;->setAlpnProtocols([B)V (max-target-q,core-platform-api, reflection, denied)
10-23 14:56:15.485  1575  6083 W putmethod.latin: Accessing hidden method Lcom/android/org/conscrypt/AbstractConscryptSocket;->setAlpnProtocols([B)V (max-target-q, reflection, denied)
10-23 14:56:15.512  1468  6035 I Icing   : Indexing com.google.android.gms-internal.3p:MobileApplication from com.google.android.gms
10-23 14:56:15.526  1575  6083 W putmethod.latin: Accessing hidden method Lcom/android/org/conscrypt/OpenSSLSocketImpl;->getAlpnSelectedProtocol()[B (max-target-q,core-platform-api, reflection, denied)
10-23 14:56:15.526  1575  6083 W putmethod.latin: Accessing hidden method Lcom/android/org/conscrypt/AbstractConscryptSocket;->getAlpnSelectedProtocol()[B (max-target-q, reflection, denied)
10-23 14:56:15.540  1468  6035 I Icing   : Indexing done com.google.android.gms-internal.3p:MobileApplication
10-23 14:56:15.540  1468  6035 I Icing   : Indexing com.google.android.gms-apps from com.google.android.gms
10-23 14:56:15.555  3911  3911 D LifecycleMonitor: Lifecycle status change: com.example.lunchtray.MainActivity@2127c53 in: CREATED
10-23 14:56:15.557  3911  3911 V ActivityScenario: Update currentActivityStage to CREATED, currentActivity=com.example.lunchtray.MainActivity@2127c53
10-23 14:56:15.557  3911  3911 V ActivityScenario: Update currentActivityStage to CREATED, currentActivity=com.example.lunchtray.MainActivity@2127c53
10-23 14:56:15.557  3911  3911 V ActivityScenario: Update currentActivityStage to CREATED, currentActivity=com.example.lunchtray.MainActivity@2127c53
10-23 14:56:15.573  3911  3911 D LifecycleMonitor: Lifecycle status change: com.example.lunchtray.MainActivity@2127c53 in: STARTED
10-23 14:56:15.577  3911  3911 V ActivityScenario: Update currentActivityStage to STARTED, currentActivity=com.example.lunchtray.MainActivity@2127c53
10-23 14:56:15.578  3911  3911 V ActivityScenario: Update currentActivityStage to STARTED, currentActivity=com.example.lunchtray.MainActivity@2127c53
10-23 14:56:15.578  3911  3911 V ActivityScenario: Update currentActivityStage to STARTED, currentActivity=com.example.lunchtray.MainActivity@2127c53
10-23 14:56:15.580  3911  3911 D LifecycleMonitor: Lifecycle status change: com.example.lunchtray.MainActivity@2127c53 in: RESUMED
10-23 14:56:15.580  3911  3911 V ActivityScenario: Update currentActivityStage to RESUMED, currentActivity=com.example.lunchtray.MainActivity@2127c53
10-23 14:56:15.580  3911  3911 V ActivityScenario: Update currentActivityStage to RESUMED, currentActivity=com.example.lunchtray.MainActivity@2127c53
10-23 14:56:15.585   524   534 I system_server: Background young concurrent copying GC freed 379046(15MB) AllocSpace objects, 4(144KB) LOS objects, 30% free, 35MB/50MB, paused 11.829ms,37us total 259.500ms
10-23 14:56:15.588  3911  3911 V ActivityScenario: Update currentActivityStage to RESUMED, currentActivity=com.example.lunchtray.MainActivity@2127c53
10-23 14:56:15.618  1468  1477 I gle.android.gms: Background young concurrent copying GC freed 128389(7121KB) AllocSpace objects, 50(1640KB) LOS objects, 29% free, 19MB/27MB, paused 69us,13us total 191.117ms
10-23 14:56:15.627  3911  4251 E OpenGLRenderer: Unable to match the desired swap behavior.
10-23 14:56:15.637   870   947 D EGL_emulation: app_time_stats: avg=436.05ms min=32.25ms max=2906.60ms count=8
10-23 14:56:15.642  1468  6035 I Icing   : Indexing com.google.android.gms-internal.3p:MobileApplication from com.google.android.gms
10-23 14:56:15.643  1468  6035 I Icing   : Indexing done com.google.android.gms-internal.3p:MobileApplication
10-23 14:56:15.669   524   544 W ziparchive: Unable to open '/data/app/~~l7Rq4SQe7Y9FzOfn2-YRbQ==/com.example.lunchtray-gbGN8hPxDqDvdbmHMgLHzQ==/base.dm': No such file or directory
10-23 14:56:15.676   524   544 I ActivityTaskManager: Displayed com.example.lunchtray/.MainActivity for user 0: +447ms
10-23 14:56:15.677  3911  3911 D RootViewPicker: Root not ready - waiting: 10ms for one to appear.
10-23 14:56:15.682  1468  6035 I Icing   : Indexing done com.google.android.gms-apps
10-23 14:56:15.682  1468  6035 I Icing   : Indexing com.google.android.gms-internal.3p:MobileApplication from com.google.android.gms
10-23 14:56:15.684  1468  6035 I Icing   : Indexing done com.google.android.gms-internal.3p:MobileApplication
10-23 14:56:15.687  3911  3911 D RootViewPicker: Root not ready - waiting: 25ms for one to appear.
10-23 14:56:15.690  1468  6035 I Icing   : Indexing com.google.android.gms-apps from com.google.android.gms
10-23 14:56:15.694   524  2045 I ImeTracker: com.example.lunchtray:f068fb66: onRequestHide at ORIGIN_SERVER_HIDE_INPUT reason HIDE_UNSPECIFIED_WINDOW
10-23 14:56:15.694   524  2045 I ImeTracker: com.example.lunchtray:f068fb66: onCancelled at PHASE_SERVER_SHOULD_HIDE
10-23 14:56:15.694  1468  6035 I Icing   : Indexing done com.google.android.gms-apps
10-23 14:56:15.695  1468  6035 I Icing   : Indexing com.google.android.gms-internal.3p:MobileApplication from com.google.android.gms
10-23 14:56:15.695  1575  1575 I GoogleInputMethodService: GoogleInputMethodService.onFinishInput():3227
10-23 14:56:15.699  1468  6035 I Icing   : Indexing done com.google.android.gms-internal.3p:MobileApplication
10-23 14:56:15.704  3911  3911 D LifecycleMonitor: Lifecycle status change: androidx.test.core.app.InstrumentationActivityInvoker$BootstrapActivity@bf335d5 in: STOPPED
10-23 14:56:15.705  3911  3911 V ActivityScenario: Activity lifecycle changed event received but ignored because the intent does not match. startActivityIntent=Intent { act=android.intent.action.MAIN cat=[android.intent.category.LAUNCHER] cmp=com.example.lunchtray/.MainActivity }, activity.getIntent()=Intent { act=android.intent.action.MAIN cat=[android.intent.category.LAUNCHER] flg=0x10008000 cmp=com.example.lunchtray/androidx.test.core.app.InstrumentationActivityInvoker$BootstrapActivity (has extras) }, activity=androidx.test.core.app.InstrumentationActivityInvoker$BootstrapActivity@bf335d5
10-23 14:56:15.705  3911  3911 V ActivityScenario: Activity lifecycle changed event received but ignored because the intent does not match. startActivityIntent=Intent { act=android.intent.action.MAIN cat=[android.intent.category.LAUNCHER] cmp=com.example.lunchtray/.MainActivity }, activity.getIntent()=Intent { act=android.intent.action.MAIN cat=[android.intent.category.LAUNCHER] flg=0x10008000 cmp=com.example.lunchtray/androidx.test.core.app.InstrumentationActivityInvoker$BootstrapActivity (has extras) }, activity=androidx.test.core.app.InstrumentationActivityInvoker$BootstrapActivity@bf335d5
10-23 14:56:15.705  3911  3911 V ActivityScenario: Activity lifecycle changed event received but ignored because the intent does not match. startActivityIntent=Intent { act=android.intent.action.MAIN cat=[android.intent.category.LAUNCHER] cmp=com.example.lunchtray/.MainActivity }, activity.getIntent()=Intent { act=android.intent.action.MAIN cat=[android.intent.category.LAUNCHER] flg=0x10008000 cmp=com.example.lunchtray/androidx.test.core.app.InstrumentationActivityInvoker$BootstrapActivity (has extras) }, activity=androidx.test.core.app.InstrumentationActivityInvoker$BootstrapActivity@bf335d5
10-23 14:56:15.721  3911  3911 I ViewInteraction: Performing 'single click' action on view view.getId() is <2131231208/com.example.lunchtray:id/start_order_btn>
10-23 14:56:15.723  1575  1575 I GoogleInputMethodService: GoogleInputMethodService.updateDeviceLockedStatus():2087 repeatCheckTimes = 0, unlocked = true
10-23 14:56:15.723  1575  1575 I GoogleInputMethodService: GoogleInputMethodService.onStartInput():1877 onStartInput(EditorInfo{inputType=0x0(NULL) imeOptions=0x0 privateImeOptions=null actionName=UNSPECIFIED actionLabel=null actionId=0 initialSelStart=-1 initialSelEnd=-1 initialCapsMode=0x0 hintText=null label=null packageName=com.example.lunchtray fieldId=0 fieldName=null extras=null}, false)
10-23 14:56:15.723  1575  1575 I GoogleInputMethodService: GoogleInputMethodService.shouldHideHeaderOnInitialState():4008 ShouldHideHeaderOnInitialState = false
10-23 14:56:15.723  1575  1575 I GoogleInputMethodService: GoogleInputMethodService.updateDeviceLockedStatus():2087 repeatCheckTimes = 2, unlocked = true
10-23 14:56:15.737  1468  6035 I Icing   : Indexing com.google.android.gms-apps from com.google.android.gms
10-23 14:56:15.740  1468  6035 I Icing   : Indexing done com.google.android.gms-apps
10-23 14:56:15.756  1132  1166 I ImeTracker: com.google.android.apps.nexuslauncher:fc5b0647: onRequestHide at ORIGIN_CLIENT_HIDE_SOFT_INPUT reason HIDE_SOFT_INPUT
10-23 14:56:15.769  1132  2137 D OneSearchSuggestProvider: Shut down the binder channel
10-23 14:56:15.771  2964  3265 W SearchServiceCore: Abort, client detached.
10-23 14:56:15.771  2964  3265 W SearchServiceCore: Abort, client detached.
10-23 14:56:15.771  2964  3265 W SearchServiceCore: Abort, client detached.
10-23 14:56:15.772  2964  3265 W SearchServiceCore: Abort, client detached.
10-23 14:56:15.772  2964  3265 W SearchServiceCore: Abort, client detached.
10-23 14:56:15.774  2964  6001 I PBSessionCacheImpl: Deleted sessionId[13037507931822913] from persistence.
10-23 14:56:15.775   524  2029 I ImeTracker: com.google.android.apps.nexuslauncher:fc5b0647: onCancelled at PHASE_SERVER_CLIENT_FOCUSED
10-23 14:56:15.780  1132  1152 I IPCThreadState: oneway function results for code 2 on binder at 0x7f98daeedf30 will be dropped but finished with status UNKNOWN_TRANSACTION
10-23 14:56:15.786   413   413 D audioserver: FGS Logger Transaction failed
10-23 14:56:15.786   413   413 D audioserver: -129
10-23 14:56:15.786  1348  1360 I .gms.persistent: Background concurrent copying GC freed 509984(18MB) AllocSpace objects, 13(1424KB) LOS objects, 49% free, 14MB/28MB, paused 26us,16us total 263.681ms
10-23 14:56:15.883  1468  6035 I Icing   : Indexing com.google.android.gms-apps from com.google.android.gms
10-23 14:56:15.905  1468  6035 I Icing   : Indexing com.google.android.gms-internal.3p:MobileApplication from com.google.android.gms
10-23 14:56:15.906  1468  6035 I Icing   : Indexing done com.google.android.gms-internal.3p:MobileApplication
10-23 14:56:15.907  1468  6035 I Icing   : Indexing done com.google.android.gms-apps
10-23 14:56:15.943  1468  6035 I Icing   : Indexing com.google.android.gms-apps from com.google.android.gms
10-23 14:56:15.954  1468  6035 I Icing   : Indexing done com.google.android.gms-apps
10-23 14:56:15.957   413   476 D audioserver: FGS Logger Transaction failed
10-23 14:56:15.957   413   476 D audioserver: -129
10-23 14:56:15.962  1575  1950 I SP      : Scheduling: download registered, 1 started, 0 paused, 0 scheduled, 2 pending: emoji:60932fe37d5f6d7a3e60488d8a1755c4 @ {m:b:u:l, bg}, content_cache:e9a5a2de48a4f8b9a658b411bcfb375d @ * {m:b:u:l, bg}
10-23 14:56:15.964  1468  6035 I Icing   : Indexing com.google.android.gms-apps from com.google.android.gms
10-23 14:56:15.967  1468  6035 I Icing   : Indexing done com.google.android.gms-apps
10-23 14:56:15.981  1468  6035 I Icing   : Indexing com.google.android.gms-apps from com.google.android.gms
10-23 14:56:16.000  1468  6035 I Icing   : Indexing done com.google.android.gms-apps
10-23 14:56:16.004  1575  1950 I SP      : Scheduling: download registered, 1 started, 0 paused, 0 scheduled, 3 pending: emoji:60932fe37d5f6d7a3e60488d8a1755c4 @ {m:b:u:l, bg}, content_cache:e9a5a2de48a4f8b9a658b411bcfb375d @ {m:b:u:l, bg}, content_cache:8722425f4121ffdea802b1066df73991 @ * {m:b:u:l, bg}
10-23 14:56:16.020  1468  6035 I Icing   : Indexing com.google.android.gms-apps from com.google.android.gms
10-23 14:56:16.026   870   921 W WindowOnBackDispatcher: sendCancelIfRunning: isInProgress=falsecallback=android.view.ViewRootImpl$$ExternalSyntheticLambda17@4da534d
10-23 14:56:16.027   524  2040 W InputManager-JNI: Input channel object '245ca36 Splash Screen com.example.lunchtray (client)' was disposed without first being removed with the input manager!
10-23 14:56:16.050  1468  6035 I Icing   : Indexing done com.google.android.gms-apps
10-23 14:56:16.090  1575  1950 I SP      : Scheduling: download registered, 1 started, 0 paused, 0 scheduled, 4 pending: emoji:60932fe37d5f6d7a3e60488d8a1755c4 @ {m:b:u:l, bg}, content_cache:e9a5a2de48a4f8b9a658b411bcfb375d @ {m:b:u:l, bg}, content_cache:8722425f4121ffdea802b1066df73991 @ {m:b:u:l, bg}, content_cache:fa1da98da1212aad6fb9a8efaff48148 @ * {m:b:u:l, bg}
10-23 14:56:16.125  1468  5942 I Icing   : Indexing com.google.android.gms-apps from com.google.android.gms
10-23 14:56:16.146  1468  5942 I Icing   : Indexing done com.google.android.gms-apps
10-23 14:56:16.156  1468  5942 I Icing   : Indexing com.google.android.gms-apps from com.google.android.gms
10-23 14:56:16.159  1575  1950 I SP      : Scheduling: download registered, 1 started, 0 paused, 0 scheduled, 5 pending: emoji:60932fe37d5f6d7a3e60488d8a1755c4 @ {m:b:u:l, bg}, content_cache:e9a5a2de48a4f8b9a658b411bcfb375d @ {m:b:u:l, bg}, content_cache:8722425f4121ffdea802b1066df73991 @ {m:b:u:l, bg}, content_cache:fa1da98da1212aad6fb9a8efaff48148 @ {m:b:u:l, bg}, transformer_concept:2023011913_en @ * {m:b:u:l, bg}
10-23 14:56:16.160  1575  1950 I SP      : Requesting download of URL https://www.gstatic.com/android/keyboard/modelpack/contentcache/202211221443/emoji2expr.pb to e9a5a2de48a4f8b9a658b411bcfb375d.fetched (constraints: m:b:u:l)
10-23 14:56:16.160  1575  1950 I SP      : Requesting download of URL https://www.gstatic.com/android/keyboard/modelpack/contentcache/202211221443/text2expr.pb to 8722425f4121ffdea802b1066df73991.fetched (constraints: m:b:u:l)
10-23 14:56:16.160  1575  1950 I SP      : Requesting download of URL https://www.gstatic.com/android/keyboard/modelpack/contentcache/202211221443/contextual_ek.pb to fa1da98da1212aad6fb9a8efaff48148.fetched (constraints: m:b:u:l)
10-23 14:56:16.171  1468  5942 I Icing   : Indexing done com.google.android.gms-apps
10-23 14:56:16.183  1348  1506 E bwfc    : Phenotype API error. Event # edax@2104a42c, EventCode: 5 [CONTEXT service_id=51 ]
10-23 14:56:16.183  1348  1506 E bwfc    : bwdx: 29501: Stale snapshot for com.google.android.inputmethod.latin#com.google.android.inputmethod.latin(change count changed - expected 5  but was 4)
10-23 14:56:16.183  1348  1506 E bwfc    : 	at bwfg.b(:com.google.android.gms@231818047@23.18.18 (190800-535401451):16)
10-23 14:56:16.183  1348  1506 E bwfc    : 	at bwff.g(:com.google.android.gms@231818047@23.18.18 (190800-535401451):0)
10-23 14:56:16.183  1348  1506 E bwfc    : 	at bwfc.e(:com.google.android.gms@231818047@23.18.18 (190800-535401451):4)
10-23 14:56:16.183  1348  1506 E bwfc    : 	at bwfc.f(:com.google.android.gms@231818047@23.18.18 (190800-535401451):2)
10-23 14:56:16.183  1348  1506 E bwfc    : 	at avsy.eo(:com.google.android.gms@231818047@23.18.18 (190800-535401451):1)
10-23 14:56:16.183  1348  1506 E bwfc    : 	at avtf.run(:com.google.android.gms@231818047@23.18.18 (190800-535401451):14)
10-23 14:56:16.183  1348  1506 E bwfc    : 	at dfhf.run(:com.google.android.gms@231818047@23.18.18 (190800-535401451):2)
10-23 14:56:16.183  1348  1506 E bwfc    : 	at aced.c(:com.google.android.gms@231818047@23.18.18 (190800-535401451):6)
10-23 14:56:16.183  1348  1506 E bwfc    : 	at aced.run(:com.google.android.gms@231818047@23.18.18 (190800-535401451):8)
10-23 14:56:16.183  1348  1506 E bwfc    : 	at java.util.concurrent.ThreadPoolExecutor.runWorker(ThreadPoolExecutor.java:1145)
10-23 14:56:16.183  1348  1506 E bwfc    : 	at java.util.concurrent.ThreadPoolExecutor$Worker.run(ThreadPoolExecutor.java:644)
10-23 14:56:16.183  1348  1506 E bwfc    : 	at acjn.run(:com.google.android.gms@231818047@23.18.18 (190800-535401451):0)
10-23 14:56:16.183  1348  1506 E bwfc    : 	at java.lang.Thread.run(Thread.java:1012)
10-23 14:56:16.184  1468  5942 I Icing   : Indexing com.google.android.gms-apps from com.google.android.gms
10-23 14:56:16.185  1348  1506 W AsyncOperation: operation=CommitToConfigurationOperationCall, opStatusCode=29501 [CONTEXT service_id=51 ]
10-23 14:56:16.185  1348  1506 W AsyncOperation: OperationException[Status{statusCode=Stale snapshot for com.google.android.inputmethod.latin#com.google.android.inputmethod.latin(change count changed - expected 5  but was 4), resolution=null}]
10-23 14:56:16.185  1348  1506 W AsyncOperation: 	at bwfc.e(:com.google.android.gms@231818047@23.18.18 (190800-535401451):6)
10-23 14:56:16.185  1348  1506 W AsyncOperation: 	at bwfc.f(:com.google.android.gms@231818047@23.18.18 (190800-535401451):2)
10-23 14:56:16.185  1348  1506 W AsyncOperation: 	at avsy.eo(:com.google.android.gms@231818047@23.18.18 (190800-535401451):1)
10-23 14:56:16.185  1348  1506 W AsyncOperation: 	at avtf.run(:com.google.android.gms@231818047@23.18.18 (190800-535401451):14)
10-23 14:56:16.185  1348  1506 W AsyncOperation: 	at dfhf.run(:com.google.android.gms@231818047@23.18.18 (190800-535401451):2)
10-23 14:56:16.185  1348  1506 W AsyncOperation: 	at aced.c(:com.google.android.gms@231818047@23.18.18 (190800-535401451):6)
10-23 14:56:16.185  1348  1506 W AsyncOperation: 	at aced.run(:com.google.android.gms@231818047@23.18.18 (190800-535401451):8)
10-23 14:56:16.185  1348  1506 W AsyncOperation: 	at java.util.concurrent.ThreadPoolExecutor.runWorker(ThreadPoolExecutor.java:1145)
10-23 14:56:16.185  1348  1506 W AsyncOperation: 	at java.util.concurrent.ThreadPoolExecutor$Worker.run(ThreadPoolExecutor.java:644)
10-23 14:56:16.185  1348  1506 W AsyncOperation: 	at acjn.run(:com.google.android.gms@231818047@23.18.18 (190800-535401451):0)
10-23 14:56:16.185  1348  1506 W AsyncOperation: 	at java.lang.Thread.run(Thread.java:1012)
10-23 14:56:16.189  1468  5942 I Icing   : Indexing done com.google.android.gms-apps
10-23 14:56:16.193  1575  2489 I PhenotypeBackgroundRecv: Successfully updated snapshot for com.google.android.gms.clearcut_client#com.google.android.inputmethod.latin
10-23 14:56:16.194  1575  1575 I PhenotypeModule: PhenotypeModule.receiveBroadcast():373 onReceive() urgent = false
10-23 14:56:16.194  1575  1575 I PhenotypeModule: PhenotypeModule.maybeFetchAndUpdate():166 maybeFetchAndUpdate: start new task to fetch
10-23 14:56:16.196  3911  3911 I ViewInteraction: Performing 'single click' action on view view.getId() is <2131230844/com.example.lunchtray:id/cauliflower>
10-23 14:56:16.196  1575  2489 I PhenotypeBackgroundRecv: Successfully updated snapshot for com.google.android.libraries.performance.primes#com.google.android.inputmethod.latin
10-23 14:56:16.202  1575  1575 I PhenotypeModule: PhenotypeModule.receiveBroadcast():373 onReceive() urgent = false
10-23 14:56:16.204  1575  1575 I PhenotypeBackgroundRecv: Skipping com.google.android.gms.learning#com.google.android.inputmethod.latin which doesn't use ProcessStable flags.
10-23 14:56:16.206  1575  1575 I PhenotypeModule: PhenotypeModule.receiveBroadcast():373 onReceive() urgent = false
10-23 14:56:16.234  1348  6033 I NamespaceManager: Package com.android.refreshratecontrol name not found! Using module version.
10-23 14:56:16.262  1348  6033 I NamespaceManager: Package com.google.oslo name not found! Using module version.
10-23 14:56:16.270  5175  5264 W Bugle   : TextClassifierLibManagerImpl: Reclaiming memory at level: 40
10-23 14:56:16.274  5175  5264 W Bugle   : TextClassifierLibManagerImpl: Reclaiming memory at level: 40
10-23 14:56:16.275   413   413 D audioserver: FGS Logger Transaction failed
10-23 14:56:16.275   413   413 D audioserver: -129
10-23 14:56:16.279   456  6007 D BufferPoolAccessor2.0: bufferpool2 0x7f8d7923e9a8 : 0(0 size) total buffers - 0(0 size) used buffers - 0/5 (recycle/alloc) - 2/4 (fetch/transfer)
10-23 14:56:16.279   456  6007 D BufferPoolAccessor2.0: evictor expired: 1, evicted: 1
10-23 14:56:16.281  5175  5270 I BuglePhenotype: onReceive for bugle package [CONTEXT package_name="com.google.android.apps.messaging#com.google.android.apps.messaging" ]
10-23 14:56:16.283  5175  5270 I Bugle   : BroadcastReceiverAsyncWorkTracker: Acknowledging broadcast of com.google.android.apps.messaging.shared.experiments.receiver.BuglePhenotypeBroadcastReceiver@4d97f5
10-23 14:56:16.283   460   868 D BufferPoolAccessor2.0: evictor expired: 1, evicted: 0
10-23 14:56:16.288   524   928 D BufferPoolAccessor2.0: evictor expired: 1, evicted: 0
10-23 14:56:16.291  5175  5175 I PhenotypeBackgroundRecv: Skipping com.google.android.apps.messaging#com.google.android.apps.messaging which doesn't use ProcessStable flags.
10-23 14:56:16.291  1575  1950 I SP      : Scheduling: download registered, 1 started, 0 paused, 0 scheduled, 6 pending: emoji:60932fe37d5f6d7a3e60488d8a1755c4 @ {m:b:u:l, bg}, content_cache:e9a5a2de48a4f8b9a658b411bcfb375d @ {m:b:u:l, bg}, content_cache:8722425f4121ffdea802b1066df73991 @ {m:b:u:l, bg}, content_cache:fa1da98da1212aad6fb9a8efaff48148 @ {m:b:u:l, bg}, transformer_concept:2023011913_en @ {m:b:u:l, bg}, dynamic_art:b1f6f47a53f7820be91b9fe247728980 @ * {m:b:u:l, bg}
10-23 14:56:16.291  5669  5966 W TimedProcessReaper: Scheduling killing of process to refresh configuration
10-23 14:56:16.292   870  1220 D BufferPoolAccessor2.0: evictor expired: 3, evicted: 0
10-23 14:56:16.305  5669  5966 W TimedProcessReaper: Scheduling killing of process to refresh configuration
10-23 14:56:16.306  1348  6033 I NamespaceManager: Package com.android.media name not found! Using module version.
10-23 14:56:16.307  1348  6033 I NamespaceManager: Package com.android.media.swcodec name not found! Using module version.
10-23 14:56:16.310  1348  6033 I NamespaceManager: Package com.android.appsearch name not found! Using module version.
10-23 14:56:16.311  1348  1348 D CompatibilityChangeReporter: Compat change id reported: 119147584; UID 10124; state: ENABLED
10-23 14:56:16.312  5175  5270 I Bugle   : BroadcastReceiverAsyncWorkTracker: Acknowledging broadcast of com.google.android.apps.messaging.shared.experiments.receiver.BuglePhenotypeBroadcastReceiver@facbe71
10-23 14:56:16.314  1348  6033 I NamespaceManager: Package com.android.neuralnetworks name not found! Using module version.
10-23 14:56:16.316  1575  1950 I SP      : Scheduling: download registered, 1 started, 0 paused, 0 scheduled, 7 pending: emoji:60932fe37d5f6d7a3e60488d8a1755c4 @ {m:b:u:l, bg}, content_cache:e9a5a2de48a4f8b9a658b411bcfb375d @ {m:b:u:l, bg}, content_cache:8722425f4121ffdea802b1066df73991 @ {m:b:u:l, bg}, content_cache:fa1da98da1212aad6fb9a8efaff48148 @ {m:b:u:l, bg}, transformer_concept:2023011913_en @ {m:b:u:l, bg}, dynamic_art:b1f6f47a53f7820be91b9fe247728980 @ {m:b:u:l, bg}, dynamic_art:305f81355a729e382ea9f374dd286d9f @ * {m:b:u:l, bg}
10-23 14:56:16.317  1575  1950 I SP      : Requesting download of URL https://www.gstatic.com/android/keyboard/modelpack/transformer_concept/2023011913/en.zip to 2023011913_en.zip.fetched (constraints: m:b:u:l)
10-23 14:56:16.318  1348  6033 I NamespaceManager: Package com.android.media name not found! Using module version.
10-23 14:56:16.319  1575  1950 I SP      : Requesting download of URL https://www.gstatic.com/android/keyboard/dynamic_art/20220108002302/animation.zip to b1f6f47a53f7820be91b9fe247728980.zip.fetched (constraints: m:b:u:l)
10-23 14:56:16.320  1575  1950 I SP      : Requesting download of URL https://www.gstatic.com/android/keyboard/dynamic_art/20220108002302/fonts.zip to 305f81355a729e382ea9f374dd286d9f.zip.fetched (constraints: m:b:u:l)
10-23 14:56:16.322  1575  1950 I SuperDelight: SuperDelightDownloadSlicingStrategy.getSlices():68 DownloadSlicing#getSlices() : Locale = [en_US]
10-23 14:56:16.328  1575  1950 I SuperDelight: SuperDelightDownloadSlicingStrategy.getSlices():125 DownloadSlicing#getSlices(): result {slices=[{delight:main_en_840_2022102600_1, m:*:*:*, fg}], last batch=true, sync metadata=false}
10-23 14:56:16.329  1575  1950 I SP      : Syncing delight (2023020919) with slices: [{main_en_840_2022102600_1, m:*:*:*, fg}], metadata: false
10-23 14:56:16.333  1575  1950 I SP      : Download stopped: emoji:60932fe37d5f6d7a3e60488d8a1755c4, succeeded, size: 89667
10-23 14:56:16.337  1348  6033 I NamespaceManager: Package 1 name not found! Using module version.
10-23 14:56:16.340  1468  5942 I Icing   : Indexing com.google.android.gms-apps from com.google.android.gms
10-23 14:56:16.340  1468  5942 I Icing   : Indexing done com.google.android.gms-apps
10-23 14:56:16.344  1575  1950 I SP      : Scheduling: download stopped, 0 started, 0 paused, 0 scheduled, 6 pending: content_cache:e9a5a2de48a4f8b9a658b411bcfb375d @ {m:b:u:l, bg}, content_cache:8722425f4121ffdea802b1066df73991 @ {m:b:u:l, bg}, content_cache:fa1da98da1212aad6fb9a8efaff48148 @ {m:b:u:l, bg}, transformer_concept:2023011913_en @ {m:b:u:l, bg}, dynamic_art:b1f6f47a53f7820be91b9fe247728980 @ {m:b:u:l, bg}, dynamic_art:305f81355a729e382ea9f374dd286d9f @ {m:b:u:l, bg}
10-23 14:56:16.369  1468  5942 I Icing   : Indexing com.google.android.gms-apps from com.google.android.gms
10-23 14:56:16.372  1468  5942 I Icing   : Indexing done com.google.android.gms-apps
10-23 14:56:16.377  1468  5942 I Icing   : Indexing com.google.android.gms-apps from com.google.android.gms
10-23 14:56:16.378  1575  1950 I SP      : Download stopped: content_cache:e9a5a2de48a4f8b9a658b411bcfb375d, succeeded, size: 11231
10-23 14:56:16.385  1468  5942 I Icing   : Indexing done com.google.android.gms-apps
10-23 14:56:16.409  1575  1966 I PhenotypeModule: PhenotypeModule.handlePhenotypeConfigurationUpdatesInternal():350 Latency of updating configurations from phenotype (experiment v4): 8
10-23 14:56:16.410  1575  1966 I PhenotypeModule: PhenotypeModule.handlePhenotypeConfigurationUpdates():277 Latency of updating configurations from phenotype (ExperimentV4): 8
10-23 14:56:16.423  1575  1925 I PhenotypeModule: PhenotypeModule.lambda$fetchAndUpdate$2():220 fetchAndUpdate() : Success, hasFlags=true, fetchStatus=2023-10-23 14:56:16{reason=2, isFullFetch=false, success=true, isEmpty=false, isDelta=false, fetchedFlagsCount=1063, deletedFlagsCount=0, updatedFlagsCount=0, totalTime=217}
10-23 14:56:16.441   413   476 D audioserver: FGS Logger Transaction failed
10-23 14:56:16.441   413   476 D audioserver: -129
10-23 14:56:16.446  1468  5942 I Icing   : Indexing com.google.android.gms-apps from com.google.android.gms
10-23 14:56:16.448  1348  3332 I PackageUpdateTaskChimer: Scheduling Phenotype config package catchup updates to be 86400 seconds from now (1698072976448) [CONTEXT service_id=51 ]
10-23 14:56:16.451  1468  5942 I Icing   : Indexing done com.google.android.gms-apps
10-23 14:56:16.479  1575  1950 I SP      : Scheduling: download stopped, 0 started, 0 paused, 0 scheduled, 5 pending: content_cache:8722425f4121ffdea802b1066df73991 @ {m:b:u:l, bg}, content_cache:fa1da98da1212aad6fb9a8efaff48148 @ {m:b:u:l, bg}, transformer_concept:2023011913_en @ {m:b:u:l, bg}, dynamic_art:b1f6f47a53f7820be91b9fe247728980 @ {m:b:u:l, bg}, dynamic_art:305f81355a729e382ea9f374dd286d9f @ {m:b:u:l, bg}
10-23 14:56:16.479  1575  1950 I SP      : Download stopped: content_cache:8722425f4121ffdea802b1066df73991, succeeded, size: 5017
10-23 14:56:16.484  1348  1506 W BpBinder: Large outgoing transaction of 400736 bytes, interface descriptor , code 4
10-23 14:56:16.525  1348  5929 I NetworkScheduler.Stats: Task com.google.android.gms/com.google.android.gms.phenotype.service.sync.PhenotypeConfigurator finished executing. cause:5 result: 1 elapsed_millis: 12414 uptime_millis: 12414 exec_start_elapsed_seconds: 104 [CONTEXT service_id=218 ]
10-23 14:56:16.542  1535  1610 I PhenotypeBackgroundRecv: Successfully updated snapshot for com.google.android.libraries.mdi.sync#com.google.android.apps.wellbeing
10-23 14:56:16.554  3911  3911 I ViewInteraction: Performing 'single click' action on view view.getId() is <2131231081/com.example.lunchtray:id/next_button>
10-23 14:56:16.559  1348  6044 I NamespaceManager: Package com.android.refreshratecontrol name not found! Using module version.
10-23 14:56:16.568  1575  1950 I SP      : Scheduling: download stopped, 0 started, 0 paused, 0 scheduled, 4 pending: content_cache:fa1da98da1212aad6fb9a8efaff48148 @ {m:b:u:l, bg}, transformer_concept:2023011913_en @ {m:b:u:l, bg}, dynamic_art:b1f6f47a53f7820be91b9fe247728980 @ {m:b:u:l, bg}, dynamic_art:305f81355a729e382ea9f374dd286d9f @ {m:b:u:l, bg}
10-23 14:56:16.568  1575  1950 I SP      : Download stopped: content_cache:fa1da98da1212aad6fb9a8efaff48148, succeeded, size: 1065
10-23 14:56:16.572  1348  6044 I NamespaceManager: Package com.google.oslo name not found! Using module version.
10-23 14:56:16.576  1348  6044 I NamespaceManager: Package com.android.media name not found! Using module version.
10-23 14:56:16.576  1348  6044 I NamespaceManager: Package com.android.media.swcodec name not found! Using module version.
10-23 14:56:16.576  1348  6044 I NamespaceManager: Package com.android.appsearch name not found! Using module version.
10-23 14:56:16.577  1348  6044 I NamespaceManager: Package com.android.neuralnetworks name not found! Using module version.
10-23 14:56:16.578  1348  6044 I NamespaceManager: Package com.android.media name not found! Using module version.
10-23 14:56:16.579  1468  5942 I Icing   : Indexing com.google.android.gms-apps from com.google.android.gms
10-23 14:56:16.581  5175  5274 I BugleRcsProvisioning: BugleSystemBindingManager: onBuglePhenotypeFlagChanged
10-23 14:56:16.584  1468  5942 I Icing   : Indexing done com.google.android.gms-apps
10-23 14:56:16.586  5175  5274 I BugleTransport: onBuglePhenotypeFlagChanged: kicking off updateActiveTransport
10-23 14:56:16.586  5175  5259 W BugleRcsEngine: [45] bpxc.w: Unable to send diagnostic log
10-23 14:56:16.589  5175  5259 I PhenotypeBackgroundRecv: Successfully updated snapshot for com.google.android.apps.messaging.onboarding#com.google.android.apps.messaging
10-23 14:56:16.591  1348  6044 I NamespaceManager: Package 1 name not found! Using module version.
10-23 14:56:16.591  5175  5296 I BugleTransport: isChatAvailable: RcsAvailability is DISABLED_VIA_GSERVICES (RCS is disabled for this carrier by Google)
10-23 14:56:16.597  5175  5275 I BugleRcsEngine: [57] brnl.h: RCS Configuration storage in Bugle is disabled by p/h flag, using ProvisioningEngineStateCacheUtil.getProvisioningConfigurationForGivenSimIfExist()
10-23 14:56:16.604  5175  5668 W BugleAction: Null config in BugleSharedPrefs
10-23 14:56:16.604  5175  5668 W BugleAction: Failed to get msisdn from Bugle
10-23 14:56:16.604  5175  5255 I BugleRcsEngine: [43] bptz.run: SystemBindingManager: SystemBinding enabled: true
10-23 14:56:16.604  5175  5255 I BugleRcsEngine: [43] bpua.b: System Binding updated
10-23 14:56:16.605  5175  5668 W BugleAction: Failed to get msisdn from RcsProfileService
10-23 14:56:16.605  5175  5296 W BugleRcsEngine: [60] bpxc.w: Unable to send diagnostic log
10-23 14:56:16.610  5175  5668 W BugleAction: cksi: Jibe SDK Service not available. Is the Jibe SDK service running? Did you call connect() and wait for the notification before calling an API function?
10-23 14:56:16.610  5175  5668 W BugleAction: 	at cksa.b(PG:2)
10-23 14:56:16.610  5175  5668 W BugleAction: 	at com.google.android.rcs.client.profile.RcsProfileService.g(PG:1)
10-23 14:56:16.610  5175  5668 W BugleAction: 	at com.google.android.rcs.client.profile.RcsProfileService.getMsisdn(PG:3)
10-23 14:56:16.610  5175  5668 W BugleAction: 	at awsw.aj(PG:17)
10-23 14:56:16.610  5175  5668 W BugleAction: 	at awsw.z(PG:2)
10-23 14:56:16.610  5175  5668 W BugleAction: 	at aule.k(PG:1)
10-23 14:56:16.610  5175  5668 W BugleAction: 	at aulc.call(Unknown Source:2)
10-23 14:56:16.610  5175  5668 W BugleAction: 	at cnsg.a(PG:1)
10-23 14:56:16.610  5175  5668 W BugleAction: 	at cnpm.a(PG:3)
10-23 14:56:16.610  5175  5668 W BugleAction: 	at ctfv.a(PG:1)
10-23 14:56:16.610  5175  5668 W BugleAction: 	at ctet.run(PG:4)
10-23 14:56:16.610  5175  5668 W BugleAction: 	at ctfx.run(PG:1)
10-23 14:56:16.610  5175  5668 W BugleAction: 	at bxfd.run(PG:1)
10-23 14:56:16.610  5175  5668 W BugleAction: 	at java.util.concurrent.ThreadPoolExecutor.runWorker(ThreadPoolExecutor.java:1145)
10-23 14:56:16.610  5175  5668 W BugleAction: 	at java.util.concurrent.ThreadPoolExecutor$Worker.run(ThreadPoolExecutor.java:644)
10-23 14:56:16.610  5175  5668 W BugleAction: 	at bxef.run(PG:2)
10-23 14:56:16.610  5175  5668 W BugleAction: 	at java.lang.Thread.run(Thread.java:1012)
10-23 14:56:16.610  5175  5668 W BugleAction: 	at bxfj.run(PG:5)
10-23 14:56:16.613  5175  5668 W SubscriptionMetadataUti: Bugle: SubscriptionMetadataUtils get: unexpected subId = -2, replacing with -1
10-23 14:56:16.613  5175  5668 W SubscriptionMetadataUti: cpwb: FULL
10-23 14:56:16.613  5175  5668 W SubscriptionMetadataUti: 	at bdsy.h(PG:6)
10-23 14:56:16.613  5175  5668 W SubscriptionMetadataUti: 	at bdvp.a(PG:1)
10-23 14:56:16.613  5175  5668 W SubscriptionMetadataUti: 	at bgit.<init>(PG:1)
10-23 14:56:16.613  5175  5668 W SubscriptionMetadataUti: 	at bgiu.a(PG:1)
10-23 14:56:16.613  5175  5668 W SubscriptionMetadataUti: 	at awsw.ai(PG:3)
10-23 14:56:16.613  5175  5668 W SubscriptionMetadataUti: 	at awsw.aj(PG:25)
10-23 14:56:16.613  5175  5668 W SubscriptionMetadataUti: 	at awsw.z(PG:2)
10-23 14:56:16.613  5175  5668 W SubscriptionMetadataUti: 	at aule.k(PG:1)
10-23 14:56:16.613  5175  5668 W SubscriptionMetadataUti: 	at aulc.call(Unknown Source:2)
10-23 14:56:16.613  5175  5668 W SubscriptionMetadataUti: 	at cnsg.a(PG:1)
10-23 14:56:16.613  5175  5668 W SubscriptionMetadataUti: 	at cnpm.a(PG:3)
10-23 14:56:16.613  5175  5668 W SubscriptionMetadataUti: 	at ctfv.a(PG:1)
10-23 14:56:16.613  5175  5668 W SubscriptionMetadataUti: 	at ctet.run(PG:4)
10-23 14:56:16.613  5175  5668 W SubscriptionMetadataUti: 	at ctfx.run(PG:1)
10-23 14:56:16.613  5175  5668 W SubscriptionMetadataUti: 	at bxfd.run(PG:1)
10-23 14:56:16.613  5175  5668 W SubscriptionMetadataUti: 	at java.util.concurrent.ThreadPoolExecutor.runWorker(ThreadPoolExecutor.java:1145)
10-23 14:56:16.613  5175  5668 W SubscriptionMetadataUti: 	at java.util.concurrent.ThreadPoolExecutor$Worker.run(ThreadPoolExecutor.java:644)
10-23 14:56:16.613  5175  5668 W SubscriptionMetadataUti: 	at bxef.run(PG:2)
10-23 14:56:16.613  5175  5668 W SubscriptionMetadataUti: 	at java.lang.Thread.run(Thread.java:1012)
10-23 14:56:16.613  5175  5668 W SubscriptionMetadataUti: 	at bxfj.run(PG:5)
10-23 14:56:16.614  5175  5668 W SubscriptionMetadataUti: Bugle: SubscriptionMetadataUtils get: unexpected subId = -2, replacing with -1
10-23 14:56:16.614  5175  5668 W SubscriptionMetadataUti: cpwb: FULL
10-23 14:56:16.614  5175  5668 W SubscriptionMetadataUti: 	at bdsy.h(PG:6)
10-23 14:56:16.614  5175  5668 W SubscriptionMetadataUti: 	at bgit.<init>(PG:2)
