10-23 14:56:20.421  1093  5263 D ch_d2d  : isDeviceSupport: falsemIsChecked: false
10-23 14:56:20.425  6095  6095 I Finsky  : [2] jxy.a(78): [PLUS] Received response
10-23 14:56:20.436   870   947 E OpenGLRenderer: Unable to match the desired swap behavior.
10-23 14:56:20.440  1093  5263 D PrefCtrlListHelper: Could not find Context-only controller for pref: com.android.settings.gestures.TapScreenGesturePreferenceController
10-23 14:56:20.440  1093  5263 D PrefCtrlListHelper: Could not find Context-only controller for pref: com.android.settings.location.LocationInjectedServicesPreferenceController
10-23 14:56:20.440  1093  5263 D PrefCtrlListHelper: Could not find Context-only controller for pref: com.android.settings.location.LocationServicesWifiScanningPreferenceController
10-23 14:56:20.440  1093  5263 D PrefCtrlListHelper: Could not find Context-only controller for pref: com.android.settings.location.LocationServicesBluetoothScanningPreferenceController
10-23 14:56:20.441  1093  5263 D PrefCtrlListHelper: Could not find Context-only controller for pref: com.android.settings.accessibility.VibrationMainSwitchPreferenceController
10-23 14:56:20.441  1093  5263 W PrefCtrlListHelper: Cannot instantiate controller from reflection: com.android.settings.accessibility.VibrationMainSwitchPreferenceController
10-23 14:56:20.441  1093  5263 D PrefCtrlListHelper: Could not find Context-only controller for pref: com.android.settings.accessibility.RingVibrationTogglePreferenceController
10-23 14:56:20.441  1093  5263 W PrefCtrlListHelper: Cannot instantiate controller from reflection: com.android.settings.accessibility.RingVibrationTogglePreferenceController
10-23 14:56:20.441  1093  5263 D PrefCtrlListHelper: Could not find Context-only controller for pref: com.android.settings.accessibility.VibrationRampingRingerTogglePreferenceController
10-23 14:56:20.442  1093  5263 W PrefCtrlListHelper: Cannot instantiate controller from reflection: com.android.settings.accessibility.VibrationRampingRingerTogglePreferenceController
10-23 14:56:20.442  1093  5263 D PrefCtrlListHelper: Could not find Context-only controller for pref: com.android.settings.accessibility.NotificationVibrationTogglePreferenceController
10-23 14:56:20.442  1093  5263 W PrefCtrlListHelper: Cannot instantiate controller from reflection: com.android.settings.accessibility.NotificationVibrationTogglePreferenceController
10-23 14:56:20.442  1093  5263 D PrefCtrlListHelper: Could not find Context-only controller for pref: com.android.settings.accessibility.AlarmVibrationTogglePreferenceController
10-23 14:56:20.442  1093  5263 W PrefCtrlListHelper: Cannot instantiate controller from reflection: com.android.settings.accessibility.AlarmVibrationTogglePreferenceController
10-23 14:56:20.442  1093  5263 D PrefCtrlListHelper: Could not find Context-only controller for pref: com.android.settings.accessibility.HapticFeedbackTogglePreferenceController
10-23 14:56:20.442  1093  5263 W PrefCtrlListHelper: Cannot instantiate controller from reflection: com.android.settings.accessibility.HapticFeedbackTogglePreferenceController
10-23 14:56:20.442  1093  5263 D PrefCtrlListHelper: Could not find Context-only controller for pref: com.android.settings.accessibility.MediaVibrationTogglePreferenceController
10-23 14:56:20.442  1093  5263 W PrefCtrlListHelper: Cannot instantiate controller from reflection: com.android.settings.accessibility.MediaVibrationTogglePreferenceController
10-23 14:56:20.444  1348  6034 I NamespaceManager: Package com.android.refreshratecontrol name not found! Using module version.
10-23 14:56:20.445  1348  6034 I NamespaceManager: Package com.google.oslo name not found! Using module version.
10-23 14:56:20.445  1093  5263 D PrefCtrlListHelper: Could not find Context-only controller for pref: com.android.settings.deviceinfo.storage.StorageSelectionPreferenceController
10-23 14:56:20.445  1093  5263 D PrefCtrlListHelper: Could not find Context-only controller for pref: com.android.settings.deviceinfo.storage.StorageUsageProgressBarPreferenceController
10-23 14:56:20.445  1093  5263 D PrefCtrlListHelper: Could not find Context-only controller for pref: com.android.settings.deviceinfo.storage.AutomaticStorageManagementSwitchPreferenceController
10-23 14:56:20.445  1093  5263 D PrefCtrlListHelper: Could not find Context-only controller for pref: com.android.settings.deviceinfo.storage.ManageStoragePreferenceController
10-23 14:56:20.445  1093  5263 W SettingsPrefController: Skipping updateNonIndexableKeys, key already in list. com.android.settings.deviceinfo.storage.StorageSelectionPreferenceController@8cf20aa
10-23 14:56:20.445  1093  5263 W SettingsPrefController: Skipping updateNonIndexableKeys, key already in list. com.android.settings.deviceinfo.storage.StorageUsageProgressBarPreferenceController@9a0e49b
10-23 14:56:20.447  1348  6034 I NamespaceManager: Package com.android.media name not found! Using module version.
10-23 14:56:20.447  1348  6034 I NamespaceManager: Package com.android.media.swcodec name not found! Using module version.
10-23 14:56:20.447  6095  6150 I Finsky  : [50] ocp.a(80): [PLUS] Successfully updated PayloadValueStore
10-23 14:56:20.448  1093  5263 D PrefCtrlListHelper: Could not find Context-only controller for pref: com.android.settings.location.RecentLocationAccessSeeAllPreferenceController
10-23 14:56:20.458  6095  6171 I Finsky  : [57] abed.a(758): [PLUS] Sync complete, number synced: 1, number failed: 0
10-23 14:56:20.459  6095  6171 I Finsky  : [57] jhu.a(48): [DeviceConfig] successfully updated device attribute payloads
10-23 14:56:20.460  6095  6095 I Finsky  : [2] aatg.b(28): Request device config token was successful when fetching experiments.
10-23 14:56:20.462  1348  6034 I NamespaceManager: Package com.android.appsearch name not found! Using module version.
10-23 14:56:20.464  1348  6034 I NamespaceManager: Package com.android.neuralnetworks name not found! Using module version.
10-23 14:56:20.471  1093  5263 D SlotSimStatus: Number of active SIM: 1
10-23 14:56:20.471  1093  5263 W BaseSearchIndex: Error initial controller
10-23 14:56:20.471  1093  5263 D PrefCtrlListHelper: Could not find Context-only controller for pref: com.android.settings.deviceinfo.DeviceNamePreferenceController
10-23 14:56:20.471  1093  5263 D PrefCtrlListHelper: Could not find Context-only controller for pref: com.android.settings.deviceinfo.BrandedAccountPreferenceController
10-23 14:56:20.472  5852  5852 I PhenotypeBackgroundRecv: Skipping com.google.android.apps.search.soundsearch.user#com.google.android.googlequicksearchbox which doesn't use ProcessStable flags.
10-23 14:56:20.475  1348  6034 I NamespaceManager: Package com.android.media name not found! Using module version.
10-23 14:56:20.478  4596  6279 I PhenotypeBackgroundRecv: Successfully updated snapshot for com.google.android.projection.gearhead
10-23 14:56:20.480  5852  5852 I PhenotypeBackgroundRecv: Skipping com.google.android.libraries.search.assistant.invocation.device#com.google.android.googlequicksearchbox which doesn't use ProcessStable flags.
10-23 14:56:20.483  1093  5263 D PrefCtrlListHelper: Could not find Context-only controller for pref: com.android.settings.deviceinfo.PhoneNumberPreferenceController
10-23 14:56:20.483  1093  5263 D PrefCtrlListHelper: Could not find Context-only controller for pref: com.google.android.settings.warranty.WarrantyPreferenceController
10-23 14:56:20.483  1093  5263 D PrefCtrlListHelper: Could not find Context-only controller for pref: com.android.settings.deviceinfo.simstatus.SimStatusPreferenceController
10-23 14:56:20.483  1093  5263 D PrefCtrlListHelper: Could not find Context-only controller for pref: com.android.settings.deviceinfo.HardwareInfoPreferenceController
10-23 14:56:20.483  1093  5263 D PrefCtrlListHelper: Could not find Context-only controller for pref: com.android.settings.deviceinfo.imei.ImeiInfoPreferenceController
10-23 14:56:20.483  1093  5263 D PrefCtrlListHelper: Could not find Context-only controller for pref: com.android.settings.deviceinfo.firmwareversion.FirmwareVersionPreferenceController
10-23 14:56:20.483  1093  5263 D PrefCtrlListHelper: Could not find Context-only controller for pref: com.android.settings.deviceinfo.BuildNumberPreferenceController
10-23 14:56:20.487  3911  3911 D LifecycleMonitor: Lifecycle status change: androidx.test.core.app.InstrumentationActivityInvoker$BootstrapActivity@56d4f3 in: CREATED
10-23 14:56:20.488  3911  3911 V ActivityScenario: Activity lifecycle changed event received but ignored because the intent does not match. startActivityIntent=Intent { act=android.intent.action.MAIN cat=[android.intent.category.LAUNCHER] cmp=com.example.lunchtray/.MainActivity }, activity.getIntent()=Intent { act=android.intent.action.MAIN cat=[android.intent.category.LAUNCHER] flg=0x10008000 cmp=com.example.lunchtray/androidx.test.core.app.InstrumentationActivityInvoker$BootstrapActivity (has extras) }, activity=androidx.test.core.app.InstrumentationActivityInvoker$BootstrapActivity@56d4f3
10-23 14:56:20.489  1093  5098 V OnDeviceRecognitionPreferenceController: Recognition service in the same package as the default on-device recognizer with settings activity: com.google.android.as/com.google.android.apps.miphone.aiai.speech.languagepacks.settings.ui.SettingsActivity.
10-23 14:56:20.489  1093  5098 V OnDeviceRecognitionPreferenceController: Recognition service not in the same package as the default on-device recognizer: com.google.android.tts/com.google.android.apps.speech.tts.googletts.service.GoogleTTSRecognitionService.
10-23 14:56:20.490  1093  5098 D PrefCtrlListHelper: Could not find Context-only controller for pref: com.android.settings.language.PhoneLanguagePreferenceController
10-23 14:56:20.490  1093  5098 D PrefCtrlListHelper: Could not find Context-only controller for pref: com.android.settings.applications.appinfo.ManageAppLocalePreferenceController
10-23 14:56:20.492  1093  5098 W PrefCtrlListHelper: Cannot instantiate controller from reflection: com.android.settings.applications.appinfo.ManageAppLocalePreferenceController
10-23 14:56:20.492  3911  3911 D LifecycleMonitor: Lifecycle status change: androidx.test.core.app.InstrumentationActivityInvoker$BootstrapActivity@56d4f3 in: STARTED
10-23 14:56:20.493  1093  5098 D PrefCtrlListHelper: Could not find Context-only controller for pref: com.android.settings.regionalpreferences.RegionalPreferencesController
10-23 14:56:20.493  3911  3911 V ActivityScenario: Activity lifecycle changed event received but ignored because the intent does not match. startActivityIntent=Intent { act=android.intent.action.MAIN cat=[android.intent.category.LAUNCHER] cmp=com.example.lunchtray/.MainActivity }, activity.getIntent()=Intent { act=android.intent.action.MAIN cat=[android.intent.category.LAUNCHER] flg=0x10008000 cmp=com.example.lunchtray/androidx.test.core.app.InstrumentationActivityInvoker$BootstrapActivity (has extras) }, activity=androidx.test.core.app.InstrumentationActivityInvoker$BootstrapActivity@56d4f3
10-23 14:56:20.493  1093  5098 D PrefCtrlListHelper: Could not find Context-only controller for pref: com.android.settings.language.OnDeviceRecognitionPreferenceController
10-23 14:56:20.493  1093  5098 W PrefCtrlListHelper: on_device_recognition_settings already has a controller
10-23 14:56:20.494  1093  5098 D PrefCtrlListHelper: Could not find Context-only controller for pref: com.android.settings.security.MemtagPreferenceController
10-23 14:56:20.494  1093  5098 D PrefCtrlListHelper: Could not find Context-only controller for pref: com.android.settings.security.MemtagFooterPreferenceController
10-23 14:56:20.495  1093  5098 W libc    : Access denied finding property "ro.vendor.aware_available"
10-23 14:56:20.496  1093  5098 D PrefCtrlListHelper: Could not find Context-only controller for pref: com.android.settings.regionalpreferences.TemperatureUnitCategoryController
10-23 14:56:20.498  1093  5263 V SettingsSearchProvider: com.android.settings.development.snooplogger.SnoopLoggerFiltersDashboard$1@74a6271 tried to add an empty non-indexable key
10-23 14:56:20.499  1093  5263 D PrefCtrlListHelper: Could not find Context-only controller for pref: com.android.settings.notification.SpatialAudioPreferenceController
10-23 14:56:20.499  1093  5098 D PrefCtrlListHelper: Could not find Context-only controller for pref: com.android.settings.notification.ConversationListSummaryPreferenceController
10-23 14:56:20.499  1093  5263 D PrefCtrlListHelper: Could not find Context-only controller for pref: com.android.settings.notification.SpatialAudioWiredHeadphonesController
10-23 14:56:20.499  1093  5098 D PrefCtrlListHelper: Could not find Context-only controller for pref: com.android.settings.notification.BubbleSummaryNotificationPreferenceController
10-23 14:56:20.499  1093  5098 D PrefCtrlListHelper: Could not find Context-only controller for pref: com.android.settings.applications.specialaccess.notificationaccess.NotificationAccessController
10-23 14:56:20.499  1093  5098 D PrefCtrlListHelper: Could not find Context-only controller for pref: com.android.settings.notification.RedactNotificationPreferenceController
10-23 14:56:20.500  1093  5098 D PrefCtrlListHelper: Could not find Context-only controller for pref: com.android.settings.notification.RedactNotificationPreferenceController
10-23 14:56:20.502  1093  5263 D PrefCtrlListHelper: Could not find Context-only controller for pref: com.android.settings.display.AutoBrightnessPreferenceController
10-23 14:56:20.502  1093  5263 D PrefCtrlListHelper: Could not find Context-only controller for pref: com.android.settings.security.screenlock.LockScreenPreferenceController
10-23 14:56:20.502  1093  5263 D PrefCtrlListHelper: Could not find Context-only controller for pref: com.android.settings.display.ScreenTimeoutPreferenceController
10-23 14:56:20.502  1093  5263 D PrefCtrlListHelper: Could not find Context-only controller for pref: com.android.settings.display.DarkUIPreferenceController
10-23 14:56:20.502  1093  5263 D PrefCtrlListHelper: Could not find Context-only controller for pref: com.android.settings.display.ScreenSaverPreferenceController
10-23 14:56:20.502  1093  5263 D PrefCtrlListHelper: Could not find Context-only controller for pref: com.android.settings.accessibility.TextReadingFragmentForDisplaySettingsController
10-23 14:56:20.502  1093  5263 D PrefCtrlListHelper: Could not find Context-only controller for pref: com.android.settings.gestures.SystemNavigationPreferenceController
10-23 14:56:20.502  1093  5263 D PrefCtrlListHelper: Could not find Context-only controller for pref: com.android.settings.display.DisplayWhiteBalancePreferenceController
10-23 14:56:20.502  1093  5263 D PrefCtrlListHelper: Could not find Context-only controller for pref: com.android.settings.display.NightDisplayPreferenceController
10-23 14:56:20.507  1093  5263 D PrefCtrlListHelper: Could not find Context-only controller for pref: com.android.settings.display.ColorModePreferenceController
10-23 14:56:20.508  1093  5098 D PrefCtrlListHelper: Could not find Context-only controller for pref: com.android.settings.biometrics.face.FaceSettingsLockscreenBypassPreferenceController
10-23 14:56:20.508  1093  5263 D PrefCtrlListHelper: Could not find Context-only controller for pref: com.android.settings.display.SmartAutoRotatePreferenceController
10-23 14:56:20.508  1093  5098 D PrefCtrlListHelper: Could not find Context-only controller for pref: com.android.settings.notification.zen.ZenModePreferenceController
10-23 14:56:20.508  1093  5098 D PrefCtrlListHelper: Could not find Context-only controller for pref: com.android.settings.notification.ShowOnlyUnseenNotificationsOnLockscreenPreferenceController
10-23 14:56:20.508  1093  5098 D PrefCtrlListHelper: Could not find Context-only controller for pref: com.android.settings.accessibility.FlashNotificationsPreferenceController
10-23 14:56:20.508  1093  5263 D PrefCtrlListHelper: Could not find Context-only controller for pref: com.android.settings.display.DeviceStateAutoRotateOverviewController
10-23 14:56:20.508  1093  5263 D PrefCtrlListHelper: Could not find Context-only controller for pref: com.android.settings.display.ScreenResolutionController
10-23 14:56:20.508  1093  5098 D PrefCtrlListHelper: Could not find Context-only controller for pref: com.android.settings.notification.SnoozeNotificationPreferenceController
10-23 14:56:20.508  1093  5098 D PrefCtrlListHelper: Could not find Context-only controller for pref: com.android.settings.notification.BadgingNotificationPreferenceController
10-23 14:56:20.508  1093  5098 D PrefCtrlListHelper: Could not find Context-only controller for pref: com.android.settings.notification.PulseNotificationPreferenceController
10-23 14:56:20.508  1093  5263 E ScreenResolutionController: No support
10-23 14:56:20.508  1093  5263 D PrefCtrlListHelper: Could not find Context-only controller for pref: com.android.settings.display.PeakRefreshRatePreferenceController
10-23 14:56:20.508  1093  5263 D RefreshRatePrefCtr: DEFAULT_REFRESH_RATE : 60.0 mPeakRefreshRate : 60.0
10-23 14:56:20.508  1093  5263 D PrefCtrlListHelper: Could not find Context-only controller for pref: com.google.android.settings.touch.TouchSensitivityPreferenceController
10-23 14:56:20.511  6283  6283 V GraphicsEnvironment: Currently set values for:
10-23 14:56:20.511  6283  6283 V GraphicsEnvironment:   angle_gl_driver_selection_pkgs=[]
10-23 14:56:20.511  6283  6283 V GraphicsEnvironment:   angle_gl_driver_selection_values=[]
10-23 14:56:20.524  6283  6283 V GraphicsEnvironment: ANGLE GameManagerService for com.google.android.settings.intelligence: false
10-23 14:56:20.524  6283  6283 V GraphicsEnvironment: com.google.android.settings.intelligence is not listed in per-application setting
10-23 14:56:20.524  6283  6283 V GraphicsEnvironment: Neither updatable production driver nor prerelease driver is supported.
10-23 14:56:20.526  1348  6034 I NamespaceManager: Package 1 name not found! Using module version.
10-23 14:56:20.534  3911  3911 D LifecycleMonitor: Lifecycle status change: androidx.test.core.app.InstrumentationActivityInvoker$BootstrapActivity@56d4f3 in: RESUMED
10-23 14:56:20.534  3911  3911 V ActivityScenario: Activity lifecycle changed event received but ignored because the intent does not match. startActivityIntent=Intent { act=android.intent.action.MAIN cat=[android.intent.category.LAUNCHER] cmp=com.example.lunchtray/.MainActivity }, activity.getIntent()=Intent { act=android.intent.action.MAIN cat=[android.intent.category.LAUNCHER] flg=0x10008000 cmp=com.example.lunchtray/androidx.test.core.app.InstrumentationActivityInvoker$BootstrapActivity (has extras) }, activity=androidx.test.core.app.InstrumentationActivityInvoker$BootstrapActivity@56d4f3
10-23 14:56:20.536  5852  5852 I PhenotypeBackgroundRecv: Skipping com.google.android.apps.search.soundsearch.device#com.google.android.googlequicksearchbox which doesn't use ProcessStable flags.
10-23 14:56:20.542  3911  3911 D LifecycleMonitor: Lifecycle status change: androidx.test.core.app.InstrumentationActivityInvoker$BootstrapActivity@56d4f3 in: PAUSED
10-23 14:56:20.543  3911  3911 V ActivityScenario: Activity lifecycle changed event received but ignored because the intent does not match. startActivityIntent=Intent { act=android.intent.action.MAIN cat=[android.intent.category.LAUNCHER] cmp=com.example.lunchtray/.MainActivity }, activity.getIntent()=Intent { act=android.intent.action.MAIN cat=[android.intent.category.LAUNCHER] flg=0x10008000 cmp=com.example.lunchtray/androidx.test.core.app.InstrumentationActivityInvoker$BootstrapActivity (has extras) }, activity=androidx.test.core.app.InstrumentationActivityInvoker$BootstrapActivity@56d4f3
10-23 14:56:20.543  6095  6325 I PhClient: Unable to retrieve flag snapshot for com.google.android.gms.phenotype, using defaults.
10-23 14:56:20.544  6095  6143 I HeterodyneSyncer: Removed 0 invalid users
10-23 14:56:20.554  6095  6143 I PhenotypeDbUpgradeHelpe: onUpgrade 28 to 32
10-23 14:56:20.560  6095  6143 I PhenotypeDbUpgradeHelpe: Create StorageInfos table.
10-23 14:56:20.562  6095  6143 I PhenotypeDbUpgradeHelpe: Add declarativeRegistrationInfo column to Packages table.
10-23 14:56:20.567  4596  6279 I PhenotypeBackgroundRecv: Successfully updated snapshot for com.google.android.libraries.consentverifier#com.google.android.projection.gearhead
10-23 14:56:20.567  5852  5852 I PhenotypeBackgroundRecv: Skipping com.google.android.libraries.search.googleapp.device#com.google.android.googlequicksearchbox which doesn't use ProcessStable flags.
10-23 14:56:20.571  6095  6143 I PhenotypeDbUpgradeHelpe: Add AppWideProperties table.
10-23 14:56:20.572   524   624 I InputReader: Reconfiguring input devices, changes=KEYBOARD_LAYOUTS
10-23 14:56:20.579  1093  5098 E ScreenResolutionController: No support
10-23 14:56:20.585  1093  5098 D PrefCtrlListHelper: Could not find Context-only controller for pref: com.android.settings.sound.MediaControlsPreferenceController
10-23 14:56:20.586  1093  5098 D PrefCtrlListHelper: Could not find Context-only controller for pref: com.android.settings.sound.MediaControlsLockScreenPreferenceController
10-23 14:56:20.586  1093  5098 D PrefCtrlListHelper: Could not find Context-only controller for pref: com.android.settings.sound.MediaControlsRecommendationController
10-23 14:56:20.586   871   904 I PermissionControllerServiceImpl: Updating user sensitive for uid 10119
10-23 14:56:20.586  1093  5098 D PrefCtrlListHelper: Could not find Context-only controller for pref: com.android.settings.accessibility.MagnificationModePreferenceController
10-23 14:56:20.586  1093  5098 D PrefCtrlListHelper: Could not find Context-only controller for pref: com.android.settings.gestures.DoubleTapPowerPreferenceController
10-23 14:56:20.602  1093  5263 D PrefCtrlListHelper: Could not find Context-only controller for pref: com.android.settings.applications.specialaccess.deviceadmin.DeviceAdminListPreferenceController
10-23 14:56:20.602  1093  5263 D PrefCtrlListHelper: Could not find Context-only controller for pref: com.android.settings.notification.BubbleNotificationIllustrationPreferenceController
10-23 14:56:20.602  1093  5263 D PrefCtrlListHelper: Could not find Context-only controller for pref: com.android.settings.notification.BubbleNotificationPreferenceController
10-23 14:56:20.603  1093  5263 D PrefCtrlListHelper: Could not find Context-only controller for pref: com.android.settings.accessibility.CaptioningLocalePreferenceController
10-23 14:56:20.603  1093  5263 D PrefCtrlListHelper: Could not find Context-only controller for pref: com.android.settings.accessibility.CaptioningFooterPreferenceController
10-23 14:56:20.605  1093  5098 D PrefCtrlListHelper: Could not find Context-only controller for pref: com.android.settings.security.EncryptionStatusPreferenceController
10-23 14:56:20.605  1093  5098 D PrefCtrlListHelper: Could not find Context-only controller for pref: com.android.settings.security.CredentialManagementAppPreferenceController
10-23 14:56:20.605  1093  5098 W PrefCtrlListHelper: encryption_and_credentials_encryption_status already has a controller
10-23 14:56:20.605  1093  5098 D PrefCtrlListHelper: Could not find Context-only controller for pref: com.android.settings.accessibility.CaptioningTogglePreferenceController
10-23 14:56:20.606  1093  5098 D PrefCtrlListHelper: Could not find Context-only controller for pref: com.android.settings.accessibility.CaptioningAppearancePreferenceController
10-23 14:56:20.606  1093  5098 D PrefCtrlListHelper: Could not find Context-only controller for pref: com.android.settings.accessibility.CaptioningFooterPreferenceController
10-23 14:56:20.606  1093  5098 D PrefCtrlListHelper: Could not find Context-only controller for pref: com.android.settings.accessibility.AccessibilityButtonPreviewPreferenceController
10-23 14:56:20.606  1093  5098 D PrefCtrlListHelper: Could not find Context-only controller for pref: com.android.settings.accessibility.AccessibilityButtonLocationPreferenceController
10-23 14:56:20.606  1093  5098 D PrefCtrlListHelper: Could not find Context-only controller for pref: com.android.settings.accessibility.AccessibilityButtonGesturePreferenceController
10-23 14:56:20.606  1093  5098 D PrefCtrlListHelper: Could not find Context-only controller for pref: com.android.settings.accessibility.FloatingMenuSizePreferenceController
10-23 14:56:20.606  1093  5098 D PrefCtrlListHelper: Could not find Context-only controller for pref: com.android.settings.accessibility.FloatingMenuFadePreferenceController
10-23 14:56:20.606  1093  5098 D PrefCtrlListHelper: Could not find Context-only controller for pref: com.android.settings.accessibility.FloatingMenuTransparencyPreferenceController
10-23 14:56:20.606  1093  5098 D PrefCtrlListHelper: Could not find Context-only controller for pref: com.android.settings.accessibility.AccessibilityButtonFooterPreferenceController
10-23 14:56:20.606  1093  5098 D PrefCtrlListHelper: Could not find Context-only controller for pref: com.android.settings.deviceinfo.legal.CopyrightPreferenceController
10-23 14:56:20.606  1093  5098 D PrefCtrlListHelper: Could not find Context-only controller for pref: com.android.settings.deviceinfo.legal.LicensePreferenceController
10-23 14:56:20.606  1093  5098 D PrefCtrlListHelper: Could not find Context-only controller for pref: com.android.settings.deviceinfo.legal.TermsPreferenceController
10-23 14:56:20.606  1093  5098 D PrefCtrlListHelper: Could not find Context-only controller for pref: com.android.settings.deviceinfo.legal.ModuleLicensesListPreferenceController
10-23 14:56:20.606  1093  5098 D PrefCtrlListHelper: Could not find Context-only controller for pref: com.android.settings.deviceinfo.legal.WebViewLicensePreferenceController
10-23 14:56:20.606  1093  5098 D PrefCtrlListHelper: Could not find Context-only controller for pref: com.google.android.settings.deviceinfo.legal.SourceCodeController
10-23 14:56:20.607  1093  5098 D PrefCtrlListHelper: Could not find Context-only controller for pref: com.android.settings.deviceinfo.legal.WallpaperAttributionsPreferenceController
10-23 14:56:20.609  1093  5098 D PrefCtrlListHelper: Could not find Context-only controller for pref: com.android.settings.display.darkmode.DarkModeActivationPreferenceController
10-23 14:56:20.609  1093  5098 D PrefCtrlListHelper: Could not find Context-only controller for pref: com.android.settings.display.TwilightLocationPreferenceController
10-23 14:56:20.609  1093  5098 D PrefCtrlListHelper: Could not find Context-only controller for pref: com.android.settings.display.darkmode.DarkModeScheduleSelectorController
10-23 14:56:20.609  1093  5098 D PrefCtrlListHelper: Could not find Context-only controller for pref: com.android.settings.display.darkmode.DarkModeCustomBedtimePreferenceController
10-23 14:56:20.614  1132  1972 D EGL_emulation: app_time_stats: avg=8.63ms min=0.89ms max=37.14ms count=51
10-23 14:56:20.618  6283  6283 D CompatibilityChangeReporter: Compat change id reported: 3400644; UID 10119; state: ENABLED
10-23 14:56:20.621   870   947 D EGL_emulation: app_time_stats: avg=416.99ms min=2.54ms max=2867.87ms count=7
10-23 14:56:20.623  3911  3911 D LifecycleMonitor: Lifecycle status change: com.example.lunchtray.MainActivity@e5ee0e3 in: PRE_ON_CREATE
10-23 14:56:20.623  3911  3911 V ActivityScenario: Activity lifecycle changed event received but ignored because the reported transition was not ON_CREATE while the last known transition was PRE_ON_CREATE
10-23 14:56:20.627  1093  5098 D PrefCtrlListHelper: Could not find Context-only controller for pref: com.android.settings.slices.SlicePreferenceController
10-23 14:56:20.627  1093  5098 D PrefCtrlListHelper: Could not find Context-only controller for pref: com.android.settings.connecteddevice.AddDevicePreferenceController
10-23 14:56:20.627  1093  5098 D PrefCtrlListHelper: Could not find Context-only controller for pref: com.android.settings.connecteddevice.PreviouslyConnectedDevicePreferenceController
10-23 14:56:20.627  1093  5098 D PrefCtrlListHelper: Could not find Context-only controller for pref: com.android.settings.connecteddevice.AdvancedConnectedDeviceController
10-23 14:56:20.627  1093  5098 D PrefCtrlListHelper: Could not find Context-only controller for pref: com.android.settings.connecteddevice.DiscoverableFooterPreferenceController
10-23 14:56:20.627  1093  5098 D PrefCtrlListHelper: Could not find Context-only controller for pref: com.android.settings.emergency.MoreSettingsPreferenceController
10-23 14:56:20.630  1093  5098 D PrefCtrlListHelper: Could not find Context-only controller for pref: com.android.settings.emergency.EmergencyGestureEntrypointPreferenceController
10-23 14:56:20.635  1093  5098 D AssistGesture: mAssistOnly:false, isSupported:false, isSensorAvailable:false
10-23 14:56:20.635  1093  5098 D AssistGesture: mAssistOnly:false, isSupported:false, isSensorAvailable:false
10-23 14:56:20.635  1093  5098 D PrefCtrlListHelper: Could not find Context-only controller for pref: com.google.android.settings.fuelgauge.batterysaver.BatterySaverSchedulePreferenceController
10-23 14:56:20.635  1093  5098 D PrefCtrlListHelper: Could not find Context-only controller for pref: com.android.settings.fuelgauge.batterysaver.BatterySaverStickyPreferenceController
10-23 14:56:20.635  1093  5098 D PrefCtrlListHelper: Could not find Context-only controller for pref: com.google.android.settings.fuelgauge.batterysaver.BatterySaverReminderPreferenceController
10-23 14:56:20.644  1093  5263 D PrefCtrlListHelper: Could not find Context-only controller for pref: com.android.settings.fuelgauge.batterysaver.BatterySaverButtonPreferenceController
10-23 14:56:20.644  1093  5263 D PrefCtrlListHelper: Could not find Context-only controller for pref: com.google.android.settings.fuelgauge.batterysaver.BatterySaverModePreferenceController
10-23 14:56:20.644  1093  5263 D PrefCtrlListHelper: Could not find Context-only controller for pref: com.google.android.settings.fuelgauge.batterysaver.AdaptiveBatteryExpandController
10-23 14:56:20.644  1093  5263 D PrefCtrlListHelper: Could not find Context-only controller for pref: com.google.android.settings.fuelgauge.batterysaver.BatterySaverFooterPreferenceController
10-23 14:56:20.653  5852  5852 I PhenotypeBackgroundRecv: Skipping com.google.android.gms.icing.mdd#com.google.android.googlequicksearchbox which doesn't use ProcessStable flags.
10-23 14:56:20.659  1093  5263 D PrefCtrlListHelper: Could not find Context-only controller for pref: com.android.settings.users.MultiUserTopIntroPreferenceController
10-23 14:56:20.661  3911  3911 D LifecycleMonitor: Lifecycle status change: com.example.lunchtray.MainActivity@e5ee0e3 in: CREATED
10-23 14:56:20.662  3911  3911 V ActivityScenario: Update currentActivityStage to CREATED, currentActivity=com.example.lunchtray.MainActivity@e5ee0e3
10-23 14:56:20.663  1093  5263 D PrefCtrlListHelper: Could not find Context-only controller for pref: com.android.settings.users.TimeoutToDockUserPreferenceController
10-23 14:56:20.665  1093  5263 V SettingsSearchProvider: com.android.settings.connecteddevice.NfcAndPaymentFragment$1@f14d748 tried to add an empty non-indexable key
10-23 14:56:20.665  1093  5263 V SettingsSearchProvider: com.android.settings.display.ColorModePreferenceFragment$3@879b306 tried to add an empty non-indexable key
10-23 14:56:20.665  1093  5263 W libc    : Access denied finding property "ro.vendor.aware_available"
10-23 14:56:20.665  1093  5263 V SettingsSearchProvider: com.google.android.settings.aware.AwareSettings$1@9441ff4 tried to add an empty non-indexable key
10-23 14:56:20.665  1093  5263 D PrefCtrlListHelper: Could not find Context-only controller for pref: com.android.settings.gestures.DoubleTapScreenPreferenceController
10-23 14:56:20.665  1093  5263 V SettingsSearchProvider: com.android.settings.accessibility.MagnificationPreferenceFragment$1@5c9ef63 tried to add an empty non-indexable key
10-23 14:56:20.671  1093  5263 V SettingsSearchProvider: com.android.settings.development.transcode.TranscodeSettingsFragment$1@56d419 tried to add an empty non-indexable key
10-23 14:56:20.672  5852  5852 I PhenotypeBackgroundRecv: Skipping com.google.vr.c9#com.google.android.googlequicksearchbox which doesn't use ProcessStable flags.
10-23 14:56:20.676  3911  3911 D LifecycleMonitor: Lifecycle status change: com.example.lunchtray.MainActivity@e5ee0e3 in: STARTED
10-23 14:56:20.676  3911  3911 V ActivityScenario: Update currentActivityStage to STARTED, currentActivity=com.example.lunchtray.MainActivity@e5ee0e3
10-23 14:56:20.677  1348  1508 W ChimeraUtils: Module com.google.android.gms.nearby_en missing resource null(0)
10-23 14:56:20.680  3911  3911 D LifecycleMonitor: Lifecycle status change: com.example.lunchtray.MainActivity@e5ee0e3 in: RESUMED
10-23 14:56:20.681  3911  3911 V ActivityScenario: Update currentActivityStage to RESUMED, currentActivity=com.example.lunchtray.MainActivity@e5ee0e3
10-23 14:56:20.683  1093  5098 I SettingsSearchProvider: Skip indexing category: com.android.settings.category.ia.privacy
10-23 14:56:20.688  5852  5852 I PhenotypeBackgroundRecv: Skipping com.google.android.libraries.search.googleapp.uiuser#com.google.android.googlequicksearchbox which doesn't use ProcessStable flags.
10-23 14:56:20.690  5852  5852 I PhenotypeBackgroundRecv: Skipping com.google.android.apps.search.lens.device#com.google.android.googlequicksearchbox which doesn't use ProcessStable flags.
10-23 14:56:20.693  4596  6279 I PhenotypeBackgroundRecv: Successfully updated snapshot for com.google.android.projection.gearhead
10-23 14:56:20.694  1093  5263 D PrefCtrlListHelper: Could not find Context-only controller for pref: com.android.settings.applications.specialaccess.interactacrossprofiles.InteractAcrossProfilesController
10-23 14:56:20.694  1093  5263 D PrefCtrlListHelper: Could not find Context-only controller for pref: com.android.settings.privacy.AccessibilityUsagePreferenceController
10-23 14:56:20.695  1093  5263 D PrefCtrlListHelper: Could not find Context-only controller for pref: com.android.settings.sound.MediaControlsLockScreenPreferenceController
10-23 14:56:20.695  1093  5263 D PrefCtrlListHelper: Could not find Context-only controller for pref: com.android.settings.privacy.EnableContentCapturePreferenceController
10-23 14:56:20.695  1093  5263 D PrefCtrlListHelper: Could not find Context-only controller for pref: com.android.settings.privacy.EnableContentCaptureWithServiceSettingsPreferenceController
10-23 14:56:20.695  1093  5263 D PrefCtrlListHelper: Could not find Context-only controller for pref: com.android.settings.enterprise.ManageDeviceAdminPreferenceController
10-23 14:56:20.695  1093  5263 D PrefCtrlListHelper: Could not find Context-only controller for pref: com.android.settings.enterprise.EnterprisePrivacyPreferenceController
10-23 14:56:20.695  1093  5263 D PrefCtrlListHelper: Could not find Context-only controller for pref: com.android.settings.enterprise.FinancedPrivacyPreferenceController
10-23 14:56:20.695  1093  5263 D PrefCtrlListHelper: Could not find Context-only controller for pref: com.android.settings.devicelock.DeviceLockPreferenceController
10-23 14:56:20.695  1093  5263 D PrefCtrlListHelper: Could not find Context-only controller for pref: com.android.settings.security.SimLockPreferenceController
10-23 14:56:20.695  1093  5263 D PrefCtrlListHelper: Could not find Context-only controller for pref: com.android.settings.security.EncryptionStatusPreferenceController
10-23 14:56:20.696  1093  5263 D PrefCtrlListHelper: Could not find Context-only controller for pref: com.android.settings.security.trustagent.ManageTrustAgentsPreferenceController
10-23 14:56:20.696  1093  5263 D PrefCtrlListHelper: Could not find Context-only controller for pref: com.android.settings.security.ScreenPinningPreferenceController
10-23 14:56:20.696  1093  5263 D PrefCtrlListHelper: Could not find Context-only controller for pref: com.android.settings.security.ConfirmSimDeletionPreferenceController
10-23 14:56:20.696  1093  5263 D PrefCtrlListHelper: Could not find Context-only controller for pref: com.android.settings.security.MemtagPagePreferenceController
10-23 14:56:20.697  1348  1508 W ChimeraUtils: Module com.google.android.gms.nearby_en missing resource null(0)
10-23 14:56:20.698  1093  5263 W PrefControllerMixin: Skipping updateNonIndexableKeys due to empty key com.android.settings.notification.LockScreenNotificationPreferenceController@26a876a
10-23 14:56:20.702  1093  5098 I SettingsSearchProvider: Skip indexing category: com.android.settings.category.ia.development
10-23 14:56:20.708  1093  5263 I ActiveUnlockStatusUtils: authority not set
10-23 14:56:20.713  3911  4251 E OpenGLRenderer: Unable to match the desired swap behavior.
10-23 14:56:20.719  6095  6143 D HeterodyneSyncer: Syncing with Heterodyne. Reason: 1
10-23 14:56:20.720  6095  6143 I Finsky  : [45] alxe.e(11): Sending Heterodyne sync request for package com.android.vending
10-23 14:56:20.721  1093  5263 I ActiveUnlockStatusUtils: authority not set
10-23 14:56:20.725  1093  5098 I SettingsSearchProvider: Skip indexing category: com.android.settings.category.ia.security
10-23 14:56:20.726  6095  6143 D ApacheHttpTransport: Contacting Heterodyne at https://www.googleapis.com/experimentsandconfigs/v1/getExperimentsAndConfigs?r=1&c=128
10-23 14:56:20.727  1093  5263 I ActiveUnlockStatusUtils: authority not set
10-23 14:56:20.729  1093  5263 I ActiveUnlockStatusUtils: authority not set
10-23 14:56:20.733  1093  5263 I ActiveUnlockStatusUtils: authority not set
10-23 14:56:20.736  1093  5263 I ActiveUnlockStatusUtils: authority not set
10-23 14:56:20.739  1093  5263 W SettingsPrefController: Skipping updateNonIndexableKeys, key already in list. com.android.settings.applications.specialaccess.interactacrossprofiles.InteractAcrossProfilesController@eccab37
10-23 14:56:20.740  1348  6034 I NamespaceManager: Package com.android.refreshratecontrol name not found! Using module version.
10-23 14:56:20.742  1348  6034 I NamespaceManager: Package com.google.oslo name not found! Using module version.
10-23 14:56:20.744  1348  6034 I NamespaceManager: Package com.android.media name not found! Using module version.
10-23 14:56:20.745  1348  6034 I NamespaceManager: Package com.android.media.swcodec name not found! Using module version.
10-23 14:56:20.749  1348  6034 I NamespaceManager: Package com.android.appsearch name not found! Using module version.
10-23 14:56:20.749  1348  6034 I NamespaceManager: Package com.android.neuralnetworks name not found! Using module version.
10-23 14:56:20.749  1348  6034 I NamespaceManager: Package com.android.media name not found! Using module version.
10-23 14:56:20.750  1348  6034 I NamespaceManager: Package 1 name not found! Using module version.
10-23 14:56:20.756   524   544 W ziparchive: Unable to open '/data/app/~~l7Rq4SQe7Y9FzOfn2-YRbQ==/com.example.lunchtray-gbGN8hPxDqDvdbmHMgLHzQ==/base.dm': No such file or directory
10-23 14:56:20.759  3911  3911 D RootViewPicker: Root not ready - waiting: 10ms for one to appear.
10-23 14:56:20.760  3911  3911 D LifecycleMonitor: Lifecycle status change: androidx.test.core.app.InstrumentationActivityInvoker$BootstrapActivity@56d4f3 in: STOPPED
10-23 14:56:20.760  3911  3911 V ActivityScenario: Activity lifecycle changed event received but ignored because the intent does not match. startActivityIntent=Intent { act=android.intent.action.MAIN cat=[android.intent.category.LAUNCHER] cmp=com.example.lunchtray/.MainActivity }, activity.getIntent()=Intent { act=android.intent.action.MAIN cat=[android.intent.category.LAUNCHER] flg=0x10008000 cmp=com.example.lunchtray/androidx.test.core.app.InstrumentationActivityInvoker$BootstrapActivity (has extras) }, activity=androidx.test.core.app.InstrumentationActivityInvoker$BootstrapActivity@56d4f3
10-23 14:56:20.766   524   544 I ActivityTaskManager: Displayed com.example.lunchtray/.MainActivity for user 0: +453ms
10-23 14:56:20.773   524   941 I ImeTracker: com.example.lunchtray:ee501bc0: onRequestHide at ORIGIN_SERVER_HIDE_INPUT reason HIDE_UNSPECIFIED_WINDOW
10-23 14:56:20.773   524   941 I ImeTracker: com.example.lunchtray:ee501bc0: onCancelled at PHASE_SERVER_SHOULD_HIDE
10-23 14:56:20.774  1575  1575 I GoogleInputMethodService: GoogleInputMethodService.onFinishInput():3227
10-23 14:56:20.775  6095  6143 D TrafficStats: tagSocket(122) with statsTag=0xffffffff, statsUid=-1
10-23 14:56:20.778  1575  1575 I GoogleInputMethodService: GoogleInputMethodService.updateDeviceLockedStatus():2087 repeatCheckTimes = 0, unlocked = true
10-23 14:56:20.778  1575  1575 I GoogleInputMethodService: GoogleInputMethodService.onStartInput():1877 onStartInput(EditorInfo{inputType=0x0(NULL) imeOptions=0x0 privateImeOptions=null actionName=UNSPECIFIED actionLabel=null actionId=0 initialSelStart=-1 initialSelEnd=-1 initialCapsMode=0x0 hintText=null label=null packageName=com.example.lunchtray fieldId=0 fieldName=null extras=null}, false)
10-23 14:56:20.778  1575  1575 I GoogleInputMethodService: GoogleInputMethodService.shouldHideHeaderOnInitialState():4008 ShouldHideHeaderOnInitialState = false
10-23 14:56:20.778  1575  1575 I GoogleInputMethodService: GoogleInputMethodService.updateDeviceLockedStatus():2087 repeatCheckTimes = 2, unlocked = true
10-23 14:56:20.778  1093  5141 W MobileNetworkUtils: EuiccManager is not enabled.
10-23 14:56:20.779  1093  5263 W libc    : Access denied finding property "ro.vendor.aware_available"
10-23 14:56:20.779  1093  5263 V SettingsSearchProvider: com.google.android.settings.aware.SkipGestureSettings$1@9e3eb42 tried to add an empty non-indexable key
10-23 14:56:20.780  1093  5263 D PrefCtrlListHelper: Could not find Context-only controller for pref: com.android.settings.bluetooth.BluetoothDeviceRenamePreferenceController
10-23 14:56:20.780  1093  5263 D PrefCtrlListHelper: Could not find Context-only controller for pref: com.android.settings.connecteddevice.AddDevicePreferenceController
10-23 14:56:20.781  1093  5263 D PrefCtrlListHelper: Could not find Context-only controller for pref: com.android.settings.applications.specialaccess.DataSaverController
10-23 14:56:20.782  1093  5098 I SettingsSearchProvider: Skip indexing category: com.android.settings.category.ia.homepage
10-23 14:56:20.791  1132  2137 D OneSearchSuggestProvider: Shut down the binder channel
10-23 14:56:20.794  1132  1152 I IPCThreadState: oneway function results for code 2 on binder at 0x7f98daeea630 will be dropped but finished with status UNKNOWN_TRANSACTION
10-23 14:56:20.804  3911  3911 I ViewInteraction: Performing 'single click' action on view view.getId() is <2131231208/com.example.lunchtray:id/start_order_btn>
10-23 14:56:20.808  1348  6051 I NamespaceManager: Package com.android.refreshratecontrol name not found! Using module version.
10-23 14:56:20.819  2964  6001 I PBSessionCacheImpl: Deleted sessionId[13037507931822928] from persistence.
10-23 14:56:20.823  1132  1166 I ImeTracker: com.google.android.apps.nexuslauncher:4026f18e: onRequestHide at ORIGIN_CLIENT_HIDE_SOFT_INPUT reason HIDE_SOFT_INPUT
10-23 14:56:20.830  2964  3265 W SearchServiceCore: Abort, client detached.
10-23 14:56:20.830  2964  3265 W SearchServiceCore: Abort, client detached.
10-23 14:56:20.830  2964  3265 W SearchServiceCore: Abort, client detached.
10-23 14:56:20.831  1348  6051 I NamespaceManager: Package com.google.oslo name not found! Using module version.
10-23 14:56:20.832  1348  6051 I NamespaceManager: Package com.android.media name not found! Using module version.
10-23 14:56:20.833  1093  5263 I FlashlightActivity: Flashlight is unavailable
10-23 14:56:20.833  1093  5263 D PrefCtrlListHelper: Could not find Context-only controller for pref: com.google.android.settings.notification.ClearCallingTogglePreferenceController
10-23 14:56:20.833  1093  5263 D PrefCtrlListHelper: Could not find Context-only controller for pref: com.google.android.settings.notification.ClearCallingFooterPreferenceController
10-23 14:56:20.833  1093  5263 V SettingsSearchProvider: com.android.settings.search.BaseSearchIndexProvider@72a7dcb tried to add an empty non-indexable key
10-23 14:56:20.833  1093  5263 D PrefCtrlListHelper: Could not find Context-only controller for pref: com.android.settings.deviceinfo.firmwareversion.FirmwareVersionDetailPreferenceController
10-23 14:56:20.835  2964  3265 W SearchServiceCore: Abort, client detached.
10-23 14:56:20.835  2964  3265 W SearchServiceCore: Abort, client detached.
10-23 14:56:20.835  1093  5263 D PrefCtrlListHelper: Could not find Context-only controller for pref: com.android.settings.deviceinfo.firmwareversion.SecurityPatchLevelPreferenceController
10-23 14:56:20.836  1093  5263 D PrefCtrlListHelper: Could not find Context-only controller for pref: com.android.settings.deviceinfo.firmwareversion.MainlineModuleVersionPreferenceController
10-23 14:56:20.836  1093  5263 D PrefCtrlListHelper: Could not find Context-only controller for pref: com.android.settings.deviceinfo.firmwareversion.BasebandVersionPreferenceController
10-23 14:56:20.837  1093  5263 D PrefCtrlListHelper: Could not find Context-only controller for pref: com.android.settings.deviceinfo.firmwareversion.KernelVersionPreferenceController
10-23 14:56:20.837  1093  5263 D PrefCtrlListHelper: Could not find Context-only controller for pref: com.android.settings.deviceinfo.firmwareversion.SimpleBuildNumberPreferenceController
10-23 14:56:20.840  1093  5263 V SettingsSearchProvider: com.android.settings.development.WirelessDebuggingFragment$2@88f2c66 tried to add an empty non-indexable key
10-23 14:56:20.840  1093  5263 D PrefCtrlListHelper: Could not find Context-only controller for pref: com.android.settings.accessibility.TextReadingFragmentForA11ySettingsController
10-23 14:56:20.840  1093  5263 D PrefCtrlListHelper: Could not find Context-only controller for pref: com.android.settings.accessibility.ReduceBrightColorsPreferenceController
10-23 14:56:20.840  1093  5263 D PrefCtrlListHelper: Could not find Context-only controller for pref: com.android.settings.accessibility.MagnificationPreferenceController
10-23 14:56:20.840  1093  5263 D PrefCtrlListHelper: Could not find Context-only controller for pref: com.android.settings.accessibility.VibrationPreferenceController
10-23 14:56:20.840  1093  5263 D PrefCtrlListHelper: Could not find Context-only controller for pref: com.android.settings.accessibility.LiveCaptionPreferenceController
10-23 14:56:20.840  1093  5263 D PrefCtrlListHelper: Could not find Context-only controller for pref: com.android.settings.accessibility.CaptioningPreferenceController
10-23 14:56:20.840  1093  5263 D PrefCtrlListHelper: Could not find Context-only controller for pref: com.android.settings.accessibility.RTTSettingPreferenceController
10-23 14:56:20.840  1093  5263 D RTTSettingsCtr: init controller
10-23 14:56:20.840  1093  5263 D PrefCtrlListHelper: Could not find Context-only controller for pref: com.android.settings.accessibility.AudioDescriptionPreferenceController
10-23 14:56:20.841  1093  5263 D PrefCtrlListHelper: Could not find Context-only controller for pref: com.android.settings.accessibility.FlashNotificationsPreferenceController
10-23 14:56:20.841  1093  5263 D PrefCtrlListHelper: Could not find Context-only controller for pref: com.android.settings.accessibility.AccessibilityHearingAidPreferenceController
10-23 14:56:20.841  1093  5263 D PrefCtrlListHelper: Could not find Context-only controller for pref: com.android.settings.language.TtsPreferenceController
10-23 14:56:20.845  1348  6051 I NamespaceManager: Package com.android.media.swcodec name not found! Using module version.
10-23 14:56:20.850  1093  5263 D RTTSettingsCtr: isRttSettingSupported [start]
10-23 14:56:20.851  1348  6051 I NamespaceManager: Package com.android.appsearch name not found! Using module version.
10-23 14:56:20.851  6283  6283 W gs.intelligence: Accessing hidden field Ljava/util/Collections$SynchronizedCollection;->mutex:Ljava/lang/Object; (max-target-o, reflection, denied)
10-23 14:56:20.851  6283  6283 W gs.intelligence: Accessing hidden method Ljava/util/Collections$SynchronizedSet;-><init>(Ljava/util/Set;Ljava/lang/Object;)V (max-target-o, reflection, denied)
10-23 14:56:20.851  6283  6283 W gs.intelligence: Accessing hidden method Ljava/util/Collections$SynchronizedCollection;-><init>(Ljava/util/Collection;Ljava/lang/Object;)V (max-target-o, reflection, denied)
10-23 14:56:20.853  1348  6051 I NamespaceManager: Package com.android.neuralnetworks name not found! Using module version.
10-23 14:56:20.854   524   555 E system_server: No package ID 7f found for resource ID 0x7f0803bc.
10-23 14:56:20.855   524   555 E system_server: No package ID 7f found for resource ID 0x7f1407f5.
10-23 14:56:20.855  6283  6283 D CompatibilityChangeReporter: Compat change id reported: 183155436; UID 10119; state: ENABLED
10-23 14:56:20.857  6283  6283 W BatterySettingsContentProvider: create content provider from null
10-23 14:56:20.858  1348  6051 I NamespaceManager: Package com.android.media name not found! Using module version.
10-23 14:56:20.865   524  1434 I ImeTracker: com.google.android.apps.nexuslauncher:4026f18e: onCancelled at PHASE_SERVER_CLIENT_FOCUSED
10-23 14:56:20.868  1348  6051 I NamespaceManager: Package 1 name not found! Using module version.
10-23 14:56:20.875  1093  5263 D TelecomUtil: Failed to find SubscriptionInfo for phoneAccountHandle
10-23 14:56:20.875  1093  5263 D RTTSettingsCtr: subscription id for the device: -1
10-23 14:56:20.878  1348  3349 W ChimeraUtils: Module com.google.android.gms.nearby_en missing resource null(0)
10-23 14:56:20.884  1348  3349 W ChimeraUtils: Module com.google.android.gms.nearby_en missing resource null(0)
