10-23 14:55:22.137  3041  3436 D HeterodyneSyncer: updateFlag: com.google.android.finsky.stable, 83561110, 3, , DataLoader__rest_stream_download_max_total_retry_time
10-23 14:55:22.137  3041  3436 D HeterodyneSyncer: updateFlag: com.google.android.finsky.stable, 83561110, 3, , DataLoader__rest_stream_progress_reporting_chunk_interval
10-23 14:55:22.138  3041  3436 D HeterodyneSyncer: updateFlag: com.google.android.finsky.stable, 83561110, 3, , DataLoader__set_incremental_readlogs_not_privacy_sensitive
10-23 14:55:22.138  3041  3436 D HeterodyneSyncer: updateFlag: com.google.android.finsky.stable, 83561110, 3, , DataLoader__set_streaming_test_session_logging_indicator
10-23 14:55:22.138  3041  3436 D HeterodyneSyncer: updateFlag: com.google.android.finsky.stable, 83561110, 3, , DataLoader__show_toast_in_release_build
10-23 14:55:22.138  3041  3436 D HeterodyneSyncer: updateFlag: com.google.android.finsky.stable, 83561110, 3, , DataLoader__streaming_coordinator_app_task_generation_strategy
10-23 14:55:22.138  2964  3265 I MicroDetectionState: Should stop hotword detection immediately - false
10-23 14:55:22.140  3041  3436 D HeterodyneSyncer: updateFlag: com.google.android.finsky.stable, 83561110, 3, , DataLoader__streaming_coordinator_game_task_generation_strategy
10-23 14:55:22.140  3041  3436 D HeterodyneSyncer: updateFlag: com.google.android.finsky.stable, 83561110, 3, , DataLoader__streaming_coordinator_scheduling_strategy
10-23 14:55:22.140  3041  3436 D HeterodyneSyncer: updateFlag: com.google.android.finsky.stable, 83561110, 3, , DataLoader__streaming_environment
10-23 14:55:22.140  3041  3436 D HeterodyneSyncer: updateFlag: com.google.android.finsky.stable, 83561110, 3, , DataLoader__temp_data_loader_files_expiration_ms
10-23 14:55:22.142  3041  3436 D HeterodyneSyncer: updateFlag: com.google.android.finsky.stable, 83561110, 3, , DataLoader__turn_off_digest_based_disablement_for_games_on_v2
10-23 14:55:22.142  3041  3436 D HeterodyneSyncer: updateFlag: com.google.android.finsky.stable, 83561110, 3, , DealsStore__enable_deals_store
10-23 14:55:22.142  3041  3436 D HeterodyneSyncer: updateFlag: com.google.android.finsky.stable, 83561110, 3, , DealsStore__enable_marking_as_soft_stale_on_device_that_triggered_notification
10-23 14:55:22.142  3041  3436 D HeterodyneSyncer: updateFlag: com.google.android.finsky.stable, 83561110, 3, , DealsStore__time_between_full_sync
10-23 14:55:22.142  3041  3436 D HeterodyneSyncer: updateFlag: com.google.android.finsky.stable, 83561110, 3, , DecideBadgeCenterAligned__enable_decide_badge_center_alignment
10-23 14:55:22.142  3041  3436 D HeterodyneSyncer: updateFlag: com.google.android.finsky.stable, 83561110, 3, , DecideBarUiComponent__override_no_scroll_badge_count
10-23 14:55:22.142  3041  3436 D HeterodyneSyncer: updateFlag: com.google.android.finsky.stable, 83561110, 3, , DecideBarUiComponent__use_peeking_row
10-23 14:55:22.142  3041  3436 D HeterodyneSyncer: updateFlag: com.google.android.finsky.stable, 83561110, 3, , DetailsFragmentContentPadding__is_enabled
10-23 14:55:22.142  3041  3436 D HeterodyneSyncer: updateFlag: com.google.android.finsky.stable, 83561110, 3, , DetailsPagePrimaryNav__enable_bottomnav_on_details_page
10-23 14:55:22.144  3041  3436 D HeterodyneSyncer: updateFlag: com.google.android.finsky.stable, 83561110, 3, , DetailsPagePrimaryNav__only_show_bottomnav_on_details_page_from_deeplink
10-23 14:55:22.144  3041  3436 D HeterodyneSyncer: updateFlag: com.google.android.finsky.stable, 83561110, 3, , DetailsPagePromotion__enable_dp_promotion
10-23 14:55:22.144  3041  3436 D HeterodyneSyncer: updateFlag: com.google.android.finsky.stable, 83561110, 3, , DetailsPageRedirection__enable_games_home_navigation_upon_install_button_click
10-23 14:55:22.144  3041  3436 D HeterodyneSyncer: updateFlag: com.google.android.finsky.stable, 83561110, 3, , DetailsPageRedirection__enable_home_navigation_upon_install_button_click
10-23 14:55:22.145  3041  3436 D HeterodyneSyncer: updateFlag: com.google.android.finsky.stable, 83561110, 3, , DetailsPageRedirection__enable_sticky_home_navigation_upon_install_button_click
10-23 14:55:22.145  3041  3436 D HeterodyneSyncer: updateFlag: com.google.android.finsky.stable, 83561110, 3, , DetailsPageRefactoring__enable_details_page_ui_composer_v2
10-23 14:55:22.145  3041  3436 D HeterodyneSyncer: updateFlag: com.google.android.finsky.stable, 83561110, 3, , DetailsToDeliveryToken__is_enabled
10-23 14:55:22.145  3041  3436 D HeterodyneSyncer: updateFlag: com.google.android.finsky.stable, 83561110, 3, , DeviceRebootCacheClear__disable_sim_cache_key_clear
10-23 14:55:22.145  3041  3436 D HeterodyneSyncer: updateFlag: com.google.android.finsky.stable, 83561110, 3, , DeviceRebootCacheClear__enable_cache_clear_on_sim_change
10-23 14:55:22.145  3041  3436 D HeterodyneSyncer: updateFlag: com.google.android.finsky.stable, 83561110, 3, , DialogUiComponent__use_compose_dialogs_in_serp
10-23 14:55:22.146  3041  3436 D HeterodyneSyncer: updateFlag: com.google.android.finsky.stable, 83561110, 3, , DocKeyedCache__check_item_for_fields
10-23 14:55:22.147  3041  3436 D HeterodyneSyncer: updateFlag: com.google.android.finsky.stable, 83561110, 3, , DocKeyedCache__clear_item_cache_on_reasons
10-23 14:55:22.147  3041  3436 D HeterodyneSyncer: updateFlag: com.google.android.finsky.stable, 83561110, 3, , DocKeyedCache__do_blocking_io_on_future
10-23 14:55:22.147  3041  3436 D HeterodyneSyncer: updateFlag: com.google.android.finsky.stable, 83561110, 3, , DocKeyedCache__enable_disk_write_on_bg
10-23 14:55:22.147  3041  3436 D HeterodyneSyncer: updateFlag: com.google.android.finsky.stable, 83561110, 3, , DocKeyedCache__enable_get_items_without_consistency_token
10-23 14:55:22.147  3041  3436 D HeterodyneSyncer: updateFlag: com.google.android.finsky.stable, 83561110, 3, , DocKeyedCache__enable_item_cache_clearing
10-23 14:55:22.148  3041  3436 D HeterodyneSyncer: updateFlag: com.google.android.finsky.stable, 83561110, 3, , DocKeyedCache__enable_minimal_locking
10-23 14:55:22.154  3041  3436 D HeterodyneSyncer: updateFlag: com.google.android.finsky.stable, 83561110, 3, , DocKeyedCache__item_cache_size_in_mb
10-23 14:55:22.155  3041  3436 D HeterodyneSyncer: updateFlag: com.google.android.finsky.stable, 83561110, 3, , DocKeyedCache__prewarm_item_cache_in_task
10-23 14:55:22.155  3041  3436 D HeterodyneSyncer: updateFlag: com.google.android.finsky.stable, 83561110, 3, , DocKeyedCache__return_non_propagating_future
10-23 14:55:22.155  3041  3436 D HeterodyneSyncer: updateFlag: com.google.android.finsky.stable, 83561110, 3, , DocKeyedCache__return_null_for_partial_response
10-23 14:55:22.155  3041  3436 D HeterodyneSyncer: updateFlag: com.google.android.finsky.stable, 83561110, 3, , DocKeyedCache__stop_clearing_item_store_on_self_update
10-23 14:55:22.155  3041  3436 D HeterodyneSyncer: updateFlag: com.google.android.finsky.stable, 83561110, 3, , DocKeyedCache__support_multiple_vx
10-23 14:55:22.155  3041  3436 D HeterodyneSyncer: updateFlag: com.google.android.finsky.stable, 83561110, 3, , DocKeyedCache__try_to_read_memory_when_rpc_fails
10-23 14:55:22.155  3041  3436 D HeterodyneSyncer: updateFlag: com.google.android.finsky.stable, 83561110, 3, , DocKeyedCache__use_bytes_for_item_field_mask
10-23 14:55:22.155  3041  3436 D HeterodyneSyncer: updateFlag: com.google.android.finsky.stable, 83561110, 3, , DocKeyedCache__use_store_cacheability_killswitch
10-23 14:55:22.155  3041  3436 D HeterodyneSyncer: updateFlag: com.google.android.finsky.stable, 83561110, 3, , DownloadBubble__enable_download_bubble
10-23 14:55:22.155  3041  3436 D HeterodyneSyncer: updateFlag: com.google.android.finsky.stable, 83561110, 3, , DownloadService__asset_module_service_group_by_session
10-23 14:55:22.155  3041  3436 D HeterodyneSyncer: updateFlag: com.google.android.finsky.stable, 83561110, 3, , DownloadService__cronet_enable_http2
10-23 14:55:22.155  3041  3436 D HeterodyneSyncer: updateFlag: com.google.android.finsky.stable, 83561110, 3, , DownloadService__cronet_enable_nel
10-23 14:55:22.155  3041  3436 D HeterodyneSyncer: updateFlag: com.google.android.finsky.stable, 83561110, 3, , DownloadService__cronet_enable_quic
10-23 14:55:22.155  3041  3436 D HeterodyneSyncer: updateFlag: com.google.android.finsky.stable, 83561110, 3, , DownloadService__cronet_enable_quic_store_server_configs_in_properties
10-23 14:55:22.156  3041  3436 D HeterodyneSyncer: updateFlag: com.google.android.finsky.stable, 83561110, 3, , DownloadService__cronet_enable_stale_dns
10-23 14:55:22.156  3041  3436 D HeterodyneSyncer: updateFlag: com.google.android.finsky.stable, 83561110, 3, , DownloadService__enable_download_exchanger_improved_timeout_behavior
10-23 14:55:22.156  3041  3436 D HeterodyneSyncer: updateFlag: com.google.android.finsky.stable, 83561110, 3, , DownloadService__enable_download_thread_limit
10-23 14:55:22.156  3041  3436 D HeterodyneSyncer: updateFlag: com.google.android.finsky.stable, 83561110, 3, , DownloadService__enable_group_cancellation
10-23 14:55:22.156  3041  3436 D HeterodyneSyncer: updateFlag: com.google.android.finsky.stable, 83561110, 3, , DownloadService__enable_group_notification
10-23 14:55:22.156  3041  3436 D HeterodyneSyncer: updateFlag: com.google.android.finsky.stable, 83561110, 3, , DownloadService__enable_jobscheduler_will_be_foreground_flag
10-23 14:55:22.156  3041  3436 D HeterodyneSyncer: updateFlag: com.google.android.finsky.stable, 83561110, 3, , DownloadService__enable_parallel_downloads_per_group_in_queue
10-23 14:55:22.156  3041  3436 D HeterodyneSyncer: updateFlag: com.google.android.finsky.stable, 83561110, 3, , DownloadService__enable_phonesky_scheduler_for_post_n
10-23 14:55:22.157  3041  3436 D HeterodyneSyncer: updateFlag: com.google.android.finsky.stable, 83561110, 3, , DownloadService__enable_redirect_prefetch
10-23 14:55:22.157  3041  3436 D HeterodyneSyncer: updateFlag: com.google.android.finsky.stable, 83561110, 3, , DownloadService__enable_resolved_uri
10-23 14:55:22.157  3041  3436 D HeterodyneSyncer: updateFlag: com.google.android.finsky.stable, 83561110, 3, , DownloadService__enable_resource_manager_download_service_adapter
10-23 14:55:22.157  3041  3436 D HeterodyneSyncer: updateFlag: com.google.android.finsky.stable, 83561110, 3, , DownloadService__enable_retry_strategy
10-23 14:55:22.157  3041  3436 D HeterodyneSyncer: updateFlag: com.google.android.finsky.stable, 83561110, 3, , DownloadService__enable_retry_strategy_with_fallback
10-23 14:55:22.157  3041  3436 D HeterodyneSyncer: updateFlag: com.google.android.finsky.stable, 83561110, 3, , DownloadService__enable_soft_delete
10-23 14:55:22.158  3041  3436 D HeterodyneSyncer: updateFlag: com.google.android.finsky.stable, 83561110, 3, , DownloadService__get_download_from_download_service
10-23 14:55:22.158  3041  3436 D HeterodyneSyncer: updateFlag: com.google.android.finsky.stable, 83561110, 3, , DownloadService__notifications_dismissible_for_pre_o
10-23 14:55:22.158  3041  3436 D HeterodyneSyncer: updateFlag: com.google.android.finsky.stable, 83561110, 3, , DownloadService__pass_session_id_in_group_id
10-23 14:55:22.158  3041  3436 D HeterodyneSyncer: updateFlag: com.google.android.finsky.stable, 83561110, 3, , DownloadService__self_update_group_by_session
10-23 14:55:22.158  3041  3436 D HeterodyneSyncer: updateFlag: com.google.android.finsky.stable, 83561110, 3, , DownloadService__send_foreground_broadcast_on_complete
10-23 14:55:22.158  3041  3436 D HeterodyneSyncer: updateFlag: com.google.android.finsky.stable, 83561110, 3, , DownloadService__send_foreground_broadcast_on_status_update
10-23 14:55:22.158  3041  3436 D HeterodyneSyncer: updateFlag: com.google.android.finsky.stable, 83561110, 3, , DownloadService__set_group_network_restriction
10-23 14:55:22.159  1089  1089 D TelephonyProvider: subIdString = 1 subId = 1
10-23 14:55:22.162  1348  1348 I NearbyFastPair: NearbyAppHelper: Check Mainline Tethering module version code. [CONTEXT service_id=265 ]
10-23 14:55:22.165  1348  1348 I NearbyFastPair: NearbyAppHelper: Tethering package version code: 340818020 [CONTEXT service_id=265 ]
10-23 14:55:22.168  1089  1089 I ImsResolver: Received BOOT_COMPLETED
10-23 14:55:22.168  1089  1331 D ImsResolver: maybeAddedImsService, packageName: null
10-23 14:55:22.170  3041  3436 D HeterodyneSyncer: updateFlag: com.google.android.finsky.stable, 83561110, 3, , DownloadService__show_manage_notification_button
10-23 14:55:22.170  3041  3436 D HeterodyneSyncer: updateFlag: com.google.android.finsky.stable, 83561110, 3, , DownloadService__stop_invisible_job_proactively
10-23 14:55:22.170  3041  3436 D HeterodyneSyncer: updateFlag: com.google.android.finsky.stable, 83561110, 3, , DownloadService__use_grpc_based_download_progress
10-23 14:55:22.170  3041  3436 D HeterodyneSyncer: updateFlag: com.google.android.finsky.stable, 83561110, 3, , Downloadbuddy__allowlist_install_reasons
10-23 14:55:22.170  3041  3436 D HeterodyneSyncer: updateFlag: com.google.android.finsky.stable, 83561110, 3, , Downloadbuddy__dismissal_count_before_sleep
10-23 14:55:22.170  3041  3436 D HeterodyneSyncer: updateFlag: com.google.android.finsky.stable, 83561110, 3, , Downloadbuddy__dismissal_sleep_window_threshold_duration_minutes
10-23 14:55:22.170  3041  3436 D HeterodyneSyncer: updateFlag: com.google.android.finsky.stable, 83561110, 3, , Downloadbuddy__enable_clear_queue_on_dismiss
10-23 14:55:22.171  3041  3436 D HeterodyneSyncer: updateFlag: com.google.android.finsky.stable, 83561110, 3, , Downloadbuddy__enable_downloadbuddy
10-23 14:55:22.171  3041  3436 D HeterodyneSyncer: updateFlag: com.google.android.finsky.stable, 83561110, 3, , Downloadbuddy__enable_expanded_outside_events
10-23 14:55:22.171  3041  3436 D HeterodyneSyncer: updateFlag: com.google.android.finsky.stable, 83561110, 3, , Downloadbuddy__enable_for_a11y_users
10-23 14:55:22.171  3041  3436 D HeterodyneSyncer: updateFlag: com.google.android.finsky.stable, 83561110, 3, , Downloadbuddy__enable_for_talkback_users
10-23 14:55:22.171  3041  3436 D HeterodyneSyncer: updateFlag: com.google.android.finsky.stable, 83561110, 3, , Downloadbuddy__item_list_order
10-23 14:55:22.171  3041  3436 D HeterodyneSyncer: updateFlag: com.google.android.finsky.stable, 83561110, 3, , Downloadbuddy__max_count_apps_displayed
10-23 14:55:22.171  3041  3436 D HeterodyneSyncer: updateFlag: com.google.android.finsky.stable, 83561110, 3, , Downloadbuddy__unopened_threshold_duration_minutes
10-23 14:55:22.171  3041  3436 D HeterodyneSyncer: updateFlag: com.google.android.finsky.stable, 83561110, 3, , DsaRegulations__enable_developer_identification
10-23 14:55:22.171  3041  3436 D HeterodyneSyncer: updateFlag: com.google.android.finsky.stable, 83561110, 3, , DsaRegulations__enable_flag_apps_as_illegal_content
10-23 14:55:22.171  3041  3436 D HeterodyneSyncer: updateFlag: com.google.android.finsky.stable, 83561110, 3, , DsaRegulations__enable_flag_reviews_as_illegal_content
10-23 14:55:22.171  3041  3436 D HeterodyneSyncer: updateFlag: com.google.android.finsky.stable, 83561110, 3, , DsaRegulations__flag_review_or_apps_help_center_id
10-23 14:55:22.171  3041  3436 D HeterodyneSyncer: updateFlag: com.google.android.finsky.stable, 83561110, 3, , EnableBadgeRedesign__content_rating_learn_more_url_param
10-23 14:55:22.171  3041  3436 D HeterodyneSyncer: updateFlag: com.google.android.finsky.stable, 83561110, 3, , EnableBadgeRedesign__enable_merging_category_and_top_chart_ranking_tag
10-23 14:55:22.171  3041  3436 D HeterodyneSyncer: updateFlag: com.google.android.finsky.stable, 83561110, 3, , EnableBadgeRedesign__enable_new_game_discover_tag
10-23 14:55:22.171  3041  3436 D HeterodyneSyncer: updateFlag: com.google.android.finsky.stable, 83561110, 3, , EnableBadgeRedesign__enable_preregistration_discover_tag
10-23 14:55:22.171  3041  3436 D HeterodyneSyncer: updateFlag: com.google.android.finsky.stable, 83561110, 3, , EnableBadgeRedesign__exposure_notification_badge_image_url
10-23 14:55:22.171  3041  3436 D HeterodyneSyncer: updateFlag: com.google.android.finsky.stable, 83561110, 3, , EnableBadgeRedesign__new_game_cutoff_days
10-23 14:55:22.171  3041  3436 D HeterodyneSyncer: updateFlag: com.google.android.finsky.stable, 83561110, 3, , EnableBadgeRedesign__show_apk_size_badge
10-23 14:55:22.171  3041  3436 D HeterodyneSyncer: updateFlag: com.google.android.finsky.stable, 83561110, 3, , EnableBadgeRedesign__use_badge_redesign_for_app_details
10-23 14:55:22.171  3041  3436 D HeterodyneSyncer: updateFlag: com.google.android.finsky.stable, 83561110, 3, , EnableDirectoryStorageUsageLogging__is_enabled
10-23 14:55:22.171  3041  3436 D HeterodyneSyncer: updateFlag: com.google.android.finsky.stable, 83561110, 3, , EnableGetItemForDetails__use_get_item_for_app_details
10-23 14:55:22.171  3041  3436 D HeterodyneSyncer: updateFlag: com.google.android.finsky.stable, 83561110, 3, , EnterpriseMainlineAutoUpdate__disable_mainline_update_policy
10-23 14:55:22.171  3041  3436 D HeterodyneSyncer: updateFlag: com.google.android.finsky.stable, 83561110, 3, , Executors__background_core_pool_size
10-23 14:55:22.171  3041  3436 D HeterodyneSyncer: updateFlag: com.google.android.finsky.stable, 83561110, 3, , Executors__background_maximum_pool_size
10-23 14:55:22.171  3041  3436 D HeterodyneSyncer: updateFlag: com.google.android.finsky.stable, 83561110, 3, , ExportedExperiments__enable_exported_experiments
10-23 14:55:22.171  3041  3436 D HeterodyneSyncer: updateFlag: com.google.android.finsky.stable, 83561110, 3, , ExportedExperiments__enable_exported_release_experiments
10-23 14:55:22.171  3041  3436 D HeterodyneSyncer: updateFlag: com.google.android.finsky.stable, 83561110, 3, , ExportedExperiments__export_experiments_timeout
10-23 14:55:22.171  3041  3436 D HeterodyneSyncer: updateFlag: com.google.android.finsky.stable, 83561110, 3, , ExportedExperiments__export_release_experiments_timeout
10-23 14:55:22.171  3041  3436 D HeterodyneSyncer: updateFlag: com.google.android.finsky.stable, 83561110, 3, , ExternalReferrerAppstatesMigration__enabled
10-23 14:55:22.171  3041  3436 D HeterodyneSyncer: updateFlag: com.google.android.finsky.stable, 83561110, 3, , FeedbackSurvey__consolidate_feedback_survey_settings
10-23 14:55:22.171  3041  3436 D HeterodyneSyncer: updateFlag: com.google.android.finsky.stable, 83561110, 3, , FeedbackSurvey__enable_app_content_feedback_surveys
10-23 14:55:22.171  3041  3436 D HeterodyneSyncer: updateFlag: com.google.android.finsky.stable, 83561110, 3, , FeedbackSurvey__enable_fcc_cluster_feedback_surveys
10-23 14:55:22.171  3041  3436 D HeterodyneSyncer: updateFlag: com.google.android.finsky.stable, 83561110, 3, , FeedbackSurvey__enable_feedback_survey_hygiene_job
10-23 14:55:22.171  3041  3436 D HeterodyneSyncer: updateFlag: com.google.android.finsky.stable, 83561110, 3, , FeedbackSurvey__enable_feedback_survey_settings
10-23 14:55:22.171  3041  3436 D HeterodyneSyncer: updateFlag: com.google.android.finsky.stable, 83561110, 3, , FeedbackSurvey__enable_feedback_survey_settings_v1
10-23 14:55:22.171  3041  3436 D HeterodyneSyncer: updateFlag: com.google.android.finsky.stable, 83561110, 3, , FeedbackSurvey__enable_flexible_content_card_feedback_surveys
10-23 14:55:22.171  3041  3436 D HeterodyneSyncer: updateFlag: com.google.android.finsky.stable, 83561110, 3, , FeedbackSurvey__enable_floating_highlights_row_banner_feedback_surveys
10-23 14:55:22.172  3041  3436 D HeterodyneSyncer: updateFlag: com.google.android.finsky.stable, 83561110, 3, , FeedbackSurvey__enable_inline_program_discovery_banner_feedback_surveys
10-23 14:55:22.172  3041  3436 D HeterodyneSyncer: updateFlag: com.google.android.finsky.stable, 83561110, 3, , FeedbackSurvey__enable_product_feedback_surveys
10-23 14:55:22.172  3041  3436 D HeterodyneSyncer: updateFlag: com.google.android.finsky.stable, 83561110, 3, , FeedbackSurvey__enable_rating_question_motion
10-23 14:55:22.172  3041  3436 D HeterodyneSyncer: updateFlag: com.google.android.finsky.stable, 83561110, 3, , FeedbackSurvey__enable_rich_list_cluster_feedback_surveys
10-23 14:55:22.172  3041  3436 D HeterodyneSyncer: updateFlag: com.google.android.finsky.stable, 83561110, 3, , FeedbackSurvey__enable_server_driven_strings
10-23 14:55:22.172  3041  3436 D HeterodyneSyncer: updateFlag: com.google.android.finsky.stable, 83561110, 3, , FeedbackSurvey__enable_v1_survey_card_ui
10-23 14:55:22.172  3041  3436 D HeterodyneSyncer: updateFlag: com.google.android.finsky.stable, 83561110, 3, , FeedbackSurvey__enable_wide_media_cluster_feedback_surveys
10-23 14:55:22.172  3041  3436 D HeterodyneSyncer: updateFlag: com.google.android.finsky.stable, 83561110, 3, , FeedbackSurvey__feedback_survey_entry_ttl_in_days
10-23 14:55:22.172  3041  3436 D HeterodyneSyncer: updateFlag: com.google.android.finsky.stable, 83561110, 3, , FeedbackSurvey__show_events_deals_in_response_management_page
10-23 14:55:22.172  3041  3436 D HeterodyneSyncer: updateFlag: com.google.android.finsky.stable, 83561110, 3, , FeedbackSurvey__use_survey_id_for_caching
10-23 14:55:22.172  3041  3436 D HeterodyneSyncer: updateFlag: com.google.android.finsky.stable, 83561110, 3, , FixProcessStartTimestamp__use_api
10-23 14:55:22.172  3041  3436 D HeterodyneSyncer: updateFlag: com.google.android.finsky.stable, 83561110, 3, , FlatCardLite__enable_lite_card_for_wishlist
10-23 14:55:22.172  3041  3436 D HeterodyneSyncer: updateFlag: com.google.android.finsky.stable, 83561110, 3, , FlexibleContentCluster__card_height_phone_landscape_dp
10-23 14:55:22.172  3041  3436 D HeterodyneSyncer: updateFlag: com.google.android.finsky.stable, 83561110, 3, , FlexibleContentCluster__card_height_phone_portrait_dp
10-23 14:55:22.172  3041  3436 D HeterodyneSyncer: updateFlag: com.google.android.finsky.stable, 83561110, 3, , FlexibleContentCluster__client_pagination_threshold
10-23 14:55:22.176  3041  3052 I android.vending: Compiler allocated 4630KB to compile void ainp.v(java.util.Set, long, apar, apas, java.util.List, java.util.LinkedHashMap, arzo, aino, boolean)
10-23 14:55:22.177  3412  3568 I DialerRestVoicemailEnabledFn: com.android.dialer.voicemail.service.impl.vvmclients.rest.RestVoicemailEnabledFn.isEnabled:51 disabled by flag [CONTEXT ratelimit_period="1 MINUTES" ]
10-23 14:55:22.177  3041  3436 D HeterodyneSyncer: updateFlag: com.google.android.finsky.stable, 83561110, 3, , FlexibleContentCluster__custom_color_brightness_threshold
10-23 14:55:22.177  3041  3436 D HeterodyneSyncer: updateFlag: com.google.android.finsky.stable, 83561110, 3, , FlexibleContentCluster__custom_color_threshold_weights_override
10-23 14:55:22.177  3412  3568 I DialerCvvmEnabledFn: com.android.dialer.voicemail.service.impl.vvmclients.omtp.protocol.cvvm.CvvmEnabledFn.isEnabled:37 disabled by flag [CONTEXT ratelimit_period="1 MINUTES" ]
10-23 14:55:22.177  3041  3436 D HeterodyneSyncer: updateFlag: com.google.android.finsky.stable, 83561110, 3, , FlexibleContentCluster__custom_dominant_color_override
10-23 14:55:22.177  3041  3436 D HeterodyneSyncer: updateFlag: com.google.android.finsky.stable, 83561110, 3, , FlexibleContentCluster__enable_auto_progress_on_phone
10-23 14:55:22.178  3041  3436 D HeterodyneSyncer: updateFlag: com.google.android.finsky.stable, 83561110, 3, , FlexibleContentCluster__enable_card_height_phone
10-23 14:55:22.178  3041  3436 D HeterodyneSyncer: updateFlag: com.google.android.finsky.stable, 83561110, 3, , FlexibleContentCluster__enable_content_auto_play
10-23 14:55:22.178  3041  3436 D HeterodyneSyncer: updateFlag: com.google.android.finsky.stable, 83561110, 3, , FlexibleContentCluster__enable_custom_dominant_color
10-23 14:55:22.178  3041  3436 D HeterodyneSyncer: updateFlag: com.google.android.finsky.stable, 83561110, 3, , FlexibleContentCluster__enable_custom_text_brightness_threshold
10-23 14:55:22.178  3041  3436 D HeterodyneSyncer: updateFlag: com.google.android.finsky.stable, 83561110, 3, , FlexibleContentCluster__enable_detached_editorial_article_cards
10-23 14:55:22.178  3041  3436 D HeterodyneSyncer: updateFlag: com.google.android.finsky.stable, 83561110, 3, , FlexibleContentCluster__enable_detached_slim_metadata_bar_app_cards
10-23 14:55:22.178  3041  3436 D HeterodyneSyncer: updateFlag: com.google.android.finsky.stable, 83561110, 3, , FlexibleContentCluster__enable_detached_slim_metadata_bar_liveops_cards
10-23 14:55:22.178  3041  3436 D HeterodyneSyncer: updateFlag: com.google.android.finsky.stable, 83561110, 3, , FlexibleContentCluster__enable_editorial_card_youtube_video_support
10-23 14:55:22.178  3041  3436 D HeterodyneSyncer: updateFlag: com.google.android.finsky.stable, 83561110, 3, , FlexibleContentCluster__enable_horizontal_scroller_custom_height
10-23 14:55:22.179  3041  3436 D HeterodyneSyncer: updateFlag: com.google.android.finsky.stable, 83561110, 3, , FlexibleContentCluster__enable_installbar_large_screens
10-23 14:55:22.179  3041  3436 D HeterodyneSyncer: updateFlag: com.google.android.finsky.stable, 83561110, 3, , FlexibleContentCluster__enable_new_button_color
10-23 14:55:22.179  3041  3436 D HeterodyneSyncer: updateFlag: com.google.android.finsky.stable, 83561110, 3, , FlexibleContentCluster__enable_new_large_screen_ui
10-23 14:55:22.179  3041  3436 D HeterodyneSyncer: updateFlag: com.google.android.finsky.stable, 83561110, 3, , FlexibleContentCluster__enable_slim_metadata_bar_large_screens
10-23 14:55:22.179  3041  3436 D HeterodyneSyncer: updateFlag: com.google.android.finsky.stable, 83561110, 3, , FlexibleContentCluster__enable_swipe_gesture
10-23 14:55:22.179  3041  3436 D HeterodyneSyncer: updateFlag: com.google.android.finsky.stable, 83561110, 3, , FlexibleContentCluster__enable_tap_to_advance_gesture
10-23 14:55:22.179  3041  3436 D HeterodyneSyncer: updateFlag: com.google.android.finsky.stable, 83561110, 3, , FlexibleContentCluster__enable_theme_color_editorial_article_cards
10-23 14:55:22.182  4257  4257 D CarrierDefaultBroadcastReceiver: apply carrier action idx: 6
10-23 14:55:22.182  4257  4257 D CarrierActionUtils: onCancelAllNotifications
10-23 14:55:22.182  4257  4257 D CarrierDefaultBroadcastReceiver: apply carrier action idx: 8
10-23 14:55:22.182  4257  4257 D CarrierActionUtils: onDisableDefaultURLHandler
10-23 14:55:22.182  3041  3436 D HeterodyneSyncer: updateFlag: com.google.android.finsky.stable, 83561110, 3, , FlexibleContentCluster__enable_theme_color_slim_metadata_bar_app_cards
10-23 14:55:22.182  3041  3436 D HeterodyneSyncer: updateFlag: com.google.android.finsky.stable, 83561110, 3, , FlexibleContentCluster__enable_theme_color_slim_metadata_bar_liveops_cards
10-23 14:55:22.182  3041  3436 D HeterodyneSyncer: updateFlag: com.google.android.finsky.stable, 83561110, 3, , FlexibleContentCluster__enable_v2
10-23 14:55:22.182  3041  3436 D HeterodyneSyncer: updateFlag: com.google.android.finsky.stable, 83561110, 3, , FlexibleContentCluster__enable_visibility_tracker
10-23 14:55:22.182  3041  3436 D HeterodyneSyncer: updateFlag: com.google.android.finsky.stable, 83561110, 3, , FlexibleContentCluster__fade_animation_transition_duration
10-23 14:55:22.182  3041  3436 D HeterodyneSyncer: updateFlag: com.google.android.finsky.stable, 83561110, 3, , FlexibleContentCluster__force_animation_fallback_image
10-23 14:55:22.182  3041  3436 D HeterodyneSyncer: updateFlag: com.google.android.finsky.stable, 83561110, 3, , FlexibleContentCluster__horizontal_scroller_custom_height
10-23 14:55:22.183  3041  3436 D HeterodyneSyncer: updateFlag: com.google.android.finsky.stable, 83561110, 3, , FlexibleContentCluster__horizontal_scroller_custom_scroll_time
10-23 14:55:22.183  3041  3436 D HeterodyneSyncer: updateFlag: com.google.android.finsky.stable, 83561110, 3, , FlexibleContentCluster__offscreen_adjacent_cards_prerendering
10-23 14:55:22.183  3041  3436 D HeterodyneSyncer: updateFlag: com.google.android.finsky.stable, 83561110, 3, , FlexibleContentCluster__remove_phantom_logging
10-23 14:55:22.183  3041  3436 D HeterodyneSyncer: updateFlag: com.google.android.finsky.stable, 83561110, 3, , FlexibleContentCluster__slide_in_animation_duration_ms
10-23 14:55:22.183  3041  3436 D HeterodyneSyncer: updateFlag: com.google.android.finsky.stable, 83561110, 3, , FlexibleContentCluster__swipe_min_distance_threshold_dp
10-23 14:55:22.189  3041  3436 D HeterodyneSyncer: updateFlag: com.google.android.finsky.stable, 83561110, 3, , FlexibleHeightForWriteReviewToolbar__is_enabled
10-23 14:55:22.189  3041  3436 D HeterodyneSyncer: updateFlag: com.google.android.finsky.stable, 83561110, 3, , Fougasse__consistent_details_page_ui_content
10-23 14:55:22.189  3041  3436 D HeterodyneSyncer: updateFlag: com.google.android.finsky.stable, 83561110, 3, , Fougasse__enable_immersive_banner_on_dp
10-23 14:55:22.189  3041  3436 D HeterodyneSyncer: updateFlag: com.google.android.finsky.stable, 83561110, 3, , Fougasse__enable_large_screen_acc_update
10-23 14:55:22.189  3041  3436 D HeterodyneSyncer: updateFlag: com.google.android.finsky.stable, 83561110, 3, , Fougasse__enable_local_content_frame_width
10-23 14:55:22.189  3041  3436 D HeterodyneSyncer: updateFlag: com.google.android.finsky.stable, 83561110, 3, , Fougasse__enable_multicolumn_dp
10-23 14:55:22.189  3041  3436 D HeterodyneSyncer: updateFlag: com.google.android.finsky.stable, 83561110, 3, , Fougasse__enable_multicolumn_dp_foldable_ui
10-23 14:55:22.189  3041  3436 D HeterodyneSyncer: updateFlag: com.google.android.finsky.stable, 83561110, 3, , Fougasse__enable_multicolumn_scroller
10-23 14:55:22.189  3041  3436 D HeterodyneSyncer: updateFlag: com.google.android.finsky.stable, 83561110, 3, , Fougasse__enable_split_serp_screen
10-23 14:55:22.190  3041  3436 D HeterodyneSyncer: updateFlag: com.google.android.finsky.stable, 83561110, 3, , Fougasse__enable_standalone_trailer_on_dp
10-23 14:55:22.190  3041  3436 D HeterodyneSyncer: updateFlag: com.google.android.finsky.stable, 83561110, 3, , Fougasse__no_text_side_nav_rail
10-23 14:55:22.190  3041  3436 D HeterodyneSyncer: updateFlag: com.google.android.finsky.stable, 83561110, 3, , FutureOfInstallUi__event_details_page_use_metadatabar_for_legacy_install
10-23 14:55:22.190  3041  3436 D HeterodyneSyncer: updateFlag: com.google.android.finsky.stable, 83561110, 3, , FutureOfInstallUi__event_details_page_use_slim_install
10-23 14:55:22.190  3041  3436 D HeterodyneSyncer: updateFlag: com.google.android.finsky.stable, 83561110, 3, , FutureOfInstallUi__live_ops_v3_use_metadatabar_for_legacy_install
10-23 14:55:22.190  3041  3436 D HeterodyneSyncer: updateFlag: com.google.android.finsky.stable, 83561110, 3, , FutureOfInstallUi__live_ops_v3_use_slim_install
10-23 14:55:22.190  3041  3436 D HeterodyneSyncer: updateFlag: com.google.android.finsky.stable, 83561110, 3, , FutureOfInstallUi__mini_details_page_use_metadatabar_for_legacy_install
10-23 14:55:22.190  3041  3436 D HeterodyneSyncer: updateFlag: com.google.android.finsky.stable, 83561110, 3, , GameAvailableOnPcMessage__enable_details_page_message
10-23 14:55:22.190  3041  3436 D HeterodyneSyncer: updateFlag: com.google.android.finsky.stable, 83561110, 3, , Generichomepagelatencysequencing__is_enabled
10-23 14:55:22.190  3041  3436 D HeterodyneSyncer: updateFlag: com.google.android.finsky.stable, 83561110, 3, , GooglePlayProtect__enable_gpp_home_in_phonesky
10-23 14:55:22.190  3041  3436 D HeterodyneSyncer: updateFlag: com.google.android.finsky.stable, 83561110, 3, , Gppwarningcarduiupdate__is_enabled
10-23 14:55:22.190  3041  3436 D HeterodyneSyncer: updateFlag: com.google.android.finsky.stable, 83561110, 3, , GrpcDiffing__enable_getprefetchrec_diffing
10-23 14:55:22.190  3041  3436 D HeterodyneSyncer: updateFlag: com.google.android.finsky.stable, 83561110, 3, , GrpcMigration__enable_grpc_migration_for_getprefetchrec
10-23 14:55:22.190  3041  3436 D HeterodyneSyncer: updateFlag: com.google.android.finsky.stable, 83561110, 3, , GrpcMigration__enable_grpc_migration_for_serp
10-23 14:55:22.190  3041  3436 D HeterodyneSyncer: updateFlag: com.google.android.finsky.stable, 83561110, 3, , GrpcMigration__support_cache_soft_ttl
10-23 14:55:22.190  3041  3436 D HeterodyneSyncer: updateFlag: com.google.android.finsky.stable, 83561110, 3, , Hibernation__auto_hibernation_debug_bytes_to_free
10-23 14:55:22.190  3041  3436 D HeterodyneSyncer: updateFlag: com.google.android.finsky.stable, 83561110, 3, , Hibernation__auto_hibernation_debug_ignore_category_and_usage
10-23 14:55:22.190  3041  3436 D HeterodyneSyncer: updateFlag: com.google.android.finsky.stable, 83561110, 3, , Hibernation__auto_hibernation_min_space_bytes
10-23 14:55:22.190  3041  3436 D HeterodyneSyncer: updateFlag: com.google.android.finsky.stable, 83561110, 3, , Hibernation__auto_hibernation_non_game_app_category_allow_list
10-23 14:55:22.191  3041  3436 D HeterodyneSyncer: updateFlag: com.google.android.finsky.stable, 83561110, 3, , Hibernation__auto_hibernation_opt_in_dialog_impression_cap
10-23 14:55:22.191  3041  3436 D HeterodyneSyncer: updateFlag: com.google.android.finsky.stable, 83561110, 3, , Hibernation__auto_hibernation_opt_in_dialog_impression_hold_off
10-23 14:55:22.191  3041  3436 D HeterodyneSyncer: updateFlag: com.google.android.finsky.stable, 83561110, 3, , Hibernation__disable_overwriting_required_preloads_requests
10-23 14:55:22.191  3041  3436 D HeterodyneSyncer: updateFlag: com.google.android.finsky.stable, 83561110, 3, , Hibernation__hibernation_installation
10-23 14:55:22.191  3041  3436 D HeterodyneSyncer: updateFlag: com.google.android.finsky.stable, 83561110, 3, , Hibernation__hibernation_my_apps
10-23 14:55:22.191  3041  3436 D HeterodyneSyncer: updateFlag: com.google.android.finsky.stable, 83561110, 3, , Hibernation__hibernation_pai
10-23 14:55:22.191  3041  3436 D HeterodyneSyncer: updateFlag: com.google.android.finsky.stable, 83561110, 3, , Hibernation__skip_auto_archiving_after_storage_check
10-23 14:55:22.191  3041  3436 D HeterodyneSyncer: updateFlag: com.google.android.finsky.stable, 83561110, 3, , Hibernation__suppress_update_button
10-23 14:55:22.191  3041  3436 D HeterodyneSyncer: updateFlag: com.google.android.finsky.stable, 83561110, 3, , Hibernation__unhibernation_intent
10-23 14:55:22.191  3041  3436 D HeterodyneSyncer: updateFlag: com.google.android.finsky.stable, 83561110, 3, , HsdpV1AppQualityCheck__enable_caller_mobile_aq_check
10-23 14:55:22.191  3041  3436 D HeterodyneSyncer: updateFlag: com.google.android.finsky.stable, 83561110, 3, , HsdpV1AppQualityCheck__enable_caller_mobile_aq_check_counterfactual
10-23 14:55:22.191  3041  3436 D HeterodyneSyncer: updateFlag: com.google.android.finsky.stable, 83561110, 3, , HsdpV1AppQualityCheck__enable_caller_tablet_aq_check
10-23 14:55:22.191  3041  3436 D HeterodyneSyncer: updateFlag: com.google.android.finsky.stable, 83561110, 3, , HsdpV1AppQualityCheck__enable_caller_tablet_aq_check_counterfactual
10-23 14:55:22.191  3041  3436 D HeterodyneSyncer: updateFlag: com.google.android.finsky.stable, 83561110, 3, , HsdpV1AppQualityCheck__enable_caller_tq_check
10-23 14:55:22.191  3041  3436 D HeterodyneSyncer: updateFlag: com.google.android.finsky.stable, 83561110, 3, , HsdpV1AppQualityCheck__enable_item_request_for_app_quality_check
10-23 14:55:22.191  3041  3436 D HeterodyneSyncer: updateFlag: com.google.android.finsky.stable, 83561110, 3, , HsdpV1AppQualityCheck__enable_target_mobile_aq_check
10-23 14:55:22.192  3041  3436 D HeterodyneSyncer: updateFlag: com.google.android.finsky.stable, 83561110, 3, , HsdpV1AppQualityCheck__enable_target_mobile_aq_check_counterfactual
10-23 14:55:22.192  3041  3436 D HeterodyneSyncer: updateFlag: com.google.android.finsky.stable, 83561110, 3, , HsdpV1AppQualityCheck__enable_target_tablet_aq_check
10-23 14:55:22.192  3041  3436 D HeterodyneSyncer: updateFlag: com.google.android.finsky.stable, 83561110, 3, , HsdpV1AppQualityCheck__enable_target_tablet_aq_check_counterfactual
10-23 14:55:22.192  3041  3436 D HeterodyneSyncer: updateFlag: com.google.android.finsky.stable, 83561110, 3, , HsdpV1AppQualityCheck__enable_target_tq_check
10-23 14:55:22.192  3041  3436 D HeterodyneSyncer: updateFlag: com.google.android.finsky.stable, 83561110, 3, , HsdpV1AppQualityCheck__enable_target_tq_check_counterfactual
10-23 14:55:22.192  3041  3436 D HeterodyneSyncer: updateFlag: com.google.android.finsky.stable, 83561110, 3, , HsdpV1AppQualityCheck__skip_independent_caller_allowlist_check
10-23 14:55:22.192  3041  3436 D HeterodyneSyncer: updateFlag: com.google.android.finsky.stable, 83561110, 3, , ImageAnalytics__defer_last_image_logging_until_page_loaded
10-23 14:55:22.192  3041  3436 D HeterodyneSyncer: updateFlag: com.google.android.finsky.stable, 83561110, 3, , ImageAnalytics__skip_on_screen_check_on_animated
10-23 14:55:22.192  3041  3436 D HeterodyneSyncer: updateFlag: com.google.android.finsky.stable, 83561110, 3, , ImageOptimizations__disable_image_cache_clearing_ps
10-23 14:55:22.192  3041  3436 D HeterodyneSyncer: updateFlag: com.google.android.finsky.stable, 83561110, 3, , ImageOptimizations__enable_thread_safe_image_latency_logger
10-23 14:55:22.192  3041  3436 D HeterodyneSyncer: updateFlag: com.google.android.finsky.stable, 83561110, 3, , ImageOptimizations__use_coil_bitmap_loader_no_cronet
10-23 14:55:22.192  3041  3436 D HeterodyneSyncer: updateFlag: com.google.android.finsky.stable, 83561110, 3, , ImageOptimizations__volley_delivery_on_lightweight_executor
10-23 14:55:22.192  3041  3436 D HeterodyneSyncer: updateFlag: com.google.android.finsky.stable, 83561110, 3, , IncrementalLoggingRetosClientSupport__is_enabled
10-23 14:55:22.192  3041  3436 D HeterodyneSyncer: updateFlag: com.google.android.finsky.stable, 83561110, 3, , InstallApi__enable_arc_direct_push_install
10-23 14:55:22.192  3041  3436 D HeterodyneSyncer: updateFlag: com.google.android.finsky.stable, 83561110, 3, , InstallBar__enable_new_large_screen_ui
10-23 14:55:22.192  3041  3436 D HeterodyneSyncer: updateFlag: com.google.android.finsky.stable, 83561110, 3, , InstallBar__enable_new_small_phone_ui
10-23 14:55:22.192  3041  3436 D HeterodyneSyncer: updateFlag: com.google.android.finsky.stable, 83561110, 3, , InstallQueue__cancel_ssl_group_giv1
10-23 14:55:22.192  3041  3436 D HeterodyneSyncer: updateFlag: com.google.android.finsky.stable, 83561110, 3, , InstallQueue__enable_backup_check_migration
10-23 14:55:22.193  1089  1089 D CompatibilityChangeReporter: Compat change id reported: 186082280; UID 1001; state: ENABLED
10-23 14:55:22.194  3041  3436 D HeterodyneSyncer: updateFlag: com.google.android.finsky.stable, 83561110, 3, , InstallQueue__enable_giv2_for_mainline
10-23 14:55:22.194  3041  3436 D HeterodyneSyncer: updateFlag: com.google.android.finsky.stable, 83561110, 3, , InstallQueue__enable_giv2_for_sdk
10-23 14:55:22.194  3041  3436 D HeterodyneSyncer: updateFlag: com.google.android.finsky.stable, 83561110, 3, , InstallQueue__enable_giv2_for_trichrome
10-23 14:55:22.194  3041  3436 D HeterodyneSyncer: updateFlag: com.google.android.finsky.stable, 83561110, 3, , InstallQueue__enable_group_install_v2
10-23 14:55:22.194  3041  3436 D HeterodyneSyncer: updateFlag: com.google.android.finsky.stable, 83561110, 3, , InstallQueue__enable_item_data_model_for_promise_icon
10-23 14:55:22.194  3041  3436 D HeterodyneSyncer: updateFlag: com.google.android.finsky.stable, 83561110, 3, , InstallQueue__enable_licensing_verification_library_v2_in_app_state_dao
10-23 14:55:22.194  3041  3436 D HeterodyneSyncer: updateFlag: com.google.android.finsky.stable, 83561110, 3, , InstallQueue__log_install_schedule_requested
10-23 14:55:22.194  3041  3436 D HeterodyneSyncer: updateFlag: com.google.android.finsky.stable, 83561110, 3, , InstallQueue__use_conflictresolver_v2
10-23 14:55:22.194  3041  3436 D HeterodyneSyncer: updateFlag: com.google.android.finsky.stable, 83561110, 3, , InstallerV2__disable_split_name_verification_in_submitter
10-23 14:55:22.194  3041  3436 D HeterodyneSyncer: updateFlag: com.google.android.finsky.stable, 83561110, 3, , InstallerV2__do_not_set_size_for_creating_session_in_installer_v2
10-23 14:55:22.194  3041  3436 D HeterodyneSyncer: updateFlag: com.google.android.finsky.stable, 83561110, 3, , InstallerV2__enable_alternate_constraints_retry
10-23 14:55:22.194  3041  3436 D HeterodyneSyncer: updateFlag: com.google.android.finsky.stable, 83561110, 3, , InstallerV2__enable_android_safety_labels_in_installer_v2
10-23 14:55:22.194  3041  3436 D HeterodyneSyncer: updateFlag: com.google.android.finsky.stable, 83561110, 3, , InstallerV2__enable_installable_backup_check
10-23 14:55:22.194  3041  3436 D HeterodyneSyncer: updateFlag: com.google.android.finsky.stable, 83561110, 3, , InstallerV2__enable_installable_foreground_check
10-23 14:55:22.194  3041  3436 D HeterodyneSyncer: updateFlag: com.google.android.finsky.stable, 83561110, 3, , InstallerV2__enable_installer_logger_v2
10-23 14:55:22.194  3041  3436 D HeterodyneSyncer: updateFlag: com.google.android.finsky.stable, 83561110, 3, , InstallerV2__enable_installer_v2
10-23 14:55:22.194  3041  3436 D HeterodyneSyncer: updateFlag: com.google.android.finsky.stable, 83561110, 3, , InstallerV2__enable_installer_v2_cancel_with_source_logging
10-23 14:55:22.194  3041  3436 D HeterodyneSyncer: updateFlag: com.google.android.finsky.stable, 83561110, 3, , InstallerV2__enable_installer_v2_install_hint
10-23 14:55:22.194  3041  3436 D HeterodyneSyncer: updateFlag: com.google.android.finsky.stable, 83561110, 3, , InstallerV2__enable_light_weight_noop_filter
10-23 14:55:22.194  3041  3436 D HeterodyneSyncer: updateFlag: com.google.android.finsky.stable, 83561110, 3, , InstallerV2__enable_pitstop_installs_in_installer_v2
10-23 14:55:22.194  3041  3436 D HeterodyneSyncer: updateFlag: com.google.android.finsky.stable, 83561110, 3, , InstallerV2__enable_reinstall_for_samegrade_placebo
10-23 14:55:22.194  3041  3436 D HeterodyneSyncer: updateFlag: com.google.android.finsky.stable, 83561110, 3, , InstallerV2__enable_request_install_with_availability_check
10-23 14:55:22.194  3041  3436 D HeterodyneSyncer: updateFlag: com.google.android.finsky.stable, 83561110, 3, , InstallerV2__enable_web_apk_in_installer_v2
10-23 14:55:22.194  3041  3436 D HeterodyneSyncer: updateFlag: com.google.android.finsky.stable, 83561110, 3, , InstallerV2__include_storage_validator_in_request_validation
10-23 14:55:22.194  3041  3436 D HeterodyneSyncer: updateFlag: com.google.android.finsky.stable, 83561110, 3, , InstallerV2__installerv2_directly_route_low_priority_updates
10-23 14:55:22.194  3041  3436 D HeterodyneSyncer: updateFlag: com.google.android.finsky.stable, 83561110, 3, , InstallerV2__installerv2_enable_ab_cached_installs
10-23 14:55:22.194  3041  3436 D HeterodyneSyncer: updateFlag: com.google.android.finsky.stable, 83561110, 3, , InstallerV2__installerv2_enable_arc_cached_installs
10-23 14:55:22.196  3041  3436 D HeterodyneSyncer: updateFlag: com.google.android.finsky.stable, 83561110, 3, , InstallerV2__installerv2_enable_cached_installs
10-23 14:55:22.197  3041  3436 D HeterodyneSyncer: updateFlag: com.google.android.finsky.stable, 83561110, 3, , InstallerV2__installerv2_enable_fresh_install
10-23 14:55:22.197   351   351 D Zygote  : Forked child process 4375
10-23 14:55:22.199  3412  3564 I WM-WorkerWrapper: Worker result SUCCESS for Work [ id=8f48e628-65d6-48c4-afee-b687394cd602, tags={ com.google.apps.tiktok.contrib.work.TikTokListenableWorker, VvmDailyWorkerTag, TikTokWorker#com.android.dialer.voicemail.service.receivers.VvmDailyWorker } ]
10-23 14:55:22.201  3041  3436 D HeterodyneSyncer: updateFlag: com.google.android.finsky.stable, 83561110, 3, , InstallerV2__installerv2_enable_instant_apps
10-23 14:55:22.201  3041  3436 D HeterodyneSyncer: updateFlag: com.google.android.finsky.stable, 83561110, 3, , InstallerV2__installerv2_enable_low_priority_updates
10-23 14:55:22.201  3041  3436 D HeterodyneSyncer: updateFlag: com.google.android.finsky.stable, 83561110, 3, , InstallerV2__installerv2_enable_p2p
10-23 14:55:22.201  3041  3436 D HeterodyneSyncer: updateFlag: com.google.android.finsky.stable, 83561110, 3, , InstallerV2__installerv2_enable_redirect_installs
10-23 14:55:22.201  3041  3436 D HeterodyneSyncer: updateFlag: com.google.android.finsky.stable, 83561110, 3, , InstallerV2__installerv2_enable_split_only_installs
10-23 14:55:22.201  3041  3436 D HeterodyneSyncer: updateFlag: com.google.android.finsky.stable, 83561110, 3, , InstallerV2__installerv2_enable_updates
10-23 14:55:22.201  3041  3436 D HeterodyneSyncer: updateFlag: com.google.android.finsky.stable, 83561110, 3, , InstallerV2__installerv2_supported_resource_types
10-23 14:55:22.201  3041  3436 D HeterodyneSyncer: updateFlag: com.google.android.finsky.stable, 83561110, 3, , InstallerV2__log_cause_for_install_error_resource_fetcher_failed
10-23 14:55:22.201  3041  3436 D HeterodyneSyncer: updateFlag: com.google.android.finsky.stable, 83561110, 3, , InstallerV2__log_orphaned_downloads
10-23 14:55:22.201  3041  3436 D HeterodyneSyncer: updateFlag: com.google.android.finsky.stable, 83561110, 3, , InstallerV2__log_package_installer_error_message
10-23 14:55:22.201  3041  3436 D HeterodyneSyncer: updateFlag: com.google.android.finsky.stable, 83561110, 3, , InstallerV2__only_pause_system_app_updates
10-23 14:55:22.201  3041  3436 D HeterodyneSyncer: updateFlag: com.google.android.finsky.stable, 83561110, 3, , InstallerV2__only_pause_system_app_updates_v2
10-23 14:55:22.201  3041  3436 D HeterodyneSyncer: updateFlag: com.google.android.finsky.stable, 83561110, 3, , InstallerV2__prune_orphaned_sessions_in_sessionmanager
10-23 14:55:22.201  3041  3436 D HeterodyneSyncer: updateFlag: com.google.android.finsky.stable, 83561110, 3, , InstallerV2__remove_orphaned_downloads
10-23 14:55:22.204  3041  3436 D HeterodyneSyncer: updateFlag: com.google.android.finsky.stable, 83561110, 3, , InstallerV2__select_patch_type_in_resource_fetcher
10-23 14:55:22.204  3041  3436 D HeterodyneSyncer: updateFlag: com.google.android.finsky.stable, 83561110, 3, , InstallerV2__skip_session_creation_for_redirect_install
10-23 14:55:22.204  3041  3436 D HeterodyneSyncer: updateFlag: com.google.android.finsky.stable, 83561110, 3, , InstallerV2__synchronize_session_to_sessionmanager_in_installer_v2
10-23 14:55:22.204  3041  3436 D HeterodyneSyncer: updateFlag: com.google.android.finsky.stable, 83561110, 3, , InstallerV2__use_resourcemanager_phase_2
10-23 14:55:22.204  3041  3436 D HeterodyneSyncer: updateFlag: com.google.android.finsky.stable, 83561110, 3, , Installer__clean_unused_ssl_during_hygiene_job
10-23 14:55:22.204  3041  3436 D HeterodyneSyncer: updateFlag: com.google.android.finsky.stable, 83561110, 3, , Installer__create_jobs_async_on_install_queue_init
10-23 14:55:22.206  3041  3436 D HeterodyneSyncer: updateFlag: com.google.android.finsky.stable, 83561110, 3, , Installer__delay_static_shared_library_install_request
10-23 14:55:22.206  3041  3436 D HeterodyneSyncer: updateFlag: com.google.android.finsky.stable, 83561110, 3, , Installer__dependent_packages_in_package_state
10-23 14:55:22.206  3041  3436 D HeterodyneSyncer: updateFlag: com.google.android.finsky.stable, 83561110, 3, , Installer__enable_app_state_value_store
10-23 14:55:22.206  3041  3436 D HeterodyneSyncer: updateFlag: com.google.android.finsky.stable, 83561110, 3, , Installer__enable_background_logger
10-23 14:55:22.206  3041  3436 D HeterodyneSyncer: updateFlag: com.google.android.finsky.stable, 83561110, 3, , Installer__enable_promise_icons
10-23 14:55:22.207  3041  3436 D HeterodyneSyncer: updateFlag: com.google.android.finsky.stable, 83561110, 3, , Installer__enable_reinstall_for_samegrade_placebo
10-23 14:55:22.207  3041  3436 D HeterodyneSyncer: updateFlag: com.google.android.finsky.stable, 83561110, 3, , Installer__enable_thermal_status_logger
10-23 14:55:22.207  3041  3436 D HeterodyneSyncer: updateFlag: com.google.android.finsky.stable, 83561110, 3, , Installer__fix_promise_icon_should_be_limited_to_fresh_installs
10-23 14:55:22.207  3041  3436 D HeterodyneSyncer: updateFlag: com.google.android.finsky.stable, 83561110, 3, , Installer__fix_wrong_install_session_from_platform
10-23 14:55:22.207  3041  3436 D HeterodyneSyncer: updateFlag: com.google.android.finsky.stable, 83561110, 3, , Installer__force_activate_static_shared_libraries_all_users
10-23 14:55:22.207  3041  3436 D HeterodyneSyncer: updateFlag: com.google.android.finsky.stable, 83561110, 3, , Installer__foreground_check_with_process
10-23 14:55:22.207  3041  3436 D HeterodyneSyncer: updateFlag: com.google.android.finsky.stable, 83561110, 3, , Installer__large_app_default_download_now_cellular
10-23 14:55:22.207  3041  3436 D HeterodyneSyncer: updateFlag: com.google.android.finsky.stable, 83561110, 3, , Installer__log_and_terminate_on_missing_delivery_data
10-23 14:55:22.207  3041  3436 D HeterodyneSyncer: updateFlag: com.google.android.finsky.stable, 83561110, 3, , Installer__log_install_committed
10-23 14:55:22.207  3041  3436 D HeterodyneSyncer: updateFlag: com.google.android.finsky.stable, 83561110, 3, , Installer__make_session_create_incremental_aware
10-23 14:55:22.207  3041  3436 D HeterodyneSyncer: updateFlag: com.google.android.finsky.stable, 83561110, 3, , Installer__read_installer_data_store_from_disk
10-23 14:55:22.207  3041  3436 D HeterodyneSyncer: updateFlag: com.google.android.finsky.stable, 83561110, 3, , Installer__reject_install_requests_with_expired_time_window
10-23 14:55:22.207  3041  3436 D HeterodyneSyncer: updateFlag: com.google.android.finsky.stable, 83561110, 3, , Installer__support_atomic_installs
10-23 14:55:22.207  3041  3436 D HeterodyneSyncer: updateFlag: com.google.android.finsky.stable, 83561110, 3, , Installer__support_install_existing_package_async
10-23 14:55:22.207  3041  3436 D HeterodyneSyncer: updateFlag: com.google.android.finsky.stable, 83561110, 3, , Installer__turn_off_promise_icons
10-23 14:55:22.207  3041  3436 D HeterodyneSyncer: updateFlag: com.google.android.finsky.stable, 83561110, 3, , Installer__use_logging_context_in_installer
