10-23 14:55:36.550  3911  3911 V ActivityScenario: Activity lifecycle changed event received but ignored because the intent does not match. startActivityIntent=Intent { act=android.intent.action.MAIN cat=[android.intent.category.LAUNCHER] cmp=com.example.lunchtray/androidx.fragment.app.testing.FragmentScenario$EmptyFragmentActivity (has extras) }, activity.getIntent()=Intent { act=android.intent.action.MAIN cat=[android.intent.category.LAUNCHER] flg=0x10008000 cmp=com.example.lunchtray/androidx.test.core.app.InstrumentationActivityInvoker$BootstrapActivity (has extras) }, activity=androidx.test.core.app.InstrumentationActivityInvoker$BootstrapActivity@1da89
10-23 14:55:36.550  3911  3911 V ActivityScenario: Activity lifecycle changed event received but ignored because the intent does not match. startActivityIntent=Intent { act=android.intent.action.MAIN cat=[android.intent.category.LAUNCHER] cmp=com.example.lunchtray/androidx.fragment.app.testing.FragmentScenario$EmptyFragmentActivity (has extras) }, activity.getIntent()=Intent { act=android.intent.action.MAIN cat=[android.intent.category.LAUNCHER] flg=0x10008000 cmp=com.example.lunchtray/androidx.test.core.app.InstrumentationActivityInvoker$BootstrapActivity (has extras) }, activity=androidx.test.core.app.InstrumentationActivityInvoker$BootstrapActivity@1da89
10-23 14:55:36.550  3911  3911 V ActivityScenario: Activity lifecycle changed event received but ignored because the intent does not match. startActivityIntent=Intent { act=android.intent.action.MAIN cat=[android.intent.category.LAUNCHER] cmp=com.example.lunchtray/androidx.fragment.app.testing.FragmentScenario$EmptyFragmentActivity (has extras) }, activity.getIntent()=Intent { act=android.intent.action.MAIN cat=[android.intent.category.LAUNCHER] flg=0x10008000 cmp=com.example.lunchtray/androidx.test.core.app.InstrumentationActivityInvoker$BootstrapActivity (has extras) }, activity=androidx.test.core.app.InstrumentationActivityInvoker$BootstrapActivity@1da89
10-23 14:55:36.550  3911  3911 V ActivityScenario: Activity lifecycle changed event received but ignored because the intent does not match. startActivityIntent=Intent { act=android.intent.action.MAIN cat=[android.intent.category.LAUNCHER] cmp=com.example.lunchtray/androidx.fragment.app.testing.FragmentScenario$EmptyFragmentActivity (has extras) }, activity.getIntent()=Intent { act=android.intent.action.MAIN cat=[android.intent.category.LAUNCHER] flg=0x10008000 cmp=com.example.lunchtray/androidx.test.core.app.InstrumentationActivityInvoker$BootstrapActivity (has extras) }, activity=androidx.test.core.app.InstrumentationActivityInvoker$BootstrapActivity@1da89
10-23 14:55:36.551  3911  3911 V ActivityScenario: Activity lifecycle changed event received but ignored because the intent does not match. startActivityIntent=Intent { act=android.intent.action.MAIN cat=[android.intent.category.LAUNCHER] cmp=com.example.lunchtray/androidx.fragment.app.testing.FragmentScenario$EmptyFragmentActivity (has extras) }, activity.getIntent()=Intent { act=android.intent.action.MAIN cat=[android.intent.category.LAUNCHER] flg=0x10008000 cmp=com.example.lunchtray/androidx.test.core.app.InstrumentationActivityInvoker$BootstrapActivity (has extras) }, activity=androidx.test.core.app.InstrumentationActivityInvoker$BootstrapActivity@1da89
10-23 14:55:36.552  3911  3911 V ActivityScenario: Activity lifecycle changed event received but ignored because the intent does not match. startActivityIntent=Intent { act=android.intent.action.MAIN cat=[android.intent.category.LAUNCHER] cmp=com.example.lunchtray/androidx.fragment.app.testing.FragmentScenario$EmptyFragmentActivity (has extras) }, activity.getIntent()=Intent { act=android.intent.action.MAIN cat=[android.intent.category.LAUNCHER] flg=0x10008000 cmp=com.example.lunchtray/androidx.test.core.app.InstrumentationActivityInvoker$BootstrapActivity (has extras) }, activity=androidx.test.core.app.InstrumentationActivityInvoker$BootstrapActivity@1da89
10-23 14:55:36.556  1348  3478 I FontLog : Fetch {Noto Color Emoji Compat, wdth 100.0, wght 400, ital 0.0, bestEffort false} end status Status{statusCode=SUCCESS, resolution=null} [CONTEXT service_id=132 ]
10-23 14:55:36.562  5210  5210 W ProviderHelper: Unknown dynamite feature providerinstaller.dynamite
10-23 14:55:36.566  5210  5210 I DynamiteModule: Considering local module com.google.android.gms.providerinstaller.dynamite:1 and remote module com.google.android.gms.providerinstaller.dynamite:0
10-23 14:55:36.566  5210  5210 I DynamiteModule: Selected local version of com.google.android.gms.providerinstaller.dynamite
10-23 14:55:36.582  3911  3911 D LifecycleMonitor: Lifecycle status change: androidx.fragment.app.testing.FragmentScenario$EmptyFragmentActivity@a65b154 in: PRE_ON_CREATE
10-23 14:55:36.582  3911  3911 V ActivityScenario: Activity lifecycle changed event received but ignored because the reported transition was not ON_CREATE while the last known transition was DESTROYED
10-23 14:55:36.582  3911  3911 V ActivityScenario: Activity lifecycle changed event received but ignored because the reported transition was not ON_CREATE while the last known transition was DESTROYED
10-23 14:55:36.583  3911  3911 V ActivityScenario: Activity lifecycle changed event received but ignored because the reported transition was not ON_CREATE while the last known transition was DESTROYED
10-23 14:55:36.583  3911  3911 V ActivityScenario: Activity lifecycle changed event received but ignored because the reported transition was not ON_CREATE while the last known transition was DESTROYED
10-23 14:55:36.583  3911  3911 V ActivityScenario: Activity lifecycle changed event received but ignored because the reported transition was not ON_CREATE while the last known transition was DESTROYED
10-23 14:55:36.583  3911  3911 V ActivityScenario: Activity lifecycle changed event received but ignored because the reported transition was not ON_CREATE while the last known transition was DESTROYED
10-23 14:55:36.583  3911  3911 V ActivityScenario: Activity lifecycle changed event received but ignored because the reported transition was not ON_CREATE while the last known transition was PRE_ON_CREATE
10-23 14:55:36.586   870   947 D EGL_emulation: app_time_stats: avg=309.76ms min=1.15ms max=2127.04ms count=8
10-23 14:55:36.589  5210  5242 I DynamiteModule: Considering local module com.google.android.gms.googlecertificates:7 and remote module com.google.android.gms.googlecertificates:7
10-23 14:55:36.590  5210  5242 I DynamiteModule: Selected local version of com.google.android.gms.googlecertificates
10-23 14:55:36.593  3911  3911 D LifecycleMonitor: Lifecycle status change: androidx.fragment.app.testing.FragmentScenario$EmptyFragmentActivity@a65b154 in: CREATED
10-23 14:55:36.593  3911  3911 V ActivityScenario: Update currentActivityStage to CREATED, currentActivity=androidx.fragment.app.testing.FragmentScenario$EmptyFragmentActivity@a65b154
10-23 14:55:36.593  3911  3911 V ActivityScenario: Update currentActivityStage to CREATED, currentActivity=androidx.fragment.app.testing.FragmentScenario$EmptyFragmentActivity@a65b154
10-23 14:55:36.594  3911  3911 V ActivityScenario: Update currentActivityStage to CREATED, currentActivity=androidx.fragment.app.testing.FragmentScenario$EmptyFragmentActivity@a65b154
10-23 14:55:36.594  3911  3911 V ActivityScenario: Update currentActivityStage to CREATED, currentActivity=androidx.fragment.app.testing.FragmentScenario$EmptyFragmentActivity@a65b154
10-23 14:55:36.594  3911  3911 V ActivityScenario: Update currentActivityStage to CREATED, currentActivity=androidx.fragment.app.testing.FragmentScenario$EmptyFragmentActivity@a65b154
10-23 14:55:36.594  3911  3911 V ActivityScenario: Update currentActivityStage to CREATED, currentActivity=androidx.fragment.app.testing.FragmentScenario$EmptyFragmentActivity@a65b154
10-23 14:55:36.594  5210  5210 V NativeCrypto: Registering com/google/android/gms/org/conscrypt/NativeCrypto's 295 native methods...
10-23 14:55:36.594  3911  3911 V ActivityScenario: Update currentActivityStage to CREATED, currentActivity=androidx.fragment.app.testing.FragmentScenario$EmptyFragmentActivity@a65b154
10-23 14:55:36.595  3911  3911 D LifecycleMonitor: Lifecycle status change: androidx.fragment.app.testing.FragmentScenario$EmptyFragmentActivity@a65b154 in: STARTED
10-23 14:55:36.596  3911  3911 V ActivityScenario: Update currentActivityStage to STARTED, currentActivity=androidx.fragment.app.testing.FragmentScenario$EmptyFragmentActivity@a65b154
10-23 14:55:36.599  3911  3911 V ActivityScenario: Update currentActivityStage to STARTED, currentActivity=androidx.fragment.app.testing.FragmentScenario$EmptyFragmentActivity@a65b154
10-23 14:55:36.599  3911  3911 V ActivityScenario: Update currentActivityStage to STARTED, currentActivity=androidx.fragment.app.testing.FragmentScenario$EmptyFragmentActivity@a65b154
10-23 14:55:36.600  3911  3911 V ActivityScenario: Update currentActivityStage to STARTED, currentActivity=androidx.fragment.app.testing.FragmentScenario$EmptyFragmentActivity@a65b154
10-23 14:55:36.600  3911  3911 V ActivityScenario: Update currentActivityStage to STARTED, currentActivity=androidx.fragment.app.testing.FragmentScenario$EmptyFragmentActivity@a65b154
10-23 14:55:36.600  3911  3911 V ActivityScenario: Update currentActivityStage to STARTED, currentActivity=androidx.fragment.app.testing.FragmentScenario$EmptyFragmentActivity@a65b154
10-23 14:55:36.600  3911  3911 V ActivityScenario: Update currentActivityStage to STARTED, currentActivity=androidx.fragment.app.testing.FragmentScenario$EmptyFragmentActivity@a65b154
10-23 14:55:36.601  3911  3911 D LifecycleMonitor: Lifecycle status change: androidx.fragment.app.testing.FragmentScenario$EmptyFragmentActivity@a65b154 in: RESUMED
10-23 14:55:36.601  3911  3911 V ActivityScenario: Update currentActivityStage to RESUMED, currentActivity=androidx.fragment.app.testing.FragmentScenario$EmptyFragmentActivity@a65b154
10-23 14:55:36.602  3911  3911 V ActivityScenario: Update currentActivityStage to RESUMED, currentActivity=androidx.fragment.app.testing.FragmentScenario$EmptyFragmentActivity@a65b154
10-23 14:55:36.602  3911  3911 V ActivityScenario: Update currentActivityStage to RESUMED, currentActivity=androidx.fragment.app.testing.FragmentScenario$EmptyFragmentActivity@a65b154
10-23 14:55:36.602  3911  3911 V ActivityScenario: Update currentActivityStage to RESUMED, currentActivity=androidx.fragment.app.testing.FragmentScenario$EmptyFragmentActivity@a65b154
10-23 14:55:36.602  3911  3911 V ActivityScenario: Update currentActivityStage to RESUMED, currentActivity=androidx.fragment.app.testing.FragmentScenario$EmptyFragmentActivity@a65b154
10-23 14:55:36.604  3911  3911 V ActivityScenario: Update currentActivityStage to RESUMED, currentActivity=androidx.fragment.app.testing.FragmentScenario$EmptyFragmentActivity@a65b154
10-23 14:55:36.604  3911  3911 V ActivityScenario: Update currentActivityStage to RESUMED, currentActivity=androidx.fragment.app.testing.FragmentScenario$EmptyFragmentActivity@a65b154
10-23 14:55:36.606  1348  5130 W ChimeraUtils: Module com.google.android.gms.backup_base missing resource null(0)
10-23 14:55:36.612  1348  3478 I FontLog : Pulling font file for id = 9, cache size = 9 [CONTEXT service_id=132 ]
10-23 14:55:36.622  1647  2380 D GservicesProvider: Update with URI content://com.google.android.gsf.gservices/main
10-23 14:55:36.622  5002  5208 W RemoteCallableBase: Null cursor. Cannot add index data for Uri: content://com.google.android.gms.accountsettings.content/settings/indexables_xml_res
10-23 14:55:36.623  5002  5208 W MetricsFeatureProvider: Disabled westworld logs writing!!!
10-23 14:55:36.628  5210  5210 I ProviderInstaller: Installed default security provider GmsCore_OpenSSL
10-23 14:55:36.630  5002  5209 W MetricsFeatureProvider: Disabled westworld logs writing!!!
10-23 14:55:36.634  3911  4251 E OpenGLRenderer: Unable to match the desired swap behavior.
10-23 14:55:36.639  1468  5212 I Backup  : [GmsBackupAccountManager] Backup account not found in gmscore.
10-23 14:55:36.644  5002  5208 W MetricsFeatureProvider: Disabled westworld logs writing!!!
10-23 14:55:36.645   524   544 W ziparchive: Unable to open '/data/app/~~l7Rq4SQe7Y9FzOfn2-YRbQ==/com.example.lunchtray-gbGN8hPxDqDvdbmHMgLHzQ==/base.dm': No such file or directory
10-23 14:55:36.646   524   544 I ActivityTaskManager: Displayed com.example.lunchtray/androidx.fragment.app.testing.FragmentScenario$EmptyFragmentActivity for user 0: +284ms
10-23 14:55:36.649  1348  3544 I FontLog : Pulling font file for id = 9, cache size = 9 [CONTEXT service_id=132 ]
10-23 14:55:36.655  1348  1348 D BoundBrokerSvc: onBind: Intent { act=com.google.android.gms.chimera.container.BIND_FIND_BUFFER_SIZE dat=chimera-action:/... cmp=com.google.android.gms/.chimera.PersistentInternalBoundBrokerService }
10-23 14:55:36.655  1348  1348 D BoundBrokerSvc: Loading bound service for intent: Intent { act=com.google.android.gms.chimera.container.BIND_FIND_BUFFER_SIZE dat=chimera-action:/... cmp=com.google.android.gms/.chimera.PersistentInternalBoundBrokerService }
10-23 14:55:36.659  5002  5208 W MetricsFeatureProvider: Disabled westworld logs writing!!!
10-23 14:55:36.676  5002  5208 W MetricsFeatureProvider: Disabled westworld logs writing!!!
10-23 14:55:36.686  1468  5211 E IPCThreadState: Binder transaction failure: 263903/29201/-28
10-23 14:55:36.686  1468  5211 W BpBinder: Large outgoing transaction of 1056768 bytes, interface descriptor , code 1
10-23 14:55:36.686  1468  5211 E JavaBinder: !!! FAILED BINDER TRANSACTION !!!  (parcel size = 1056768)
10-23 14:55:36.691  1348  5130 W ChimeraUtils: Module com.google.android.gms.backup_base missing resource null(0)
10-23 14:55:36.694  5210  5291 I GMS_MM_Logger: Start time: 270777
10-23 14:55:36.694  5210  5291 I GMS_MM_Logger: Started.
10-23 14:55:36.696  5210  5210 I cuir    : Primes not initialized, returning default (no-op) Primes instance which will ignore all calls. Please call Primes.initialize(...) before using any Primes API.
10-23 14:55:36.704  1348  1348 D BoundBrokerSvc: onUnbind: Intent { act=com.google.android.gms.chimera.container.BIND_FIND_BUFFER_SIZE dat=chimera-action:/... cmp=com.google.android.gms/.chimera.PersistentInternalBoundBrokerService }
10-23 14:55:36.706  1468  1511 I AppDoctorManager: Updating appdoctor Uri Permissions. [CONTEXT service_id=256 ]
10-23 14:55:36.714  5175  5254 I SnapshotHandler: Unable to retrieve flag snapshot for com.google.android.libraries.notifications.platform#com.google.android.apps.messaging, using defaults.
10-23 14:55:36.731  1468  5212 W ChimeraUtils: Module com.google.android.gms.dck_stub missing resource null(0)
10-23 14:55:36.737  1468  1511 I constellation: [intent_handler] Received onBootCompleted intent
10-23 14:55:36.739  1468  5212 I DckStubModuleInit: Loading stub module components [CONTEXT service_id=289 ]
10-23 14:55:36.739  1468  1511 I constellation: [reboot_checker] Reboot checker check status.
10-23 14:55:36.740  1468  5212 I Dck     : doesDeviceHaveSupportedWirelessCapabilities: wccSysProp:0, wccMendel:1, deviceWccOverride:false [CONTEXT service_id=289 ]
10-23 14:55:36.741  1468  5212 I Dck     : isDckModuleEligible: isAtLeastR:true, hasWccSupport:false, downloadAllowed:false [CONTEXT service_id=289 ]
10-23 14:55:36.741  1468  5212 W Dck     : Dck module not eligible for asynchronous downloading [CONTEXT service_id=289 ]
10-23 14:55:36.741  5175  5269 I CarrierServices: [52] bqbp.a: Initializing Carrier Services Logging.
10-23 14:55:36.743  5175  5296 I SnapshotHandler: Unable to retrieve flag snapshot for com.google.android.libraries.internal.growth.growthkit#com.google.android.apps.messaging, using defaults.
10-23 14:55:36.749  5175  5254 D WM-PackageManagerHelper: androidx.work.impl.background.systemjob.SystemJobService enabled
10-23 14:55:36.749  5175  5254 D WM-Schedulers: Created SystemJobScheduler and enabled SystemJobService
10-23 14:55:36.751  5175  5296 I GnpSdk  : GrowthKit is disabled by Phenotype flag.
10-23 14:55:36.770  3911  3911 D RootViewPicker: Root not ready - waiting: 10ms for one to appear.
10-23 14:55:36.782   524  2871 I ImeTracker: com.example.lunchtray:1393e571: onRequestHide at ORIGIN_SERVER_HIDE_INPUT reason HIDE_UNSPECIFIED_WINDOW
10-23 14:55:36.782   524  2871 I ImeTracker: com.example.lunchtray:1393e571: onCancelled at PHASE_SERVER_SHOULD_HIDE
10-23 14:55:36.783  1468  1468 D BoundBrokerSvc: onBind: Intent { act=com.google.android.gms.common.BIND_SHARED_PREFS pkg=com.google.android.gms }
10-23 14:55:36.783  1468  1468 D BoundBrokerSvc: Loading bound service for intent: Intent { act=com.google.android.gms.common.BIND_SHARED_PREFS pkg=com.google.android.gms }
10-23 14:55:36.784  1575  1575 I GoogleInputMethodService: GoogleInputMethodService.onFinishInput():3227
10-23 14:55:36.786  1575  1575 I GoogleInputMethodService: GoogleInputMethodService.updateDeviceLockedStatus():2087 repeatCheckTimes = 0, unlocked = true
10-23 14:55:36.786  1575  1575 I GoogleInputMethodService: GoogleInputMethodService.onStartInput():1877 onStartInput(EditorInfo{inputType=0x0(NULL) imeOptions=0x0 privateImeOptions=null actionName=UNSPECIFIED actionLabel=null actionId=0 initialSelStart=-1 initialSelEnd=-1 initialCapsMode=0x0 hintText=null label=null packageName=com.example.lunchtray fieldId=0 fieldName=null extras=null}, false)
10-23 14:55:36.786  1575  1575 I GoogleInputMethodService: GoogleInputMethodService.shouldHideHeaderOnInitialState():4008 ShouldHideHeaderOnInitialState = false
10-23 14:55:36.786  1575  1575 I GoogleInputMethodService: GoogleInputMethodService.updateDeviceLockedStatus():2087 repeatCheckTimes = 2, unlocked = true
10-23 14:55:36.794  1468  5212 I AlarmManager: set [name: ApiService type: 2 triggerAtMillis: 120000 windowMillis: -1 intervalMillis: 0]
10-23 14:55:36.802  5175  5275 D CompatibilityChangeReporter: Compat change id reported: 160794467; UID 10122; state: ENABLED
10-23 14:55:36.823  5175  5259 D CompatibilityChangeReporter: Compat change id reported: 194532703; UID 10122; state: ENABLED
10-23 14:55:36.823  5175  5259 D CompatibilityChangeReporter: Compat change id reported: 253665015; UID 10122; state: ENABLED
10-23 14:55:36.824  1468  1468 D BoundBrokerSvc: onUnbind: Intent { act=com.google.android.gms.common.BIND_SHARED_PREFS pkg=com.google.android.gms }
10-23 14:55:36.824  1468  1511 I constellation: [reboot_checker] Reboot Sync didn't run.
10-23 14:55:36.826  5175  5274 I BugleDataModel: DatabaseHelperUtils: insertSelfParticipant. participantId: 1, selfParticipantId: 1, subId: -1
10-23 14:55:36.839  1468  1468 D BoundBrokerSvc: onBind: Intent { act=com.google.android.gms.common.BIND_SHARED_PREFS pkg=com.google.android.gms }
10-23 14:55:36.839  1468  1468 D BoundBrokerSvc: Loading bound service for intent: Intent { act=com.google.android.gms.common.BIND_SHARED_PREFS pkg=com.google.android.gms }
10-23 14:55:36.844  1132  1166 I ImeTracker: com.google.android.apps.nexuslauncher:5bdd46f7: onRequestHide at ORIGIN_CLIENT_HIDE_SOFT_INPUT reason HIDE_SOFT_INPUT
10-23 14:55:36.848  1132  2137 D OneSearchSuggestProvider: Shut down the binder channel
10-23 14:55:36.851  2964  3350 I PBSessionCacheImpl: Deleted sessionId[13037507931822876] from persistence.
10-23 14:55:36.851  5175  5300 I GmsAccounts: GMSCore Auth returned 0 accounts.
10-23 14:55:36.851  5175  5300 I GmsAccounts: GoogleOwnersProvider returned 0 accounts.
10-23 14:55:36.853  1132  1152 I IPCThreadState: oneway function results for code 2 on binder at 0x7f98daee2f50 will be dropped but finished with status UNKNOWN_TRANSACTION
10-23 14:55:36.855  5210  5301 D CompatibilityChangeReporter: Compat change id reported: 183155436; UID 10124; state: ENABLED
10-23 14:55:36.866  2964  3265 W SearchServiceCore: Abort, client detached.
10-23 14:55:36.866  2964  3265 W SearchServiceCore: Abort, client detached.
10-23 14:55:36.866  2964  3265 W SearchServiceCore: Abort, client detached.
10-23 14:55:36.866  2964  3265 W SearchServiceCore: Abort, client detached.
10-23 14:55:36.866  2964  3265 W SearchServiceCore: Abort, client detached.
10-23 14:55:36.868  1468  1468 D BoundBrokerSvc: onUnbind: Intent { act=com.google.android.gms.common.BIND_SHARED_PREFS pkg=com.google.android.gms }
10-23 14:55:36.872  5175  5269 I LogSaver: LogSaver new instance with filename: carrier_services
10-23 14:55:36.874   524  2871 I ImeTracker: com.google.android.apps.nexuslauncher:5bdd46f7: onCancelled at PHASE_SERVER_CLIENT_FOCUSED
10-23 14:55:36.881  1468  1468 I WakefulBroadcastRcvr: Processing wakeful broadcast: com.google.android.gms.checkin.CHECKIN_START_ACTION
10-23 14:55:36.883  1468  3880 I SystemUpdate: [Execution,InstallationEventIntentOperation] Handling event of type 1.
10-23 14:55:36.890  5175  5269 I BugleBackup: Registering preference change listener for "bugle".
10-23 14:55:36.891  1468  1503 I GoogleSettingsUtils: Updating Android ID in Gservices [CONTEXT service_id=130 ]
10-23 14:55:36.896  5175  5275 D CompatibilityChangeReporter: Compat change id reported: 247079863; UID 10122; state: ENABLED
10-23 14:55:36.904  3911  3911 D LifecycleMonitor: Lifecycle status change: androidx.test.core.app.InstrumentationActivityInvoker$BootstrapActivity@1da89 in: STOPPED
10-23 14:55:36.905  3911  3911 V ActivityScenario: Activity lifecycle changed event received but ignored because the intent does not match. startActivityIntent=Intent { act=android.intent.action.MAIN cat=[android.intent.category.LAUNCHER] cmp=com.example.lunchtray/androidx.fragment.app.testing.FragmentScenario$EmptyFragmentActivity (has extras) }, activity.getIntent()=Intent { act=android.intent.action.MAIN cat=[android.intent.category.LAUNCHER] flg=0x10008000 cmp=com.example.lunchtray/androidx.test.core.app.InstrumentationActivityInvoker$BootstrapActivity (has extras) }, activity=androidx.test.core.app.InstrumentationActivityInvoker$BootstrapActivity@1da89
10-23 14:55:36.905  3911  3911 V ActivityScenario: Activity lifecycle changed event received but ignored because the intent does not match. startActivityIntent=Intent { act=android.intent.action.MAIN cat=[android.intent.category.LAUNCHER] cmp=com.example.lunchtray/androidx.fragment.app.testing.FragmentScenario$EmptyFragmentActivity (has extras) }, activity.getIntent()=Intent { act=android.intent.action.MAIN cat=[android.intent.category.LAUNCHER] flg=0x10008000 cmp=com.example.lunchtray/androidx.test.core.app.InstrumentationActivityInvoker$BootstrapActivity (has extras) }, activity=androidx.test.core.app.InstrumentationActivityInvoker$BootstrapActivity@1da89
10-23 14:55:36.893  1647  3658 D GservicesProvider: Update with URI content://com.google.android.gsf.gservices/main_diff
10-23 14:55:36.905  3911  3911 V ActivityScenario: Activity lifecycle changed event received but ignored because the intent does not match. startActivityIntent=Intent { act=android.intent.action.MAIN cat=[android.intent.category.LAUNCHER] cmp=com.example.lunchtray/androidx.fragment.app.testing.FragmentScenario$EmptyFragmentActivity (has extras) }, activity.getIntent()=Intent { act=android.intent.action.MAIN cat=[android.intent.category.LAUNCHER] flg=0x10008000 cmp=com.example.lunchtray/androidx.test.core.app.InstrumentationActivityInvoker$BootstrapActivity (has extras) }, activity=androidx.test.core.app.InstrumentationActivityInvoker$BootstrapActivity@1da89
10-23 14:55:36.905  1647  3658 E GservicesProvider: main difference update is no longer supported.
10-23 14:55:36.906  3911  3911 V ActivityScenario: Activity lifecycle changed event received but ignored because the intent does not match. startActivityIntent=Intent { act=android.intent.action.MAIN cat=[android.intent.category.LAUNCHER] cmp=com.example.lunchtray/androidx.fragment.app.testing.FragmentScenario$EmptyFragmentActivity (has extras) }, activity.getIntent()=Intent { act=android.intent.action.MAIN cat=[android.intent.category.LAUNCHER] flg=0x10008000 cmp=com.example.lunchtray/androidx.test.core.app.InstrumentationActivityInvoker$BootstrapActivity (has extras) }, activity=androidx.test.core.app.InstrumentationActivityInvoker$BootstrapActivity@1da89
10-23 14:55:36.906  3911  3911 V ActivityScenario: Activity lifecycle changed event received but ignored because the intent does not match. startActivityIntent=Intent { act=android.intent.action.MAIN cat=[android.intent.category.LAUNCHER] cmp=com.example.lunchtray/androidx.fragment.app.testing.FragmentScenario$EmptyFragmentActivity (has extras) }, activity.getIntent()=Intent { act=android.intent.action.MAIN cat=[android.intent.category.LAUNCHER] flg=0x10008000 cmp=com.example.lunchtray/androidx.test.core.app.InstrumentationActivityInvoker$BootstrapActivity (has extras) }, activity=androidx.test.core.app.InstrumentationActivityInvoker$BootstrapActivity@1da89
10-23 14:55:36.907  3911  3911 V ActivityScenario: Activity lifecycle changed event received but ignored because the intent does not match. startActivityIntent=Intent { act=android.intent.action.MAIN cat=[android.intent.category.LAUNCHER] cmp=com.example.lunchtray/androidx.fragment.app.testing.FragmentScenario$EmptyFragmentActivity (has extras) }, activity.getIntent()=Intent { act=android.intent.action.MAIN cat=[android.intent.category.LAUNCHER] flg=0x10008000 cmp=com.example.lunchtray/androidx.test.core.app.InstrumentationActivityInvoker$BootstrapActivity (has extras) }, activity=androidx.test.core.app.InstrumentationActivityInvoker$BootstrapActivity@1da89
10-23 14:55:36.908  5175  5275 W BugleRcs: couldn't get package info for carrier services package with name com.google.android.ims
10-23 14:55:36.909   524  2003 D ConnectivityService: requestNetwork for uid/pid:1000/524 asUid: 10122 activeRequest: null callbackRequest: 124 [NetworkRequest [ REQUEST id=125, [ Capabilities: INTERNET&NOT_RESTRICTED&TRUSTED&NOT_VCN_MANAGED Uid: 10122 RequestorUid: 1000 RequestorPkg: android UnderlyingNetworks: Null] ]] callback flags: 0 order: 2147483647
10-23 14:55:36.910  5175  5275 W BugleRcs: android.content.pm.PackageManager$NameNotFoundException: com.google.android.ims
10-23 14:55:36.910  5175  5275 W BugleRcs: 	at android.app.ApplicationPackageManager.getPackageInfoAsUser(ApplicationPackageManager.java:256)
10-23 14:55:36.910  5175  5275 W BugleRcs: 	at android.app.ApplicationPackageManager.getPackageInfo(ApplicationPackageManager.java:216)
10-23 14:55:36.910  5175  5275 W BugleRcs: 	at android.app.ApplicationPackageManager.getPackageInfo(ApplicationPackageManager.java:210)
10-23 14:55:36.910  5175  5275 W BugleRcs: 	at beuw.<init>(PG:6)
10-23 14:55:36.910  5175  5275 W BugleRcs: 	at beuw.a(PG:1)
10-23 14:55:36.910  5175  5275 W BugleRcs: 	at atgv.d(PG:5)
10-23 14:55:36.910  5175  5275 W BugleRcs: 	at aaqb.run(PG:2)
10-23 14:55:36.910  5175  5275 W BugleRcs: 	at cnpl.run(PG:1)
10-23 14:55:36.910  5175  5275 W BugleRcs: 	at java.util.concurrent.Executors$RunnableAdapter.call(Executors.java:487)
10-23 14:55:36.910  5175  5275 W BugleRcs: 	at ctfw.a(PG:1)
10-23 14:55:36.910  5175  5275 W BugleRcs: 	at ctet.run(PG:4)
10-23 14:55:36.910  5175  5275 W BugleRcs: 	at ctfx.run(PG:1)
10-23 14:55:36.910  5175  5275 W BugleRcs: 	at bxfd.run(PG:1)
10-23 14:55:36.910  5175  5275 W BugleRcs: 	at java.util.concurrent.ThreadPoolExecutor.runWorker(ThreadPoolExecutor.java:1145)
10-23 14:55:36.910  5175  5275 W BugleRcs: 	at java.util.concurrent.ThreadPoolExecutor$Worker.run(ThreadPoolExecutor.java:644)
10-23 14:55:36.910  5175  5275 W BugleRcs: 	at bxef.run(PG:2)
10-23 14:55:36.910  5175  5275 W BugleRcs: 	at java.lang.Thread.run(Thread.java:1012)
10-23 14:55:36.910  5175  5275 W BugleRcs: 	at bxfj.run(PG:5)
10-23 14:55:36.918  1468  3880 I SystemUpdate: [Execution,InstallationIntentOperation] Received intent: Intent { act=com.google.android.gms.update.INSTALL_UPDATE cat=[targeted_intent_op_prefix:.update.execution.InstallationIntentOperation] cmp=com.google.android.gms/.chimera.GmsIntentOperationService }.
10-23 14:55:36.920   524   790 D WifiNetworkFactory: got request NetworkRequest [ REQUEST id=125, [ Capabilities: INTERNET&NOT_RESTRICTED&TRUSTED&NOT_VCN_MANAGED Uid: 10122 RequestorUid: 1000 RequestorPkg: android UnderlyingNetworks: Null] ]
10-23 14:55:36.921   524   790 D UntrustedWifiNetworkFactory: got request NetworkRequest [ REQUEST id=125, [ Capabilities: INTERNET&NOT_RESTRICTED&TRUSTED&NOT_VCN_MANAGED Uid: 10122 RequestorUid: 1000 RequestorPkg: android UnderlyingNetworks: Null] ]
10-23 14:55:36.921   524   790 D OemPaidWifiNetworkFactory: got request NetworkRequest [ REQUEST id=125, [ Capabilities: INTERNET&NOT_RESTRICTED&TRUSTED&NOT_VCN_MANAGED Uid: 10122 RequestorUid: 1000 RequestorPkg: android UnderlyingNetworks: Null] ]
10-23 14:55:36.921   524   797 D ConnectivityService: NetReassign [125 : null  100] [c 3] [a 2] [i 6]
10-23 14:55:36.922   524   790 D MultiInternetWifiNetworkFactory: got request NetworkRequest [ REQUEST id=125, [ Capabilities: INTERNET&NOT_RESTRICTED&TRUSTED&NOT_VCN_MANAGED Uid: 10122 RequestorUid: 1000 RequestorPkg: android UnderlyingNetworks: Null] ]
10-23 14:55:36.923  5175  5275 I Bugle   : TelephonyManagerFactory: Returning per-subscription TelephonyManager (>= N) subscription{id:1}
10-23 14:55:36.934  3911  3911 I ViewInteraction: Performing 'single click' action on view view.getId() is <2131231216/com.example.lunchtray:id/submit_button>
10-23 14:55:36.953  5175  5274 I Bugle   : TelephonySyncManager: setting full sync. inProgress: true, before: false
10-23 14:55:36.956  5210  5301 D CompatibilityChangeReporter: Compat change id reported: 158482162; UID 10124; state: ENABLED
10-23 14:55:36.975  5175  5274 D CompatibilityChangeReporter: Compat change id reported: 183155436; UID 10122; state: ENABLED
10-23 14:55:36.975  5175  5274 I Bugle   : TelephonySyncManager: Starting full sync, reason: 7
10-23 14:55:36.976  5210  5304 I CAR.DRIVINGMODE: DrivingMode Settings Indexed from the location module
10-23 14:55:36.981  5210  5301 I SnapshotHandler: Unable to retrieve flag snapshot for com.google.android.gms.dtdi#com.google.android.gms, using defaults.
10-23 14:55:36.993   413  1029 D audioserver: FGS Logger Transaction failed
10-23 14:55:36.993   413  1029 D audioserver: -129
10-23 14:55:37.018  1348  1348 D BoundBrokerSvc: onBind: Intent { act=com.google.android.gms.instantapps.START pkg=com.google.android.gms }
10-23 14:55:37.018  1348  1348 D BoundBrokerSvc: Loading bound service for intent: Intent { act=com.google.android.gms.instantapps.START pkg=com.google.android.gms }
10-23 14:55:37.022  1468  3880 I SystemUpdate: [Control,InstallationControl] Installation progress updated to (0x000, -1.000).
10-23 14:55:37.034  5210  5304 D CompatibilityChangeReporter: Compat change id reported: 263076149; UID 10124; state: DISABLED
10-23 14:55:37.036  5175  5274 I SQLiteConnection: /data/user/0/com.google.android.apps.messaging/databases/bugle_db-wal 1190712 bytes: Bigger than 1048576; truncating
10-23 14:55:37.036  5175  5274 I Bugle   : DatabaseHelperBasic: sqlite version is 3.39.2
10-23 14:55:37.042  5210  5302 W SettingsIntentOperation: No accounts
10-23 14:55:37.061  5175  5275 I Bugle   : TelephonySyncManager: setting full sync. inProgress: true, before: true
10-23 14:55:37.062  5175  5275 I Bugle   : TelephonySyncManager: Starting full sync, reason: 2
10-23 14:55:37.068  5175  5275 D CompatibilityChangeReporter: Compat change id reported: 263076149; UID 10122; state: ENABLED
10-23 14:55:37.070  5210  5301 I Nearby  : is blocked device type false, isAuto=false, isIot=false, isLatchsky=false, isChinaWearable=false, isTv=false, isWearable=false (supportWearOs=false), isChromeOsDevice=false (supportChromeOs=false) [CONTEXT service_id=49 ]
10-23 14:55:37.083  1657  2676 I AiAiEcho: Settings changed for uri: content://settings/secure/autofill_user_data_max_category_count
10-23 14:55:37.090  1657  2067 I AiAiEcho: Predicting[0]:
10-23 14:55:37.090  1657  2067 I AiAiEcho: EchoTargets:
10-23 14:55:37.090  1657  2067 I AiAiEcho: Filtered by AiAi flag check:
10-23 14:55:37.090  1657  2067 I AiAiEcho: Ranked targets strategy: SORT, count: 0, ranking metadata:
10-23 14:55:37.090  1657  2067 I AiAiEcho: Predicting[0]:
10-23 14:55:37.091  1657  2067 I AiAiEcho: EchoTargets:
10-23 14:55:37.091  1657  2067 I AiAiEcho: Filtered by AiAi flag check:
10-23 14:55:37.091  1657  2067 I AiAiEcho: Ranked targets strategy: SORT, count: 0, ranking metadata:
10-23 14:55:37.092  1657  2067 I AiAiEcho: #postPredictionTargets: Sending updates to UISurface lockscreen with targets# 0 (types=[])
10-23 14:55:37.094  1657  2067 I AiAiEcho: #postPredictionTargets: Sending updates to UISurface home with targets# 0 (types=[])
10-23 14:55:37.097  1657  2676 I AiAiEcho: Settings changed for uri: content://settings/secure/autofill_user_data_max_category_count
10-23 14:55:37.097  1657  2067 I AiAiEcho: Predicting[0]:
10-23 14:55:37.097  1657  2067 I AiAiEcho: EchoTargets:
10-23 14:55:37.097  1657  2067 I AiAiEcho: Filtered by AiAi flag check:
10-23 14:55:37.097  1657  2067 I AiAiEcho: Ranked targets strategy: SORT, count: 0, ranking metadata:
10-23 14:55:37.098  1657  2067 I AiAiEcho: Predicting[0]:
10-23 14:55:37.099  1657  2067 I AiAiEcho: EchoTargets:
10-23 14:55:37.099  1657  2067 I AiAiEcho: Filtered by AiAi flag check:
10-23 14:55:37.099  1657  2067 I AiAiEcho: Ranked targets strategy: SORT, count: 0, ranking metadata:
10-23 14:55:37.100  1657  2067 I AiAiEcho: #postPredictionTargets: Sending updates to UISurface lockscreen with targets# 0 (types=[])
10-23 14:55:37.101  1657  2067 I AiAiEcho: #postPredictionTargets: Sending updates to UISurface home with targets# 0 (types=[])
10-23 14:55:37.105  1657  2676 I AiAiEcho: Settings changed for uri: content://settings/secure/config_update_certificate
10-23 14:55:37.108  1657  2067 I AiAiEcho: Predicting[0]:
10-23 14:55:37.108  1657  2067 I AiAiEcho: EchoTargets:
10-23 14:55:37.108  1657  2067 I AiAiEcho: Filtered by AiAi flag check:
10-23 14:55:37.108  1657  2067 I AiAiEcho: Ranked targets strategy: SORT, count: 0, ranking metadata:
10-23 14:55:37.109  1657  2067 I AiAiEcho: Predicting[0]:
10-23 14:55:37.109  1657  2067 I AiAiEcho: EchoTargets:
10-23 14:55:37.109  1657  2067 I AiAiEcho: Filtered by AiAi flag check:
10-23 14:55:37.109  1657  2067 I AiAiEcho: Ranked targets strategy: SORT, count: 0, ranking metadata:
10-23 14:55:37.109  1657  2067 I AiAiEcho: #postPredictionTargets: Sending updates to UISurface lockscreen with targets# 0 (types=[])
10-23 14:55:37.110  1657  2067 I AiAiEcho: #postPredictionTargets: Sending updates to UISurface home with targets# 0 (types=[])
10-23 14:55:37.130  5210  5309 I SnapshotHandler: Unable to retrieve flag snapshot for com.google.android.gms.personalsafety, using defaults.
10-23 14:55:37.137  5175  5253 I BugleDataModel: ForwardSyncBatchExecutor: Starting batch for messages. lowerBoundTimeMillis: -1, upperBoundTimeMillis: 1698072935976, maxMessagesToUpdate: 80, maxMessagesToScan: 4000, batchId: ae3d61ed-03e2-4f65-87bc-a662fb776cd0, syncId: 9e6738d4-03e8-489b-aa66-c388f7186460, bugle_conversation_matching: false, firstFullSyncStartTimestamp: 1698072935976, syncReason: 7
10-23 14:55:37.140  1657  2676 I AiAiEcho: Settings changed for uri: content://settings/secure/config_update_certificate
10-23 14:55:37.141  1657  2067 I AiAiEcho: Predicting[0]:
10-23 14:55:37.141  1657  2067 I AiAiEcho: EchoTargets:
10-23 14:55:37.141  1657  2067 I AiAiEcho: Filtered by AiAi flag check:
10-23 14:55:37.141  1657  2067 I AiAiEcho: Ranked targets strategy: SORT, count: 0, ranking metadata:
10-23 14:55:37.141  1657  2067 I AiAiEcho: Predicting[0]:
10-23 14:55:37.141  1657  2067 I AiAiEcho: EchoTargets:
10-23 14:55:37.141  1657  2067 I AiAiEcho: Filtered by AiAi flag check:
10-23 14:55:37.142  1657  2067 I AiAiEcho: Ranked targets strategy: SORT, count: 0, ranking metadata:
10-23 14:55:37.146  1657  2067 I AiAiEcho: #postPredictionTargets: Sending updates to UISurface lockscreen with targets# 0 (types=[])
10-23 14:55:37.147  1657  2067 I AiAiEcho: #postPredictionTargets: Sending updates to UISurface home with targets# 0 (types=[])
10-23 14:55:37.158   870   870 W PageIndicator: Total number of pages invalid: 0. Assuming 1 page.
10-23 14:55:37.166   413   476 D audioserver: FGS Logger Transaction failed
10-23 14:55:37.166   413   476 D audioserver: -129
10-23 14:55:37.169  1657  2676 I AiAiEcho: Settings changed for uri: content://settings/secure/print_service_search_uri
10-23 14:55:37.170  1657  2067 I AiAiEcho: Predicting[0]:
10-23 14:55:37.170  1657  2067 I AiAiEcho: EchoTargets:
10-23 14:55:37.170  1657  2067 I AiAiEcho: Filtered by AiAi flag check:
10-23 14:55:37.170  1657  2067 I AiAiEcho: Ranked targets strategy: SORT, count: 0, ranking metadata:
10-23 14:55:37.170  1657  2067 I AiAiEcho: Predicting[0]:
10-23 14:55:37.170  1657  2067 I AiAiEcho: EchoTargets:
10-23 14:55:37.170  1657  2067 I AiAiEcho: Filtered by AiAi flag check:
10-23 14:55:37.170  1657  2067 I AiAiEcho: Ranked targets strategy: SORT, count: 0, ranking metadata:
10-23 14:55:37.172  1657  2067 I AiAiEcho: #postPredictionTargets: Sending updates to UISurface lockscreen with targets# 0 (types=[])
10-23 14:55:37.174  1657  2067 I AiAiEcho: #postPredictionTargets: Sending updates to UISurface home with targets# 0 (types=[])
10-23 14:55:37.175  1657  2676 I AiAiEcho: Settings changed for uri: content://settings/secure/print_service_search_uri
10-23 14:55:37.176  1657  2067 I AiAiEcho: Predicting[0]:
10-23 14:55:37.176  1657  2067 I AiAiEcho: EchoTargets:
10-23 14:55:37.176  1657  2067 I AiAiEcho: Filtered by AiAi flag check:
10-23 14:55:37.176  1657  2067 I AiAiEcho: Ranked targets strategy: SORT, count: 0, ranking metadata:
10-23 14:55:37.177  1657  2067 I AiAiEcho: Predicting[0]:
10-23 14:55:37.177  1657  2067 I AiAiEcho: EchoTargets:
10-23 14:55:37.177  1657  2067 I AiAiEcho: Filtered by AiAi flag check:
10-23 14:55:37.177  1657  2067 I AiAiEcho: Ranked targets strategy: SORT, count: 0, ranking metadata:
10-23 14:55:37.178  1657  2067 I AiAiEcho: #postPredictionTargets: Sending updates to UISurface lockscreen with targets# 0 (types=[])
10-23 14:55:37.178  1348  1508 I TapAndPay: deviceSupportsHce has detected emulator [CONTEXT service_id=79 ]
10-23 14:55:37.178  1348  1508 I TapAndPay: Enabling TapAndPay HCE service [CONTEXT service_id=79 ]
10-23 14:55:37.179  1657  2067 I AiAiEcho: #postPredictionTargets: Sending updates to UISurface home with targets# 0 (types=[])
10-23 14:55:37.189  1348  1508 I TapAndPay: Enabling Google Pay [CONTEXT service_id=79 ]
10-23 14:55:37.190   870   870 W PageIndicator: Total number of pages invalid: 0. Assuming 1 page.
10-23 14:55:37.190   870   870 W PageIndicator: Total number of pages invalid: 0. Assuming 1 page.
10-23 14:55:37.190   870   870 W PageIndicator: Total number of pages invalid: 0. Assuming 1 page.
10-23 14:55:37.194   870   921 W WindowOnBackDispatcher: sendCancelIfRunning: isInProgress=falsecallback=android.view.ViewRootImpl$$ExternalSyntheticLambda17@b0248e1
10-23 14:55:37.196   870   870 W PageIndicator: Total number of pages invalid: 0. Assuming 1 page.
10-23 14:55:37.198   870   870 W PageIndicator: Total number of pages invalid: 0. Assuming 1 page.
10-23 14:55:37.200   524  2031 W InputManager-JNI: Input channel object 'e9666da Splash Screen com.example.lunchtray (client)' was disposed without first being removed with the input manager!
10-23 14:55:37.205  1348  1508 I TapAndPay: Initialize tapandpay [CONTEXT service_id=79 ]
10-23 14:55:37.205  1348  1508 I TapAndPay: deviceSupportsHce has detected emulator [CONTEXT service_id=79 ]
10-23 14:55:37.205  1348  1508 I TapAndPay: Enabling TapAndPay HCE service [CONTEXT service_id=79 ]
10-23 14:55:37.207  1657  2676 I AiAiEcho: Settings changed for uri: content://settings/secure/autofill_service_search_uri
10-23 14:55:37.208  1657  2067 I AiAiEcho: Predicting[0]:
10-23 14:55:37.208  1657  2067 I AiAiEcho: EchoTargets:
10-23 14:55:37.208  1657  2067 I AiAiEcho: Filtered by AiAi flag check:
10-23 14:55:37.208  1657  2067 I AiAiEcho: Ranked targets strategy: SORT, count: 0, ranking metadata:
10-23 14:55:37.209  1657  2067 I AiAiEcho: Predicting[0]:
10-23 14:55:37.209  1657  2067 I AiAiEcho: EchoTargets:
10-23 14:55:37.209  1657  2067 I AiAiEcho: Filtered by AiAi flag check:
10-23 14:55:37.209  1657  2067 I AiAiEcho: Ranked targets strategy: SORT, count: 0, ranking metadata:
10-23 14:55:37.211  1657  2067 I AiAiEcho: #postPredictionTargets: Sending updates to UISurface lockscreen with targets# 0 (types=[])
10-23 14:55:37.212  1657  2067 I AiAiEcho: #postPredictionTargets: Sending updates to UISurface home with targets# 0 (types=[])
10-23 14:55:37.212   870   870 W PageIndicator: Total number of pages invalid: 0. Assuming 1 page.
10-23 14:55:37.217  1657  2676 I AiAiEcho: Settings changed for uri: content://settings/secure/autofill_service_search_uri
10-23 14:55:37.218  1657  2067 I AiAiEcho: Predicting[0]:
10-23 14:55:37.218  1657  2067 I AiAiEcho: EchoTargets:
10-23 14:55:37.218  1657  2067 I AiAiEcho: Filtered by AiAi flag check:
10-23 14:55:37.218  1657  2067 I AiAiEcho: Ranked targets strategy: SORT, count: 0, ranking metadata:
10-23 14:55:37.219  1657  2067 I AiAiEcho: Predicting[0]:
10-23 14:55:37.219  1657  2067 I AiAiEcho: EchoTargets:
10-23 14:55:37.219  1657  2067 I AiAiEcho: Filtered by AiAi flag check:
10-23 14:55:37.219  1657  2067 I AiAiEcho: Ranked targets strategy: SORT, count: 0, ranking metadata:
10-23 14:55:37.221  1657  2067 I AiAiEcho: #postPredictionTargets: Sending updates to UISurface lockscreen with targets# 0 (types=[])
10-23 14:55:37.222  1657  2067 I AiAiEcho: #postPredictionTargets: Sending updates to UISurface home with targets# 0 (types=[])
10-23 14:55:37.233   871  1051 E RoleControllerServiceImpl: Default/fallback role holder package doesn't qualify for the role, package: com.google.android.gms.supervision, role: android.app.role.SYSTEM_SUPERVISION
10-23 14:55:37.236   871  1051 I Role    : com.google.android.gms not qualified for android.app.role.SYSTEM_CALL_STREAMING due to missing RequiredComponent{mIntentFilterData=IntentFilterData{mAction='android.telecom.CallStreamingService', mCategories='[]', mDataScheme='null', mDataType='null'}, mMinTargetSdkVersion=1, mFlags='0', mPermission='android.permission.BIND_CALL_STREAMING_SERVICE', mQueryFlags=0, mMetaData=[]}
10-23 14:55:37.236   871  1051 E RoleControllerServiceImpl: Default/fallback role holder package doesn't qualify for the role, package: com.google.android.gms, role: android.app.role.SYSTEM_CALL_STREAMING
10-23 14:55:37.238   870   870 W PageIndicator: Total number of pages invalid: 0. Assuming 1 page.
10-23 14:55:37.242  1657  2676 I AiAiEcho: Settings changed for uri: content://settings/secure/facelock_detection_threshold
10-23 14:55:37.244  1657  2067 I AiAiEcho: Predicting[0]:
10-23 14:55:37.245  1657  2067 I AiAiEcho: EchoTargets:
10-23 14:55:37.245  1657  2067 I AiAiEcho: Filtered by AiAi flag check:
10-23 14:55:37.246  1657  2067 I AiAiEcho: Ranked targets strategy: SORT, count: 0, ranking metadata:
10-23 14:55:37.247  1657  2067 I AiAiEcho: Predicting[0]:
10-23 14:55:37.247  1657  2067 I AiAiEcho: EchoTargets:
10-23 14:55:37.247  1657  2067 I AiAiEcho: Filtered by AiAi flag check:
10-23 14:55:37.247  1657  2067 I AiAiEcho: Ranked targets strategy: SORT, count: 0, ranking metadata:
10-23 14:55:37.248  1657  2067 I AiAiEcho: #postPredictionTargets: Sending updates to UISurface lockscreen with targets# 0 (types=[])
10-23 14:55:37.250  1657  2067 I AiAiEcho: #postPredictionTargets: Sending updates to UISurface home with targets# 0 (types=[])
10-23 14:55:37.250  1468  3880 I SystemUpdate: [Control,ReminderDialogControl] Screen-on dialog not enabled.
10-23 14:55:37.250  1468  3880 I SystemUpdate: [Control,DeviceControl] Requesting stop screen-on listening
10-23 14:55:37.251  1348  5131 I AlarmManager: set [name: SystemMemoryCache type: 2 triggerAtMillis: 315360077702 windowMillis: -1 intervalMillis: 0]
10-23 14:55:37.253  1657  2676 I AiAiEcho: Settings changed for uri: content://settings/secure/facelock_detection_threshold
10-23 14:55:37.254  1657  2067 I AiAiEcho: Predicting[0]:
10-23 14:55:37.254  1657  2067 I AiAiEcho: EchoTargets:
10-23 14:55:37.254  1657  2067 I AiAiEcho: Filtered by AiAi flag check:
10-23 14:55:37.254  1657  2067 I AiAiEcho: Ranked targets strategy: SORT, count: 0, ranking metadata:
10-23 14:55:37.255  1657  2067 I AiAiEcho: Predicting[0]:
10-23 14:55:37.255  1657  2067 I AiAiEcho: EchoTargets:
10-23 14:55:37.255  1657  2067 I AiAiEcho: Filtered by AiAi flag check:
10-23 14:55:37.258   871  1051 W Role    : Default holder doesn't have required signing certificate: com.google.android.apps.work.clouddpc:23962F4B43B9857638EA66F4D419518EAE282491ACDA4B94707BD59003C45E58
10-23 14:55:37.258  1657  2067 I AiAiEcho: Ranked targets strategy: SORT, count: 0, ranking metadata:
10-23 14:55:37.260  1657  2676 I AiAiEcho: Settings changed for uri: content://settings/secure/web_autofill_query_url
10-23 14:55:37.263  1657  2067 I AiAiEcho: #postPredictionTargets: Sending updates to UISurface lockscreen with targets# 0 (types=[])
10-23 14:55:37.265  1657  2067 I AiAiEcho: #postPredictionTargets: Sending updates to UISurface home with targets# 0 (types=[])
10-23 14:55:37.266  1657  2067 I AiAiEcho: Predicting[0]:
10-23 14:55:37.266  1657  2067 I AiAiEcho: EchoTargets:
10-23 14:55:37.266  1657  2067 I AiAiEcho: Filtered by AiAi flag check:
10-23 14:55:37.266  1657  2067 I AiAiEcho: Ranked targets strategy: SORT, count: 0, ranking metadata:
10-23 14:55:37.266  1657  2067 I AiAiEcho: Predicting[0]:
10-23 14:55:37.266  1657  2067 I AiAiEcho: EchoTargets:
10-23 14:55:37.266  1657  2067 I AiAiEcho: Filtered by AiAi flag check:
10-23 14:55:37.266  1657  2067 I AiAiEcho: Ranked targets strategy: SORT, count: 0, ranking metadata:
10-23 14:55:37.273  1657  2676 I AiAiEcho: Settings changed for uri: content://settings/secure/web_autofill_query_url
10-23 14:55:37.274  1348  5131 I TapAndPay: getInstance: new instance created [CONTEXT service_id=79 ]
10-23 14:55:37.277  1657  2067 I AiAiEcho: #postPredictionTargets: Sending updates to UISurface lockscreen with targets# 0 (types=[])
10-23 14:55:37.285  1657  2676 I AiAiEcho: Settings changed for uri: content://settings/secure/pubkey_blacklist
10-23 14:55:37.288  1089  1296 V MmsProvider: accessRestricted=false
10-23 14:55:37.289  1657  2067 I AiAiEcho: #postPredictionTargets: Sending updates to UISurface home with targets# 0 (types=[])
10-23 14:55:37.290  1657  2067 I AiAiEcho: Predicting[0]:
10-23 14:55:37.290  1657  2067 I AiAiEcho: EchoTargets:
10-23 14:55:37.290  1657  2067 I AiAiEcho: Filtered by AiAi flag check:
10-23 14:55:37.290  1657  2067 I AiAiEcho: Ranked targets strategy: SORT, count: 0, ranking metadata:
10-23 14:55:37.291  1657  2676 I AiAiEcho: Settings changed for uri: content://settings/secure/pubkey_blacklist
10-23 14:55:37.298  1657  2067 I AiAiEcho: Predicting[0]:
10-23 14:55:37.298  1657  2067 I AiAiEcho: EchoTargets:
10-23 14:55:37.298  1657  2067 I AiAiEcho: Filtered by AiAi flag check:
10-23 14:55:37.298  1657  2067 I AiAiEcho: Ranked targets strategy: SORT, count: 0, ranking metadata:
10-23 14:55:37.301   870   870 W PageIndicator: Total number of pages invalid: 0. Assuming 1 page.
10-23 14:55:37.301   870   870 W PageIndicator: Total number of pages invalid: 0. Assuming 1 page.
10-23 14:55:37.301   870   870 W PageIndicator: Total number of pages invalid: 0. Assuming 1 page.
10-23 14:55:37.309  1657  2067 I AiAiEcho: Predicting[0]:
10-23 14:55:37.309  1657  2067 I AiAiEcho: EchoTargets:
10-23 14:55:37.309  1657  2067 I AiAiEcho: Filtered by AiAi flag check:
10-23 14:55:37.311  1657  2067 I AiAiEcho: Ranked targets strategy: SORT, count: 0, ranking metadata:
10-23 14:55:37.314  1348  1348 I SystemUpdate: [Control,ChimeraSystemUpdatePersistentListenerService] Start (command: stop_listener, action: android.intent.action.SCREEN_ON, request ID: reminder
10-23 14:55:37.314  1348  1348 I SystemUpdate: [Control,ChimeraSystemUpdatePersistentListenerService] Got request (reminder) to unregister for action: android.intent.action.SCREEN_ON
10-23 14:55:37.314  1348  1348 I SystemUpdate: [Control,ChimeraSystemUpdatePersistentListenerService] Stopping ChimeraSystemUpdatePersistentListenerService
10-23 14:55:37.318  1657  2676 I AiAiEcho: Settings changed for uri: content://settings/secure/serial_blacklist
10-23 14:55:37.321  1657  2067 I AiAiEcho: Predicting[0]:
10-23 14:55:37.321  5175  5253 I ShortcutBadger: Checking if platform supports badge counters, attempt 1/3.
10-23 14:55:37.321  1657  2067 I AiAiEcho: EchoTargets:
10-23 14:55:37.321  1657  2067 I AiAiEcho: Filtered by AiAi flag check:
10-23 14:55:37.324  1657  2067 I AiAiEcho: Ranked targets strategy: SORT, count: 0, ranking metadata:
10-23 14:55:37.326  1657  2067 I AiAiEcho: Predicting[0]:
10-23 14:55:37.326  1657  2067 I AiAiEcho: EchoTargets:
10-23 14:55:37.326  1657  2067 I AiAiEcho: Filtered by AiAi flag check:
10-23 14:55:37.326  5175  5253 I ShortcutBadger: Checking if platform supports badge counters, attempt 2/3.
10-23 14:55:37.330  1657  2067 I AiAiEcho: Ranked targets strategy: SORT, count: 0, ranking metadata:
10-23 14:55:37.331  1657  2067 I AiAiEcho: Predicting[0]:
10-23 14:55:37.331  1657  2067 I AiAiEcho: EchoTargets:
10-23 14:55:37.331  1657  2067 I AiAiEcho: Filtered by AiAi flag check:
10-23 14:55:37.331  1657  2067 I AiAiEcho: Ranked targets strategy: SORT, count: 0, ranking metadata:
10-23 14:55:37.334  5175  5253 I ShortcutBadger: Checking if platform supports badge counters, attempt 3/3.
10-23 14:55:37.336  1657  2676 I AiAiEcho: Settings changed for uri: content://settings/secure/serial_blacklist
10-23 14:55:37.340   870   947 D EGL_emulation: app_time_stats: avg=30.26ms min=0.75ms max=137.94ms count=24
