10-23 14:55:20.256  3911  4165 I TestRunner: started: side_menu_item_content(com.example.lunchtray.MenuContentTests)
10-23 14:55:20.260  1657  1657 I AiAiEcho: AppFetcherImpl onPackageChanged com.android.settings.
10-23 14:55:20.262  3041  3665 I Finsky  : [53] mmt.a(87): Successfully fetched GL extensions.
10-23 14:55:20.269  1657  3692 I AiAiEcho: AppIndexer Package:[com.android.settings] UserProfile:[0] Enabled:[true].
10-23 14:55:20.272  1657  3692 I AiAiEcho: AppFetcherImplV2 updateApps package:[com.android.settings], userId:[0], reason:[package is updated.].
10-23 14:55:20.273  3041  3665 I Finsky  : [53] ste.r(1): getDownloads()
10-23 14:55:20.273  1468  1468 D BoundBrokerSvc: onUnbind: Intent { act=com.google.android.gms.gservices.START pkg=com.google.android.gms }
10-23 14:55:20.277  3911  4165 W Settings: Setting always_finish_activities has moved from android.provider.Settings.System to android.provider.Settings.Global, returning read-only value.
10-23 14:55:20.280  4000  4185 I Finsky:background: [52] mzs.h(1): getDownloads()
10-23 14:55:20.305  1348  1506 W bwft    : Succeeded but not registered: com.google.android.apps.search.transcription.device#com.google.android.googlequicksearchbox [CONTEXT service_id=51 ]
10-23 14:55:20.326  1348  1506 W bwft    : Succeeded but not registered: com.google.android.apps.search.transcription.uidevice#com.google.android.googlequicksearchbox [CONTEXT service_id=51 ]
10-23 14:55:20.331  4148  4148 D nativeloader: InitLlndkLibrariesProduct: libEGL.so:libGLESv1_CM.so:libGLESv2.so:libGLESv3.so:libRS.so:libandroid_net.so:libbinder_ndk.so:libc.so:libcgrouprc.so:libclang_rt.asan-x86_64-android.so:libcom.android.tethering.connectivity_native.so:libdl.so:libft2.so:liblog.so:libm.so:libmediandk.so:libnativewindow.so:libneuralnetworks.so:libselinux.so:libsync.so:libvndksupport.so:libvulkan.so
10-23 14:55:20.331  4148  4148 D nativeloader: Configuring product-clns-6 for unbundled product apk /product/priv-app/GoogleOneTimeInitializer/GoogleOneTimeInitializer.apk. target_sdk_version=34, uses_libraries=, library_path=/product/priv-app/GoogleOneTimeInitializer/lib/x86_64:/product/lib64:/system/product/lib64, permitted_path=/data:/mnt/expand:/data/user/0/com.google.android.onetimeinitializer:/product/lib64:/system/product/lib64
10-23 14:55:20.334  1348  1506 W bwft    : Succeeded but not registered: com.google.android.apps.search.webglide.user#com.google.android.googlequicksearchbox [CONTEXT service_id=51 ]
10-23 14:55:20.336  2964  3663 W TimedProcessReaper: Scheduling killing of process to refresh configuration
10-23 14:55:20.360  1657  2927 I AiAiCaptions: maybeDownloadModelAndUpdateComponents(): model set [en_US] is available to download.
10-23 14:55:20.360  3041  3687 I FirebaseApp: Device unlocked: initializing all Firebase APIs for app [DEFAULT]
10-23 14:55:20.370  4148  4148 D nativeloader: InitVndkspLibrariesProduct: android.hardware.common-V2-ndk.so:android.hardware.common.fmq-V1-ndk.so:android.hardware.graphics.allocator-V2-ndk.so:android.hardware.graphics.common-V4-ndk.so:android.hardware.graphics.common@1.0.so:android.hardware.graphics.common@1.1.so:android.hardware.graphics.common@1.2.so:android.hardware.graphics.composer3-V1-ndk.so:android.hardware.graphics.mapper@2.0.so:android.hardware.graphics.mapper@2.1.so:android.hardware.graphics.mapper@3.0.so:android.hardware.graphics.mapper@4.0.so:android.hardware.renderscript@1.0.so:android.hidl.memory.token@1.0.so:android.hidl.memory@1.0-impl.so:android.hidl.memory@1.0.so:android.hidl.safe_union@1.0.so:libRSCpuRef.so:libRSDriver.so:libRS_internal.so:libbase.so:libbcinfo.so:libblas.so:libc++.so:libcompiler_rt.so:libcutils.so:libdmabufheap.so:libgralloctypes.so:libhardware.so:libhidlbase.so:libhidlmemory.so:libion.so:libjsoncpp.so:liblzma.so:libprocessgroup.so:libunwindstack.so:libutils.so:libutilscallstack.so:libz.so
10-23 14:55:20.370  3041  4201 W DynamiteModule: Local module descriptor class for com.google.android.gms.measurement.dynamite not found.
10-23 14:55:20.379  3041  3687 I Finsky  : [60] ljo.call(73): Start requesting FCM Reg Id
10-23 14:55:20.382  3041  3687 I Finsky  : [60] afdn.apply(8): [PLUS] Adding payload
10-23 14:55:20.390  3041  4201 W ziparchive: Unable to open '/data/user_de/0/com.google.android.gms/app_chimera/m/00000002/DynamiteLoader.dm': No such file or directory
10-23 14:55:20.390  3041  4201 W ziparchive: Unable to open '/data/user_de/0/com.google.android.gms/app_chimera/m/00000002/DynamiteLoader.dm': No such file or directory
10-23 14:55:20.392  3041  3687 I Finsky  : [60] afdn.apply(8): [PLUS] Adding payload
10-23 14:55:20.394  3041  3687 I Finsky  : [60] afdn.apply(8): [PLUS] Adding payload
10-23 14:55:20.395  3041  3687 I Finsky  : [60] afdn.apply(8): [PLUS] Adding payload
10-23 14:55:20.397  3041  3687 I Finsky  : [60] afdn.apply(8): [PLUS] Adding payload
10-23 14:55:20.399  3041  3687 I Finsky  : [60] afdn.apply(8): [PLUS] Adding payload
10-23 14:55:20.399  3041  3687 I Finsky  : [60] afdn.apply(8): [PLUS] Adding payload
10-23 14:55:20.400  3041  3687 I Finsky  : [60] afdn.apply(8): [PLUS] Adding payload
10-23 14:55:20.400  3041  3687 I Finsky  : [60] afdn.apply(8): [PLUS] Adding payload
10-23 14:55:20.400  3041  4201 I DynamiteModule: Considering local module com.google.android.gms.measurement.dynamite:0 and remote module com.google.android.gms.measurement.dynamite:90
10-23 14:55:20.400  3041  4201 I DynamiteModule: Selected remote version of com.google.android.gms.measurement.dynamite, version >= 90
10-23 14:55:20.400  3041  3687 I Finsky  : [60] afdn.apply(8): [PLUS] Adding payload
10-23 14:55:20.400  3041  3687 I Finsky  : [60] afdn.apply(8): [PLUS] Adding payload
10-23 14:55:20.401  3041  3687 I Finsky  : [60] afdn.apply(8): [PLUS] Adding payload
10-23 14:55:20.401  3041  3687 I Finsky  : [60] afdn.apply(8): [PLUS] Adding payload
10-23 14:55:20.401  3041  3687 I Finsky  : [60] afdn.apply(8): [PLUS] Adding payload
10-23 14:55:20.406  3041  3687 I Finsky  : [60] adii.n(10): [PLUS] Triggering sync due to NOW_EXCLUSIVE urgency payload
10-23 14:55:20.413  1657  2172 I SP.AiAi : Registering captions_i18n_v0_background.20210623, url: https://storage.googleapis.com/captions/captions_i18n_v0_20210623_manifest.json, constraints: W:b:u:l, flags: bg, requested: 20210623, current: -1
10-23 14:55:20.415  3041  3041 I Finsky  : [2] AdIdListener.onCreate(3): AdId refresh
10-23 14:55:20.418  3041  3686 I Finsky  : [59] afjf.a(1): [PLUS] Syncing for users with urgency above: NOW_EXCLUSIVE
10-23 14:55:20.418  3041  3686 E Finsky  : [59] laf.a(5): Unexpected android-id = 0
10-23 14:55:20.418  1089  1331 D ImsResolver: maybeAddedImsService, packageName: com.example.lunchtray
10-23 14:55:20.436  1089  1089 D CarrierSvcBindHelper: onPackageModified: com.example.lunchtray
10-23 14:55:20.437  1468  3866 I SnapshotHandler: Unable to retrieve flag snapshot for com.google.android.gms.phenotype, using defaults.
10-23 14:55:20.443  3041  3686 E Finsky  : [59] xsj.a(7): [PLUS] Failed to trigger NOW_EXCLUSIVE urgency sync
10-23 14:55:20.443  3041  3686 E Finsky  : java.lang.IllegalStateException: Cannot sync with 0 Android ID
10-23 14:55:20.443  3041  3686 E Finsky  : 	at afjf.a(PG:9)
10-23 14:55:20.443  3041  3686 E Finsky  : 	at ysh.a(PG:5)
10-23 14:55:20.443  3041  3686 E Finsky  : 	at aonf.e(PG:2)
10-23 14:55:20.443  3041  3686 E Finsky  : 	at aonh.run(PG:9)
10-23 14:55:20.443  3041  3686 E Finsky  : 	at java.util.concurrent.ThreadPoolExecutor.runWorker(ThreadPoolExecutor.java:1145)
10-23 14:55:20.443  3041  3686 E Finsky  : 	at java.util.concurrent.ThreadPoolExecutor$Worker.run(ThreadPoolExecutor.java:644)
10-23 14:55:20.443  3041  3686 E Finsky  : 	at nft.run(PG:17)
10-23 14:55:20.443  3041  3686 E Finsky  : 	at java.lang.Thread.run(Thread.java:1012)
10-23 14:55:20.444  3041  3686 E Finsky  : [59] mmp.a(37): [DeviceConfig] failed to update device attribute payloads
10-23 14:55:20.444  3041  3686 E Finsky  : java.lang.IllegalStateException: Cannot sync with 0 Android ID
10-23 14:55:20.444  3041  3686 E Finsky  : 	at afjf.a(PG:9)
10-23 14:55:20.444  3041  3686 E Finsky  : 	at ysh.a(PG:5)
10-23 14:55:20.444  3041  3686 E Finsky  : 	at aonf.e(PG:2)
10-23 14:55:20.444  3041  3686 E Finsky  : 	at aonh.run(PG:9)
10-23 14:55:20.444  3041  3686 E Finsky  : 	at java.util.concurrent.ThreadPoolExecutor.runWorker(ThreadPoolExecutor.java:1145)
10-23 14:55:20.444  3041  3686 E Finsky  : 	at java.util.concurrent.ThreadPoolExecutor$Worker.run(ThreadPoolExecutor.java:644)
10-23 14:55:20.444  3041  3686 E Finsky  : 	at nft.run(PG:17)
10-23 14:55:20.444  3041  3686 E Finsky  : 	at java.lang.Thread.run(Thread.java:1012)
10-23 14:55:20.448  3041  3041 I Finsky  : [2] zwc.a(2): Requesting device config token failed when fetching experiments.
10-23 14:55:20.448  3041  3436 E Finsky  : [45] lsh.run(68): Upload device configuration failed
10-23 14:55:20.451  1089  1089 D CarrierSvcBindHelper: No carrier app for: 0
10-23 14:55:20.456  3041  4201 W ziparchive: Unable to open '/data/user_de/0/com.google.android.gms/app_chimera/m/00000007/MeasurementDynamite.dm': No such file or directory
10-23 14:55:20.456  3041  4201 W ziparchive: Unable to open '/data/user_de/0/com.google.android.gms/app_chimera/m/00000007/MeasurementDynamite.dm': No such file or directory
10-23 14:55:20.458  4148  4148 V GraphicsEnvironment: Currently set values for:
10-23 14:55:20.459  4148  4148 V GraphicsEnvironment:   angle_gl_driver_selection_pkgs=[]
10-23 14:55:20.459  4148  4148 V GraphicsEnvironment:   angle_gl_driver_selection_values=[]
10-23 14:55:20.459  4148  4148 V GraphicsEnvironment: ANGLE GameManagerService for com.google.android.onetimeinitializer: false
10-23 14:55:20.459  4148  4148 V GraphicsEnvironment: com.google.android.onetimeinitializer is not listed in per-application setting
10-23 14:55:20.459  4148  4148 V GraphicsEnvironment: Neither updatable production driver nor prerelease driver is supported.
10-23 14:55:20.464   524  1731 I RemoteProvisionSysSvc: getRegistration(android.hardware.security.keymint.IRemotelyProvisionedComponent/default)
10-23 14:55:20.465  1348  3390 W ChimeraUtils: Module com.google.android.gms.nearby_en missing resource null(0)
10-23 14:55:20.475  1348  3946 I AlarmManager: set [name: SystemMemoryCache type: 2 triggerAtMillis: 315360060926 windowMillis: -1 intervalMillis: 0]
10-23 14:55:20.481  1657  2172 I SP.AiAi : Scheduling job with delay of 0s for {W:b:u:l, bg}, 1 candidates
10-23 14:55:20.493  1058  1058 V MediaPlayerList: mPackageChangedBroadcastReceiver: action: android.intent.action.PACKAGE_CHANGED
10-23 14:55:20.493  1058  1058 V MediaPlayerList: mPackageChangedBroadcastReceiver: action: android.intent.action.PACKAGE_CHANGED
10-23 14:55:20.494  1058  1058 V MediaPlayerList: mPackageChangedBroadcastReceiver: action: android.intent.action.PACKAGE_CHANGED
10-23 14:55:20.494  1058  1058 V MediaPlayerList: mPackageChangedBroadcastReceiver: action: android.intent.action.PACKAGE_CHANGED
10-23 14:55:20.494  1058  1058 V MediaPlayerList: mPackageChangedBroadcastReceiver: action: android.intent.action.PACKAGE_CHANGED
10-23 14:55:20.494  1058  1058 V MediaPlayerList: mPackageChangedBroadcastReceiver: action: android.intent.action.PACKAGE_CHANGED
10-23 14:55:20.494  1058  1058 V MediaPlayerList: mPackageChangedBroadcastReceiver: action: android.intent.action.PACKAGE_CHANGED
10-23 14:55:20.494  1058  1058 V MediaPlayerList: mPackageChangedBroadcastReceiver: action: android.intent.action.PACKAGE_CHANGED
10-23 14:55:20.494  1058  1058 V MediaPlayerList: mPackageChangedBroadcastReceiver: action: android.intent.action.PACKAGE_CHANGED
10-23 14:55:20.494  1058  1058 V MediaPlayerList: mPackageChangedBroadcastReceiver: action: android.intent.action.PACKAGE_CHANGED
10-23 14:55:20.495  1348  1348 D BoundBrokerSvc: onBind: Intent { act=com.google.android.gms.cast.firstparty.START dat=chimera-action:/... cmp=com.google.android.gms/.chimera.PersistentApiService }
10-23 14:55:20.495  1348  1348 D BoundBrokerSvc: Loading bound service for intent: Intent { act=com.google.android.gms.cast.firstparty.START dat=chimera-action:/... cmp=com.google.android.gms/.chimera.PersistentApiService }
10-23 14:55:20.495  1058  1058 V MediaPlayerList: mPackageChangedBroadcastReceiver: action: android.intent.action.PACKAGE_CHANGED
10-23 14:55:20.495  1058  1058 V MediaPlayerList: mPackageChangedBroadcastReceiver: action: android.intent.action.PACKAGE_CHANGED
10-23 14:55:20.495  1058  1058 V MediaPlayerList: mPackageChangedBroadcastReceiver: action: android.intent.action.PACKAGE_CHANGED
10-23 14:55:20.495  1058  1058 V MediaPlayerList: mPackageChangedBroadcastReceiver: action: android.intent.action.PACKAGE_CHANGED
10-23 14:55:20.495  1058  1058 V MediaPlayerList: mPackageChangedBroadcastReceiver: action: android.intent.action.PACKAGE_CHANGED
10-23 14:55:20.495  1058  1058 V MediaPlayerList: mPackageChangedBroadcastReceiver: action: android.intent.action.PACKAGE_CHANGED
10-23 14:55:20.501  1657  1657 I AiAiEcho: AppFetcherImpl onPackageChanged com.android.systemui.
10-23 14:55:20.506   524   614 I RoleService: Granting default roles...
10-23 14:55:20.510  1468  3866 D libEGL  : loaded /vendor/lib64/egl/libEGL_emulation.so
10-23 14:55:20.512  1468  3866 D libEGL  : loaded /vendor/lib64/egl/libGLESv1_CM_emulation.so
10-23 14:55:20.516   524   624 I InputReader: Reconfiguring input devices, changes=KEYBOARD_LAYOUTS
10-23 14:55:20.520   524   624 I InputReader: Reconfiguring input devices, changes=KEYBOARD_LAYOUTS
10-23 14:55:20.526  3041  3919 I Finsky  : [86] ptr.run(3): Installer: Installer starting
10-23 14:55:20.526   870   870 D ControlsListingControllerImpl: ServiceConfig reloaded, count: 0
10-23 14:55:20.529  4148  4148 V OneTimeInitializerReceiver: OneTimeInitializerReceiver.onReceive
10-23 14:55:20.531  3041  3919 I Finsky  : [86] ptr.run(6): Installer: Installer started
10-23 14:55:20.532  1657  3689 I AiAiEcho: AppIndexer Package:[com.android.systemui] UserProfile:[0] Enabled:[true].
10-23 14:55:20.532  1657  3689 I AiAiEcho: AppFetcherImplV2 updateApps package:[com.android.systemui], userId:[0], reason:[package is updated.].
10-23 14:55:20.535  2993  3011 I id.gms.unstable: Background concurrent copying GC freed 9938(533KB) AllocSpace objects, 13(6636KB) LOS objects, 49% free, 2923KB/5846KB, paused 16us,8us total 356.672ms
10-23 14:55:20.537  3041  4201 W DynamiteModule: Local module descriptor class for com.google.android.gms.measurement.dynamite not found.
10-23 14:55:20.537  2993  4193 I id.gms.unstable: WaitForGcToComplete blocked ClassLinker on Background for 350.648ms
10-23 14:55:20.539  1348  1360 I .gms.persistent: Background young concurrent copying GC freed 157453(7653KB) AllocSpace objects, 48(3168KB) LOS objects, 13% free, 17MB/20MB, paused 24.096ms,10.138ms total 2.307s
10-23 14:55:20.543  4148  4224 V OneTimeInitializer: OneTimeInitializer.initialize
10-23 14:55:20.543  1348  3332 I HeterodyneSyncer: Removed 0 invalid users [CONTEXT service_id=51 ]
10-23 14:55:20.545  2993  4193 W id.gms.unstable: Accessing hidden method Ljava/util/Random;->internalNextDouble(DD)D (max-target-o, linking, denied)
10-23 14:55:20.545  2993  4193 W id.gms.unstable: Accessing hidden method Ljava/util/Random;->internalNextDouble(DD)D (max-target-o, linking, denied)
10-23 14:55:20.545  2993  4193 W id.gms.unstable: Accessing hidden method Ljava/util/Random;->internalNextInt(II)I (max-target-o, linking, denied)
10-23 14:55:20.545  2993  4193 W id.gms.unstable: Accessing hidden method Ljava/util/Random;->internalNextInt(II)I (max-target-o, linking, denied)
10-23 14:55:20.545  2993  4193 W id.gms.unstable: Accessing hidden method Ljava/util/Random;->internalNextLong(JJ)J (max-target-o, linking, denied)
10-23 14:55:20.545  2993  4193 W id.gms.unstable: Accessing hidden method Ljava/util/Random;->internalNextLong(JJ)J (max-target-o, linking, denied)
10-23 14:55:20.547  3041  4214 D TrafficStats: tagSocket(111) with statsTag=0x8001, statsUid=-1
10-23 14:55:20.559  1468  3697 I Icing   : Version not set, assuming clear data.
10-23 14:55:20.559  1468  3697 I Icing   : Clearing storage
10-23 14:55:20.561  1468  3866 D libEGL  : loaded /vendor/lib64/egl/libGLESv2_emulation.so
10-23 14:55:20.563  1468  3697 I Icing   : Clearing CorpusMap, ClientRegistry, Setting
10-23 14:55:20.590  1089  1331 D ImsResolver: maybeAddedImsService, packageName: com.example.lunchtray
10-23 14:55:20.594   351   351 D Zygote  : Forked child process 4228
10-23 14:55:20.600  1089  1126 E DatabaseUtils: Writing exception to parcel
10-23 14:55:20.600  1089  1126 E DatabaseUtils: java.lang.SecurityException: No permission to access APN settings
10-23 14:55:20.600  1089  1126 E DatabaseUtils: 	at com.android.providers.telephony.TelephonyProvider.checkPermissionForApnTable(TelephonyProvider.java:5112)
10-23 14:55:20.600  1089  1126 E DatabaseUtils: 	at com.android.providers.telephony.TelephonyProvider.checkPermission(TelephonyProvider.java:5084)
10-23 14:55:20.600  1089  1126 E DatabaseUtils: 	at com.android.providers.telephony.TelephonyProvider.checkPermissionCompat(TelephonyProvider.java:5129)
10-23 14:55:20.600  1089  1126 E DatabaseUtils: 	at com.android.providers.telephony.TelephonyProvider.query(TelephonyProvider.java:3929)
10-23 14:55:20.600  1089  1126 E DatabaseUtils: 	at android.content.ContentProvider.query(ContentProvider.java:1596)
10-23 14:55:20.600  1089  1126 E DatabaseUtils: 	at android.content.ContentProvider.query(ContentProvider.java:1692)
10-23 14:55:20.600  1089  1126 E DatabaseUtils: 	at android.content.ContentProvider$Transport.query(ContentProvider.java:292)
10-23 14:55:20.600  1089  1126 E DatabaseUtils: 	at android.content.ContentProviderNative.onTransact(ContentProviderNative.java:107)
10-23 14:55:20.600  1089  1126 E DatabaseUtils: 	at android.os.Binder.execTransactInternal(Binder.java:1339)
10-23 14:55:20.600  1089  1126 E DatabaseUtils: 	at android.os.Binder.execTransact(Binder.java:1275)
10-23 14:55:20.602  3041  3436 W Finsky  : [45] lms.a(24): Failed to read APN: java.lang.SecurityException: No permission to access APN settings
10-23 14:55:20.609  3041  3429 I Finsky  : [44] vwx.h(1): Triggered update for experiment package com.google.android.finsky.stable.
10-23 14:55:20.613   871   903 I PermissionControllerServiceImpl: Updating user sensitive for uid 10123
10-23 14:55:20.617   871   903 I PermissionControllerServiceImpl: Updating user sensitive for uid 10121
10-23 14:55:20.622  4148  4224 V OneTimeInitializer: Device Policy is not installed, doing nothing.
10-23 14:55:20.629  3911  4165 D CompatibilityChangeReporter: Compat change id reported: 160794467; UID 10183; state: ENABLED
10-23 14:55:20.633   871   903 I PermissionControllerServiceImpl: Updating user sensitive for uid 10146
10-23 14:55:20.637  1657  2172 I SP.AiAi : Scheduling: download registered, 0 started, 0 paused, 1 scheduled, 2 pending: manifests:spelling_correction-22110320 {W:b:I:l, bg}, manifests:captions_i18n_v0_background-20210623 * {W:b:u:l, bg}
10-23 14:55:20.638  4228  4228 I android.rkpdapp: Using CollectorTypeCC GC.
10-23 14:55:20.640  4228  4228 W android.rkpdapp: Unexpected CPU variant for x86: x86_64.
10-23 14:55:20.640  4228  4228 W android.rkpdapp: Known variants: atom, sandybridge, silvermont, goldmont, goldmont-plus, tremont, kabylake, default
10-23 14:55:20.644  1348  1362 W System  : A resource failed to call close.
10-23 14:55:20.645  3041  4229 E PhenotypeCombinedFlags: Config package com.google.android.gms.phenotype cannot use PROCESS_STABLE backing without declarative registration. See go/phenotype-android-integration#phenotype for more information. This will lead to stale flags.
10-23 14:55:20.650  4228  4228 E android.rkpdapp: Not starting debugger since process cannot load the jdwp agent.
10-23 14:55:20.652  3041  3436 I SnapshotHandler: Unable to retrieve flag snapshot for com.google.android.gms.phenotype, using defaults.
10-23 14:55:20.655  3041  4229 E PhenotypeCombinedFlags: Config package com.google.android.gms.phenotype cannot use PROCESS_STABLE backing without declarative registration. See go/phenotype-android-integration#phenotype for more information. This will lead to stale flags.
10-23 14:55:20.661  1575  1950 I SuperDelight: SuperDelightMergingStrategy.merge():55 SuperDelightMergingStrategy#merge(): selected[[]] synced[[main_en_us_2022101700_1]]
10-23 14:55:20.661  3041  4229 E PhenotypeCombinedFlags: Config package com.google.android.gms.phenotype cannot use PROCESS_STABLE backing without declarative registration. See go/phenotype-android-integration#phenotype for more information. This will lead to stale flags.
10-23 14:55:20.678  1575  1950 I SP      : Sync for delight succeeded in 8405 ms: {added: [main_en_us_2022101700_1], metadata: false
10-23 14:55:20.682  2964  3301 I GsaConfigFlagsSyncer: Flags not sync'ed yet, syncing.
10-23 14:55:20.693   870   870 D ControlsListingControllerImpl: ServiceConfig reloaded, count: 0
10-23 14:55:20.704   524   624 I InputReader: Reconfiguring input devices, changes=KEYBOARD_LAYOUTS
10-23 14:55:20.720  3041  3041 I Finsky  : [2] qde.S(5): Installer: found apps to install. apps=[]
10-23 14:55:20.722  3123  3139 I hbox:interactor: Background concurrent copying GC freed 179288(11MB) AllocSpace objects, 7(140KB) LOS objects, 49% free, 5129KB/10MB, paused 44us,9us total 466.551ms
10-23 14:55:20.732  1575  1950 I SP      : GC for 'delight' (10) with ttl of 0 ms took 0 ms (0/0/0)
10-23 14:55:20.735  1575  1638 I SuperDelight: SuperDelightManager$2.onSuccess():635 delight sync success, adding to data file manager
10-23 14:55:20.735  1575  1638 I DataFileManager: DataFileManager.addDataWithoutNotify():166 adding data en-US delight
10-23 14:55:20.741  3041  4244 I Finsky  : [128] AdIdListener.a(2): AdId change: id (hash)=1060878489 limit=false
10-23 14:55:20.750  3041  4229 E PhenotypeCombinedFlags: Config package com.google.android.gms.phenotype cannot use PROCESS_STABLE backing without declarative registration. See go/phenotype-android-integration#phenotype for more information. This will lead to stale flags.
10-23 14:55:20.751  3041  4229 E PhenotypeCombinedFlags: Config package com.google.android.gms.phenotype cannot use PROCESS_STABLE backing without declarative registration. See go/phenotype-android-integration#phenotype for more information. This will lead to stale flags.
10-23 14:55:20.754  3041  4229 E PhenotypeCombinedFlags: Config package com.google.android.gms.phenotype cannot use PROCESS_STABLE backing without declarative registration. See go/phenotype-android-integration#phenotype for more information. This will lead to stale flags.
10-23 14:55:20.759  3412  3565 I SnapshotHandler: Unable to retrieve flag snapshot for com.google.android.libraries.performance.primes#com.google.android.dialer, using defaults.
10-23 14:55:20.774  3041  4229 E PhenotypeCombinedFlags: Config package com.google.android.gms.phenotype cannot use PROCESS_STABLE backing without declarative registration. See go/phenotype-android-integration#phenotype for more information. This will lead to stale flags.
10-23 14:55:20.774  3041  4229 E PhenotypeCombinedFlags: Config package com.google.android.gms.phenotype cannot use PROCESS_STABLE backing without declarative registration. See go/phenotype-android-integration#phenotype for more information. This will lead to stale flags.
10-23 14:55:20.832   416   416 I BpBinder: onLastStrongRef automatically unlinking death recipients:
10-23 14:55:20.835  3041  4229 E PhenotypeCombinedFlags: Config package com.google.android.gms.phenotype cannot use PROCESS_STABLE backing without declarative registration. See go/phenotype-android-integration#phenotype for more information. This will lead to stale flags.
10-23 14:55:20.844  1348  3390 W ChimeraUtils: Module com.google.android.gms.nearby_en missing resource null(0)
10-23 14:55:20.867  1468  1468 D BoundBrokerSvc: onUnbind: Intent { act=com.google.android.gms.feedback.internal.IFeedbackService pkg=com.google.android.gms }
10-23 14:55:20.867  3041  3436 D ExperimentTokensCache: Clearing ExperimentTokensCache
10-23 14:55:20.869   870   947 E OpenGLRenderer: Unable to match the desired swap behavior.
10-23 14:55:20.871  3041  3436 I HeterodyneSyncer: Removed 0 invalid users
10-23 14:55:20.871  3041  4229 E PhenotypeCombinedFlags: Config package com.google.android.gms.phenotype cannot use PROCESS_STABLE backing without declarative registration. See go/phenotype-android-integration#phenotype for more information. This will lead to stale flags.
10-23 14:55:20.873  1657  2249 W AiAiAutofill: Failed to set whitelist for augmented autofill service.
10-23 14:55:20.873  1657  2249 W AiAiAutofill: java.lang.SecurityException: caller is not user's Augmented Autofill Service
10-23 14:55:20.873  1657  2249 W AiAiAutofill: 	at android.view.autofill.AutofillManager.setAugmentedAutofillWhitelist(AutofillManager.java:2676)
10-23 14:55:20.873  1657  2249 W AiAiAutofill: 	at cjj.c(PG:7)
10-23 14:55:20.873  1657  2249 W AiAiAutofill: 	at cju.g(PG:8)
10-23 14:55:20.873  1657  2249 W AiAiAutofill: 	at cju.i(Unknown Source:3)
10-23 14:55:20.873  1657  2249 W AiAiAutofill: 	at cju.h(PG:2)
10-23 14:55:20.873  1657  2249 W AiAiAutofill: 	at cjv.a(PG:3)
10-23 14:55:20.873  1657  2249 W AiAiAutofill: 	at dgq.run(PG:41)
10-23 14:55:20.873  1657  2249 W AiAiAutofill: 	at dgq.run(PG:69)
10-23 14:55:20.873  1657  2249 W AiAiAutofill: 	at java.util.concurrent.Executors$RunnableAdapter.call(Executors.java:487)
10-23 14:55:20.873  1657  2249 W AiAiAutofill: 	at java.util.concurrent.FutureTask.run(FutureTask.java:264)
10-23 14:55:20.873  1657  2249 W AiAiAutofill: 	at java.util.concurrent.ScheduledThreadPoolExecutor$ScheduledFutureTask.run(ScheduledThreadPoolExecutor.java:307)
10-23 14:55:20.873  1657  2249 W AiAiAutofill: 	at java.util.concurrent.ThreadPoolExecutor.runWorker(ThreadPoolExecutor.java:1145)
10-23 14:55:20.873  1657  2249 W AiAiAutofill: 	at java.util.concurrent.ThreadPoolExecutor$Worker.run(ThreadPoolExecutor.java:644)
10-23 14:55:20.873  1657  2249 W AiAiAutofill: 	at dgq.run(PG:67)
10-23 14:55:20.873  1657  2249 W AiAiAutofill: 	at java.lang.Thread.run(Thread.java:1012)
10-23 14:55:20.873  1468  1468 D BoundBrokerSvc: onBind: Intent { act=com.google.android.gms.common.BIND_SHARED_PREFS pkg=com.google.android.gms }
10-23 14:55:20.873  1468  1468 D BoundBrokerSvc: Loading bound service for intent: Intent { act=com.google.android.gms.common.BIND_SHARED_PREFS pkg=com.google.android.gms }
10-23 14:55:20.874  4228  4228 D CompatibilityChangeReporter: Compat change id reported: 171979766; UID 10168; state: ENABLED
10-23 14:55:20.874  4228  4228 D CompatibilityChangeReporter: Compat change id reported: 242716250; UID 10168; state: ENABLED
10-23 14:55:20.889   871   903 I PermissionControllerServiceImpl: Updating user sensitive for uid 10112
10-23 14:55:20.890  3041  3436 E Finsky  : [45] laf.a(5): Unexpected android-id = 0
10-23 14:55:20.897   870   870 D ControlsListingControllerImpl: ServiceConfig reloaded, count: 0
10-23 14:55:20.902  1348  1348 I NearbyDiscovery: DiscoveryService created [CONTEXT service_id=265 ]
10-23 14:55:20.907   351   351 D Zygote  : Forked child process 4257
10-23 14:55:20.915   870   870 D PowerNotificationWarningsGoogleImpl: onReceive: android.intent.action.BOOT_COMPLETED
10-23 14:55:20.915   870   870 D IncompatibleChargerNotification: dispatchIntent: android.intent.action.BOOT_COMPLETED
10-23 14:55:20.921  1132  1972 D EGL_emulation: app_time_stats: avg=196.09ms min=3.82ms max=931.83ms count=5
10-23 14:55:20.928  3911  3911 D LifecycleMonitor: Lifecycle status change: androidx.test.core.app.InstrumentationActivityInvoker$BootstrapActivity@4aabded in: PRE_ON_CREATE
10-23 14:55:20.930  3911  3911 V ActivityScenario: Activity lifecycle changed event received but ignored because the intent does not match. startActivityIntent=Intent { act=android.intent.action.MAIN cat=[android.intent.category.LAUNCHER] cmp=com.example.lunchtray/androidx.fragment.app.testing.FragmentScenario$EmptyFragmentActivity (has extras) }, activity.getIntent()=Intent { act=android.intent.action.MAIN cat=[android.intent.category.LAUNCHER] flg=0x10008000 cmp=com.example.lunchtray/androidx.test.core.app.InstrumentationActivityInvoker$BootstrapActivity (has extras) }, activity=androidx.test.core.app.InstrumentationActivityInvoker$BootstrapActivity@4aabded
10-23 14:55:20.934  3412  3412 I DialerDialerBootReceiver: com.android.dialer.bootreceiver.DialerBootReceiver.onReceive:29 received ACTION_BOOT_COMPLETED
10-23 14:55:20.937  3412  3412 I DialerShortcutsJobScheduler: com.android.dialer.shortcuts.ShortcutsJobScheduler.schedule:49 schedule
10-23 14:55:20.938  3412  3412 I DialerShortcutsJobScheduler: com.android.dialer.shortcuts.ShortcutsJobScheduler.schedule:57 job already scheduled.
10-23 14:55:20.940  3412  3412 I DialerAnnotatedCallLogRefreshStarterImpl: com.android.dialer.calllog.refresh.impl.AnnotatedCallLogRefreshStarterImpl.refreshWithoutDirtyCheck:48 refreshWithoutDirtyCheck
10-23 14:55:20.941  3412  3605 I DialerAnnotatedCallLogRefreshRequestRegulator: com.android.dialer.calllog.refresh.impl.AnnotatedCallLogRefreshRequestRegulator.lambda$throttleInternalSequentially$0:98 throttle sequentially
10-23 14:55:20.941  3412  3605 I DialerAnnotatedCallLogRefreshRequestRegulator: com.android.dialer.calllog.refresh.impl.AnnotatedCallLogRefreshRequestRegulator.lambda$throttleInternalSequentially$0:139 start refreshing, checkDirty=false
10-23 14:55:20.942  3412  3605 I DialerRefreshAnnotatedCallLogWorker: com.android.dialer.calllog.refresh.impl.RefreshAnnotatedCallLogWorker.refresh:109 submitting serialized refresh request
10-23 14:55:20.943  3412  3568 I DialerRefreshAnnotatedCallLogWorker: com.android.dialer.calllog.refresh.impl.RefreshAnnotatedCallLogWorker.lambda$checkDirtyAndRebuildIfNecessary$2:137 isDirty: true
10-23 14:55:20.943  3412  3568 I DialerRefreshAnnotatedCallLogWorker: com.android.dialer.calllog.refresh.impl.RefreshAnnotatedCallLogWorker.rebuild:160 filling systemCallLogDataSource
10-23 14:55:20.951  3412  3605 I DialerSystemCallLogDataSource: com.android.dialer.calllog.datasources.systemcalllog.SystemCallLogDataSource.lambda$fill$2:213 found 0 existing annotated call log ids
10-23 14:55:20.951  1657  2249 I AiAiTextClassifier: [KnowledgeGraphCollectionsTableDownloaderImpl] reading KnowledgeGraphCollectionsTable from path /data/user/0/com.google.android.as/files/superpacks/kg_collections_table/collections_table_main_21980965fbd997111d89f86c16e9e090/collections_table.
10-23 14:55:20.962  4228  4228 D nativeloader: Configuring clns-shared-6 for other apk /apex/com.android.rkpd/priv-app/rkpdapp.google@340818020/rkpdapp.google.apk. target_sdk_version=34, uses_libraries=, library_path=/apex/com.android.rkpd/priv-app/rkpdapp.google@340818020/lib/x86_64:/system/lib64:/system_ext/lib64, permitted_path=/data:/mnt/expand:/data/user/0/com.google.android.rkpdapp:/apex/com.android.rkpd/priv-app/rkpdapp.google@340818020:/system/lib64:/system_ext/lib64
10-23 14:55:20.963  4228  4228 D nativeloader: InitApexLibraries:
10-23 14:55:20.963  4228  4228 D nativeloader:   com_android_adservices: libhpke_jni.so:libtflite_support_classifiers_native.so
10-23 14:55:20.963  4228  4228 D nativeloader:   com_android_appsearch: libicing.so
10-23 14:55:20.963  4228  4228 D nativeloader:   com_android_art: libartservice.so
10-23 14:55:20.963  4228  4228 D nativeloader:   com_android_btservices: libbluetooth_jni.so
10-23 14:55:20.963  4228  4228 D nativeloader:   com_android_conscrypt: libjavacrypto.so
10-23 14:55:20.963  4228  4228 D nativeloader:   com_android_extservices: libtflite_support_classifiers_native.so
10-23 14:55:20.963  4228  4228 D nativeloader:   com_android_os_statsd: libstats_jni.so
10-23 14:55:20.963  4228  4228 D nativeloader:   com_android_tethering: libandroid_net_connectivity_com_android_net_module_util_jni.so:libcronet.114.0.5735.84.so:libframework-connectivity-jni.so:libframework-connectivity-tiramisu-jni.so:libservice-connectivity.so
10-23 14:55:20.963  4228  4228 D nativeloader:   com_android_uwb: libuwb_uci_jni_rust.so
10-23 14:55:20.963  4228  4228 D nativeloader:   com_android_virt: libvirtualizationservice_jni.so:libvirtualmachine_jni.so
10-23 14:55:20.967  3412  3412 I DialerLegacyCountryDetector: com.android.dialer.location.LegacyCountryDetector.getCurrentCountryIso:134 returning Redacted-2-chars
10-23 14:55:20.970  1089  1089 I Telephony: TelecomAccountTelephonyCallback: onServiceStateChanged: newState=0, mServiceState=0
10-23 14:55:20.978  1089  1089 W Telephony: registerMmTelCapabilityCallback: registration failed, no ImsService available. Exception: code: 1
10-23 14:55:20.982  2964  3301 W DynamiteModule: Local module descriptor class for com.google.android.gms.googlecertificates not found.
10-23 14:55:20.987  3911  3911 D CompatibilityChangeReporter: Compat change id reported: 210923482; UID 10183; state: DISABLED
10-23 14:55:20.987  3911  3911 D CompatibilityChangeReporter: Compat change id reported: 37756858; UID 10183; state: ENABLED
10-23 14:55:20.993  3911  3911 D LifecycleMonitor: Lifecycle status change: androidx.test.core.app.InstrumentationActivityInvoker$BootstrapActivity@4aabded in: CREATED
10-23 14:55:20.994  2964  3301 I DynamiteModule: Considering local module com.google.android.gms.googlecertificates:0 and remote module com.google.android.gms.googlecertificates:7
10-23 14:55:20.994  2964  3301 I DynamiteModule: Selected remote version of com.google.android.gms.googlecertificates, version >= 7
10-23 14:55:20.994  2964  3301 V DynamiteModule: Dynamite loader version >= 2, using loadModule2NoCrashUtils
10-23 14:55:20.995  3911  3911 V ActivityScenario: Activity lifecycle changed event received but ignored because the intent does not match. startActivityIntent=Intent { act=android.intent.action.MAIN cat=[android.intent.category.LAUNCHER] cmp=com.example.lunchtray/androidx.fragment.app.testing.FragmentScenario$EmptyFragmentActivity (has extras) }, activity.getIntent()=Intent { act=android.intent.action.MAIN cat=[android.intent.category.LAUNCHER] flg=0x10008000 cmp=com.example.lunchtray/androidx.test.core.app.InstrumentationActivityInvoker$BootstrapActivity (has extras) }, activity=androidx.test.core.app.InstrumentationActivityInvoker$BootstrapActivity@4aabded
10-23 14:55:20.999  2964  3301 W ziparchive: Unable to open '/data/user_de/0/com.google.android.gms/app_chimera/m/00000005/GoogleCertificates.dm': No such file or directory
10-23 14:55:21.001  2964  3301 W ziparchive: Unable to open '/data/user_de/0/com.google.android.gms/app_chimera/m/00000005/GoogleCertificates.dm': No such file or directory
10-23 14:55:21.001  3911  3911 D LifecycleMonitor: Lifecycle status change: androidx.test.core.app.InstrumentationActivityInvoker$BootstrapActivity@4aabded in: STARTED
10-23 14:55:21.005  3911  3911 V ActivityScenario: Activity lifecycle changed event received but ignored because the intent does not match. startActivityIntent=Intent { act=android.intent.action.MAIN cat=[android.intent.category.LAUNCHER] cmp=com.example.lunchtray/androidx.fragment.app.testing.FragmentScenario$EmptyFragmentActivity (has extras) }, activity.getIntent()=Intent { act=android.intent.action.MAIN cat=[android.intent.category.LAUNCHER] flg=0x10008000 cmp=com.example.lunchtray/androidx.test.core.app.InstrumentationActivityInvoker$BootstrapActivity (has extras) }, activity=androidx.test.core.app.InstrumentationActivityInvoker$BootstrapActivity@4aabded
10-23 14:55:21.023  1089  1089 I Telephony: isRttCurrentlySupported -- regular acct, hasVoiceAvailability: false
10-23 14:55:21.023  1089  1089 I Telephony:  isRttSupported: false
10-23 14:55:21.023  1089  1089 I Telephony:  alwaysAllowWhileRoaming: false
10-23 14:55:21.023  1089  1089 I Telephony:  isRoaming: false
10-23 14:55:21.023  1089  1089 I Telephony:  isOnWfc: false
10-23 14:55:21.024  1348  1508 I FontLog : Using directory in FlatBuffer format [CONTEXT service_id=132 ]
10-23 14:55:21.033  1348  3945 I GmsCoreVoilaTileGrpc: grpc compression enabled: gzip
10-23 14:55:21.043  3412  3564 I DialerSystemCallLogDataSource: com.android.dialer.calllog.datasources.systemcalllog.SystemCallLogDataSource.handleInsertsAndUpdatesInternal:417 no results for CALL_IN_DIRECT_BOOT_MODE
10-23 14:55:21.046   524   624 I InputReader: Reconfiguring input devices, changes=KEYBOARD_LAYOUTS
10-23 14:55:21.049  1657  2172 I SP.AiAi : Registering text-classifier-annotator.272525175, url: https://gstatic.com/matchmaker/tclib_models/annotator/v803/en/superpacks_manifest.zip, constraints: *:*:*:*, flags: *, requested: 272525175, current: -1
10-23 14:55:21.051  1657  2172 I SP.AiAi : Registering text-classifier-actions.1140547708, url: https://gstatic.com/matchmaker/tclib_models/actions/v104/en-us/superpacks_manifest.zip, constraints: *:*:*:*, flags: *, requested: 1140547708, current: -1
10-23 14:55:21.051  1657  2172 I SP.AiAi : Registering text-classifier-langid.1941001461, url: https://gstatic.com/matchmaker/tclib_models/langid/v1/superpacks_manifest.zip, constraints: *:*:*:*, flags: *, requested: 1941001461, current: -1
10-23 14:55:21.052  3041  4245 I Finsky  : [129] qgq.a(27): IV2: found recoverable installs: []
10-23 14:55:21.054  1468  1468 D BoundBrokerSvc: onUnbind: Intent { act=com.google.android.gms.common.BIND_SHARED_PREFS pkg=com.google.android.gms }
10-23 14:55:21.080  1468  1477 I gle.android.gms: Background young concurrent copying GC freed 68265(4180KB) AllocSpace objects, 14(728KB) LOS objects, 31% free, 9530KB/13MB, paused 35.214ms,11us total 408.118ms
10-23 14:55:21.083  3911  4253 D libEGL  : loaded /vendor/lib64/egl/libEGL_emulation.so
10-23 14:55:21.088  3911  4253 D libEGL  : loaded /vendor/lib64/egl/libGLESv1_CM_emulation.so
10-23 14:55:21.094  3911  4253 D libEGL  : loaded /vendor/lib64/egl/libGLESv2_emulation.so
10-23 14:55:21.097  1657  2172 I SP.AiAi : Scheduling job with delay of 0s for {W:b:u:l, bg}, 1 candidates
10-23 14:55:21.098  3412  3412 I DialerBroadcastReceiverStrategyImpl: com.android.dialer.broadcastreceiverstrategy.impl.BroadcastReceiverStrategyImpl.backgroundThenInlineThenForeground:76 try doing work using a background service
10-23 14:55:21.106   870   870 D StatusBarIconController: ignoring old pipeline callbacks, because the new mobile icons are enabled
10-23 14:55:21.107   524   624 I InputReader: Reconfiguring input devices, changes=KEYBOARD_LAYOUTS
10-23 14:55:21.107   870   870 D ControlsListingControllerImpl: ServiceConfig reloaded, count: 0
10-23 14:55:21.107   870   870 D ControlsListingControllerImpl: ServiceConfig reloaded, count: 0
10-23 14:55:21.109  1089  1089 D CarrierSvcBindHelper: onPackageModified: com.google.android.googlequicksearchbox
10-23 14:55:21.112  1657  3487 W AiAiAutofill: Failed to set whitelist for augmented autofill service.
10-23 14:55:21.112  1657  3487 W AiAiAutofill: java.lang.SecurityException: caller is not user's Augmented Autofill Service
10-23 14:55:21.112  1657  3487 W AiAiAutofill: 	at android.view.autofill.AutofillManager.setAugmentedAutofillWhitelist(AutofillManager.java:2676)
10-23 14:55:21.112  1657  3487 W AiAiAutofill: 	at cjj.c(PG:7)
10-23 14:55:21.112  1657  3487 W AiAiAutofill: 	at cju.g(PG:8)
10-23 14:55:21.112  1657  3487 W AiAiAutofill: 	at ckd.c(PG:18)
10-23 14:55:21.112  1657  3487 W AiAiAutofill: 	at eoz.g(PG:3)
10-23 14:55:21.112  1657  3487 W AiAiAutofill: 	at fde.a(PG:3)
10-23 14:55:21.112  1657  3487 W AiAiAutofill: 	at jen.t(PG:18)
10-23 14:55:21.112  1657  3487 W AiAiAutofill: 	at jen.c(PG:35)
10-23 14:55:21.112  1657  3487 W AiAiAutofill: 	at gfo.run(PG:14)
10-23 14:55:21.112  1657  3487 W AiAiAutofill: 	at java.util.concurrent.Executors$RunnableAdapter.call(Executors.java:487)
10-23 14:55:21.112  1657  3487 W AiAiAutofill: 	at java.util.concurrent.FutureTask.run(FutureTask.java:264)
10-23 14:55:21.112  1657  3487 W AiAiAutofill: 	at java.util.concurrent.ScheduledThreadPoolExecutor$ScheduledFutureTask.run(ScheduledThreadPoolExecutor.java:307)
10-23 14:55:21.112  1657  3487 W AiAiAutofill: 	at java.util.concurrent.ThreadPoolExecutor.runWorker(ThreadPoolExecutor.java:1145)
10-23 14:55:21.112  1657  3487 W AiAiAutofill: 	at java.util.concurrent.ThreadPoolExecutor$Worker.run(ThreadPoolExecutor.java:644)
10-23 14:55:21.112  1657  3487 W AiAiAutofill: 	at dgq.run(PG:67)
10-23 14:55:21.112  1657  3487 W AiAiAutofill: 	at java.lang.Thread.run(Thread.java:1012)
10-23 14:55:21.113  1089  1089 D CarrierSvcBindHelper: No carrier app for: 0
10-23 14:55:21.113  3412  3567 I DialerSystemCallLogDataSource: com.android.dialer.calllog.datasources.systemcalllog.SystemCallLogDataSource.handleInsertsAndUpdatesInternal:417 no results for REGULAR_CALL
10-23 14:55:21.118   870   870 D ControlsListingControllerImpl: ServiceConfig reloaded, count: 0
10-23 14:55:21.122  3412  3569 I DialerSystemCallLogDataSource: com.android.dialer.calllog.datasources.systemcalllog.SystemCallLogDataSource.lambda$handleDeletes$6:687 found 0 call log entries to remove
10-23 14:55:21.122  3412  3605 I DialerRefreshAnnotatedCallLogWorker: com.android.dialer.calllog.refresh.impl.RefreshAnnotatedCallLogWorker.lambda$rebuild$3:173 filling PhoneLookupDataSource
10-23 14:55:21.128  3412  3567 I DialerDialerBlockedNumberPhoneLookupContributor: com.android.dialer.phonelookup.blockednumber.DialerBlockedNumberPhoneLookupContributor.getMostRecentInfo:99 getMostRecentInfo
10-23 14:55:21.129  3412  3567 I DialerSystemBlockedNumberPhoneLookupContributor: com.android.dialer.phonelookup.blockednumber.SystemBlockedNumberPhoneLookupContributor.getMostRecentInfo:104 getMostRecentInfo
10-23 14:55:21.131  3412  3568 I DialerRefreshAnnotatedCallLogWorker: com.android.dialer.calllog.refresh.impl.RefreshAnnotatedCallLogWorker.lambda$rebuild$3:173 filling VoicemailDataSource
10-23 14:55:21.133   871   903 I PermissionControllerServiceImpl: Updating user sensitive for uid 10128
10-23 14:55:21.134  1657  1657 I SP.AiAi : ====> Starting job {W:b:u:l, bg}
10-23 14:55:21.135  3412  3605 I DialerRefreshAnnotatedCallLogWorker: com.android.dialer.calllog.refresh.impl.RefreshAnnotatedCallLogWorker.lambda$rebuild$3:173 filling SpamCallDataSource
10-23 14:55:21.135  3412  3605 I DialerSpamCallDataSource: com.android.dialer.calllog.datasources.spamcall.SpamCallDataSource.fill:81 fill
10-23 14:55:21.135  3412  3605 I DialerSpamCallDataSource: com.android.dialer.calllog.datasources.spamcall.SpamCallDataSource.handleInserts:87 handleInserts
10-23 14:55:21.137  3412  3605 I DialerRefreshAnnotatedCallLogWorker: com.android.dialer.calllog.refresh.impl.RefreshAnnotatedCallLogWorker.lambda$rebuild$3:173 filling daj
10-23 14:55:21.138  3412  3568 I DialerCallingNetworksStorage: com.android.dialer.callingnetworks.impl.CallingNetworksStorage.deleteAllMatching:301 Nothing to delete
10-23 14:55:21.139   524   624 I InputReader: Reconfiguring input devices, changes=KEYBOARD_LAYOUTS
10-23 14:55:21.142  3412  3605 I DialerRefreshAnnotatedCallLogWorker: com.android.dialer.calllog.refresh.impl.RefreshAnnotatedCallLogWorker.lambda$rebuild$3:173 filling CallRecordingDataSource
10-23 14:55:21.142  3412  3605 I DialerCallRecordingDataSource: com.android.dialer.callrecording.impl.calllog.CallRecordingDataSource.fill:97 enter
10-23 14:55:21.142  3412  3605 I DialerCallRecordingDataSource: com.android.dialer.callrecording.impl.calllog.CallRecordingDataSource.handleInsertsAndUpdatesFromAnnotatedCallLog:112 enter
10-23 14:55:21.143  3412  3568 I DialerCallRecordingDataSourceStatusService: com.android.dialer.callrecording.impl.calllog.CallRecordingDataSourceStatusService.lambda$getTimestampOfLastSyncedCallRecordingInfoMillis$5:100 lastSyncedCallRecordingInfoTimestamp 0
10-23 14:55:21.144  3412  3565 I DialerCallRecordingDataSource: com.android.dialer.callrecording.impl.calllog.CallRecordingDataSource.lambda$getAnnotatedCallLogIdsToCallRecordingInfoMap$13:350 lastSyncedCallRecordingInfoTimestamp 0
10-23 14:55:21.148  1348  1348 W ChimeraUtils: Module com.google.android.gms.nearby missing resource null(0)
10-23 14:55:21.149  3412  3605 I DialerCallRecordingDataSource: com.android.dialer.callrecording.impl.calllog.CallRecordingDataSource.handleDeletesFromAnnotatedCallLog:152 enter
10-23 14:55:21.149  3412  3568 I DialerCallRecordingInfoStorageAsyncSqlite: com.android.dialer.callrecording.impl.storage.CallRecordingInfoStorageAsyncSqlite.deleteCallLogInitiated:477 enter
10-23 14:55:21.150  3412  3568 I DialerCallRecordingDataSource: com.android.dialer.callrecording.impl.calllog.CallRecordingDataSource.addDeleteUpdatesFromCallRecordingInitiatedDeletes:196 enter
10-23 14:55:21.150  3412  3605 I DialerRefreshAnnotatedCallLogWorker: com.android.dialer.calllog.refresh.impl.RefreshAnnotatedCallLogWorker.lambda$rebuild$3:173 filling VerifiedCallDataSource
10-23 14:55:21.155  3412  3568 I DialerRefreshAnnotatedCallLogWorker: com.android.dialer.calllog.refresh.impl.RefreshAnnotatedCallLogWorker.lambda$rebuild$4:186 applying mutations
10-23 14:55:21.155  3412  3568 I DialerRefreshAnnotatedCallLogWorker: com.android.dialer.calllog.refresh.impl.RefreshAnnotatedCallLogWorker.lambda$rebuild$5:200 coalescing call history
10-23 14:55:21.155  3412  3568 I DialerCallHistoryCoalescer: com.android.dialer.calllog.coalescer.CallHistoryCoalescer.coalesce:109 coalesce
10-23 14:55:21.155  3412  3568 I DialerCallHistoryCoalescer: com.android.dialer.calllog.coalescer.CallHistoryCoalescer.coalesceWithSelection:166 coalesceWithSelection
10-23 14:55:21.155  3412  3605 I DialerRefreshAnnotatedCallLogWorker: com.android.dialer.calllog.refresh.impl.RefreshAnnotatedCallLogWorker.lambda$rebuild$6:209 coalescing conversation history
10-23 14:55:21.155  3412  3605 I DialerConversationHistoryCoalescer: com.android.dialer.calllog.coalescer.ConversationHistoryCoalescer.coalesce:100 coalesce
10-23 14:55:21.155  3412  3568 I DialerCallHistoryCoalescer: com.android.dialer.calllog.coalescer.CallHistoryCoalescer.coalesceWithSelection:166 coalesceWithSelection
10-23 14:55:21.156  3412  3605 I DialerCallRecordingDataSource: com.android.dialer.callrecording.impl.calllog.CallRecordingDataSource.onSuccessfulFill:236 enter
10-23 14:55:21.157  3412  3565 I DialerCallHistoryCoalescer: com.android.dialer.calllog.coalescer.CallHistoryCoalescer.coalesceInternal:203 coalesceInternal
10-23 14:55:21.158  3412  3605 I DialerCoalescedRowsDao: com.android.dialer.calllog.coalescer.CoalescedRowsDao.saveToFileForMissedCalls:121 saveToFileForMissedCalls
10-23 14:55:21.159  3412  3565 I DialerConversationHistoryCoalescer: com.android.dialer.calllog.coalescer.ConversationHistoryCoalescer.coalesceInternal:125 coalesceInternal
10-23 14:55:21.168   871   903 I PermissionControllerServiceImpl: Updating user sensitive for uid 10124
10-23 14:55:21.168  3041  3041 I Finsky  : [2] rja.onCreate(2): IPC-SERVER: Starting gRPC host service...
10-23 14:55:21.169  3911  3911 D LifecycleMonitor: Lifecycle status change: androidx.test.core.app.InstrumentationActivityInvoker$BootstrapActivity@4aabded in: RESUMED
10-23 14:55:21.170  3911  3911 V ActivityScenario: Activity lifecycle changed event received but ignored because the intent does not match. startActivityIntent=Intent { act=android.intent.action.MAIN cat=[android.intent.category.LAUNCHER] cmp=com.example.lunchtray/androidx.fragment.app.testing.FragmentScenario$EmptyFragmentActivity (has extras) }, activity.getIntent()=Intent { act=android.intent.action.MAIN cat=[android.intent.category.LAUNCHER] flg=0x10008000 cmp=com.example.lunchtray/androidx.test.core.app.InstrumentationActivityInvoker$BootstrapActivity (has extras) }, activity=androidx.test.core.app.InstrumentationActivityInvoker$BootstrapActivity@4aabded
10-23 14:55:21.173  1468  1468 D BoundBrokerSvc: onBind: Intent { act=com.google.android.gms.common.BIND_SHARED_PREFS pkg=com.google.android.gms }
10-23 14:55:21.174  1468  1468 D BoundBrokerSvc: Loading bound service for intent: Intent { act=com.google.android.gms.common.BIND_SHARED_PREFS pkg=com.google.android.gms }
10-23 14:55:21.174  3412  3568 I DialerCoalescedRowsDao: com.android.dialer.calllog.coalescer.CoalescedRowsDao.saveToFileForAllCallsInConversationHistory:142 saveToFileForAllCallsInConversationHistory
10-23 14:55:21.175  3412  3565 I DialerCoalescedRowsDao: com.android.dialer.calllog.coalescer.CoalescedRowsDao.save:162 start writing coalesced_rows_for_missed_calls
10-23 14:55:21.176  3412  3565 I DialerCoalescedRowsDao: com.android.dialer.calllog.coalescer.CoalescedRowsDao.save:167 finished writing coalesced_rows_for_missed_calls
10-23 14:55:21.176  3412  3568 I DialerCoalescedRowsUpdatedNotifier: com.android.dialer.calllog.coalescer.CoalescedRowsUpdatedNotifier.notifyForCallLogMissedCalls:68 notifyForCallLogMissedCalls
10-23 14:55:21.176  3412  3567 I DialerCallHistoryCoalescer: com.android.dialer.calllog.coalescer.CallHistoryCoalescer.coalesceInternal:203 coalesceInternal
10-23 14:55:21.177  3412  3565 I DialerCoalescedRowsDao: com.android.dialer.calllog.coalescer.CoalescedRowsDao.save:162 start writing coalesced_rows_for_conversation_history_all_calls
10-23 14:55:21.177  3412  3565 I DialerCoalescedRowsDao: com.android.dialer.calllog.coalescer.CoalescedRowsDao.save:167 finished writing coalesced_rows_for_conversation_history_all_calls
10-23 14:55:21.178  3412  3605 I DialerCoalescedRowsUpdatedNotifier: com.android.dialer.calllog.coalescer.CoalescedRowsUpdatedNotifier.notifyForConversationHistory:79 notifyForConversationHistory
10-23 14:55:21.178  3412  3605 I DialerCoalescedRowsDao: com.android.dialer.calllog.coalescer.CoalescedRowsDao.saveToFileForAllCalls:101 saveToFileForAllCalls
10-23 14:55:21.179  3412  3567 I DialerCoalescedRowsDao: com.android.dialer.calllog.coalescer.CoalescedRowsDao.save:162 start writing coalesced_rows_for_all_calls
