10-23 14:55:21.179  3412  3567 I DialerCoalescedRowsDao: com.android.dialer.calllog.coalescer.CoalescedRowsDao.save:167 finished writing coalesced_rows_for_all_calls
10-23 14:55:21.179  3412  3605 I DialerCoalescedRowsUpdatedNotifier: com.android.dialer.calllog.coalescer.CoalescedRowsUpdatedNotifier.notifyForCallLogAllCalls:57 notifyForCallLogAllCalls
10-23 14:55:21.180  3412  3605 I DialerRefreshAnnotatedCallLogWorker: com.android.dialer.calllog.refresh.impl.RefreshAnnotatedCallLogWorker.lambda$rebuild$7:219 coalesced row updated
10-23 14:55:21.182  3412  3567 I DialerSystemCallLogUpdater: com.android.dialer.calllog.refresh.impl.SystemCallLogUpdater.getCallTypeUpdates:182 There are no system call log mutations
10-23 14:55:21.182  3412  3565 I DialerCallerIdFeedbackPhoneLookupContributor: com.android.dialer.calleridfeedback.impl.phonelookup.CallerIdFeedbackPhoneLookupContributor.onSuccessfulBulkUpdate:133 Writing timestampOfLastCallerIdFeedbackLookup : 1698072921130
10-23 14:55:21.186  3911  3911 D LifecycleMonitor: Lifecycle status change: androidx.test.core.app.InstrumentationActivityInvoker$BootstrapActivity@4aabded in: PAUSED
10-23 14:55:21.186  3911  3911 V ActivityScenario: Activity lifecycle changed event received but ignored because the intent does not match. startActivityIntent=Intent { act=android.intent.action.MAIN cat=[android.intent.category.LAUNCHER] cmp=com.example.lunchtray/androidx.fragment.app.testing.FragmentScenario$EmptyFragmentActivity (has extras) }, activity.getIntent()=Intent { act=android.intent.action.MAIN cat=[android.intent.category.LAUNCHER] flg=0x10008000 cmp=com.example.lunchtray/androidx.test.core.app.InstrumentationActivityInvoker$BootstrapActivity (has extras) }, activity=androidx.test.core.app.InstrumentationActivityInvoker$BootstrapActivity@4aabded
10-23 14:55:21.187  3412  3567 I DialerSystemCallLogUpdater: com.android.dialer.calllog.refresh.impl.SystemCallLogUpdater.updateSystemCallLog:209 updated 0 rows
10-23 14:55:21.192  3412  3605 I DialerLogcatLoggingBindings: com.android.dialer.logging.logcat.LogcatLoggingBindings.logImpression:41 Impression: ANNOTATED_CALL_LOG_FORCE_REFRESH_NO_CHANGES_NEEDED
10-23 14:55:21.206  1348  3390 W ChimeraUtils: Module com.google.android.gms.nearby_en missing resource null(0)
10-23 14:55:21.217  3412  3565 I GnpSdk  : [GrowthKitBootCompletedListener] GrowthKit disabled by flag. Aborting GrowthKitBootCompletedBroadcastReceiver
10-23 14:55:21.227   870   947 D EGL_emulation: app_time_stats: avg=4431.82ms min=4431.82ms max=4431.82ms count=1
10-23 14:55:21.230   524   624 I InputReader: Reconfiguring input devices, changes=KEYBOARD_LAYOUTS
10-23 14:55:21.231   871   903 I PermissionControllerServiceImpl: Updating user sensitive for uid 10125
10-23 14:55:21.239  1089  1089 D CarrierSvcBindHelper: onPackageModified: com.android.vending
10-23 14:55:21.239  1089  1331 D ImsResolver: maybeAddedImsService, packageName: com.google.android.googlequicksearchbox
10-23 14:55:21.243  1089  1089 D CarrierSvcBindHelper: No carrier app for: 0
10-23 14:55:21.271   871   903 I PermissionControllerServiceImpl: Updating user sensitive for uid 10134
10-23 14:55:21.275   870   870 D ControlsListingControllerImpl: ServiceConfig reloaded, count: 0
10-23 14:55:21.279  1657  2172 I SP.AiAi : Scheduling: download registered, 0 started, 0 paused, 1 scheduled, 3 pending: manifests:spelling_correction-22110320 {W:b:I:l, bg}, manifests:captions_i18n_v0_background-20210623 * {W:b:u:l, bg}, manifests:text-classifier-annotator-272525175 {W:b:u:l, bg}
10-23 14:55:21.280  3412  3569 I DialerVisualVoicemailUpdateTask: com.android.dialer.app.calllog.VisualVoicemailUpdateTask.lambda$updateNotification$2:148 no voicemails to notify about
10-23 14:55:21.281  3412  3569 I DialerVisualVoicemailNotifier: com.android.dialer.app.calllog.VisualVoicemailNotifier.cancelAllVoicemailNotifications:278 enter
10-23 14:55:21.282   870   870 D ControlsListingControllerImpl: ServiceConfig reloaded, count: 0
10-23 14:55:21.284  3412  3569 I DialerVoicemailNotificationJobService: com.android.dialer.app.calllog.VoicemailNotificationJobService.cancelJob:69 cancelJob
10-23 14:55:21.288  3412  3569 I DialerVoicemailStatusDataMigration: com.android.dialer.voicemailstatus.dataservice.impl.VoicemailStatusDataMigration.migrate:64 enter
10-23 14:55:21.293  3911  3911 D LifecycleMonitor: Lifecycle status change: androidx.fragment.app.testing.FragmentScenario$EmptyFragmentActivity@5688aa3 in: PRE_ON_CREATE
10-23 14:55:21.295   524   624 I InputReader: Reconfiguring input devices, changes=KEYBOARD_LAYOUTS
10-23 14:55:21.296  3911  3911 V ActivityScenario: Activity lifecycle changed event received but ignored because the reported transition was not ON_CREATE while the last known transition was PRE_ON_CREATE
10-23 14:55:21.316  4228  4228 V GraphicsEnvironment: Currently set values for:
10-23 14:55:21.316  4228  4228 V GraphicsEnvironment:   angle_gl_driver_selection_pkgs=[]
10-23 14:55:21.316  4228  4228 V GraphicsEnvironment:   angle_gl_driver_selection_values=[]
10-23 14:55:21.317  4228  4228 V GraphicsEnvironment: ANGLE GameManagerService for com.google.android.rkpdapp: false
10-23 14:55:21.317  4228  4228 V GraphicsEnvironment: com.google.android.rkpdapp is not listed in per-application setting
10-23 14:55:21.317  4228  4228 V GraphicsEnvironment: Neither updatable production driver nor prerelease driver is supported.
10-23 14:55:21.333  1657  1657 I AiAiEcho: AppFetcherImpl onPackageChanged com.google.android.apps.youtube.music.
10-23 14:55:21.340  1657  2944 I AiAiEcho: AppIndexer Package:[com.google.android.apps.youtube.music] UserProfile:[0] Enabled:[true].
10-23 14:55:21.340  1657  2944 I AiAiEcho: AppFetcherImplV2 updateApps package:[com.google.android.apps.youtube.music], userId:[0], reason:[package is updated.].
10-23 14:55:21.340  1657  3487 W AiAiAutofill: Failed to set whitelist for augmented autofill service.
10-23 14:55:21.340  1657  3487 W AiAiAutofill: java.lang.SecurityException: caller is not user's Augmented Autofill Service
10-23 14:55:21.340  1657  3487 W AiAiAutofill: 	at android.view.autofill.AutofillManager.setAugmentedAutofillWhitelist(AutofillManager.java:2676)
10-23 14:55:21.340  1657  3487 W AiAiAutofill: 	at cjj.c(PG:7)
10-23 14:55:21.340  1657  3487 W AiAiAutofill: 	at cju.g(PG:8)
10-23 14:55:21.340  1657  3487 W AiAiAutofill: 	at ckd.c(PG:18)
10-23 14:55:21.340  1657  3487 W AiAiAutofill: 	at eoz.g(PG:3)
10-23 14:55:21.340  1657  3487 W AiAiAutofill: 	at fde.a(PG:3)
10-23 14:55:21.340  1657  3487 W AiAiAutofill: 	at jen.t(PG:18)
10-23 14:55:21.340  1657  3487 W AiAiAutofill: 	at jen.c(PG:35)
10-23 14:55:21.340  1657  3487 W AiAiAutofill: 	at gfo.run(PG:14)
10-23 14:55:21.340  1657  3487 W AiAiAutofill: 	at java.util.concurrent.Executors$RunnableAdapter.call(Executors.java:487)
10-23 14:55:21.340  1657  3487 W AiAiAutofill: 	at java.util.concurrent.FutureTask.run(FutureTask.java:264)
10-23 14:55:21.340  1657  3487 W AiAiAutofill: 	at java.util.concurrent.ScheduledThreadPoolExecutor$ScheduledFutureTask.run(ScheduledThreadPoolExecutor.java:307)
10-23 14:55:21.340  1657  3487 W AiAiAutofill: 	at java.util.concurrent.ThreadPoolExecutor.runWorker(ThreadPoolExecutor.java:1145)
10-23 14:55:21.340  1657  3487 W AiAiAutofill: 	at java.util.concurrent.ThreadPoolExecutor$Worker.run(ThreadPoolExecutor.java:644)
10-23 14:55:21.340  1657  3487 W AiAiAutofill: 	at dgq.run(PG:67)
10-23 14:55:21.340  1657  3487 W AiAiAutofill: 	at java.lang.Thread.run(Thread.java:1012)
10-23 14:55:21.343  1348  1348 W ChimeraUtils: Module com.google.android.gms.nearby missing resource null(0)
10-23 14:55:21.354  4257  4257 I rrierdefaultapp: Using CollectorTypeCC GC.
10-23 14:55:21.355  4257  4257 W rrierdefaultapp: Unexpected CPU variant for x86: x86_64.
10-23 14:55:21.355  4257  4257 W rrierdefaultapp: Known variants: atom, sandybridge, silvermont, goldmont, goldmont-plus, tremont, kabylake, default
10-23 14:55:21.359  4257  4257 E rrierdefaultapp: Not starting debugger since process cannot load the jdwp agent.
10-23 14:55:21.370  3911  3911 D LifecycleMonitor: Lifecycle status change: androidx.fragment.app.testing.FragmentScenario$EmptyFragmentActivity@5688aa3 in: CREATED
10-23 14:55:21.370  4228  4228 D WM-WrkMgrInitializer: Initializing WorkManager with default configuration.
10-23 14:55:21.371  3911  3911 V ActivityScenario: Update currentActivityStage to CREATED, currentActivity=androidx.fragment.app.testing.FragmentScenario$EmptyFragmentActivity@5688aa3
10-23 14:55:21.372  3911  3911 D LifecycleMonitor: Lifecycle status change: androidx.fragment.app.testing.FragmentScenario$EmptyFragmentActivity@5688aa3 in: STARTED
10-23 14:55:21.372  3911  3911 V ActivityScenario: Update currentActivityStage to STARTED, currentActivity=androidx.fragment.app.testing.FragmentScenario$EmptyFragmentActivity@5688aa3
10-23 14:55:21.375  3911  3911 D LifecycleMonitor: Lifecycle status change: androidx.fragment.app.testing.FragmentScenario$EmptyFragmentActivity@5688aa3 in: RESUMED
10-23 14:55:21.375  3911  3911 V ActivityScenario: Update currentActivityStage to RESUMED, currentActivity=androidx.fragment.app.testing.FragmentScenario$EmptyFragmentActivity@5688aa3
10-23 14:55:21.378  1089  1331 D ImsResolver: maybeAddedImsService, packageName: com.android.vending
10-23 14:55:21.378  1089  1089 D CarrierSvcBindHelper: onPackageModified: com.google.android.gm
10-23 14:55:21.380  1089  1089 D CarrierSvcBindHelper: No carrier app for: 0
10-23 14:55:21.395  4228  4228 D WM-PackageManagerHelper: androidx.work.impl.background.systemjob.SystemJobService enabled
10-23 14:55:21.395  4228  4228 D WM-Schedulers: Created SystemJobScheduler and enabled SystemJobService
10-23 14:55:21.417  3412  3564 I DialerVoicemailModule: com.android.voicemail.impl.VoicemailModule.provideVoicemailClient:79 providing VoicemailClientImpl [CONTEXT enable_persistent_logger=true ]
10-23 14:55:21.421  2746  2746 D IMSSE-JobManager: Schedule REGISTER_FCM_JOB_ID once has network connection.
10-23 14:55:21.422  2746  2746 D IMSSE-TelephonyUtils: Can't find actived subscription for -1
10-23 14:55:21.422  2746  2746 D CompatibilityChangeReporter: Compat change id reported: 194532703; UID 10109; state: ENABLED
10-23 14:55:21.422  2746  2746 D CompatibilityChangeReporter: Compat change id reported: 253665015; UID 10109; state: ENABLED
10-23 14:55:21.425  3041  3436 E Finsky  : [45] nsf.e(16): Unable to fetch checkin consistency token: empty token
10-23 14:55:21.431  3911  3911 D CompatibilityChangeReporter: Compat change id reported: 237531167; UID 10183; state: DISABLED
10-23 14:55:21.432  1468  4290 D TrafficStats: tagSocket(126) with statsTag=0x20002500, statsUid=-1
10-23 14:55:21.434  1089  1089 D CarrierSvcBindHelper: onPackageModified: com.google.android.dialer
10-23 14:55:21.434  1089  1331 D ImsResolver: maybeAddedImsService, packageName: com.google.android.gm
10-23 14:55:21.435  1089  1089 D CarrierSvcBindHelper: No carrier app for: 0
10-23 14:55:21.436  3911  3911 W OpenGLRenderer: Unknown dataspace 0
10-23 14:55:21.439  4257  4257 D CompatibilityChangeReporter: Compat change id reported: 171979766; UID 10104; state: ENABLED
10-23 14:55:21.439  4257  4257 D CompatibilityChangeReporter: Compat change id reported: 242716250; UID 10104; state: ENABLED
10-23 14:55:21.445  1468  1468 D BoundBrokerSvc: onUnbind: Intent { act=com.google.android.gms.common.BIND_SHARED_PREFS pkg=com.google.android.gms }
10-23 14:55:21.466   524  2549 D ConnectivityService: requestNetwork for uid/pid:1000/524 asUid: 10109 activeRequest: null callbackRequest: 92 [NetworkRequest [ REQUEST id=93, [ Capabilities: INTERNET&NOT_RESTRICTED&TRUSTED&NOT_VCN_MANAGED Uid: 10109 RequestorUid: 1000 RequestorPkg: android UnderlyingNetworks: Null] ]] callback flags: 0 order: 2147483647
10-23 14:55:21.476   524   797 D ConnectivityService: NetReassign [93 : null  100] [c 0] [a 2] [i 4]
10-23 14:55:21.476   524   790 D WifiNetworkFactory: got request NetworkRequest [ REQUEST id=93, [ Capabilities: INTERNET&NOT_RESTRICTED&TRUSTED&NOT_VCN_MANAGED Uid: 10109 RequestorUid: 1000 RequestorPkg: android UnderlyingNetworks: Null] ]
10-23 14:55:21.476   524   790 D UntrustedWifiNetworkFactory: got request NetworkRequest [ REQUEST id=93, [ Capabilities: INTERNET&NOT_RESTRICTED&TRUSTED&NOT_VCN_MANAGED Uid: 10109 RequestorUid: 1000 RequestorPkg: android UnderlyingNetworks: Null] ]
10-23 14:55:21.476   524   790 D OemPaidWifiNetworkFactory: got request NetworkRequest [ REQUEST id=93, [ Capabilities: INTERNET&NOT_RESTRICTED&TRUSTED&NOT_VCN_MANAGED Uid: 10109 RequestorUid: 1000 RequestorPkg: android UnderlyingNetworks: Null] ]
10-23 14:55:21.477   524   790 D MultiInternetWifiNetworkFactory: got request NetworkRequest [ REQUEST id=93, [ Capabilities: INTERNET&NOT_RESTRICTED&TRUSTED&NOT_VCN_MANAGED Uid: 10109 RequestorUid: 1000 RequestorPkg: android UnderlyingNetworks: Null] ]
10-23 14:55:21.482   870   947 D EGL_emulation: app_time_stats: avg=15025.32ms min=15025.32ms max=15025.32ms count=1
10-23 14:55:21.490  1348  3159 I GCoreUlr: WorldUpdater received intent Intent { act=com.google.android.location.reporting.ACTION_UPDATE_WORLD cmp=com.google.android.gms/com.google.android.location.reporting.service.DispatchingService (has extras) } with receiverAction com.google.android.gsf.settings.GoogleLocationSettings.UPDATE_LOCATION_SETTINGS
10-23 14:55:21.507  1058  1076 I droid.bluetooth: Background concurrent copying GC freed 21803(1643KB) AllocSpace objects, 8(416KB) LOS objects, 49% free, 2662KB/5324KB, paused 68us,12us total 206.692ms
10-23 14:55:21.511  1058  1080 W System  : A resource failed to call close.
10-23 14:55:21.511  1468  4290 W ProviderHelper: Unknown dynamite feature providerinstaller.dynamite
10-23 14:55:21.511  1468  4290 I DynamiteModule: Considering local module com.google.android.gms.providerinstaller.dynamite:1 and remote module com.google.android.gms.providerinstaller.dynamite:0
10-23 14:55:21.511  1468  4290 I DynamiteModule: Selected local version of com.google.android.gms.providerinstaller.dynamite
10-23 14:55:21.525  1089  1089 D CarrierSvcBindHelper: onPackageModified: com.google.android.contacts
10-23 14:55:21.525  1089  1331 D ImsResolver: maybeAddedImsService, packageName: com.google.android.dialer
10-23 14:55:21.527  1089  1089 D CarrierSvcBindHelper: No carrier app for: 0
10-23 14:55:21.528   524   524 I RegistrationProxy: onServiceConnected: com.android.rkpdapp.service.RemoteProvisioningService
10-23 14:55:21.529   524   614 I RoleService: Granting default roles...
10-23 14:55:21.531   524  1255 I RegistrationProxy: IGetRegistrationCallback.onError:RKP is disabled. System configured with no default URL.
10-23 14:55:21.540  1468  4290 W Conscrypt: Could not set socket write timeout: java.net.SocketException: Socket closed
10-23 14:55:21.540  1468  4290 W Conscrypt: 	at com.google.android.gms.org.conscrypt.Platform.setSocketWriteTimeout(:com.google.android.gms@231818047@23.18.18 (190800-535401451):2)
10-23 14:55:21.540  1468  4290 W Conscrypt: 	at com.google.android.gms.org.conscrypt.ConscryptFileDescriptorSocket.setSoWriteTimeout(:com.google.android.gms@231818047@23.18.18 (190800-535401451):0)
10-23 14:55:21.540  3041  3436 D HeterodyneSyncer: Syncing with Heterodyne. Reason: 12
10-23 14:55:21.542  3041  4229 E PhenotypeCombinedFlags: Config package com.google.android.gms.phenotype cannot use PROCESS_STABLE backing without declarative registration. See go/phenotype-android-integration#phenotype for more information. This will lead to stale flags.
10-23 14:55:21.542  3041  4229 E PhenotypeCombinedFlags: Config package com.google.android.gms.phenotype cannot use PROCESS_STABLE backing without declarative registration. See go/phenotype-android-integration#phenotype for more information. This will lead to stale flags.
10-23 14:55:21.542  3041  4229 E PhenotypeCombinedFlags: Config package com.google.android.gms.phenotype cannot use PROCESS_STABLE backing without declarative registration. See go/phenotype-android-integration#phenotype for more information. This will lead to stale flags.
10-23 14:55:21.542  3041  3436 I Finsky  : [45] aktc.d(2): Sending Heterodyne sync request for package com.google.android.finsky.stable
10-23 14:55:21.545  3041  4229 E PhenotypeCombinedFlags: Config package com.google.android.gms.phenotype cannot use PROCESS_STABLE backing without declarative registration. See go/phenotype-android-integration#phenotype for more information. This will lead to stale flags.
10-23 14:55:21.546  3041  4229 E PhenotypeCombinedFlags: Config package com.google.android.gms.phenotype cannot use PROCESS_STABLE backing without declarative registration. See go/phenotype-android-integration#phenotype for more information. This will lead to stale flags.
10-23 14:55:21.551  2993  3023 D libEGL  : loaded /vendor/lib64/egl/libEGL_emulation.so
10-23 14:55:21.554   416   585 W ServiceManagerCppClient: Permission failure: android.permission.ROTATE_SURFACE_FLINGER from uid=10183 pid=0
10-23 14:55:21.554   416   585 D PermissionCache: checking android.permission.ROTATE_SURFACE_FLINGER for uid=10183 => denied (13156 us)
10-23 14:55:21.554   416   438 W ServiceManagerCppClient: Permission failure: android.permission.ROTATE_SURFACE_FLINGER from uid=10183 pid=3911
10-23 14:55:21.554   416   438 D PermissionCache: checking android.permission.ROTATE_SURFACE_FLINGER for uid=10183 => denied (13168 us)
10-23 14:55:21.554  1089  1089 D CarrierSvcBindHelper: onPackageModified: com.google.android.gms
10-23 14:55:21.554  1089  1331 D ImsResolver: maybeAddedImsService, packageName: com.google.android.contacts
10-23 14:55:21.554  1657  2280 I SP.AiAi : Scheduling: job start ({W:b:u:l, bg}), 1 started, 0 paused, 0 scheduled, 3 pending: manifests:spelling_correction-22110320 {W:b:I:l, bg}, manifests:captions_i18n_v0_background-20210623 @ * {W:b:u:l, bg}, manifests:text-classifier-annotator-272525175 {W:b:u:l, bg}
10-23 14:55:21.555  1657  2280 I SP.AiAi : Requesting download of URL https://storage.googleapis.com/captions/captions_i18n_v0_20210623_manifest.json to captions_i18n_v0_background-20210623.fetched (constraints: W:b:u:l)
10-23 14:55:21.557  2993  3023 D libEGL  : loaded /vendor/lib64/egl/libGLESv1_CM_emulation.so
10-23 14:55:21.558  2993  3023 D libEGL  : loaded /vendor/lib64/egl/libGLESv2_emulation.so
10-23 14:55:21.562  3041  4295 I Finsky  : [135] qmr.B(1): IQ: Pruning inactive install requests
10-23 14:55:21.580   416   585 W ServiceManagerCppClient: Permission failure: android.permission.INTERNAL_SYSTEM_WINDOW from uid=10183 pid=0
10-23 14:55:21.580   416   585 D PermissionCache: checking android.permission.INTERNAL_SYSTEM_WINDOW for uid=10183 => denied (26373 us)
10-23 14:55:21.581   416   585 W ServiceManagerCppClient: Permission failure: android.permission.ACCESS_SURFACE_FLINGER from uid=10183 pid=0
10-23 14:55:21.581   416   438 W ServiceManagerCppClient: Permission failure: android.permission.INTERNAL_SYSTEM_WINDOW from uid=10183 pid=3911
10-23 14:55:21.581   416   585 D PermissionCache: checking android.permission.ACCESS_SURFACE_FLINGER for uid=10183 => denied (545 us)
10-23 14:55:21.581   416   438 D PermissionCache: checking android.permission.INTERNAL_SYSTEM_WINDOW for uid=10183 => denied (26892 us)
10-23 14:55:21.584  3041  3041 D CompatibilityChangeReporter: Compat change id reported: 263076149; UID 10121; state: DISABLED
10-23 14:55:21.585  1468  1468 D BoundBrokerSvc: onBind: Intent { act=com.google.android.gms.common.BIND_SHARED_PREFS pkg=com.google.android.gms }
10-23 14:55:21.585  1468  1468 D BoundBrokerSvc: Loading bound service for intent: Intent { act=com.google.android.gms.common.BIND_SHARED_PREFS pkg=com.google.android.gms }
10-23 14:55:21.590  3041  3041 I Finsky  : [2] aacb.a(1): Connecting InstallListener to SplitInstallService broadcaster...
10-23 14:55:21.591  3911  4251 W OpenGLRenderer: Failed to choose config with EGL_SWAP_BEHAVIOR_PRESERVED, retrying without...
10-23 14:55:21.592  3911  4251 W OpenGLRenderer: Failed to initialize 101010-2 format, error = EGL_SUCCESS
10-23 14:55:21.616  4257  4257 D nativeloader: Configuring clns-shared-6 for other apk /system/app/CarrierDefaultApp/CarrierDefaultApp.apk. target_sdk_version=34, uses_libraries=, library_path=/system/app/CarrierDefaultApp/lib/x86_64:/system/lib64:/system_ext/lib64, permitted_path=/data:/mnt/expand:/data/user/0/com.android.carrierdefaultapp:/system/app/CarrierDefaultApp:/system/lib64:/system_ext/lib64
10-23 14:55:21.618  1657  1657 I AiAiEcho: AppFetcherImpl onPackageChanged com.google.android.cellbroadcastreceiver.
10-23 14:55:21.624  1657  3689 I AiAiEcho: AppIndexer Package:[com.google.android.cellbroadcastreceiver] UserProfile:[0] Enabled:[true].
10-23 14:55:21.625  1657  3689 I AiAiEcho: AppFetcherImplV2 updateApps package:[com.google.android.cellbroadcastreceiver], userId:[0], reason:[package is updated.].
10-23 14:55:21.631   351   351 D Zygote  : Forked child process 4305
10-23 14:55:21.637   524  2549 D ConnectivityService: requestNetwork for uid/pid:10112/3412 activeRequest: null callbackRequest: 94 [NetworkRequest [ REQUEST id=95, [ Capabilities: INTERNET&NOT_RESTRICTED&TRUSTED&NOT_VCN_MANAGED Uid: 10112 RequestorUid: 10112 RequestorPkg: com.google.android.dialer UnderlyingNetworks: Null] ]] callback flags: 0 order: 2147483647
10-23 14:55:21.640   524   790 D WifiNetworkFactory: got request NetworkRequest [ REQUEST id=95, [ Capabilities: INTERNET&NOT_RESTRICTED&TRUSTED&NOT_VCN_MANAGED Uid: 10112 RequestorUid: 10112 RequestorPkg: com.google.android.dialer UnderlyingNetworks: Null] ]
10-23 14:55:21.640   524   797 D ConnectivityService: NetReassign [95 : null  100] [c 1] [a 0] [i 2]
10-23 14:55:21.640   524   790 D UntrustedWifiNetworkFactory: got request NetworkRequest [ REQUEST id=95, [ Capabilities: INTERNET&NOT_RESTRICTED&TRUSTED&NOT_VCN_MANAGED Uid: 10112 RequestorUid: 10112 RequestorPkg: com.google.android.dialer UnderlyingNetworks: Null] ]
10-23 14:55:21.640   524   790 D OemPaidWifiNetworkFactory: got request NetworkRequest [ REQUEST id=95, [ Capabilities: INTERNET&NOT_RESTRICTED&TRUSTED&NOT_VCN_MANAGED Uid: 10112 RequestorUid: 10112 RequestorPkg: com.google.android.dialer UnderlyingNetworks: Null] ]
10-23 14:55:21.640   524   790 D MultiInternetWifiNetworkFactory: got request NetworkRequest [ REQUEST id=95, [ Capabilities: INTERNET&NOT_RESTRICTED&TRUSTED&NOT_VCN_MANAGED Uid: 10112 RequestorUid: 10112 RequestorPkg: com.google.android.dialer UnderlyingNetworks: Null] ]
10-23 14:55:21.640  3412  3605 I DialerRestartCompletedReceiver: com.android.dialer.businessvoice.verifiedcall.impl.registration.RestartCompletedReceiver.lambda$enqueueWorker$2:116 Enqueued worker: CONSTELLATION_SYNC
10-23 14:55:21.642  3412  3412 I DialerVoicemailPowerCycleReceiver: com.android.voicemail.VoicemailPowerCycleReceiver.onReceive:42 onReceive with intent action: android.intent.action.BOOT_COMPLETED
10-23 14:55:21.643  3412  3412 I DialerDialerVisualVoicemailService: com.android.voicemail.impl.DialerVisualVoicemailService.onBoot:258 onBoot [CONTEXT enable_persistent_logger=true ]
10-23 14:55:21.644  4305  4305 I android.camera2: Using CollectorTypeCC GC.
10-23 14:55:21.645  4305  4305 W android.camera2: Unexpected CPU variant for x86: x86_64.
10-23 14:55:21.645  4305  4305 W android.camera2: Known variants: atom, sandybridge, silvermont, goldmont, goldmont-plus, tremont, kabylake, default
10-23 14:55:21.647  4305  4305 E android.camera2: Not starting debugger since process cannot load the jdwp agent.
10-23 14:55:21.656   524   534 I system_server: Background young concurrent copying GC freed 699107(27MB) AllocSpace objects, 47(1068KB) LOS objects, 26% free, 38MB/52MB, paused 20.055ms,2.250ms total 1.157s
10-23 14:55:21.624  1089  1089 D CarrierSvcBindHelper: No carrier app for: 0
10-23 14:55:21.664  4305  4305 D CompatibilityChangeReporter: Compat change id reported: 171979766; UID 10144; state: ENABLED
10-23 14:55:21.664  4305  4305 D CompatibilityChangeReporter: Compat change id reported: 242716250; UID 10144; state: ENABLED
10-23 14:55:21.670  1468  4290 W Conscrypt: Could not set socket write timeout: java.net.SocketException: Socket closed
10-23 14:55:21.670  1468  4290 W Conscrypt: 	at com.google.android.gms.org.conscrypt.Platform.setSocketWriteTimeout(:com.google.android.gms@231818047@23.18.18 (190800-535401451):2)
10-23 14:55:21.670  1468  4290 W Conscrypt: 	at com.google.android.gms.org.conscrypt.ConscryptFileDescriptorSocket.setSoWriteTimeout(:com.google.android.gms@231818047@23.18.18 (190800-535401451):0)
10-23 14:55:21.672  1657  1657 I AiAiEcho: AppFetcherImpl onPackageChanged com.google.android.inputmethod.latin.
10-23 14:55:21.678  1657  3692 I AiAiEcho: AppIndexer Package:[com.google.android.inputmethod.latin] UserProfile:[0] Enabled:[true].
10-23 14:55:21.678  1657  3692 I AiAiEcho: AppFetcherImplV2 updateApps package:[com.google.android.inputmethod.latin], userId:[0], reason:[package is updated.].
10-23 14:55:21.683  1657  2172 I SP.AiAi : Scheduling: download registered, 0 started, 0 paused, 0 scheduled, 4 pending: manifests:spelling_correction-22110320 {W:b:I:l, bg}, manifests:captions_i18n_v0_background-20210623 @ {W:b:u:l, bg}, manifests:text-classifier-annotator-272525175 {W:b:u:l, bg}, manifests:text-classifier-actions-1140547708 {W:b:u:l, bg}
10-23 14:55:21.690  3412  3412 I DialerConstellationSyncWorker: com.android.dialer.businessvoice.control.worker.ConstellationSyncWorker.startWork:66 starting work
10-23 14:55:21.693  4305  4305 D nativeloader: Configuring clns-6 for other apk /system/framework/org.apache.http.legacy.jar. target_sdk_version=1000, uses_libraries=ALL, library_path=/product/app/Camera2/lib/x86_64:/product/app/Camera2/Camera2.apk!/lib/x86_64, permitted_path=/data:/mnt/expand:/data/user/0/com.android.camera2
10-23 14:55:21.702  2993  3065 D CompatibilityChangeReporter: Compat change id reported: 263076149; UID 10124; state: DISABLED
10-23 14:55:21.706  3412  3605 I DialerCountryCodeProvider: com.android.dialer.businessvoice.verifiedcall.impl.i18n.CountryCodeProvider.getSimCountryCodeInternal:85 returning Redacted-2-chars
10-23 14:55:21.707  3412  3568 I DialerCachedVerifiedNumberProvider: com.android.dialer.businessvoice.verifiedcall.impl.constellation.CachedVerifiedNumberProvider.refreshConstellationInfo:190 Retrieving constellation info and refreshing the cache.
10-23 14:55:21.711  4305  4305 D nativeloader: InitLlndkLibrariesProduct: libEGL.so:libGLESv1_CM.so:libGLESv2.so:libGLESv3.so:libRS.so:libandroid_net.so:libbinder_ndk.so:libc.so:libcgrouprc.so:libclang_rt.asan-x86_64-android.so:libcom.android.tethering.connectivity_native.so:libdl.so:libft2.so:liblog.so:libm.so:libmediandk.so:libnativewindow.so:libneuralnetworks.so:libselinux.so:libsync.so:libvndksupport.so:libvulkan.so
10-23 14:55:21.712  4305  4305 D nativeloader: Configuring product-clns-7 for unbundled product apk /product/app/Camera2/Camera2.apk. target_sdk_version=1000, uses_libraries=, library_path=/product/app/Camera2/lib/x86_64:/product/app/Camera2/Camera2.apk!/lib/x86_64:/product/lib64:/system/product/lib64, permitted_path=/data:/mnt/expand:/data/user/0/com.android.camera2:/product/lib64:/system/product/lib64
10-23 14:55:21.712  4305  4305 D nativeloader: InitVndkspLibrariesProduct: android.hardware.common-V2-ndk.so:android.hardware.common.fmq-V1-ndk.so:android.hardware.graphics.allocator-V2-ndk.so:android.hardware.graphics.common-V4-ndk.so:android.hardware.graphics.common@1.0.so:android.hardware.graphics.common@1.1.so:android.hardware.graphics.common@1.2.so:android.hardware.graphics.composer3-V1-ndk.so:android.hardware.graphics.mapper@2.0.so:android.hardware.graphics.mapper@2.1.so:android.hardware.graphics.mapper@3.0.so:android.hardware.graphics.mapper@4.0.so:android.hardware.renderscript@1.0.so:android.hidl.memory.token@1.0.so:android.hidl.memory@1.0-impl.so:android.hidl.memory@1.0.so:android.hidl.safe_union@1.0.so:libRSCpuRef.so:libRSDriver.so:libRS_internal.so:libbase.so:libbcinfo.so:libblas.so:libc++.so:libcompiler_rt.so:libcutils.so:libdmabufheap.so:libgralloctypes.so:libhardware.so:libhidlbase.so:libhidlmemory.so:libion.so:libjsoncpp.so:liblzma.so:libprocessgroup.so:libunwindstack.so:libutils.so:libutilscallstack.so:libz.so
10-23 14:55:21.715  1089  1116 W System  : A resource failed to call AbstractCursor.close.
10-23 14:55:21.715  1089  1116 W System  : A resource failed to call AbstractCursor.close.
10-23 14:55:21.715  1089  1116 W System  : A resource failed to call AbstractCursor.close.
10-23 14:55:21.727  1468  1468 D BoundBrokerSvc: onUnbind: Intent { act=com.google.android.gms.common.BIND_SHARED_PREFS pkg=com.google.android.gms }
10-23 14:55:21.728   155   155 I hwservicemanager: getTransport: Cannot find entry android.hardware.graphics.mapper@4.0::IMapper/default in either framework or device VINTF manifest.
10-23 14:55:21.729  3911  4251 I Gralloc4: mapper 4.x is not supported
10-23 14:55:21.741  3911  4251 E OpenGLRenderer: Unable to match the desired swap behavior.
10-23 14:55:21.754  1089  1089 D CarrierSvcBindHelper: onPackageModified: com.google.android.tts
10-23 14:55:21.754  1089  1331 D ImsResolver: maybeAddedImsService, packageName: com.google.android.gms
10-23 14:55:21.762  1089  1089 D CarrierSvcBindHelper: No carrier app for: 0
10-23 14:55:21.771   351   351 D Zygote  : Forked child process 4327
10-23 14:55:21.779   524  2035 W ServiceManagerCppClient: Permission failure: android.permission.ROTATE_SURFACE_FLINGER from uid=10183 pid=0
10-23 14:55:21.779   524  2035 D PermissionCache: checking android.permission.ROTATE_SURFACE_FLINGER for uid=10183 => denied (54 us)
10-23 14:55:21.779   524  2035 W ServiceManagerCppClient: Permission failure: android.permission.INTERNAL_SYSTEM_WINDOW from uid=10183 pid=0
10-23 14:55:21.779   524  2035 D PermissionCache: checking android.permission.INTERNAL_SYSTEM_WINDOW for uid=10183 => denied (13 us)
10-23 14:55:21.779   524  2035 W ServiceManagerCppClient: Permission failure: android.permission.ACCESS_SURFACE_FLINGER from uid=10183 pid=0
10-23 14:55:21.779   524  2035 D PermissionCache: checking android.permission.ACCESS_SURFACE_FLINGER for uid=10183 => denied (9 us)
10-23 14:55:21.781  4327  4327 I droid.dynsystem: Using CollectorTypeCC GC.
10-23 14:55:21.782  4327  4327 W droid.dynsystem: Unexpected CPU variant for x86: x86_64.
10-23 14:55:21.782  4327  4327 W droid.dynsystem: Known variants: atom, sandybridge, silvermont, goldmont, goldmont-plus, tremont, kabylake, default
10-23 14:55:21.783  1089  1331 D ImsResolver: maybeAddedImsService, packageName: com.google.android.tts
10-23 14:55:21.783  1089  1089 D CarrierSvcBindHelper: onPackageModified: com.google.android.apps.youtube.music
10-23 14:55:21.783  1089  1089 D CarrierSvcBindHelper: No carrier app for: 0
10-23 14:55:21.789  4327  4327 E droid.dynsystem: Not starting debugger since process cannot load the jdwp agent.
10-23 14:55:21.797  1468  3344 I EnterpriseLoader: [ConditionsChecker] ZT config not present. [CONTEXT service_id=225 ]
10-23 14:55:21.798  1468  3344 I SnapshotHandler: Unable to retrieve flag snapshot for com.google.android.gms.esim#com.google.android.gms, using defaults.
10-23 14:55:21.798  1468  3344 I EsimModuleInit: onHandleIntent action: com.google.android.gms.chimera.container.CONTAINER_UPDATED [CONTEXT service_id=333 ]
10-23 14:55:21.816  1348  2488 I FontLog : Received query Noto Color Emoji Compat, URI content://com.google.android.gms.fonts [CONTEXT service_id=132 ]
10-23 14:55:21.818  1348  2488 I FontLog : Query [emojicompat-emoji-font] resolved to {Noto Color Emoji Compat, wdth 100.0, wght 400, ital 0.0, bestEffort false} [CONTEXT service_id=132 ]
10-23 14:55:21.820  3911  3911 D CompatibilityChangeReporter: Compat change id reported: 171228096; UID 10183; state: ENABLED
10-23 14:55:21.835  1468  1468 D BoundBrokerSvc: onBind: Intent { act=com.google.android.gms.common.BIND_SHARED_PREFS pkg=com.google.android.gms }
10-23 14:55:21.835  1468  1468 D BoundBrokerSvc: Loading bound service for intent: Intent { act=com.google.android.gms.common.BIND_SHARED_PREFS pkg=com.google.android.gms }
10-23 14:55:21.839  4257  4257 V GraphicsEnvironment: Currently set values for:
10-23 14:55:21.839  4257  4257 V GraphicsEnvironment:   angle_gl_driver_selection_pkgs=[]
10-23 14:55:21.839  4257  4257 V GraphicsEnvironment:   angle_gl_driver_selection_values=[]
10-23 14:55:21.840  4257  4257 V GraphicsEnvironment: ANGLE GameManagerService for com.android.carrierdefaultapp: false
10-23 14:55:21.840  4257  4257 V GraphicsEnvironment: com.android.carrierdefaultapp is not listed in per-application setting
10-23 14:55:21.840  4257  4257 V GraphicsEnvironment: Neither updatable production driver nor prerelease driver is supported.
10-23 14:55:21.845  4305  4305 V GraphicsEnvironment: Currently set values for:
10-23 14:55:21.845  4305  4305 V GraphicsEnvironment:   angle_gl_driver_selection_pkgs=[]
10-23 14:55:21.845  4305  4305 V GraphicsEnvironment:   angle_gl_driver_selection_values=[]
10-23 14:55:21.846  4305  4305 V GraphicsEnvironment: ANGLE GameManagerService for com.android.camera2: false
10-23 14:55:21.846  4305  4305 V GraphicsEnvironment: com.android.camera2 is not listed in per-application setting
10-23 14:55:21.846  4305  4305 V GraphicsEnvironment: Neither updatable production driver nor prerelease driver is supported.
10-23 14:55:21.849  3041  3436 D ApacheHttpTransport: Contacting Heterodyne at https://www.googleapis.com/experimentsandconfigs/v1/getExperimentsAndConfigs?r=12&c=128
10-23 14:55:21.857  1132  1166 I ImeTracker: com.google.android.apps.nexuslauncher:79b9f186: onRequestHide at ORIGIN_CLIENT_HIDE_SOFT_INPUT reason HIDE_SOFT_INPUT
10-23 14:55:21.858  1132  2137 D OneSearchSuggestProvider: Shut down the binder channel
10-23 14:55:21.862   524  2872 I ImeTracker: com.google.android.apps.nexuslauncher:79b9f186: onCancelled at PHASE_SERVER_SHOULD_HIDE
10-23 14:55:21.866  1089  1331 D ImsResolver: maybeAddedImsService, packageName: com.google.android.apps.youtube.music
10-23 14:55:21.876  1468  1468 D BoundBrokerSvc: onUnbind: Intent { act=com.google.android.gms.common.BIND_SHARED_PREFS pkg=com.google.android.gms }
10-23 14:55:21.877  1348  1348 D BluetoothAdapter: registerBluetoothConnectionCallback()
10-23 14:55:21.878  1468  1468 D BoundBrokerSvc: onBind: Intent { act=com.google.android.gms.constellation.service.START pkg=com.google.android.gms }
10-23 14:55:21.878  1468  1468 D BoundBrokerSvc: Loading bound service for intent: Intent { act=com.google.android.gms.constellation.service.START pkg=com.google.android.gms }
10-23 14:55:21.882   459   459 W libgoldfish-rild: Multi-element reporting criteria are not supported with HIDL HAL
10-23 14:55:21.883  4327  4327 D CompatibilityChangeReporter: Compat change id reported: 171979766; UID 1000; state: ENABLED
10-23 14:55:21.883  4327  4327 D CompatibilityChangeReporter: Compat change id reported: 242716250; UID 1000; state: ENABLED
10-23 14:55:21.891  4257  4257 D CarrierDefaultBroadcastReceiver: onReceive intent: android.telephony.action.CARRIER_SIGNAL_RESET
10-23 14:55:21.898  1089  1089 D TelephonyProvider: subId:1 mccmnc=310260 carrierId=1, match current APN size:  1
10-23 14:55:21.905  4305  4305 I CAM_Profiler: [ 31.534ms][ui] GUARD: FirstRunDetector getTimeOfFirstRun - [31.534ms] PreferenceManager.getDefaultSharedPreferences
10-23 14:55:21.917  2964  3350 I PBSessionCacheImpl: Deleted sessionId[13037507931822820] from persistence.
10-23 14:55:21.929   524   544 W ziparchive: Unable to open '/data/app/~~l7Rq4SQe7Y9FzOfn2-YRbQ==/com.example.lunchtray-gbGN8hPxDqDvdbmHMgLHzQ==/base.dm': No such file or directory
10-23 14:55:21.929  4305  4305 I CAM_Profiler: [ 55.388ms][ui] GUARD: FirstRunDetector getTimeOfFirstRun - [23.854ms] preferences.getLong
10-23 14:55:21.932  4305  4305 I CAM_Profiler: [ 57.711ms][ui] GUARD: FirstRunDetector getTimeOfFirstRun - STOP
10-23 14:55:21.932  4305  4305 I CAM_Profiler: [ 57.990ms][ui] GUARD: CameraApp onCreate() - [57.990ms] initializeTimeOfFirstRun
10-23 14:55:21.938  3041  3436 D TrafficStats: tagSocket(123) with statsTag=0xffffffff, statsUid=-1
10-23 14:55:21.939  4305  4305 I CAM_Profiler: [ 65.599ms][ui] GUARD: CameraApp onCreate() - STOP
10-23 14:55:21.941  4305  4305 W CAM_Log : Tag SetActivitiesCameraReceiver is 8 chars longer than limit.
10-23 14:55:21.941  4305  4305 I CAM_SetActivitiesCamera: component state is 1
10-23 14:55:21.942  1089  1089 D TelephonyProvider: match MNO APN: 1
10-23 14:55:21.942  1089  1089 D TelephonyProvider: match carrier id APN: 0
10-23 14:55:21.944  1089  1089 D TelephonyProvider: subIdString = 1 subId = 1
10-23 14:55:21.948  1089  1089 D TelephonyProvider: subIdString = 1 subId = 1
10-23 14:55:21.949  1468  3344 I MlBenchmarkInstaller: Intent: com.google.android.gms.chimera.container.CONTAINER_UPDATED [CONTEXT service_id=340 ]
10-23 14:55:21.949  1089  1089 D TelephonyProvider: subIdString = 1 subId = 1
10-23 14:55:21.959  1348  1348 I NearbyShared: BTConnStateMgr: BluetoothConnectionCallback registered.
10-23 14:55:21.962  4327  4327 D nativeloader: Configuring clns-shared-6 for other apk /system/priv-app/DynamicSystemInstallationService/DynamicSystemInstallationService.apk. target_sdk_version=34, uses_libraries=, library_path=/system/priv-app/DynamicSystemInstallationService/lib/x86_64:/system/priv-app/DynamicSystemInstallationService/DynamicSystemInstallationService.apk!/lib/x86_64:/system/lib64:/system_ext/lib64, permitted_path=/data:/mnt/expand:/data/user/0/com.android.dynsystem:/system/priv-app/DynamicSystemInstallationService:/system/lib64:/system_ext/lib64
10-23 14:55:21.978  1089  1089 D CarrierConfigLoader: Update config for phoneId: 0 simState: LOADED
10-23 14:55:21.988  1657  2172 I SP.AiAi : Scheduling: download registered, 0 started, 0 paused, 0 scheduled, 5 pending: manifests:spelling_correction-22110320 {W:b:I:l, bg}, manifests:captions_i18n_v0_background-20210623 @ {W:b:u:l, bg}, manifests:text-classifier-annotator-272525175 {W:b:u:l, bg}, manifests:text-classifier-actions-1140547708 {W:b:u:l, bg}, manifests:text-classifier-langid-1941001461 {W:b:u:l, bg}
10-23 14:55:21.990  4228  4291 D CompatibilityChangeReporter: Compat change id reported: 160794467; UID 10168; state: ENABLED
10-23 14:55:21.998   524   544 I ActivityTaskManager: Displayed com.example.lunchtray/androidx.fragment.app.testing.FragmentScenario$EmptyFragmentActivity for user 0: +1s154ms
10-23 14:55:22.002  3911  4165 D EventInjectionStrategy: Creating injection strategy with input manager.
10-23 14:55:22.002  3911  4165 W ample.lunchtray: Accessing hidden method Landroid/hardware/input/InputManager;->getInstance()Landroid/hardware/input/InputManager; (unsupported, reflection, allowed)
10-23 14:55:22.008  3911  4165 W ample.lunchtray: Accessing hidden method Landroid/hardware/input/InputManager;->injectInputEvent(Landroid/view/InputEvent;I)Z (unsupported, reflection, allowed)
10-23 14:55:22.008  3911  4165 W ample.lunchtray: Accessing hidden field Landroid/hardware/input/InputManager;->INJECT_INPUT_EVENT_MODE_WAIT_FOR_FINISH:I (unsupported, reflection, allowed)
10-23 14:55:22.016  1089  1089 D TelephonyProvider: subIdString = 1 subId = 1
10-23 14:55:22.018  3911  3911 D LifecycleMonitor: Lifecycle status change: androidx.test.core.app.InstrumentationActivityInvoker$BootstrapActivity@4aabded in: STOPPED
10-23 14:55:22.020  3911  3911 V ActivityScenario: Activity lifecycle changed event received but ignored because the intent does not match. startActivityIntent=Intent { act=android.intent.action.MAIN cat=[android.intent.category.LAUNCHER] cmp=com.example.lunchtray/androidx.fragment.app.testing.FragmentScenario$EmptyFragmentActivity (has extras) }, activity.getIntent()=Intent { act=android.intent.action.MAIN cat=[android.intent.category.LAUNCHER] flg=0x10008000 cmp=com.example.lunchtray/androidx.test.core.app.InstrumentationActivityInvoker$BootstrapActivity (has extras) }, activity=androidx.test.core.app.InstrumentationActivityInvoker$BootstrapActivity@4aabded
10-23 14:55:22.025  1468  3344 I NearbySharing: Runtime state initialization complete. Sharing is enabled. [CONTEXT service_id=194 ]
10-23 14:55:22.025  1468  3344 W libc    : Access denied finding property "ro.hardware.chipname"
10-23 14:55:22.025  1089  1089 D TelephonyProvider: subId:1 mccmnc=310260 carrierId=1, match current APN size:  1
10-23 14:55:22.026  1468  3344 W ChipsetHelper: Unknown chipset! [CONTEXT service_id=301 ]
10-23 14:55:22.026  1468  3344 I NnApiDriverManager: Registering application with chipset 'unknown' [CONTEXT service_id=301 ]
10-23 14:55:22.026  1089  1089 D TelephonyProvider: match MNO APN: 1
10-23 14:55:22.026  1089  1089 D TelephonyProvider: match carrier id APN: 0
10-23 14:55:22.038  4327  4327 V GraphicsEnvironment: Currently set values for:
10-23 14:55:22.038  4327  4327 V GraphicsEnvironment:   angle_gl_driver_selection_pkgs=[]
10-23 14:55:22.038  4327  4327 V GraphicsEnvironment:   angle_gl_driver_selection_values=[]
10-23 14:55:22.046  3041  3436 I TrafficStats: untagSocket(123)
10-23 14:55:22.048  1089  1089 D TelephonyProvider: subIdString = 1 subId = 1
10-23 14:55:22.051  4257  4257 D CarrierDefaultBroadcastReceiver: apply carrier action idx: 6
10-23 14:55:22.052  4257  4257 D CarrierActionUtils: onCancelAllNotifications
10-23 14:55:22.052  4257  4257 D CarrierDefaultBroadcastReceiver: apply carrier action idx: 8
10-23 14:55:22.052  4257  4257 D CarrierActionUtils: onDisableDefaultURLHandler
10-23 14:55:22.053  3412  3412 I DialerVvmDailyWorker: com.android.dialer.voicemail.service.receivers.VvmDailyWorker.startWork:85 startWork
10-23 14:55:22.054  3412  3605 I DialerVoicemailStatusDataMigration: com.android.dialer.voicemailstatus.dataservice.impl.VoicemailStatusDataMigration.lambda$migrate$0:78 no package status to migrate
10-23 14:55:22.054  4327  4327 V GraphicsEnvironment: ANGLE GameManagerService for com.android.dynsystem: false
10-23 14:55:22.054  4327  4327 V GraphicsEnvironment: com.android.dynsystem is not listed in per-application setting
10-23 14:55:22.054  4327  4327 V GraphicsEnvironment: Neither updatable production driver nor prerelease driver is supported.
10-23 14:55:22.059  3041  4229 E PhenotypeCombinedFlags: Config package com.google.android.gms.phenotype cannot use PROCESS_STABLE backing without declarative registration. See go/phenotype-android-integration#phenotype for more information. This will lead to stale flags.
10-23 14:55:22.063  4257  4257 D CarrierDefaultBroadcastReceiver: onReceive intent: android.telephony.action.CARRIER_SIGNAL_RESET
10-23 14:55:22.066  1089  1089 D TelephonyProvider: subIdString = 1 subId = 1
10-23 14:55:22.067  3412  3567 I DialerVoicemailStatusDataMigration: com.android.dialer.voicemailstatus.dataservice.impl.VoicemailStatusDataMigration.cleanup:89 enter
10-23 14:55:22.069   351   351 D Zygote  : Forked child process 4356
10-23 14:55:22.079  2278  2868 I HttpGrpcBindableService: Downloading requested for URL 'https://storage.googleapis.com/captions/captions_i18n_v0_20210623_manifest.json'
10-23 14:55:22.083  3041  3436 I Finsky  : [45] spe.g(1): Received Heterodyne sync response. StatusCode=200
10-23 14:55:22.083  3041  3436 D HeterodyneSyncer: update last fetch to 1698068400
10-23 14:55:22.084  3041  3436 D HeterodyneSyncer: update application tag, changed: com.google.android.finsky.stable, 83561110, , 0
10-23 14:55:22.084  3041  3436 D HeterodyneSyncer: Clearing partition: 0
10-23 14:55:22.086  3041  3436 D HeterodyneSyncer: updateFlag: com.google.android.finsky.stable, 83561110, 0, , AutoUpdate__enable_atomic_install_cancel_oversample
10-23 14:55:22.086  3041  3436 D HeterodyneSyncer: updateFlag: com.google.android.finsky.stable, 83561110, 0, , AutoUpdate__enable_atomic_install_content_sync_stable
10-23 14:55:22.086  3041  3436 D HeterodyneSyncer: updateFlag: com.google.android.finsky.stable, 83561110, 0, , Cashmere__main_disk_cache_size_increase_mb
10-23 14:55:22.086  3041  3436 D HeterodyneSyncer: updateFlag: com.google.android.finsky.stable, 83561110, 0, , ClearVolleyCacheForPlayBillingLab__enable_clear_volley_cache
10-23 14:55:22.086  3041  3436 D HeterodyneSyncer: updateFlag: com.google.android.finsky.stable, 83561110, 0, , ClusterRenderingLatencyLogging__enable_cluster_rendering_latency
10-23 14:55:22.086  3041  3436 D HeterodyneSyncer: updateFlag: com.google.android.finsky.stable, 83561110, 0, , CrossFormFactorInstall__change_dp_device_list_color_primary
10-23 14:55:22.086  3041  3436 D HeterodyneSyncer: updateFlag: com.google.android.finsky.stable, 83561110, 0, , CrossFormFactorInstall__change_mdp_device_list_color_primary
10-23 14:55:22.086  3041  3436 D HeterodyneSyncer: updateFlag: com.google.android.finsky.stable, 83561110, 0, , CrossFormFactorInstall__enable_dp_device_list_expand
10-23 14:55:22.086  3041  3436 D HeterodyneSyncer: updateFlag: com.google.android.finsky.stable, 83561110, 0, , CrossFormFactorInstall__enable_mdp_device_list_expand
10-23 14:55:22.086  3041  3436 D HeterodyneSyncer: updateFlag: com.google.android.finsky.stable, 83561110, 0, , Cubes__cubes_enabled
10-23 14:55:22.086  3041  3436 D HeterodyneSyncer: updateFlag: com.google.android.finsky.stable, 83561110, 0, , Cubes__cubes_is_developer
10-23 14:55:22.086  3041  3436 D HeterodyneSyncer: updateFlag: com.google.android.finsky.stable, 83561110, 0, , DataLoader__enable_compressed_rest_nugget
10-23 14:55:22.086  3041  3436 D HeterodyneSyncer: updateFlag: com.google.android.finsky.stable, 83561110, 0, , DataLoader__enable_installerv2_incremental_install
10-23 14:55:22.086  3041  3436 D HeterodyneSyncer: updateFlag: com.google.android.finsky.stable, 83561110, 0, , DataLoader__enable_installerv2_incremental_streaming_install
10-23 14:55:22.086  3041  3436 D HeterodyneSyncer: updateFlag: com.google.android.finsky.stable, 83561110, 0, , DataLoader__enable_on_demand_download_deduping
10-23 14:55:22.086  3041  3436 D HeterodyneSyncer: updateFlag: com.google.android.finsky.stable, 83561110, 0, , DataLoader__enable_on_demand_download_retry_with_ds
10-23 14:55:22.086  3041  3436 D HeterodyneSyncer: updateFlag: com.google.android.finsky.stable, 83561110, 0, , DataLoader__enable_on_demand_rest_nugget
10-23 14:55:22.086  3041  3436 D HeterodyneSyncer: updateFlag: com.google.android.finsky.stable, 83561110, 0, , DataLoader__enable_rest_nugget_preprocessing
10-23 14:55:22.091  3041  3436 D HeterodyneSyncer: updateFlag: com.google.android.finsky.stable, 83561110, 0, , DataLoader__flavor_based_enable_compressed_rest_nugget
10-23 14:55:22.091  3041  3436 D HeterodyneSyncer: updateFlag: com.google.android.finsky.stable, 83561110, 0, , DeveloperPage__developer_page_url
10-23 14:55:22.091  3041  3436 D HeterodyneSyncer: updateFlag: com.google.android.finsky.stable, 83561110, 0, , DeviceUserAuthenticationSettingsSync__enable_device_user_authentication_settings_sync
10-23 14:55:22.091  3041  3436 D HeterodyneSyncer: updateFlag: com.google.android.finsky.stable, 83561110, 0, , DeviceUserAuthenticationSettingsSync__enable_update_fallback_purchase_authentication_method_job
10-23 14:55:22.091  3041  3436 D HeterodyneSyncer: updateFlag: com.google.android.finsky.stable, 83561110, 0, , DownloadService__download_auto_updates_invisibly
10-23 14:55:22.091  3041  3436 D HeterodyneSyncer: updateFlag: com.google.android.finsky.stable, 83561110, 0, , DownloadService__download_background_auto_updates_invisibly
10-23 14:55:22.091  3041  3436 D HeterodyneSyncer: updateFlag: com.google.android.finsky.stable, 83561110, 0, , DownloadService__enable_attempt_cancelled_events
10-23 14:55:22.091  3041  3436 D HeterodyneSyncer: updateFlag: com.google.android.finsky.stable, 83561110, 0, , DownloadService__enable_attempt_downloading_events
10-23 14:55:22.091  3041  3436 D HeterodyneSyncer: updateFlag: com.google.android.finsky.stable, 83561110, 0, , DownloadService__enable_attempt_failed_events
10-23 14:55:22.091  3041  3436 D HeterodyneSyncer: updateFlag: com.google.android.finsky.stable, 83561110, 0, , DownloadService__enable_attempt_opened_connection_events
10-23 14:55:22.091  3041  3436 D HeterodyneSyncer: updateFlag: com.google.android.finsky.stable, 83561110, 0, , DownloadService__enable_attempt_started_events
10-23 14:55:22.091  3041  3436 D HeterodyneSyncer: updateFlag: com.google.android.finsky.stable, 83561110, 0, , DownloadService__enable_attempt_state_notified_events
10-23 14:55:22.091  3041  3436 D HeterodyneSyncer: updateFlag: com.google.android.finsky.stable, 83561110, 0, , DownloadService__enable_attempt_succeeded_events
10-23 14:55:22.091  3041  3436 D HeterodyneSyncer: updateFlag: com.google.android.finsky.stable, 83561110, 0, , DownloadService__enable_cancellation_fix
10-23 14:55:22.091  3041  3436 D HeterodyneSyncer: updateFlag: com.google.android.finsky.stable, 83561110, 0, , DownloadService__enable_cronet_connection_open_timeout
10-23 14:55:22.091  3041  3436 D HeterodyneSyncer: updateFlag: com.google.android.finsky.stable, 83561110, 0, , DownloadService__enable_download_service_events
10-23 14:55:22.091  3041  3436 D HeterodyneSyncer: updateFlag: com.google.android.finsky.stable, 83561110, 0, , DownloadService__enable_download_service_in_installer
10-23 14:55:22.091  3041  3436 D HeterodyneSyncer: updateFlag: com.google.android.finsky.stable, 83561110, 0, , DownloadService__enable_request_allowed_any_network_events
10-23 14:55:22.091  3041  3436 D HeterodyneSyncer: updateFlag: com.google.android.finsky.stable, 83561110, 0, , DownloadService__enable_request_cancelled_events
10-23 14:55:22.091  3041  3436 D HeterodyneSyncer: updateFlag: com.google.android.finsky.stable, 83561110, 0, , DownloadService__enable_request_queued_events
10-23 14:55:22.091  3041  3436 D HeterodyneSyncer: updateFlag: com.google.android.finsky.stable, 83561110, 0, , DownloadService__enable_request_received_events
