10-23 14:55:38.641  5002  5074 E gs.intelligence: No package ID ff found for resource ID 0xffffffff.
10-23 14:55:38.646  5002  5074 E gs.intelligence: No package ID ff found for resource ID 0xffffffff.
10-23 14:55:38.647  5002  5074 E gs.intelligence: No package ID ff found for resource ID 0xffffffff.
10-23 14:55:38.647  5002  5074 E gs.intelligence: No package ID ff found for resource ID 0xffffffff.
10-23 14:55:38.659  5002  5074 E gs.intelligence: No package ID ff found for resource ID 0xffffffff.
10-23 14:55:38.659  5002  5074 E gs.intelligence: No package ID ff found for resource ID 0xffffffff.
10-23 14:55:38.659  5002  5074 E gs.intelligence: No package ID ff found for resource ID 0xffffffff.
10-23 14:55:38.660  5002  5074 E gs.intelligence: No package ID ff found for resource ID 0xffffffff.
10-23 14:55:38.660  5002  5074 E gs.intelligence: No package ID ff found for resource ID 0xffffffff.
10-23 14:55:38.660  5002  5074 E gs.intelligence: No package ID ff found for resource ID 0xffffffff.
10-23 14:55:38.660  5002  5074 E gs.intelligence: No package ID ff found for resource ID 0xffffffff.
10-23 14:55:38.661  5002  5074 E gs.intelligence: No package ID ff found for resource ID 0xffffffff.
10-23 14:55:38.661  5002  5074 E gs.intelligence: No package ID ff found for resource ID 0xffffffff.
10-23 14:55:38.661  5002  5074 E gs.intelligence: No package ID ff found for resource ID 0xffffffff.
10-23 14:55:38.661  5002  5074 E gs.intelligence: No package ID ff found for resource ID 0xffffffff.
10-23 14:55:38.662  5002  5074 E gs.intelligence: No package ID ff found for resource ID 0xffffffff.
10-23 14:55:38.662  5002  5074 E gs.intelligence: No package ID ff found for resource ID 0xffffffff.
10-23 14:55:38.663  5002  5074 E gs.intelligence: No package ID ff found for resource ID 0xffffffff.
10-23 14:55:38.663  5002  5074 E gs.intelligence: No package ID ff found for resource ID 0xffffffff.
10-23 14:55:38.663  5002  5074 E gs.intelligence: No package ID ff found for resource ID 0xffffffff.
10-23 14:55:38.664  5002  5074 E gs.intelligence: No package ID ff found for resource ID 0xffffffff.
10-23 14:55:38.664  5002  5074 E gs.intelligence: No package ID ff found for resource ID 0xffffffff.
10-23 14:55:38.664  5002  5074 E gs.intelligence: No package ID ff found for resource ID 0xffffffff.
10-23 14:55:38.664  5002  5074 E gs.intelligence: No package ID ff found for resource ID 0xffffffff.
10-23 14:55:38.664  5002  5074 E gs.intelligence: No package ID ff found for resource ID 0xffffffff.
10-23 14:55:38.664  5002  5074 E gs.intelligence: No package ID ff found for resource ID 0xffffffff.
10-23 14:55:38.664  5002  5074 E gs.intelligence: No package ID ff found for resource ID 0xffffffff.
10-23 14:55:38.664  5002  5074 E gs.intelligence: No package ID ff found for resource ID 0xffffffff.
10-23 14:55:38.664  5002  5074 E gs.intelligence: No package ID ff found for resource ID 0xffffffff.
10-23 14:55:38.664  5002  5074 E gs.intelligence: No package ID ff found for resource ID 0xffffffff.
10-23 14:55:38.664  5002  5074 E gs.intelligence: No package ID ff found for resource ID 0xffffffff.
10-23 14:55:38.664  5002  5074 E gs.intelligence: No package ID ff found for resource ID 0xffffffff.
10-23 14:55:38.664  5002  5074 E gs.intelligence: No package ID ff found for resource ID 0xffffffff.
10-23 14:55:38.664  5002  5074 E gs.intelligence: No package ID ff found for resource ID 0xffffffff.
10-23 14:55:38.664  5002  5074 E gs.intelligence: No package ID ff found for resource ID 0xffffffff.
10-23 14:55:38.664  5002  5074 E gs.intelligence: No package ID ff found for resource ID 0xffffffff.
10-23 14:55:38.664  5002  5074 E gs.intelligence: No package ID ff found for resource ID 0xffffffff.
10-23 14:55:38.664  5002  5074 E gs.intelligence: No package ID ff found for resource ID 0xffffffff.
10-23 14:55:38.664  5002  5074 E gs.intelligence: No package ID ff found for resource ID 0xffffffff.
10-23 14:55:38.664  5002  5074 E gs.intelligence: No package ID ff found for resource ID 0xffffffff.
10-23 14:55:38.664  5002  5074 E gs.intelligence: No package ID ff found for resource ID 0xffffffff.
10-23 14:55:38.664  5002  5074 E gs.intelligence: No package ID ff found for resource ID 0xffffffff.
10-23 14:55:38.664  5002  5074 E gs.intelligence: No package ID ff found for resource ID 0xffffffff.
10-23 14:55:38.664  5002  5074 E gs.intelligence: No package ID ff found for resource ID 0xffffffff.
10-23 14:55:38.664  5002  5074 E gs.intelligence: No package ID ff found for resource ID 0xffffffff.
10-23 14:55:38.664  5002  5074 E gs.intelligence: No package ID ff found for resource ID 0xffffffff.
10-23 14:55:38.664  5002  5074 E gs.intelligence: No package ID ff found for resource ID 0xffffffff.
10-23 14:55:38.664  5002  5074 E gs.intelligence: No package ID ff found for resource ID 0xffffffff.
10-23 14:55:38.664  5002  5074 E gs.intelligence: No package ID ff found for resource ID 0xffffffff.
10-23 14:55:38.664  5002  5074 E gs.intelligence: No package ID ff found for resource ID 0xffffffff.
10-23 14:55:38.664  5002  5074 E gs.intelligence: No package ID ff found for resource ID 0xffffffff.
10-23 14:55:38.664  5002  5074 E gs.intelligence: No package ID ff found for resource ID 0xffffffff.
10-23 14:55:38.664  5002  5074 W IndexDataConverter: Skipping index for null-key item IndexData.Builder {title: null,package: com.android.settings}
10-23 14:55:38.665  5002  5074 E gs.intelligence: No package ID ff found for resource ID 0xffffffff.
10-23 14:55:38.665  5002  5074 E gs.intelligence: No package ID ff found for resource ID 0xffffffff.
10-23 14:55:38.665  5002  5074 E gs.intelligence: No package ID ff found for resource ID 0xffffffff.
10-23 14:55:38.673  5002  5074 E gs.intelligence: No package ID ff found for resource ID 0xffffffff.
10-23 14:55:38.676  5002  5074 E gs.intelligence: No package ID ff found for resource ID 0xffffffff.
10-23 14:55:38.679  5002  5074 E gs.intelligence: No package ID ff found for resource ID 0xffffffff.
10-23 14:55:38.679  5002  5074 E gs.intelligence: No package ID ff found for resource ID 0xffffffff.
10-23 14:55:38.680  5002  5074 E gs.intelligence: No package ID ff found for resource ID 0xffffffff.
10-23 14:55:38.680  5002  5074 E gs.intelligence: No package ID ff found for resource ID 0xffffffff.
10-23 14:55:38.681  5002  5074 E gs.intelligence: No package ID ff found for resource ID 0xffffffff.
10-23 14:55:38.681  5002  5074 E gs.intelligence: No package ID ff found for resource ID 0xffffffff.
10-23 14:55:38.681  5002  5074 E gs.intelligence: No package ID ff found for resource ID 0xffffffff.
10-23 14:55:38.686  5002  5074 E gs.intelligence: No package ID ff found for resource ID 0xffffffff.
10-23 14:55:38.686  5002  5074 E gs.intelligence: No package ID ff found for resource ID 0xffffffff.
10-23 14:55:38.686  5002  5074 E gs.intelligence: No package ID ff found for resource ID 0xffffffff.
10-23 14:55:38.695  1468  5211 I GCM-GMS : Scheduling task to register GMS
10-23 14:55:38.707   524   544 W ziparchive: Unable to open '/data/app/~~l7Rq4SQe7Y9FzOfn2-YRbQ==/com.example.lunchtray-gbGN8hPxDqDvdbmHMgLHzQ==/base.dm': No such file or directory
10-23 14:55:38.713  5002  5074 E gs.intelligence: No package ID ff found for resource ID 0xffffffff.
10-23 14:55:38.713  5002  5074 E gs.intelligence: No package ID ff found for resource ID 0xffffffff.
10-23 14:55:38.713  5002  5074 E gs.intelligence: No package ID ff found for resource ID 0xffffffff.
10-23 14:55:38.713  5002  5074 E gs.intelligence: No package ID ff found for resource ID 0xffffffff.
10-23 14:55:38.713  5002  5074 E gs.intelligence: No package ID ff found for resource ID 0xffffffff.
10-23 14:55:38.713  5002  5074 E gs.intelligence: No package ID ff found for resource ID 0xffffffff.
10-23 14:55:38.714  5002  5074 E gs.intelligence: No package ID ff found for resource ID 0xffffffff.
10-23 14:55:38.714  5002  5074 E gs.intelligence: No package ID ff found for resource ID 0xffffffff.
10-23 14:55:38.714  5002  5074 E gs.intelligence: No package ID ff found for resource ID 0xffffffff.
10-23 14:55:38.714  5002  5074 E gs.intelligence: No package ID ff found for resource ID 0xffffffff.
10-23 14:55:38.714  5002  5074 E gs.intelligence: No package ID ff found for resource ID 0xffffffff.
10-23 14:55:38.714  5002  5074 E gs.intelligence: No package ID ff found for resource ID 0xffffffff.
10-23 14:55:38.714  5002  5074 E gs.intelligence: No package ID ff found for resource ID 0xffffffff.
10-23 14:55:38.714  5002  5074 E gs.intelligence: No package ID ff found for resource ID 0xffffffff.
10-23 14:55:38.714  5002  5074 E gs.intelligence: No package ID ff found for resource ID 0xffffffff.
10-23 14:55:38.714  5002  5074 E gs.intelligence: No package ID ff found for resource ID 0xffffffff.
10-23 14:55:38.714  5002  5074 E gs.intelligence: No package ID ff found for resource ID 0xffffffff.
10-23 14:55:38.715  5002  5074 E gs.intelligence: No package ID ff found for resource ID 0xffffffff.
10-23 14:55:38.715  5002  5074 E gs.intelligence: No package ID ff found for resource ID 0xffffffff.
10-23 14:55:38.715  5002  5074 E gs.intelligence: No package ID ff found for resource ID 0xffffffff.
10-23 14:55:38.716   524   544 I ActivityTaskManager: Displayed com.example.lunchtray/androidx.fragment.app.testing.FragmentScenario$EmptyFragmentActivity for user 0: +258ms
10-23 14:55:38.716  5175  5289 D BugleRcsEngine: log_saver already enabled
10-23 14:55:38.717  5002  5074 E gs.intelligence: No package ID ff found for resource ID 0xffffffff.
10-23 14:55:38.717  5002  5074 E gs.intelligence: No package ID ff found for resource ID 0xffffffff.
10-23 14:55:38.717  5002  5074 E gs.intelligence: No package ID ff found for resource ID 0xffffffff.
10-23 14:55:38.717  5175  5357 D BugleRcsEngine: log_saver already enabled
10-23 14:55:38.720  5002  5074 E gs.intelligence: No package ID ff found for resource ID 0xffffffff.
10-23 14:55:38.720  5002  5074 E gs.intelligence: No package ID ff found for resource ID 0xffffffff.
10-23 14:55:38.720  5002  5074 E gs.intelligence: No package ID ff found for resource ID 0xffffffff.
10-23 14:55:38.721  5002  5074 E gs.intelligence: No package ID ff found for resource ID 0xffffffff.
10-23 14:55:38.721  5002  5074 E gs.intelligence: No package ID ff found for resource ID 0xffffffff.
10-23 14:55:38.721  5002  5074 E gs.intelligence: No package ID ff found for resource ID 0xffffffff.
10-23 14:55:38.721  5002  5074 E gs.intelligence: No package ID ff found for resource ID 0xffffffff.
10-23 14:55:38.721  5002  5074 E gs.intelligence: No package ID ff found for resource ID 0xffffffff.
10-23 14:55:38.721  5002  5074 E gs.intelligence: No package ID ff found for resource ID 0xffffffff.
10-23 14:55:38.721  5002  5074 E gs.intelligence: No package ID ff found for resource ID 0xffffffff.
10-23 14:55:38.721  5002  5074 E gs.intelligence: No package ID ff found for resource ID 0xffffffff.
10-23 14:55:38.721  5002  5074 E gs.intelligence: No package ID ff found for resource ID 0xffffffff.
10-23 14:55:38.721  5002  5074 E gs.intelligence: No package ID ff found for resource ID 0xffffffff.
10-23 14:55:38.721  5002  5074 E gs.intelligence: No package ID ff found for resource ID 0xffffffff.
10-23 14:55:38.721  5002  5074 E gs.intelligence: No package ID ff found for resource ID 0xffffffff.
10-23 14:55:38.721  5002  5074 E gs.intelligence: No package ID ff found for resource ID 0xffffffff.
10-23 14:55:38.721  5002  5074 E gs.intelligence: No package ID ff found for resource ID 0xffffffff.
10-23 14:55:38.721  5002  5074 E gs.intelligence: No package ID ff found for resource ID 0xffffffff.
10-23 14:55:38.721  5002  5074 E gs.intelligence: No package ID ff found for resource ID 0xffffffff.
10-23 14:55:38.722  5002  5074 E gs.intelligence: No package ID ff found for resource ID 0xffffffff.
10-23 14:55:38.722  5002  5074 E gs.intelligence: No package ID ff found for resource ID 0xffffffff.
10-23 14:55:38.722  5002  5074 E gs.intelligence: No package ID ff found for resource ID 0xffffffff.
10-23 14:55:38.722  5002  5074 E gs.intelligence: No package ID ff found for resource ID 0xffffffff.
10-23 14:55:38.723  5002  5074 E gs.intelligence: No package ID ff found for resource ID 0xffffffff.
10-23 14:55:38.723  5002  5074 E gs.intelligence: No package ID ff found for resource ID 0xffffffff.
10-23 14:55:38.723  5002  5074 E gs.intelligence: No package ID ff found for resource ID 0xffffffff.
10-23 14:55:38.723  5002  5074 E gs.intelligence: No package ID ff found for resource ID 0xffffffff.
10-23 14:55:38.723  5002  5074 E gs.intelligence: No package ID ff found for resource ID 0xffffffff.
10-23 14:55:38.732  5002  5074 E gs.intelligence: No package ID ff found for resource ID 0xffffffff.
10-23 14:55:38.733  5002  5074 E gs.intelligence: No package ID ff found for resource ID 0xffffffff.
10-23 14:55:38.733  5002  5074 E gs.intelligence: No package ID ff found for resource ID 0xffffffff.
10-23 14:55:38.733  5002  5074 W IndexDataConverter: Skipping index for null-key item IndexData.Builder {title: Cast,package: com.android.settings}
10-23 14:55:38.733  5002  5074 E gs.intelligence: No package ID ff found for resource ID 0xffffffff.
10-23 14:55:38.733  5002  5074 E gs.intelligence: No package ID ff found for resource ID 0xffffffff.
10-23 14:55:38.733  5002  5074 E gs.intelligence: No package ID ff found for resource ID 0xffffffff.
10-23 14:55:38.733  5002  5074 E gs.intelligence: No package ID ff found for resource ID 0xffffffff.
10-23 14:55:38.733  5002  5074 E gs.intelligence: No package ID ff found for resource ID 0xffffffff.
10-23 14:55:38.733  5002  5074 E gs.intelligence: No package ID ff found for resource ID 0xffffffff.
10-23 14:55:38.733  5002  5074 E gs.intelligence: No package ID ff found for resource ID 0xffffffff.
10-23 14:55:38.734  5002  5074 E gs.intelligence: No package ID ff found for resource ID 0xffffffff.
10-23 14:55:38.734  5002  5074 E gs.intelligence: No package ID ff found for resource ID 0xffffffff.
10-23 14:55:38.734  5002  5074 E gs.intelligence: No package ID ff found for resource ID 0xffffffff.
10-23 14:55:38.734  5002  5074 E gs.intelligence: No package ID ff found for resource ID 0xffffffff.
10-23 14:55:38.734  5002  5074 E gs.intelligence: No package ID ff found for resource ID 0xffffffff.
10-23 14:55:38.734  5002  5074 E gs.intelligence: No package ID ff found for resource ID 0xffffffff.
10-23 14:55:38.734  5002  5074 E gs.intelligence: No package ID ff found for resource ID 0xffffffff.
10-23 14:55:38.734  5002  5074 E gs.intelligence: No package ID ff found for resource ID 0xffffffff.
10-23 14:55:38.734  5002  5074 E gs.intelligence: No package ID ff found for resource ID 0xffffffff.
10-23 14:55:38.734  5002  5074 E gs.intelligence: No package ID ff found for resource ID 0xffffffff.
10-23 14:55:38.734  5002  5074 E gs.intelligence: No package ID ff found for resource ID 0xffffffff.
10-23 14:55:38.734  5002  5074 E gs.intelligence: No package ID ff found for resource ID 0xffffffff.
10-23 14:55:38.734  5002  5074 E gs.intelligence: No package ID ff found for resource ID 0xffffffff.
10-23 14:55:38.734  5002  5074 E gs.intelligence: No package ID ff found for resource ID 0xffffffff.
10-23 14:55:38.734  5002  5074 E gs.intelligence: No package ID ff found for resource ID 0xffffffff.
10-23 14:55:38.734  5002  5074 E gs.intelligence: No package ID ff found for resource ID 0xffffffff.
10-23 14:55:38.734  5002  5074 E gs.intelligence: No package ID ff found for resource ID 0xffffffff.
10-23 14:55:38.734  5002  5074 E gs.intelligence: No package ID ff found for resource ID 0xffffffff.
10-23 14:55:38.734  5002  5074 E gs.intelligence: No package ID ff found for resource ID 0xffffffff.
10-23 14:55:38.734  5002  5074 E gs.intelligence: No package ID ff found for resource ID 0xffffffff.
10-23 14:55:38.741  5002  5074 E gs.intelligence: No package ID ff found for resource ID 0xffffffff.
10-23 14:55:38.742  5002  5074 E gs.intelligence: No package ID ff found for resource ID 0xffffffff.
10-23 14:55:38.742  5002  5074 E gs.intelligence: No package ID ff found for resource ID 0xffffffff.
10-23 14:55:38.742  5002  5074 E gs.intelligence: No package ID ff found for resource ID 0xffffffff.
10-23 14:55:38.742  5002  5074 E gs.intelligence: No package ID ff found for resource ID 0xffffffff.
10-23 14:55:38.743  5002  5074 E gs.intelligence: No package ID ff found for resource ID 0xffffffff.
10-23 14:55:38.743  5002  5074 E gs.intelligence: No package ID ff found for resource ID 0xffffffff.
10-23 14:55:38.743  5002  5074 E gs.intelligence: No package ID ff found for resource ID 0xffffffff.
10-23 14:55:38.743  5002  5074 E gs.intelligence: No package ID ff found for resource ID 0xffffffff.
10-23 14:55:38.743  5002  5074 E gs.intelligence: No package ID ff found for resource ID 0xffffffff.
10-23 14:55:38.743  5002  5074 E gs.intelligence: No package ID ff found for resource ID 0xffffffff.
10-23 14:55:38.743  5002  5074 E gs.intelligence: No package ID ff found for resource ID 0xffffffff.
10-23 14:55:38.743  5002  5074 E gs.intelligence: No package ID ff found for resource ID 0xffffffff.
10-23 14:55:38.744  5002  5074 E gs.intelligence: No package ID ff found for resource ID 0xffffffff.
10-23 14:55:38.744  5002  5074 E gs.intelligence: No package ID ff found for resource ID 0xffffffff.
10-23 14:55:38.744  5002  5074 E gs.intelligence: No package ID ff found for resource ID 0xffffffff.
10-23 14:55:38.744  5002  5074 E gs.intelligence: No package ID ff found for resource ID 0xffffffff.
10-23 14:55:38.744  5002  5074 E gs.intelligence: No package ID ff found for resource ID 0xffffffff.
10-23 14:55:38.744  5002  5074 E gs.intelligence: No package ID ff found for resource ID 0xffffffff.
10-23 14:55:38.744  5002  5074 E gs.intelligence: No package ID ff found for resource ID 0xffffffff.
10-23 14:55:38.744  5002  5074 E gs.intelligence: No package ID ff found for resource ID 0xffffffff.
10-23 14:55:38.744  5002  5074 E gs.intelligence: No package ID ff found for resource ID 0xffffffff.
10-23 14:55:38.744  5002  5074 E gs.intelligence: No package ID ff found for resource ID 0xffffffff.
10-23 14:55:38.747  1132  1972 D EGL_emulation: app_time_stats: avg=32.12ms min=0.84ms max=268.27ms count=22
10-23 14:55:38.748  5002  5074 E gs.intelligence: No package ID ff found for resource ID 0xffffffff.
10-23 14:55:38.749  5002  5074 E gs.intelligence: No package ID ff found for resource ID 0xffffffff.
10-23 14:55:38.749  5002  5074 W IndexDataConverter: Skipping index for null-key item IndexData.Builder {title: Navigation mode,package: com.android.settings}
10-23 14:55:38.751  1468  3290 I Checkin : [EventLogChimeraService] Opted in for usage reporting: false
10-23 14:55:38.753  5002  5074 E gs.intelligence: No package ID ff found for resource ID 0xffffffff.
10-23 14:55:38.753  5002  5074 E gs.intelligence: No package ID ff found for resource ID 0xffffffff.
10-23 14:55:38.753  5002  5074 E gs.intelligence: No package ID ff found for resource ID 0xffffffff.
10-23 14:55:38.753  5002  5074 E gs.intelligence: No package ID ff found for resource ID 0xffffffff.
10-23 14:55:38.753  5002  5074 E gs.intelligence: No package ID ff found for resource ID 0xffffffff.
10-23 14:55:38.753  5002  5074 E gs.intelligence: No package ID ff found for resource ID 0xffffffff.
10-23 14:55:38.753  5002  5074 E gs.intelligence: No package ID ff found for resource ID 0xffffffff.
10-23 14:55:38.753  5002  5074 E gs.intelligence: No package ID ff found for resource ID 0xffffffff.
10-23 14:55:38.753  5002  5074 E gs.intelligence: No package ID ff found for resource ID 0xffffffff.
10-23 14:55:38.753  5002  5074 E gs.intelligence: No package ID ff found for resource ID 0xffffffff.
10-23 14:55:38.753  5002  5074 E gs.intelligence: No package ID ff found for resource ID 0xffffffff.
10-23 14:55:38.753  5002  5074 E gs.intelligence: No package ID ff found for resource ID 0xffffffff.
10-23 14:55:38.753  5002  5074 E gs.intelligence: No package ID ff found for resource ID 0xffffffff.
10-23 14:55:38.753  5002  5074 E gs.intelligence: No package ID ff found for resource ID 0xffffffff.
10-23 14:55:38.753  5002  5074 E gs.intelligence: No package ID ff found for resource ID 0xffffffff.
10-23 14:55:38.753  5002  5074 E gs.intelligence: No package ID ff found for resource ID 0xffffffff.
10-23 14:55:38.753  5002  5074 E gs.intelligence: No package ID ff found for resource ID 0xffffffff.
10-23 14:55:38.753  5002  5074 E gs.intelligence: No package ID ff found for resource ID 0xffffffff.
10-23 14:55:38.753  5002  5074 E gs.intelligence: No package ID ff found for resource ID 0xffffffff.
10-23 14:55:38.754  5002  5074 W IndexDataConverter: Skipping index for null-key item IndexData.Builder {title: WiFi,package: com.android.settings}
10-23 14:55:38.754  5002  5074 E gs.intelligence: No package ID ff found for resource ID 0xffffffff.
10-23 14:55:38.754  5002  5074 E gs.intelligence: No package ID ff found for resource ID 0xffffffff.
10-23 14:55:38.754  5002  5074 E gs.intelligence: No package ID ff found for resource ID 0xffffffff.
10-23 14:55:38.754  5002  5074 E gs.intelligence: No package ID ff found for resource ID 0xffffffff.
10-23 14:55:38.754  5002  5074 E gs.intelligence: No package ID ff found for resource ID 0xffffffff.
10-23 14:55:38.754  5002  5074 E gs.intelligence: No package ID ff found for resource ID 0xffffffff.
10-23 14:55:38.754  5002  5074 E gs.intelligence: No package ID ff found for resource ID 0xffffffff.
10-23 14:55:38.754  5002  5074 E gs.intelligence: No package ID ff found for resource ID 0xffffffff.
10-23 14:55:38.754  5002  5074 E gs.intelligence: No package ID ff found for resource ID 0xffffffff.
10-23 14:55:38.754  5002  5074 E gs.intelligence: No package ID ff found for resource ID 0xffffffff.
10-23 14:55:38.754  5002  5074 E gs.intelligence: No package ID ff found for resource ID 0xffffffff.
10-23 14:55:38.754  5002  5074 E gs.intelligence: No package ID ff found for resource ID 0xffffffff.
10-23 14:55:38.754  5002  5074 E gs.intelligence: No package ID ff found for resource ID 0xffffffff.
10-23 14:55:38.754  5002  5074 E gs.intelligence: No package ID ff found for resource ID 0xffffffff.
10-23 14:55:38.769  1348  3162 I NetworkScheduler.Stats: Task com.google.android.gms/com.google.android.gms.ads.social.GcmSchedulerWakeupService started execution. cause:5 exec_start_elapsed_seconds: 79 [CONTEXT service_id=218 ]
10-23 14:55:38.772  5002  5074 E gs.intelligence: No package ID ff found for resource ID 0xffffffff.
10-23 14:55:38.772  5002  5074 E gs.intelligence: No package ID ff found for resource ID 0xffffffff.
10-23 14:55:38.772  5002  5074 E gs.intelligence: No package ID ff found for resource ID 0xffffffff.
10-23 14:55:38.773  5002  5074 E gs.intelligence: No package ID ff found for resource ID 0xffffffff.
10-23 14:55:38.773  5002  5074 E gs.intelligence: No package ID ff found for resource ID 0xffffffff.
10-23 14:55:38.773  5002  5074 E gs.intelligence: No package ID ff found for resource ID 0xffffffff.
10-23 14:55:38.773  5002  5074 E gs.intelligence: No package ID ff found for resource ID 0xffffffff.
10-23 14:55:38.773  5002  5074 E gs.intelligence: No package ID ff found for resource ID 0xffffffff.
10-23 14:55:38.773  5002  5074 E gs.intelligence: No package ID ff found for resource ID 0xffffffff.
10-23 14:55:38.773  5002  5074 E gs.intelligence: No package ID ff found for resource ID 0xffffffff.
10-23 14:55:38.773  5002  5074 E gs.intelligence: No package ID ff found for resource ID 0xffffffff.
10-23 14:55:38.773  5002  5074 E gs.intelligence: No package ID ff found for resource ID 0xffffffff.
10-23 14:55:38.773  5002  5074 E gs.intelligence: No package ID ff found for resource ID 0xffffffff.
10-23 14:55:38.773  5002  5074 E gs.intelligence: No package ID ff found for resource ID 0xffffffff.
10-23 14:55:38.773  5002  5074 E gs.intelligence: No package ID ff found for resource ID 0xffffffff.
10-23 14:55:38.773  5002  5074 E gs.intelligence: No package ID ff found for resource ID 0xffffffff.
10-23 14:55:38.773  5002  5074 E gs.intelligence: No package ID ff found for resource ID 0xffffffff.
10-23 14:55:38.775  5002  5074 E gs.intelligence: No package ID ff found for resource ID 0xffffffff.
10-23 14:55:38.775  5002  5074 E gs.intelligence: No package ID ff found for resource ID 0xffffffff.
10-23 14:55:38.775  5002  5074 E gs.intelligence: No package ID ff found for resource ID 0xffffffff.
10-23 14:55:38.776  5002  5074 E gs.intelligence: No package ID ff found for resource ID 0xffffffff.
10-23 14:55:38.776  5002  5074 E gs.intelligence: No package ID ff found for resource ID 0xffffffff.
10-23 14:55:38.776  5002  5074 E gs.intelligence: No package ID ff found for resource ID 0xffffffff.
10-23 14:55:38.776  5002  5074 E gs.intelligence: No package ID ff found for resource ID 0xffffffff.
10-23 14:55:38.776  5002  5074 E gs.intelligence: No package ID ff found for resource ID 0xffffffff.
10-23 14:55:38.776  5002  5074 E gs.intelligence: No package ID ff found for resource ID 0xffffffff.
10-23 14:55:38.776  5002  5074 E gs.intelligence: No package ID ff found for resource ID 0xffffffff.
10-23 14:55:38.776  5002  5074 E gs.intelligence: No package ID ff found for resource ID 0xffffffff.
10-23 14:55:38.776  5002  5074 E gs.intelligence: No package ID ff found for resource ID 0xffffffff.
10-23 14:55:38.776  5002  5074 E gs.intelligence: No package ID ff found for resource ID 0xffffffff.
10-23 14:55:38.776  5002  5074 E gs.intelligence: No package ID ff found for resource ID 0xffffffff.
10-23 14:55:38.776  5002  5074 E gs.intelligence: No package ID ff found for resource ID 0xffffffff.
10-23 14:55:38.776  5002  5074 E gs.intelligence: No package ID ff found for resource ID 0xffffffff.
10-23 14:55:38.776  5002  5074 E gs.intelligence: No package ID ff found for resource ID 0xffffffff.
10-23 14:55:38.776  5002  5074 E gs.intelligence: No package ID ff found for resource ID 0xffffffff.
10-23 14:55:38.776  5002  5074 E gs.intelligence: No package ID ff found for resource ID 0xffffffff.
10-23 14:55:38.776  5002  5074 E gs.intelligence: No package ID ff found for resource ID 0xffffffff.
10-23 14:55:38.776  5002  5074 E gs.intelligence: No package ID ff found for resource ID 0xffffffff.
10-23 14:55:38.776  5002  5074 E gs.intelligence: No package ID ff found for resource ID 0xffffffff.
10-23 14:55:38.776  5002  5074 E gs.intelligence: No package ID ff found for resource ID 0xffffffff.
10-23 14:55:38.776  5002  5074 E gs.intelligence: No package ID ff found for resource ID 0xffffffff.
10-23 14:55:38.776  5002  5074 E gs.intelligence: No package ID ff found for resource ID 0xffffffff.
10-23 14:55:38.777  5002  5074 E gs.intelligence: No package ID ff found for resource ID 0xffffffff.
10-23 14:55:38.777  5002  5074 E gs.intelligence: No package ID ff found for resource ID 0xffffffff.
10-23 14:55:38.777  5002  5074 E gs.intelligence: No package ID ff found for resource ID 0xffffffff.
10-23 14:55:38.777  5002  5074 E gs.intelligence: No package ID ff found for resource ID 0xffffffff.
10-23 14:55:38.777  5002  5074 E gs.intelligence: No package ID ff found for resource ID 0xffffffff.
10-23 14:55:38.777  5002  5074 E gs.intelligence: No package ID ff found for resource ID 0xffffffff.
10-23 14:55:38.777  5002  5074 E gs.intelligence: No package ID ff found for resource ID 0xffffffff.
10-23 14:55:38.777  5002  5074 E gs.intelligence: No package ID ff found for resource ID 0xffffffff.
10-23 14:55:38.777  5002  5074 E gs.intelligence: No package ID ff found for resource ID 0xffffffff.
10-23 14:55:38.777  5002  5074 E gs.intelligence: No package ID ff found for resource ID 0xffffffff.
10-23 14:55:38.777  5002  5074 E gs.intelligence: No package ID ff found for resource ID 0xffffffff.
10-23 14:55:38.777  5002  5074 E gs.intelligence: No package ID ff found for resource ID 0xffffffff.
10-23 14:55:38.777  5002  5074 E gs.intelligence: No package ID ff found for resource ID 0xffffffff.
10-23 14:55:38.777   524  2040 I ImeTracker: com.example.lunchtray:e28f81b6: onRequestHide at ORIGIN_SERVER_HIDE_INPUT reason HIDE_UNSPECIFIED_WINDOW
10-23 14:55:38.777  5002  5074 E gs.intelligence: No package ID ff found for resource ID 0xffffffff.
10-23 14:55:38.777  5002  5074 E gs.intelligence: No package ID ff found for resource ID 0xffffffff.
10-23 14:55:38.777  5002  5074 E gs.intelligence: No package ID ff found for resource ID 0xffffffff.
10-23 14:55:38.777   524  2040 I ImeTracker: com.example.lunchtray:e28f81b6: onCancelled at PHASE_SERVER_SHOULD_HIDE
10-23 14:55:38.777  5002  5074 E gs.intelligence: No package ID ff found for resource ID 0xffffffff.
10-23 14:55:38.777  5002  5074 E gs.intelligence: No package ID ff found for resource ID 0xffffffff.
10-23 14:55:38.777  5002  5074 E gs.intelligence: No package ID ff found for resource ID 0xffffffff.
10-23 14:55:38.779  5002  5074 E gs.intelligence: No package ID ff found for resource ID 0xffffffff.
10-23 14:55:38.779  5002  5074 E gs.intelligence: No package ID ff found for resource ID 0xffffffff.
10-23 14:55:38.779  5002  5074 E gs.intelligence: No package ID ff found for resource ID 0xffffffff.
10-23 14:55:38.779  5002  5074 E gs.intelligence: No package ID ff found for resource ID 0xffffffff.
10-23 14:55:38.779  5002  5074 E gs.intelligence: No package ID ff found for resource ID 0xffffffff.
10-23 14:55:38.779  5002  5074 E gs.intelligence: No package ID ff found for resource ID 0xffffffff.
10-23 14:55:38.779  5002  5074 E gs.intelligence: No package ID ff found for resource ID 0xffffffff.
10-23 14:55:38.780  5002  5074 W IndexDataConverter: Skipping index for null-key item IndexData.Builder {title: null,package: com.google.android.apps.messaging}
10-23 14:55:38.780  1575  1575 I GoogleInputMethodService: GoogleInputMethodService.onFinishInput():3227
10-23 14:55:38.781  1575  1575 I GoogleInputMethodService: GoogleInputMethodService.updateDeviceLockedStatus():2087 repeatCheckTimes = 0, unlocked = true
10-23 14:55:38.781  1575  1575 I GoogleInputMethodService: GoogleInputMethodService.onStartInput():1877 onStartInput(EditorInfo{inputType=0x0(NULL) imeOptions=0x0 privateImeOptions=null actionName=UNSPECIFIED actionLabel=null actionId=0 initialSelStart=-1 initialSelEnd=-1 initialCapsMode=0x0 hintText=null label=null packageName=com.example.lunchtray fieldId=0 fieldName=null extras=null}, false)
10-23 14:55:38.781  5002  5074 E gs.intelligence: No package ID ff found for resource ID 0xffffffff.
10-23 14:55:38.781  1575  1575 I GoogleInputMethodService: GoogleInputMethodService.shouldHideHeaderOnInitialState():4008 ShouldHideHeaderOnInitialState = false
10-23 14:55:38.781  5002  5074 E gs.intelligence: No package ID ff found for resource ID 0xffffffff.
10-23 14:55:38.781  5002  5074 E gs.intelligence: No package ID ff found for resource ID 0xffffffff.
10-23 14:55:38.781  5002  5074 E gs.intelligence: No package ID ff found for resource ID 0xffffffff.
10-23 14:55:38.781  5002  5074 E gs.intelligence: No package ID ff found for resource ID 0xffffffff.
10-23 14:55:38.781  5002  5074 E gs.intelligence: No package ID ff found for resource ID 0xffffffff.
10-23 14:55:38.781  5002  5074 E gs.intelligence: No package ID ff found for resource ID 0xffffffff.
10-23 14:55:38.781  1575  1575 I GoogleInputMethodService: GoogleInputMethodService.updateDeviceLockedStatus():2087 repeatCheckTimes = 2, unlocked = true
10-23 14:55:38.781  5002  5074 E gs.intelligence: No package ID ff found for resource ID 0xffffffff.
10-23 14:55:38.781  5002  5074 E gs.intelligence: No package ID ff found for resource ID 0xffffffff.
10-23 14:55:38.781  5002  5074 E gs.intelligence: No package ID ff found for resource ID 0xffffffff.
10-23 14:55:38.781  5002  5074 E gs.intelligence: No package ID ff found for resource ID 0xffffffff.
10-23 14:55:38.781  5002  5074 E gs.intelligence: No package ID ff found for resource ID 0xffffffff.
10-23 14:55:38.781  5002  5074 E gs.intelligence: No package ID ff found for resource ID 0xffffffff.
10-23 14:55:38.781  5002  5074 E gs.intelligence: No package ID ff found for resource ID 0xffffffff.
10-23 14:55:38.781  5002  5074 E gs.intelligence: No package ID ff found for resource ID 0xffffffff.
10-23 14:55:38.781  5002  5074 E gs.intelligence: No package ID ff found for resource ID 0xffffffff.
10-23 14:55:38.781  5002  5074 E gs.intelligence: No package ID ff found for resource ID 0xffffffff.
10-23 14:55:38.781  5002  5074 E gs.intelligence: No package ID ff found for resource ID 0xffffffff.
10-23 14:55:38.781  5002  5074 E gs.intelligence: No package ID ff found for resource ID 0xffffffff.
10-23 14:55:38.781  5002  5074 E gs.intelligence: No package ID ff found for resource ID 0xffffffff.
10-23 14:55:38.783  5002  5074 E gs.intelligence: No package ID ff found for resource ID 0xffffffff.
10-23 14:55:38.783  5002  5074 E gs.intelligence: No package ID ff found for resource ID 0xffffffff.
10-23 14:55:38.783  5002  5074 E gs.intelligence: No package ID ff found for resource ID 0xffffffff.
10-23 14:55:38.783  5002  5074 E gs.intelligence: No package ID ff found for resource ID 0xffffffff.
10-23 14:55:38.783  5002  5074 E gs.intelligence: No package ID ff found for resource ID 0xffffffff.
10-23 14:55:38.783  5002  5074 E gs.intelligence: No package ID ff found for resource ID 0xffffffff.
10-23 14:55:38.783  5002  5074 E gs.intelligence: No package ID ff found for resource ID 0xffffffff.
10-23 14:55:38.783  5002  5074 E gs.intelligence: No package ID ff found for resource ID 0xffffffff.
10-23 14:55:38.783  5002  5074 E gs.intelligence: No package ID ff found for resource ID 0xffffffff.
10-23 14:55:38.783  5002  5074 E gs.intelligence: No package ID ff found for resource ID 0xffffffff.
10-23 14:55:38.783  5002  5074 E gs.intelligence: No package ID ff found for resource ID 0xffffffff.
10-23 14:55:38.783  5002  5074 E gs.intelligence: No package ID ff found for resource ID 0xffffffff.
10-23 14:55:38.784  5002  5074 E gs.intelligence: No package ID ff found for resource ID 0xffffffff.
10-23 14:55:38.784  5002  5074 E gs.intelligence: No package ID ff found for resource ID 0xffffffff.
10-23 14:55:38.784  5002  5074 E gs.intelligence: No package ID ff found for resource ID 0xffffffff.
10-23 14:55:38.784  5002  5074 E gs.intelligence: No package ID ff found for resource ID 0xffffffff.
10-23 14:55:38.784  5002  5074 E gs.intelligence: No package ID ff found for resource ID 0xffffffff.
10-23 14:55:38.784  5002  5074 E gs.intelligence: No package ID ff found for resource ID 0xffffffff.
10-23 14:55:38.785  5002  5074 E gs.intelligence: No package ID ff found for resource ID 0xffffffff.
10-23 14:55:38.785  5002  5074 E gs.intelligence: No package ID ff found for resource ID 0xffffffff.
10-23 14:55:38.786  5002  5074 E gs.intelligence: No package ID ff found for resource ID 0xffffffff.
10-23 14:55:38.786  5002  5074 E gs.intelligence: No package ID ff found for resource ID 0xffffffff.
10-23 14:55:38.786  5002  5074 E gs.intelligence: No package ID ff found for resource ID 0xffffffff.
10-23 14:55:38.786  5002  5074 E gs.intelligence: No package ID ff found for resource ID 0xffffffff.
10-23 14:55:38.787  5002  5074 E gs.intelligence: No package ID ff found for resource ID 0xffffffff.
10-23 14:55:38.787  5002  5074 E gs.intelligence: No package ID ff found for resource ID 0xffffffff.
10-23 14:55:38.787  5002  5074 E gs.intelligence: No package ID ff found for resource ID 0xffffffff.
10-23 14:55:38.787  5002  5074 E gs.intelligence: No package ID ff found for resource ID 0xffffffff.
10-23 14:55:38.787  5002  5074 E gs.intelligence: No package ID ff found for resource ID 0xffffffff.
10-23 14:55:38.787  5002  5074 E gs.intelligence: No package ID ff found for resource ID 0xffffffff.
10-23 14:55:38.788  5002  5074 E gs.intelligence: No package ID ff found for resource ID 0xffffffff.
10-23 14:55:38.788  5002  5074 E gs.intelligence: No package ID ff found for resource ID 0xffffffff.
10-23 14:55:38.788  5002  5074 E gs.intelligence: No package ID ff found for resource ID 0xffffffff.
10-23 14:55:38.788  5002  5074 E gs.intelligence: No package ID ff found for resource ID 0xffffffff.
10-23 14:55:38.788  5002  5074 E gs.intelligence: No package ID ff found for resource ID 0xffffffff.
10-23 14:55:38.788  5002  5074 E gs.intelligence: No package ID ff found for resource ID 0xffffffff.
10-23 14:55:38.788  5002  5074 E gs.intelligence: No package ID ff found for resource ID 0xffffffff.
10-23 14:55:38.788  5002  5074 E gs.intelligence: No package ID ff found for resource ID 0xffffffff.
10-23 14:55:38.788  5002  5074 E gs.intelligence: No package ID ff found for resource ID 0xffffffff.
10-23 14:55:38.790  5002  5074 E gs.intelligence: No package ID ff found for resource ID 0xffffffff.
10-23 14:55:38.790  5002  5074 E gs.intelligence: No package ID ff found for resource ID 0xffffffff.
10-23 14:55:38.790  5002  5074 E gs.intelligence: No package ID ff found for resource ID 0xffffffff.
10-23 14:55:38.790  5002  5074 E gs.intelligence: No package ID ff found for resource ID 0xffffffff.
10-23 14:55:38.790  5002  5074 E gs.intelligence: No package ID ff found for resource ID 0xffffffff.
10-23 14:55:38.791  5002  5074 E gs.intelligence: No package ID ff found for resource ID 0xffffffff.
10-23 14:55:38.791  5002  5074 E gs.intelligence: No package ID ff found for resource ID 0xffffffff.
10-23 14:55:38.791  5002  5074 E gs.intelligence: No package ID ff found for resource ID 0xffffffff.
10-23 14:55:38.792  5002  5074 E gs.intelligence: No package ID ff found for resource ID 0xffffffff.
10-23 14:55:38.792  5002  5074 E gs.intelligence: No package ID ff found for resource ID 0xffffffff.
10-23 14:55:38.792  5002  5074 E gs.intelligence: No package ID ff found for resource ID 0xffffffff.
10-23 14:55:38.792  5002  5074 E gs.intelligence: No package ID ff found for resource ID 0xffffffff.
10-23 14:55:38.792  5002  5074 E gs.intelligence: No package ID ff found for resource ID 0xffffffff.
10-23 14:55:38.793  5002  5074 E gs.intelligence: No package ID ff found for resource ID 0xffffffff.
10-23 14:55:38.793  5002  5074 E gs.intelligence: No package ID ff found for resource ID 0xffffffff.
10-23 14:55:38.794  5002  5074 E gs.intelligence: No package ID ff found for resource ID 0xffffffff.
10-23 14:55:38.794  5002  5074 E gs.intelligence: No package ID ff found for resource ID 0xffffffff.
10-23 14:55:38.794  5002  5074 E gs.intelligence: No package ID ff found for resource ID 0xffffffff.
10-23 14:55:38.794  5002  5074 E gs.intelligence: No package ID ff found for resource ID 0xffffffff.
10-23 14:55:38.795  5002  5074 E gs.intelligence: No package ID ff found for resource ID 0xffffffff.
10-23 14:55:38.795  5002  5074 E gs.intelligence: No package ID ff found for resource ID 0xffffffff.
10-23 14:55:38.795  5002  5074 E gs.intelligence: No package ID ff found for resource ID 0xffffffff.
10-23 14:55:38.795  5002  5074 E gs.intelligence: No package ID ff found for resource ID 0xffffffff.
10-23 14:55:38.795  5002  5074 E gs.intelligence: No package ID ff found for resource ID 0xffffffff.
10-23 14:55:38.795  5002  5074 E gs.intelligence: No package ID ff found for resource ID 0xffffffff.
10-23 14:55:38.795  5002  5074 E gs.intelligence: No package ID ff found for resource ID 0xffffffff.
10-23 14:55:38.796  5002  5074 E gs.intelligence: No package ID ff found for resource ID 0xffffffff.
10-23 14:55:38.796  5002  5074 E gs.intelligence: No package ID ff found for resource ID 0xffffffff.
10-23 14:55:38.796  5002  5074 E gs.intelligence: No package ID ff found for resource ID 0xffffffff.
10-23 14:55:38.798  5002  5074 E gs.intelligence: No package ID ff found for resource ID 0xffffffff.
10-23 14:55:38.798  5002  5074 E gs.intelligence: No package ID ff found for resource ID 0xffffffff.
10-23 14:55:38.798  5002  5074 E gs.intelligence: No package ID ff found for resource ID 0xffffffff.
10-23 14:55:38.798  5002  5074 E gs.intelligence: No package ID ff found for resource ID 0xffffffff.
10-23 14:55:38.798  5002  5074 E gs.intelligence: No package ID ff found for resource ID 0xffffffff.
10-23 14:55:38.798  5002  5074 E gs.intelligence: No package ID ff found for resource ID 0xffffffff.
10-23 14:55:38.799  5002  5074 E gs.intelligence: No package ID ff found for resource ID 0xffffffff.
10-23 14:55:38.799  5002  5074 E gs.intelligence: No package ID ff found for resource ID 0xffffffff.
10-23 14:55:38.799  5002  5074 E gs.intelligence: No package ID ff found for resource ID 0xffffffff.
10-23 14:55:38.799  5002  5074 E gs.intelligence: No package ID ff found for resource ID 0xffffffff.
10-23 14:55:38.799  5002  5074 E gs.intelligence: No package ID ff found for resource ID 0xffffffff.
10-23 14:55:38.799  5002  5074 E gs.intelligence: No package ID ff found for resource ID 0xffffffff.
10-23 14:55:38.799  5002  5074 E gs.intelligence: No package ID ff found for resource ID 0xffffffff.
10-23 14:55:38.799  5002  5074 E gs.intelligence: No package ID ff found for resource ID 0xffffffff.
10-23 14:55:38.799  5002  5074 E gs.intelligence: No package ID ff found for resource ID 0xffffffff.
10-23 14:55:38.799  5002  5074 E gs.intelligence: No package ID ff found for resource ID 0xffffffff.
10-23 14:55:38.799  5002  5074 E gs.intelligence: No package ID ff found for resource ID 0xffffffff.
10-23 14:55:38.799  5002  5074 E gs.intelligence: No package ID ff found for resource ID 0xffffffff.
10-23 14:55:38.800  5002  5074 E gs.intelligence: No package ID ff found for resource ID 0xffffffff.
10-23 14:55:38.800  5002  5074 E gs.intelligence: No package ID ff found for resource ID 0xffffffff.
10-23 14:55:38.800  5002  5074 E gs.intelligence: No package ID ff found for resource ID 0xffffffff.
10-23 14:55:38.800  5002  5074 E gs.intelligence: No package ID ff found for resource ID 0xffffffff.
10-23 14:55:38.800  5002  5074 E gs.intelligence: No package ID ff found for resource ID 0xffffffff.
10-23 14:55:38.800  5002  5074 E gs.intelligence: No package ID ff found for resource ID 0xffffffff.
10-23 14:55:38.800  5002  5074 E gs.intelligence: No package ID ff found for resource ID 0xffffffff.
10-23 14:55:38.800  5002  5074 E gs.intelligence: No package ID ff found for resource ID 0xffffffff.
10-23 14:55:38.800  5002  5074 E gs.intelligence: No package ID ff found for resource ID 0xffffffff.
10-23 14:55:38.800  5002  5074 E gs.intelligence: No package ID ff found for resource ID 0xffffffff.
10-23 14:55:38.800  5002  5074 E gs.intelligence: No package ID ff found for resource ID 0xffffffff.
10-23 14:55:38.801  5002  5074 E gs.intelligence: No package ID ff found for resource ID 0xffffffff.
10-23 14:55:38.801  5002  5074 E gs.intelligence: No package ID ff found for resource ID 0xffffffff.
10-23 14:55:38.801  5002  5074 E gs.intelligence: No package ID ff found for resource ID 0xffffffff.
10-23 14:55:38.801  5002  5074 E gs.intelligence: No package ID ff found for resource ID 0xffffffff.
10-23 14:55:38.801  5002  5074 E gs.intelligence: No package ID ff found for resource ID 0xffffffff.
10-23 14:55:38.801  5002  5074 E gs.intelligence: No package ID ff found for resource ID 0xffffffff.
10-23 14:55:38.802  5002  5074 E gs.intelligence: No package ID ff found for resource ID 0xffffffff.
10-23 14:55:38.802  5002  5074 E gs.intelligence: No package ID ff found for resource ID 0xffffffff.
10-23 14:55:38.803  5002  5074 E gs.intelligence: No package ID ff found for resource ID 0xffffffff.
10-23 14:55:38.803  5002  5074 E gs.intelligence: No package ID ff found for resource ID 0xffffffff.
10-23 14:55:38.803  5002  5074 E gs.intelligence: No package ID ff found for resource ID 0xffffffff.
10-23 14:55:38.803  5002  5074 E gs.intelligence: No package ID ff found for resource ID 0xffffffff.
10-23 14:55:38.803  5002  5074 E gs.intelligence: No package ID ff found for resource ID 0xffffffff.
10-23 14:55:38.803  5002  5074 E gs.intelligence: No package ID ff found for resource ID 0xffffffff.
10-23 14:55:38.803  5002  5074 E gs.intelligence: No package ID ff found for resource ID 0xffffffff.
10-23 14:55:38.803  5002  5074 E gs.intelligence: No package ID ff found for resource ID 0xffffffff.
10-23 14:55:38.804  5002  5074 E gs.intelligence: No package ID ff found for resource ID 0xffffffff.
10-23 14:55:38.804  5002  5074 E gs.intelligence: No package ID ff found for resource ID 0xffffffff.
10-23 14:55:38.804  5002  5074 E gs.intelligence: No package ID ff found for resource ID 0xffffffff.
10-23 14:55:38.804  5002  5074 E gs.intelligence: No package ID ff found for resource ID 0xffffffff.
10-23 14:55:38.804  5002  5074 E gs.intelligence: No package ID ff found for resource ID 0xffffffff.
10-23 14:55:38.804  5002  5074 E gs.intelligence: No package ID ff found for resource ID 0xffffffff.
10-23 14:55:38.804  5002  5074 E gs.intelligence: No package ID ff found for resource ID 0xffffffff.
10-23 14:55:38.804  5002  5074 E gs.intelligence: No package ID ff found for resource ID 0xffffffff.
10-23 14:55:38.804  5002  5074 E gs.intelligence: No package ID ff found for resource ID 0xffffffff.
10-23 14:55:38.804  5002  5074 E gs.intelligence: No package ID ff found for resource ID 0xffffffff.
10-23 14:55:38.804  5002  5074 E gs.intelligence: No package ID ff found for resource ID 0xffffffff.
10-23 14:55:38.804  5002  5074 E gs.intelligence: No package ID ff found for resource ID 0xffffffff.
10-23 14:55:38.804  5002  5074 E gs.intelligence: No package ID ff found for resource ID 0xffffffff.
10-23 14:55:38.804  5002  5074 E gs.intelligence: No package ID ff found for resource ID 0xffffffff.
10-23 14:55:38.804  5002  5074 E gs.intelligence: No package ID ff found for resource ID 0xffffffff.
10-23 14:55:38.804  5002  5074 E gs.intelligence: No package ID ff found for resource ID 0xffffffff.
10-23 14:55:38.805  5002  5074 E gs.intelligence: No package ID ff found for resource ID 0xffffffff.
10-23 14:55:38.805  5002  5074 E gs.intelligence: No package ID ff found for resource ID 0xffffffff.
10-23 14:55:38.805  5002  5074 E gs.intelligence: No package ID ff found for resource ID 0xffffffff.
10-23 14:55:38.805  5002  5074 W IndexDataConverter: Skipping index for null-key item IndexData.Builder {title: null,package: com.google.android.apps.messaging}
10-23 14:55:38.806  5002  5074 E gs.intelligence: No package ID ff found for resource ID 0xffffffff.
10-23 14:55:38.806  5002  5074 E gs.intelligence: No package ID ff found for resource ID 0xffffffff.
10-23 14:55:38.806  5002  5074 E gs.intelligence: No package ID ff found for resource ID 0xffffffff.
10-23 14:55:38.806  5002  5074 E gs.intelligence: No package ID ff found for resource ID 0xffffffff.
10-23 14:55:38.806  5002  5074 E gs.intelligence: No package ID ff found for resource ID 0xffffffff.
10-23 14:55:38.806  5002  5074 E gs.intelligence: No package ID ff found for resource ID 0xffffffff.
10-23 14:55:38.806  5002  5074 E gs.intelligence: No package ID ff found for resource ID 0xffffffff.
10-23 14:55:38.806  5002  5074 W IndexDataConverter: Skipping index for null-key item IndexData.Builder {title: null,package: com.google.android.apps.messaging}
10-23 14:55:38.808  5002  5074 E gs.intelligence: No package ID ff found for resource ID 0xffffffff.
10-23 14:55:38.808  5002  5074 E gs.intelligence: No package ID ff found for resource ID 0xffffffff.
10-23 14:55:38.808  5002  5074 E gs.intelligence: No package ID ff found for resource ID 0xffffffff.
10-23 14:55:38.808  5002  5074 E gs.intelligence: No package ID ff found for resource ID 0xffffffff.
10-23 14:55:38.808  5002  5074 E gs.intelligence: No package ID ff found for resource ID 0xffffffff.
10-23 14:55:38.808  5002  5074 E gs.intelligence: No package ID ff found for resource ID 0xffffffff.
10-23 14:55:38.808  5002  5074 E gs.intelligence: No package ID ff found for resource ID 0xffffffff.
10-23 14:55:38.808  5002  5074 W IndexDataConverter: Skipping index for null-key item IndexData.Builder {title: null,package: com.google.android.apps.messaging}
10-23 14:55:38.827  5002  5074 W IndexDataConverter: Cannot build sitemap pair for incomplete names dxw@2575f428  Digital Wellbeing & parental controls
10-23 14:55:38.827  5002  5074 W IndexDataConverter: Cannot build sitemap pair for incomplete names dxw@a5d82892  Google
10-23 14:55:38.827  5002  5074 W IndexDataConverter: Cannot build sitemap pair for incomplete names dxw@3d4c8308  Gesture Navigation Sensitivity
10-23 14:55:38.848  1468  1511 I GCM-GMS : Scheduling task to register GMS
10-23 14:55:38.851  1468  4924 W ChimeraUtils: Module com.google.android.gms.growth missing resource growth_module_display_name(0)
10-23 14:55:38.853  1468  4924 W ChimeraUtils: Module com.google.android.gms.growth missing resource growth_module_display_name(0)
10-23 14:55:38.858  1468  5211 I SyncIntentOperation: Handling the intent: Intent { act=com.google.gservices.intent.action.GSERVICES_CHANGED flg=0x1000010 pkg=com.google.android.gms cmp=com.google.android.gms/.chimera.GmsIntentOperationService (has extras) }. [CONTEXT service_id=80 ]
10-23 14:55:38.863  1348  5131 I Herrevad: [234] aqwl.a: updateListenState
10-23 14:55:38.863  1348  3945 I GCoreUlr: WorldUpdater received intent Intent { act=com.google.android.location.reporting.ACTION_UPDATE_WORLD cmp=com.google.android.gms/com.google.android.location.reporting.service.DispatchingService (has extras) } with receiverAction com.google.gservices.intent.action.GSERVICES_CHANGED
10-23 14:55:38.872   524  1434 D CleanupManager: Storing serial number for user 0.
10-23 14:55:38.908  1468  5211 I DynamiteModule: Considering local module com.google.android.gms.flags:3 and remote module com.google.android.gms.flags:3
10-23 14:55:38.908  1468  5211 I DynamiteModule: Selected local version of com.google.android.gms.flags
10-23 14:55:38.927  1468  4970 I RecoverableKeyStoreGms: [RecoverableKeyStoreGmsInitOperation] Initializing auth_folsom
