10-23 14:55:32.724  3041  3429 D HeterodyneSyncer: updateFlag: com.google.android.finsky.regular, 83561110, 3, , PlayProtect__is_apkinfo_installed_by_play_data_migration_enabled
10-23 14:55:32.724  3041  3429 D HeterodyneSyncer: updateFlag: com.google.android.finsky.regular, 83561110, 3, , PlayProtect__is_av_test_device
10-23 14:55:32.724  3041  3429 D HeterodyneSyncer: updateFlag: com.google.android.finsky.regular, 83561110, 3, , PlayProtect__odml_warning_app_threat_description
10-23 14:55:32.726  3041  3429 D HeterodyneSyncer: updateFlag: com.google.android.finsky.regular, 83561110, 3, , PlayProtect__post_install_scan_throttling_ms
10-23 14:55:32.726  3041  3429 D HeterodyneSyncer: updateFlag: com.google.android.finsky.regular, 83561110, 3, , PlayProtect__protect_banner_details_module_frequency_period_days
10-23 14:55:32.726  3041  3429 D HeterodyneSyncer: updateFlag: com.google.android.finsky.regular, 83561110, 3, , PlayProtect__protect_banner_details_module_frequency_period_days_with_recent_unknown_sources_installs
10-23 14:55:32.726  3041  3429 D HeterodyneSyncer: updateFlag: com.google.android.finsky.regular, 83561110, 3, , PlayProtect__protect_banner_details_module_maximum_yearly_display_count
10-23 14:55:32.726  3041  3429 D HeterodyneSyncer: updateFlag: com.google.android.finsky.regular, 83561110, 3, , PlayProtect__run_autoscan_online
10-23 14:55:32.726  3041  3429 D HeterodyneSyncer: updateFlag: com.google.android.finsky.regular, 83561110, 3, , PlayProtect__run_verifier_profiler
10-23 14:55:32.726  3041  3429 D HeterodyneSyncer: updateFlag: com.google.android.finsky.regular, 83561110, 3, , PlayProtect__use_updated_connectivity_check_for_app_install_verification
10-23 14:55:32.726  3041  3429 D HeterodyneSyncer: updateFlag: com.google.android.finsky.regular, 83561110, 3, , PlayStoreAppDetailsPromotions__subscribe_and_install_ui_variant
10-23 14:55:32.726  3041  3429 D HeterodyneSyncer: updateFlag: com.google.android.finsky.regular, 83561110, 3, , PlayStoreAppErrorService__filtered_error_service_enabled
10-23 14:55:32.726  3041  3429 D HeterodyneSyncer: updateFlag: com.google.android.finsky.regular, 83561110, 3, , PlayStoreAppErrorService__filtered_error_set_filter_enabled
10-23 14:55:32.726  3041  3429 D HeterodyneSyncer: updateFlag: com.google.android.finsky.regular, 83561110, 3, , PlayStoreAppErrorService__is_enabled
10-23 14:55:32.726  3041  3429 D HeterodyneSyncer: updateFlag: com.google.android.finsky.regular, 83561110, 3, , PoToken__enable_po_token
10-23 14:55:32.726  3041  3429 D HeterodyneSyncer: updateFlag: com.google.android.finsky.regular, 83561110, 3, , PoToken__enable_po_token_caching
10-23 14:55:32.726  3041  3429 D HeterodyneSyncer: updateFlag: com.google.android.finsky.regular, 83561110, 3, , PoToken__enable_po_token_in_acquire
10-23 14:55:32.726  3041  3429 D HeterodyneSyncer: updateFlag: com.google.android.finsky.regular, 83561110, 3, , PoToken__enable_po_token_in_apps_content_sync
10-23 14:55:32.726  3041  3429 D HeterodyneSyncer: updateFlag: com.google.android.finsky.regular, 83561110, 3, , PoToken__enable_po_token_in_replicate_library
10-23 14:55:32.726  3041  3429 D HeterodyneSyncer: updateFlag: com.google.android.finsky.regular, 83561110, 3, , PoToken__gms_core_version_below_y2021w06_error_token_base64
10-23 14:55:32.726  3041  3429 D HeterodyneSyncer: updateFlag: com.google.android.finsky.regular, 83561110, 3, , PoToken__po_token_cache_generation_retry_timeout
10-23 14:55:32.726  3041  3429 D HeterodyneSyncer: updateFlag: com.google.android.finsky.regular, 83561110, 3, , PoToken__po_token_cache_generation_timeout
10-23 14:55:32.726  3041  3429 D HeterodyneSyncer: updateFlag: com.google.android.finsky.regular, 83561110, 3, , PoToken__po_token_cache_hard_ttl
10-23 14:55:32.726  3041  3429 D HeterodyneSyncer: updateFlag: com.google.android.finsky.regular, 83561110, 3, , PoToken__po_token_cache_max_retries
10-23 14:55:32.726  3041  3429 D HeterodyneSyncer: updateFlag: com.google.android.finsky.regular, 83561110, 3, , PoToken__po_token_cache_soft_ttl
10-23 14:55:32.726  3041  3429 D HeterodyneSyncer: updateFlag: com.google.android.finsky.regular, 83561110, 3, , PoToken__po_token_generation_error_token_base64
10-23 14:55:32.726  3041  3429 D HeterodyneSyncer: updateFlag: com.google.android.finsky.regular, 83561110, 3, , PoToken__po_token_generation_timeout
10-23 14:55:32.726  3041  3429 D HeterodyneSyncer: updateFlag: com.google.android.finsky.regular, 83561110, 3, , PoToken__po_tokens_client_api_availability_check_error_token_base64
10-23 14:55:32.726  3041  3429 D HeterodyneSyncer: updateFlag: com.google.android.finsky.regular, 83561110, 3, , PoToken__po_tokens_client_api_availability_check_timeout
10-23 14:55:32.726  3041  3429 D HeterodyneSyncer: updateFlag: com.google.android.finsky.regular, 83561110, 3, , Popups__interstitial_min_interval_millis
10-23 14:55:32.726  3041  3429 D HeterodyneSyncer: updateFlag: com.google.android.finsky.regular, 83561110, 3, , Popups__report_client_action_batch_delay_millis
10-23 14:55:32.726  3041  3429 D HeterodyneSyncer: updateFlag: com.google.android.finsky.regular, 83561110, 3, , PrefetchHandlerBrowseResponse__is_enabled
10-23 14:55:32.726  3041  3429 D HeterodyneSyncer: updateFlag: com.google.android.finsky.regular, 83561110, 3, , PreregAds__enable_all_prereg_traffic_to_pgs
10-23 14:55:32.726  3041  3429 D HeterodyneSyncer: updateFlag: com.google.android.finsky.regular, 83561110, 3, , PreregApi__enable_prereg_api_state_mutation
10-23 14:55:32.726  3041  3429 D HeterodyneSyncer: updateFlag: com.google.android.finsky.regular, 83561110, 3, , PreregApi__enable_prereg_cleanup_separation
10-23 14:55:32.726  3041  3429 D HeterodyneSyncer: updateFlag: com.google.android.finsky.regular, 83561110, 3, , PreregAutoInstallOptIn__enable_prereg_auto_install_opt_in
10-23 14:55:32.726  3041  3052 I android.vending: Compiler allocated 4574KB to compile void ainp.v(java.util.Set, long, apar, apas, java.util.List, java.util.LinkedHashMap, arzo, aino, boolean)
10-23 14:55:32.727  3041  3429 D HeterodyneSyncer: updateFlag: com.google.android.finsky.regular, 83561110, 3, , PreregAutoInstall__enable_auto_install_ads_iap_ignore
10-23 14:55:32.727  3041  3429 D HeterodyneSyncer: updateFlag: com.google.android.finsky.regular, 83561110, 3, , PreregAutoInstall__enable_prereg_auto_install
10-23 14:55:32.727  3041  3429 D HeterodyneSyncer: updateFlag: com.google.android.finsky.regular, 83561110, 3, , PreregAutoInstall__enable_prereg_auto_install_opt_out
10-23 14:55:32.727  3041  3429 D HeterodyneSyncer: updateFlag: com.google.android.finsky.regular, 83561110, 3, , PreregAutoInstall__enable_prereg_coming_soon_decide_badge
10-23 14:55:32.727  3041  3429 D HeterodyneSyncer: updateFlag: com.google.android.finsky.regular, 83561110, 3, , PreregAutoInstall__enable_prereg_cta_as_install
10-23 14:55:32.727  3041  3429 D HeterodyneSyncer: updateFlag: com.google.android.finsky.regular, 83561110, 3, , PreregAutoInstall__enable_two_step_prereg_auto_install
10-23 14:55:32.727  3041  3429 D HeterodyneSyncer: updateFlag: com.google.android.finsky.regular, 83561110, 3, , PreregistrationNotifications__preregistration_notification_timing
10-23 14:55:32.727  3041  3429 D HeterodyneSyncer: updateFlag: com.google.android.finsky.regular, 83561110, 3, , PreregistrationNotifications__preregistration_push_notifications
10-23 14:55:32.728  3041  3429 D HeterodyneSyncer: updateFlag: com.google.android.finsky.regular, 83561110, 3, , ProfileInception__aot_compilation_validate_installed_by_playstore
10-23 14:55:32.728  3041  3429 D HeterodyneSyncer: updateFlag: com.google.android.finsky.regular, 83561110, 3, , ProfileInception__deadline_in_hours
10-23 14:55:32.728  3041  3429 D HeterodyneSyncer: updateFlag: com.google.android.finsky.regular, 83561110, 3, , ProfileInception__enabled_versions
10-23 14:55:32.728  3041  3429 D HeterodyneSyncer: updateFlag: com.google.android.finsky.regular, 83561110, 3, , ProfileInception__schedule_restart_on_success
10-23 14:55:32.728  3041  3429 D HeterodyneSyncer: updateFlag: com.google.android.finsky.regular, 83561110, 3, , Profiling__enable_background_sampling
10-23 14:55:32.728  3041  3429 D HeterodyneSyncer: updateFlag: com.google.android.finsky.regular, 83561110, 3, , Profiling__enable_whole_app_sampling_v2
10-23 14:55:32.728  3041  3429 D HeterodyneSyncer: updateFlag: com.google.android.finsky.regular, 83561110, 3, , Profiling__enabled_event_sample_type
10-23 14:55:32.728  3041  3429 D HeterodyneSyncer: updateFlag: com.google.android.finsky.regular, 83561110, 3, , Profiling__jank_threshold_ms
10-23 14:55:32.728  3041  3429 D HeterodyneSyncer: updateFlag: com.google.android.finsky.regular, 83561110, 3, , Profiling__main_thread_only
10-23 14:55:32.728  3041  3429 D HeterodyneSyncer: updateFlag: com.google.android.finsky.regular, 83561110, 3, , Profiling__max_event_duration
10-23 14:55:32.729  3041  3429 D HeterodyneSyncer: updateFlag: com.google.android.finsky.regular, 83561110, 3, , Profiling__window_size_ms
10-23 14:55:32.729  3041  3429 D HeterodyneSyncer: updateFlag: com.google.android.finsky.regular, 83561110, 3, , ProgressBarVisibility__enable_adjust_position_on_content_height_update
10-23 14:55:32.729  3041  3429 D HeterodyneSyncer: updateFlag: com.google.android.finsky.regular, 83561110, 3, , ProgressBarVisibility__enable_set_visibility_based_on_intended_state
10-23 14:55:32.729  3041  3429 D HeterodyneSyncer: updateFlag: com.google.android.finsky.regular, 83561110, 3, , PromotionCampaignDetailsPage__enable_cdp_client_side_controlled_terms
10-23 14:55:32.729  3041  3429 D HeterodyneSyncer: updateFlag: com.google.android.finsky.regular, 83561110, 3, , ProviderPickerTooltip__enable_provider_picker_tooltip
10-23 14:55:32.729  3041  3429 D HeterodyneSyncer: updateFlag: com.google.android.finsky.regular, 83561110, 3, , PurchaseFlow__enable_hide_redeem_screen_from_unicorn_child
10-23 14:55:32.733  3041  3429 D HeterodyneSyncer: updateFlag: com.google.android.finsky.regular, 83561110, 3, , PurchaseFlow__enable_network_error_pbl_response_code
10-23 14:55:32.733  3041  3429 D HeterodyneSyncer: updateFlag: com.google.android.finsky.regular, 83561110, 3, , PurchaseFlow__enable_tapout
10-23 14:55:32.733  3041  3429 D HeterodyneSyncer: updateFlag: com.google.android.finsky.regular, 83561110, 3, , PurchaseFlow__enable_update_response_bundle_error_from_service_unavailable
10-23 14:55:32.733  3041  3429 D HeterodyneSyncer: updateFlag: com.google.android.finsky.regular, 83561110, 3, , PurchaseFlow__enable_use_purchase_item_params_in_acquire_app_param_model
10-23 14:55:32.733  3041  3429 D HeterodyneSyncer: updateFlag: com.google.android.finsky.regular, 83561110, 3, , PurchaseParamsMutationHandling__ignore_in_app_purchase_context_in_purchase_params_mutation
10-23 14:55:32.733  3041  3429 D HeterodyneSyncer: updateFlag: com.google.android.finsky.regular, 83561110, 3, , QaQualify__uds_env_indicator
10-23 14:55:32.733  3041  3429 D HeterodyneSyncer: updateFlag: com.google.android.finsky.regular, 83561110, 3, , QualityBadge__enable_age_range_discover_tag
10-23 14:55:32.733  3041  3429 D HeterodyneSyncer: updateFlag: com.google.android.finsky.regular, 83561110, 3, , QualityBadge__enable_family_category_discover_tag
10-23 14:55:32.734  3041  3429 D HeterodyneSyncer: updateFlag: com.google.android.finsky.regular, 83561110, 3, , QualityBadge__enable_family_friendly_badge
10-23 14:55:32.734  3041  3429 D HeterodyneSyncer: updateFlag: com.google.android.finsky.regular, 83561110, 3, , QualityBadge__enable_kid_approved_badge_in_decide_bar
10-23 14:55:32.734  3041  3429 D HeterodyneSyncer: updateFlag: com.google.android.finsky.regular, 83561110, 3, , QualityBadge__enable_kid_approved_badge_tooltip
10-23 14:55:32.734  3041  3429 D HeterodyneSyncer: updateFlag: com.google.android.finsky.regular, 83561110, 3, , QualityDetailsModule__enable_books_quality_details_module
10-23 14:55:32.734  3041  3429 D HeterodyneSyncer: updateFlag: com.google.android.finsky.regular, 83561110, 3, , QualityDetailsModule__enable_quality_details_module
10-23 14:55:32.734  3041  3429 D HeterodyneSyncer: updateFlag: com.google.android.finsky.regular, 83561110, 3, , RatingAndReviewDisclosures__enable_rating_and_review_disclosures
10-23 14:55:32.734  3041  3429 D HeterodyneSyncer: updateFlag: com.google.android.finsky.regular, 83561110, 3, , ReferrerCleanup__no_timestamp_update_after_install_starts
10-23 14:55:32.734  3041  3429 D HeterodyneSyncer: updateFlag: com.google.android.finsky.regular, 83561110, 3, , ReferrerCleanup__use_full_url_for_ping
10-23 14:55:32.734  3041  3429 D HeterodyneSyncer: updateFlag: com.google.android.finsky.regular, 83561110, 3, , ReferrerPackageLogFix__is_enabled
10-23 14:55:32.734  3041  3429 D HeterodyneSyncer: updateFlag: com.google.android.finsky.regular, 83561110, 3, , RefreshTocCookieOnSimChange__is_enabled
10-23 14:55:32.734  3041  3429 D HeterodyneSyncer: updateFlag: com.google.android.finsky.regular, 83561110, 3, , RemoteSetup__enable_remote_setup
10-23 14:55:32.734  3041  3429 D HeterodyneSyncer: updateFlag: com.google.android.finsky.regular, 83561110, 3, , RemoveHorizontalFadeOnEditorialCardsOnPhones__is_enabled
10-23 14:55:32.734  3041  3429 D HeterodyneSyncer: updateFlag: com.google.android.finsky.regular, 83561110, 3, , RemoveLeftRightSwipeGestureToSwitchTab__is_enabled
10-23 14:55:32.734  3041  3429 D HeterodyneSyncer: updateFlag: com.google.android.finsky.regular, 83561110, 3, , RemoveWear1NotificationsFromWear2Devices__is_enabled
10-23 14:55:32.734  3041  3429 D HeterodyneSyncer: updateFlag: com.google.android.finsky.regular, 83561110, 3, , RetailMode__is_enabled
10-23 14:55:32.734  3041  3429 D HeterodyneSyncer: updateFlag: com.google.android.finsky.regular, 83561110, 3, , RetailMode__is_force_enabled
10-23 14:55:32.734  3041  3429 D HeterodyneSyncer: updateFlag: com.google.android.finsky.regular, 83561110, 3, , RetailMode__retail_esrb_app
10-23 14:55:32.734  3041  3429 D HeterodyneSyncer: updateFlag: com.google.android.finsky.regular, 83561110, 3, , RetailMode__retail_esrb_book
10-23 14:55:32.734  3041  3429 D HeterodyneSyncer: updateFlag: com.google.android.finsky.regular, 83561110, 3, , RetailMode__retail_esrb_movie
10-23 14:55:32.734  3041  3429 D HeterodyneSyncer: updateFlag: com.google.android.finsky.regular, 83561110, 3, , RetailMode__retail_esrb_tv
10-23 14:55:32.734  3041  3429 D HeterodyneSyncer: updateFlag: com.google.android.finsky.regular, 83561110, 3, , ReviewPolicyLabel__review_policy_vanity_url
10-23 14:55:32.734  3041  3429 D HeterodyneSyncer: updateFlag: com.google.android.finsky.regular, 83561110, 3, , RoutineHygiene__enable_background_process_hygiene
10-23 14:55:32.734  3041  3429 D HeterodyneSyncer: updateFlag: com.google.android.finsky.regular, 83561110, 3, , RoutineHygiene__enable_idle_constraint_for_hpe
10-23 14:55:32.734  3041  3429 D HeterodyneSyncer: updateFlag: com.google.android.finsky.regular, 83561110, 3, , RrUpsell__enable_rr_upsell_mag_entry
10-23 14:55:32.734  3041  3429 D HeterodyneSyncer: updateFlag: com.google.android.finsky.regular, 83561110, 3, , RrUpsell__my_review_page_url
10-23 14:55:32.734  3041  3429 D HeterodyneSyncer: updateFlag: com.google.android.finsky.regular, 83561110, 3, , RrUpsell__time_between_each_rr_upsell_display_in_days
10-23 14:55:32.735  3041  3429 D HeterodyneSyncer: updateFlag: com.google.android.finsky.regular, 83561110, 3, , RubidiumLogging__enable_rubidium_source_registration_logging
10-23 14:55:32.735  3041  3429 D HeterodyneSyncer: updateFlag: com.google.android.finsky.regular, 83561110, 3, , SafeSelfUpdate__safe_self_update_triggered_versions
10-23 14:55:32.735  3041  3429 D HeterodyneSyncer: updateFlag: com.google.android.finsky.regular, 83561110, 3, , SaturnV__delay_decompress_ms
10-23 14:55:32.735  3041  3429 D HeterodyneSyncer: updateFlag: com.google.android.finsky.regular, 83561110, 3, , SaturnV__delay_installation_ms
10-23 14:55:32.735  3041  3429 D HeterodyneSyncer: updateFlag: com.google.android.finsky.regular, 83561110, 3, , Scheduler__enable_battery_not_low
10-23 14:55:32.735  3041  3429 D HeterodyneSyncer: updateFlag: com.google.android.finsky.regular, 83561110, 3, , ScreenshotRotation__fix_background_bleed
10-23 14:55:32.735  3041  3429 D HeterodyneSyncer: updateFlag: com.google.android.finsky.regular, 83561110, 3, , SdkLibraries__ad_services_apex_version_denylist
10-23 14:55:32.735  3041  3429 D HeterodyneSyncer: updateFlag: com.google.android.finsky.regular, 83561110, 3, , SdkLibraries__only_not_installed_sdk_size
10-23 14:55:32.735  3041  3429 D HeterodyneSyncer: updateFlag: com.google.android.finsky.regular, 83561110, 3, , SearchSuggestCaching__include_icon_size_in_request_url
10-23 14:55:32.735  3041  3429 D HeterodyneSyncer: updateFlag: com.google.android.finsky.regular, 83561110, 3, , SearchSuggestLogging__disable_logging_search_suggestions_offered
10-23 14:55:32.735  3041  3429 D HeterodyneSyncer: updateFlag: com.google.android.finsky.regular, 83561110, 3, , SearchSuggestLogging__disable_logging_search_suggestions_shown
10-23 14:55:32.735  3041  3429 D HeterodyneSyncer: updateFlag: com.google.android.finsky.regular, 83561110, 3, , Search__fix_search_parenting
10-23 14:55:32.735  3041  3429 D HeterodyneSyncer: updateFlag: com.google.android.finsky.regular, 83561110, 3, , Search__fix_voice_search_issue_on_orientation_change
10-23 14:55:32.735  3041  3429 D HeterodyneSyncer: updateFlag: com.google.android.finsky.regular, 83561110, 3, , SelfUpdate__brotli_filebyfile_space_factor
10-23 14:55:32.735  3041  3429 D HeterodyneSyncer: updateFlag: com.google.android.finsky.regular, 83561110, 3, , SelfUpdate__dm_install_failures_threshold
10-23 14:55:32.735  3041  3429 D HeterodyneSyncer: updateFlag: com.google.android.finsky.regular, 83561110, 3, , SelfUpdate__do_not_schedule
10-23 14:55:32.735  3041  3429 D HeterodyneSyncer: updateFlag: com.google.android.finsky.regular, 83561110, 3, , SelfUpdate__download_service_files_valid_duration
10-23 14:55:32.735  3041  3429 D HeterodyneSyncer: updateFlag: com.google.android.finsky.regular, 83561110, 3, , SelfUpdate__enable_brotli_filebyfile_patch_for_self_update_v2
10-23 14:55:32.735  3041  3429 D HeterodyneSyncer: updateFlag: com.google.android.finsky.regular, 83561110, 3, , SelfUpdate__enable_brotli_filebyfile_patch_when_not_idle
10-23 14:55:32.735  3041  3429 D HeterodyneSyncer: updateFlag: com.google.android.finsky.regular, 83561110, 3, , SelfUpdate__enable_crash_monitor
10-23 14:55:32.735  3041  3429 D HeterodyneSyncer: updateFlag: com.google.android.finsky.regular, 83561110, 3, , SelfUpdate__enable_gzipped_bsdiff_patch_for_self_update_v2
10-23 14:55:32.735  3041  3429 D HeterodyneSyncer: updateFlag: com.google.android.finsky.regular, 83561110, 3, , SelfUpdate__enable_opt_out_rpc_param
10-23 14:55:32.735  3041  3429 D HeterodyneSyncer: updateFlag: com.google.android.finsky.regular, 83561110, 3, , SelfUpdate__enable_rollback_phonesky
10-23 14:55:32.735  3041  3429 D HeterodyneSyncer: updateFlag: com.google.android.finsky.regular, 83561110, 3, , SelfUpdate__enable_server_policies_diff_logging
10-23 14:55:32.735  3041  3429 D HeterodyneSyncer: updateFlag: com.google.android.finsky.regular, 83561110, 3, , SelfUpdate__enable_timesliced_safe_self_update
10-23 14:55:32.735  3041  3429 D HeterodyneSyncer: updateFlag: com.google.android.finsky.regular, 83561110, 3, , SelfUpdate__enable_volley_exception_type_logging
10-23 14:55:32.735  3041  3429 D HeterodyneSyncer: updateFlag: com.google.android.finsky.regular, 83561110, 3, , SelfUpdate__filebyfile_allowed_attempts
10-23 14:55:32.735  3041  3429 D HeterodyneSyncer: updateFlag: com.google.android.finsky.regular, 83561110, 3, , SelfUpdate__filebyfile_metadata_validity_period_in_days
10-23 14:55:32.735  3041  3429 D HeterodyneSyncer: updateFlag: com.google.android.finsky.regular, 83561110, 3, , SelfUpdate__flexible_self_update_maximum_delay_ms
10-23 14:55:32.735  3041  3429 D HeterodyneSyncer: updateFlag: com.google.android.finsky.regular, 83561110, 3, , SelfUpdate__free_bytes_per_download_flow_type
10-23 14:55:32.735  3041  3429 D HeterodyneSyncer: updateFlag: com.google.android.finsky.regular, 83561110, 3, , SelfUpdate__include_dm_in_reinstall
10-23 14:55:32.735  3041  3429 D HeterodyneSyncer: updateFlag: com.google.android.finsky.regular, 83561110, 3, , SelfUpdate__invisible_download_service_downloads_n_plus
10-23 14:55:32.735  3041  3429 D HeterodyneSyncer: updateFlag: com.google.android.finsky.regular, 83561110, 3, , SelfUpdate__kill_switch_immediate_self_update_from_system_version
10-23 14:55:32.735  3041  3429 D HeterodyneSyncer: updateFlag: com.google.android.finsky.regular, 83561110, 3, , SelfUpdate__learn_more_button_url
10-23 14:55:32.735  3041  3429 D HeterodyneSyncer: updateFlag: com.google.android.finsky.regular, 83561110, 3, , SelfUpdate__log_recovery_events_install_finished_with_stored_reason
10-23 14:55:32.735  3041  3429 D HeterodyneSyncer: updateFlag: com.google.android.finsky.regular, 83561110, 3, , SelfUpdate__min_crash_count_to_purge_cache
10-23 14:55:32.735  3041  3429 D HeterodyneSyncer: updateFlag: com.google.android.finsky.regular, 83561110, 3, , SelfUpdate__min_crash_count_to_purge_early_startup_flags
10-23 14:55:32.735  3041  3429 D HeterodyneSyncer: updateFlag: com.google.android.finsky.regular, 83561110, 3, , SelfUpdate__min_crash_count_to_purge_intermediate_data
10-23 14:55:32.735  3041  3429 D HeterodyneSyncer: updateFlag: com.google.android.finsky.regular, 83561110, 3, , SelfUpdate__min_crash_count_to_purge_job_store_data
10-23 14:55:32.736  3041  3429 D HeterodyneSyncer: updateFlag: com.google.android.finsky.regular, 83561110, 3, , SelfUpdate__min_crash_count_to_purge_self_update_continuation_metadata
10-23 14:55:32.736  3041  3429 D HeterodyneSyncer: updateFlag: com.google.android.finsky.regular, 83561110, 3, , SelfUpdate__min_crash_count_to_purge_sticky_tab_data
10-23 14:55:32.737  3041  3429 D HeterodyneSyncer: updateFlag: com.google.android.finsky.regular, 83561110, 3, , SelfUpdate__min_crash_count_to_purge_user_preferences
10-23 14:55:32.737  3041  3429 D HeterodyneSyncer: updateFlag: com.google.android.finsky.regular, 83561110, 3, , SelfUpdate__min_sdk_for_logging_of_invalid_derived_ids
10-23 14:55:32.737  3041  3429 D HeterodyneSyncer: updateFlag: com.google.android.finsky.regular, 83561110, 3, , SelfUpdate__permitted_self_update_running_period_ms
10-23 14:55:32.737  3041  3429 D HeterodyneSyncer: updateFlag: com.google.android.finsky.regular, 83561110, 3, , SelfUpdate__release_notes_url
10-23 14:55:32.737  3041  3429 D HeterodyneSyncer: updateFlag: com.google.android.finsky.regular, 83561110, 3, , SelfUpdate__self_update_download_max_valid_time_ms
10-23 14:55:32.737  3041  3429 D HeterodyneSyncer: updateFlag: com.google.android.finsky.regular, 83561110, 3, , SelfUpdate__show_manual_self_update_button
10-23 14:55:32.737  3041  3429 D HeterodyneSyncer: updateFlag: com.google.android.finsky.regular, 83561110, 3, , SelfUpdate__skip_log_install_finished
10-23 14:55:32.737  3041  3429 D HeterodyneSyncer: updateFlag: com.google.android.finsky.regular, 83561110, 3, , SelfUpdate__skip_wait_for_install_if_phonesky_already_in_background
10-23 14:55:32.737  3041  3429 D HeterodyneSyncer: updateFlag: com.google.android.finsky.regular, 83561110, 3, , SelfUpdate__state_persistence_policy
10-23 14:55:32.737  3041  3429 D HeterodyneSyncer: updateFlag: com.google.android.finsky.regular, 83561110, 3, , SelfUpdate__support_self_update_cancel
10-23 14:55:32.737  3041  3429 D HeterodyneSyncer: updateFlag: com.google.android.finsky.regular, 83561110, 3, , SelfUpdate__trigger_emergency_self_update
10-23 14:55:32.737  3041  3429 D HeterodyneSyncer: updateFlag: com.google.android.finsky.regular, 83561110, 3, , SelfUpdate__update_policy_for_missing_installed_derived_apk_id
10-23 14:55:32.737  3041  3429 D HeterodyneSyncer: updateFlag: com.google.android.finsky.regular, 83561110, 3, , SelfUpdate__use_standalone_apk
10-23 14:55:32.737  3041  3429 D HeterodyneSyncer: updateFlag: com.google.android.finsky.regular, 83561110, 3, , SemanticDiff__dummy_flag
10-23 14:55:32.737  3041  3429 D HeterodyneSyncer: updateFlag: com.google.android.finsky.regular, 83561110, 3, , SettingsDeeplink__enable_settings_deeplink
10-23 14:55:32.738  3041  3429 D HeterodyneSyncer: updateFlag: com.google.android.finsky.regular, 83561110, 3, , SkipPcsiLoggingOnEmptySearchSuggestion__enabled
10-23 14:55:32.738  3041  3429 D HeterodyneSyncer: updateFlag: com.google.android.finsky.regular, 83561110, 3, , SmartCart__enable_gray_color_spinner
10-23 14:55:32.738  3041  3429 D HeterodyneSyncer: updateFlag: com.google.android.finsky.regular, 83561110, 3, , SmartCart__enable_payments_visdre
10-23 14:55:32.738  3041  3429 D HeterodyneSyncer: updateFlag: com.google.android.finsky.regular, 83561110, 3, , StaticUiInstructions__enable_build_response_on_client_side
10-23 14:55:32.742  3041  3429 D HeterodyneSyncer: updateFlag: com.google.android.finsky.regular, 83561110, 3, , StaticUiInstructions__enable_custom_initial_loading
10-23 14:55:32.742  3041  3429 D HeterodyneSyncer: updateFlag: com.google.android.finsky.regular, 83561110, 3, , StaticUiInstructions__enable_fallback_hard_coded_response
10-23 14:55:32.742  3041  3429 D HeterodyneSyncer: updateFlag: com.google.android.finsky.regular, 83561110, 3, , Storage__default_install_chunk_size_in_bytes
10-23 14:55:32.742  3041  3429 D HeterodyneSyncer: updateFlag: com.google.android.finsky.regular, 83561110, 3, , Storage__default_system_threshold_percent
10-23 14:55:32.742  3041  3429 D HeterodyneSyncer: updateFlag: com.google.android.finsky.regular, 83561110, 3, , Storage__download_free_space_apk_size_factor
10-23 14:55:32.742  3041  3429 D HeterodyneSyncer: updateFlag: com.google.android.finsky.regular, 83561110, 3, , Storage__download_free_space_threshold_bytes
10-23 14:55:32.742  3041  3429 D HeterodyneSyncer: updateFlag: com.google.android.finsky.regular, 83561110, 3, , Storage__turn_down_valuestore_migration_hygiene_job
10-23 14:55:32.742  3041  3429 D HeterodyneSyncer: updateFlag: com.google.android.finsky.regular, 83561110, 3, , Storage__use_storage_manager_apis
10-23 14:55:32.742  3041  3429 D HeterodyneSyncer: updateFlag: com.google.android.finsky.regular, 83561110, 3, , StoreLifecycle__enable_restart_app_on_account_removal
10-23 14:55:32.742  3041  3429 D HeterodyneSyncer: updateFlag: com.google.android.finsky.regular, 83561110, 3, , SubsCenterVisualRefresh__enable_message_for_disabled_button
10-23 14:55:32.742  3041  3429 D HeterodyneSyncer: updateFlag: com.google.android.finsky.regular, 83561110, 3, , SubsCenterVisualRefresh__enable_subs_center_visual_refresh
10-23 14:55:32.743  3041  3429 D HeterodyneSyncer: updateFlag: com.google.android.finsky.regular, 83561110, 3, , SubscriptionCenterFlow__killswitch_manage_cta
10-23 14:55:32.743  3041  3429 D HeterodyneSyncer: updateFlag: com.google.android.finsky.regular, 83561110, 3, , TestConfig__backend_urls
10-23 14:55:32.743  3041  3429 D HeterodyneSyncer: updateFlag: com.google.android.finsky.regular, 83561110, 3, , TestOnly__check_for_null_account
10-23 14:55:32.743  3041  3429 D HeterodyneSyncer: updateFlag: com.google.android.finsky.regular, 83561110, 3, , TesterApi__tester_api_package_controller
10-23 14:55:32.743  3041  3429 D HeterodyneSyncer: updateFlag: com.google.android.finsky.regular, 83561110, 3, , ThirdPartyBillingUserTrust__allowlist_packages_for_user_trust_warning
10-23 14:55:32.743  3041  3429 D HeterodyneSyncer: updateFlag: com.google.android.finsky.regular, 83561110, 3, , TransientMessage__enable_transient_message_utils
10-23 14:55:32.743  3041  3429 D HeterodyneSyncer: updateFlag: com.google.android.finsky.regular, 83561110, 3, , TubeskyDeviceCertification__is_enabled
10-23 14:55:32.743  3041  3429 D HeterodyneSyncer: updateFlag: com.google.android.finsky.regular, 83561110, 3, , TubeskyInAppReview__enable_tubesky_in_app_review
10-23 14:55:32.743  3041  3429 D HeterodyneSyncer: updateFlag: com.google.android.finsky.regular, 83561110, 3, , TubeskyInAppReview__tubesky_in_app_review_allowlist
10-23 14:55:32.743  3041  3429 D HeterodyneSyncer: updateFlag: com.google.android.finsky.regular, 83561110, 3, , TubeskyPlayProtectNotificationsForAmati__is_enabled
10-23 14:55:32.743  3041  3429 D HeterodyneSyncer: updateFlag: com.google.android.finsky.regular, 83561110, 3, , TubeskyPlayProtect__is_enabled
10-23 14:55:32.743  3041  3429 D HeterodyneSyncer: updateFlag: com.google.android.finsky.regular, 83561110, 3, , TubeskyPurchase__enable_payment_and_purchases_setting
10-23 14:55:32.743  3041  3429 D HeterodyneSyncer: updateFlag: com.google.android.finsky.regular, 83561110, 3, , TubeskyRapidInstallWhitelisting__allow_rapid_install_whitelist
10-23 14:55:32.743  3041  3429 D HeterodyneSyncer: updateFlag: com.google.android.finsky.regular, 83561110, 3, , TubeskyRapidInstall__enable_background_fix
10-23 14:55:32.743  3041  3429 D HeterodyneSyncer: updateFlag: com.google.android.finsky.regular, 83561110, 3, , TubeskySearchImprovements__is_enabled
10-23 14:55:32.743  3041  3429 D HeterodyneSyncer: updateFlag: com.google.android.finsky.regular, 83561110, 3, , TvAcquisitionFlow__enable_translucent_window
10-23 14:55:32.743  3041  3429 D HeterodyneSyncer: updateFlag: com.google.android.finsky.regular, 83561110, 3, , UnackInAppSubscriptionWarningMessage__enable_details_page_message
10-23 14:55:32.743  3041  3429 D HeterodyneSyncer: updateFlag: com.google.android.finsky.regular, 83561110, 3, , UnackInAppSubscriptionWarningMessage__enable_message_on_details_page
10-23 14:55:32.743  3041  3429 D HeterodyneSyncer: updateFlag: com.google.android.finsky.regular, 83561110, 3, , UnackInAppSubscriptionWarningMessage__enable_test_code_logging
10-23 14:55:32.743  3041  3429 D HeterodyneSyncer: updateFlag: com.google.android.finsky.regular, 83561110, 3, , UnackInAppSubscriptionWarningMessage__enable_test_codes
10-23 14:55:32.743  3041  3429 D HeterodyneSyncer: updateFlag: com.google.android.finsky.regular, 83561110, 3, , UnauthDebugSettings__signed_android_identity_token
10-23 14:55:32.743  3041  3429 D HeterodyneSyncer: updateFlag: com.google.android.finsky.regular, 83561110, 3, , UnauthPaiUpdates__enable_unauth_PAI_app_updates
10-23 14:55:32.743  3041  3429 D HeterodyneSyncer: updateFlag: com.google.android.finsky.regular, 83561110, 3, , UnauthUpdates__enable_unauth_manual_update
10-23 14:55:32.743  3041  3429 D HeterodyneSyncer: updateFlag: com.google.android.finsky.regular, 83561110, 3, , UnicornCodegen__block_unsupervised_kids
10-23 14:55:32.743  3041  3429 D HeterodyneSyncer: updateFlag: com.google.android.finsky.regular, 83561110, 3, , UnicornCodegen__send_app_version_code_for_get_items
10-23 14:55:32.743  3041  3429 D HeterodyneSyncer: updateFlag: com.google.android.finsky.regular, 83561110, 3, , Unicorn__send_app_version_code_for_details
10-23 14:55:32.743  3041  3429 D HeterodyneSyncer: updateFlag: com.google.android.finsky.regular, 83561110, 3, , UnifiedSync__droid_guard_payload_min_latency
10-23 14:55:32.743  3041  3429 D HeterodyneSyncer: updateFlag: com.google.android.finsky.regular, 83561110, 3, , UnifiedSync__droid_guard_payload_reuse_duration
10-23 14:55:32.743  3041  3429 D HeterodyneSyncer: updateFlag: com.google.android.finsky.regular, 83561110, 3, , UnifiedSync__droid_guard_payload_sent_for_current_account_only
10-23 14:55:32.743  3041  3429 D HeterodyneSyncer: updateFlag: com.google.android.finsky.regular, 83561110, 3, , UnifiedSync__droidguard_flow_name
10-23 14:55:32.743  3041  3429 D HeterodyneSyncer: updateFlag: com.google.android.finsky.regular, 83561110, 3, , UnifiedSync__enable_latency_tolerant_sync_requests
10-23 14:55:32.743  3041  3429 D HeterodyneSyncer: updateFlag: com.google.android.finsky.regular, 83561110, 3, , UnifiedSync__enable_server_notification_hygiene_specific_payload
10-23 14:55:32.743  3041  3429 D HeterodyneSyncer: updateFlag: com.google.android.finsky.regular, 83561110, 3, , UnifiedSync__enable_server_notification_trigger_in_response_wrapper
10-23 14:55:32.743  3041  3429 D HeterodyneSyncer: updateFlag: com.google.android.finsky.regular, 83561110, 3, , UnifiedSync__latency_sensitive_plus_urgencies
10-23 14:55:32.743  3041  3429 D HeterodyneSyncer: updateFlag: com.google.android.finsky.regular, 83561110, 3, , UnifiedSync__schedule_promotional_notification_refresh_in_hygiene_job
10-23 14:55:32.743  3041  3429 D HeterodyneSyncer: updateFlag: com.google.android.finsky.regular, 83561110, 3, , UnifiedSync__unified_sync_hygiene_delay
10-23 14:55:32.743  3041  3429 D HeterodyneSyncer: updateFlag: com.google.android.finsky.regular, 83561110, 3, , UninstallApp__remove_uninstall_app_auto_refund
10-23 14:55:32.743  3041  3429 D HeterodyneSyncer: updateFlag: com.google.android.finsky.regular, 83561110, 3, , UninstallManager__fix_uninstall_manager_uninstall_reason
10-23 14:55:32.743  3041  3429 D HeterodyneSyncer: updateFlag: com.google.android.finsky.regular, 83561110, 3, , UninstallManager__improve_destination_page_sorting
10-23 14:55:32.743  3041  3429 D HeterodyneSyncer: updateFlag: com.google.android.finsky.regular, 83561110, 3, , UninstallManager__show_system_apps
10-23 14:55:32.743  3041  3429 D HeterodyneSyncer: updateFlag: com.google.android.finsky.regular, 83561110, 3, , UninstallManager__show_uninstall_manager_in_install_queue_for_single_install
10-23 14:55:32.743  3041  3429 D HeterodyneSyncer: updateFlag: com.google.android.finsky.regular, 83561110, 3, , UninstallManager__system_apps_allow_list
10-23 14:55:32.743  3041  3429 D HeterodyneSyncer: updateFlag: com.google.android.finsky.regular, 83561110, 3, , UninstallManager__uninstall_manager_app_data_cache_load_timeout
10-23 14:55:32.743  3041  3429 D HeterodyneSyncer: updateFlag: com.google.android.finsky.regular, 83561110, 3, , UninstallManager__uninstall_manager_on_data_changed_rebind_views_delay
10-23 14:55:32.743  3041  3429 D HeterodyneSyncer: updateFlag: com.google.android.finsky.regular, 83561110, 3, , UnivisionDataAppDownloadProgress__enable_value_validation
10-23 14:55:32.744  3041  3429 D HeterodyneSyncer: updateFlag: com.google.android.finsky.regular, 83561110, 3, , UnivisionDataBatchInstallqueue__actor_channel_buffer_size
10-23 14:55:32.744  3041  3429 D HeterodyneSyncer: updateFlag: com.google.android.finsky.regular, 83561110, 3, , UnivisionDataBatchInstallqueue__batch_timeout
10-23 14:55:32.744  3041  3429 D HeterodyneSyncer: updateFlag: com.google.android.finsky.regular, 83561110, 3, , UnivisionDataBatchInstallqueue__enable
10-23 14:55:32.744  3041  3429 D HeterodyneSyncer: updateFlag: com.google.android.finsky.regular, 83561110, 3, , UnivisionDataBatchItemstore__actor_channel_buffer_size
10-23 14:55:32.744  3041  3429 D HeterodyneSyncer: updateFlag: com.google.android.finsky.regular, 83561110, 3, , UnivisionDataBatchItemstore__batch_timeout
10-23 14:55:32.744  3041  3429 D HeterodyneSyncer: updateFlag: com.google.android.finsky.regular, 83561110, 3, , UnivisionDataBatchItemstore__enable
10-23 14:55:32.744  3041  3429 D HeterodyneSyncer: updateFlag: com.google.android.finsky.regular, 83561110, 3, , UnivisionDataCustomCombine__enable_for_item_client_state
10-23 14:55:32.744  3041  3429 D HeterodyneSyncer: updateFlag: com.google.android.finsky.regular, 83561110, 3, , UnivisionPlayCommerce__enable_session_viewmodel
10-23 14:55:32.744  3041  3429 D HeterodyneSyncer: updateFlag: com.google.android.finsky.regular, 83561110, 3, , UnivisionSubscriptionCenter__is_enabled
10-23 14:55:32.744  3041  3429 D HeterodyneSyncer: updateFlag: com.google.android.finsky.regular, 83561110, 3, , UnivisionWriteReviewPage__enable_uwrp
10-23 14:55:32.744  3041  3429 D HeterodyneSyncer: updateFlag: com.google.android.finsky.regular, 83561110, 3, , Univision__hawkeye_enable_serp
10-23 14:55:32.744  3041  3429 D HeterodyneSyncer: updateFlag: com.google.android.finsky.regular, 83561110, 3, , UnrecognizedAppStoreListing__is_enabled
10-23 14:55:32.744  3041  3429 D HeterodyneSyncer: updateFlag: com.google.android.finsky.regular, 83561110, 3, , UnrecognizedAppStoreListing__unrecognized_app_store_listing_enabled
10-23 14:55:32.744  3041  3429 D HeterodyneSyncer: updateFlag: com.google.android.finsky.regular, 83561110, 3, , UpdateBackgroundColorsForMaterialNext__is_enabled
10-23 14:55:32.745  3041  3429 D HeterodyneSyncer: updateFlag: com.google.android.finsky.regular, 83561110, 3, , UpdateImportance__update_importance_enabling_filtering_in_outstanding_update_notification
10-23 14:55:32.745  3041  3429 D HeterodyneSyncer: updateFlag: com.google.android.finsky.regular, 83561110, 3, , UpdateImportance__update_importance_manual_action_needed_threshold_days
10-23 14:55:32.745  3041  3429 D HeterodyneSyncer: updateFlag: com.google.android.finsky.regular, 83561110, 3, , UpdateImportance__update_importance_min_clickability_score_to_show_outstanding_update_notification
10-23 14:55:32.745  3041  3429 D HeterodyneSyncer: updateFlag: com.google.android.finsky.regular, 83561110, 3, , UpdateImportance__update_importance_min_clickability_score_to_show_successful_update_notification
10-23 14:55:32.745  3041  3429 D HeterodyneSyncer: updateFlag: com.google.android.finsky.regular, 83561110, 3, , UpdateImportance__update_importance_min_clickability_score_to_show_update_notification
10-23 14:55:32.745  3041  3429 D HeterodyneSyncer: updateFlag: com.google.android.finsky.regular, 83561110, 3, , UpdateImportance__update_importance_min_manual_action_score_to_show_update_notification
10-23 14:55:32.745  1093  1117 I ActiveUnlockStatusUtils: authority not set
10-23 14:55:32.745  3041  3429 D HeterodyneSyncer: updateFlag: com.google.android.finsky.regular, 83561110, 3, , UpdateImportance__update_importance_min_usefulness_score_to_show_update_notification
10-23 14:55:32.745  3041  3429 D HeterodyneSyncer: updateFlag: com.google.android.finsky.regular, 83561110, 3, , UpdateImportance__update_importance_rank_apps_in_outstanding_updates_notifications
10-23 14:55:32.745  3041  3429 D HeterodyneSyncer: updateFlag: com.google.android.finsky.regular, 83561110, 3, , UpdateImportance__update_importance_rank_apps_in_successfully_updated_notifications
10-23 14:55:32.745  3041  3429 D HeterodyneSyncer: updateFlag: com.google.android.finsky.regular, 83561110, 3, , UpdateImportance__update_importance_recent_usage_query_interval_days
10-23 14:55:32.745  3041  3429 D HeterodyneSyncer: updateFlag: com.google.android.finsky.regular, 83561110, 3, , UpdateImportance__update_importance_sort_updates_in_my_apps_updates_per_importance
10-23 14:55:32.745  3041  3429 D HeterodyneSyncer: updateFlag: com.google.android.finsky.regular, 83561110, 3, , UpdateImportance__update_importance_update_frequency_threshold_days
10-23 14:55:32.746  3041  3429 D HeterodyneSyncer: updateFlag: com.google.android.finsky.regular, 83561110, 3, , UpdateImportance__update_importance_use_update_importance_to_trigger_successful_update_notification
10-23 14:55:32.746  1093  1117 I ActiveUnlockStatusUtils: authority not set
10-23 14:55:32.746  3041  3429 D HeterodyneSyncer: updateFlag: com.google.android.finsky.regular, 83561110, 3, , UpdateImportance__update_importance_usefulness_threshold_days
10-23 14:55:32.746  3041  3429 D HeterodyneSyncer: updateFlag: com.google.android.finsky.regular, 83561110, 3, , UseGoogleSansTextForBody__is_enabled
10-23 14:55:32.746  3041  3429 D HeterodyneSyncer: updateFlag: com.google.android.finsky.regular, 83561110, 3, , UserLanguagesCodegen__max_background_retries
10-23 14:55:32.746  3041  3429 D HeterodyneSyncer: updateFlag: com.google.android.finsky.regular, 83561110, 3, , UserLanguages__deferred_languages_require_wifi_charging
10-23 14:55:32.747  3041  3429 D HeterodyneSyncer: updateFlag: com.google.android.finsky.regular, 83561110, 3, , UserLanguages__kill_switch_split_installs_for_other_apps_on_locale_change
10-23 14:55:32.747  3041  3429 D HeterodyneSyncer: updateFlag: com.google.android.finsky.regular, 83561110, 3, , UserLanguages__language_check_after_ota
10-23 14:55:32.747  3041  3429 D HeterodyneSyncer: updateFlag: com.google.android.finsky.regular, 83561110, 3, , UserLanguages__network_restriction_for_language_splits
10-23 14:55:32.747  3041  3429 D HeterodyneSyncer: updateFlag: com.google.android.finsky.regular, 83561110, 3, , UserSettings__enable_user_settings_value_store
10-23 14:55:32.747  3041  3429 D HeterodyneSyncer: updateFlag: com.google.android.finsky.regular, 83561110, 3, , VerticalScroller__killswitch_allow_forced_scroll_to_position
10-23 14:55:32.747  3041  3429 D HeterodyneSyncer: updateFlag: com.google.android.finsky.regular, 83561110, 3, , VideoManagerFeatures__autoplay_video_on_render
10-23 14:55:32.747  3041  3429 D HeterodyneSyncer: updateFlag: com.google.android.finsky.regular, 83561110, 3, , VrAcquisitionFlow__deprecate_billing_service
10-23 14:55:32.747  3041  3429 D HeterodyneSyncer: updateFlag: com.google.android.finsky.regular, 83561110, 3, , VrAcquisitionFlow__enable_2D_flow
10-23 14:55:32.747  3041  3429 D HeterodyneSyncer: updateFlag: com.google.android.finsky.regular, 83561110, 3, , WarmStartOptimization__log_mismatch_home_urls
10-23 14:55:32.748  3041  3429 D HeterodyneSyncer: updateFlag: com.google.android.finsky.regular, 83561110, 3, , WarmStartOptimization__toc_loading_indicator_delay_ms
10-23 14:55:32.748  3041  3429 D HeterodyneSyncer: updateFlag: com.google.android.finsky.regular, 83561110, 3, , WearAcquisitionFlow__enable_wear_free_acquire_remote_escalation
10-23 14:55:32.748  3041  3429 D HeterodyneSyncer: updateFlag: com.google.android.finsky.regular, 83561110, 3, , WearAutoUpdate__enable_basic_idle_relaxation_policy
10-23 14:55:32.748  3041  3429 D HeterodyneSyncer: updateFlag: com.google.android.finsky.regular, 83561110, 3, , WearDebugOptions__enable_debug_options_menu
10-23 14:55:32.748  3041  3429 D HeterodyneSyncer: updateFlag: com.google.android.finsky.regular, 83561110, 3, , WearDeferPaginate__is_enabled
10-23 14:55:32.748  3041  3429 D HeterodyneSyncer: updateFlag: com.google.android.finsky.regular, 83561110, 3, , WearHygieneOptimization__enable_wear_dependency_optimization
10-23 14:55:32.748  3041  3429 D HeterodyneSyncer: updateFlag: com.google.android.finsky.regular, 83561110, 3, , WearInstall__use_playconnect_for_companion_app_install
10-23 14:55:32.748  3041  3429 D HeterodyneSyncer: updateFlag: com.google.android.finsky.regular, 83561110, 3, , WearPaymentMultiAccount__enable_wear_payment_ah_amb
10-23 14:55:32.748  3041  3429 D HeterodyneSyncer: updateFlag: com.google.android.finsky.regular, 83561110, 3, , WearSupport__killswitch_foreground_wear_service
10-23 14:55:32.748  3041  3429 D HeterodyneSyncer: updateFlag: com.google.android.finsky.regular, 83561110, 3, , WearSupport__wear_companion_app_list
10-23 14:55:32.748  3041  3429 D HeterodyneSyncer: updateFlag: com.google.android.finsky.regular, 83561110, 3, , WearUserCheckForUpdate__is_enabled
10-23 14:55:32.748  3041  3429 D HeterodyneSyncer: updateFlag: com.google.android.finsky.regular, 83561110, 3, , WideMediaFeatures__toggle_metadata_visibility
10-23 14:55:32.748  3041  3429 D HeterodyneSyncer: updateFlag: com.google.android.finsky.regular, 83561110, 3, , WideMediaText__is_background_bright
10-23 14:55:32.748  3041  3429 D HeterodyneSyncer: updateFlag: com.google.android.finsky.regular, 83561110, 3, , YoutubeUgcVideo__show_youtube_ugc_video_on_dp
10-23 14:55:32.748  3041  3429 D HeterodyneSyncer: updateFlag: com.google.android.finsky.regular, 83561110, 3, , YoutubeUgcVideo__ugc_module_above_rr
10-23 14:55:32.748  3041  3429 D HeterodyneSyncer: updateFlag: com.google.android.finsky.regular, 83561110, 3, , YtWebPlayerBugfix__enable_yt_web_player_bugfix
10-23 14:55:32.749  3041  3429 D HeterodyneSyncer: updateFlag: com.google.android.finsky.regular, 83561110, 3, , Zapp__enable_app_version_override
10-23 14:55:32.749  3041  3429 D HeterodyneSyncer: updateFlag: com.google.android.finsky.regular, 83561110, 3, , ZeroPrefixSearchSuggest__enable_on_device_suggest
10-23 14:55:32.749  3041  3429 D HeterodyneSyncer: updateFlag: com.google.android.finsky.regular, 83561110, 3, , ZeroPrefixSearchSuggest__enable_search_suggest_pcsi_v2
10-23 14:55:32.749  3041  3429 D HeterodyneSyncer: updateFlag: com.google.android.finsky.regular, 83561110, 3, , ZeroPrefixSearchSuggest__enable_updated_search_suggest_theming
10-23 14:55:32.749  3041  3429 D HeterodyneSyncer: updateFlag: com.google.android.finsky.regular, 83561110, 3, , ZeroPrefixSearchSuggest__enable_zero_prefix_response_homepage_prefetch
10-23 14:55:32.749  3041  3429 D HeterodyneSyncer: updateFlag: com.google.android.finsky.regular, 83561110, 3, , ZeroPrefixSearchSuggest__enable_zero_prefix_search_suggest_daily_hygiene
10-23 14:55:32.750  3041  3429 D HeterodyneSyncer: updateFlag: com.google.android.finsky.regular, 83561110, 3, , ZeroPrefixSearchSuggest__enable_zero_prefix_server_suggest
10-23 14:55:32.750  3041  3429 D HeterodyneSyncer: updateFlag: com.google.android.finsky.regular, 83561110, 3, , ZeroPrefixSearchSuggest__navigate_back_to_zero_prefix_search_suggest_from_details_page
10-23 14:55:32.750  3041  3429 D HeterodyneSyncer: updateFlag: com.google.android.finsky.regular, 83561110, 3, , ZeroPrefixSearchSuggest__show_no_zero_prefix_suggestions_if_only_ads_are_available
10-23 14:55:32.750  3041  3429 D HeterodyneSyncer: updateFlag: com.google.android.finsky.regular, 83561110, 3, , ZeroPrefixSearchSuggest__show_remote_suggest_above_recent_search
10-23 14:55:32.750  3041  3429 D HeterodyneSyncer: updateFlag: com.google.android.finsky.regular, 83561110, 3, , ZeroPrefixSearchSuggest__zero_prefix_recent_search_suggestion_count
10-23 14:55:32.750  3041  3429 D HeterodyneSyncer: updateFlag: com.google.android.finsky.regular, 83561110, 3, , ZeroPrefixSearchSuggest__zero_prefix_search_suggest_page_max_wait_time_ms
10-23 14:55:32.750  3041  3429 D HeterodyneSyncer: updateFlag: com.google.android.finsky.regular, 83561110, 3, , ZeroRating__enable_zero_rating
10-23 14:55:32.750  3041  3429 D HeterodyneSyncer: updateFlag: com.google.android.finsky.regular, 83561110, 3, , finsky.zapp.rate_limit_num_permitted_calls
10-23 14:55:32.750  3041  3429 D HeterodyneSyncer: updateFlag: com.google.android.finsky.regular, 83561110, 3, , finsky.zapp.rate_limit_window_ms
10-23 14:55:32.750  3041  3429 D HeterodyneSyncer: update experiment token: com.google.android.finsky.regular, 83561110,
10-23 14:55:32.770  1093  1117 I ActiveUnlockStatusUtils: authority not set
10-23 14:55:32.775   413  1029 D audioserver: FGS Logger Transaction failed
10-23 14:55:32.775   413  1029 D audioserver: -129
10-23 14:55:32.798  3041  3429 D HeterodyneConfigVersion: clearing HeterodyneConfigVersionCache
10-23 14:55:32.799  3041  3429 D HeterodyneSyncer: retaining committed user:
10-23 14:55:32.803  1093  1117 D PrefCtrlListHelper: Could not find Context-only controller for pref: com.android.settings.fuelgauge.BatteryHeaderPreferenceController
10-23 14:55:32.804  3041  3429 D GetConfigurationSnapsho: getFullConfigurations
10-23 14:55:32.805  1093  1117 D PrefCtrlListHelper: Could not find Context-only controller for pref: com.android.settings.fuelgauge.batterytip.BatteryTipPreferenceController
10-23 14:55:32.805  1093  1117 D PrefCtrlListHelper: Could not find Context-only controller for pref: com.google.android.settings.fuelgauge.adaptivecharging.AdaptiveChargingPreferenceController
10-23 14:55:32.805  1093  1117 D PrefCtrlListHelper: Could not find Context-only controller for pref: com.google.android.settings.fuelgauge.reversecharging.ReverseChargingPreferenceController
10-23 14:55:32.808  1093  1117 D PrefCtrlListHelper: Could not find Context-only controller for pref: com.android.settings.display.BatteryPercentagePreferenceController
10-23 14:55:32.812  3041  3052 I android.vending: Compiler allocated 5858KB to compile void ainp.v(java.util.Set, long, apar, apas, java.util.List, java.util.LinkedHashMap, arzo, aino, boolean)
10-23 14:55:32.821  1093  1117 D PrefCtrlListHelper: Could not find Context-only controller for pref: com.android.settings.gestures.GestureNavigationSettingsAssistController
10-23 14:55:32.823  1093  1117 D PrefCtrlListHelper: Could not find Context-only controller for pref: com.android.settings.datausage.UnrestrictedDataAccessPreferenceController
10-23 14:55:32.823  1093  1117 W SettingsPrefController: Skipping updateNonIndexableKeys, key already in list. com.android.settings.datausage.UnrestrictedDataAccessPreferenceController@6ba56f6
10-23 14:55:32.823  1093  1117 V SettingsSearchProvider: com.android.settings.language.LanguageAndInputSettings$1@245bd64 tried to add an empty non-indexable key
10-23 14:55:32.824  1093  1117 D PrefCtrlListHelper: Could not find Context-only controller for pref: com.android.settings.accessibility.CaptioningPreviewPreferenceController
10-23 14:55:32.824  1093  1117 D PrefCtrlListHelper: Could not find Context-only controller for pref: com.android.settings.accessibility.CaptioningFontSizeController
10-23 14:55:32.824  1093  1117 D PrefCtrlListHelper: Could not find Context-only controller for pref: com.android.settings.accessibility.CaptioningPresetController
10-23 14:55:32.824  1093  1117 D PrefCtrlListHelper: Could not find Context-only controller for pref: com.android.settings.accessibility.CaptioningCustomController
10-23 14:55:32.824  1093  1117 D PrefCtrlListHelper: Could not find Context-only controller for pref: com.android.settings.accessibility.CaptioningTypefaceController
10-23 14:55:32.824  1093  1117 D PrefCtrlListHelper: Could not find Context-only controller for pref: com.android.settings.accessibility.CaptioningForegroundColorController
10-23 14:55:32.824  1093  1117 D PrefCtrlListHelper: Could not find Context-only controller for pref: com.android.settings.accessibility.CaptioningForegroundOpacityController
