10-23 14:56:18.935  5175  5296 W SubscriptionMetadataUti: 	at cnpm.a(PG:3)
10-23 14:56:18.935  5175  5296 W SubscriptionMetadataUti: 	at ctfv.a(PG:1)
10-23 14:56:18.935  5175  5296 W SubscriptionMetadataUti: 	at ctet.run(PG:4)
10-23 14:56:18.935  5175  5296 W SubscriptionMetadataUti: 	at ctfx.run(PG:1)
10-23 14:56:18.935  5175  5296 W SubscriptionMetadataUti: 	at bxfd.run(PG:1)
10-23 14:56:18.935  5175  5296 W SubscriptionMetadataUti: 	at java.util.concurrent.ThreadPoolExecutor.runWorker(ThreadPoolExecutor.java:1145)
10-23 14:56:18.935  5175  5296 W SubscriptionMetadataUti: 	at java.util.concurrent.ThreadPoolExecutor$Worker.run(ThreadPoolExecutor.java:644)
10-23 14:56:18.935  5175  5296 W SubscriptionMetadataUti: 	at bxef.run(PG:2)
10-23 14:56:18.935  5175  5296 W SubscriptionMetadataUti: 	at java.lang.Thread.run(Thread.java:1012)
10-23 14:56:18.935  5175  5296 W SubscriptionMetadataUti: 	at bxfj.run(PG:5)
10-23 14:56:18.935  5175  5296 I Bugle   : SubscriptionUtilsAsOfLMR1: getActiveSubscriptionInfo(): empty sub info for subscription{id:-1}
10-23 14:56:18.935  5175  5296 I Bugle   : SubscriptionUtilsAsOfLMR1: getActiveSubscriptionInfo(): empty sub info for subscription{id:-1}
10-23 14:56:18.935  5175  5296 W Bugle   : SubscriptionUtilsAsOfLMR1: getSelfRawNumber: subInfo is null for subscription{id:-1}
10-23 14:56:18.935  5175  5260 W BugleRcsEngine: [46] bpxc.w: Unable to send diagnostic log
10-23 14:56:18.935  6095  6215 I Finsky  : [88] ztb.a(26): SCH: job service finished with id 9000.
10-23 14:56:18.937  5175  5275 I BugleTransport: isChatAvailable: RcsAvailability is DISABLED_VIA_GSERVICES (RCS is disabled for this carrier by Google)
10-23 14:56:18.940  5175  5274 I BugleRcsEngine: [56] brnl.h: RCS Configuration storage in Bugle is disabled by p/h flag, using ProvisioningEngineStateCacheUtil.getProvisioningConfigurationForGivenSimIfExist()
10-23 14:56:18.943  5175  5296 W BugleAction: No default number, returning empty msisdn
10-23 14:56:18.944  5175  5274 I BugleTransport: updateActiveTransport: refreshing chat transport
10-23 14:56:18.945  5175  5274 I BugleTransport: refreshChatTransport: isChatAvailable: false, enabledTransport: 1, configuration: <empty>
10-23 14:56:18.947  6095  6211 I Finsky  : [84] thx.E(6): getDownloads()
10-23 14:56:18.953  5175  5274 I RcsClientLib: Connecting RcsEngineLifecycleService
10-23 14:56:18.954  5175  5274 W RcsClientLib: No CS.apk RCS service found. Is RCS running in Bugle?
10-23 14:56:18.955  5175  5274 I RcsClientLib: shouldUseCarrierServicesJibeService: false, CarrierServices rcs service found: false
10-23 14:56:18.961  5852  5885 I PhenotypeBackgroundRecv: Successfully updated snapshot for com.google.android.libraries.onegoogle#com.google.android.googlequicksearchbox
10-23 14:56:18.962  6095  6142 D TrafficStats: tagSocket(102) with statsTag=0xffffffff, statsUid=-1
10-23 14:56:18.965  5852  5852 I PhenotypeBackgroundRecv: Skipping com.google.android.apps.search.proactive_widgets_startup.device#com.google.android.googlequicksearchbox which doesn't use ProcessStable flags.
10-23 14:56:18.968  5852  5852 I PhenotypeBackgroundRecv: Skipping com.google.android.libraries.search.googleapp.user#com.google.android.googlequicksearchbox which doesn't use ProcessStable flags.
10-23 14:56:18.969  5852  5852 I PhenotypeBackgroundRecv: Skipping com.google.ar.sceneviewer.android.user#com.google.android.googlequicksearchbox which doesn't use ProcessStable flags.
10-23 14:56:18.972  5852  5852 I PhenotypeBackgroundRecv: Skipping com.google.android.apps.search.assistant.platform.ondevice.fulfillment.server.pop.user#com.google.android.googlequicksearchbox which doesn't use ProcessStable flags.
10-23 14:56:18.975  1348  6051 I NamespaceManager: Package com.android.refreshratecontrol name not found! Using module version.
10-23 14:56:18.975  1348  6051 I NamespaceManager: Package com.google.oslo name not found! Using module version.
10-23 14:56:18.976  1348  6051 I NamespaceManager: Package com.android.media name not found! Using module version.
10-23 14:56:18.976  1348  6051 I NamespaceManager: Package com.android.media.swcodec name not found! Using module version.
10-23 14:56:18.976  1348  6051 I NamespaceManager: Package com.android.appsearch name not found! Using module version.
10-23 14:56:18.976  1348  6051 I NamespaceManager: Package com.android.neuralnetworks name not found! Using module version.
10-23 14:56:18.976  1348  6051 I NamespaceManager: Package com.android.media name not found! Using module version.
10-23 14:56:18.976  5175  5259 I RcsClientLib: com.google.android.rcs.client.lifecycle.RcsEngineLifecycleService connected
10-23 14:56:18.977  1348  6051 I NamespaceManager: Package 1 name not found! Using module version.
10-23 14:56:18.977  5852  5852 I PhenotypeBackgroundRecv: Skipping com.google.android.apps.search.assistant.mobile.user#com.google.android.googlequicksearchbox which doesn't use ProcessStable flags.
10-23 14:56:18.983  1348  1508 W ChimeraUtils: Module com.google.android.gms.nearby_en missing resource null(0)
10-23 14:56:18.991  2964  2964 I A       : Refusing EXCLUSIVE task 21, it is already pending. Try again in 359 seconds.
10-23 14:56:18.991  1348  1508 W ChimeraUtils: Module com.google.android.gms.nearby_en missing resource null(0)
10-23 14:56:18.993  5852  5877 I PhenotypeBackgroundRecv: Successfully updated snapshot for com.google.android.libraries.performance.primes#com.google.android.googlequicksearchbox
10-23 14:56:18.995  5669  6030 I BugleRcsEngine: [78] RcsEngineImpl.triggerStopRcsStack: RcsEngineImpl[DUAL_REG]:[51693a5f-370e]: triggerStopRcsStack for msisdn:redacted-pii:phone_number[chars:0,last2:]
10-23 14:56:18.995  5669  6061 I BugleRcsEngine: [84] brqh.handleMessage: RcsEngineImpl[DUAL_REG]:[51693a5f-370e]>Handler: handleMessage processing message:[STOP_RCS_STACK] with [non-null]:RcsEngineImpl reference
10-23 14:56:18.995  5669  6061 I BugleRcsEngine: [84] brqh.handleMessage: RcsEngineImpl[DUAL_REG]:[51693a5f-370e]>Handler: RCS engine STOP RCS stack
10-23 14:56:18.995  5669  6061 W BugleRcsEngine: [84] RcsEngineImpl.e: RcsEngineImpl[DUAL_REG]:[51693a5f-370e]: imsModule is null, shutdown not required
10-23 14:56:18.995  5669  6061 I BugleRcsEngine: [84] RcsEngineImpl.stopRcsStackInternal: RcsEngineImpl[DUAL_REG]:[51693a5f-370e]: skipping imsModule.stop
10-23 14:56:18.996  5175  5270 I RcsClientLib: Disconnecting RcsEngineLifecycleService
10-23 14:56:19.000  5669  6061 I BugleRcsEngine: [84] brqh.handleMessage: RcsEngineImpl[DUAL_REG]:[51693a5f-370e]>Handler: handleMessage processing message:[NOTIFY_UPTIME_IGNORE_STATE_CHANGED] with [non-null]:RcsEngineImpl reference
10-23 14:56:19.000  3911  3911 I ViewInteraction: Performing 'single click' action on view view.getId() is <2131231208/com.example.lunchtray:id/start_order_btn>
10-23 14:56:19.002  1348  6051 I NamespaceManager: Package com.android.refreshratecontrol name not found! Using module version.
10-23 14:56:19.003  5669  6061 I BugleRcsEngine: [84] brnl.h: RCS Configuration storage in Bugle is disabled by p/h flag, using ProvisioningEngineStateCacheUtil.getProvisioningConfigurationForGivenSimIfExist()
10-23 14:56:19.005  1348  1508 W ChimeraUtils: Module com.google.android.gms.nearby_en missing resource null(0)
10-23 14:56:19.005  1348  6051 I NamespaceManager: Package com.google.oslo name not found! Using module version.
10-23 14:56:19.007  1348  6051 I NamespaceManager: Package com.android.media name not found! Using module version.
10-23 14:56:19.009  1348  6051 I NamespaceManager: Package com.android.media.swcodec name not found! Using module version.
10-23 14:56:19.010  1348  6051 I NamespaceManager: Package com.android.appsearch name not found! Using module version.
10-23 14:56:19.010  1348  6051 I NamespaceManager: Package com.android.neuralnetworks name not found! Using module version.
10-23 14:56:19.011  1348  6051 I NamespaceManager: Package com.android.media name not found! Using module version.
10-23 14:56:19.014  1348  6051 I NamespaceManager: Package 1 name not found! Using module version.
10-23 14:56:19.014   351   351 I Zygote  : Entering forkRepeatedly native zygote loop
10-23 14:56:19.047   351   351 D Zygote  : Forked child process 6223
10-23 14:56:19.051  1348  6016 W ChimeraUtils: Module com.google.android.gms.nearby_en missing resource null(0)
10-23 14:56:19.055  1348  6016 W ChimeraUtils: Module com.google.android.gms.nearby_en missing resource null(0)
10-23 14:56:19.057  1348  6016 W ChimeraUtils: Module com.google.android.gms.nearby_en missing resource null(0)
10-23 14:56:19.069   413   413 D audioserver: FGS Logger Transaction failed
10-23 14:56:19.069   413   413 D audioserver: -129
10-23 14:56:19.070  6095  6174 I Finsky  : [60] yte.accept(361): SCH: Scheduling phonesky job Id: 1-1337, CT: 1698072978846, Constraints: [{ L: 0, D: 2599430, C: 1, I: 1, N: 1 }, { L: 0, D: 0, C: 1, I: 1, N: 0 }]
10-23 14:56:19.074  2964  2964 I A       : Refusing EXCLUSIVE task 21, it is already pending. Try again in 359 seconds.
10-23 14:56:19.082  6095  6154 I Finsky  : [53] yvv.apply(29): SCH: Scheduling 2 system job(s)
10-23 14:56:19.082  6095  6154 D CompatibilityChangeReporter: Compat change id reported: 194532703; UID 10121; state: ENABLED
10-23 14:56:19.083  6095  6154 D CompatibilityChangeReporter: Compat change id reported: 253665015; UID 10121; state: ENABLED
10-23 14:56:19.083  6095  6154 I Finsky  : [53] zrm.d(263): SCH: Scheduling system job Id: 9107, L: 0, D: 2599194, C: false, I: false, N: 1
10-23 14:56:19.091  6095  6154 I Finsky  : [53] yvv.apply(1173): SCH: Scheduling expedited system job 9109
10-23 14:56:19.091  2964  2964 I A       : Refusing EXCLUSIVE task 21, it is already pending. Try again in 359 seconds.
10-23 14:56:19.091  6095  6095 I Finsky  : [2] ztb.onStartJob(128): SCH: job service start with id 9107.
10-23 14:56:19.106  6223  6223 I ding:background: Using CollectorTypeCC GC.
10-23 14:56:19.110  6223  6223 W ding:background: Unexpected CPU variant for x86: x86_64.
10-23 14:56:19.110  6223  6223 W ding:background: Known variants: atom, sandybridge, silvermont, goldmont, goldmont-plus, tremont, kabylake, default
10-23 14:56:19.113  1348  3332 W BpBinder: Large outgoing transaction of 344372 bytes, interface descriptor , code 4
10-23 14:56:19.118  6095  6208 I Finsky  : [82] yyd.a(380): SCH: Satisfied jobs for 9107 are: 1-1337
10-23 14:56:19.120  6095  6215 I Finsky  : [88] zsd.accept(777): SCH: Job 1-1337 starting
10-23 14:56:19.134  6095  6095 I Finsky  : [2] RoutineHygieneCoreJob.v(56): DailyHygiene Holdoff skipped
10-23 14:56:19.143  6223  6223 E ding:background: Not starting debugger since process cannot load the jdwp agent.
10-23 14:56:19.153  6095  6095 I Finsky  : [2] qdq.a(392): HC: Starting Hygiene for reason 8
10-23 14:56:19.153  6095  6095 I Finsky  : [2] qdq.a(423): HC: Diff version or system, clear token
10-23 14:56:19.153  6095  6095 W Finsky  : [2] jir.d(17): For unauth, use getDfeApiNonAuthenticated() instead!
10-23 14:56:19.154  6095  6095 I Finsky  : [2] ahoa.k(49): Diff app version, maybe clear cache
10-23 14:56:19.161  6095  6181 D Volley  : [64] ahns.b: Cache cleared.
10-23 14:56:19.165  5002  5002 D CompatibilityChangeReporter: Compat change id reported: 119147584; UID 10119; state: ENABLED
10-23 14:56:19.167  6095  6238 D Volley  : [95] ahns.b: Cache cleared.
10-23 14:56:19.168  6223  6223 D CompatibilityChangeReporter: Compat change id reported: 171979766; UID 10121; state: ENABLED
10-23 14:56:19.168  6223  6223 D CompatibilityChangeReporter: Compat change id reported: 242716250; UID 10121; state: ENABLED
10-23 14:56:19.176  5852  5885 I PhenotypeBackgroundRecv: Successfully updated snapshot for com.google.android.libraries.consent.flows.footprints#com.google.android.googlequicksearchbox
10-23 14:56:19.181  1348  6051 I NamespaceManager: Package com.android.refreshratecontrol name not found! Using module version.
10-23 14:56:19.182  1348  6051 I NamespaceManager: Package com.google.oslo name not found! Using module version.
10-23 14:56:19.183  1348  1360 I .gms.persistent: Background young concurrent copying GC freed 139824(5891KB) AllocSpace objects, 2(76KB) LOS objects, 15% free, 23MB/28MB, paused 4.637ms,110us total 113.562ms
10-23 14:56:19.183  6223  6223 D nativeloader: Configuring clns-6 for other apk /system/framework/org.apache.http.legacy.jar. target_sdk_version=34, uses_libraries=ALL, library_path=/data/app/~~QvzuOajtnOGe-FjjQZSVug==/com.android.vending-KHISKwb-6q2ivb1o-UaHag==/lib/x86_64:/data/app/~~QvzuOajtnOGe-FjjQZSVug==/com.android.vending-KHISKwb-6q2ivb1o-UaHag==/base.apk!/lib/x86_64:/data/app/~~QvzuOajtnOGe-FjjQZSVug==/com.android.vending-KHISKwb-6q2ivb1o-UaHag==/split_config.en.apk!/lib/x86_64:/data/app/~~QvzuOajtnOGe-FjjQZSVug==/com.android.vending-KHISKwb-6q2ivb1o-UaHag==/split_config.x86_64.apk!/lib/x86_64:/data/app/~~QvzuOajtnOGe-FjjQZSVug==/com.android.vending-KHISKwb-6q2ivb1o-UaHag==/split_phonesky_data_loader.apk!/lib/x86_64:/data/app/~~QvzuOajtnOGe-FjjQZSVug==/com.android.vending-KHISKwb-6q2ivb1o-UaHag==/split_phonesky_data_loader.config.x86_64.apk!/lib/x86_64, permitted_path=/data:/mnt/expand:/data/user/0/com.android.vending
10-23 14:56:19.187  2964  3176 W A       : Can't format flag AndroidGsaVelourJars__velour_birthdaydoodle_jar__name to integer.
10-23 14:56:19.187  2964  3176 W A       : Can't format flag AndroidGsaVelourJars__velour_call_jar__name to integer.
10-23 14:56:19.187  2964  3176 W A       : Can't format flag AndroidGsaVelourJars__velour_canvas_jar__name to integer.
10-23 14:56:19.187  2964  3176 W A       : Can't format flag AndroidGsaVelourJars__velour_chkpkg_jar__name to integer.
10-23 14:56:19.187  2964  3176 W A       : Can't format flag AndroidGsaVelourJars__velour_crashtest_jar__name to integer.
10-23 14:56:19.187  2964  3176 W A       : Can't format flag AndroidGsaVelourJars__velour_dining_jar__name to integer.
10-23 14:56:19.187  2964  3176 W A       : Can't format flag AndroidGsaVelourJars__velour_doodle_notifications_jar__name to integer.
10-23 14:56:19.187  2964  3176 W A       : Can't format flag AndroidGsaVelourJars__velour_imageviewer_jar__name to integer.
10-23 14:56:19.187  2964  3176 W A       : Can't format flag AndroidGsaVelourJars__velour_ipa_jar__name to integer.
10-23 14:56:19.187  2964  3176 W A       : Can't format flag AndroidGsaVelourJars__velour_jslocation_jar__name to integer.
10-23 14:56:19.187  2964  3176 W A       : Can't format flag AndroidGsaVelourJars__velour_localintent_jar__name to integer.
10-23 14:56:19.187  2964  3176 W A       : Can't format flag AndroidGsaVelourJars__velour_messaging_jar__name to integer.
10-23 14:56:19.187  2964  3176 W A       : Can't format flag AndroidGsaVelourJars__velour_nativesrp_activity_jar__name to integer.
10-23 14:56:19.187  2964  3176 W A       : Can't format flag AndroidGsaVelourJars__velour_nativesrp_presenter_jar__name to integer.
10-23 14:56:19.187  2964  3176 W A       : Can't format flag AndroidGsaVelourJars__velour_nowcontent_jar__name to integer.
10-23 14:56:19.187  2964  3176 W A       : Can't format flag AndroidGsaVelourJars__velour_recents_activity_jar__name to integer.
10-23 14:56:19.187  2964  3176 W A       : Can't format flag AndroidGsaVelourJars__velour_save_jar__name to integer.
10-23 14:56:19.187  2964  3176 W A       : Can't format flag AndroidGsaVelourJars__velour_searchresults_activity_jar__name to integer.
10-23 14:56:19.188  2964  3176 W A       : Can't format flag AndroidGsaVelourJars__velour_test_jar__name to integer.
10-23 14:56:19.188  2964  3176 W A       : Can't format flag AndroidGsaVelourJars__velour_weather_jar__name to integer.
10-23 14:56:19.188  2964  3176 W A       : Can't format flag AndroidGsaVelourJars__velour_wernicke_player_homebase_jar__name to integer.
10-23 14:56:19.188  2964  3176 W A       : Can't format flag AndroidGsaVelourJars__velour_wernicke_player_jar__name to integer.
10-23 14:56:19.188  2964  3176 W A       : Can't format flag bindle_flags__bloblobber_blob to integer.
10-23 14:56:19.188  2964  3176 W A       : Can't format flag bindle_flags__velour_jar to integer.
10-23 14:56:19.189  1348  1506 W ChimeraUtils: Module com.google.android.gms.nearby_en missing resource null(0)
10-23 14:56:19.189  6223  6223 D ApplicationLoaders: Returning zygote-cached class loader: /system_ext/framework/androidx.window.extensions.jar
10-23 14:56:19.190  6223  6223 D ApplicationLoaders: Returning zygote-cached class loader: /system_ext/framework/androidx.window.sidecar.jar
10-23 14:56:19.192  1348  6051 I NamespaceManager: Package com.android.media name not found! Using module version.
10-23 14:56:19.201  1348  6051 I NamespaceManager: Package com.android.media.swcodec name not found! Using module version.
10-23 14:56:19.209  6095  6095 D Volley  : [2] ahnr.b: Cache cleared.
10-23 14:56:19.217  1348  6051 I NamespaceManager: Package com.android.appsearch name not found! Using module version.
10-23 14:56:19.219  1348  6051 I NamespaceManager: Package com.android.neuralnetworks name not found! Using module version.
10-23 14:56:19.220  1348  6051 I NamespaceManager: Package com.android.media name not found! Using module version.
10-23 14:56:19.220  1348  6051 I NamespaceManager: Package 1 name not found! Using module version.
10-23 14:56:19.223  1348  1506 W ChimeraUtils: Module com.google.android.gms.nearby_en missing resource null(0)
10-23 14:56:19.228  1348  1506 W ChimeraUtils: Module com.google.android.gms.nearby_en missing resource null(0)
10-23 14:56:19.236   413   476 D audioserver: FGS Logger Transaction failed
10-23 14:56:19.236   413   476 D audioserver: -129
10-23 14:56:19.248  6223  6223 W ziparchive: Unable to open '/data/app/~~QvzuOajtnOGe-FjjQZSVug==/com.android.vending-KHISKwb-6q2ivb1o-UaHag==/split_config.en.dm': No such file or directory
10-23 14:56:19.248  6223  6223 W ziparchive: Unable to open '/data/app/~~QvzuOajtnOGe-FjjQZSVug==/com.android.vending-KHISKwb-6q2ivb1o-UaHag==/split_config.en.dm': No such file or directory
10-23 14:56:19.248  6223  6223 W ding:background: Entry not found
10-23 14:56:19.251  6223  6223 W ziparchive: Unable to open '/data/app/~~QvzuOajtnOGe-FjjQZSVug==/com.android.vending-KHISKwb-6q2ivb1o-UaHag==/split_config.x86_64.dm': No such file or directory
10-23 14:56:19.251  6223  6223 W ziparchive: Unable to open '/data/app/~~QvzuOajtnOGe-FjjQZSVug==/com.android.vending-KHISKwb-6q2ivb1o-UaHag==/split_config.x86_64.dm': No such file or directory
10-23 14:56:19.252  6223  6223 W ding:background: Entry not found
10-23 14:56:19.252  6223  6223 W ziparchive: Unable to open '/data/app/~~QvzuOajtnOGe-FjjQZSVug==/com.android.vending-KHISKwb-6q2ivb1o-UaHag==/split_phonesky_data_loader.dm': No such file or directory
10-23 14:56:19.252  6223  6223 W ziparchive: Unable to open '/data/app/~~QvzuOajtnOGe-FjjQZSVug==/com.android.vending-KHISKwb-6q2ivb1o-UaHag==/split_phonesky_data_loader.dm': No such file or directory
10-23 14:56:19.252  6223  6223 W ding:background: Entry not found
10-23 14:56:19.252  6223  6223 W ziparchive: Unable to open '/data/app/~~QvzuOajtnOGe-FjjQZSVug==/com.android.vending-KHISKwb-6q2ivb1o-UaHag==/split_phonesky_data_loader.config.x86_64.dm': No such file or directory
10-23 14:56:19.252  6223  6223 W ziparchive: Unable to open '/data/app/~~QvzuOajtnOGe-FjjQZSVug==/com.android.vending-KHISKwb-6q2ivb1o-UaHag==/split_phonesky_data_loader.config.x86_64.dm': No such file or directory
10-23 14:56:19.252  6223  6223 W ding:background: Entry not found
10-23 14:56:19.252  6095  6095 I Finsky  : [2] ztb.onStartJob(128): SCH: job service start with id 9109.
10-23 14:56:19.253  6223  6223 D nativeloader: Configuring clns-7 for other apk /data/app/~~QvzuOajtnOGe-FjjQZSVug==/com.android.vending-KHISKwb-6q2ivb1o-UaHag==/base.apk:/data/app/~~QvzuOajtnOGe-FjjQZSVug==/com.android.vending-KHISKwb-6q2ivb1o-UaHag==/split_config.en.apk:/data/app/~~QvzuOajtnOGe-FjjQZSVug==/com.android.vending-KHISKwb-6q2ivb1o-UaHag==/split_config.x86_64.apk:/data/app/~~QvzuOajtnOGe-FjjQZSVug==/com.android.vending-KHISKwb-6q2ivb1o-UaHag==/split_phonesky_data_loader.apk:/data/app/~~QvzuOajtnOGe-FjjQZSVug==/com.android.vending-KHISKwb-6q2ivb1o-UaHag==/split_phonesky_data_loader.config.x86_64.apk. target_sdk_version=34, uses_libraries=, library_path=/data/app/~~QvzuOajtnOGe-FjjQZSVug==/com.android.vending-KHISKwb-6q2ivb1o-UaHag==/lib/x86_64:/data/app/~~QvzuOajtnOGe-FjjQZSVug==/com.android.vending-KHISKwb-6q2ivb1o-UaHag==/base.apk!/lib/x86_64:/data/app/~~QvzuOajtnOGe-FjjQZSVug==/com.android.vending-KHISKwb-6q2ivb1o-UaHag==/split_config.en.apk!/lib/x86_64:/data/app/~~QvzuOajtnOGe-FjjQZSVug==/com.android.vending-KHISKwb-6q2ivb1o-UaHag==/split
10-23 14:56:19.269  2964  2964 I A       : Refusing EXCLUSIVE task 21, it is already pending. Try again in 359 seconds.
10-23 14:56:19.280  6095  6095 W Finsky  : [2] jir.d(17): For unauth, use getDfeApiNonAuthenticated() instead!
10-23 14:56:19.289  2964  3175 I A       : Refusing EXCLUSIVE task 24, it is already pending. Try again in 309 seconds.
10-23 14:56:19.292  6095  6208 I Finsky  : [82] yyd.a(380): SCH: Satisfied jobs for 9109 are: 1-1337
10-23 14:56:19.301  6095  6095 D CompatibilityChangeReporter: Compat change id reported: 247079863; UID 10121; state: ENABLED
10-23 14:56:19.305  2964  3176 I FedAssExpListener: Fed-ass not supported for signed out users.
10-23 14:56:19.306  2964  3176 I FedAssExpListener: Successfully processed experiments changed.
10-23 14:56:19.306  2964  3177 I A       : NGA disabled due to not being eligible.
10-23 14:56:19.306  2964  3265 W SearchServiceCore: Abort, client detached.
10-23 14:56:19.307  2964  3175 I OpaEligibilityChecker: send OpaEligibilityChange broadcast to CommonBroadcastReceiver
10-23 14:56:19.315  6223  6223 V GraphicsEnvironment: Currently set values for:
10-23 14:56:19.315  6223  6223 V GraphicsEnvironment:   angle_gl_driver_selection_pkgs=[]
10-23 14:56:19.315  6223  6223 V GraphicsEnvironment:   angle_gl_driver_selection_values=[]
10-23 14:56:19.316  2964  3157 I BgTaskExecutorImpl: Starting EXCLUSIVE background task FETCH_CONFIGS_FROM_PHENOTYPE.
10-23 14:56:19.318  6223  6223 V GraphicsEnvironment: ANGLE GameManagerService for com.android.vending: false
10-23 14:56:19.318  6223  6223 V GraphicsEnvironment: com.android.vending is not listed in per-application setting
10-23 14:56:19.318  6223  6223 V GraphicsEnvironment: Neither updatable production driver nor prerelease driver is supported.
10-23 14:56:19.322  5852  5877 I PhenotypeBackgroundRecv: Successfully updated snapshot for com.google.android.libraries.search.rendering.xuikit.device#com.google.android.googlequicksearchbox
10-23 14:56:19.333  2964  3175 W CorpusConfigHelper: Invalid input from icing corpus JSON flag.
10-23 14:56:19.333  2964  3175 W CorpusConfigHelper: android.util.MalformedJsonException: Use JsonReader.setLenient(true) to accept malformed JSON at line 123 column 2
10-23 14:56:19.333  2964  3175 W CorpusConfigHelper: 	at android.util.JsonReader.syntaxError(JsonReader.java:1162)
10-23 14:56:19.333  2964  3175 W CorpusConfigHelper: 	at android.util.JsonReader.checkLenient(JsonReader.java:840)
10-23 14:56:19.333  2964  3175 W CorpusConfigHelper: 	at android.util.JsonReader.nextInArray(JsonReader.java:615)
10-23 14:56:19.333  2964  3175 W CorpusConfigHelper: 	at android.util.JsonReader.peek(JsonReader.java:345)
10-23 14:56:19.333  2964  3175 W CorpusConfigHelper: 	at android.util.JsonReader.hasNext(JsonReader.java:321)
10-23 14:56:19.333  2964  3175 W CorpusConfigHelper: 	at com.google.android.apps.gsa.searchbox.c.b.b.k.c(PG:7)
10-23 14:56:19.333  2964  3175 W CorpusConfigHelper: 	at com.google.android.apps.gsa.searchbox.c.b.b.j.a(Unknown Source:2)
10-23 14:56:19.333  2964  3175 W CorpusConfigHelper: 	at com.google.android.apps.gsa.search.core.i.r.run(PG:5)
10-23 14:56:19.333  2964  3175 W CorpusConfigHelper: 	at com.google.android.libraries.gsa.k.a.h.run(PG:2)
10-23 14:56:19.333  2964  3175 W CorpusConfigHelper: 	at com.google.android.apps.gsa.shared.util.c.a.cf.b(PG:1)
10-23 14:56:19.333  2964  3175 W CorpusConfigHelper: 	at com.google.android.apps.gsa.shared.util.c.a.ci.run(PG:1)
10-23 14:56:19.333  2964  3175 W CorpusConfigHelper: 	at com.google.android.libraries.i.ae.run(PG:1)
10-23 14:56:19.333  2964  3175 W CorpusConfigHelper: 	at java.util.concurrent.ThreadPoolExecutor.runWorker(ThreadPoolExecutor.java:1145)
10-23 14:56:19.333  2964  3175 W CorpusConfigHelper: 	at java.util.concurrent.ThreadPoolExecutor$Worker.run(ThreadPoolExecutor.java:644)
10-23 14:56:19.333  2964  3175 W CorpusConfigHelper: 	at com.google.android.libraries.i.k.run(PG:2)
10-23 14:56:19.333  2964  3175 W CorpusConfigHelper: 	at com.google.android.libraries.i.p.run(PG:4)
10-23 14:56:19.333  2964  3175 W CorpusConfigHelper: 	at java.lang.Thread.run(Thread.java:1012)
10-23 14:56:19.362  6095  6095 I Finsky  : [2] qdw.f(126): HC: Probe unauthenticated for hygiene pass
10-23 14:56:19.368  6223  6223 I Finsky:background: [2] kdb.i(84): Process created at version: 37.9.18-29 [0] [PR] 571399392
10-23 14:56:19.377  2964  2964 I A       : Refusing EXCLUSIVE task 21, it is already pending. Try again in 359 seconds.
10-23 14:56:19.389  1348  1514 W ProviderHelper: Unknown dynamite feature brella_dynamite
10-23 14:56:19.393  5002  6249 W DynamiteModule: Local module descriptor class for com.google.android.gms.brella_dynamite not found.
10-23 14:56:19.395  1348  1514 W ProviderHelper: Unknown dynamite feature brella_dynamite
10-23 14:56:19.397  1468  1503 I Icing   : IndexChimeraService.getServiceInterface callingPackage=com.google.android.googlequicksearchbox componentName=agsa_icing_connection serviceId=32
10-23 14:56:19.397  1468  2512 I Icing   : IndexChimeraService.getServiceInterface callingPackage=com.google.android.googlequicksearchbox componentName=agsa_icing_connection serviceId=33
10-23 14:56:19.402  5002  6250 W DynamiteModule: Local module descriptor class for com.google.android.gms.brella_dynamite not found.
10-23 14:56:19.403  5002  5002 W BatteryWidgetPhenotypeCommitListener: Phenotype flag updated = true
10-23 14:56:19.408  6223  6223 I Finsky:background: [2] ahzv.bD(289): Finished reading experiment flags from file [0tGUNCGIkbk4o6-fQ335kUYSKwVj4lusnHT-A5Dsy08] numFlags=1058.
10-23 14:56:19.412  6095  6174 I Finsky  : [60] afvu.apply(100): [PLUS] Adding payload
10-23 14:56:19.413  1468  5942 W Icing   : No valid account for uploading user actions
10-23 14:56:19.420  3911  3911 I ViewInteraction: Checking 'MatchesViewAssertion{viewMatcher=(view has effective visibility <VISIBLE> and view.getGlobalVisibleRect() to return non-empty rectangle)}' assertion on view an instance of android.widget.TextView and view.getText() with or without transformation to match: is "Subtotal: $0.00"
10-23 14:56:19.420  3911  4165 I TestRunner: finished: test09_order_reset_after_cancel_from_checkout(com.example.lunchtray.OrderFunctionalityTests)
