10-23 14:55:37.341  5175  5253 W ShortcutBadger: Badge counter seems not supported in this platform: unable to resolve intent: Intent { act=android.intent.action.BADGE_COUNT_UPDATE (has extras) }
10-23 14:55:37.344  1657  2067 I AiAiEcho: #postPredictionTargets: Sending updates to UISurface lockscreen with targets# 0 (types=[])
10-23 14:55:37.345  1348  5130 W TapAndPay: AndroidId missing [CONTEXT service_id=79 ]
10-23 14:55:37.350  1657  2067 I AiAiEcho: #postPredictionTargets: Sending updates to UISurface home with targets# 0 (types=[])
10-23 14:55:37.351  1657  2676 I AiAiEcho: Settings changed for uri: content://settings/secure/facelock_liveliness_recognition_threshold
10-23 14:55:37.353  1657  2067 I AiAiEcho: #postPredictionTargets: Sending updates to UISurface lockscreen with targets# 0 (types=[])
10-23 14:55:37.354  1657  2067 I AiAiEcho: Predicting[0]:
10-23 14:55:37.354  1657  2067 I AiAiEcho: EchoTargets:
10-23 14:55:37.354  1657  2067 I AiAiEcho: Filtered by AiAi flag check:
10-23 14:55:37.356  1657  2067 I AiAiEcho: Ranked targets strategy: SORT, count: 0, ranking metadata:
10-23 14:55:37.360  1657  2067 I AiAiEcho: Predicting[0]:
10-23 14:55:37.360  1657  2067 I AiAiEcho: EchoTargets:
10-23 14:55:37.360  1657  2067 I AiAiEcho: Filtered by AiAi flag check:
10-23 14:55:37.361  1657  2676 I AiAiEcho: Settings changed for uri: content://settings/secure/facelock_liveliness_recognition_threshold
10-23 14:55:37.362  1468  3880 I SystemUpdate: [Execution,ExecutionManager] Action pending executed for 0.41 seconds.
10-23 14:55:37.369  1348  5131 I TapAndPay: Maintaining payment bundles [CONTEXT service_id=79 ]
10-23 14:55:37.369  1348  5131 W TapAndPay: AndroidId missing [CONTEXT service_id=79 ]
10-23 14:55:37.369   870   870 W PageIndicator: Total number of pages invalid: 0. Assuming 1 page.
10-23 14:55:37.372  1468  3880 I SystemUpdate: [Execution,ExecutionManager] Action finished-execution executed for 0.00 seconds.
10-23 14:55:37.372  1657  2067 I AiAiEcho: Ranked targets strategy: SORT, count: 0, ranking metadata:
10-23 14:55:37.379  1657  2676 I AiAiEcho: Settings changed for uri: content://settings/secure/autofill_field_classification
10-23 14:55:37.381  5210  5243 W IndexableItem: info is null [CONTEXT service_id=231 ]
10-23 14:55:37.384  1657  2676 I AiAiEcho: Settings changed for uri: content://settings/secure/autofill_field_classification
10-23 14:55:37.386  1657  2067 I AiAiEcho: #postPredictionTargets: Sending updates to UISurface home with targets# 0 (types=[])
10-23 14:55:37.387  1657  2067 I AiAiEcho: #postPredictionTargets: Sending updates to UISurface lockscreen with targets# 0 (types=[])
10-23 14:55:37.389  1657  2067 I AiAiEcho: #postPredictionTargets: Sending updates to UISurface home with targets# 0 (types=[])
10-23 14:55:37.390  1657  2067 I AiAiEcho: Predicting[0]:
10-23 14:55:37.390  1657  2067 I AiAiEcho: EchoTargets:
10-23 14:55:37.390  1657  2067 I AiAiEcho: Filtered by AiAi flag check:
10-23 14:55:37.391  5002  5209 W MetricsFeatureProvider: Disabled westworld logs writing!!!
10-23 14:55:37.395  1657  2067 I AiAiEcho: Ranked targets strategy: SORT, count: 0, ranking metadata:
10-23 14:55:37.398  1657  2067 I AiAiEcho: Predicting[0]:
10-23 14:55:37.398  1657  2067 I AiAiEcho: EchoTargets:
10-23 14:55:37.398  1657  2067 I AiAiEcho: Filtered by AiAi flag check:
10-23 14:55:37.398  1089  1296 V MmsProvider: accessRestricted=false
10-23 14:55:37.400  1657  2067 I AiAiEcho: Ranked targets strategy: SORT, count: 0, ranking metadata:
10-23 14:55:37.401  1348  1500 V NFC     : this device does not have NFC support
10-23 14:55:37.401  1657  2676 I AiAiEcho: Settings changed for uri: content://settings/secure/dropbox:data_app_crash
10-23 14:55:37.403   870   870 W PageIndicator: Total number of pages invalid: 0. Assuming 1 page.
10-23 14:55:37.404  5002  5209 W MetricsFeatureProvider: Disabled westworld logs writing!!!
10-23 14:55:37.405  1089  1116 W System  : A resource failed to call AbstractCursor.close.
10-23 14:55:37.405  1089  1116 W System  : A resource failed to call AbstractCursor.close.
10-23 14:55:37.406  5002  5209 W MetricsFeatureProvider: Disabled westworld logs writing!!!
10-23 14:55:37.407  1657  2067 I AiAiEcho: Predicting[0]:
10-23 14:55:37.415  1657  2067 I AiAiEcho: EchoTargets:
10-23 14:55:37.415  1657  2067 I AiAiEcho: Filtered by AiAi flag check:
10-23 14:55:37.415  1657  2067 I AiAiEcho: Ranked targets strategy: SORT, count: 0, ranking metadata:
10-23 14:55:37.415  5175  5275 D MddListenableWorkerFactory: createWorker for class: com.google.android.apps.messaging.shared.datamodel.workqueue.WorkQueueWorkerShim
10-23 14:55:37.415  1657  2676 I AiAiEcho: Settings changed for uri: content://settings/secure/dropbox:data_app_crash
10-23 14:55:37.419  1657  2676 I AiAiEcho: Settings changed for uri: content://settings/secure/lockscreen.options
10-23 14:55:37.421  1657  2067 I AiAiEcho: Predicting[0]:
10-23 14:55:37.421  1657  2067 I AiAiEcho: EchoTargets:
10-23 14:55:37.421  1657  2067 I AiAiEcho: Filtered by AiAi flag check:
10-23 14:55:37.424  1657  2067 I AiAiEcho: Ranked targets strategy: SORT, count: 0, ranking metadata:
10-23 14:55:37.426  1657  2676 I AiAiEcho: Settings changed for uri: content://settings/secure/lockscreen.options
10-23 14:55:37.429  1657  2067 I AiAiEcho: #postPredictionTargets: Sending updates to UISurface lockscreen with targets# 0 (types=[])
10-23 14:55:37.432  1657  2676 I AiAiEcho: Settings changed for uri: content://settings/secure/ssl_session_cache
10-23 14:55:37.433  1657  2067 I AiAiEcho: Predicting[0]:
10-23 14:55:37.433  1657  2067 I AiAiEcho: EchoTargets:
10-23 14:55:37.433  1657  2067 I AiAiEcho: Filtered by AiAi flag check:
10-23 14:55:37.435   870   870 W PageIndicator: Total number of pages invalid: 0. Assuming 1 page.
10-23 14:55:37.436  1657  2067 I AiAiEcho: Ranked targets strategy: SORT, count: 0, ranking metadata:
10-23 14:55:37.439  1348  1500 W TapAndPay: NfcAdapter is null while obtaining CardEmulation instance. [CONTEXT service_id=79 ]
10-23 14:55:37.439  1348  1500 W TapAndPay: java.lang.NullPointerException: NfcAdapter is null
10-23 14:55:37.439  1348  1500 W TapAndPay: 	at android.nfc.cardemulation.CardEmulation.getInstance(CardEmulation.java:152)
10-23 14:55:37.439  1348  1500 W TapAndPay: 	at cdoy.<init>(:com.google.android.gms@231818047@23.18.18 (190800-535401451):0)
10-23 14:55:37.439  1348  1500 W TapAndPay: 	at com.google.android.gms.tapandpay.hce.task.TapAndPayAidRegistrationTaskOperation.a(:com.google.android.gms@231818047@23.18.18 (190800-535401451):5)
10-23 14:55:37.439  1348  1500 W TapAndPay: 	at com.google.android.gms.tapandpay.gcmtask.TapAndPayGcmTaskChimeraService.a(:com.google.android.gms@231818047@23.18.18 (190800-535401451):4)
10-23 14:55:37.439  1348  1500 W TapAndPay: 	at avzs.call(:com.google.android.gms@231818047@23.18.18 (190800-535401451):4)
10-23 14:55:37.439  1348  1500 W TapAndPay: 	at java.util.concurrent.FutureTask.run(FutureTask.java:264)
10-23 14:55:37.439  1348  1500 W TapAndPay: 	at aced.c(:com.google.android.gms@231818047@23.18.18 (190800-535401451):6)
10-23 14:55:37.439  1348  1500 W TapAndPay: 	at aced.run(:com.google.android.gms@231818047@23.18.18 (190800-535401451):7)
10-23 14:55:37.439  1348  1500 W TapAndPay: 	at java.util.concurrent.ThreadPoolExecutor.runWorker(ThreadPoolExecutor.java:1145)
10-23 14:55:37.439  1348  1500 W TapAndPay: 	at java.util.concurrent.ThreadPoolExecutor$Worker.run(ThreadPoolExecutor.java:644)
10-23 14:55:37.439  1348  1500 W TapAndPay: 	at acjn.run(:com.google.android.gms@231818047@23.18.18 (190800-535401451):0)
10-23 14:55:37.439  1348  1500 W TapAndPay: 	at java.lang.Thread.run(Thread.java:1012)
10-23 14:55:37.444  1657  2067 I AiAiEcho: Predicting[0]:
10-23 14:55:37.444  1657  2067 I AiAiEcho: EchoTargets:
10-23 14:55:37.444  1657  2067 I AiAiEcho: Filtered by AiAi flag check:
10-23 14:55:37.446  1657  2676 I AiAiEcho: Settings changed for uri: content://settings/secure/ssl_session_cache
10-23 14:55:37.449  1657  2067 I AiAiEcho: Ranked targets strategy: SORT, count: 0, ranking metadata:
10-23 14:55:37.450  1089  1296 V MmsProvider: accessRestricted=false
10-23 14:55:37.452  1657  2676 I AiAiEcho: Settings changed for uri: content://settings/secure/dropbox:data_app_wtf
10-23 14:55:37.454  1657  2067 I AiAiEcho: #postPredictionTargets: Sending updates to UISurface home with targets# 0 (types=[])
10-23 14:55:37.455  1657  2067 I AiAiEcho: Predicting[0]:
10-23 14:55:37.455  1657  2067 I AiAiEcho: EchoTargets:
10-23 14:55:37.455  1657  2067 I AiAiEcho: Filtered by AiAi flag check:
10-23 14:55:37.456  1657  2067 I AiAiEcho: Ranked targets strategy: SORT, count: 0, ranking metadata:
10-23 14:55:37.458  1657  2067 I AiAiEcho: Predicting[0]:
10-23 14:55:37.458  1657  2067 I AiAiEcho: EchoTargets:
10-23 14:55:37.458  1657  2067 I AiAiEcho: Filtered by AiAi flag check:
10-23 14:55:37.459  1657  2067 I AiAiEcho: Ranked targets strategy: SORT, count: 0, ranking metadata:
10-23 14:55:37.460  5175  5253 I BugleDataModel: ForwardSyncBatchExecutor: All messages now in sync, batchId: ae3d61ed-03e2-4f65-87bc-a662fb776cd0, syncId: 9e6738d4-03e8-489b-aa66-c388f7186460
10-23 14:55:37.460  1657  2067 I AiAiEcho: Predicting[0]:
10-23 14:55:37.460  1657  2067 I AiAiEcho: EchoTargets:
10-23 14:55:37.460  1657  2067 I AiAiEcho: Filtered by AiAi flag check:
10-23 14:55:37.460  1657  2067 I AiAiEcho: Ranked targets strategy: SORT, count: 0, ranking metadata:
10-23 14:55:37.462  1657  2676 I AiAiEcho: Settings changed for uri: content://settings/secure/dropbox:data_app_wtf
10-23 14:55:37.465  1657  2067 I AiAiEcho: Predicting[0]:
10-23 14:55:37.465  1657  2067 I AiAiEcho: EchoTargets:
10-23 14:55:37.465  1657  2067 I AiAiEcho: Filtered by AiAi flag check:
10-23 14:55:37.466  1657  2067 I AiAiEcho: Ranked targets strategy: SORT, count: 0, ranking metadata:
10-23 14:55:37.468   870   870 W PageIndicator: Total number of pages invalid: 0. Assuming 1 page.
10-23 14:55:37.470  1657  2676 I AiAiEcho: Settings changed for uri: content://settings/secure/send_action_app_error
10-23 14:55:37.472  1657  2067 I AiAiEcho: #postPredictionTargets: Sending updates to UISurface lockscreen with targets# 0 (types=[])
10-23 14:55:37.474  5175  5254 I Bugle   : TelephonySyncManager: setting full sync. inProgress: false, before: true
10-23 14:55:37.479  1657  2067 I AiAiEcho: #postPredictionTargets: Sending updates to UISurface home with targets# 0 (types=[])
10-23 14:55:37.481  1657  2067 I AiAiEcho: Predicting[0]:
10-23 14:55:37.481  1657  2067 I AiAiEcho: EchoTargets:
10-23 14:55:37.481  1657  2067 I AiAiEcho: Filtered by AiAi flag check:
10-23 14:55:37.482  1657  2067 I AiAiEcho: Ranked targets strategy: SORT, count: 0, ranking metadata:
10-23 14:55:37.484  1657  2067 I AiAiEcho: Predicting[0]:
10-23 14:55:37.484  1657  2067 I AiAiEcho: EchoTargets:
10-23 14:55:37.484  1657  2067 I AiAiEcho: Filtered by AiAi flag check:
10-23 14:55:37.484  1657  2067 I AiAiEcho: Ranked targets strategy: SORT, count: 0, ranking metadata:
10-23 14:55:37.486  3911  4165 I TestRunner: finished: navigate_to_start_order_from_checkout_via_submit(com.example.lunchtray.NavigationTests)
