10-23 14:56:07.045  3911  4165 I TestRunner: started: test07_order_reset_after_cancel_from_side_menu(com.example.lunchtray.OrderFunctionalityTests)
10-23 14:56:07.057  3911  4165 W Settings: Setting always_finish_activities has moved from android.provider.Settings.System to android.provider.Settings.Global, returning read-only value.
10-23 14:56:07.081   416   416 I BpBinder: onLastStrongRef automatically unlinking death recipients:
10-23 14:56:07.104   870   947 E OpenGLRenderer: Unable to match the desired swap behavior.
10-23 14:56:07.107  3911  3911 D LifecycleMonitor: Lifecycle status change: androidx.test.core.app.InstrumentationActivityInvoker$BootstrapActivity@4c754d6 in: PRE_ON_CREATE
10-23 14:56:07.108  3911  3911 V ActivityScenario: Activity lifecycle changed event received but ignored because the intent does not match. startActivityIntent=Intent { act=android.intent.action.MAIN cat=[android.intent.category.LAUNCHER] cmp=com.example.lunchtray/.MainActivity }, activity.getIntent()=Intent { act=android.intent.action.MAIN cat=[android.intent.category.LAUNCHER] flg=0x10008000 cmp=com.example.lunchtray/androidx.test.core.app.InstrumentationActivityInvoker$BootstrapActivity (has extras) }, activity=androidx.test.core.app.InstrumentationActivityInvoker$BootstrapActivity@4c754d6
10-23 14:56:07.118  3911  3911 D LifecycleMonitor: Lifecycle status change: androidx.test.core.app.InstrumentationActivityInvoker$BootstrapActivity@4c754d6 in: CREATED
10-23 14:56:07.118  3911  3911 V ActivityScenario: Activity lifecycle changed event received but ignored because the intent does not match. startActivityIntent=Intent { act=android.intent.action.MAIN cat=[android.intent.category.LAUNCHER] cmp=com.example.lunchtray/.MainActivity }, activity.getIntent()=Intent { act=android.intent.action.MAIN cat=[android.intent.category.LAUNCHER] flg=0x10008000 cmp=com.example.lunchtray/androidx.test.core.app.InstrumentationActivityInvoker$BootstrapActivity (has extras) }, activity=androidx.test.core.app.InstrumentationActivityInvoker$BootstrapActivity@4c754d6
10-23 14:56:07.120  3911  3911 D LifecycleMonitor: Lifecycle status change: androidx.test.core.app.InstrumentationActivityInvoker$BootstrapActivity@4c754d6 in: STARTED
10-23 14:56:07.121  3911  3911 V ActivityScenario: Activity lifecycle changed event received but ignored because the intent does not match. startActivityIntent=Intent { act=android.intent.action.MAIN cat=[android.intent.category.LAUNCHER] cmp=com.example.lunchtray/.MainActivity }, activity.getIntent()=Intent { act=android.intent.action.MAIN cat=[android.intent.category.LAUNCHER] flg=0x10008000 cmp=com.example.lunchtray/androidx.test.core.app.InstrumentationActivityInvoker$BootstrapActivity (has extras) }, activity=androidx.test.core.app.InstrumentationActivityInvoker$BootstrapActivity@4c754d6
10-23 14:56:07.141  3911  3911 D LifecycleMonitor: Lifecycle status change: androidx.test.core.app.InstrumentationActivityInvoker$BootstrapActivity@4c754d6 in: RESUMED
10-23 14:56:07.141  3911  3911 V ActivityScenario: Activity lifecycle changed event received but ignored because the intent does not match. startActivityIntent=Intent { act=android.intent.action.MAIN cat=[android.intent.category.LAUNCHER] cmp=com.example.lunchtray/.MainActivity }, activity.getIntent()=Intent { act=android.intent.action.MAIN cat=[android.intent.category.LAUNCHER] flg=0x10008000 cmp=com.example.lunchtray/androidx.test.core.app.InstrumentationActivityInvoker$BootstrapActivity (has extras) }, activity=androidx.test.core.app.InstrumentationActivityInvoker$BootstrapActivity@4c754d6
10-23 14:56:07.143  3911  3911 D LifecycleMonitor: Lifecycle status change: androidx.test.core.app.InstrumentationActivityInvoker$BootstrapActivity@4c754d6 in: PAUSED
10-23 14:56:07.143  3911  3911 V ActivityScenario: Activity lifecycle changed event received but ignored because the intent does not match. startActivityIntent=Intent { act=android.intent.action.MAIN cat=[android.intent.category.LAUNCHER] cmp=com.example.lunchtray/.MainActivity }, activity.getIntent()=Intent { act=android.intent.action.MAIN cat=[android.intent.category.LAUNCHER] flg=0x10008000 cmp=com.example.lunchtray/androidx.test.core.app.InstrumentationActivityInvoker$BootstrapActivity (has extras) }, activity=androidx.test.core.app.InstrumentationActivityInvoker$BootstrapActivity@4c754d6
10-23 14:56:07.159  3911  3911 D LifecycleMonitor: Lifecycle status change: com.example.lunchtray.MainActivity@c228ea4 in: PRE_ON_CREATE
10-23 14:56:07.159  3911  3911 V ActivityScenario: Activity lifecycle changed event received but ignored because the reported transition was not ON_CREATE while the last known transition was PRE_ON_CREATE
10-23 14:56:07.163   870   947 E OpenGLRenderer: Unable to match the desired swap behavior.
10-23 14:56:07.188  3911  3911 D LifecycleMonitor: Lifecycle status change: com.example.lunchtray.MainActivity@c228ea4 in: CREATED
10-23 14:56:07.189  3911  3911 V ActivityScenario: Update currentActivityStage to CREATED, currentActivity=com.example.lunchtray.MainActivity@c228ea4
10-23 14:56:07.198  3911  3911 D LifecycleMonitor: Lifecycle status change: com.example.lunchtray.MainActivity@c228ea4 in: STARTED
10-23 14:56:07.198  3911  3911 V ActivityScenario: Update currentActivityStage to STARTED, currentActivity=com.example.lunchtray.MainActivity@c228ea4
10-23 14:56:07.200  3911  3911 D LifecycleMonitor: Lifecycle status change: com.example.lunchtray.MainActivity@c228ea4 in: RESUMED
10-23 14:56:07.200  3911  3911 V ActivityScenario: Update currentActivityStage to RESUMED, currentActivity=com.example.lunchtray.MainActivity@c228ea4
10-23 14:56:07.204   870   947 D EGL_emulation: app_time_stats: avg=174.22ms min=1.18ms max=2082.20ms count=14
10-23 14:56:07.228  3911  4251 E OpenGLRenderer: Unable to match the desired swap behavior.
10-23 14:56:07.239   524   544 W ziparchive: Unable to open '/data/app/~~l7Rq4SQe7Y9FzOfn2-YRbQ==/com.example.lunchtray-gbGN8hPxDqDvdbmHMgLHzQ==/base.dm': No such file or directory
10-23 14:56:07.240   524   544 I ActivityTaskManager: Displayed com.example.lunchtray/.MainActivity for user 0: +176ms
10-23 14:56:07.244  3911  3911 D RootViewPicker: Root not ready - waiting: 10ms for one to appear.
10-23 14:56:07.258  3911  3911 D RootViewPicker: Root not ready - waiting: 25ms for one to appear.
10-23 14:56:07.286  3911  3911 D RootViewPicker: Root not ready - waiting: 50ms for one to appear.
10-23 14:56:07.337  3911  3911 D RootViewPicker: Root not ready - waiting: 100ms for one to appear.
10-23 14:56:07.437  3911  3911 D RootViewPicker: Root not ready - waiting: 200ms for one to appear.
10-23 14:56:07.440  3911  3911 D LifecycleMonitor: Lifecycle status change: androidx.test.core.app.InstrumentationActivityInvoker$BootstrapActivity@4c754d6 in: STOPPED
10-23 14:56:07.440  3911  3911 V ActivityScenario: Activity lifecycle changed event received but ignored because the intent does not match. startActivityIntent=Intent { act=android.intent.action.MAIN cat=[android.intent.category.LAUNCHER] cmp=com.example.lunchtray/.MainActivity }, activity.getIntent()=Intent { act=android.intent.action.MAIN cat=[android.intent.category.LAUNCHER] flg=0x10008000 cmp=com.example.lunchtray/androidx.test.core.app.InstrumentationActivityInvoker$BootstrapActivity (has extras) }, activity=androidx.test.core.app.InstrumentationActivityInvoker$BootstrapActivity@4c754d6
10-23 14:56:07.452   524  2039 I ImeTracker: com.example.lunchtray:e12c61c1: onRequestHide at ORIGIN_SERVER_HIDE_INPUT reason HIDE_UNSPECIFIED_WINDOW
10-23 14:56:07.452   524  2039 I ImeTracker: com.example.lunchtray:e12c61c1: onCancelled at PHASE_SERVER_SHOULD_HIDE
10-23 14:56:07.453  1575  1575 I GoogleInputMethodService: GoogleInputMethodService.onFinishInput():3227
10-23 14:56:07.453  1575  1575 I GoogleInputMethodService: GoogleInputMethodService.updateDeviceLockedStatus():2087 repeatCheckTimes = 0, unlocked = true
10-23 14:56:07.454  1575  1575 I GoogleInputMethodService: GoogleInputMethodService.onStartInput():1877 onStartInput(EditorInfo{inputType=0x0(NULL) imeOptions=0x0 privateImeOptions=null actionName=UNSPECIFIED actionLabel=null actionId=0 initialSelStart=-1 initialSelEnd=-1 initialCapsMode=0x0 hintText=null label=null packageName=com.example.lunchtray fieldId=0 fieldName=null extras=null}, false)
10-23 14:56:07.454  1575  1575 I GoogleInputMethodService: GoogleInputMethodService.shouldHideHeaderOnInitialState():4008 ShouldHideHeaderOnInitialState = false
10-23 14:56:07.455  1575  1575 I GoogleInputMethodService: GoogleInputMethodService.updateDeviceLockedStatus():2087 repeatCheckTimes = 2, unlocked = true
10-23 14:56:07.485  1132  1166 I ImeTracker: com.google.android.apps.nexuslauncher:8fd4ed9: onRequestHide at ORIGIN_CLIENT_HIDE_SOFT_INPUT reason HIDE_SOFT_INPUT
10-23 14:56:07.485  1132  2137 D OneSearchSuggestProvider: Shut down the binder channel
10-23 14:56:07.486   524  2041 I ImeTracker: com.google.android.apps.nexuslauncher:8fd4ed9: onCancelled at PHASE_SERVER_CLIENT_FOCUSED
10-23 14:56:07.489  1132  2804 I IPCThreadState: oneway function results for code 2 on binder at 0x7f98daee0940 will be dropped but finished with status UNKNOWN_TRANSACTION
10-23 14:56:07.496  2964  3509 I PBSessionCacheImpl: Deleted sessionId[13037507931822903] from persistence.
10-23 14:56:07.501  2964  3265 W SearchServiceCore: Abort, client detached.
10-23 14:56:07.501  2964  3265 W SearchServiceCore: Abort, client detached.
10-23 14:56:07.501  2964  3265 W SearchServiceCore: Abort, client detached.
10-23 14:56:07.502  2964  3265 W SearchServiceCore: Abort, client detached.
10-23 14:56:07.503  2964  3265 W SearchServiceCore: Abort, client detached.
10-23 14:56:07.503  2964  3265 W SearchServiceCore: Abort, client detached.
10-23 14:56:07.503  2964  3265 W SearchServiceCore: Abort, client detached.
10-23 14:56:07.503  2964  3265 W SearchServiceCore: Abort, client detached.
10-23 14:56:07.503  2964  3265 W SearchServiceCore: Abort, client detached.
10-23 14:56:07.554   870   947 D EGL_emulation: app_time_stats: avg=89.86ms min=2.28ms max=820.51ms count=15
10-23 14:56:07.639  3911  3911 I ViewInteraction: Performing 'single click' action on view view.getId() is <2131231208/com.example.lunchtray:id/start_order_btn>
10-23 14:56:07.692   413  1028 D audioserver: FGS Logger Transaction failed
10-23 14:56:07.692   413  1028 D audioserver: -129
10-23 14:56:07.776   870   921 W WindowOnBackDispatcher: sendCancelIfRunning: isInProgress=falsecallback=android.view.ViewRootImpl$$ExternalSyntheticLambda17@7ae970
10-23 14:56:07.777   524   943 W InputManager-JNI: Input channel object '1d4b56b Splash Screen com.example.lunchtray (client)' was disposed without first being removed with the input manager!
10-23 14:56:07.837   870   870 D StatusBarIconController: ignoring old pipeline callbacks, because the new mobile icons are enabled
10-23 14:56:07.859  3041  3057 I IPCThreadState: oneway function results for code 2 on binder at 0x7f98daf0f950 will be dropped but finished with status UNKNOWN_TRANSACTION
10-23 14:56:07.860  4000  4000 I Finsky:background: [2] rja.onDestroy(8): IPC-SERVER: Stopping gRPC host service...
10-23 14:56:07.862   413   476 D audioserver: FGS Logger Transaction failed
10-23 14:56:07.862   413   476 D audioserver: -129
10-23 14:56:07.912   524   536 W System  : A resource failed to call release.
10-23 14:56:08.004  3911  3911 I ViewInteraction: Performing 'single click' action on view view.getId() is <2131230844/com.example.lunchtray:id/cauliflower>
10-23 14:56:08.071   413  1028 D audioserver: FGS Logger Transaction failed
10-23 14:56:08.071   413  1028 D audioserver: -129
10-23 14:56:08.158  2048  2048 W adbd    : timeout expired while flushing socket, closing
10-23 14:56:08.258   413   476 D audioserver: FGS Logger Transaction failed
10-23 14:56:08.258   413   476 D audioserver: -129
10-23 14:56:08.268  3911  4251 D EGL_emulation: app_time_stats: avg=19.57ms min=0.91ms max=198.83ms count=38
10-23 14:56:08.403  3911  3911 I ViewInteraction: Performing 'single click' action on view view.getId() is <2131231081/com.example.lunchtray:id/next_button>
10-23 14:56:08.469   413  1028 D audioserver: FGS Logger Transaction failed
10-23 14:56:08.469   413  1028 D audioserver: -129
10-23 14:56:08.565   870   947 D EGL_emulation: app_time_stats: avg=8.53ms min=0.65ms max=49.75ms count=50
10-23 14:56:08.611  1348  1506 I HeterodyneSyncScheduler: Scheduling Phenotype for a PhenotypeSyncImmediately(7, com.google.android.gms.time#com.google.android.gms) one off with window [1, 2] in seconds [CONTEXT service_id=51 ]
10-23 14:56:08.640  1348  1359 I .gms.persistent: Compiler allocated 4803KB to compile void bwhy.C(java.util.Set, long, dmuh, dmui, java.util.List, java.util.LinkedHashMap, dzew, bwhx, boolean)
10-23 14:56:08.653   413   476 D audioserver: FGS Logger Transaction failed
10-23 14:56:08.653   413   476 D audioserver: -129
10-23 14:56:08.662  5852  5852 V ClearcutMetricXmitter: Transmission is done.
10-23 14:56:08.772  3911  3911 I ViewInteraction: Performing 'single click' action on view view.getId() is <2131231187/com.example.lunchtray:id/soup>
10-23 14:56:08.837   413  1028 D audioserver: FGS Logger Transaction failed
10-23 14:56:08.837   413  1028 D audioserver: -129
10-23 14:56:08.903  1348  5367 I HeterodyneSyncer: Removed 0 invalid users [CONTEXT service_id=51 ]
10-23 14:56:08.904  1348  1506 I HeterodyneSyncScheduler: Scheduling Phenotype for a PhenotypeSyncImmediately(6, com.google.android.gms.phenotype) one off with window [1, 2] in seconds [CONTEXT service_id=51 ]
10-23 14:56:08.936  1348  1506 I HeterodyneSyncScheduler: Scheduling Phenotype for a PhenotypeSyncImmediately(6, com.google.android.partnersetup) one off with window [1, 2] in seconds [CONTEXT service_id=51 ]
10-23 14:56:08.941  2199  2199 E GooglePartnerSetup: Phenotype client.register: true
10-23 14:56:08.947  1348  3332 I PackageUpdateTaskChimer: Scheduling Phenotype config package catchup updates to be 86400 seconds from now (1698072968947) [CONTEXT service_id=51 ]
10-23 14:56:08.968  2964  3303 W TimedProcessReaper: Scheduling killing of process to refresh configuration
10-23 14:56:08.972  2964  3303 W TimedProcessReaper: Scheduling killing of process to refresh configuration
10-23 14:56:09.002  1348  1506 I HeterodyneSyncScheduler: Scheduling Phenotype for a PhenotypeSyncImmediately(8, com.google.android.apps.messaging.auto#com.google.android.apps.messaging) one off with window [1, 2] in seconds [CONTEXT service_id=51 ]
10-23 14:56:09.005   413   476 D audioserver: FGS Logger Transaction failed
10-23 14:56:09.005   413   476 D audioserver: -129
10-23 14:56:09.014  1348  1506 I HeterodyneSyncScheduler: Scheduling Phenotype for a PhenotypeSyncImmediately(8, com.google.android.apps.messaging#com.google.android.apps.messaging) one off with window [1, 2] in seconds [CONTEXT service_id=51 ]
10-23 14:56:09.028  1348  3332 W BpBinder: Large outgoing transaction of 344120 bytes, interface descriptor , code 4
10-23 14:56:09.028  5175  5259 W TimedProcessReaper: Scheduling killing of process to refresh configuration
10-23 14:56:09.028  5175  5668 W TimedProcessReaper: Scheduling killing of process to refresh configuration
10-23 14:56:09.029  5175  5273 W TimedProcessReaper: Scheduling killing of process to refresh configuration
10-23 14:56:09.033  1348  1506 I HeterodyneSyncScheduler: Scheduling Phenotype for a PhenotypeSyncImmediately(6, com.google.android.gms.checkin.binary) one off with window [1, 2] in seconds [CONTEXT service_id=51 ]
10-23 14:56:09.040  1348  3332 I HeterodyneSyncScheduler: Scheduling Phenotype for a PhenotypeSyncImmediately(6, com.google.android.gms.lockbox) one off with window [1, 2] in seconds [CONTEXT service_id=51 ]
10-23 14:56:09.046  1348  1506 I HeterodyneSyncScheduler: Scheduling Phenotype for a PhenotypeSyncImmediately(16, com.google.android.gms.icing.mdd) one off with window [1, 2] in seconds [CONTEXT service_id=51 ]
10-23 14:56:09.047  1348  3332 I HeterodyneSyncScheduler: Scheduling Phenotype for a PhenotypeSyncImmediately(16, com.google.android.gms.nnapi.drivermanager) one off with window [1, 2] in seconds [CONTEXT service_id=51 ]
10-23 14:56:09.059  1348  3332 I HeterodyneSyncScheduler: Scheduling Phenotype for a PhenotypeSyncImmediately(6, com.google.android.gms.people) one off with window [1, 2] in seconds [CONTEXT service_id=51 ]
10-23 14:56:09.064  2964  3663 W A       : Can't format flag AndroidGsaVelourJars__velour_birthdaydoodle_jar__name to integer.
10-23 14:56:09.064  2964  3663 W A       : Can't format flag AndroidGsaVelourJars__velour_call_jar__name to integer.
10-23 14:56:09.064  2964  3663 W A       : Can't format flag AndroidGsaVelourJars__velour_canvas_jar__name to integer.
10-23 14:56:09.064  2964  3663 W A       : Can't format flag AndroidGsaVelourJars__velour_chkpkg_jar__name to integer.
10-23 14:56:09.064  2964  3663 W A       : Can't format flag AndroidGsaVelourJars__velour_crashtest_jar__name to integer.
10-23 14:56:09.064  2964  3663 W A       : Can't format flag AndroidGsaVelourJars__velour_dining_jar__name to integer.
10-23 14:56:09.064  2964  3663 W A       : Can't format flag AndroidGsaVelourJars__velour_doodle_notifications_jar__name to integer.
10-23 14:56:09.064  2964  3663 W A       : Can't format flag AndroidGsaVelourJars__velour_imageviewer_jar__name to integer.
10-23 14:56:09.064  2964  3663 W A       : Can't format flag AndroidGsaVelourJars__velour_ipa_jar__name to integer.
10-23 14:56:09.064  2964  3663 W A       : Can't format flag AndroidGsaVelourJars__velour_jslocation_jar__name to integer.
10-23 14:56:09.064  2964  3663 W A       : Can't format flag AndroidGsaVelourJars__velour_localintent_jar__name to integer.
10-23 14:56:09.064  2964  3663 W A       : Can't format flag AndroidGsaVelourJars__velour_messaging_jar__name to integer.
10-23 14:56:09.065  2964  3663 W A       : Can't format flag AndroidGsaVelourJars__velour_nativesrp_activity_jar__name to integer.
10-23 14:56:09.065  2964  3663 W A       : Can't format flag AndroidGsaVelourJars__velour_nativesrp_presenter_jar__name to integer.
10-23 14:56:09.065  2964  3663 W A       : Can't format flag AndroidGsaVelourJars__velour_nowcontent_jar__name to integer.
10-23 14:56:09.065  2964  3663 W A       : Can't format flag AndroidGsaVelourJars__velour_recents_activity_jar__name to integer.
10-23 14:56:09.065  2964  3663 W A       : Can't format flag AndroidGsaVelourJars__velour_save_jar__name to integer.
10-23 14:56:09.065  2964  3663 W A       : Can't format flag AndroidGsaVelourJars__velour_searchresults_activity_jar__name to integer.
10-23 14:56:09.065  2964  3663 W A       : Can't format flag AndroidGsaVelourJars__velour_test_jar__name to integer.
10-23 14:56:09.065  2964  3663 W A       : Can't format flag AndroidGsaVelourJars__velour_weather_jar__name to integer.
10-23 14:56:09.065  2964  3663 W A       : Can't format flag AndroidGsaVelourJars__velour_wernicke_player_homebase_jar__name to integer.
10-23 14:56:09.065  2964  3663 W A       : Can't format flag AndroidGsaVelourJars__velour_wernicke_player_jar__name to integer.
10-23 14:56:09.065  2964  3663 W A       : Can't format flag bindle_flags__bloblobber_blob to integer.
10-23 14:56:09.065  2964  3663 W A       : Can't format flag bindle_flags__velour_jar to integer.
10-23 14:56:09.071  1348  3332 I HeterodyneSyncScheduler: Scheduling Phenotype for a PhenotypeSyncImmediately(6, com.google.android.westworld) one off with window [1, 2] in seconds [CONTEXT service_id=51 ]
10-23 14:56:09.084  3911  3911 I ViewInteraction: Performing 'single click' action on view view.getId() is <2131230842/com.example.lunchtray:id/cancel_button>
10-23 14:56:09.093  1348  1506 I HeterodyneSyncScheduler: Scheduling Phenotype for a PhenotypeSyncImmediately(7, com.google.lighter.android#com.google.android.gms) one off with window [1, 2] in seconds [CONTEXT service_id=51 ]
10-23 14:56:09.096  1468  1468 I LT_PhenotypeApiImplV12: Phenotype registration succeeded
10-23 14:56:09.106  2964  3174 I A       : Refusing EXCLUSIVE task 24, it is already pending. Try again in 319 seconds.
10-23 14:56:09.113  2964  3174 I BlobLobber: Canceling downloads: []
10-23 14:56:09.120  2964  2964 I BgTaskExecutorImpl: Starting EXCLUSIVE background task BLOBLOBBER_SYNC.
10-23 14:56:09.122  2964  3177 I FedAssExpListener: Fed-ass not supported for signed out users.
10-23 14:56:09.122  2964  3177 I FedAssExpListener: Successfully processed experiments changed.
10-23 14:56:09.123  2964  3174 I ModelDownloadListener: Schdedule model download
10-23 14:56:09.132  2964  3177 I A       : NGA disabled due to not being eligible.
10-23 14:56:09.137  2964  2964 I BgTaskExecutorImpl: Starting EXCLUSIVE background task UPDATE_HOTWORD_MODELS.
10-23 14:56:09.140  2964  3301 I A       : Using proto config with mendel
10-23 14:56:09.141  2964  3301 I A       : Using proto config with mendel
10-23 14:56:09.141  2964  3301 I A       : Using proto config with mendel
10-23 14:56:09.142   413  1028 D audioserver: FGS Logger Transaction failed
10-23 14:56:09.142   413  1028 D audioserver: -129
10-23 14:56:09.142  2964  3301 I ModelDownloadController: requestHotwordModelUpdate modelType-2 modelLocale-en-US
10-23 14:56:09.145  2964  3301 I A       : New OK_HEY model config map hash: reinitializing config map.
10-23 14:56:09.148  2964  3301 I A       : Using proto config with mendel
10-23 14:56:09.148  2964  3301 I A       : Merging legacy hotword config map with new proto.
10-23 14:56:09.148  2964  3301 I A       : Adding from config to map. Locale: cmn-Hant-TW modelPrefix: x_google Location:4e7cae00daee30ec565c34e3aa67a51f isSpeakerIdSupported: true
10-23 14:56:09.148  2964  3301 I A       : Adding from config to map. Locale: id-ID modelPrefix: x_google Location:cfffcc1a4c1c084c003c8eb27f73d770 isSpeakerIdSupported: true
10-23 14:56:09.148  2964  3301 I A       : Adding from config to map. Locale: ko-KR modelPrefix: x_google Location:0b132163a2eb2c1194b202067475724b isSpeakerIdSupported: true
10-23 14:56:09.149  2964  3301 I A       : Skipping. Expected model: 2 Found: 1
10-23 14:56:09.149  2964  3301 I A       : Adding from config to map. Locale: zh-TW modelPrefix: x_google Location:4e7cae00daee30ec565c34e3aa67a51f isSpeakerIdSupported: true
10-23 14:56:09.152  2964  3301 I ModelDownloadController: #maybeDownloadHotwordModelWithMDD with locale: en-US, modelType: 2.
10-23 14:56:09.155  2964  3301 I A       : Using proto config with mendel
10-23 14:56:09.155  2964  3301 I A       : Using proto config with mendel
10-23 14:56:09.161  5175  5175 W BugleRcsEngine: [2] bpxk.i: Unable to send RCS extension log
10-23 14:56:09.164  2964  3301 I A       : Using proto config with mendel
10-23 14:56:09.164  2964  3301 I A       : Merging legacy hotword config map with new proto.
10-23 14:56:09.164  2964  3301 I A       : Skipping. Expected model: 1 Found: 2
10-23 14:56:09.165  2964  3301 I A       : Skipping. Expected model: 1 Found: 2
10-23 14:56:09.165  2964  3301 I A       : Skipping. Expected model: 1 Found: 2
10-23 14:56:09.165  2964  3301 I A       : Adding from config to map. Locale: ro-RO modelPrefix: okgoogle Location:b051c93dce7bb4dcb5d9ddcbbb2ca760Test isSpeakerIdSupported: false
10-23 14:56:09.165  2964  3301 I A       : Skipping. Expected model: 1 Found: 2
10-23 14:56:09.165  2964  3301 I HotwordModelPopulator: #updateHotwordFileGroup group name: hotword_model_en-US_okg, raw locale: en-US, locale: en-US
10-23 14:56:09.168  2964  3301 I A       : Using proto config with mendel
10-23 14:56:09.168  2964  3301 I A       : Using proto config with mendel
10-23 14:56:09.168  2964  3301 I A       : Merging legacy hotword config map with new proto.
10-23 14:56:09.168  2964  3301 I A       : Adding from config to map. Locale: cmn-Hant-TW modelPrefix: x_google Location:4e7cae00daee30ec565c34e3aa67a51f isSpeakerIdSupported: true
10-23 14:56:09.168  2964  3301 I A       : Adding from config to map. Locale: id-ID modelPrefix: x_google Location:cfffcc1a4c1c084c003c8eb27f73d770 isSpeakerIdSupported: true
10-23 14:56:09.168  2964  3301 I A       : Adding from config to map. Locale: ko-KR modelPrefix: x_google Location:0b132163a2eb2c1194b202067475724b isSpeakerIdSupported: true
10-23 14:56:09.168  2964  3301 I A       : Skipping. Expected model: 2 Found: 1
10-23 14:56:09.168  2964  3301 I A       : Adding from config to map. Locale: zh-TW modelPrefix: x_google Location:4e7cae00daee30ec565c34e3aa67a51f isSpeakerIdSupported: true
10-23 14:56:09.169  2964  3301 I HotwordModelPopulator: #updateHotwordFileGroup group name: hotword_model_en-US_okhey, raw locale: en-US, locale: en-US
10-23 14:56:09.170  2964  3301 I A       : Using proto config with mendel
10-23 14:56:09.170  2964  3301 I A       : Merging legacy hotword config map with new proto.
10-23 14:56:09.170  2964  3301 I A       : Adding from config to map. Locale: cmn-Hant-TW modelPrefix: x_google Location:4e7cae00daee30ec565c34e3aa67a51f isSpeakerIdSupported: true
10-23 14:56:09.170  2964  3301 I A       : Adding from config to map. Locale: id-ID modelPrefix: x_google Location:cfffcc1a4c1c084c003c8eb27f73d770 isSpeakerIdSupported: true
10-23 14:56:09.170  2964  3301 I A       : Adding from config to map. Locale: ko-KR modelPrefix: x_google Location:0b132163a2eb2c1194b202067475724b isSpeakerIdSupported: true
10-23 14:56:09.170  2964  3301 I A       : Skipping. Expected model: 2 Found: 1
10-23 14:56:09.170  2964  3301 I A       : Adding from config to map. Locale: zh-TW modelPrefix: x_google Location:4e7cae00daee30ec565c34e3aa67a51f isSpeakerIdSupported: true
10-23 14:56:09.170  2964  3301 I HotwordModelPopulator: #updateHotwordFileGroup group name: hotword_model_en-US_okhey, raw locale: en-US, locale: en-US
10-23 14:56:09.171  5175  5175 D CompatibilityChangeReporter: Compat change id reported: 119147584; UID 10122; state: ENABLED
10-23 14:56:09.189  1348  1506 E bwfc    : Phenotype API error. Event # edax@9bd1f55d, EventCode: 5 [CONTEXT service_id=51 ]
10-23 14:56:09.189  1348  1506 E bwfc    : bwdx: 29501: Stale snapshot for com.google.android.finsky.instantapps(change count changed - expected 4  but was 1)
10-23 14:56:09.189  1348  1506 E bwfc    : 	at bwfg.b(:com.google.android.gms@231818047@23.18.18 (190800-535401451):16)
10-23 14:56:09.189  1348  1506 E bwfc    : 	at bwff.g(:com.google.android.gms@231818047@23.18.18 (190800-535401451):0)
10-23 14:56:09.189  1348  1506 E bwfc    : 	at bwfc.e(:com.google.android.gms@231818047@23.18.18 (190800-535401451):4)
10-23 14:56:09.189  1348  1506 E bwfc    : 	at bwfc.f(:com.google.android.gms@231818047@23.18.18 (190800-535401451):2)
10-23 14:56:09.189  1348  1506 E bwfc    : 	at avsy.eo(:com.google.android.gms@231818047@23.18.18 (190800-535401451):1)
10-23 14:56:09.189  1348  1506 E bwfc    : 	at avtf.run(:com.google.android.gms@231818047@23.18.18 (190800-535401451):14)
10-23 14:56:09.189  1348  1506 E bwfc    : 	at dfhf.run(:com.google.android.gms@231818047@23.18.18 (190800-535401451):2)
10-23 14:56:09.189  1348  1506 E bwfc    : 	at aced.c(:com.google.android.gms@231818047@23.18.18 (190800-535401451):6)
10-23 14:56:09.189  1348  1506 E bwfc    : 	at aced.run(:com.google.android.gms@231818047@23.18.18 (190800-535401451):8)
10-23 14:56:09.189  1348  1506 E bwfc    : 	at java.util.concurrent.ThreadPoolExecutor.runWorker(ThreadPoolExecutor.java:1145)
10-23 14:56:09.189  1348  1506 E bwfc    : 	at java.util.concurrent.ThreadPoolExecutor$Worker.run(ThreadPoolExecutor.java:644)
10-23 14:56:09.189  1348  1506 E bwfc    : 	at acjn.run(:com.google.android.gms@231818047@23.18.18 (190800-535401451):0)
10-23 14:56:09.189  1348  1506 E bwfc    : 	at java.lang.Thread.run(Thread.java:1012)
10-23 14:56:09.190  1348  1506 W AsyncOperation: operation=CommitToConfigurationOperationCall, opStatusCode=29501 [CONTEXT service_id=51 ]
10-23 14:56:09.190  1348  1506 W AsyncOperation: OperationException[Status{statusCode=Stale snapshot for com.google.android.finsky.instantapps(change count changed - expected 4  but was 1), resolution=null}]
10-23 14:56:09.190  1348  1506 W AsyncOperation: 	at bwfc.e(:com.google.android.gms@231818047@23.18.18 (190800-535401451):6)
10-23 14:56:09.190  1348  1506 W AsyncOperation: 	at bwfc.f(:com.google.android.gms@231818047@23.18.18 (190800-535401451):2)
10-23 14:56:09.190  1348  1506 W AsyncOperation: 	at avsy.eo(:com.google.android.gms@231818047@23.18.18 (190800-535401451):1)
10-23 14:56:09.190  1348  1506 W AsyncOperation: 	at avtf.run(:com.google.android.gms@231818047@23.18.18 (190800-535401451):14)
10-23 14:56:09.190  1348  1506 W AsyncOperation: 	at dfhf.run(:com.google.android.gms@231818047@23.18.18 (190800-535401451):2)
10-23 14:56:09.190  1348  1506 W AsyncOperation: 	at aced.c(:com.google.android.gms@231818047@23.18.18 (190800-535401451):6)
10-23 14:56:09.190  1348  1506 W AsyncOperation: 	at aced.run(:com.google.android.gms@231818047@23.18.18 (190800-535401451):8)
10-23 14:56:09.190  1348  1506 W AsyncOperation: 	at java.util.concurrent.ThreadPoolExecutor.runWorker(ThreadPoolExecutor.java:1145)
10-23 14:56:09.190  1348  1506 W AsyncOperation: 	at java.util.concurrent.ThreadPoolExecutor$Worker.run(ThreadPoolExecutor.java:644)
10-23 14:56:09.190  1348  1506 W AsyncOperation: 	at acjn.run(:com.google.android.gms@231818047@23.18.18 (190800-535401451):0)
10-23 14:56:09.190  1348  1506 W AsyncOperation: 	at java.lang.Thread.run(Thread.java:1012)
10-23 14:56:09.193  1348  3332 I HeterodyneSyncScheduler: Scheduling Phenotype for a PhenotypeSyncImmediately(16, com.google.android.platform.adservices) one off with window [1, 2] in seconds [CONTEXT service_id=51 ]
10-23 14:56:09.200  5175  5259 W TimedProcessReaper: Scheduling killing of process to refresh configuration
10-23 14:56:09.222  1535  1609 W TimedProcessReaper: Scheduling killing of process to refresh configuration
10-23 14:56:09.229  2964  3303 W TimedProcessReaper: Scheduling killing of process to refresh configuration
10-23 14:56:09.231  2964  3303 W TimedProcessReaper: Scheduling killing of process to refresh configuration
10-23 14:56:09.232  2964  3303 W TimedProcessReaper: Scheduling killing of process to refresh configuration
10-23 14:56:09.238  5852  5885 W TimedProcessReaper: Scheduling killing of process to refresh configuration
10-23 14:56:09.269  3911  4251 D EGL_emulation: app_time_stats: avg=12.80ms min=1.17ms max=168.32ms count=45
10-23 14:56:09.278  5175  5668 W TimedProcessReaper: Scheduling killing of process to refresh configuration
10-23 14:56:09.282  3412  3573 W TimedProcessReaper: Scheduling killing of process to refresh configuration
10-23 14:56:09.284  1348  3332 W BpBinder: Large outgoing transaction of 344120 bytes, interface descriptor , code 4
10-23 14:56:09.284  1468  3342 I Icing   : IndexChimeraService.getServiceInterface callingPackage=com.google.android.gms componentName=AppsCorpus serviceId=36
10-23 14:56:09.292  2964  3176 W A       : Can't format flag AndroidGsaVelourJars__velour_birthdaydoodle_jar__name to integer.
10-23 14:56:09.292  2964  3176 W A       : Can't format flag AndroidGsaVelourJars__velour_call_jar__name to integer.
10-23 14:56:09.292  2964  3176 W A       : Can't format flag AndroidGsaVelourJars__velour_canvas_jar__name to integer.
10-23 14:56:09.292  2964  3176 W A       : Can't format flag AndroidGsaVelourJars__velour_chkpkg_jar__name to integer.
10-23 14:56:09.292  2964  3176 W A       : Can't format flag AndroidGsaVelourJars__velour_crashtest_jar__name to integer.
10-23 14:56:09.292  2964  3176 W A       : Can't format flag AndroidGsaVelourJars__velour_dining_jar__name to integer.
10-23 14:56:09.292  2964  3176 W A       : Can't format flag AndroidGsaVelourJars__velour_doodle_notifications_jar__name to integer.
10-23 14:56:09.292  2964  3176 W A       : Can't format flag AndroidGsaVelourJars__velour_imageviewer_jar__name to integer.
10-23 14:56:09.293  2964  3176 W A       : Can't format flag AndroidGsaVelourJars__velour_ipa_jar__name to integer.
10-23 14:56:09.294  2964  3176 W A       : Can't format flag AndroidGsaVelourJars__velour_jslocation_jar__name to integer.
10-23 14:56:09.294  2964  3176 W A       : Can't format flag AndroidGsaVelourJars__velour_localintent_jar__name to integer.
10-23 14:56:09.294  2964  3176 W A       : Can't format flag AndroidGsaVelourJars__velour_messaging_jar__name to integer.
10-23 14:56:09.294  2964  3176 W A       : Can't format flag AndroidGsaVelourJars__velour_nativesrp_activity_jar__name to integer.
10-23 14:56:09.294  2964  3176 W A       : Can't format flag AndroidGsaVelourJars__velour_nativesrp_presenter_jar__name to integer.
10-23 14:56:09.294  2964  3176 W A       : Can't format flag AndroidGsaVelourJars__velour_nowcontent_jar__name to integer.
10-23 14:56:09.295  2964  3176 W A       : Can't format flag AndroidGsaVelourJars__velour_recents_activity_jar__name to integer.
10-23 14:56:09.295  2964  3176 W A       : Can't format flag AndroidGsaVelourJars__velour_save_jar__name to integer.
10-23 14:56:09.295  2964  3176 W A       : Can't format flag AndroidGsaVelourJars__velour_searchresults_activity_jar__name to integer.
10-23 14:56:09.295  2964  3176 W A       : Can't format flag AndroidGsaVelourJars__velour_test_jar__name to integer.
10-23 14:56:09.295  2964  3176 W A       : Can't format flag AndroidGsaVelourJars__velour_weather_jar__name to integer.
10-23 14:56:09.295  2964  3176 W A       : Can't format flag AndroidGsaVelourJars__velour_wernicke_player_homebase_jar__name to integer.
10-23 14:56:09.295  2964  3176 W A       : Can't format flag AndroidGsaVelourJars__velour_wernicke_player_jar__name to integer.
10-23 14:56:09.295  2964  3176 W A       : Can't format flag bindle_flags__bloblobber_blob to integer.
10-23 14:56:09.295  2964  3176 W A       : Can't format flag bindle_flags__velour_jar to integer.
10-23 14:56:09.298  1535  1609 I PhenotypeBackgroundRecv: Successfully updated snapshot for com.google.android.libraries.consentverifier#com.google.android.apps.wellbeing
10-23 14:56:09.307  3412  3412 I PhenotypeBackgroundRecv: Skipping com.google.android.dialer.directboot#com.google.android.dialer which doesn't use ProcessStable flags.
10-23 14:56:09.308  1468  5933 I Auth    : [SupervisedAccountIntentOperation] onHandleIntent(): android.intent.action.PACKAGE_ADDED
10-23 14:56:09.309  1468  5933 I Auth    : [SupervisedAccountIntentOperation] This operation is disabled
10-23 14:56:09.310  2964  3177 I A       : Refusing EXCLUSIVE task 24, it is already pending. Try again in 319 seconds.
10-23 14:56:09.311  2964  3175 I FedAssExpListener: Fed-ass not supported for signed out users.
10-23 14:56:09.311  2964  3175 I FedAssExpListener: Successfully processed experiments changed.
10-23 14:56:09.311  2964  3175 I A       : NGA disabled due to not being eligible.
10-23 14:56:09.313   413   476 D audioserver: FGS Logger Transaction failed
10-23 14:56:09.313   413   476 D audioserver: -129
10-23 14:56:09.320  1468  1468 D BoundBrokerSvc: onBind: Intent { act=com.google.android.gms.common.BIND_SHARED_PREFS pkg=com.google.android.gms }
10-23 14:56:09.320  1468  1468 D BoundBrokerSvc: Loading bound service for intent: Intent { act=com.google.android.gms.common.BIND_SHARED_PREFS pkg=com.google.android.gms }
10-23 14:56:09.321  1468  5941 I BlockstoreStorage: Clearing Blockstore Data for package com.example.lunchtray [CONTEXT service_id=258 ]
10-23 14:56:09.325  1468  5941 I BlockstoreStorage: Keyless data not found or its IsLastInstallationData = false. [CONTEXT service_id=258 ]
10-23 14:56:09.330  1468  1468 D BoundBrokerSvc: onUnbind: Intent { act=com.google.android.gms.common.BIND_SHARED_PREFS pkg=com.google.android.gms }
10-23 14:56:09.331  1468  5941 I Dck     : doesDeviceHaveSupportedWirelessCapabilities: wccSysProp:0, wccMendel:1, deviceWccOverride:false [CONTEXT service_id=289 ]
10-23 14:56:09.332  1468  5941 I Dck     : isDckModuleEligible: isAtLeastR:true, hasWccSupport:false, downloadAllowed:false [CONTEXT service_id=289 ]
10-23 14:56:09.333  1468  5941 W Dck     : Dck module not eligible for asynchronous downloading [CONTEXT service_id=289 ]
10-23 14:56:09.345  1535  1535 I PhenotypeBackgroundRecv: Skipping com.google.android.apps.wellbeing.device#com.google.android.apps.wellbeing which doesn't use ProcessStable flags.
10-23 14:56:09.349  1348  3349 W ChimeraUtils: Module com.google.android.gms.nearby_en missing resource null(0)
10-23 14:56:09.353  2069  5947 D DownloadManager: [5] Starting
10-23 14:56:09.375  2069  5947 D TrafficStats: tagSocket(72) with statsTag=0xffffff01, statsUid=10123
10-23 14:56:09.377  2964  3307 W MDD     : MDDManager Failed to init shared file metadata.
10-23 14:56:09.379  2964  3192 I ModelDownloadController: Hotword models associated with downloaded MDD filegroups: [], pending groups: []
10-23 14:56:09.383  1348  3349 W ChimeraUtils: Module com.google.android.gms.nearby_en missing resource null(0)
10-23 14:56:09.388  1348  3349 W ChimeraUtils: Module com.google.android.gms.nearby_en missing resource null(0)
10-23 14:56:09.390  2069  5959 D DownloadManager: [6] Starting
10-23 14:56:09.391  2964  3265 W SearchServiceCore: Abort, client detached.
10-23 14:56:09.391  2964  3265 W SearchServiceCore: Abort, client detached.
10-23 14:56:09.391  2964  3265 W SearchServiceCore: Abort, client detached.
10-23 14:56:09.391  2964  3265 W SearchServiceCore: Abort, client detached.
10-23 14:56:09.391  2964  3265 W SearchServiceCore: Abort, client detached.
10-23 14:56:09.395  2964  3177 I OpaEligibilityChecker: send OpaEligibilityChange broadcast to CommonBroadcastReceiver
10-23 14:56:09.396  2964  3174 I OpaEligibilityChecker: send OpaEligibilityChange broadcast to CommonBroadcastReceiver
10-23 14:56:09.398  2964  3265 I MicroDetectionWorker: Removing hotword detection due to no account being used.
10-23 14:56:09.398  2964  3265 I A       : isOpaHotwordEnabled: false
10-23 14:56:09.398  2964  3265 I A       : Disabling the hotword detector.
10-23 14:56:09.402  1468  5942 W Icing   : No valid account for uploading user actions
10-23 14:56:09.407  2964  3265 I MicroDetectionState: Should stop hotword detection immediately - true
10-23 14:56:09.407  2964  3265 I A       : Using proto config with mendel
10-23 14:56:09.408  2964  3265 I A       : Using proto config with mendel
10-23 14:56:09.410  2964  3265 I A       : Using proto config with mendel
10-23 14:56:09.410  2964  3265 I MicroDetectionState: Should stop hotword detection immediately - true
10-23 14:56:09.411  2964  3265 I A       : Using proto config with mendel
10-23 14:56:09.411  2964  3265 I A       : Using proto config with mendel
10-23 14:56:09.412  2964  3265 W SearchServiceCore: Abort, client detached.
10-23 14:56:09.412  2964  3265 W SearchServiceCore: Abort, client detached.
10-23 14:56:09.412  2964  3265 W SearchServiceCore: Abort, client detached.
10-23 14:56:09.412  2964  3265 W SearchServiceCore: Abort, client detached.
10-23 14:56:09.412  2964  3265 W SearchServiceCore: Abort, client detached.
10-23 14:56:09.413  2964  3265 W SearchServiceCore: Abort, client detached.
10-23 14:56:09.413  2964  3265 W SearchServiceCore: Abort, client detached.
10-23 14:56:09.414  2964  3157 I BgTaskExecutorImpl: Starting EXCLUSIVE background task SEND_GSA_HOME_REQUEST.
10-23 14:56:09.415  1348  1506 I HeterodyneSyncScheduler: Scheduling Phenotype for a PhenotypeSyncImmediately(6, com.google.android.ims.library) one off with window [1, 2] in seconds [CONTEXT service_id=51 ]
10-23 14:56:09.416  2069  5959 D TrafficStats: tagSocket(80) with statsTag=0xffffff01, statsUid=10123
10-23 14:56:09.421  2964  3174 I A       : Refusing EXCLUSIVE task 53, it is already pending. Try again in 260099 seconds.
10-23 14:56:09.422  2964  3174 E OpaNotificationMrgImpl: Failed to schedule exclusive background task: 53
10-23 14:56:09.426  2069  5947 D CompatibilityChangeReporter: Compat change id reported: 247079863; UID 10076; state: ENABLED
10-23 14:56:09.453  3249  3249 I PhenotypeBackgroundRecv: Skipping com.google.android.libraries.search.device#com.google.android.tts which doesn't use ProcessStable flags.
10-23 14:56:09.460  2964  2978 I earchbox:search: JIT allocated 100KB for compiled code of java.lang.Object com.google.android.apps.gsa.binaries.velvet.app.amm.c()
10-23 14:56:09.460  2964  2978 I earchbox:search: Compiler allocated 5214KB to compile java.lang.Object com.google.android.apps.gsa.binaries.velvet.app.amm.c()
10-23 14:56:09.470  3911  3911 I ViewInteraction: Performing 'single click' action on view view.getId() is <2131231208/com.example.lunchtray:id/start_order_btn>
10-23 14:56:09.474  2964  3307 I ModelDownloadController: Fetching and maybe downloading FileGroup with name: hotword_model_en-US_okhey, locale: en-US
10-23 14:56:09.474  2964  3307 I A       : Using proto config with mendel
10-23 14:56:09.474  2964  3307 I A       : Using proto config with mendel
10-23 14:56:09.475  2964  3307 I A       : Using proto config with mendel
10-23 14:56:09.475  2964  3307 I A       : Merging legacy hotword config map with new proto.
10-23 14:56:09.475  2964  3307 I A       : Skipping. Expected model: 1 Found: 2
10-23 14:56:09.475  2964  3307 I A       : Skipping. Expected model: 1 Found: 2
10-23 14:56:09.475  1348  1508 W ChimeraUtils: Module com.google.android.gms.nearby_en missing resource null(0)
10-23 14:56:09.475  2964  3307 I A       : Skipping. Expected model: 1 Found: 2
10-23 14:56:09.475  2964  3307 I A       : Adding from config to map. Locale: ro-RO modelPrefix: okgoogle Location:b051c93dce7bb4dcb5d9ddcbbb2ca760Test isSpeakerIdSupported: false
10-23 14:56:09.475  2964  3307 I A       : Skipping. Expected model: 1 Found: 2
10-23 14:56:09.475  2964  3177 W CorpusConfigHelper: Invalid input from icing corpus JSON flag.
10-23 14:56:09.475  2964  3177 W CorpusConfigHelper: android.util.MalformedJsonException: Use JsonReader.setLenient(true) to accept malformed JSON at line 123 column 2
10-23 14:56:09.475  2964  3177 W CorpusConfigHelper: 	at android.util.JsonReader.syntaxError(JsonReader.java:1162)
10-23 14:56:09.475  2964  3177 W CorpusConfigHelper: 	at android.util.JsonReader.checkLenient(JsonReader.java:840)
10-23 14:56:09.475  2964  3177 W CorpusConfigHelper: 	at android.util.JsonReader.nextInArray(JsonReader.java:615)
10-23 14:56:09.475  2964  3177 W CorpusConfigHelper: 	at android.util.JsonReader.peek(JsonReader.java:345)
10-23 14:56:09.475  2964  3177 W CorpusConfigHelper: 	at android.util.JsonReader.hasNext(JsonReader.java:321)
10-23 14:56:09.475  2964  3177 W CorpusConfigHelper: 	at com.google.android.apps.gsa.searchbox.c.b.b.k.c(PG:7)
10-23 14:56:09.475  2964  3177 W CorpusConfigHelper: 	at com.google.android.apps.gsa.searchbox.c.b.b.j.a(Unknown Source:2)
10-23 14:56:09.475  2964  3177 W CorpusConfigHelper: 	at com.google.android.apps.gsa.search.core.i.r.run(PG:5)
10-23 14:56:09.475  2964  3177 W CorpusConfigHelper: 	at com.google.android.libraries.gsa.k.a.h.run(PG:2)
10-23 14:56:09.475  2964  3177 W CorpusConfigHelper: 	at com.google.android.apps.gsa.shared.util.c.a.cf.b(PG:1)
10-23 14:56:09.475  2964  3177 W CorpusConfigHelper: 	at com.google.android.apps.gsa.shared.util.c.a.ci.run(PG:1)
10-23 14:56:09.475  2964  3177 W CorpusConfigHelper: 	at com.google.android.libraries.i.ae.run(PG:1)
10-23 14:56:09.475  2964  3177 W CorpusConfigHelper: 	at java.util.concurrent.ThreadPoolExecutor.runWorker(ThreadPoolExecutor.java:1145)
10-23 14:56:09.475  2964  3177 W CorpusConfigHelper: 	at java.util.concurrent.ThreadPoolExecutor$Worker.run(ThreadPoolExecutor.java:644)
10-23 14:56:09.475  2964  3177 W CorpusConfigHelper: 	at com.google.android.libraries.i.k.run(PG:2)
10-23 14:56:09.475  2964  3177 W CorpusConfigHelper: 	at com.google.android.libraries.i.p.run(PG:4)
10-23 14:56:09.475  2964  3177 W CorpusConfigHelper: 	at java.lang.Thread.run(Thread.java:1012)
10-23 14:56:09.475  2964  3175 E ApplicationPropertiesBu: Error when converting version: messages.android_20230529_03_RC01_alldpi.x86_64.phone
10-23 14:56:09.475  2964  3175 E ApplicationPropertiesBu: java.lang.NumberFormatException: For input string: "messages"
10-23 14:56:09.475  2964  3175 E ApplicationPropertiesBu: 	at java.lang.Long.parseLong(Long.java:751)
10-23 14:56:09.475  2964  3175 E ApplicationPropertiesBu: 	at java.lang.Long.parseLong(Long.java:876)
10-23 14:56:09.475  2964  3175 E ApplicationPropertiesBu: 	at com.google.android.apps.gsa.staticplugins.ad.h.c(PG:3)
10-23 14:56:09.475  2964  3175 E ApplicationPropertiesBu: 	at com.google.android.apps.gsa.staticplugins.ad.h.g(PG:3)
10-23 14:56:09.475  2964  3175 E ApplicationPropertiesBu: 	at com.google.android.apps.gsa.staticplugins.ad.h.d(PG:267)
10-23 14:56:09.475  2964  3175 E ApplicationPropertiesBu: 	at com.google.android.apps.gsa.staticplugins.ad.h.a(PG:38)
10-23 14:56:09.475  2964  3175 E ApplicationPropertiesBu: 	at com.google.android.apps.gsa.staticplugins.ad.p.a(PG:1)
10-23 14:56:09.475  2964  3175 E ApplicationPropertiesBu: 	at com.google.android.libraries.gsa.k.a.f.a(PG:2)
10-23 14:56:09.475  2964  3175 E ApplicationPropertiesBu: 	at com.google.common.util.concurrent.dx.a(PG:1)
10-23 14:56:09.475  2964  3175 E ApplicationPropertiesBu: 	at com.google.common.util.concurrent.cv.run(PG:4)
10-23 14:56:09.475  2964  3175 E ApplicationPropertiesBu: 	at com.google.common.util.concurrent.dz.run(PG:1)
10-23 14:56:09.475  2964  3175 E ApplicationPropertiesBu: 	at com.google.android.libraries.i.ae.run(PG:1)
10-23 14:56:09.475  2964  3175 E ApplicationPropertiesBu: 	at java.util.concurrent.ThreadPoolExecutor.runWorker(ThreadPoolExecutor.java:1145)
10-23 14:56:09.475  2964  3175 E ApplicationPropertiesBu: 	at java.util.concurrent.ThreadPoolExecutor$Worker.run(ThreadPoolExecutor.java:644)
10-23 14:56:09.475  2964  3175 E ApplicationPropertiesBu: 	at com.google.android.libraries.i.k.run(PG:2)
10-23 14:56:09.475  2964  3175 E ApplicationPropertiesBu: 	at com.google.android.libraries.i.p.run(PG:4)
10-23 14:56:09.475  2964  3175 E ApplicationPropertiesBu: 	at java.lang.Thread.run(Thread.java:1012)
10-23 14:56:09.481  2964  3307 I A       : Using proto config with mendel
10-23 14:56:09.481  2964  3307 I A       : Using proto config with mendel
10-23 14:56:09.481  2964  3307 I A       : Using proto config with mendel
10-23 14:56:09.481  2964  3307 I A       : Merging legacy hotword config map with new proto.
10-23 14:56:09.481  2964  3307 I A       : Skipping. Expected model: 1 Found: 2
10-23 14:56:09.481  2964  3307 I A       : Skipping. Expected model: 1 Found: 2
10-23 14:56:09.481  2964  3307 I A       : Skipping. Expected model: 1 Found: 2
10-23 14:56:09.481  2964  3307 I A       : Adding from config to map. Locale: ro-RO modelPrefix: okgoogle Location:b051c93dce7bb4dcb5d9ddcbbb2ca760Test isSpeakerIdSupported: false
10-23 14:56:09.482  2964  3307 I A       : Skipping. Expected model: 1 Found: 2
10-23 14:56:09.501  2964  3174 W CorpusConfigHelper: Invalid input from icing corpus JSON flag.
10-23 14:56:09.501  2964  3174 W CorpusConfigHelper: android.util.MalformedJsonException: Use JsonReader.setLenient(true) to accept malformed JSON at line 123 column 2
10-23 14:56:09.501  2964  3174 W CorpusConfigHelper: 	at android.util.JsonReader.syntaxError(JsonReader.java:1162)
10-23 14:56:09.501  2964  3174 W CorpusConfigHelper: 	at android.util.JsonReader.checkLenient(JsonReader.java:840)
10-23 14:56:09.501  2964  3174 W CorpusConfigHelper: 	at android.util.JsonReader.nextInArray(JsonReader.java:615)
10-23 14:56:09.501  2964  3174 W CorpusConfigHelper: 	at android.util.JsonReader.peek(JsonReader.java:345)
10-23 14:56:09.501  2964  3174 W CorpusConfigHelper: 	at android.util.JsonReader.hasNext(JsonReader.java:321)
10-23 14:56:09.501  2964  3174 W CorpusConfigHelper: 	at com.google.android.apps.gsa.searchbox.c.b.b.k.c(PG:7)
10-23 14:56:09.501  2964  3174 W CorpusConfigHelper: 	at com.google.android.apps.gsa.searchbox.c.b.b.j.a(Unknown Source:2)
10-23 14:56:09.501  2964  3174 W CorpusConfigHelper: 	at com.google.android.apps.gsa.search.core.i.r.run(PG:5)
10-23 14:56:09.501  2964  3174 W CorpusConfigHelper: 	at com.google.android.libraries.gsa.k.a.h.run(PG:2)
10-23 14:56:09.501  2964  3174 W CorpusConfigHelper: 	at com.google.android.apps.gsa.shared.util.c.a.cf.b(PG:1)
10-23 14:56:09.501  2964  3174 W CorpusConfigHelper: 	at com.google.android.apps.gsa.shared.util.c.a.ci.run(PG:1)
10-23 14:56:09.501  2964  3174 W CorpusConfigHelper: 	at com.google.android.libraries.i.ae.run(PG:1)
10-23 14:56:09.501  2964  3174 W CorpusConfigHelper: 	at java.util.concurrent.ThreadPoolExecutor.runWorker(ThreadPoolExecutor.java:1145)
10-23 14:56:09.501  2964  3174 W CorpusConfigHelper: 	at java.util.concurrent.ThreadPoolExecutor$Worker.run(ThreadPoolExecutor.java:644)
10-23 14:56:09.501  2964  3174 W CorpusConfigHelper: 	at com.google.android.libraries.i.k.run(PG:2)
10-23 14:56:09.501  2964  3174 W CorpusConfigHelper: 	at com.google.android.libraries.i.p.run(PG:4)
10-23 14:56:09.501  2964  3174 W CorpusConfigHelper: 	at java.lang.Thread.run(Thread.java:1012)
10-23 14:56:09.501  1468  1503 I Icing   : IndexChimeraService.getServiceInterface callingPackage=com.google.android.googlequicksearchbox componentName=agsa_icing_connection serviceId=33
10-23 14:56:09.509  1348  1508 W ChimeraUtils: Module com.google.android.gms.nearby_en missing resource null(0)
10-23 14:56:09.509  1348  1508 W ChimeraUtils: Module com.google.android.gms.nearby_en missing resource null(0)
10-23 14:56:09.526  3741  3905 I Finsky:instant_app_inst: [51] InstantAppHygieneService.a(10): Scheduling job with period 86400000ms
10-23 14:56:09.537  5175  5273 I BugleRcsProvisioning: BugleSystemBindingManager: onBuglePhenotypeFlagChanged
10-23 14:56:09.540  1468  2512 I Icing   : IndexChimeraService.getServiceInterface callingPackage=com.google.android.googlequicksearchbox componentName=agsa_icing_connection serviceId=32
10-23 14:56:09.542   413  1028 D audioserver: FGS Logger Transaction failed
