10-23 14:55:24.485   524  2526 I ImeTracker: com.example.lunchtray:10b4f581: onRequestHide at ORIGIN_SERVER_HIDE_INPUT reason HIDE_UNSPECIFIED_WINDOW
10-23 14:55:24.485   524  2526 I ImeTracker: com.example.lunchtray:10b4f581: onCancelled at PHASE_SERVER_SHOULD_HIDE
10-23 14:55:24.486   870   984 V WallpaperService: Setting wallpaper dimming: 0
10-23 14:55:24.488  1089  1089 W Telephony: registerMmTelCapabilityCallback: registration failed, no ImsService available. Exception: code: 1
10-23 14:55:24.499  4495  4495 E ConfigUpdater: ignoring update request
10-23 14:55:24.501   871  1051 I Role    : com.google.android.gms not qualified for android.app.role.SYSTEM_CALL_STREAMING due to missing RequiredComponent{mIntentFilterData=IntentFilterData{mAction='android.telecom.CallStreamingService', mCategories='[]', mDataScheme='null', mDataType='null'}, mMinTargetSdkVersion=1, mFlags='0', mPermission='android.permission.BIND_CALL_STREAMING_SERVICE', mQueryFlags=0, mMetaData=[]}
10-23 14:55:24.502   871  1051 E RoleControllerServiceImpl: Default/fallback role holder package doesn't qualify for the role, package: com.google.android.gms, role: android.app.role.SYSTEM_CALL_STREAMING
10-23 14:55:24.502   871  1051 W Role    : Default holder doesn't have required signing certificate: com.google.android.apps.work.clouddpc:23962F4B43B9857638EA66F4D419518EAE282491ACDA4B94707BD59003C45E58
10-23 14:55:24.507  1348  4015 I Fitness : OnPackageChangedOperation got intent: Intent { act=android.intent.action.PACKAGE_CHANGED dat=package: flg=0x45000010 pkg=com.google.android.gms cmp=com.google.android.gms/.chimera.PersistentIntentOperationService (has extras) } [CONTEXT service_id=17 ]
10-23 14:55:24.508   524   614 I RoleService: Granting default roles...
10-23 14:55:24.515  1575  1618 I ContentCacheModule: ContentCacheModule.lambda$loadKeywordMappingsAsync$3():266 Loaded 0 keyword --> image mappings and 0 keyword --> timestamp mappings
10-23 14:55:24.516  1575  1950 I SP      : Registering content_cache.2020101916, url: https://www.gstatic.com/android/keyboard/modelpack/contentcache/202010191648/superpacks_manifest.json, constraints: W:*:*:*, flags: bg, requested: 2020101916, current: -1
10-23 14:55:24.517  1657  2172 I SP.AiAi : Scheduling: download registered, 1 started, 1 paused, 0 scheduled, 3 pending: manifests:spelling_correction-22110320 {W:b:I:l, bg}, manifests:text-classifier-langid-1941001461 @ {W:b:u:l, bg}, captions_i18n_v0_mandatory:sound_recognition_v1 @ * {W:b:u:l, bg}
10-23 14:55:24.517  1657  2280 I SP.AiAi : Download stopped: manifests:text-classifier-langid-1941001461, succeeded paused, size: 399
10-23 14:55:24.528   524  1255 I RemoteProvisionSysSvc: getRegistration(android.hardware.security.keymint.IRemotelyProvisionedComponent/default)
10-23 14:55:24.533   524   524 I RegistrationProxy: onServiceConnected: com.android.rkpdapp.service.RemoteProvisioningService
10-23 14:55:24.533   524   797 D ConnectivityService: NetReassign [no changes] [c 1] [a 1] [i 1]
10-23 14:55:24.534   524  1255 I RegistrationProxy: IGetRegistrationCallback.onError:RKP is disabled. System configured with no default URL.
10-23 14:55:24.539  4495  4495 D CompatibilityChangeReporter: Compat change id reported: 160794467; UID 10114; state: ENABLED
10-23 14:55:24.540  1089  1089 I Telephony: isRttCurrentlySupported -- regular acct, hasVoiceAvailability: false
10-23 14:55:24.540  1089  1089 I Telephony:  isRttSupported: false
10-23 14:55:24.540  1089  1089 I Telephony:  alwaysAllowWhileRoaming: false
10-23 14:55:24.540  1089  1089 I Telephony:  isRoaming: false
10-23 14:55:24.540  1089  1089 I Telephony:  isOnWfc: false
10-23 14:55:24.546  1348  3942 I CastDatabase: Opening the database
10-23 14:55:24.548  3041  4246 I FA      : App measurement initialized, version: 77033
10-23 14:55:24.548  3041  4246 I FA      : To enable debug logging run: adb shell setprop log.tag.FA VERBOSE
10-23 14:55:24.548  3041  4246 I FA      : To enable faster debug mode event logging run:
10-23 14:55:24.548  3041  4246 I FA      :   adb shell setprop debug.firebase.analytics.app com.android.vending
10-23 14:55:24.551  1657  1697 I ogle.android.as: Background young concurrent copying GC freed 99586(5223KB) AllocSpace objects, 4(208KB) LOS objects, 42% free, 7428KB/12MB, paused 26.868ms,34us total 373.064ms
10-23 14:55:24.556  1468  1513 E constellation: [event_manager] Couldn't get GCM token
10-23 14:55:24.556  1468  1513 E constellation: java.io.IOException: AUTHENTICATION_FAILED
10-23 14:55:24.556  1468  1513 E constellation: 	at asqz.f(:com.google.android.gms@231818047@23.18.18 (190800-535401451):5)
10-23 14:55:24.556  1468  1513 E constellation: 	at asqh.e(:com.google.android.gms@231818047@23.18.18 (190800-535401451):7)
10-23 14:55:24.556  1468  1513 E constellation: 	at asqh.d(:com.google.android.gms@231818047@23.18.18 (190800-535401451):7)
10-23 14:55:24.556  1468  1513 E constellation: 	at asqh.c(:com.google.android.gms@231818047@23.18.18 (190800-535401451):0)
10-23 14:55:24.556  1468  1513 E constellation: 	at com.google.android.gms.constellation.EventManager.a(:com.google.android.gms@231818047@23.18.18 (190800-535401451):3)
10-23 14:55:24.556  1468  1513 E constellation: 	at com.google.android.gms.constellation.EventManager.b(:com.google.android.gms@231818047@23.18.18 (190800-535401451):5)
10-23 14:55:24.556  1468  1513 E constellation: 	at com.google.android.gms.constellation.EventManager.onHandleIntent(:com.google.android.gms@231818047@23.18.18 (190800-535401451):24)
10-23 14:55:24.556  1468  1513 E constellation: 	at com.google.android.chimera.IntentOperation.onHandleIntent(:com.google.android.gms@231818047@23.18.18 (190800-535401451):2)
10-23 14:55:24.556  1468  1513 E constellation: 	at zhv.onHandleIntent(:com.google.android.gms@231818047@23.18.18 (190800-535401451):4)
10-23 14:55:24.556  1468  1513 E constellation: 	at hjm.run(:com.google.android.gms@231818047@23.18.18 (190800-535401451):3)
10-23 14:55:24.556  1468  1513 E constellation: 	at hjl.run(:com.google.android.gms@231818047@23.18.18 (190800-535401451):11)
10-23 14:55:24.556  1468  1513 E constellation: 	at dfhf.run(:com.google.android.gms@231818047@23.18.18 (190800-535401451):2)
10-23 14:55:24.556  1468  1513 E constellation: 	at java.util.concurrent.ThreadPoolExecutor.runWorker(ThreadPoolExecutor.java:1145)
10-23 14:55:24.556  1468  1513 E constellation: 	at java.util.concurrent.ThreadPoolExecutor$Worker.run(ThreadPoolExecutor.java:644)
10-23 14:55:24.556  1468  1513 E constellation: 	at java.lang.Thread.run(Thread.java:1012)
10-23 14:55:24.561  1575  1575 I GoogleInputMethodService: GoogleInputMethodService.onFinishInput():3227
10-23 14:55:24.572  1575  1575 I GoogleInputMethodService: GoogleInputMethodService.updateDeviceLockedStatus():2087 repeatCheckTimes = 0, unlocked = true
10-23 14:55:24.573  1575  1575 I GoogleInputMethodService: GoogleInputMethodService.onStartInput():1877 onStartInput(EditorInfo{inputType=0x0(NULL) imeOptions=0x0 privateImeOptions=null actionName=UNSPECIFIED actionLabel=null actionId=0 initialSelStart=-1 initialSelEnd=-1 initialCapsMode=0x0 hintText=null label=null packageName=com.example.lunchtray fieldId=0 fieldName=null extras=null}, false)
10-23 14:55:24.573  1575  1575 I GoogleInputMethodService: GoogleInputMethodService.shouldHideHeaderOnInitialState():4008 ShouldHideHeaderOnInitialState = false
10-23 14:55:24.575  3911  3911 D LifecycleMonitor: Lifecycle status change: androidx.test.core.app.InstrumentationActivityInvoker$BootstrapActivity@f234884 in: STOPPED
10-23 14:55:24.575  3911  3911 V ActivityScenario: Activity lifecycle changed event received but ignored because the intent does not match. startActivityIntent=Intent { act=android.intent.action.MAIN cat=[android.intent.category.LAUNCHER] cmp=com.example.lunchtray/androidx.fragment.app.testing.FragmentScenario$EmptyFragmentActivity (has extras) }, activity.getIntent()=Intent { act=android.intent.action.MAIN cat=[android.intent.category.LAUNCHER] flg=0x10008000 cmp=com.example.lunchtray/androidx.test.core.app.InstrumentationActivityInvoker$BootstrapActivity (has extras) }, activity=androidx.test.core.app.InstrumentationActivityInvoker$BootstrapActivity@f234884
10-23 14:55:24.576  3911  3911 V ActivityScenario: Activity lifecycle changed event received but ignored because the intent does not match. startActivityIntent=Intent { act=android.intent.action.MAIN cat=[android.intent.category.LAUNCHER] cmp=com.example.lunchtray/androidx.fragment.app.testing.FragmentScenario$EmptyFragmentActivity (has extras) }, activity.getIntent()=Intent { act=android.intent.action.MAIN cat=[android.intent.category.LAUNCHER] flg=0x10008000 cmp=com.example.lunchtray/androidx.test.core.app.InstrumentationActivityInvoker$BootstrapActivity (has extras) }, activity=androidx.test.core.app.InstrumentationActivityInvoker$BootstrapActivity@f234884
10-23 14:55:24.577  1468  1468 D BoundBrokerSvc: onBind: Intent { act=com.google.android.gms.common.BIND_SHARED_PREFS pkg=com.google.android.gms }
10-23 14:55:24.577  1468  1468 D BoundBrokerSvc: Loading bound service for intent: Intent { act=com.google.android.gms.common.BIND_SHARED_PREFS pkg=com.google.android.gms }
10-23 14:55:24.588  1575  1575 I GoogleInputMethodService: GoogleInputMethodService.updateDeviceLockedStatus():2087 repeatCheckTimes = 2, unlocked = true
10-23 14:55:24.599  1089  1089 I Telephony: reRegisterPstnPhoneAccount: subId: 1 - no change
10-23 14:55:24.599  3911  3911 I ViewInteraction: Checking 'MatchesViewAssertion{viewMatcher=an instance of android.widget.TextView and view.getText() with or without transformation to match: a string containing "Cauliflower"}' assertion on view view.getId() is <2131230844/com.example.lunchtray:id/cauliflower>
10-23 14:55:24.622  3911  3911 I ViewInteraction: Checking 'MatchesViewAssertion{viewMatcher=an instance of android.widget.TextView and view.getText() with or without transformation to match: a string containing "Whole cauliflower"}' assertion on view view.getId() is <2131230845/com.example.lunchtray:id/cauliflower_description>
10-23 14:55:24.624  1089  1089 I ImsResolver: Received Carrier Config Changed for SlotId: 0, SubId: 1, sim state: 5
10-23 14:55:24.624  1089  1331 D ImsResolver: updateBoundDeviceServices: called
10-23 14:55:24.625  1089  1089 I TelephonyRcsService: updateFeatureControllerSubscription: slotId=0, oldSubId= 1, subId=1, existing feature=false
10-23 14:55:24.626  1089  1331 I ImsResolver: updateBoundServices - carrier package changed: com.google.android.ims -> com.google.android.ims on slot 0, hasConfigChanged=false
10-23 14:55:24.626  1089  1331 I ImsResolver: updateBoundServices - carrier package changed: com.google.android.ims -> com.google.android.ims on slot 0, hasConfigChanged=true
10-23 14:55:24.626  1089  1331 I ImsResolver: updateBoundServices - carrier package changed: com.google.android.ims -> com.google.android.ims on slot 0, hasConfigChanged=true
10-23 14:55:24.637  3911  3911 I ViewInteraction: Checking 'MatchesViewAssertion{viewMatcher=an instance of android.widget.TextView and view.getText() with or without transformation to match: a string containing "$7.00"}' assertion on view view.getId() is <2131230846/com.example.lunchtray:id/cauliflower_price>
10-23 14:55:24.642  1132  2137 D OneSearchSuggestProvider: Shut down the binder channel
10-23 14:55:24.646  3911  3911 I ViewInteraction: Checking 'MatchesViewAssertion{viewMatcher=an instance of android.widget.TextView and view.getText() with or without transformation to match: a string containing "Three Bean Chili"}' assertion on view view.getId() is <2131230858/com.example.lunchtray:id/chili>
10-23 14:55:24.652  1617  4542 D CompatibilityChangeReporter: Compat change id reported: 160794467; UID 10163; state: ENABLED
10-23 14:55:24.653  2964  3256 I PBSessionCacheImpl: Deleted sessionId[13037507931822856] from persistence.
10-23 14:55:24.655  1132  1166 I ImeTracker: com.google.android.apps.nexuslauncher:cfcc960a: onRequestHide at ORIGIN_CLIENT_HIDE_SOFT_INPUT reason HIDE_SOFT_INPUT
10-23 14:55:24.655  1132  1166 I ImeTracker: com.google.android.apps.nexuslauncher:cfcc960a: onFailed at PHASE_CLIENT_VIEW_SERVED
10-23 14:55:24.656  3911  3911 I ViewInteraction: Checking 'MatchesViewAssertion{viewMatcher=an instance of android.widget.TextView and view.getText() with or without transformation to match: a string containing "Black beans"}' assertion on view view.getId() is <2131230859/com.example.lunchtray:id/chili_description>
10-23 14:55:24.660  3911  3911 I ViewInteraction: Checking 'MatchesViewAssertion{viewMatcher=an instance of android.widget.TextView and view.getText() with or without transformation to match: a string containing "$4.00"}' assertion on view view.getId() is <2131230860/com.example.lunchtray:id/chili_price>
10-23 14:55:24.665  1617  4550 D CompatibilityChangeReporter: Compat change id reported: 194532703; UID 10163; state: ENABLED
10-23 14:55:24.665  1617  4550 D CompatibilityChangeReporter: Compat change id reported: 253665015; UID 10163; state: ENABLED
10-23 14:55:24.666  3911  3911 I ViewInteraction: Checking 'MatchesViewAssertion{viewMatcher=an instance of android.widget.TextView and view.getText() with or without transformation to match: a string containing "Mushroom Pasta"}' assertion on view view.getId() is <2131231106/com.example.lunchtray:id/pasta>
10-23 14:55:24.675  2964  3265 W SearchServiceCore: Abort, client detached.
10-23 14:55:24.680   870   870 D Tonal   : Tonal Palette - index: 4. Main color: ff343e65
10-23 14:55:24.680   870   870 D Tonal   : Colors: ff0b0c16, ff141627, ff1d2138, ff272d4c, ff343e65, ff41477e, ff4e5597, ff8184a4, ff898cc3, ff9e9ecd, ffb7b6d9, ffd9d7eb, ffefeef7
10-23 14:55:24.682   524   941 D ConnectivityService: requestNetwork for uid/pid:1000/524 asUid: 10163 activeRequest: null callbackRequest: 99 [NetworkRequest [ REQUEST id=100, [ Capabilities: INTERNET&NOT_RESTRICTED&TRUSTED&NOT_VCN_MANAGED Uid: 10163 RequestorUid: 1000 RequestorPkg: android UnderlyingNetworks: Null] ]] callback flags: 0 order: 2147483647
10-23 14:55:24.684   524   790 D WifiNetworkFactory: got request NetworkRequest [ REQUEST id=100, [ Capabilities: INTERNET&NOT_RESTRICTED&TRUSTED&NOT_VCN_MANAGED Uid: 10163 RequestorUid: 1000 RequestorPkg: android UnderlyingNetworks: Null] ]
10-23 14:55:24.688  3911  3911 I ViewInteraction: Checking 'MatchesViewAssertion{viewMatcher=an instance of android.widget.TextView and view.getText() with or without transformation to match: a string containing "Penne pasta"}' assertion on view view.getId() is <2131231107/com.example.lunchtray:id/pasta_description>
10-23 14:55:24.693  3911  3911 I ViewInteraction: Checking 'MatchesViewAssertion{viewMatcher=an instance of android.widget.TextView and view.getText() with or without transformation to match: a string containing "$5.50"}' assertion on view view.getId() is <2131231108/com.example.lunchtray:id/pasta_price>
10-23 14:55:24.696   524   790 D UntrustedWifiNetworkFactory: got request NetworkRequest [ REQUEST id=100, [ Capabilities: INTERNET&NOT_RESTRICTED&TRUSTED&NOT_VCN_MANAGED Uid: 10163 RequestorUid: 1000 RequestorPkg: android UnderlyingNetworks: Null] ]
10-23 14:55:24.697   524  1255 D ConnectivityService: requestNetwork for uid/pid:10163/1617 activeRequest: null callbackRequest: 101 [NetworkRequest [ REQUEST id=102, [ Capabilities: INTERNET&NOT_RESTRICTED&TRUSTED&NOT_VCN_MANAGED Uid: 10163 RequestorUid: 10163 RequestorPkg: com.google.android.devicelockcontroller UnderlyingNetworks: Null] ]] callback flags: 0 order: 2147483647
10-23 14:55:24.697   524   790 D OemPaidWifiNetworkFactory: got request NetworkRequest [ REQUEST id=100, [ Capabilities: INTERNET&NOT_RESTRICTED&TRUSTED&NOT_VCN_MANAGED Uid: 10163 RequestorUid: 1000 RequestorPkg: android UnderlyingNetworks: Null] ]
10-23 14:55:24.698  3911  3911 I ViewInteraction: Checking 'MatchesViewAssertion{viewMatcher=an instance of android.widget.TextView and view.getText() with or without transformation to match: a string containing "Spicy Black Bean"}' assertion on view view.getId() is <2131231175/com.example.lunchtray:id/skillet>
10-23 14:55:24.700   524   790 D MultiInternetWifiNetworkFactory: got request NetworkRequest [ REQUEST id=100, [ Capabilities: INTERNET&NOT_RESTRICTED&TRUSTED&NOT_VCN_MANAGED Uid: 10163 RequestorUid: 1000 RequestorPkg: android UnderlyingNetworks: Null] ]
10-23 14:55:24.700  1617  4552 D CompatibilityChangeReporter: Compat change id reported: 263076149; UID 10163; state: ENABLED
10-23 14:55:24.700   524   797 D ConnectivityService: NetReassign [100 : null  100] [c 1] [a 0] [i 16]
10-23 14:55:24.702   870   870 D Tonal   : Gradients:
10-23 14:55:24.702   870   870 D Tonal   : 	Normal GradientColors(ff343e65, ff343e65)
10-23 14:55:24.702   870   870 D Tonal   : 	Dark GradientColors(ff272d4c, ff272d4c)
10-23 14:55:24.702   870   870 D Tonal   : 	Extra dark: GradientColors(ff1d2138, ff1d2138)
10-23 14:55:24.702  1468  1468 D BoundBrokerSvc: onUnbind: Intent { act=com.google.android.gms.common.BIND_SHARED_PREFS pkg=com.google.android.gms }
10-23 14:55:24.708  3911  3911 I ViewInteraction: Checking 'MatchesViewAssertion{viewMatcher=an instance of android.widget.TextView and view.getText() with or without transformation to match: a string containing "Seasonal vegetables"}' assertion on view view.getId() is <2131231176/com.example.lunchtray:id/skillet_description>
10-23 14:55:24.713  1617  4553 D TelephonyManager: getMeid: return null because MEID is not available
10-23 14:55:24.715  3911  3911 I ViewInteraction: Checking 'MatchesViewAssertion{viewMatcher=an instance of android.widget.TextView and view.getText() with or without transformation to match: a string containing "$5.50"}' assertion on view view.getId() is <2131231177/com.example.lunchtray:id/skillet_price>
10-23 14:55:24.715  3911  4165 I TestRunner: finished: entree_menu_item_content(com.example.lunchtray.MenuContentTests)
