10-23 14:55:32.824  1093  1117 D PrefCtrlListHelper: Could not find Context-only controller for pref: com.android.settings.accessibility.CaptioningEdgeTypeController
10-23 14:55:32.824  1093  1117 D PrefCtrlListHelper: Could not find Context-only controller for pref: com.android.settings.accessibility.CaptioningEdgeColorController
10-23 14:55:32.824  1093  1117 D PrefCtrlListHelper: Could not find Context-only controller for pref: com.android.settings.accessibility.CaptioningBackgroundColorController
10-23 14:55:32.824  1093  1117 D PrefCtrlListHelper: Could not find Context-only controller for pref: com.android.settings.accessibility.CaptioningBackgroundOpacityController
10-23 14:55:32.824  1093  1117 D PrefCtrlListHelper: Could not find Context-only controller for pref: com.android.settings.accessibility.CaptioningWindowColorController
10-23 14:55:32.824  1093  1117 D PrefCtrlListHelper: Could not find Context-only controller for pref: com.android.settings.accessibility.CaptioningWindowOpacityController
10-23 14:55:32.824  1093  1117 D PrefCtrlListHelper: Could not find Context-only controller for pref: com.android.settings.accessibility.CaptioningFooterPreferenceController
10-23 14:55:32.824  1093  1117 D PrefCtrlListHelper: Could not find Context-only controller for pref: com.android.settings.gestures.SystemNavigationPreferenceController
10-23 14:55:32.825  1093  1117 D PrefCtrlListHelper: Could not find Context-only controller for pref: com.android.settings.gestures.OneHandedEnablePreferenceController
10-23 14:55:32.826  1093  1117 D PrefCtrlListHelper: Could not find Context-only controller for pref: com.android.settings.accessibility.PowerButtonEndsCallPreferenceController
10-23 14:55:32.826  1093  1117 D PrefCtrlListHelper: Could not find Context-only controller for pref: com.android.settings.accessibility.LockScreenRotationPreferenceController
10-23 14:55:32.826  1093  1117 D PrefCtrlListHelper: Could not find Context-only controller for pref: com.android.settings.display.DeviceStateAutoRotateOverviewController
10-23 14:55:32.827  1348  4860 I Fitness : OnPackageChangedOperation got intent: Intent { act=android.intent.action.PACKAGE_CHANGED dat=package: flg=0x45000010 pkg=com.google.android.gms cmp=com.google.android.gms/.chimera.PersistentIntentOperationService (has extras) } [CONTEXT service_id=17 ]
10-23 14:55:32.828  1093  1117 W SettingsPrefController: Skipping updateNonIndexableKeys, key already in list. com.android.settings.gestures.OneHandedEnablePreferenceController@33c7f93
10-23 14:55:32.844  1468  3697 I Icing   : Usage reports ok 0, Failed Usage reports 0, indexed 0, rejected 0
10-23 14:55:32.848  1348  4860 I Fitness : FitCleanupIntentOperation received Intent android.intent.action.PACKAGE_CHANGED [CONTEXT service_id=17 ]
10-23 14:55:32.850  1093  1117 D PrefCtrlListHelper: Could not find Context-only controller for pref: com.android.settings.language.LanguageAndInputPreferenceController
10-23 14:55:32.850  1093  1117 D PrefCtrlListHelper: Could not find Context-only controller for pref: com.android.settings.gestures.SystemNavigationPreferenceController
10-23 14:55:32.850  1093  1117 D PrefCtrlListHelper: Could not find Context-only controller for pref: com.android.settings.language.LanguagePreferenceController
10-23 14:55:32.850  1093  1117 D PrefCtrlListHelper: Could not find Context-only controller for pref: com.android.settings.inputmethod.KeyboardPreferenceController
10-23 14:55:32.850  1093  1117 D PrefCtrlListHelper: Could not find Context-only controller for pref: com.android.settings.inputmethod.TrackpadSettingsController
10-23 14:55:32.850  1093  1117 D PrefCtrlListHelper: Could not find Context-only controller for pref: com.android.settings.datetime.DateTimePreferenceController
10-23 14:55:32.850  1093  1117 D PrefCtrlListHelper: Could not find Context-only controller for pref: com.google.android.settings.aware.AwareSettingsPreferenceController
10-23 14:55:32.851  1093  1117 D PrefCtrlListHelper: Could not find Context-only controller for pref: com.android.settings.system.ResetPreferenceController
10-23 14:55:32.851  4648  4973 I FA      : App measurement disabled by setAnalyticsCollectionEnabled(false)
10-23 14:55:32.856  1468  3697 W Icing   : No valid account for uploading user actions
10-23 14:55:32.860  4648  4973 I FA      : App measurement initialized, version: 77035
10-23 14:55:32.860  4648  4973 I FA      : To enable debug logging run: adb shell setprop log.tag.FA VERBOSE
10-23 14:55:32.860  4648  4973 I FA      : To enable faster debug mode event logging run:
10-23 14:55:32.860  4648  4973 I FA      :   adb shell setprop debug.firebase.analytics.app com.google.android.youtube
10-23 14:55:32.860  1093  1117 D AssistGesture: mAssistOnly:false, isSupported:false, isSensorAvailable:false
10-23 14:55:32.860  1093  1117 D AssistGesture: mAssistOnly:false, isSupported:false, isSensorAvailable:false
10-23 14:55:32.873  3041  3429 D CommitToConfigurationOp: real commit done, callingPackage: com.android.vending snapshot:  com.google.android.finsky.regular 83561110 1 1631435225 com.google.android.finsky.regular  0
10-23 14:55:32.874  3041  3429 D ExperimentTokensCache: Clearing ExperimentTokensCache
10-23 14:55:32.877  3041  3870 I Finsky  : [82] vxe.c(1): Regular flags synced
10-23 14:55:32.878  3041  3870 I Finsky  : [82] yzq.ai(3): Writing flags config, size 1.
10-23 14:55:32.878  3041  3870 I Finsky  : [82] yzq.ai(3): Started writing experiment flags into file [4dEVOh7DlClE42ly_19Hs7FqnnFOj9O0dm-zzWqGxeo].
10-23 14:55:32.879  3041  3870 I Finsky  : [82] yzq.ai(17): Finished writing experiment flags into file [4dEVOh7DlClE42ly_19Hs7FqnnFOj9O0dm-zzWqGxeo].
10-23 14:55:32.882  1093  1117 D AssistGesture: mAssistOnly:false, isSupported:false, isSensorAvailable:false
10-23 14:55:32.883  3041  3870 I Finsky  : [82] vwx.g(23): Successfully applied new configurations for package com.google.android.finsky.regular.
10-23 14:55:32.884  3041  3870 I Finsky  : [82] vwx.g(29): [EExp] Exporting experiments for package com.google.android.finsky.regular.
10-23 14:55:32.884  3041  3870 I Finsky  : [82] xxf.n(3): [EExp] Exporting experiments for namespace com.google.android.finsky.regular.
10-23 14:55:32.884  1093  1117 W libc    : Access denied finding property "ro.vendor.aware_available"
10-23 14:55:32.884  1093  1117 W SettingsPrefController: Skipping updateNonIndexableKeys, key already in list. com.google.android.settings.aware.AwareSettingsPreferenceController@9414ece
10-23 14:55:32.884  2993  3964 W SystemServiceRegistry: No service published for: persistent_data_block
10-23 14:55:32.885  1348  4860 I Fitness : FitCleanupIntentOperation received Intent android.intent.action.PACKAGE_CHANGED [CONTEXT service_id=17 ]
10-23 14:55:32.888  1348  4860 I Fitness : OnPackageChangedOperation got intent: Intent { act=android.intent.action.PACKAGE_CHANGED dat=package: flg=0x45000010 pkg=com.google.android.gms cmp=com.google.android.gms/.chimera.PersistentIntentOperationService (has extras) } [CONTEXT service_id=17 ]
10-23 14:55:32.886  1468  3697 I Icing   : Usage reports ok 0, Failed Usage reports 0, indexed 0, rejected 0
10-23 14:55:32.891  1093  1117 D PrefCtrlListHelper: Could not find Context-only controller for pref: com.google.android.settings.fuelgauge.adaptivecharging.AdaptiveChargingMainSwitchPreferenceController
10-23 14:55:32.891  1093  1117 D PrefCtrlListHelper: Could not find Context-only controller for pref: com.google.android.settings.fuelgauge.adaptivecharging.AdaptiveChargingFooterPreferenceController
10-23 14:55:32.891  1348  3390 W ChimeraUtils: Module com.google.android.gms.nearby_en missing resource null(0)
10-23 14:55:32.910  1348  3390 W ChimeraUtils: Module com.google.android.gms.nearby_en missing resource null(0)
10-23 14:55:32.927  1348  4014 I Fitness : FitCleanupIntentOperation received Intent android.intent.action.PACKAGE_CHANGED [CONTEXT service_id=17 ]
10-23 14:55:32.937  1348  3390 W ChimeraUtils: Module com.google.android.gms.nearby_en missing resource null(0)
10-23 14:55:32.942   413   476 D audioserver: FGS Logger Transaction failed
10-23 14:55:32.942   413   476 D audioserver: -129
10-23 14:55:32.949  1093  1117 V SettingsSearchProvider: com.android.settings.wifi.WifiSettings$4@9f24e0b tried to add an empty non-indexable key
10-23 14:55:32.950  1093  1117 D PrefCtrlListHelper: Could not find Context-only controller for pref: com.android.settings.accessibility.SelectLongPressTimeoutPreferenceController
10-23 14:55:32.950  1093  1117 D PrefCtrlListHelper: Could not find Context-only controller for pref: com.android.settings.accessibility.AccessibilityTimeoutPreferenceController
10-23 14:55:32.950  1093  1117 D PrefCtrlListHelper: Could not find Context-only controller for pref: com.android.settings.accessibility.AutoclickPreferenceController
10-23 14:55:32.951  1093  1117 D PrefCtrlListHelper: Could not find Context-only controller for pref: com.android.settings.display.AutoRotateSwitchBarController
10-23 14:55:32.951  1093  1117 D PrefCtrlListHelper: Could not find Context-only controller for pref: com.android.settings.display.AutoRotatePreferenceController
10-23 14:55:32.951  1093  1117 D PrefCtrlListHelper: Could not find Context-only controller for pref: com.android.settings.display.SmartAutoRotatePermissionController
10-23 14:55:32.952  1093  1117 D PrefCtrlListHelper: Could not find Context-only controller for pref: com.android.settings.display.SmartAutoRotateCameraStateController
10-23 14:55:32.953  1093  1117 D PrefCtrlListHelper: Could not find Context-only controller for pref: com.android.settings.display.SmartAutoRotateBatterySaverController
10-23 14:55:32.954  1093  1117 D PrefCtrlListHelper: Could not find Context-only controller for pref: com.android.settings.display.SmartAutoRotateController
10-23 14:55:32.960  1093  1117 D PrefCtrlListHelper: Could not find Context-only controller for pref: com.android.settings.network.telephony.CallsDefaultSubscriptionController
10-23 14:55:32.961  1093  1117 W PrefCtrlListHelper: Cannot instantiate controller from reflection: com.android.settings.network.telephony.CallsDefaultSubscriptionController
10-23 14:55:32.961  1093  1117 D PrefCtrlListHelper: Could not find Context-only controller for pref: com.android.settings.network.telephony.SmsDefaultSubscriptionController
10-23 14:55:32.961  1093  1117 W PrefCtrlListHelper: Cannot instantiate controller from reflection: com.android.settings.network.telephony.SmsDefaultSubscriptionController
10-23 14:55:32.961  1093  1117 D PrefCtrlListHelper: Could not find Context-only controller for pref: com.android.settings.network.telephony.NetworkProviderWifiCallingPreferenceController
10-23 14:55:32.961  1093  1117 D PrefCtrlListHelper: Could not find Context-only controller for pref: com.google.android.settings.network.ConnectivityHelperCallQualityPreferenceController
10-23 14:55:32.961  1093  1117 D ch_callQuality: isDeviceSupport: falsemIsChecked: true
10-23 14:55:32.961  1093  1117 D PrefCtrlListHelper: Could not find Context-only controller for pref: com.google.android.settings.network.ConnectivityHelperDeviceToDevicePreferenceController
10-23 14:55:32.961  1093  1117 D ch_d2d  : isDeviceSupport: falsemIsChecked: false
10-23 14:55:32.964  1093  1117 D PrefCtrlListHelper: Could not find Context-only controller for pref: com.android.settings.gestures.TapScreenGesturePreferenceController
10-23 14:55:32.964  1093  1117 D PrefCtrlListHelper: Could not find Context-only controller for pref: com.android.settings.location.LocationInjectedServicesPreferenceController
10-23 14:55:32.964  1093  1117 D PrefCtrlListHelper: Could not find Context-only controller for pref: com.android.settings.location.LocationServicesWifiScanningPreferenceController
10-23 14:55:32.965  1093  1117 D PrefCtrlListHelper: Could not find Context-only controller for pref: com.android.settings.location.LocationServicesBluetoothScanningPreferenceController
10-23 14:55:32.965  1093  1117 D PrefCtrlListHelper: Could not find Context-only controller for pref: com.android.settings.accessibility.VibrationMainSwitchPreferenceController
10-23 14:55:32.965  1093  1117 W PrefCtrlListHelper: Cannot instantiate controller from reflection: com.android.settings.accessibility.VibrationMainSwitchPreferenceController
10-23 14:55:32.965  1093  1117 D PrefCtrlListHelper: Could not find Context-only controller for pref: com.android.settings.accessibility.RingVibrationTogglePreferenceController
10-23 14:55:32.967  1348  4632 W GCM     : Unexpected forwarded intent: Intent { act=android.intent.action.PACKAGE_ADDED dat=package: flg=0x4000010 pkg=com.google.android.gms cmp=com.google.android.gms/.chimera.PersistentIntentOperationService (has extras) }
10-23 14:55:32.967  1093  1117 W PrefCtrlListHelper: Cannot instantiate controller from reflection: com.android.settings.accessibility.RingVibrationTogglePreferenceController
10-23 14:55:32.967  1093  1117 D PrefCtrlListHelper: Could not find Context-only controller for pref: com.android.settings.accessibility.VibrationRampingRingerTogglePreferenceController
10-23 14:55:32.967  1093  1117 W PrefCtrlListHelper: Cannot instantiate controller from reflection: com.android.settings.accessibility.VibrationRampingRingerTogglePreferenceController
10-23 14:55:32.967  1093  1117 D PrefCtrlListHelper: Could not find Context-only controller for pref: com.android.settings.accessibility.NotificationVibrationTogglePreferenceController
10-23 14:55:32.968  1093  1117 W PrefCtrlListHelper: Cannot instantiate controller from reflection: com.android.settings.accessibility.NotificationVibrationTogglePreferenceController
10-23 14:55:32.968  1093  1117 D PrefCtrlListHelper: Could not find Context-only controller for pref: com.android.settings.accessibility.AlarmVibrationTogglePreferenceController
10-23 14:55:32.968  1093  1117 W PrefCtrlListHelper: Cannot instantiate controller from reflection: com.android.settings.accessibility.AlarmVibrationTogglePreferenceController
10-23 14:55:32.968  1093  1117 D PrefCtrlListHelper: Could not find Context-only controller for pref: com.android.settings.accessibility.HapticFeedbackTogglePreferenceController
10-23 14:55:32.968  1093  1117 W PrefCtrlListHelper: Cannot instantiate controller from reflection: com.android.settings.accessibility.HapticFeedbackTogglePreferenceController
10-23 14:55:32.968  1093  1117 D PrefCtrlListHelper: Could not find Context-only controller for pref: com.android.settings.accessibility.MediaVibrationTogglePreferenceController
10-23 14:55:32.968  1093  1117 W PrefCtrlListHelper: Cannot instantiate controller from reflection: com.android.settings.accessibility.MediaVibrationTogglePreferenceController
10-23 14:55:32.971  1093  1117 D PrefCtrlListHelper: Could not find Context-only controller for pref: com.android.settings.deviceinfo.storage.StorageSelectionPreferenceController
10-23 14:55:32.973  1093  1117 D PrefCtrlListHelper: Could not find Context-only controller for pref: com.android.settings.deviceinfo.storage.StorageUsageProgressBarPreferenceController
10-23 14:55:32.973  1093  1117 D PrefCtrlListHelper: Could not find Context-only controller for pref: com.android.settings.deviceinfo.storage.AutomaticStorageManagementSwitchPreferenceController
10-23 14:55:32.973  1093  1117 D PrefCtrlListHelper: Could not find Context-only controller for pref: com.android.settings.deviceinfo.storage.ManageStoragePreferenceController
10-23 14:55:32.973  1093  1117 W SettingsPrefController: Skipping updateNonIndexableKeys, key already in list. com.android.settings.deviceinfo.storage.StorageSelectionPreferenceController@bd47383
10-23 14:55:32.973  1093  1117 W SettingsPrefController: Skipping updateNonIndexableKeys, key already in list. com.android.settings.deviceinfo.storage.StorageUsageProgressBarPreferenceController@ef94900
10-23 14:55:32.974  1093  1117 D PrefCtrlListHelper: Could not find Context-only controller for pref: com.android.settings.location.RecentLocationAccessSeeAllPreferenceController
10-23 14:55:32.974  1348  2698 W GCM     : Unexpected forwarded intent: Intent { act=android.intent.action.PACKAGE_ADDED dat=package: flg=0x4000010 pkg=com.google.android.gms cmp=com.google.android.gms/.chimera.PersistentIntentOperationService (has extras) }
10-23 14:55:32.974  1348  4860 I FontLog : Package com.example.lunchtray.test has no metadata [CONTEXT service_id=132 ]
10-23 14:55:32.977  1468  4969 I Auth    : [SupervisedAccountIntentOperation] onHandleIntent(): android.intent.action.PACKAGE_ADDED
10-23 14:55:32.977  1468  4969 I Auth    : [SupervisedAccountIntentOperation] This operation is disabled
10-23 14:55:32.979  1093  1117 D SlotSimStatus: Number of active SIM: 1
10-23 14:55:32.980  1093  1117 W BaseSearchIndex: Error initial controller
10-23 14:55:32.980  1093  1117 D PrefCtrlListHelper: Could not find Context-only controller for pref: com.android.settings.deviceinfo.DeviceNamePreferenceController
10-23 14:55:32.982  1093  1117 D PrefCtrlListHelper: Could not find Context-only controller for pref: com.android.settings.deviceinfo.BrandedAccountPreferenceController
10-23 14:55:32.984  1093  1117 D PrefCtrlListHelper: Could not find Context-only controller for pref: com.android.settings.deviceinfo.PhoneNumberPreferenceController
10-23 14:55:32.984  1093  1117 D PrefCtrlListHelper: Could not find Context-only controller for pref: com.google.android.settings.warranty.WarrantyPreferenceController
10-23 14:55:32.984  1093  1117 D PrefCtrlListHelper: Could not find Context-only controller for pref: com.android.settings.deviceinfo.simstatus.SimStatusPreferenceController
10-23 14:55:32.984  1093  1117 D PrefCtrlListHelper: Could not find Context-only controller for pref: com.android.settings.deviceinfo.HardwareInfoPreferenceController
10-23 14:55:32.984  1093  1117 D PrefCtrlListHelper: Could not find Context-only controller for pref: com.android.settings.deviceinfo.imei.ImeiInfoPreferenceController
10-23 14:55:32.984  1093  1117 D PrefCtrlListHelper: Could not find Context-only controller for pref: com.android.settings.deviceinfo.firmwareversion.FirmwareVersionPreferenceController
10-23 14:55:32.984  1093  1117 D PrefCtrlListHelper: Could not find Context-only controller for pref: com.android.settings.deviceinfo.BuildNumberPreferenceController
10-23 14:55:32.986  1468  4969 I BlockstoreStorage: Clearing Blockstore Data for package com.example.lunchtray.test [CONTEXT service_id=258 ]
10-23 14:55:32.988   871  1051 E RoleControllerServiceImpl: Default/fallback role holder package doesn't qualify for the role, package: com.google.android.gms.supervision, role: android.app.role.SYSTEM_SUPERVISION
10-23 14:55:32.988  1348  3951 I NetworkScheduler.Stats: Task com.google.android.gms/com.google.android.gms.languageprofile.GcmTaskService started execution. cause:5 exec_start_elapsed_seconds: 73 [CONTEXT service_id=218 ]
10-23 14:55:32.989  1093  1117 V SettingsSearchProvider: com.android.settings.development.snooplogger.SnoopLoggerFiltersDashboard$1@74a6271 tried to add an empty non-indexable key
10-23 14:55:32.989  1093  1117 D PrefCtrlListHelper: Could not find Context-only controller for pref: com.android.settings.notification.SpatialAudioPreferenceController
10-23 14:55:32.989  1093  1117 D PrefCtrlListHelper: Could not find Context-only controller for pref: com.android.settings.notification.SpatialAudioWiredHeadphonesController
10-23 14:55:32.990  1468  1468 D BoundBrokerSvc: onBind: Intent { act=com.google.android.gms.common.BIND_SHARED_PREFS pkg=com.google.android.gms }
10-23 14:55:32.990  1468  1468 D BoundBrokerSvc: Loading bound service for intent: Intent { act=com.google.android.gms.common.BIND_SHARED_PREFS pkg=com.google.android.gms }
10-23 14:55:32.991  1468  4969 I BlockstoreStorage: Keyless data not found or its IsLastInstallationData = false. [CONTEXT service_id=258 ]
10-23 14:55:32.991  1093  1117 D PrefCtrlListHelper: Could not find Context-only controller for pref: com.android.settings.display.AutoBrightnessPreferenceController
10-23 14:55:32.992  1093  1117 D PrefCtrlListHelper: Could not find Context-only controller for pref: com.android.settings.security.screenlock.LockScreenPreferenceController
10-23 14:55:32.992  1093  1117 D PrefCtrlListHelper: Could not find Context-only controller for pref: com.android.settings.display.ScreenTimeoutPreferenceController
10-23 14:55:32.992  1093  1117 D PrefCtrlListHelper: Could not find Context-only controller for pref: com.android.settings.display.DarkUIPreferenceController
10-23 14:55:32.993  1093  1117 D PrefCtrlListHelper: Could not find Context-only controller for pref: com.android.settings.display.ScreenSaverPreferenceController
10-23 14:55:32.993  1093  1117 D PrefCtrlListHelper: Could not find Context-only controller for pref: com.android.settings.accessibility.TextReadingFragmentForDisplaySettingsController
10-23 14:55:32.993  1093  1117 D PrefCtrlListHelper: Could not find Context-only controller for pref: com.android.settings.gestures.SystemNavigationPreferenceController
10-23 14:55:32.993  1093  1117 D PrefCtrlListHelper: Could not find Context-only controller for pref: com.android.settings.display.DisplayWhiteBalancePreferenceController
10-23 14:55:32.993  1093  1117 D PrefCtrlListHelper: Could not find Context-only controller for pref: com.android.settings.display.NightDisplayPreferenceController
10-23 14:55:32.995  1093  1117 D PrefCtrlListHelper: Could not find Context-only controller for pref: com.android.settings.display.ColorModePreferenceController
10-23 14:55:32.995  1093  1117 D PrefCtrlListHelper: Could not find Context-only controller for pref: com.android.settings.display.SmartAutoRotatePreferenceController
10-23 14:55:32.995  1093  1117 D PrefCtrlListHelper: Could not find Context-only controller for pref: com.android.settings.display.DeviceStateAutoRotateOverviewController
10-23 14:55:32.995  1093  1117 D PrefCtrlListHelper: Could not find Context-only controller for pref: com.android.settings.display.ScreenResolutionController
10-23 14:55:32.995  1093  1117 E ScreenResolutionController: No support
10-23 14:55:32.995  1093  1117 D PrefCtrlListHelper: Could not find Context-only controller for pref: com.android.settings.display.PeakRefreshRatePreferenceController
10-23 14:55:32.997  1093  1117 D RefreshRatePrefCtr: DEFAULT_REFRESH_RATE : 60.0 mPeakRefreshRate : 60.0
10-23 14:55:32.998   871  1051 I Role    : com.google.android.gms not qualified for android.app.role.SYSTEM_CALL_STREAMING due to missing RequiredComponent{mIntentFilterData=IntentFilterData{mAction='android.telecom.CallStreamingService', mCategories='[]', mDataScheme='null', mDataType='null'}, mMinTargetSdkVersion=1, mFlags='0', mPermission='android.permission.BIND_CALL_STREAMING_SERVICE', mQueryFlags=0, mMetaData=[]}
10-23 14:55:32.998  1093  1117 D PrefCtrlListHelper: Could not find Context-only controller for pref: com.google.android.settings.touch.TouchSensitivityPreferenceController
10-23 14:55:32.998   871  1051 E RoleControllerServiceImpl: Default/fallback role holder package doesn't qualify for the role, package: com.google.android.gms, role: android.app.role.SYSTEM_CALL_STREAMING
10-23 14:55:32.999  1468  1468 D BoundBrokerSvc: onUnbind: Intent { act=com.google.android.gms.common.BIND_SHARED_PREFS pkg=com.google.android.gms }
10-23 14:55:32.999   871  1051 W Role    : Default holder doesn't have required signing certificate: com.google.android.apps.work.clouddpc:23962F4B43B9857638EA66F4D419518EAE282491ACDA4B94707BD59003C45E58
10-23 14:55:33.009  1093  1117 D PrefCtrlListHelper: Could not find Context-only controller for pref: com.android.settings.applications.specialaccess.deviceadmin.DeviceAdminListPreferenceController
10-23 14:55:33.010  1093  1117 D PrefCtrlListHelper: Could not find Context-only controller for pref: com.android.settings.notification.BubbleNotificationIllustrationPreferenceController
10-23 14:55:33.010  1093  1117 D PrefCtrlListHelper: Could not find Context-only controller for pref: com.android.settings.notification.BubbleNotificationPreferenceController
10-23 14:55:33.010  1093  1117 D PrefCtrlListHelper: Could not find Context-only controller for pref: com.android.settings.accessibility.CaptioningLocalePreferenceController
10-23 14:55:33.010  1093  1117 D PrefCtrlListHelper: Could not find Context-only controller for pref: com.android.settings.accessibility.CaptioningFooterPreferenceController
10-23 14:55:33.015  1468  4969 I Dck     : doesDeviceHaveSupportedWirelessCapabilities: wccSysProp:0, wccMendel:1, deviceWccOverride:false [CONTEXT service_id=289 ]
10-23 14:55:33.015  1468  4969 I Dck     : isDckModuleEligible: isAtLeastR:true, hasWccSupport:false, downloadAllowed:false [CONTEXT service_id=289 ]
10-23 14:55:33.015  1468  4969 W Dck     : Dck module not eligible for asynchronous downloading [CONTEXT service_id=289 ]
10-23 14:55:33.019  3911  4165 I TestRunner: finished: navigate_to_checkout_from_accompaniment_menu(com.example.lunchtray.NavigationTests)
