10-23 14:55:46.392  1348  3162 I NetworkScheduler.Stats: Task com.google.android.gms/com.google.android.gms.gcm.gmsproc.GcmInGmsTaskService finished executing. cause:5 result: 1 elapsed_millis: 1914 uptime_millis: 1914 exec_start_elapsed_seconds: 84 [CONTEXT service_id=218 ]
10-23 14:55:46.404  5543  5543 V GraphicsEnvironment: Currently set values for:
10-23 14:55:46.404  5543  5543 V GraphicsEnvironment:   angle_gl_driver_selection_pkgs=[]
10-23 14:55:46.404  5543  5543 V GraphicsEnvironment:   angle_gl_driver_selection_values=[]
10-23 14:55:46.405  5543  5543 V GraphicsEnvironment: ANGLE GameManagerService for com.android.vending: false
10-23 14:55:46.405  5543  5543 V GraphicsEnvironment: com.android.vending is not listed in per-application setting
10-23 14:55:46.405  5543  5543 V GraphicsEnvironment: Neither updatable production driver nor prerelease driver is supported.
10-23 14:55:46.415   870   947 D EGL_emulation: app_time_stats: avg=125.54ms min=7.11ms max=464.49ms count=10
10-23 14:55:46.417  5543  5543 I Finsky:quick_launch: [2] jqe.i(6): Process created at version: 35.6.11-21 [0] [PR] 528895992
10-23 14:55:46.425  1348  3945 I GCoreUlr: DispatchingService ignoring Intent { act=android.net.wifi.WIFI_STATE_CHANGED flg=0x44000010 (has extras) } because ULR inactive
10-23 14:55:46.426   870   947 D EGL_emulation: app_time_stats: avg=36.54ms min=0.73ms max=153.87ms count=20
10-23 14:55:46.458  5543  5543 I Finsky:quick_launch: [2] yzq.aa(19): Finished reading experiment flags from file [0tGUNCGIkbk4o6-fQ335kUYSKwVj4lusnHT-A5Dsy08].
10-23 14:55:46.486  1348  3162 W NetworkScheduler: The extras of the task (com.google.android.gms.ocr.service.ModelCleanUpTaskService:type_[4]) are not valid to be persisted so that the task is not persisted [CONTEXT service_id=218 ]
10-23 14:55:46.486  1348  3162 W NetworkScheduler: java.lang.IllegalArgumentException: Only the following extra parameter types are supported: Integer, Long, Double, String, Boolean, and nested Bundles with the same restrictions.
10-23 14:55:46.486  1348  3162 W NetworkScheduler: 	at awaz.e(:com.google.android.gms@231818047@23.18.18 (190800-535401451):10)
10-23 14:55:46.486  1348  3162 W NetworkScheduler: 	at byui.f(:com.google.android.gms@231818047@23.18.18 (190800-535401451):44)
10-23 14:55:46.486  1348  3162 W NetworkScheduler: 	at bytb.n(:com.google.android.gms@231818047@23.18.18 (190800-535401451):3)
10-23 14:55:46.486  1348  3162 W NetworkScheduler: 	at bytb.u(:com.google.android.gms@231818047@23.18.18 (190800-535401451):20)
10-23 14:55:46.486  1348  3162 W NetworkScheduler: 	at bytb.h(:com.google.android.gms@231818047@23.18.18 (190800-535401451):3)
10-23 14:55:46.486  1348  3162 W NetworkScheduler: 	at byot.run(:com.google.android.gms@231818047@23.18.18 (190800-535401451):9)
10-23 14:55:46.486  1348  3162 W NetworkScheduler: 	at aced.c(:com.google.android.gms@231818047@23.18.18 (190800-535401451):6)
10-23 14:55:46.486  1348  3162 W NetworkScheduler: 	at aced.run(:com.google.android.gms@231818047@23.18.18 (190800-535401451):8)
10-23 14:55:46.486  1348  3162 W NetworkScheduler: 	at java.util.concurrent.ThreadPoolExecutor.runWorker(ThreadPoolExecutor.java:1145)
10-23 14:55:46.486  1348  3162 W NetworkScheduler: 	at java.util.concurrent.ThreadPoolExecutor$Worker.run(ThreadPoolExecutor.java:644)
10-23 14:55:46.486  1348  3162 W NetworkScheduler: 	at acjn.run(:com.google.android.gms@231818047@23.18.18 (190800-535401451):0)
10-23 14:55:46.486  1348  3162 W NetworkScheduler: 	at java.lang.Thread.run(Thread.java:1012)
10-23 14:55:46.489  5543  5543 I Finsky:quick_launch: [2] yzq.aa(19): Finished reading experiment flags from file [Se-xCc4LzNyh3UrKMIU2sUf-PUKz4oQEbpKZDMuaFno].
10-23 14:55:46.497  5543  5543 I Finsky:quick_launch: [2] rja.onCreate(2): IPC-SERVER: Starting gRPC host service...
10-23 14:55:46.507  5543  5543 I Finsky:quick_launch: [2] jaq.h(32): This process start was not selected for Play memory metrics collection.
10-23 14:55:46.532  2993  3021 W ziparchive: Unable to open '/data/user/0/com.google.android.gms/app_dg_cache/E6A12851B70E16B828AF4D83C5605D22C16FD9A1/the.dm': No such file or directory
10-23 14:55:46.542  1671  1692 I FuseDaemon: Background young concurrent copying GC freed 36211(1888KB) AllocSpace objects, 33(660KB) LOS objects, 23% free, 4093KB/5321KB, paused 4.399ms,8us total 121.820ms
10-23 14:55:46.544  4000  4009 I ding:background: Background concurrent copying GC freed 73291(3623KB) AllocSpace objects, 8(288KB) LOS objects, 49% free, 3898KB/7796KB, paused 200us,10us total 314.725ms
10-23 14:55:46.547  1348  1348 I GCoreUlr: Unbound from all signal providers.
10-23 14:55:46.547  1348  1348 I GCoreUlr: Stopping handler for UlrDispSvcFast
10-23 14:55:46.573  3911  3911 I ViewInteraction: Checking 'MatchesViewAssertion{viewMatcher=an instance of android.widget.TextView and view.getText() with or without transformation to match: a string containing "Subtotal: $4.00"}' assertion on view view.getId() is <2131231217/com.example.lunchtray:id/subtotal>
10-23 14:55:46.577  3911  3911 I ViewInteraction: Performing 'single click' action on view view.getId() is <2131231106/com.example.lunchtray:id/pasta>
10-23 14:55:46.578  5543  5572 I Finsky:quick_launch: [48] lms.g(2): Subscription detail: DataSubscriptionInfo{groupIdLevel1=null, serviceProviderName=[Zr1R7g28S8p7iucp_gnNJJtsRl-pgO3Y6eIkCh24Iy0], simCarrierId=1}
10-23 14:55:46.585  5543  5543 I Finsky:quick_launch: [2] lmr.onSubscriptionsChanged(1): onSubscriptionsChanged
10-23 14:55:46.600  5543  5572 E PlayCommon: [48] alsm.<init>(10): Failed to restore PlayMetalog
10-23 14:55:46.600  5543  5572 E PlayCommon: [48] alsm.<init>(14): Failed to restore LogsUploadAttempt
10-23 14:55:46.604  5543  5572 D CompatibilityChangeReporter: Compat change id reported: 183155436; UID 10121; state: ENABLED
10-23 14:55:46.618  2993  3021 D nativeloader: Configuring clns-12 for other apk . target_sdk_version=33, uses_libraries=ALL, library_path=, permitted_path=/data:/mnt/expand
10-23 14:55:46.634  2993  4193 W id.gms.unstable: Accessing hidden method Ljava/util/Random;->internalNextDouble(DD)D (max-target-o, linking, denied)
10-23 14:55:46.634  2993  4193 W id.gms.unstable: Accessing hidden method Ljava/util/Random;->internalNextDouble(DD)D (max-target-o, linking, denied)
10-23 14:55:46.640  5543  5575 I Finsky:quick_launch: [51] lac.onCreate(1): [Counters Flush] Counters SQLite Database created
10-23 14:55:46.645  2993  4193 W id.gms.unstable: Accessing hidden method Ljava/util/Random;->internalNextInt(II)I (max-target-o, linking, denied)
10-23 14:55:46.645  2993  4193 W id.gms.unstable: Accessing hidden method Ljava/util/Random;->internalNextInt(II)I (max-target-o, linking, denied)
10-23 14:55:46.646  2993  4193 W id.gms.unstable: Accessing hidden method Ljava/util/Random;->internalNextLong(JJ)J (max-target-o, linking, denied)
10-23 14:55:46.646  2993  4193 W id.gms.unstable: Accessing hidden method Ljava/util/Random;->internalNextLong(JJ)J (max-target-o, linking, denied)
10-23 14:55:46.657   456   923 D mediaserver: Time zone APEX ICU file found: /apex/com.android.tzdata/etc/icu/icu_tzdata.dat
10-23 14:55:46.657   456   923 D mediaserver: I18n APEX ICU file found: /apex/com.android.i18n/etc/icu/icudt72l.dat
10-23 14:55:46.669   413   811 D audioserver: FGS Logger Transaction failed
10-23 14:55:46.669   413   811 D audioserver: -129
10-23 14:55:46.685  1348  4570 I Nearby  : [MBleClient] Start ble scanning from NearbyDirect:BluetoothAdapterWrapper, context tag = nearby_messages [CONTEXT service_id=49 ]
10-23 14:55:46.688  1348  4570 D BluetoothAdapter: isLeEnabled(): ON
10-23 14:55:46.706   413   476 D AudioFlinger: mixer(0x71c593623930) throttle end: throttle time(2)
10-23 14:55:46.721  1348  3946 I NetworkScheduler.Stats: Task com.google.android.gms/com.google.android.gms.pay.gcmtask.PayGcmTaskService started execution. cause:5 exec_start_elapsed_seconds: 87 [CONTEXT service_id=218 ]
10-23 14:55:46.721  1058  1722 D ActivityAttributionService: notifyActivityAttributionInfo UID=1002 packageName=com.google.android.bluetooth deviceAddress=no_active_device_address
10-23 14:55:46.721  1058  1722 I bt_btif : packages/modules/Bluetooth/system/btif/src/bluetooth.cc:829 get_profile_interface: get_profile_interface: id = activity_attribution
10-23 14:55:46.721  1058  1409 I bt_stack: [INFO:le_scanning_manager.cc(168)] Scan in shim layer stopped
10-23 14:55:46.721  1058  1239 I bluetooth: packages/modules/Bluetooth/system/gd/hci/le_address_manager.cc:193 unregister_client: Client unregistered
10-23 14:55:46.722  1058  1239 I bluetooth: packages/modules/Bluetooth/system/gd/hci/le_address_manager.cc:197 unregister_client: Cancelled address rotation alarm
10-23 14:55:46.727  1058  1722 I bt_stack: [INFO:le_scanning_manager.cc(162)] Unregister in shim layer, scanner_id:2
10-23 14:55:46.741  1348  4570 I Nearby  : [MBleClient] M hardware scan: 1 clients, scanMode= OPPORTUNISTIC, filters size = 5 [CONTEXT service_id=49 ]
10-23 14:55:46.742  1348  4570 D BluetoothAdapter: isLeEnabled(): ON
10-23 14:55:46.749   524  2040 I RemoteProvisionSysSvc: getRegistration(android.hardware.security.keymint.IRemotelyProvisionedComponent/default)
10-23 14:55:46.751  3741  3776 I t_app_installer: Background concurrent copying GC freed 13271(852KB) AllocSpace objects, 4(144KB) LOS objects, 49% free, 2225KB/4451KB, paused 48us,8us total 187.178ms
10-23 14:55:46.758   524   524 I RegistrationProxy: onServiceConnected: com.android.rkpdapp.service.RemoteProvisioningService
10-23 14:55:46.761   524  2040 I RegistrationProxy: IGetRegistrationCallback.onError:RKP is disabled. System configured with no default URL.
10-23 14:55:46.774  1348  3162 D TrafficStats: tagSocket(-1) with statsTag=0x20000407, statsUid=-1
10-23 14:55:46.774  1348  3162 I TrafficStats: tagSocketFd(-1, 536871943, -1) failed with errno-9
10-23 14:55:46.777  1617  4951 D TrafficStats: tagSocket(5) with statsTag=0xffffffff, statsUid=-1
10-23 14:55:46.784  1058  1722 I bt_stack: [INFO:le_scanning_manager.cc(155)] RegisterScanner in shim layer
10-23 14:55:46.785  1348  3477 D BluetoothLeScanner: onScannerRegistered() - status=0 scannerId=2 mScannerId=0
10-23 14:55:46.800  1348  3162 D TrafficStats: tagSocket(250) with statsTag=0x20000407, statsUid=-1
10-23 14:55:46.824  1468  3685 I Pay     : Device does not support HCE. [CONTEXT service_id=198 ]
10-23 14:55:46.828  1058  1722 D ActivityAttributionService: notifyActivityAttributionInfo UID=1002 packageName=com.google.android.bluetooth deviceAddress=no_active_device_address
10-23 14:55:46.828  1058  1722 I bt_btif : packages/modules/Bluetooth/system/btif/src/bluetooth.cc:829 get_profile_interface: get_profile_interface: id = activity_attribution
10-23 14:55:46.835  3041  3665 E PlayCommon: [53] alsm.<init>(10): Failed to restore PlayMetalog
10-23 14:55:46.835  3041  3665 E PlayCommon: [53] alsm.<init>(14): Failed to restore LogsUploadAttempt
10-23 14:55:46.842  5543  5583 I Finsky:quick_launch: [56] kji.accept(34): [Counters Flush] Successfully generated counter events
10-23 14:55:46.851  3041  3429 I Finsky  : [44] yse.r(4): SCH: jobFinished: 10-12. TimeElapsed: 1797ms.
10-23 14:55:46.852   413   476 D audioserver: FGS Logger Transaction failed
10-23 14:55:46.852   413   476 D audioserver: -129
10-23 14:55:46.875  3041  3041 I Finsky  : [2] yrd.accept(66): SCH: Job 10-14 starting
10-23 14:55:46.876  3041  3041 I Finsky  : [2] InstantAppsEnabledStatusSyncHygieneJob.a(3): Instant App status sync triggered from migrated hygiene.
10-23 14:55:46.884  3041  3665 I Finsky  : [53] okj.call(7): Enqueue status sync job.
10-23 14:55:46.906  1348  5431 E GmsConnectionFactory: UID for network attribution might be misset for tag 536871943 [CONTEXT service_id=39 ]
10-23 14:55:46.906  1348  5431 E GmsConnectionFactory: dhwp: FULL
10-23 14:55:46.906  1348  5431 E GmsConnectionFactory: 	at d.N(:com.google.android.gms@231818047@23.18.18 (190800-535401451):0)
10-23 14:55:46.906  1348  5431 E GmsConnectionFactory: 	at aobf.a(:com.google.android.gms@231818047@23.18.18 (190800-535401451):14)
10-23 14:55:46.906  1348  5431 E GmsConnectionFactory: 	at aqzt.c(:com.google.android.gms@231818047@23.18.18 (190800-535401451):8)
10-23 14:55:46.906  1348  5431 E GmsConnectionFactory: 	at aqzk.d(:com.google.android.gms@231818047@23.18.18 (190800-535401451):1)
10-23 14:55:46.906  1348  5431 E GmsConnectionFactory: 	at aqzp.a(:com.google.android.gms@231818047@23.18.18 (190800-535401451):0)
10-23 14:55:46.906  1348  5431 E GmsConnectionFactory: 	at aqzk.b(:com.google.android.gms@231818047@23.18.18 (190800-535401451):5)
10-23 14:55:46.906  1348  5431 E GmsConnectionFactory: 	at aqzk.execute(:com.google.android.gms@231818047@23.18.18 (190800-535401451):8)
10-23 14:55:46.906  1348  5431 E GmsConnectionFactory: 	at aqzk.execute(:com.google.android.gms@231818047@23.18.18 (190800-535401451):7)
10-23 14:55:46.906  1348  5431 E GmsConnectionFactory: 	at apiy.h(:com.google.android.gms@231818047@23.18.18 (190800-535401451):51)
10-23 14:55:46.906  1348  5431 E GmsConnectionFactory: 	at apit.run(:com.google.android.gms@231818047@23.18.18 (190800-535401451):3)
10-23 14:55:46.906  1348  5431 E GmsConnectionFactory: 	at aced.c(:com.google.android.gms@231818047@23.18.18 (190800-535401451):6)
10-23 14:55:46.906  1348  5431 E GmsConnectionFactory: 	at aced.run(:com.google.android.gms@231818047@23.18.18 (190800-535401451):7)
10-23 14:55:46.906  1348  5431 E GmsConnectionFactory: 	at java.util.concurrent.ThreadPoolExecutor.runWorker(ThreadPoolExecutor.java:1145)
10-23 14:55:46.906  1348  5431 E GmsConnectionFactory: 	at java.util.concurrent.ThreadPoolExecutor$Worker.run(ThreadPoolExecutor.java:644)
10-23 14:55:46.906  1348  5431 E GmsConnectionFactory: 	at acjn.run(:com.google.android.gms@231818047@23.18.18 (190800-535401451):0)
10-23 14:55:46.906  1348  5431 E GmsConnectionFactory: 	at java.lang.Thread.run(Thread.java:1012)
10-23 14:55:46.917  1348  3945 I NetworkScheduler.Stats: Task com.google.android.gms/com.google.android.gms.pay.gcmtask.PayGcmTaskService finished executing. cause:5 result: 2 elapsed_millis: 194 uptime_millis: 194 exec_start_elapsed_seconds: 87 [CONTEXT service_id=218 ]
10-23 14:55:46.921  2993  5385 W SystemServiceRegistry: No service published for: persistent_data_block
10-23 14:55:46.923  3041  3665 I Finsky  : [53] yse.r(4): SCH: jobFinished: 10-14. TimeElapsed: 48ms.
10-23 14:55:46.952  3041  3041 I Finsky  : [2] yrd.accept(66): SCH: Job 10-15 starting
10-23 14:55:46.983  1093  1117 D SlicesDatabaseHelper: Created databases
10-23 14:55:47.012  1093  1117 D SlicesDatabaseHelper: Created databases
10-23 14:55:47.034  3741  5589 W t_app_installer: Accessing hidden field Ljava/util/Collections$SynchronizedCollection;->mutex:Ljava/lang/Object; (max-target-o, reflection, denied)
10-23 14:55:47.034  3741  5589 W t_app_installer: Accessing hidden method Ljava/util/Collections$SynchronizedSet;-><init>(Ljava/util/Set;Ljava/lang/Object;)V (max-target-o, reflection, denied)
10-23 14:55:47.035  3741  5589 W t_app_installer: Accessing hidden method Ljava/util/Collections$SynchronizedCollection;-><init>(Ljava/util/Collection;Ljava/lang/Object;)V (max-target-o, reflection, denied)
10-23 14:55:47.065  3041  3429 I Finsky  : [44] yse.r(4): SCH: jobFinished: 10-15. TimeElapsed: 112ms.
10-23 14:55:47.075  3741  5592 I Finsky:instant_app_inst: [63] EnabledStatusSyncService.d(1): Running status sync job.
10-23 14:55:47.128  3041  3041 I Finsky  : [2] yrd.accept(66): SCH: Job 10-18 starting
10-23 14:55:47.137  3041  3686 I Finsky  : [59] yse.r(4): SCH: jobFinished: 10-18. TimeElapsed: 9ms.
10-23 14:55:47.159  1348  1360 I .gms.persistent: Background young concurrent copying GC freed 153632(8655KB) AllocSpace objects, 11(388KB) LOS objects, 27% free, 21MB/29MB, paused 25us,19us total 216.158ms
10-23 14:55:47.161  1348  3946 I NetworkScheduler.Stats: Task com.google.android.gms/com.google.android.gms.pay.gcmtask.PayGcmTaskService started execution. cause:5 exec_start_elapsed_seconds: 87 [CONTEXT service_id=218 ]
10-23 14:55:47.166  3041  3041 I Finsky  : [2] yrd.accept(66): SCH: Job 10-20 starting
10-23 14:55:47.170  1093  1117 W SliceData: Highlight menu key res is empty: com.android.settings.deviceinfo.hardwareinfo.DeviceModelPreferenceController
10-23 14:55:47.182  1093  1117 E HardwareInfoFeatureProviderImpl: Could not parse manufactured year from serial.
10-23 14:55:47.182  1093  1117 E HardwareInfoFeatureProviderImpl: java.lang.NumberFormatException: For input string: "E"
10-23 14:55:47.182  1093  1117 E HardwareInfoFeatureProviderImpl: 	at java.lang.Integer.parseInt(Integer.java:797)
10-23 14:55:47.182  1093  1117 E HardwareInfoFeatureProviderImpl: 	at java.lang.Integer.valueOf(Integer.java:1128)
10-23 14:55:47.182  1093  1117 E HardwareInfoFeatureProviderImpl: 	at com.google.android.settings.deviceinfo.hardwareinfo.HardwareInfoFeatureProviderGoogleImpl.getManufacturedYear(HardwareInfoFeatureProviderGoogleImpl.kt:22)
10-23 14:55:47.182  1093  1117 E HardwareInfoFeatureProviderImpl: 	at com.android.settings.deviceinfo.hardwareinfo.ManufacturedYearPreferenceController.<init>(ManufacturedYearPreferenceController.kt:26)
10-23 14:55:47.182  1093  1117 E HardwareInfoFeatureProviderImpl: 	at java.lang.reflect.Constructor.newInstance0(Native Method)
10-23 14:55:47.182  1093  1117 E HardwareInfoFeatureProviderImpl: 	at java.lang.reflect.Constructor.newInstance(Constructor.java:343)
10-23 14:55:47.182  1093  1117 E HardwareInfoFeatureProviderImpl: 	at com.android.settings.core.BasePreferenceController.createInstance(BasePreferenceController.java:143)
10-23 14:55:47.182  1093  1117 E HardwareInfoFeatureProviderImpl: 	at com.android.settings.slices.SliceBuilderUtils.getPreferenceController(SliceBuilderUtils.java:354)
10-23 14:55:47.182  1093  1117 E HardwareInfoFeatureProviderImpl: 	at com.android.settings.slices.SliceDataConverter.getSliceDataFromXML(SliceDataConverter.java:204)
10-23 14:55:47.182  1093  1117 E HardwareInfoFeatureProviderImpl: 	at com.android.settings.slices.SliceDataConverter.getSliceDataFromProvider(SliceDataConverter.java:149)
10-23 14:55:47.182  1093  1117 E HardwareInfoFeatureProviderImpl: 	at com.android.settings.slices.SliceDataConverter.getSliceData(SliceDataConverter.java:119)
10-23 14:55:47.182  1093  1117 E HardwareInfoFeatureProviderImpl: 	at com.android.settings.slices.SlicesIndexer.getSliceData(SlicesIndexer.java:94)
10-23 14:55:47.182  1093  1117 E HardwareInfoFeatureProviderImpl: 	at com.android.settings.slices.SlicesIndexer.indexSliceData(SlicesIndexer.java:75)
10-23 14:55:47.182  1093  1117 E HardwareInfoFeatureProviderImpl: 	at com.android.settings.slices.SlicesFeatureProviderImpl.indexSliceData(SlicesFeatureProviderImpl.java:63)
10-23 14:55:47.182  1093  1117 E HardwareInfoFeatureProviderImpl: 	at com.android.settings.slices.SlicesDatabaseAccessor.verifyIndexing(SlicesDatabaseAccessor.java:194)
10-23 14:55:47.182  1093  1117 E HardwareInfoFeatureProviderImpl: 	at com.android.settings.slices.SlicesDatabaseAccessor.getSliceUris(SlicesDatabaseAccessor.java:96)
10-23 14:55:47.182  1093  1117 E HardwareInfoFeatureProviderImpl: 	at com.android.settings.slices.SettingsSliceProvider.onGetSliceDescendants(SettingsSliceProvider.java:337)
10-23 14:55:47.182  1093  1117 E HardwareInfoFeatureProviderImpl: 	at androidx.slice.compat.SliceProviderWrapperContainer$SliceProviderWrapper.onGetSliceDescendants(SliceProviderWrapperContainer.java:166)
10-23 14:55:47.182  1093  1117 E HardwareInfoFeatureProviderImpl: 	at android.app.slice.SliceProvider.handleGetDescendants(SliceProvider.java:425)
10-23 14:55:47.182  1093  1117 E HardwareInfoFeatureProviderImpl: 	at android.app.slice.SliceProvider.call(SliceProvider.java:406)
10-23 14:55:47.182  1093  1117 E HardwareInfoFeatureProviderImpl: 	at androidx.slice.compat.SliceProviderWrapperContainer$SliceProviderWrapper.call(SliceProviderWrapperContainer.java:123)
10-23 14:55:47.182  1093  1117 E HardwareInfoFeatureProviderImpl: 	at android.content.ContentProvider.call(ContentProvider.java:2679)
10-23 14:55:47.182  1093  1117 E HardwareInfoFeatureProviderImpl: 	at android.content.ContentProvider$Transport.call(ContentProvider.java:628)
10-23 14:55:47.182  1093  1117 E HardwareInfoFeatureProviderImpl: 	at android.content.ContentProviderNative.onTransact(ContentProviderNative.java:307)
10-23 14:55:47.182  1093  1117 E HardwareInfoFeatureProviderImpl: 	at android.os.Binder.execTransactInternal(Binder.java:1339)
10-23 14:55:47.182  1093  1117 E HardwareInfoFeatureProviderImpl: 	at android.os.Binder.execTransact(Binder.java:1275)
10-23 14:55:47.189  3041  3041 I Finsky  : [2] DeferredVpaNotificationHygieneJob.a(1): Start Vpa Service for Deferred Setup Notification
10-23 14:55:47.190  3041  3041 I Finsky  : [2] VpaService.l(19): setup::PAI: Should start deferred PAI step because required PAIs not yet processed
10-23 14:55:47.198  3041  3041 I Finsky  : [2] yse.r(4): SCH: jobFinished: 10-20. TimeElapsed: 31ms.
10-23 14:55:47.208  1468  1507 W Pay     : Active account was null, notification task will be cancelled. [CONTEXT service_id=198 ]
10-23 14:55:47.208  1468  1507 E Pay     : [Migration operation] Active tapandpay account not found! [CONTEXT service_id=198 ]
10-23 14:55:47.210  3041  3041 I Finsky  : [2] VpaService.onStartCommand(2): setup::PAI: VpaService is called for vpaservice://startvpafordeferredsetupnotification (pending launches = 0)
10-23 14:55:47.210  3041  3041 I Finsky  : [2] VpaService.onStartCommand(7): Setup Notification: show VpaService notification with id=42864
10-23 14:55:47.221  3041  3053 I android.vending: Background young concurrent copying GC freed 45450(2552KB) AllocSpace objects, 10(456KB) LOS objects, 23% free, 9938KB/12MB, paused 8.457ms,54us total 55.796ms
10-23 14:55:47.246  1093  1117 E SystemServiceRegistry: No service published for: ethernet
10-23 14:55:47.246  1093  1117 E SystemServiceRegistry: android.os.ServiceManager$ServiceNotFoundException: No service published for: ethernet
10-23 14:55:47.246  1093  1117 E SystemServiceRegistry: 	at android.os.ServiceManager.getServiceOrThrow(ServiceManager.java:166)
10-23 14:55:47.246  1093  1117 E SystemServiceRegistry: 	at android.app.SystemServiceRegistry$139.createService(SystemServiceRegistry.java:1872)
10-23 14:55:47.246  1093  1117 E SystemServiceRegistry: 	at android.app.SystemServiceRegistry$CachedServiceFetcher.getService(SystemServiceRegistry.java:1971)
10-23 14:55:47.246  1093  1117 E SystemServiceRegistry: 	at android.app.SystemServiceRegistry.getSystemService(SystemServiceRegistry.java:1645)
10-23 14:55:47.246  1093  1117 E SystemServiceRegistry: 	at android.app.ContextImpl.getSystemService(ContextImpl.java:2212)
10-23 14:55:47.246  1093  1117 E SystemServiceRegistry: 	at android.content.ContextWrapper.getSystemService(ContextWrapper.java:934)
10-23 14:55:47.246  1093  1117 E SystemServiceRegistry: 	at android.content.Context.getSystemService(Context.java:4420)
10-23 14:55:47.246  1093  1117 E SystemServiceRegistry: 	at com.android.settings.network.EthernetTetherPreferenceController.<init>(EthernetTetherPreferenceController.java:48)
10-23 14:55:47.246  1093  1117 E SystemServiceRegistry: 	at java.lang.reflect.Constructor.newInstance0(Native Method)
10-23 14:55:47.246  1093  1117 E SystemServiceRegistry: 	at java.lang.reflect.Constructor.newInstance(Constructor.java:343)
10-23 14:55:47.246  1093  1117 E SystemServiceRegistry: 	at com.android.settings.core.BasePreferenceController.createInstance(BasePreferenceController.java:143)
10-23 14:55:47.246  1093  1117 E SystemServiceRegistry: 	at com.android.settings.slices.SliceBuilderUtils.getPreferenceController(SliceBuilderUtils.java:354)
10-23 14:55:47.246  1093  1117 E SystemServiceRegistry: 	at com.android.settings.slices.SliceDataConverter.getSliceDataFromXML(SliceDataConverter.java:204)
10-23 14:55:47.246  1093  1117 E SystemServiceRegistry: 	at com.android.settings.slices.SliceDataConverter.getSliceDataFromProvider(SliceDataConverter.java:149)
10-23 14:55:47.246  1093  1117 E SystemServiceRegistry: 	at com.android.settings.slices.SliceDataConverter.getSliceData(SliceDataConverter.java:119)
10-23 14:55:47.246  1093  1117 E SystemServiceRegistry: 	at com.android.settings.slices.SlicesIndexer.getSliceData(SlicesIndexer.java:94)
10-23 14:55:47.246  1093  1117 E SystemServiceRegistry: 	at com.android.settings.slices.SlicesIndexer.indexSliceData(SlicesIndexer.java:75)
10-23 14:55:47.246  1093  1117 E SystemServiceRegistry: 	at com.android.settings.slices.SlicesFeatureProviderImpl.indexSliceData(SlicesFeatureProviderImpl.java:63)
10-23 14:55:47.246  1093  1117 E SystemServiceRegistry: 	at com.android.settings.slices.SlicesDatabaseAccessor.verifyIndexing(SlicesDatabaseAccessor.java:194)
10-23 14:55:47.246  1093  1117 E SystemServiceRegistry: 	at com.android.settings.slices.SlicesDatabaseAccessor.getSliceUris(SlicesDatabaseAccessor.java:96)
10-23 14:55:47.246  1093  1117 E SystemServiceRegistry: 	at com.android.settings.slices.SettingsSliceProvider.onGetSliceDescendants(SettingsSliceProvider.java:337)
10-23 14:55:47.246  1093  1117 E SystemServiceRegistry: 	at androidx.slice.compat.SliceProviderWrapperContainer$SliceProviderWrapper.onGetSliceDescendants(SliceProviderWrapperContainer.java:166)
10-23 14:55:47.246  1093  1117 E SystemServiceRegistry: 	at android.app.slice.SliceProvider.handleGetDescendants(SliceProvider.java:425)
10-23 14:55:47.246  1093  1117 E SystemServiceRegistry: 	at android.app.slice.SliceProvider.call(SliceProvider.java:406)
10-23 14:55:47.246  1093  1117 E SystemServiceRegistry: 	at androidx.slice.compat.SliceProviderWrapperContainer$SliceProviderWrapper.call(SliceProviderWrapperContainer.java:123)
10-23 14:55:47.246  1093  1117 E SystemServiceRegistry: 	at android.content.ContentProvider.call(ContentProvider.java:2679)
10-23 14:55:47.246  1093  1117 E SystemServiceRegistry: 	at android.content.ContentProvider$Transport.call(ContentProvider.java:628)
10-23 14:55:47.246  1093  1117 E SystemServiceRegistry: 	at android.content.ContentProviderNative.onTransact(ContentProviderNative.java:307)
10-23 14:55:47.246  1093  1117 E SystemServiceRegistry: 	at android.os.Binder.execTransactInternal(Binder.java:1339)
10-23 14:55:47.246  1093  1117 E SystemServiceRegistry: 	at android.os.Binder.execTransact(Binder.java:1275)
10-23 14:55:47.256  3741  5592 I Finsky:instant_app_inst: [63] EnabledStatusSyncService.d(6): Instant App enabled status=true
10-23 14:55:47.258  3041  3041 E Finsky  : [2] zuv.L(2): Early update wasn't run
10-23 14:55:47.259  3741  5592 I Finsky:instant_app_inst: [63] sqq.e(1): GmsCore device enabled sync disabled
10-23 14:55:47.266  3741  4031 I PlayCommon: [56] alst.j(32): Preparing logs for uploading
10-23 14:55:47.282  2964  2964 I BgTaskExecutorImpl: Starting EXCLUSIVE background task UPLOAD_ASSISTANT_DEVICE_SETTINGS.
10-23 14:55:47.288  1093  1117 W LocalMediaManager: BluetoothAdapter is null or muting expected device not exist
10-23 14:55:47.302  1093  1117 D AssistGesture: mAssistOnly:false, isSupported:false, isSensorAvailable:false
10-23 14:55:47.302  1093  1117 D AssistGesture: mAssistOnly:false, isSupported:false, isSensorAvailable:false
10-23 14:55:47.311  3041  3041 I Finsky  : [2] ptj.c(1): setup::PAI: No VPA stub found - stopping service
10-23 14:55:47.315  3041  3041 I Finsky  : [2] VpaService.q(5): setup::PAI: Deferred PAI session finish, required PAI installs are processed
10-23 14:55:47.315  3041  3041 I Finsky  : [2] zwr.a(1): setup::notification: Cancel the notification for initiating PAI installs
10-23 14:55:47.320  1093  1117 I ActiveUnlockStatusUtils: authority not set
10-23 14:55:47.320  1093  1117 I ActiveUnlockStatusUtils: authority not set
10-23 14:55:47.320  1093  1117 I ActiveUnlockStatusUtils: authority not set
10-23 14:55:47.320  2964  3350 W LocationOracle: getBestLocation(): no location is available
10-23 14:55:47.322  3911  3911 I ViewInteraction: Checking 'MatchesViewAssertion{viewMatcher=an instance of android.widget.TextView and view.getText() with or without transformation to match: a string containing "Subtotal: $5.50"}' assertion on view view.getId() is <2131231217/com.example.lunchtray:id/subtotal>
10-23 14:55:47.325  1093  1117 W SliceDataConverter: Get slice data from XML failed
10-23 14:55:47.325  1093  1117 W SliceDataConverter: java.lang.IllegalStateException: Invalid preference controller: com.android.settings.applications.appinfo.ManageAppLocalePreferenceController
10-23 14:55:47.325  1093  1117 W SliceDataConverter: 	at com.android.settings.core.BasePreferenceController.createInstance(BasePreferenceController.java:146)
10-23 14:55:47.325  1093  1117 W SliceDataConverter: 	at com.android.settings.slices.SliceBuilderUtils.getPreferenceController(SliceBuilderUtils.java:354)
10-23 14:55:47.325  1093  1117 W SliceDataConverter: 	at com.android.settings.slices.SliceDataConverter.getSliceDataFromXML(SliceDataConverter.java:204)
10-23 14:55:47.325  1093  1117 W SliceDataConverter: 	at com.android.settings.slices.SliceDataConverter.getSliceDataFromProvider(SliceDataConverter.java:149)
10-23 14:55:47.325  1093  1117 W SliceDataConverter: 	at com.android.settings.slices.SliceDataConverter.getSliceData(SliceDataConverter.java:119)
10-23 14:55:47.325  1093  1117 W SliceDataConverter: 	at com.android.settings.slices.SlicesIndexer.getSliceData(SlicesIndexer.java:94)
10-23 14:55:47.325  1093  1117 W SliceDataConverter: 	at com.android.settings.slices.SlicesIndexer.indexSliceData(SlicesIndexer.java:75)
10-23 14:55:47.325  1093  1117 W SliceDataConverter: 	at com.android.settings.slices.SlicesFeatureProviderImpl.indexSliceData(SlicesFeatureProviderImpl.java:63)
10-23 14:55:47.325  1093  1117 W SliceDataConverter: 	at com.android.settings.slices.SlicesDatabaseAccessor.verifyIndexing(SlicesDatabaseAccessor.java:194)
10-23 14:55:47.325  1093  1117 W SliceDataConverter: 	at com.android.settings.slices.SlicesDatabaseAccessor.getSliceUris(SlicesDatabaseAccessor.java:96)
10-23 14:55:47.325  1093  1117 W SliceDataConverter: 	at com.android.settings.slices.SettingsSliceProvider.onGetSliceDescendants(SettingsSliceProvider.java:337)
10-23 14:55:47.325  1093  1117 W SliceDataConverter: 	at androidx.slice.compat.SliceProviderWrapperContainer$SliceProviderWrapper.onGetSliceDescendants(SliceProviderWrapperContainer.java:166)
10-23 14:55:47.325  1093  1117 W SliceDataConverter: 	at android.app.slice.SliceProvider.handleGetDescendants(SliceProvider.java:425)
10-23 14:55:47.325  1093  1117 W SliceDataConverter: 	at android.app.slice.SliceProvider.call(SliceProvider.java:406)
10-23 14:55:47.325  1093  1117 W SliceDataConverter: 	at androidx.slice.compat.SliceProviderWrapperContainer$SliceProviderWrapper.call(SliceProviderWrapperContainer.java:123)
10-23 14:55:47.325  1093  1117 W SliceDataConverter: 	at android.content.ContentProvider.call(ContentProvider.java:2679)
10-23 14:55:47.325  1093  1117 W SliceDataConverter: 	at android.content.ContentProvider$Transport.call(ContentProvider.java:628)
10-23 14:55:47.325  1093  1117 W SliceDataConverter: 	at android.content.ContentProviderNative.onTransact(ContentProviderNative.java:307)
10-23 14:55:47.325  1093  1117 W SliceDataConverter: 	at android.os.Binder.execTransactInternal(Binder.java:1339)
10-23 14:55:47.325  1093  1117 W SliceDataConverter: 	at android.os.Binder.execTransact(Binder.java:1275)
10-23 14:55:47.325  1093  1117 W SliceDataConverter: Caused by: java.lang.ClassNotFoundException: com.android.settings.applications.appinfo.ManageAppLocalePreferenceController
10-23 14:55:47.325  1093  1117 W SliceDataConverter: 	at java.lang.Class.classForName(Native Method)
10-23 14:55:47.325  1093  1117 W SliceDataConverter: 	at java.lang.Class.forName(Class.java:536)
10-23 14:55:47.325  1093  1117 W SliceDataConverter: 	at java.lang.Class.forName(Class.java:467)
10-23 14:55:47.325  1093  1117 W SliceDataConverter: 	at com.android.settings.core.BasePreferenceController.createInstance(BasePreferenceController.java:139)
10-23 14:55:47.325  1093  1117 W SliceDataConverter: 	... 19 more
10-23 14:55:47.325  1093  1117 W SliceDataConverter: Caused by: java.lang.ClassNotFoundException: com.android.settings.applications.appinfo.ManageAppLocalePreferenceController
10-23 14:55:47.325  1093  1117 W SliceDataConverter: 	... 23 more
10-23 14:55:47.326  2964  3303 I NetworkRecognitionRnr: Using pair HTTP connection
10-23 14:55:47.326  3911  3911 I ViewInteraction: Performing 'single click' action on view view.getId() is <2131231175/com.example.lunchtray:id/skillet>
10-23 14:55:47.326  1093  1117 W ElapsedTimeUtils: getElapsedTime: sSuwFinishedTimeStamp is null
10-23 14:55:47.342  2993  3021 W SystemServiceRegistry: No service published for: persistent_data_block
10-23 14:55:47.345  2964  3508 I A       : [Upload] Connected
10-23 14:55:47.352  1093  1117 W SliceDataConverter: Get slice data from XML failed
10-23 14:55:47.352  1093  1117 W SliceDataConverter: java.lang.IllegalStateException: Invalid preference controller: com.android.settings.network.telephony.CallsDefaultSubscriptionController
10-23 14:55:47.352  1093  1117 W SliceDataConverter: 	at com.android.settings.core.BasePreferenceController.createInstance(BasePreferenceController.java:146)
10-23 14:55:47.352  1093  1117 W SliceDataConverter: 	at com.android.settings.slices.SliceBuilderUtils.getPreferenceController(SliceBuilderUtils.java:354)
10-23 14:55:47.352  1093  1117 W SliceDataConverter: 	at com.android.settings.slices.SliceDataConverter.getSliceDataFromXML(SliceDataConverter.java:204)
10-23 14:55:47.352  1093  1117 W SliceDataConverter: 	at com.android.settings.slices.SliceDataConverter.getSliceDataFromProvider(SliceDataConverter.java:149)
10-23 14:55:47.352  1093  1117 W SliceDataConverter: 	at com.android.settings.slices.SliceDataConverter.getSliceData(SliceDataConverter.java:119)
10-23 14:55:47.352  1093  1117 W SliceDataConverter: 	at com.android.settings.slices.SlicesIndexer.getSliceData(SlicesIndexer.java:94)
10-23 14:55:47.352  1093  1117 W SliceDataConverter: 	at com.android.settings.slices.SlicesIndexer.indexSliceData(SlicesIndexer.java:75)
10-23 14:55:47.352  1093  1117 W SliceDataConverter: 	at com.android.settings.slices.SlicesFeatureProviderImpl.indexSliceData(SlicesFeatureProviderImpl.java:63)
10-23 14:55:47.352  1093  1117 W SliceDataConverter: 	at com.android.settings.slices.SlicesDatabaseAccessor.verifyIndexing(SlicesDatabaseAccessor.java:194)
10-23 14:55:47.352  1093  1117 W SliceDataConverter: 	at com.android.settings.slices.SlicesDatabaseAccessor.getSliceUris(SlicesDatabaseAccessor.java:96)
10-23 14:55:47.352  1093  1117 W SliceDataConverter: 	at com.android.settings.slices.SettingsSliceProvider.onGetSliceDescendants(SettingsSliceProvider.java:337)
10-23 14:55:47.352  1093  1117 W SliceDataConverter: 	at androidx.slice.compat.SliceProviderWrapperContainer$SliceProviderWrapper.onGetSliceDescendants(SliceProviderWrapperContainer.java:166)
10-23 14:55:47.352  1093  1117 W SliceDataConverter: 	at android.app.slice.SliceProvider.handleGetDescendants(SliceProvider.java:425)
10-23 14:55:47.352  1093  1117 W SliceDataConverter: 	at android.app.slice.SliceProvider.call(SliceProvider.java:406)
10-23 14:55:47.352  1093  1117 W SliceDataConverter: 	at androidx.slice.compat.SliceProviderWrapperContainer$SliceProviderWrapper.call(SliceProviderWrapperContainer.java:123)
10-23 14:55:47.352  1093  1117 W SliceDataConverter: 	at android.content.ContentProvider.call(ContentProvider.java:2679)
10-23 14:55:47.352  1093  1117 W SliceDataConverter: 	at android.content.ContentProvider$Transport.call(ContentProvider.java:628)
10-23 14:55:47.352  1093  1117 W SliceDataConverter: 	at android.content.ContentProviderNative.onTransact(ContentProviderNative.java:307)
10-23 14:55:47.352  1093  1117 W SliceDataConverter: 	at android.os.Binder.execTransactInternal(Binder.java:1339)
10-23 14:55:47.352  1093  1117 W SliceDataConverter: 	at android.os.Binder.execTransact(Binder.java:1275)
10-23 14:55:47.352  1093  1117 W SliceDataConverter: Caused by: java.lang.NoSuchMethodException: com.android.settings.network.telephony.CallsDefaultSubscriptionController.<init> [class android.content.Context, class java.lang.String]
10-23 14:55:47.352  1093  1117 W SliceDataConverter: 	at java.lang.Class.getConstructor0(Class.java:3325)
10-23 14:55:47.352  1093  1117 W SliceDataConverter: 	at java.lang.Class.getConstructor(Class.java:2485)
10-23 14:55:47.352  1093  1117 W SliceDataConverter: 	at com.android.settings.core.BasePreferenceController.createInstance(BasePreferenceController.java:141)
10-23 14:55:47.352  1093  1117 W SliceDataConverter: 	... 19 more
10-23 14:55:47.352  1093  1117 W ElapsedTimeUtils: getElapsedTime: sSuwFinishedTimeStamp is null
10-23 14:55:47.353  1093  1117 W SliceDataConverter: Get slice data from XML failed
10-23 14:55:47.353  1093  1117 W SliceDataConverter: java.lang.IllegalStateException: Invalid preference controller: com.android.settings.accessibility.VibrationMainSwitchPreferenceController
10-23 14:55:47.353  1093  1117 W SliceDataConverter: 	at com.android.settings.core.BasePreferenceController.createInstance(BasePreferenceController.java:146)
10-23 14:55:47.353  1093  1117 W SliceDataConverter: 	at com.android.settings.slices.SliceBuilderUtils.getPreferenceController(SliceBuilderUtils.java:354)
10-23 14:55:47.353  1093  1117 W SliceDataConverter: 	at com.android.settings.slices.SliceDataConverter.getSliceDataFromXML(SliceDataConverter.java:204)
10-23 14:55:47.353  1093  1117 W SliceDataConverter: 	at com.android.settings.slices.SliceDataConverter.getSliceDataFromProvider(SliceDataConverter.java:149)
10-23 14:55:47.353  1093  1117 W SliceDataConverter: 	at com.android.settings.slices.SliceDataConverter.getSliceData(SliceDataConverter.java:119)
10-23 14:55:47.353  1093  1117 W SliceDataConverter: 	at com.android.settings.slices.SlicesIndexer.getSliceData(SlicesIndexer.java:94)
10-23 14:55:47.353  1093  1117 W SliceDataConverter: 	at com.android.settings.slices.SlicesIndexer.indexSliceData(SlicesIndexer.java:75)
10-23 14:55:47.353  1093  1117 W SliceDataConverter: 	at com.android.settings.slices.SlicesFeatureProviderImpl.indexSliceData(SlicesFeatureProviderImpl.java:63)
10-23 14:55:47.353  1093  1117 W SliceDataConverter: 	at com.android.settings.slices.SlicesDatabaseAccessor.verifyIndexing(SlicesDatabaseAccessor.java:194)
10-23 14:55:47.353  1093  1117 W SliceDataConverter: 	at com.android.settings.slices.SlicesDatabaseAccessor.getSliceUris(SlicesDatabaseAccessor.java:96)
10-23 14:55:47.353  1093  1117 W SliceDataConverter: 	at com.android.settings.slices.SettingsSliceProvider.onGetSliceDescendants(SettingsSliceProvider.java:337)
10-23 14:55:47.353  1093  1117 W SliceDataConverter: 	at androidx.slice.compat.SliceProviderWrapperContainer$SliceProviderWrapper.onGetSliceDescendants(SliceProviderWrapperContainer.java:166)
10-23 14:55:47.353  1093  1117 W SliceDataConverter: 	at android.app.slice.SliceProvider.handleGetDescendants(SliceProvider.java:425)
10-23 14:55:47.353  1093  1117 W SliceDataConverter: 	at android.app.slice.SliceProvider.call(SliceProvider.java:406)
10-23 14:55:47.353  1093  1117 W SliceDataConverter: 	at androidx.slice.compat.SliceProviderWrapperContainer$SliceProviderWrapper.call(SliceProviderWrapperContainer.java:123)
10-23 14:55:47.353  1093  1117 W SliceDataConverter: 	at android.content.ContentProvider.call(ContentProvider.java:2679)
10-23 14:55:47.353  1093  1117 W SliceDataConverter: 	at android.content.ContentProvider$Transport.call(ContentProvider.java:628)
10-23 14:55:47.353  1093  1117 W SliceDataConverter: 	at android.content.ContentProviderNative.onTransact(ContentProviderNative.java:307)
10-23 14:55:47.353  1093  1117 W SliceDataConverter: 	at android.os.Binder.execTransactInternal(Binder.java:1339)
10-23 14:55:47.353  1093  1117 W SliceDataConverter: 	at android.os.Binder.execTransact(Binder.java:1275)
10-23 14:55:47.353  1093  1117 W SliceDataConverter: Caused by: java.lang.reflect.InvocationTargetException
10-23 14:55:47.353  1093  1117 W SliceDataConverter: 	at java.lang.reflect.Constructor.newInstance0(Native Method)
10-23 14:55:47.353  1093  1117 W SliceDataConverter: 	at java.lang.reflect.Constructor.newInstance(Constructor.java:343)
10-23 14:55:47.353  1093  1117 W SliceDataConverter: 	at com.android.settings.core.BasePreferenceController.createInstance(BasePreferenceController.java:143)
10-23 14:55:47.353  1093  1117 W SliceDataConverter: 	... 19 more
10-23 14:55:47.353  1093  1117 W SliceDataConverter: Caused by: java.lang.RuntimeException: Can't create handler inside thread Thread[binder:1093_1,5,main] that has not called Looper.prepare()
10-23 14:55:47.353  1093  1117 W SliceDataConverter: 	at android.os.Handler.<init>(Handler.java:227)
10-23 14:55:47.353  1093  1117 W SliceDataConverter: 	at android.os.Handler.<init>(Handler.java:194)
10-23 14:55:47.353  1093  1117 W SliceDataConverter: 	at com.android.settings.accessibility.VibrationMainSwitchPreferenceController.<init>(VibrationMainSwitchPreferenceController.java:52)
10-23 14:55:47.353  1093  1117 W SliceDataConverter: 	... 22 more
10-23 14:55:47.353  1093  1117 W ElapsedTimeUtils: getElapsedTime: sSuwFinishedTimeStamp is null
10-23 14:55:47.370  2964  3508 I NetworkRecognitionRnr: Using pair HTTP connection
10-23 14:55:47.370  2964  3350 I A       : [Upload] Connected
10-23 14:55:47.371  1093  1117 E ScreenResolutionController: No support
10-23 14:55:47.372  1093  1117 D RefreshRatePrefCtr: DEFAULT_REFRESH_RATE : 60.0 mPeakRefreshRate : 60.0
10-23 14:55:47.373  2964  2964 E A       : onError
10-23 14:55:47.373  2964  2964 E A       : com.google.android.apps.gsa.shared.speech.a.m: errorCode: 65561, engine: 2
10-23 14:55:47.373  2964  2964 E A       : 	at com.google.android.apps.gsa.staticplugins.dc.a.e.a(PG:3)
10-23 14:55:47.373  2964  2964 E A       : 	at com.google.android.apps.gsa.s3.n.hh(PG:1)
10-23 14:55:47.373  2964  2964 E A       : 	at com.google.cd.g.a.f.e(PG:2)
10-23 14:55:47.373  2964  2964 E A       : 	at com.google.android.apps.gsa.speech.k.a.g.d(PG:22)
10-23 14:55:47.373  2964  2964 E A       : 	at com.google.android.apps.gsa.speech.k.a.g.ks(PG:6)
10-23 14:55:47.373  2964  2964 E A       : 	at com.google.android.apps.gsa.s3.o.e(PG:14)
10-23 14:55:47.373  2964  2964 E A       : 	at com.google.android.apps.gsa.s3.p.run(PG:1)
10-23 14:55:47.373  2964  2964 E A       : 	at java.util.concurrent.Executors$RunnableAdapter.call(Executors.java:487)
10-23 14:55:47.373  2964  2964 E A       : 	at java.util.concurrent.FutureTask.run(FutureTask.java:264)
10-23 14:55:47.373  2964  2964 E A       : 	at com.google.android.apps.gsa.shared.util.c.a.e.run(PG:2)
10-23 14:55:47.373  2964  2964 E A       : 	at com.google.android.apps.gsa.shared.util.c.a.bi.run(PG:1)
10-23 14:55:47.373  2964  2964 E A       : 	at com.google.android.apps.gsa.shared.util.c.a.bi.run(PG:1)
10-23 14:55:47.373  2964  2964 E A       : 	at java.util.concurrent.ThreadPoolExecutor.runWorker(ThreadPoolExecutor.java:1145)
10-23 14:55:47.373  2964  2964 E A       : 	at java.util.concurrent.ThreadPoolExecutor$Worker.run(ThreadPoolExecutor.java:644)
10-23 14:55:47.373  2964  2964 E A       : 	at java.lang.Thread.run(Thread.java:1012)
10-23 14:55:47.373  2964  2964 E A       : 	at com.google.android.apps.gsa.shared.util.c.a.l.run(PG:5)
10-23 14:55:47.373  2964  2964 E A       : Caused by: com.google.android.apps.gsa.shared.speech.a.o: errorCode: 65586, engine: 2
10-23 14:55:47.373  2964  2964 E A       : 	... 15 more
10-23 14:55:47.373  2964  2964 E A       : Caused by: com.google.android.apps.gsa.shared.speech.a.k: errorCode: 401, engine: 2
10-23 14:55:47.373  2964  2964 E A       : 	at com.google.android.apps.gsa.assistant.shared.n.h.a(PG:5)
10-23 14:55:47.373  2964  2964 E A       : 	at com.google.android.apps.gsa.s3.producers.j.hE(PG:2)
10-23 14:55:47.373  2964  2964 E A       : 	at com.google.android.apps.gsa.speech.k.a.g.d(PG:16)
10-23 14:55:47.373  2964  2964 E A       : 	... 12 more
10-23 14:55:47.373  2964  2964 W A       : Failed to sync device settings.
10-23 14:55:47.373  2964  2964 I A       : Retrying to sync device settings.
10-23 14:55:47.388  2964  3265 W SearchServiceCore: Abort, client detached.
10-23 14:55:47.388  2964  3265 W SearchServiceCore: Abort, client detached.
10-23 14:55:47.393  3041  3041 I Finsky  : [2] VpaService.i(3): setup::PAI: Secure Setting of PAI_SELECTION_PAGE_COMPLETE: 1
10-23 14:55:47.395  1657  1701 I AiAiEcho: Settings changed for uri: content://settings/secure/pai_selection_page_complete
10-23 14:55:47.403  3911  4251 D EGL_emulation: app_time_stats: avg=3.16ms min=1.39ms max=12.17ms count=34
10-23 14:55:47.409  3741  4031 D CompatibilityChangeReporter: Compat change id reported: 247079863; UID 10121; state: DISABLED
10-23 14:55:47.410  3741  4031 I PlayCommon: [56] alst.j(149): Connecting to server for timestamp: https://play.googleapis.com/play/log/timestamp
10-23 14:55:47.416  1093  1117 W libc    : Access denied finding property "ro.vendor.aware_available"
10-23 14:55:47.419  1093  1117 W SliceData: Highlight menu key res is empty: com.android.settings.deviceinfo.firmwareversion.FirmwareVersionDetailPreferenceController
10-23 14:55:47.423  1093  1117 D RTTSettingsCtr: init controller
10-23 14:55:47.424  1093  1117 W libc    : Access denied finding property "ro.vendor.aware_available"
10-23 14:55:47.427  3741  4031 D TrafficStats: tagSocket(70) with statsTag=0xffffffff, statsUid=-1
10-23 14:55:47.432   413  1029 D audioserver: FGS Logger Transaction failed
10-23 14:55:47.432   413  1029 D audioserver: -129
10-23 14:55:47.433  1657  2067 I AiAiEcho: Predicting[0]:
10-23 14:55:47.433  1657  2067 I AiAiEcho: EchoTargets:
10-23 14:55:47.433  1657  2067 I AiAiEcho: Filtered by AiAi flag check:
10-23 14:55:47.445  1093  1117 W libc    : Access denied finding property "ro.vendor.aware_available"
10-23 14:55:47.446  1657  2067 I AiAiEcho: Ranked targets strategy: SORT, count: 0, ranking metadata:
10-23 14:55:47.448  1657  2067 I AiAiEcho: Predicting[0]:
10-23 14:55:47.448  1657  2067 I AiAiEcho: EchoTargets:
10-23 14:55:47.448  1657  2067 I AiAiEcho: Filtered by AiAi flag check:
10-23 14:55:47.448  1657  2067 I AiAiEcho: Ranked targets strategy: SORT, count: 0, ranking metadata:
10-23 14:55:47.458  1657  2067 I AiAiEcho: #postPredictionTargets: Sending updates to UISurface lockscreen with targets# 0 (types=[])
10-23 14:55:47.458  1093  1117 W SliceDataConverter: Get slice data from XML failed
10-23 14:55:47.458  1093  1117 W SliceDataConverter: java.lang.IllegalStateException: Invalid preference controller: com.android.settings.development.DevelopmentMemtagFooterPreferenceController
10-23 14:55:47.458  1093  1117 W SliceDataConverter: 	at com.android.settings.core.BasePreferenceController.createInstance(BasePreferenceController.java:146)
10-23 14:55:47.458  1093  1117 W SliceDataConverter: 	at com.android.settings.slices.SliceBuilderUtils.getPreferenceController(SliceBuilderUtils.java:354)
10-23 14:55:47.458  1093  1117 W SliceDataConverter: 	at com.android.settings.slices.SliceDataConverter.getSliceDataFromXML(SliceDataConverter.java:204)
10-23 14:55:47.458  1093  1117 W SliceDataConverter: 	at com.android.settings.slices.SliceDataConverter.getSliceDataFromProvider(SliceDataConverter.java:149)
10-23 14:55:47.458  1093  1117 W SliceDataConverter: 	at com.android.settings.slices.SliceDataConverter.getSliceData(SliceDataConverter.java:119)
10-23 14:55:47.458  1093  1117 W SliceDataConverter: 	at com.android.settings.slices.SlicesIndexer.getSliceData(SlicesIndexer.java:94)
10-23 14:55:47.458  1093  1117 W SliceDataConverter: 	at com.android.settings.slices.SlicesIndexer.indexSliceData(SlicesIndexer.java:75)
10-23 14:55:47.458  1093  1117 W SliceDataConverter: 	at com.android.settings.slices.SlicesFeatureProviderImpl.indexSliceData(SlicesFeatureProviderImpl.java:63)
10-23 14:55:47.458  1093  1117 W SliceDataConverter: 	at com.android.settings.slices.SlicesDatabaseAccessor.verifyIndexing(SlicesDatabaseAccessor.java:194)
10-23 14:55:47.458  1093  1117 W SliceDataConverter: 	at com.android.settings.slices.SlicesDatabaseAccessor.getSliceUris(SlicesDatabaseAccessor.java:96)
10-23 14:55:47.458  1093  1117 W SliceDataConverter: 	at com.android.settings.slices.SettingsSliceProvider.onGetSliceDescendants(SettingsSliceProvider.java:337)
10-23 14:55:47.458  1093  1117 W SliceDataConverter: 	at androidx.slice.compat.SliceProviderWrapperContainer$SliceProviderWrapper.onGetSliceDescendants(SliceProviderWrapperContainer.java:166)
10-23 14:55:47.458  1093  1117 W SliceDataConverter: 	at android.app.slice.SliceProvider.handleGetDescendants(SliceProvider.java:425)
10-23 14:55:47.458  1093  1117 W SliceDataConverter: 	at android.app.slice.SliceProvider.call(SliceProvider.java:406)
10-23 14:55:47.458  1093  1117 W SliceDataConverter: 	at androidx.slice.compat.SliceProviderWrapperContainer$SliceProviderWrapper.call(SliceProviderWrapperContainer.java:123)
10-23 14:55:47.458  1093  1117 W SliceDataConverter: 	at android.content.ContentProvider.call(ContentProvider.java:2679)
10-23 14:55:47.458  1093  1117 W SliceDataConverter: 	at android.content.ContentProvider$Transport.call(ContentProvider.java:628)
10-23 14:55:47.458  1093  1117 W SliceDataConverter: 	at android.content.ContentProviderNative.onTransact(ContentProviderNative.java:307)
10-23 14:55:47.458  1093  1117 W SliceDataConverter: 	at android.os.Binder.execTransactInternal(Binder.java:1339)
10-23 14:55:47.458  1093  1117 W SliceDataConverter: 	at android.os.Binder.execTransact(Binder.java:1275)
10-23 14:55:47.458  1093  1117 W SliceDataConverter: Caused by: java.lang.ClassNotFoundException: com.android.settings.development.DevelopmentMemtagFooterPreferenceController
10-23 14:55:47.458  1093  1117 W SliceDataConverter: 	at java.lang.Class.classForName(Native Method)
