10-23 14:55:38.214  3911  4165 I TestRunner: started: navigate_to_start_order_from_accompaniment_menu(com.example.lunchtray.NavigationTests)
10-23 14:55:38.217  5002  5074 E gs.intelligence: No package ID ff found for resource ID 0xffffffff.
10-23 14:55:38.218  5002  5074 E gs.intelligence: No package ID ff found for resource ID 0xffffffff.
10-23 14:55:38.218  5002  5074 E gs.intelligence: No package ID ff found for resource ID 0xffffffff.
10-23 14:55:38.218  5002  5074 E gs.intelligence: No package ID ff found for resource ID 0xffffffff.
10-23 14:55:38.219  5002  5074 E gs.intelligence: No package ID ff found for resource ID 0xffffffff.
10-23 14:55:38.221  5002  5074 E gs.intelligence: No package ID ff found for resource ID 0xffffffff.
10-23 14:55:38.221  5002  5074 E gs.intelligence: No package ID ff found for resource ID 0xffffffff.
10-23 14:55:38.221  5002  5074 E gs.intelligence: No package ID ff found for resource ID 0xffffffff.
10-23 14:55:38.221  5002  5074 E gs.intelligence: No package ID ff found for resource ID 0xffffffff.
10-23 14:55:38.221  5002  5074 E gs.intelligence: No package ID ff found for resource ID 0xffffffff.
10-23 14:55:38.221  5002  5074 E gs.intelligence: No package ID ff found for resource ID 0xffffffff.
10-23 14:55:38.221  5002  5074 E gs.intelligence: No package ID ff found for resource ID 0xffffffff.
10-23 14:55:38.221  5002  5074 E gs.intelligence: No package ID ff found for resource ID 0xffffffff.
10-23 14:55:38.222  5002  5074 E gs.intelligence: No package ID ff found for resource ID 0xffffffff.
10-23 14:55:38.222  5002  5074 E gs.intelligence: No package ID ff found for resource ID 0xffffffff.
10-23 14:55:38.222  5002  5074 E gs.intelligence: No package ID ff found for resource ID 0xffffffff.
10-23 14:55:38.222  5002  5074 E gs.intelligence: No package ID ff found for resource ID 0xffffffff.
10-23 14:55:38.222  5002  5074 W IndexDataConverter: Skipping index for null-key item IndexData.Builder {title: Work profile sounds,package: com.android.settings}
10-23 14:55:38.222  5002  5074 E gs.intelligence: No package ID ff found for resource ID 0xffffffff.
10-23 14:55:38.222  5002  5074 E gs.intelligence: No package ID ff found for resource ID 0xffffffff.
10-23 14:55:38.222  5002  5074 E gs.intelligence: No package ID ff found for resource ID 0xffffffff.
10-23 14:55:38.222  5002  5074 E gs.intelligence: No package ID ff found for resource ID 0xffffffff.
10-23 14:55:38.222  5002  5074 E gs.intelligence: No package ID ff found for resource ID 0xffffffff.
10-23 14:55:38.222  5002  5074 E gs.intelligence: No package ID ff found for resource ID 0xffffffff.
10-23 14:55:38.222  5002  5074 E gs.intelligence: No package ID ff found for resource ID 0xffffffff.
10-23 14:55:38.222  5002  5074 E gs.intelligence: No package ID ff found for resource ID 0xffffffff.
10-23 14:55:38.222  5002  5074 E gs.intelligence: No package ID ff found for resource ID 0xffffffff.
10-23 14:55:38.222  5002  5074 E gs.intelligence: No package ID ff found for resource ID 0xffffffff.
10-23 14:55:38.223  3911  3911 D LifecycleMonitor: Lifecycle status change: androidx.fragment.app.testing.FragmentScenario$EmptyFragmentActivity@a65b154 in: DESTROYED
10-23 14:55:38.223  3911  3911 V ActivityScenario: Update currentActivityStage to DESTROYED, currentActivity=null
10-23 14:55:38.223  3911  3911 V ActivityScenario: Update currentActivityStage to DESTROYED, currentActivity=null
10-23 14:55:38.223  5002  5074 E gs.intelligence: No package ID ff found for resource ID 0xffffffff.
10-23 14:55:38.223  3911  3911 V ActivityScenario: Update currentActivityStage to DESTROYED, currentActivity=null
10-23 14:55:38.223  5002  5074 E gs.intelligence: No package ID ff found for resource ID 0xffffffff.
10-23 14:55:38.223  5002  5074 E gs.intelligence: No package ID ff found for resource ID 0xffffffff.
10-23 14:55:38.223  5002  5074 E gs.intelligence: No package ID ff found for resource ID 0xffffffff.
10-23 14:55:38.223  3911  3911 V ActivityScenario: Update currentActivityStage to DESTROYED, currentActivity=null
10-23 14:55:38.223  3911  3911 V ActivityScenario: Update currentActivityStage to DESTROYED, currentActivity=null
10-23 14:55:38.223  5002  5074 E gs.intelligence: No package ID ff found for resource ID 0xffffffff.
10-23 14:55:38.223  3911  3911 V ActivityScenario: Update currentActivityStage to DESTROYED, currentActivity=null
10-23 14:55:38.223  5002  5074 E gs.intelligence: No package ID ff found for resource ID 0xffffffff.
10-23 14:55:38.223  5002  5074 E gs.intelligence: No package ID ff found for resource ID 0xffffffff.
10-23 14:55:38.223  5002  5074 E gs.intelligence: No package ID ff found for resource ID 0xffffffff.
10-23 14:55:38.223  5002  5074 E gs.intelligence: No package ID ff found for resource ID 0xffffffff.
10-23 14:55:38.223  5002  5074 E gs.intelligence: No package ID ff found for resource ID 0xffffffff.
10-23 14:55:38.223  5002  5074 E gs.intelligence: No package ID ff found for resource ID 0xffffffff.
10-23 14:55:38.223  5002  5074 E gs.intelligence: No package ID ff found for resource ID 0xffffffff.
10-23 14:55:38.223  5002  5074 E gs.intelligence: No package ID ff found for resource ID 0xffffffff.
10-23 14:55:38.223  5002  5074 E gs.intelligence: No package ID ff found for resource ID 0xffffffff.
10-23 14:55:38.223  3911  3911 W WindowOnBackDispatcher: sendCancelIfRunning: isInProgress=falsecallback=android.view.ViewRootImpl$$ExternalSyntheticLambda17@3021784
10-23 14:55:38.223  5002  5074 E gs.intelligence: No package ID ff found for resource ID 0xffffffff.
10-23 14:55:38.224  5002  5074 E gs.intelligence: No package ID ff found for resource ID 0xffffffff.
10-23 14:55:38.224  5002  5074 E gs.intelligence: No package ID ff found for resource ID 0xffffffff.
10-23 14:55:38.224  5002  5074 E gs.intelligence: No package ID ff found for resource ID 0xffffffff.
10-23 14:55:38.224  5002  5074 E gs.intelligence: No package ID ff found for resource ID 0xffffffff.
10-23 14:55:38.224  5002  5074 E gs.intelligence: No package ID ff found for resource ID 0xffffffff.
10-23 14:55:38.224  5002  5074 E gs.intelligence: No package ID ff found for resource ID 0xffffffff.
10-23 14:55:38.224  5002  5074 E gs.intelligence: No package ID ff found for resource ID 0xffffffff.
10-23 14:55:38.224  5002  5074 E gs.intelligence: No package ID ff found for resource ID 0xffffffff.
10-23 14:55:38.224  5002  5074 E gs.intelligence: No package ID ff found for resource ID 0xffffffff.
10-23 14:55:38.224  5002  5074 E gs.intelligence: No package ID ff found for resource ID 0xffffffff.
10-23 14:55:38.224  5002  5074 E gs.intelligence: No package ID ff found for resource ID 0xffffffff.
10-23 14:55:38.224  5002  5074 E gs.intelligence: No package ID ff found for resource ID 0xffffffff.
10-23 14:55:38.225  5002  5074 W IndexDataConverter: Skipping index for null-key item IndexData.Builder {title: Hotspot & tethering,package: com.android.settings}
10-23 14:55:38.225  5002  5074 E gs.intelligence: No package ID ff found for resource ID 0xffffffff.
10-23 14:55:38.225  5002  5074 E gs.intelligence: No package ID ff found for resource ID 0xffffffff.
10-23 14:55:38.225  5002  5074 E gs.intelligence: No package ID ff found for resource ID 0xffffffff.
10-23 14:55:38.225  5002  5074 E gs.intelligence: No package ID ff found for resource ID 0xffffffff.
10-23 14:55:38.225  5002  5074 E gs.intelligence: No package ID ff found for resource ID 0xffffffff.
10-23 14:55:38.225  5002  5074 E gs.intelligence: No package ID ff found for resource ID 0xffffffff.
10-23 14:55:38.225  5002  5074 E gs.intelligence: No package ID ff found for resource ID 0xffffffff.
10-23 14:55:38.225  5002  5074 E gs.intelligence: No package ID ff found for resource ID 0xffffffff.
10-23 14:55:38.225  5002  5074 E gs.intelligence: No package ID ff found for resource ID 0xffffffff.
10-23 14:55:38.225  5002  5074 E gs.intelligence: No package ID ff found for resource ID 0xffffffff.
10-23 14:55:38.225  5002  5074 E gs.intelligence: No package ID ff found for resource ID 0xffffffff.
10-23 14:55:38.225  5002  5074 E gs.intelligence: No package ID ff found for resource ID 0xffffffff.
10-23 14:55:38.225  5002  5074 E gs.intelligence: No package ID ff found for resource ID 0xffffffff.
10-23 14:55:38.225  5002  5074 E gs.intelligence: No package ID ff found for resource ID 0xffffffff.
10-23 14:55:38.225  5002  5074 E gs.intelligence: No package ID ff found for resource ID 0xffffffff.
10-23 14:55:38.225  5002  5074 E gs.intelligence: No package ID ff found for resource ID 0xffffffff.
10-23 14:55:38.225  5002  5074 E gs.intelligence: No package ID ff found for resource ID 0xffffffff.
10-23 14:55:38.225  5002  5074 E gs.intelligence: No package ID ff found for resource ID 0xffffffff.
10-23 14:55:38.226  5002  5074 E gs.intelligence: No package ID ff found for resource ID 0xffffffff.
10-23 14:55:38.226  5002  5074 E gs.intelligence: No package ID ff found for resource ID 0xffffffff.
10-23 14:55:38.226  5002  5074 E gs.intelligence: No package ID ff found for resource ID 0xffffffff.
10-23 14:55:38.226  5002  5074 E gs.intelligence: No package ID ff found for resource ID 0xffffffff.
10-23 14:55:38.226  5002  5074 E gs.intelligence: No package ID ff found for resource ID 0xffffffff.
10-23 14:55:38.226  5002  5074 E gs.intelligence: No package ID ff found for resource ID 0xffffffff.
10-23 14:55:38.226  5002  5074 E gs.intelligence: No package ID ff found for resource ID 0xffffffff.
10-23 14:55:38.226  5002  5074 E gs.intelligence: No package ID ff found for resource ID 0xffffffff.
10-23 14:55:38.226  5002  5074 E gs.intelligence: No package ID ff found for resource ID 0xffffffff.
10-23 14:55:38.226  5002  5074 E gs.intelligence: No package ID ff found for resource ID 0xffffffff.
10-23 14:55:38.228  5002  5074 E gs.intelligence: No package ID ff found for resource ID 0xffffffff.
10-23 14:55:38.229  5002  5074 E gs.intelligence: No package ID ff found for resource ID 0xffffffff.
10-23 14:55:38.234  5002  5074 E gs.intelligence: No package ID ff found for resource ID 0xffffffff.
10-23 14:55:38.235  5002  5074 E gs.intelligence: No package ID ff found for resource ID 0xffffffff.
10-23 14:55:38.235  1468  1511 I constellation: [intent_handler] on init with intent Intent { act=android.intent.action.BOOT_COMPLETED flg=0x89000010 pkg=com.google.android.gms cmp=com.google.android.gms/.chimera.GmsIntentOperationService (has extras) }
10-23 14:55:38.240  1468  1468 D BoundBrokerSvc: onUnbind: Intent { act=com.google.android.gms.common.BIND_SHARED_PREFS pkg=com.google.android.gms }
10-23 14:55:38.243  5002  5074 E gs.intelligence: No package ID ff found for resource ID 0xffffffff.
10-23 14:55:38.243  5002  5074 E gs.intelligence: No package ID ff found for resource ID 0xffffffff.
10-23 14:55:38.243  5002  5074 E gs.intelligence: No package ID ff found for resource ID 0xffffffff.
10-23 14:55:38.244  5002  5074 E gs.intelligence: No package ID ff found for resource ID 0xffffffff.
10-23 14:55:38.244  5002  5074 E gs.intelligence: No package ID ff found for resource ID 0xffffffff.
10-23 14:55:38.244  5002  5074 E gs.intelligence: No package ID ff found for resource ID 0xffffffff.
10-23 14:55:38.244  5002  5074 E gs.intelligence: No package ID ff found for resource ID 0xffffffff.
10-23 14:55:38.244  5002  5074 E gs.intelligence: No package ID ff found for resource ID 0xffffffff.
10-23 14:55:38.244  5002  5074 E gs.intelligence: No package ID ff found for resource ID 0xffffffff.
10-23 14:55:38.244  5002  5074 E gs.intelligence: No package ID ff found for resource ID 0xffffffff.
10-23 14:55:38.244  5002  5074 E gs.intelligence: No package ID ff found for resource ID 0xffffffff.
10-23 14:55:38.244  5002  5074 E gs.intelligence: No package ID ff found for resource ID 0xffffffff.
10-23 14:55:38.244  5002  5074 E gs.intelligence: No package ID ff found for resource ID 0xffffffff.
10-23 14:55:38.244  5002  5074 E gs.intelligence: No package ID ff found for resource ID 0xffffffff.
10-23 14:55:38.244  5002  5074 E gs.intelligence: No package ID ff found for resource ID 0xffffffff.
10-23 14:55:38.244  5002  5074 E gs.intelligence: No package ID ff found for resource ID 0xffffffff.
10-23 14:55:38.244  5002  5074 E gs.intelligence: No package ID ff found for resource ID 0xffffffff.
10-23 14:55:38.244  5002  5074 E gs.intelligence: No package ID ff found for resource ID 0xffffffff.
10-23 14:55:38.244  5002  5074 E gs.intelligence: No package ID ff found for resource ID 0xffffffff.
10-23 14:55:38.244  5002  5074 E gs.intelligence: No package ID ff found for resource ID 0xffffffff.
10-23 14:55:38.244  5002  5074 E gs.intelligence: No package ID ff found for resource ID 0xffffffff.
10-23 14:55:38.245  5002  5074 E gs.intelligence: No package ID ff found for resource ID 0xffffffff.
10-23 14:55:38.245  5002  5074 E gs.intelligence: No package ID ff found for resource ID 0xffffffff.
10-23 14:55:38.245  5002  5074 E gs.intelligence: No package ID ff found for resource ID 0xffffffff.
10-23 14:55:38.245  5002  5074 E gs.intelligence: No package ID ff found for resource ID 0xffffffff.
10-23 14:55:38.245  5002  5074 E gs.intelligence: No package ID ff found for resource ID 0xffffffff.
10-23 14:55:38.245  5002  5074 E gs.intelligence: No package ID ff found for resource ID 0xffffffff.
10-23 14:55:38.245  5002  5074 E gs.intelligence: No package ID ff found for resource ID 0xffffffff.
10-23 14:55:38.245  5002  5074 E gs.intelligence: No package ID ff found for resource ID 0xffffffff.
10-23 14:55:38.245  5002  5074 E gs.intelligence: No package ID ff found for resource ID 0xffffffff.
10-23 14:55:38.245  5002  5074 E gs.intelligence: No package ID ff found for resource ID 0xffffffff.
10-23 14:55:38.245  5002  5074 E gs.intelligence: No package ID ff found for resource ID 0xffffffff.
10-23 14:55:38.245  5002  5074 E gs.intelligence: No package ID ff found for resource ID 0xffffffff.
10-23 14:55:38.245  5002  5074 E gs.intelligence: No package ID ff found for resource ID 0xffffffff.
10-23 14:55:38.245  5002  5074 E gs.intelligence: No package ID ff found for resource ID 0xffffffff.
10-23 14:55:38.245  5002  5074 E gs.intelligence: No package ID ff found for resource ID 0xffffffff.
10-23 14:55:38.245  5002  5074 E gs.intelligence: No package ID ff found for resource ID 0xffffffff.
10-23 14:55:38.245  5002  5074 E gs.intelligence: No package ID ff found for resource ID 0xffffffff.
10-23 14:55:38.245  5002  5074 E gs.intelligence: No package ID ff found for resource ID 0xffffffff.
10-23 14:55:38.245  5002  5074 E gs.intelligence: No package ID ff found for resource ID 0xffffffff.
10-23 14:55:38.245  5002  5074 E gs.intelligence: No package ID ff found for resource ID 0xffffffff.
10-23 14:55:38.245  5002  5074 E gs.intelligence: No package ID ff found for resource ID 0xffffffff.
10-23 14:55:38.245  5002  5074 E gs.intelligence: No package ID ff found for resource ID 0xffffffff.
10-23 14:55:38.245  5002  5074 E gs.intelligence: No package ID ff found for resource ID 0xffffffff.
10-23 14:55:38.246  5002  5074 E gs.intelligence: No package ID ff found for resource ID 0xffffffff.
10-23 14:55:38.246  1468  3880 I GmsModuleFndr: Beginning GMS chimera module scan
10-23 14:55:38.246  5002  5074 E gs.intelligence: No package ID ff found for resource ID 0xffffffff.
10-23 14:55:38.246  5002  5074 E gs.intelligence: No package ID ff found for resource ID 0xffffffff.
10-23 14:55:38.246  5002  5074 E gs.intelligence: No package ID ff found for resource ID 0xffffffff.
10-23 14:55:38.246  5002  5074 E gs.intelligence: No package ID ff found for resource ID 0xffffffff.
10-23 14:55:38.246  5002  5074 E gs.intelligence: No package ID ff found for resource ID 0xffffffff.
10-23 14:55:38.246  5002  5074 E gs.intelligence: No package ID ff found for resource ID 0xffffffff.
10-23 14:55:38.246  5002  5074 E gs.intelligence: No package ID ff found for resource ID 0xffffffff.
10-23 14:55:38.246  5002  5074 E gs.intelligence: No package ID ff found for resource ID 0xffffffff.
10-23 14:55:38.246  5002  5074 E gs.intelligence: No package ID ff found for resource ID 0xffffffff.
10-23 14:55:38.246  5002  5074 E gs.intelligence: No package ID ff found for resource ID 0xffffffff.
10-23 14:55:38.246  5002  5074 E gs.intelligence: No package ID ff found for resource ID 0xffffffff.
10-23 14:55:38.246  5002  5074 E gs.intelligence: No package ID ff found for resource ID 0xffffffff.
10-23 14:55:38.246  5002  5074 E gs.intelligence: No package ID ff found for resource ID 0xffffffff.
10-23 14:55:38.246  5002  5074 E gs.intelligence: No package ID ff found for resource ID 0xffffffff.
10-23 14:55:38.246  5002  5074 E gs.intelligence: No package ID ff found for resource ID 0xffffffff.
10-23 14:55:38.246  5002  5074 E gs.intelligence: No package ID ff found for resource ID 0xffffffff.
10-23 14:55:38.246  5002  5074 E gs.intelligence: No package ID ff found for resource ID 0xffffffff.
10-23 14:55:38.246  5002  5074 E gs.intelligence: No package ID ff found for resource ID 0xffffffff.
10-23 14:55:38.247  5002  5074 E gs.intelligence: No package ID ff found for resource ID 0xffffffff.
10-23 14:55:38.247  5002  5074 E gs.intelligence: No package ID ff found for resource ID 0xffffffff.
10-23 14:55:38.247  5002  5074 E gs.intelligence: No package ID ff found for resource ID 0xffffffff.
10-23 14:55:38.247  5002  5074 E gs.intelligence: No package ID ff found for resource ID 0xffffffff.
10-23 14:55:38.247  5002  5074 E gs.intelligence: No package ID ff found for resource ID 0xffffffff.
10-23 14:55:38.247  5002  5074 E gs.intelligence: No package ID ff found for resource ID 0xffffffff.
10-23 14:55:38.247  5002  5074 E gs.intelligence: No package ID ff found for resource ID 0xffffffff.
10-23 14:55:38.247  5002  5074 E gs.intelligence: No package ID ff found for resource ID 0xffffffff.
10-23 14:55:38.247  5002  5074 E gs.intelligence: No package ID ff found for resource ID 0xffffffff.
10-23 14:55:38.247  5002  5074 E gs.intelligence: No package ID ff found for resource ID 0xffffffff.
10-23 14:55:38.247  5002  5074 E gs.intelligence: No package ID ff found for resource ID 0xffffffff.
10-23 14:55:38.247  5002  5074 E gs.intelligence: No package ID ff found for resource ID 0xffffffff.
10-23 14:55:38.247  5002  5074 E gs.intelligence: No package ID ff found for resource ID 0xffffffff.
10-23 14:55:38.247  5002  5074 E gs.intelligence: No package ID ff found for resource ID 0xffffffff.
10-23 14:55:38.247  5002  5074 E gs.intelligence: No package ID ff found for resource ID 0xffffffff.
10-23 14:55:38.247  5002  5074 E gs.intelligence: No package ID ff found for resource ID 0xffffffff.
10-23 14:55:38.247  5002  5074 W IndexDataConverter: Skipping index for null-key item IndexData.Builder {title: Special app access,package: com.android.settings}
10-23 14:55:38.248  5002  5074 E gs.intelligence: No package ID ff found for resource ID 0xffffffff.
10-23 14:55:38.248  5002  5074 E gs.intelligence: No package ID ff found for resource ID 0xffffffff.
10-23 14:55:38.248  5002  5074 E gs.intelligence: No package ID ff found for resource ID 0xffffffff.
10-23 14:55:38.248  5002  5074 E gs.intelligence: No package ID ff found for resource ID 0xffffffff.
10-23 14:55:38.248  5002  5074 E gs.intelligence: No package ID ff found for resource ID 0xffffffff.
10-23 14:55:38.248  5002  5074 E gs.intelligence: No package ID ff found for resource ID 0xffffffff.
10-23 14:55:38.248  5002  5074 E gs.intelligence: No package ID ff found for resource ID 0xffffffff.
10-23 14:55:38.248  5002  5074 E gs.intelligence: No package ID ff found for resource ID 0xffffffff.
10-23 14:55:38.248  5002  5074 E gs.intelligence: No package ID ff found for resource ID 0xffffffff.
10-23 14:55:38.248  5002  5074 E gs.intelligence: No package ID ff found for resource ID 0xffffffff.
10-23 14:55:38.248  5002  5074 E gs.intelligence: No package ID ff found for resource ID 0xffffffff.
10-23 14:55:38.248  5002  5074 E gs.intelligence: No package ID ff found for resource ID 0xffffffff.
10-23 14:55:38.248  5002  5074 E gs.intelligence: No package ID ff found for resource ID 0xffffffff.
10-23 14:55:38.248  5002  5074 E gs.intelligence: No package ID ff found for resource ID 0xffffffff.
10-23 14:55:38.248  5002  5074 E gs.intelligence: No package ID ff found for resource ID 0xffffffff.
10-23 14:55:38.248  5002  5074 E gs.intelligence: No package ID ff found for resource ID 0xffffffff.
10-23 14:55:38.248  5002  5074 E gs.intelligence: No package ID ff found for resource ID 0xffffffff.
10-23 14:55:38.248  5002  5074 E gs.intelligence: No package ID ff found for resource ID 0xffffffff.
10-23 14:55:38.248  5002  5074 W IndexDataConverter: Skipping index for null-key item IndexData.Builder {title: NFC,package: com.android.settings}
10-23 14:55:38.248  5002  5074 E gs.intelligence: No package ID ff found for resource ID 0xffffffff.
10-23 14:55:38.248  5002  5074 E gs.intelligence: No package ID ff found for resource ID 0xffffffff.
10-23 14:55:38.248  5002  5074 E gs.intelligence: No package ID ff found for resource ID 0xffffffff.
10-23 14:55:38.248  5002  5074 E gs.intelligence: No package ID ff found for resource ID 0xffffffff.
10-23 14:55:38.248  5002  5074 E gs.intelligence: No package ID ff found for resource ID 0xffffffff.
10-23 14:55:38.249  5002  5074 E gs.intelligence: No package ID ff found for resource ID 0xffffffff.
10-23 14:55:38.249  5002  5074 W IndexDataConverter: Skipping index for null-key item IndexData.Builder {title: Apps will use your regional preferences where possible.,package: com.android.settings}
10-23 14:55:38.249  5002  5074 W IndexDataConverter: Skipping index for null-key item IndexData.Builder {title: First day of week,package: com.android.settings}
10-23 14:55:38.249  5002  5074 E gs.intelligence: No package ID ff found for resource ID 0xffffffff.
10-23 14:55:38.249  5002  5074 E gs.intelligence: No package ID ff found for resource ID 0xffffffff.
10-23 14:55:38.249  5002  5074 E gs.intelligence: No package ID ff found for resource ID 0xffffffff.
10-23 14:55:38.249  5002  5074 E gs.intelligence: No package ID ff found for resource ID 0xffffffff.
10-23 14:55:38.249  5002  5074 E gs.intelligence: No package ID ff found for resource ID 0xffffffff.
10-23 14:55:38.249  5002  5074 E gs.intelligence: No package ID ff found for resource ID 0xffffffff.
10-23 14:55:38.249  5002  5074 E gs.intelligence: No package ID ff found for resource ID 0xffffffff.
10-23 14:55:38.249  5002  5074 E gs.intelligence: No package ID ff found for resource ID 0xffffffff.
10-23 14:55:38.249  5002  5074 E gs.intelligence: No package ID ff found for resource ID 0xffffffff.
10-23 14:55:38.249  5002  5074 E gs.intelligence: No package ID ff found for resource ID 0xffffffff.
10-23 14:55:38.250  5002  5074 W IndexDataConverter: Skipping index for null-key item IndexData.Builder {title: Extra dim,package: com.android.settings}
10-23 14:55:38.250  5002  5074 E gs.intelligence: No package ID ff found for resource ID 0xffffffff.
10-23 14:55:38.250  5002  5074 E gs.intelligence: No package ID ff found for resource ID 0xffffffff.
10-23 14:55:38.250  5002  5074 W IndexDataConverter: Skipping index for null-key item IndexData.Builder {title: On-screen keyboard,package: com.android.settings}
10-23 14:55:38.251  5002  5074 E gs.intelligence: No package ID ff found for resource ID 0xffffffff.
10-23 14:55:38.251  5002  5074 E gs.intelligence: No package ID ff found for resource ID 0xffffffff.
10-23 14:55:38.251  5002  5074 E gs.intelligence: No package ID ff found for resource ID 0xffffffff.
10-23 14:55:38.251  5002  5074 E gs.intelligence: No package ID ff found for resource ID 0xffffffff.
10-23 14:55:38.251  5002  5074 E gs.intelligence: No package ID ff found for resource ID 0xffffffff.
10-23 14:55:38.251  5002  5074 E gs.intelligence: No package ID ff found for resource ID 0xffffffff.
10-23 14:55:38.251  5002  5074 E gs.intelligence: No package ID ff found for resource ID 0xffffffff.
10-23 14:55:38.251  5002  5074 E gs.intelligence: No package ID ff found for resource ID 0xffffffff.
10-23 14:55:38.251  5002  5074 E gs.intelligence: No package ID ff found for resource ID 0xffffffff.
10-23 14:55:38.251  5002  5074 E gs.intelligence: No package ID ff found for resource ID 0xffffffff.
10-23 14:55:38.252   524  2040 W InputManager-JNI: Input channel object 'c921ad6 com.example.lunchtray/androidx.fragment.app.testing.FragmentScenario$EmptyFragmentActivity (client)' was disposed without first being removed with the input manager!
10-23 14:55:38.253  5002  5074 E gs.intelligence: No package ID ff found for resource ID 0xffffffff.
10-23 14:55:38.253  5002  5074 E gs.intelligence: No package ID ff found for resource ID 0xffffffff.
10-23 14:55:38.253  5002  5074 E gs.intelligence: No package ID ff found for resource ID 0xffffffff.
10-23 14:55:38.253  5002  5074 E gs.intelligence: No package ID ff found for resource ID 0xffffffff.
10-23 14:55:38.253  5002  5074 E gs.intelligence: No package ID ff found for resource ID 0xffffffff.
10-23 14:55:38.253  5002  5074 E gs.intelligence: No package ID ff found for resource ID 0xffffffff.
10-23 14:55:38.253  5002  5074 E gs.intelligence: No package ID ff found for resource ID 0xffffffff.
10-23 14:55:38.253  5002  5074 E gs.intelligence: No package ID ff found for resource ID 0xffffffff.
10-23 14:55:38.253  5002  5074 E gs.intelligence: No package ID ff found for resource ID 0xffffffff.
10-23 14:55:38.253  5002  5074 E gs.intelligence: No package ID ff found for resource ID 0xffffffff.
10-23 14:55:38.253  5002  5074 E gs.intelligence: No package ID ff found for resource ID 0xffffffff.
10-23 14:55:38.253  5002  5074 E gs.intelligence: No package ID ff found for resource ID 0xffffffff.
10-23 14:55:38.253  5002  5074 E gs.intelligence: No package ID ff found for resource ID 0xffffffff.
10-23 14:55:38.253  5002  5074 E gs.intelligence: No package ID ff found for resource ID 0xffffffff.
10-23 14:55:38.253  5002  5074 E gs.intelligence: No package ID ff found for resource ID 0xffffffff.
10-23 14:55:38.253  5002  5074 E gs.intelligence: No package ID ff found for resource ID 0xffffffff.
10-23 14:55:38.253  5002  5074 E gs.intelligence: No package ID ff found for resource ID 0xffffffff.
10-23 14:55:38.253  5002  5074 E gs.intelligence: No package ID ff found for resource ID 0xffffffff.
10-23 14:55:38.253  5002  5074 E gs.intelligence: No package ID ff found for resource ID 0xffffffff.
10-23 14:55:38.254  5002  5074 E gs.intelligence: No package ID ff found for resource ID 0xffffffff.
10-23 14:55:38.254  5002  5074 E gs.intelligence: No package ID ff found for resource ID 0xffffffff.
10-23 14:55:38.254  5002  5074 E gs.intelligence: No package ID ff found for resource ID 0xffffffff.
10-23 14:55:38.254  5002  5074 E gs.intelligence: No package ID ff found for resource ID 0xffffffff.
10-23 14:55:38.254  5002  5074 E gs.intelligence: No package ID ff found for resource ID 0xffffffff.
10-23 14:55:38.254  5002  5074 W IndexDataConverter: Skipping index for null-key item IndexData.Builder {title: Internet,package: com.android.settings}
10-23 14:55:38.254  5002  5074 E gs.intelligence: No package ID ff found for resource ID 0xffffffff.
10-23 14:55:38.254  5002  5074 E gs.intelligence: No package ID ff found for resource ID 0xffffffff.
10-23 14:55:38.254  5002  5074 E gs.intelligence: No package ID ff found for resource ID 0xffffffff.
10-23 14:55:38.254  5002  5074 E gs.intelligence: No package ID ff found for resource ID 0xffffffff.
10-23 14:55:38.254  5002  5074 E gs.intelligence: No package ID ff found for resource ID 0xffffffff.
10-23 14:55:38.254  5002  5074 E gs.intelligence: No package ID ff found for resource ID 0xffffffff.
10-23 14:55:38.254  5002  5074 E gs.intelligence: No package ID ff found for resource ID 0xffffffff.
10-23 14:55:38.254  5002  5074 E gs.intelligence: No package ID ff found for resource ID 0xffffffff.
10-23 14:55:38.254  5002  5074 E gs.intelligence: No package ID ff found for resource ID 0xffffffff.
10-23 14:55:38.255  5002  5074 E gs.intelligence: No package ID ff found for resource ID 0xffffffff.
10-23 14:55:38.255  5002  5074 E gs.intelligence: No package ID ff found for resource ID 0xffffffff.
10-23 14:55:38.255  5002  5074 E gs.intelligence: No package ID ff found for resource ID 0xffffffff.
10-23 14:55:38.255  5002  5074 E gs.intelligence: No package ID ff found for resource ID 0xffffffff.
10-23 14:55:38.255  5002  5074 E gs.intelligence: No package ID ff found for resource ID 0xffffffff.
10-23 14:55:38.255  5002  5074 E gs.intelligence: No package ID ff found for resource ID 0xffffffff.
10-23 14:55:38.255  5002  5074 E gs.intelligence: No package ID ff found for resource ID 0xffffffff.
10-23 14:55:38.255  5002  5074 E gs.intelligence: No package ID ff found for resource ID 0xffffffff.
10-23 14:55:38.255  5002  5074 E gs.intelligence: No package ID ff found for resource ID 0xffffffff.
10-23 14:55:38.255  5002  5074 E gs.intelligence: No package ID ff found for resource ID 0xffffffff.
10-23 14:55:38.255  5002  5074 E gs.intelligence: No package ID ff found for resource ID 0xffffffff.
10-23 14:55:38.255  5002  5074 E gs.intelligence: No package ID ff found for resource ID 0xffffffff.
10-23 14:55:38.255  5002  5074 E gs.intelligence: No package ID ff found for resource ID 0xffffffff.
10-23 14:55:38.255  5002  5074 E gs.intelligence: No package ID ff found for resource ID 0xffffffff.
10-23 14:55:38.255  5002  5074 E gs.intelligence: No package ID ff found for resource ID 0xffffffff.
10-23 14:55:38.255  5002  5074 E gs.intelligence: No package ID ff found for resource ID 0xffffffff.
10-23 14:55:38.255  5002  5074 E gs.intelligence: No package ID ff found for resource ID 0xffffffff.
10-23 14:55:38.255  5002  5074 E gs.intelligence: No package ID ff found for resource ID 0xffffffff.
10-23 14:55:38.255  5002  5074 E gs.intelligence: No package ID ff found for resource ID 0xffffffff.
10-23 14:55:38.255  5002  5074 E gs.intelligence: No package ID ff found for resource ID 0xffffffff.
10-23 14:55:38.255  5002  5074 E gs.intelligence: No package ID ff found for resource ID 0xffffffff.
10-23 14:55:38.255  5002  5074 E gs.intelligence: No package ID ff found for resource ID 0xffffffff.
10-23 14:55:38.255  5002  5074 E gs.intelligence: No package ID ff found for resource ID 0xffffffff.
10-23 14:55:38.256  5002  5074 E gs.intelligence: No package ID ff found for resource ID 0xffffffff.
10-23 14:55:38.256  5002  5074 E gs.intelligence: No package ID ff found for resource ID 0xffffffff.
10-23 14:55:38.256  5002  5074 E gs.intelligence: No package ID ff found for resource ID 0xffffffff.
10-23 14:55:38.256  5002  5074 E gs.intelligence: No package ID ff found for resource ID 0xffffffff.
10-23 14:55:38.256  5002  5074 E gs.intelligence: No package ID ff found for resource ID 0xffffffff.
10-23 14:55:38.256  5002  5074 E gs.intelligence: No package ID ff found for resource ID 0xffffffff.
10-23 14:55:38.256  5002  5074 E gs.intelligence: No package ID ff found for resource ID 0xffffffff.
10-23 14:55:38.256  5002  5074 E gs.intelligence: No package ID ff found for resource ID 0xffffffff.
10-23 14:55:38.257  5002  5074 E gs.intelligence: No package ID ff found for resource ID 0xffffffff.
10-23 14:55:38.257  5002  5074 E gs.intelligence: No package ID ff found for resource ID 0xffffffff.
10-23 14:55:38.257  5002  5074 E gs.intelligence: No package ID ff found for resource ID 0xffffffff.
10-23 14:55:38.257  5002  5074 E gs.intelligence: No package ID ff found for resource ID 0xffffffff.
10-23 14:55:38.257  5002  5074 E gs.intelligence: No package ID ff found for resource ID 0xffffffff.
10-23 14:55:38.257  5002  5074 E gs.intelligence: No package ID ff found for resource ID 0xffffffff.
10-23 14:55:38.257  5002  5074 E gs.intelligence: No package ID ff found for resource ID 0xffffffff.
10-23 14:55:38.257  5002  5074 E gs.intelligence: No package ID ff found for resource ID 0xffffffff.
10-23 14:55:38.257  5002  5074 E gs.intelligence: No package ID ff found for resource ID 0xffffffff.
10-23 14:55:38.257  5002  5074 E gs.intelligence: No package ID ff found for resource ID 0xffffffff.
10-23 14:55:38.257  5002  5074 E gs.intelligence: No package ID ff found for resource ID 0xffffffff.
10-23 14:55:38.258  5002  5074 E gs.intelligence: No package ID ff found for resource ID 0xffffffff.
10-23 14:55:38.258  5002  5074 E gs.intelligence: No package ID ff found for resource ID 0xffffffff.
10-23 14:55:38.258  5002  5074 E gs.intelligence: No package ID ff found for resource ID 0xffffffff.
10-23 14:55:38.258  5002  5074 E gs.intelligence: No package ID ff found for resource ID 0xffffffff.
10-23 14:55:38.258  5002  5074 E gs.intelligence: No package ID ff found for resource ID 0xffffffff.
10-23 14:55:38.258  5002  5074 E gs.intelligence: No package ID ff found for resource ID 0xffffffff.
10-23 14:55:38.258  5002  5074 E gs.intelligence: No package ID ff found for resource ID 0xffffffff.
10-23 14:55:38.258  5002  5074 E gs.intelligence: No package ID ff found for resource ID 0xffffffff.
10-23 14:55:38.259  1468  3880 I ModuleSetMgr: Computing pending module set with APKs: [[AdsFdrDynamite.integ:231004600100000], [Cronetdynamite:231818190800], [Dynamiteloader:231818190000], [Dynamitemodulesa:231818190000], [Dynamitemodulesc:231818190000], [Googlecertificates:231818190000], [Mapsdynamite:231818190000], [Measurementdynamite:231818190000]]
10-23 14:55:38.258  5002  5074 E gs.intelligence: No package ID ff found for resource ID 0xffffffff.
10-23 14:55:38.259  5002  5074 E gs.intelligence: No package ID ff found for resource ID 0xffffffff.
10-23 14:55:38.259  5002  5074 E gs.intelligence: No package ID ff found for resource ID 0xffffffff.
10-23 14:55:38.259  5002  5074 E gs.intelligence: No package ID ff found for resource ID 0xffffffff.
10-23 14:55:38.259  5002  5074 E gs.intelligence: No package ID ff found for resource ID 0xffffffff.
10-23 14:55:38.259  5002  5074 E gs.intelligence: No package ID ff found for resource ID 0xffffffff.
10-23 14:55:38.259  5002  5074 E gs.intelligence: No package ID ff found for resource ID 0xffffffff.
10-23 14:55:38.259  5002  5074 E gs.intelligence: No package ID ff found for resource ID 0xffffffff.
10-23 14:55:38.259  5002  5074 E gs.intelligence: No package ID ff found for resource ID 0xffffffff.
10-23 14:55:38.259  5002  5074 E gs.intelligence: No package ID ff found for resource ID 0xffffffff.
10-23 14:55:38.259  5002  5074 E gs.intelligence: No package ID ff found for resource ID 0xffffffff.
10-23 14:55:38.259  5002  5074 E gs.intelligence: No package ID ff found for resource ID 0xffffffff.
10-23 14:55:38.261  5002  5074 E gs.intelligence: No package ID ff found for resource ID 0xffffffff.
10-23 14:55:38.262  5002  5074 E gs.intelligence: No package ID ff found for resource ID 0xffffffff.
10-23 14:55:38.262  5002  5074 E gs.intelligence: No package ID ff found for resource ID 0xffffffff.
10-23 14:55:38.262  5002  5074 E gs.intelligence: No package ID ff found for resource ID 0xffffffff.
10-23 14:55:38.268  5002  5074 W IndexDataConverter: Skipping index for null-key item IndexData.Builder {title: Battery Saver,package: com.android.settings}
10-23 14:55:38.269  5002  5074 E gs.intelligence: No package ID ff found for resource ID 0xffffffff.
10-23 14:55:38.269  5002  5074 E gs.intelligence: No package ID ff found for resource ID 0xffffffff.
10-23 14:55:38.269  5002  5074 E gs.intelligence: No package ID ff found for resource ID 0xffffffff.
10-23 14:55:38.270  5002  5074 E gs.intelligence: No package ID ff found for resource ID 0xffffffff.
10-23 14:55:38.270  5002  5074 E gs.intelligence: No package ID ff found for resource ID 0xffffffff.
10-23 14:55:38.270  5002  5074 E gs.intelligence: No package ID ff found for resource ID 0xffffffff.
10-23 14:55:38.270  5002  5074 E gs.intelligence: No package ID ff found for resource ID 0xffffffff.
10-23 14:55:38.270  5002  5074 E gs.intelligence: No package ID ff found for resource ID 0xffffffff.
10-23 14:55:38.270  5002  5074 E gs.intelligence: No package ID ff found for resource ID 0xffffffff.
10-23 14:55:38.270  5002  5074 E gs.intelligence: No package ID ff found for resource ID 0xffffffff.
10-23 14:55:38.270  5002  5074 E gs.intelligence: No package ID ff found for resource ID 0xffffffff.
10-23 14:55:38.270  5002  5074 E gs.intelligence: No package ID ff found for resource ID 0xffffffff.
10-23 14:55:38.270  5002  5074 E gs.intelligence: No package ID ff found for resource ID 0xffffffff.
10-23 14:55:38.270  5002  5074 E gs.intelligence: No package ID ff found for resource ID 0xffffffff.
10-23 14:55:38.270  5002  5074 E gs.intelligence: No package ID ff found for resource ID 0xffffffff.
10-23 14:55:38.270  5002  5074 E gs.intelligence: No package ID ff found for resource ID 0xffffffff.
10-23 14:55:38.270  5002  5074 E gs.intelligence: No package ID ff found for resource ID 0xffffffff.
10-23 14:55:38.270  5002  5074 E gs.intelligence: No package ID ff found for resource ID 0xffffffff.
10-23 14:55:38.270  5002  5074 E gs.intelligence: No package ID ff found for resource ID 0xffffffff.
10-23 14:55:38.270  5002  5074 E gs.intelligence: No package ID ff found for resource ID 0xffffffff.
10-23 14:55:38.270  5002  5074 E gs.intelligence: No package ID ff found for resource ID 0xffffffff.
10-23 14:55:38.270  5002  5074 E gs.intelligence: No package ID ff found for resource ID 0xffffffff.
10-23 14:55:38.270  5002  5074 E gs.intelligence: No package ID ff found for resource ID 0xffffffff.
10-23 14:55:38.272  1348  5130 I Herrevad: [233] aqwl.a: updateListenState
10-23 14:55:38.273  1468  3290 I Checkin : [CheckinRequestProcessor] Default Task : Checkin Succeeded: https://android.googleapis.com/checkin (fragment #1).
10-23 14:55:38.274  5002  5074 E gs.intelligence: No package ID ff found for resource ID 0xffffffff.
10-23 14:55:38.274  5002  5074 E gs.intelligence: No package ID ff found for resource ID 0xffffffff.
10-23 14:55:38.274  5002  5074 E gs.intelligence: No package ID ff found for resource ID 0xffffffff.
10-23 14:55:38.274  5002  5074 E gs.intelligence: No package ID ff found for resource ID 0xffffffff.
10-23 14:55:38.275  5002  5074 E gs.intelligence: No package ID ff found for resource ID 0xffffffff.
10-23 14:55:38.275  5002  5074 E gs.intelligence: No package ID ff found for resource ID 0xffffffff.
10-23 14:55:38.276  5002  5074 E gs.intelligence: No package ID ff found for resource ID 0xffffffff.
10-23 14:55:38.276  5002  5074 E gs.intelligence: No package ID ff found for resource ID 0xffffffff.
10-23 14:55:38.277  3911  4165 W Settings: Setting always_finish_activities has moved from android.provider.Settings.System to android.provider.Settings.Global, returning read-only value.
10-23 14:55:38.277  1468  1511 I SnapshotHandler: Unable to retrieve flag snapshot for com.google.android.gms.dtdi#com.google.android.gms, using defaults.
10-23 14:55:38.278  5002  5074 E gs.intelligence: No package ID ff found for resource ID 0xffffffff.
10-23 14:55:38.278  5002  5074 E gs.intelligence: No package ID ff found for resource ID 0xffffffff.
10-23 14:55:38.278  5002  5074 E gs.intelligence: No package ID ff found for resource ID 0xffffffff.
10-23 14:55:38.278  5002  5074 E gs.intelligence: No package ID ff found for resource ID 0xffffffff.
10-23 14:55:38.278  5002  5074 W IndexDataConverter: Skipping index for null-key item IndexData.Builder {title: Keyboard,package: com.android.settings}
10-23 14:55:38.278  5002  5074 E gs.intelligence: No package ID ff found for resource ID 0xffffffff.
10-23 14:55:38.278  5002  5074 E gs.intelligence: No package ID ff found for resource ID 0xffffffff.
10-23 14:55:38.278  5002  5074 E gs.intelligence: No package ID ff found for resource ID 0xffffffff.
10-23 14:55:38.278  5002  5074 E gs.intelligence: No package ID ff found for resource ID 0xffffffff.
10-23 14:55:38.278  5002  5074 E gs.intelligence: No package ID ff found for resource ID 0xffffffff.
10-23 14:55:38.278  1468  1511 I Dtdi    : [DtdiModuleInitIntentOperation] Cannot initialize Device Discovery. Flag is disabled. [CONTEXT service_id=312 ]
10-23 14:55:38.278  5002  5074 E gs.intelligence: No package ID ff found for resource ID 0xffffffff.
10-23 14:55:38.278  5002  5074 E gs.intelligence: No package ID ff found for resource ID 0xffffffff.
10-23 14:55:38.278  5002  5074 E gs.intelligence: No package ID ff found for resource ID 0xffffffff.
10-23 14:55:38.278  5002  5074 E gs.intelligence: No package ID ff found for resource ID 0xffffffff.
10-23 14:55:38.279  5002  5074 W IndexDataConverter: Skipping index for null-key item IndexData.Builder {title: Data Saver,package: com.android.settings}
10-23 14:55:38.279  1468  1511 I Dtdi    : [DtdiModuleInitIntentOperation] Cannot initialize Spatial Orchestration. Flag is disabled. [CONTEXT service_id=312 ]
10-23 14:55:38.279  1468  1511 I Dtdi    : [DtdiModuleInitIntentOperation] Cannot initialize Media Transfer. Flag is disabled. [CONTEXT service_id=312 ]
10-23 14:55:38.280  5002  5074 E gs.intelligence: No package ID ff found for resource ID 0xffffffff.
10-23 14:55:38.280  5002  5074 E gs.intelligence: No package ID ff found for resource ID 0xffffffff.
10-23 14:55:38.280  5002  5074 E gs.intelligence: No package ID ff found for resource ID 0xffffffff.
10-23 14:55:38.280  5002  5074 E gs.intelligence: No package ID ff found for resource ID 0xffffffff.
10-23 14:55:38.280  5002  5074 E gs.intelligence: No package ID ff found for resource ID 0xffffffff.
10-23 14:55:38.280  5002  5074 E gs.intelligence: No package ID ff found for resource ID 0xffffffff.
10-23 14:55:38.280  5002  5074 E gs.intelligence: No package ID ff found for resource ID 0xffffffff.
10-23 14:55:38.280  5002  5074 E gs.intelligence: No package ID ff found for resource ID 0xffffffff.
10-23 14:55:38.280  5002  5074 E gs.intelligence: No package ID ff found for resource ID 0xffffffff.
10-23 14:55:38.280  5002  5074 E gs.intelligence: No package ID ff found for resource ID 0xffffffff.
10-23 14:55:38.280  5002  5074 E gs.intelligence: No package ID ff found for resource ID 0xffffffff.
10-23 14:55:38.280  5002  5074 E gs.intelligence: No package ID ff found for resource ID 0xffffffff.
10-23 14:55:38.280  5002  5074 E gs.intelligence: No package ID ff found for resource ID 0xffffffff.
10-23 14:55:38.280  5002  5074 E gs.intelligence: No package ID ff found for resource ID 0xffffffff.
10-23 14:55:38.280  5002  5074 E gs.intelligence: No package ID ff found for resource ID 0xffffffff.
10-23 14:55:38.280  5002  5074 E gs.intelligence: No package ID ff found for resource ID 0xffffffff.
10-23 14:55:38.281  5002  5074 E gs.intelligence: No package ID ff found for resource ID 0xffffffff.
10-23 14:55:38.281  5002  5074 E gs.intelligence: No package ID ff found for resource ID 0xffffffff.
10-23 14:55:38.281  5002  5074 E gs.intelligence: No package ID ff found for resource ID 0xffffffff.
10-23 14:55:38.281  5002  5074 E gs.intelligence: No package ID ff found for resource ID 0xffffffff.
10-23 14:55:38.281  5002  5074 E gs.intelligence: No package ID ff found for resource ID 0xffffffff.
10-23 14:55:38.281  5002  5074 E gs.intelligence: No package ID ff found for resource ID 0xffffffff.
10-23 14:55:38.281  5002  5074 E gs.intelligence: No package ID ff found for resource ID 0xffffffff.
10-23 14:55:38.281  5002  5074 E gs.intelligence: No package ID ff found for resource ID 0xffffffff.
10-23 14:55:38.281  5002  5074 E gs.intelligence: No package ID ff found for resource ID 0xffffffff.
10-23 14:55:38.281  5002  5074 E gs.intelligence: No package ID ff found for resource ID 0xffffffff.
10-23 14:55:38.281  5002  5074 E gs.intelligence: No package ID ff found for resource ID 0xffffffff.
10-23 14:55:38.281  5002  5074 E gs.intelligence: No package ID ff found for resource ID 0xffffffff.
10-23 14:55:38.282  5002  5074 E gs.intelligence: No package ID ff found for resource ID 0xffffffff.
10-23 14:55:38.282  5002  5074 E gs.intelligence: No package ID ff found for resource ID 0xffffffff.
10-23 14:55:38.282  5002  5074 E gs.intelligence: No package ID ff found for resource ID 0xffffffff.
10-23 14:55:38.282  5002  5074 E gs.intelligence: No package ID ff found for resource ID 0xffffffff.
10-23 14:55:38.282  5002  5074 E gs.intelligence: No package ID ff found for resource ID 0xffffffff.
10-23 14:55:38.282  5002  5074 E gs.intelligence: No package ID ff found for resource ID 0xffffffff.
10-23 14:55:38.282  5002  5074 E gs.intelligence: No package ID ff found for resource ID 0xffffffff.
10-23 14:55:38.282  5002  5074 E gs.intelligence: No package ID ff found for resource ID 0xffffffff.
10-23 14:55:38.282  5002  5074 E gs.intelligence: No package ID ff found for resource ID 0xffffffff.
10-23 14:55:38.282  5002  5074 E gs.intelligence: No package ID ff found for resource ID 0xffffffff.
10-23 14:55:38.282  5002  5074 E gs.intelligence: No package ID ff found for resource ID 0xffffffff.
10-23 14:55:38.282  5002  5074 E gs.intelligence: No package ID ff found for resource ID 0xffffffff.
10-23 14:55:38.282  5002  5074 E gs.intelligence: No package ID ff found for resource ID 0xffffffff.
10-23 14:55:38.282  5002  5074 E gs.intelligence: No package ID ff found for resource ID 0xffffffff.
10-23 14:55:38.282  5002  5074 E gs.intelligence: No package ID ff found for resource ID 0xffffffff.
10-23 14:55:38.282  5002  5074 E gs.intelligence: No package ID ff found for resource ID 0xffffffff.
10-23 14:55:38.282  5002  5074 E gs.intelligence: No package ID ff found for resource ID 0xffffffff.
10-23 14:55:38.282  5002  5074 E gs.intelligence: No package ID ff found for resource ID 0xffffffff.
10-23 14:55:38.282  5002  5074 E gs.intelligence: No package ID ff found for resource ID 0xffffffff.
10-23 14:55:38.282  5002  5074 E gs.intelligence: No package ID ff found for resource ID 0xffffffff.
10-23 14:55:38.282  5002  5074 E gs.intelligence: No package ID ff found for resource ID 0xffffffff.
10-23 14:55:38.282  5002  5074 E gs.intelligence: No package ID ff found for resource ID 0xffffffff.
10-23 14:55:38.282  5002  5074 E gs.intelligence: No package ID ff found for resource ID 0xffffffff.
10-23 14:55:38.283  5002  5074 E gs.intelligence: No package ID ff found for resource ID 0xffffffff.
10-23 14:55:38.283  5002  5074 E gs.intelligence: No package ID ff found for resource ID 0xffffffff.
10-23 14:55:38.283  5002  5074 E gs.intelligence: No package ID ff found for resource ID 0xffffffff.
10-23 14:55:38.283  5002  5074 E gs.intelligence: No package ID ff found for resource ID 0xffffffff.
10-23 14:55:38.283  5002  5074 E gs.intelligence: No package ID ff found for resource ID 0xffffffff.
10-23 14:55:38.283  5002  5074 E gs.intelligence: No package ID ff found for resource ID 0xffffffff.
10-23 14:55:38.283  5002  5074 E gs.intelligence: No package ID ff found for resource ID 0xffffffff.
10-23 14:55:38.283  5002  5074 E gs.intelligence: No package ID ff found for resource ID 0xffffffff.
10-23 14:55:38.283  5002  5074 E gs.intelligence: No package ID ff found for resource ID 0xffffffff.
10-23 14:55:38.283  5002  5074 E gs.intelligence: No package ID ff found for resource ID 0xffffffff.
10-23 14:55:38.284  5002  5074 E gs.intelligence: No package ID ff found for resource ID 0xffffffff.
10-23 14:55:38.284  5002  5074 E gs.intelligence: No package ID ff found for resource ID 0xffffffff.
10-23 14:55:38.284  5002  5074 E gs.intelligence: No package ID ff found for resource ID 0xffffffff.
10-23 14:55:38.284  5002  5074 E gs.intelligence: No package ID ff found for resource ID 0xffffffff.
10-23 14:55:38.284  5002  5074 E gs.intelligence: No package ID ff found for resource ID 0xffffffff.
10-23 14:55:38.284  5002  5074 E gs.intelligence: No package ID ff found for resource ID 0xffffffff.
10-23 14:55:38.284  5002  5074 E gs.intelligence: No package ID ff found for resource ID 0xffffffff.
10-23 14:55:38.284  5002  5074 E gs.intelligence: No package ID ff found for resource ID 0xffffffff.
10-23 14:55:38.284  5002  5074 E gs.intelligence: No package ID ff found for resource ID 0xffffffff.
10-23 14:55:38.284  5002  5074 E gs.intelligence: No package ID ff found for resource ID 0xffffffff.
10-23 14:55:38.284  5002  5074 E gs.intelligence: No package ID ff found for resource ID 0xffffffff.
10-23 14:55:38.284  5002  5074 E gs.intelligence: No package ID ff found for resource ID 0xffffffff.
10-23 14:55:38.284  5002  5074 E gs.intelligence: No package ID ff found for resource ID 0xffffffff.
10-23 14:55:38.284  5002  5074 E gs.intelligence: No package ID ff found for resource ID 0xffffffff.
10-23 14:55:38.284  5002  5074 E gs.intelligence: No package ID ff found for resource ID 0xffffffff.
10-23 14:55:38.284  5002  5074 E gs.intelligence: No package ID ff found for resource ID 0xffffffff.
10-23 14:55:38.284  5002  5074 E gs.intelligence: No package ID ff found for resource ID 0xffffffff.
10-23 14:55:38.284  5002  5074 E gs.intelligence: No package ID ff found for resource ID 0xffffffff.
10-23 14:55:38.284  5002  5074 E gs.intelligence: No package ID ff found for resource ID 0xffffffff.
10-23 14:55:38.284  5002  5074 E gs.intelligence: No package ID ff found for resource ID 0xffffffff.
10-23 14:55:38.284  5002  5074 E gs.intelligence: No package ID ff found for resource ID 0xffffffff.
10-23 14:55:38.285  5002  5074 E gs.intelligence: No package ID ff found for resource ID 0xffffffff.
10-23 14:55:38.285  5002  5074 E gs.intelligence: No package ID ff found for resource ID 0xffffffff.
10-23 14:55:38.285  5002  5074 E gs.intelligence: No package ID ff found for resource ID 0xffffffff.
10-23 14:55:38.285  5002  5074 E gs.intelligence: No package ID ff found for resource ID 0xffffffff.
10-23 14:55:38.285  5002  5074 E gs.intelligence: No package ID ff found for resource ID 0xffffffff.
10-23 14:55:38.285  5002  5074 E gs.intelligence: No package ID ff found for resource ID 0xffffffff.
10-23 14:55:38.285  5002  5074 E gs.intelligence: No package ID ff found for resource ID 0xffffffff.
