10-23 14:55:22.229  3041  3436 D HeterodyneSyncer: updateFlag: com.google.android.finsky.stable, 83561110, 3, , UnivisionUiLogging__cluster_visibility_tracking_percentile
10-23 14:55:22.230  3041  3436 D HeterodyneSyncer: updateFlag: com.google.android.finsky.stable, 83561110, 3, , UnivisionUiLogging__disable_legacy_for_details_page
10-23 14:55:22.230  3041  3436 D HeterodyneSyncer: updateFlag: com.google.android.finsky.stable, 83561110, 3, , UnivisionUiLogging__disable_legacy_for_home
10-23 14:55:22.230  3041  3436 D HeterodyneSyncer: updateFlag: com.google.android.finsky.stable, 83561110, 3, , UnivisionUiLogging__disable_legacy_for_screen_framework
10-23 14:55:22.230  3041  3436 D HeterodyneSyncer: updateFlag: com.google.android.finsky.stable, 83561110, 3, , UnivisionUiLogging__disable_legacy_for_search_suggest
10-23 14:55:22.230  3041  3436 D HeterodyneSyncer: updateFlag: com.google.android.finsky.stable, 83561110, 3, , UnivisionUiLogging__enable_attention_logging
10-23 14:55:22.230  3041  3436 D HeterodyneSyncer: updateFlag: com.google.android.finsky.stable, 83561110, 3, , UnivisionUiLogging__enable_click_target_fix
10-23 14:55:22.230  3041  3436 D HeterodyneSyncer: updateFlag: com.google.android.finsky.stable, 83561110, 3, , UnivisionUiLogging__enable_cluster_visibility_tracking
10-23 14:55:22.230  3041  3436 D HeterodyneSyncer: updateFlag: com.google.android.finsky.stable, 83561110, 3, , UnivisionUiLogging__enable_gil_for_cubes
10-23 14:55:22.230  3041  3436 D HeterodyneSyncer: updateFlag: com.google.android.finsky.stable, 83561110, 3, , UnivisionUiLogging__enable_gil_for_details_page
10-23 14:55:22.230  3041  3436 D HeterodyneSyncer: updateFlag: com.google.android.finsky.stable, 83561110, 3, , UnivisionUiLogging__enable_gil_for_home
10-23 14:55:22.230  3041  3436 D HeterodyneSyncer: updateFlag: com.google.android.finsky.stable, 83561110, 3, , UnivisionUiLogging__enable_gil_for_my_reviews
10-23 14:55:22.230  3041  3436 D HeterodyneSyncer: updateFlag: com.google.android.finsky.stable, 83561110, 3, , UnivisionUiLogging__enable_gil_for_screen_framework
10-23 14:55:22.230  3041  3436 D HeterodyneSyncer: updateFlag: com.google.android.finsky.stable, 83561110, 3, , UnivisionUiLogging__enable_gil_for_search_suggest
10-23 14:55:22.230  3041  3436 D HeterodyneSyncer: updateFlag: com.google.android.finsky.stable, 83561110, 3, , UnivisionUiLogging__enable_gil_for_serp
10-23 14:55:22.230  3041  3436 D HeterodyneSyncer: updateFlag: com.google.android.finsky.stable, 83561110, 3, , UnivisionUiLogging__enable_gil_update_cve_on_logging_thread
10-23 14:55:22.230  3041  3436 D HeterodyneSyncer: updateFlag: com.google.android.finsky.stable, 83561110, 3, , UnivisionUiLogging__gil_batch_duration_ms
10-23 14:55:22.230  3041  3436 D HeterodyneSyncer: updateFlag: com.google.android.finsky.stable, 83561110, 3, , UnivisionUiLogging__gil_log_batching_duration_ms
10-23 14:55:22.230  3041  3436 D HeterodyneSyncer: updateFlag: com.google.android.finsky.stable, 83561110, 3, , UnivisionUiLogging__stop_visibility_tracking_after_visible
10-23 14:55:22.230  3041  3436 D HeterodyneSyncer: updateFlag: com.google.android.finsky.stable, 83561110, 3, , UnivisionUiLogging__use_compose_node_for_page_in_gil
10-23 14:55:22.230  3041  3436 D HeterodyneSyncer: updateFlag: com.google.android.finsky.stable, 83561110, 3, , Univision__disable_lazy_column_fade_animation
10-23 14:55:22.230  3041  3436 D HeterodyneSyncer: updateFlag: com.google.android.finsky.stable, 83561110, 3, , Univision__disable_preinflation
10-23 14:55:22.230  3041  3436 D HeterodyneSyncer: updateFlag: com.google.android.finsky.stable, 83561110, 3, , Univision__enable_aot_state_logging
10-23 14:55:22.230  3041  3436 D HeterodyneSyncer: updateFlag: com.google.android.finsky.stable, 83561110, 3, , Univision__enable_async_cluster_rendering_latency_logging
10-23 14:55:22.230  3041  3436 D HeterodyneSyncer: updateFlag: com.google.android.finsky.stable, 83561110, 3, , Univision__enable_automated_retry
10-23 14:55:22.230  3041  3436 D HeterodyneSyncer: updateFlag: com.google.android.finsky.stable, 83561110, 3, , Univision__enable_background_delivery
10-23 14:55:22.230  3041  3436 D HeterodyneSyncer: updateFlag: com.google.android.finsky.stable, 83561110, 3, , Univision__enable_browse_response_prefetch_handler
10-23 14:55:22.230  3041  3436 D HeterodyneSyncer: updateFlag: com.google.android.finsky.stable, 83561110, 3, , Univision__enable_chunking_for_generic_cluster
10-23 14:55:22.230  3041  3436 D HeterodyneSyncer: updateFlag: com.google.android.finsky.stable, 83561110, 3, , Univision__enable_dagger_non_singleton_prewarm_for_serp
10-23 14:55:22.230  3041  3436 D HeterodyneSyncer: updateFlag: com.google.android.finsky.stable, 83561110, 3, , Univision__enable_dagger_singleton_prewarm_for_serp
10-23 14:55:22.232  3041  3436 D HeterodyneSyncer: updateFlag: com.google.android.finsky.stable, 83561110, 3, , Univision__enable_early_fetch_async_ads
10-23 14:55:22.232  3041  3436 D HeterodyneSyncer: updateFlag: com.google.android.finsky.stable, 83561110, 3, , Univision__enable_event_details_page
10-23 14:55:22.232  3041  3436 D HeterodyneSyncer: updateFlag: com.google.android.finsky.stable, 83561110, 3, , Univision__enable_expanded_description_page
10-23 14:55:22.232  3041  3436 D HeterodyneSyncer: updateFlag: com.google.android.finsky.stable, 83561110, 3, , Univision__enable_metadataui_improvements
10-23 14:55:22.232  3041  3436 D HeterodyneSyncer: updateFlag: com.google.android.finsky.stable, 83561110, 3, , Univision__enable_metadataui_v2
10-23 14:55:22.232  3041  3436 D HeterodyneSyncer: updateFlag: com.google.android.finsky.stable, 83561110, 3, , Univision__enable_my_reviews_page
10-23 14:55:22.232  3041  3436 D HeterodyneSyncer: updateFlag: com.google.android.finsky.stable, 83561110, 3, , Univision__enable_prewarm_compose_classes
10-23 14:55:22.232  3041  3436 D HeterodyneSyncer: updateFlag: com.google.android.finsky.stable, 83561110, 3, , Univision__enable_prewarm_compose_classes_process_start_delayed
10-23 14:55:22.232  3041  3436 D HeterodyneSyncer: updateFlag: com.google.android.finsky.stable, 83561110, 3, , Univision__enable_prewarm_compose_classes_serp
10-23 14:55:22.232  3041  3436 D HeterodyneSyncer: updateFlag: com.google.android.finsky.stable, 83561110, 3, , Univision__enable_screenshots_page
10-23 14:55:22.232  3041  3436 D HeterodyneSyncer: updateFlag: com.google.android.finsky.stable, 83561110, 3, , Univision__enable_search_suggest_page
10-23 14:55:22.232  3041  3436 D HeterodyneSyncer: updateFlag: com.google.android.finsky.stable, 83561110, 3, , Univision__enable_stream_legacy_pagination
10-23 14:55:22.232  3041  3436 D HeterodyneSyncer: updateFlag: com.google.android.finsky.stable, 83561110, 3, , Univision__enable_stream_store_cache_clearing
10-23 14:55:22.232  3041  3436 D HeterodyneSyncer: updateFlag: com.google.android.finsky.stable, 83561110, 3, , Univision__enable_throttling_fix
10-23 14:55:22.232  3041  3436 D HeterodyneSyncer: updateFlag: com.google.android.finsky.stable, 83561110, 3, , Univision__enable_throttling_in_stream
10-23 14:55:22.232  3041  3436 D HeterodyneSyncer: updateFlag: com.google.android.finsky.stable, 83561110, 3, , Univision__enable_throttling_second_page_size
10-23 14:55:22.232  3041  3436 D HeterodyneSyncer: updateFlag: com.google.android.finsky.stable, 83561110, 3, , Univision__enable_vtc_logging
10-23 14:55:22.232  3041  3436 D HeterodyneSyncer: updateFlag: com.google.android.finsky.stable, 83561110, 3, , Univision__enable_vtc_logging_home
10-23 14:55:22.232  3041  3436 D HeterodyneSyncer: updateFlag: com.google.android.finsky.stable, 83561110, 3, , Univision__enable_vtc_logging_home_fragment
10-23 14:55:22.232  3041  3436 D HeterodyneSyncer: updateFlag: com.google.android.finsky.stable, 83561110, 3, , Univision__home_injected_jank_ms
10-23 14:55:22.232  3041  3436 D HeterodyneSyncer: updateFlag: com.google.android.finsky.stable, 83561110, 3, , Univision__image_load_started_logging_location
10-23 14:55:22.232  3041  3436 D HeterodyneSyncer: updateFlag: com.google.android.finsky.stable, 83561110, 3, , Univision__initialize_lottie_network_fetcher
10-23 14:55:22.232  3041  3436 D HeterodyneSyncer: updateFlag: com.google.android.finsky.stable, 83561110, 3, , Univision__kick_off_stream_data_model_loading_early
10-23 14:55:22.232  3041  3436 D HeterodyneSyncer: updateFlag: com.google.android.finsky.stable, 83561110, 3, , Univision__load_item_client_state_flow_directly
10-23 14:55:22.232  3041  3436 D HeterodyneSyncer: updateFlag: com.google.android.finsky.stable, 83561110, 3, , Univision__load_item_client_state_flow_in_bg_thread
10-23 14:55:22.232  3041  3436 D HeterodyneSyncer: updateFlag: com.google.android.finsky.stable, 83561110, 3, , Univision__migrate_items_to_stream_data_store
10-23 14:55:22.232  3041  3436 D HeterodyneSyncer: updateFlag: com.google.android.finsky.stable, 83561110, 3, , Univision__migrate_streams_to_stream_data_store
10-23 14:55:22.232  3041  3436 D HeterodyneSyncer: updateFlag: com.google.android.finsky.stable, 83561110, 3, , Univision__preload_async_wrapper_cluster
10-23 14:55:22.232  3041  3436 D HeterodyneSyncer: updateFlag: com.google.android.finsky.stable, 83561110, 3, , Univision__prewarm_item_client_state_flows
10-23 14:55:22.234  3041  3436 D HeterodyneSyncer: updateFlag: com.google.android.finsky.stable, 83561110, 3, , Univision__prewarm_on_serp_delay_ms
10-23 14:55:22.243  3041  3436 D HeterodyneSyncer: updateFlag: com.google.android.finsky.stable, 83561110, 3, , Univision__serp_injected_jank_ms
10-23 14:55:22.243  3041  3436 D HeterodyneSyncer: updateFlag: com.google.android.finsky.stable, 83561110, 3, , Univision__should_refresh_soft_ttl_expired_items
10-23 14:55:22.243  3041  3436 D HeterodyneSyncer: updateFlag: com.google.android.finsky.stable, 83561110, 3, , Univision__storagelayer_implementation
10-23 14:55:22.243  3041  3436 D HeterodyneSyncer: updateFlag: com.google.android.finsky.stable, 83561110, 3, , Univision__stream_data_store_migrate_from_cache_to_storage
10-23 14:55:22.243  3041  3436 D HeterodyneSyncer: updateFlag: com.google.android.finsky.stable, 83561110, 3, , Univision__stream_store_migrate_from_storage_to_cache
10-23 14:55:22.243  3041  3436 D HeterodyneSyncer: updateFlag: com.google.android.finsky.stable, 83561110, 3, , Univision__upload_aot_state_line
10-23 14:55:22.243  3041  3436 D HeterodyneSyncer: updateFlag: com.google.android.finsky.stable, 83561110, 3, , Univision__use_stream_data_store_stream_node_fetcher
10-23 14:55:22.243  3041  3436 D HeterodyneSyncer: updateFlag: com.google.android.finsky.stable, 83561110, 3, , UseGm3Icons__enable_gm3_all_categories_images
10-23 14:55:22.243  3041  3436 D HeterodyneSyncer: updateFlag: com.google.android.finsky.stable, 83561110, 3, , UseGm3Icons__enable_gm3_icons
10-23 14:55:22.243  3041  3436 D HeterodyneSyncer: updateFlag: com.google.android.finsky.stable, 83561110, 3, , UserConsents__enable_upload_swaadl_unified_sync_payload
10-23 14:55:22.243  3041  3436 D HeterodyneSyncer: updateFlag: com.google.android.finsky.stable, 83561110, 3, , UserConsents__upload_swaadl_unified_sync_payload_reuse_duration
10-23 14:55:22.243  3041  3436 D HeterodyneSyncer: updateFlag: com.google.android.finsky.stable, 83561110, 3, , UserPerceivedLatency__disable_loading_delay_on_serp
10-23 14:55:22.243  3041  3436 D HeterodyneSyncer: updateFlag: com.google.android.finsky.stable, 83561110, 3, , UserPerceivedLatency__dms_default_loading_delay
10-23 14:55:22.243  3041  3436 D HeterodyneSyncer: updateFlag: com.google.android.finsky.stable, 83561110, 3, , UserPerceivedLatency__enable_display_mode_switcher_on_browse_page
10-23 14:55:22.243  3041  3436 D HeterodyneSyncer: updateFlag: com.google.android.finsky.stable, 83561110, 3, , UserPerceivedLatency__enable_display_mode_switcher_on_browse_stream
10-23 14:55:22.243  3041  3436 D HeterodyneSyncer: updateFlag: com.google.android.finsky.stable, 83561110, 3, , UserPerceivedLatency__enable_display_mode_switcher_on_home_page
10-23 14:55:22.243  3041  3436 D HeterodyneSyncer: updateFlag: com.google.android.finsky.stable, 83561110, 3, , UserPerceivedLatency__enable_display_mode_switcher_on_home_stream
10-23 14:55:22.243  3041  3436 D HeterodyneSyncer: updateFlag: com.google.android.finsky.stable, 83561110, 3, , UserPerceivedLatency__enable_display_mode_switcher_on_search_page
10-23 14:55:22.243  3041  3436 D HeterodyneSyncer: updateFlag: com.google.android.finsky.stable, 83561110, 3, , UserPerceivedLatency__enable_placeholder_on_thumbnail
10-23 14:55:22.243  3041  3436 D HeterodyneSyncer: updateFlag: com.google.android.finsky.stable, 83561110, 3, , UserPerceivedLatency__enable_upl_on_async_cluster
10-23 14:55:22.243  3041  3436 D HeterodyneSyncer: updateFlag: com.google.android.finsky.stable, 83561110, 3, , UserPerceivedLatency__enable_upl_on_browse_page
10-23 14:55:22.243  3041  3436 D HeterodyneSyncer: updateFlag: com.google.android.finsky.stable, 83561110, 3, , UserPerceivedLatency__enable_upl_on_home_page
10-23 14:55:22.243  3041  3436 D HeterodyneSyncer: updateFlag: com.google.android.finsky.stable, 83561110, 3, , UserPerceivedLatency__enable_upl_on_home_page_vertical_scroll
10-23 14:55:22.243  3041  3436 D HeterodyneSyncer: updateFlag: com.google.android.finsky.stable, 83561110, 3, , UserPerceivedLatency__enable_upl_on_search_page_jpkr
10-23 14:55:22.243  3041  3436 D HeterodyneSyncer: updateFlag: com.google.android.finsky.stable, 83561110, 3, , UserPerceivedLatency__enable_upl_on_search_page_scroll
10-23 14:55:22.243  3041  3436 D HeterodyneSyncer: updateFlag: com.google.android.finsky.stable, 83561110, 3, , UserSettingsCacheClearing__unique_id
10-23 14:55:22.243  3041  3436 D HeterodyneSyncer: updateFlag: com.google.android.finsky.stable, 83561110, 3, , ValueStore__cleanup_app_state_valuestore
10-23 14:55:22.243  3041  3436 D HeterodyneSyncer: updateFlag: com.google.android.finsky.stable, 83561110, 3, , ValueStore__enable_warm_native_dataloader_value_stores
10-23 14:55:22.243  3041  3436 D HeterodyneSyncer: updateFlag: com.google.android.finsky.stable, 83561110, 3, , ValueStore__run_native_warm_protodatastore_comparison_hygiene_job_with_inotify
10-23 14:55:22.243  3041  3436 D HeterodyneSyncer: updateFlag: com.google.android.finsky.stable, 83561110, 3, , ValueStore__run_native_warm_protodatastore_comparison_hygiene_job_with_unordered_broadcast
10-23 14:55:22.243  3041  3436 D HeterodyneSyncer: updateFlag: com.google.android.finsky.stable, 83561110, 3, , VerticalScrollerFeatures__disable_certain_ui_model_tracking
10-23 14:55:22.243  3041  3436 D HeterodyneSyncer: updateFlag: com.google.android.finsky.stable, 83561110, 3, , VideoAutoPlayComposeScroller__is_enabled
10-23 14:55:22.243  3041  3436 D HeterodyneSyncer: updateFlag: com.google.android.finsky.stable, 83561110, 3, , ViewPager__disable_primarynav_offscreen_tab_view_biniding
10-23 14:55:22.243  3041  3436 D HeterodyneSyncer: updateFlag: com.google.android.finsky.stable, 83561110, 3, , VisRefresh__cluster_header_lite_option
10-23 14:55:22.243  3041  3436 D HeterodyneSyncer: updateFlag: com.google.android.finsky.stable, 83561110, 3, , VisRefresh__cluster_padding_option
10-23 14:55:22.244  3041  3436 D HeterodyneSyncer: updateFlag: com.google.android.finsky.stable, 83561110, 3, , VisRefresh__enable_apps_ads_auto_scroll
10-23 14:55:22.244  3041  3436 D HeterodyneSyncer: updateFlag: com.google.android.finsky.stable, 83561110, 3, , VisRefresh__enable_apps_ads_auto_scroll_delay
10-23 14:55:22.244  3041  3436 D HeterodyneSyncer: updateFlag: com.google.android.finsky.stable, 83561110, 3, , VisRefresh__enable_button_animation
10-23 14:55:22.244  3041  3436 D HeterodyneSyncer: updateFlag: com.google.android.finsky.stable, 83561110, 3, , VisRefresh__enable_delay_post_install_ads_display
10-23 14:55:22.244  3041  3436 D HeterodyneSyncer: updateFlag: com.google.android.finsky.stable, 83561110, 3, , VisRefresh__enable_dynamically_inflate_action_button_group
10-23 14:55:22.244  3041  3436 D HeterodyneSyncer: updateFlag: com.google.android.finsky.stable, 83561110, 3, , VisRefresh__enable_fully_transparent_sys_nav_on_q
10-23 14:55:22.244  3041  3436 D HeterodyneSyncer: updateFlag: com.google.android.finsky.stable, 83561110, 3, , VisRefresh__enable_visual_refresh
10-23 14:55:22.244  3041  3436 D HeterodyneSyncer: updateFlag: com.google.android.finsky.stable, 83561110, 3, , VisualRefreshPhase2__details_page_transition_option
10-23 14:55:22.244  3041  3436 D HeterodyneSyncer: updateFlag: com.google.android.finsky.stable, 83561110, 3, , VisualRefreshPhase2__enable_badging_simplification
10-23 14:55:22.244  3041  3436 D HeterodyneSyncer: updateFlag: com.google.android.finsky.stable, 83561110, 3, , VisualRefreshPhase2__enable_details_page_clarification
10-23 14:55:22.244  3041  3436 D HeterodyneSyncer: updateFlag: com.google.android.finsky.stable, 83561110, 3, , VisualRefreshPhase2__enable_details_page_clarification_reorder_only
10-23 14:55:22.244  3041  3436 D HeterodyneSyncer: updateFlag: com.google.android.finsky.stable, 83561110, 3, , VisualRefreshPhase2__enable_details_page_clarification_smaller_padding
10-23 14:55:22.244  3041  3436 D HeterodyneSyncer: updateFlag: com.google.android.finsky.stable, 83561110, 3, , VisualRefreshPhase2__enable_details_page_clarification_smallest_padding
10-23 14:55:22.244  3041  3436 D HeterodyneSyncer: updateFlag: com.google.android.finsky.stable, 83561110, 3, , VisualRefreshPhase2__enable_immersive_header_migration_user_voting
10-23 14:55:22.244  3041  3436 D HeterodyneSyncer: updateFlag: com.google.android.finsky.stable, 83561110, 3, , VisualRefreshPhase2__enable_install_aware_thumbnail_dynamic_inflation
10-23 14:55:22.244  3041  3436 D HeterodyneSyncer: updateFlag: com.google.android.finsky.stable, 83561110, 3, , VisualRefreshPhase2__enable_lazy_install_aware_thumbnail_inflation
10-23 14:55:22.244  3041  3436 D HeterodyneSyncer: updateFlag: com.google.android.finsky.stable, 83561110, 3, , VisualRefreshPhase2__min_ram_to_enable_details_page_transition
10-23 14:55:22.244  3041  3436 D HeterodyneSyncer: updateFlag: com.google.android.finsky.stable, 83561110, 3, , VoiceSearch__enable_voice_search_button_visibility_logging
10-23 14:55:22.244  3041  3436 D HeterodyneSyncer: updateFlag: com.google.android.finsky.stable, 83561110, 3, , VoiceSearch__voice_search_max_results
10-23 14:55:22.244  3041  3436 D HeterodyneSyncer: updateFlag: com.google.android.finsky.stable, 83561110, 3, , WideMediaVideoScreenshotHeightOverride__enable_cluster_height_override
10-23 14:55:22.244  3041  3436 D HeterodyneSyncer: updateFlag: com.google.android.finsky.stable, 83561110, 3, , XffSplitButtonFix__apply_split_button_fix
10-23 14:55:22.245  3041  4229 E PhenotypeCombinedFlags: Config package com.google.android.gms.phenotype cannot use PROCESS_STABLE backing without declarative registration. See go/phenotype-android-integration#phenotype for more information. This will lead to stale flags.
10-23 14:55:22.248  3041  3436 D HeterodyneSyncer: update experiment token: com.google.android.finsky.stable, 83561110,
10-23 14:55:22.258  4375  4375 I ystem:dynsystem: Using CollectorTypeCC GC.
10-23 14:55:22.259  4375  4375 W ystem:dynsystem: Unexpected CPU variant for x86: x86_64.
10-23 14:55:22.259  4375  4375 W ystem:dynsystem: Known variants: atom, sandybridge, silvermont, goldmont, goldmont-plus, tremont, kabylake, default
10-23 14:55:22.261  3041  3436 D HeterodyneConfigVersion: clearing HeterodyneConfigVersionCache
10-23 14:55:22.261  3041  4229 E PhenotypeCombinedFlags: Config package com.google.android.gms.phenotype cannot use PROCESS_STABLE backing without declarative registration. See go/phenotype-android-integration#phenotype for more information. This will lead to stale flags.
10-23 14:55:22.265  3041  4229 E PhenotypeCombinedFlags: Config package com.google.android.gms.phenotype cannot use PROCESS_STABLE backing without declarative registration. See go/phenotype-android-integration#phenotype for more information. This will lead to stale flags.
10-23 14:55:22.265  3041  4229 E PhenotypeCombinedFlags: Config package com.google.android.gms.phenotype cannot use PROCESS_STABLE backing without declarative registration. See go/phenotype-android-integration#phenotype for more information. This will lead to stale flags.
10-23 14:55:22.270  4375  4375 E ystem:dynsystem: Not starting debugger since process cannot load the jdwp agent.
10-23 14:55:22.273  3041  3436 D GetConfigurationSnapsho: getFullConfigurations
10-23 14:55:22.281  1348  1508 I NearbyFastPair: DynamicSupportModule: onSupportStateUpdate start [CONTEXT service_id=265 ]
10-23 14:55:22.282  1348  1508 I NearbyFastPair: DynamicSupportModule: onSupportStateUpdate end [CONTEXT service_id=265 ]
10-23 14:55:22.282  1348  1508 I NearbyFastPair: DynamicSupportModule: onSupportStateUpdate start [CONTEXT service_id=265 ]
10-23 14:55:22.282  1348  1508 I NearbyFastPair: DynamicSupportModule: onSupportStateUpdate end [CONTEXT service_id=265 ]
10-23 14:55:22.294  1348  1360 W .gms.persistent: Suspending all threads took: 5.437ms
10-23 14:55:22.299  1348  3951 I Nearby  : is blocked device type false, isAuto=false, isIot=false, isLatchsky=false, isChinaWearable=false, isTv=false, isWearable=false (supportWearOs=false), isChromeOsDevice=false (supportChromeOs=false) [CONTEXT service_id=49 ]
10-23 14:55:22.299  1348  1360 I .gms.persistent: Background concurrent copying GC freed 207511(8700KB) AllocSpace objects, 26(2624KB) LOS objects, 49% free, 10MB/21MB, paused 17us,5.665ms total 955.644ms
10-23 14:55:22.300  3041  4229 E PhenotypeCombinedFlags: Config package com.google.android.gms.phenotype cannot use PROCESS_STABLE backing without declarative registration. See go/phenotype-android-integration#phenotype for more information. This will lead to stale flags.
10-23 14:55:22.306   524   869 D NetworkStatsObservers: Unregistering RequestInfo from pid/uid:524/1000(android) for DataUsageRequest [ requestId=5, networkTemplate=NetworkTemplate: matchRule=MOBILE, matchSubscriberIds=[310260...], matchWifiNetworkKeys=[], metered=YES, defaultNetwork=NO, thresholdInBytes=3457041 ] accessLevel:3
10-23 14:55:22.307   524   788 D NetworkStatsObservers: Registering observer for RequestInfo from pid/uid:524/1000(android) for DataUsageRequest [ requestId=6, networkTemplate=NetworkTemplate: matchRule=MOBILE, matchSubscriberIds=[310260...], matchWifiNetworkKeys=[], metered=YES, defaultNetwork=NO, thresholdInBytes=3454409 ] accessLevel:3
10-23 14:55:22.316  3041  3052 I android.vending: Compiler allocated 5889KB to compile void ainp.v(java.util.Set, long, apar, apas, java.util.List, java.util.LinkedHashMap, arzo, aino, boolean)
10-23 14:55:22.339  2278  2868 W .android.as.oss: Accessing hidden method Lcom/android/org/conscrypt/ConscryptEngineSocket;->setUseSessionTickets(Z)V (max-target-q,core-platform-api, reflection, denied)
10-23 14:55:22.339  2278  2868 W .android.as.oss: Accessing hidden method Lcom/android/org/conscrypt/OpenSSLSocketImpl;->setUseSessionTickets(Z)V (max-target-q,core-platform-api, reflection, denied)
10-23 14:55:22.339  2278  2868 W .android.as.oss: Accessing hidden method Lcom/android/org/conscrypt/AbstractConscryptSocket;->setUseSessionTickets(Z)V (max-target-q, reflection, denied)
10-23 14:55:22.339  2278  2868 W .android.as.oss: Accessing hidden method Lcom/android/org/conscrypt/ConscryptEngineSocket;->setHostname(Ljava/lang/String;)V (max-target-q,core-platform-api, reflection, denied)
10-23 14:55:22.339  2278  2868 W .android.as.oss: Accessing hidden method Lcom/android/org/conscrypt/OpenSSLSocketImpl;->setHostname(Ljava/lang/String;)V (max-target-q,core-platform-api, reflection, denied)
10-23 14:55:22.339  2278  2868 W .android.as.oss: Accessing hidden method Lcom/android/org/conscrypt/AbstractConscryptSocket;->setHostname(Ljava/lang/String;)V (max-target-q, reflection, denied)
10-23 14:55:22.339  2278  2868 W .android.as.oss: Accessing hidden method Lcom/android/org/conscrypt/OpenSSLSocketImpl;->setAlpnProtocols([B)V (max-target-q,core-platform-api, reflection, denied)
10-23 14:55:22.339  2278  2868 W .android.as.oss: Accessing hidden method Lcom/android/org/conscrypt/AbstractConscryptSocket;->setAlpnProtocols([B)V (max-target-q, reflection, denied)
10-23 14:55:22.341  1902  4393 D CompatibilityChangeReporter: Compat change id reported: 160794467; UID 10086; state: ENABLED
10-23 14:55:22.345  1348  2523 E AuthPII : [GoogleAccountDataServiceImpl] getToken() -> BAD_AUTHENTICATION. App: com.google.android.gms, Service: oauth2:https://www.googleapis.com/auth/userinfo.email https://www.googleapis.com/auth/account.capabilities https://www.googleapis.com/auth/account.service_flags
10-23 14:55:22.345  1348  2523 E AuthPII : abcp: Long live credential not available.
10-23 14:55:22.345  1348  2523 E AuthPII : 	at mbt.a(:com.google.android.gms@231818047@23.18.18 (190800-535401451):8)
10-23 14:55:22.345  1348  2523 E AuthPII : 	at mca.b(:com.google.android.gms@231818047@23.18.18 (190800-535401451):3)
10-23 14:55:22.345  1348  2523 E AuthPII : 	at lzx.m(:com.google.android.gms@231818047@23.18.18 (190800-535401451):48)
10-23 14:55:22.345  1348  2523 E AuthPII : 	at lyz.a(:com.google.android.gms@231818047@23.18.18 (190800-535401451):22)
10-23 14:55:22.345  1348  2523 E AuthPII : 	at lze.a(:com.google.android.gms@231818047@23.18.18 (190800-535401451):2)
10-23 14:55:22.345  1348  2523 E AuthPII : 	at mcs.b(:com.google.android.gms@231818047@23.18.18 (190800-535401451):3)
10-23 14:55:22.345  1348  2523 E AuthPII : 	at mcs.a(:com.google.android.gms@231818047@23.18.18 (190800-535401451):6)
10-23 14:55:22.345  1348  2523 E AuthPII : 	at lye.hasFeatures(:com.google.android.gms@231818047@23.18.18 (190800-535401451):2)
10-23 14:55:22.345  1348  2523 E AuthPII : 	at android.accounts.AbstractAccountAuthenticator$Transport.hasFeatures(AbstractAccountAuthenticator.java:324)
10-23 14:55:22.345  1348  2523 E AuthPII : 	at android.accounts.IAccountAuthenticator$Stub.onTransact(IAccountAuthenticator.java:299)
10-23 14:55:22.345  1348  2523 E AuthPII : 	at android.os.Binder.transact(Binder.java:1183)
10-23 14:55:22.345  1348  2523 E AuthPII : 	at aumo.onTransact(:com.google.android.gms@231818047@23.18.18 (190800-535401451):1)
10-23 14:55:22.345  1348  2523 E AuthPII : 	at android.os.Binder.transact(Binder.java:1183)
10-23 14:55:22.345  1348  2523 E AuthPII : 	at aoey.onTransact(:com.google.android.gms@231818047@23.18.18 (190800-535401451):22)
10-23 14:55:22.345  1348  2523 E AuthPII : 	at android.os.Binder.execTransactInternal(Binder.java:1344)
10-23 14:55:22.345  1348  2523 E AuthPII : 	at android.os.Binder.execTransact(Binder.java:1275)
10-23 14:55:22.345  1348  2523 E AuthPII : Message is Long live credential not available.
10-23 14:55:22.345  1348  2523 E AuthPII : abcp: Long live credential not available.
10-23 14:55:22.345  1348  2523 E AuthPII : 	at mbt.a(:com.google.android.gms@231818047@23.18.18 (190800-535401451):8)
10-23 14:55:22.345  1348  2523 E AuthPII : 	at mca.b(:com.google.android.gms@231818047@23.18.18 (190800-535401451):3)
10-23 14:55:22.345  1348  2523 E AuthPII : 	at lzx.m(:com.google.android.gms@231818047@23.18.18 (190800-535401451):48)
10-23 14:55:22.345  1348  2523 E AuthPII : 	at lyz.a(:com.google.android.gms@231818047@23.18.18 (190800-535401451):22)
10-23 14:55:22.345  1348  2523 E AuthPII : 	at lze.a(:com.google.android.gms@231818047@23.18.18 (190800-535401451):2)
10-23 14:55:22.345  1348  2523 E AuthPII : 	at mcs.b(:com.google.android.gms@231818047@23.18.18 (190800-535401451):3)
10-23 14:55:22.345  1348  2523 E AuthPII : 	at mcs.a(:com.google.android.gms@231818047@23.18.18 (190800-535401451):6)
10-23 14:55:22.345  1348  2523 E AuthPII : 	at lye.hasFeatures(:com.google.android.gms@231818047@23.18.18 (190800-535401451):2)
10-23 14:55:22.345  1348  2523 E AuthPII : 	at android.accounts.AbstractAccountAuthenticator$Transport.hasFeatures(AbstractAccountAuthenticator.java:324)
10-23 14:55:22.345  1348  2523 E AuthPII : 	at android.accounts.IAccountAuthenticator$Stub.onTransact(IAccountAuthenticator.java:299)
10-23 14:55:22.345  1348  2523 E AuthPII : 	at android.os.Binder.transact(Binder.java:1183)
10-23 14:55:22.345  1348  2523 E AuthPII : 	at aumo.onTransact(:com.google.android.gms@231818047@23.18.18 (190800-535401451):1)
10-23 14:55:22.345  1348  2523 E AuthPII : 	at android.os.Binder.transact(Binder.java:1183)
10-23 14:55:22.345  1348  2523 E AuthPII : 	at aoey.onTransact(:com.google.android.gms@231818047@23.18.18 (190800-535401451):22)
10-23 14:55:22.345  1348  2523 E AuthPII : 	at android.os.Binder.execTransactInternal(Binder.java:1344)
10-23 14:55:22.345  1348  2523 E AuthPII : 	at android.os.Binder.execTransact(Binder.java:1275)
10-23 14:55:22.350   524   941 I ImeTracker: com.example.lunchtray:5130d3ad: onRequestHide at ORIGIN_SERVER_HIDE_INPUT reason HIDE_UNSPECIFIED_WINDOW
10-23 14:55:22.350   524   941 I ImeTracker: com.example.lunchtray:5130d3ad: onCancelled at PHASE_SERVER_SHOULD_HIDE
10-23 14:55:22.352  1348  2523 W Auth    : [AccountStateSyncher] Unable to look up account state from server: couldn't fetch accessToken [CONTEXT service_id=153 ]
10-23 14:55:22.356  1089  1089 D CarrierConfigLoader: mHandler: EVENT_DO_FETCH_DEFAULT phoneId: 0
10-23 14:55:22.359  1089  1089 D CarrierConfigLoader: File not found : /data/user_de/0/com.android.phone/files/carrierconfig-com.android.carrierconfig-override-89860***************-1.xml
10-23 14:55:22.362  1348  2523 W Auth    : [GaiaServicesFlagManager] Services not available! [CONTEXT service_id=153 ]
10-23 14:55:22.363  1058  1441 I HeadsetPhoneState: stopListenForPhoneState(), no listener indicates nothing is listening
10-23 14:55:22.363  1058  1441 W HeadsetPhoneState: startListenForPhoneState, no event to listen
10-23 14:55:22.368  1575  1575 I GoogleInputMethodService: GoogleInputMethodService.onFinishInput():3227
10-23 14:55:22.373  1089  1089 D CarrierConfigLoader: Loaded config from XML. package=com.android.carrierconfig phoneId=0
10-23 14:55:22.374  1089  1089 D CarrierConfigLoader: mHandler: EVENT_FETCH_DEFAULT_DONE phoneId: 0
10-23 14:55:22.374  1089  1089 D CarrierConfigLoader: updateSubscriptionDatabase: phoneId=0
10-23 14:55:22.375  1089  1089 D CarrierConfigLoader: mHandler: EVENT_SYSTEM_UNLOCKED phoneId: 0
10-23 14:55:22.375  1089  1089 D CarrierConfigLoader: System unlocked
10-23 14:55:22.375  1089  1089 D CarrierConfigLoader: mHandler: EVENT_DO_FETCH_DEFAULT phoneId: 0
10-23 14:55:22.378  1575  1575 I GoogleInputMethodService: GoogleInputMethodService.updateDeviceLockedStatus():2087 repeatCheckTimes = 0, unlocked = true
10-23 14:55:22.381  3041  3436 D CommitToConfigurationOp: real commit done, callingPackage: com.android.vending snapshot:  com.google.android.finsky.stable 83561110 1 225328557 com.google.android.finsky.stable  0
10-23 14:55:22.381  3041  3436 D ExperimentTokensCache: Clearing ExperimentTokensCache
10-23 14:55:22.381  1575  1575 I GoogleInputMethodService: GoogleInputMethodService.onStartInput():1877 onStartInput(EditorInfo{inputType=0x0(NULL) imeOptions=0x0 privateImeOptions=null actionName=UNSPECIFIED actionLabel=null actionId=0 initialSelStart=-1 initialSelEnd=-1 initialCapsMode=0x0 hintText=null label=null packageName=com.example.lunchtray fieldId=0 fieldName=null extras=null}, false)
10-23 14:55:22.381  1575  1575 I GoogleInputMethodService: GoogleInputMethodService.shouldHideHeaderOnInitialState():4008 ShouldHideHeaderOnInitialState = false
10-23 14:55:22.381  1575  1575 I GoogleInputMethodService: GoogleInputMethodService.updateDeviceLockedStatus():2087 repeatCheckTimes = 2, unlocked = true
10-23 14:55:22.382  1089  1089 D CarrierConfigLoader: File not found : /data/user_de/0/com.android.phone/files/carrierconfig-com.android.carrierconfig-override-89860***************-1.xml
10-23 14:55:22.383  1089  1089 D CarrierConfigLoader: Loaded config from XML. package=com.android.carrierconfig phoneId=0
10-23 14:55:22.383  1089  1089 D MultiSimSettingController: notifySubscriptionInfoChanged
10-23 14:55:22.386  1089  1275 D TelephonyProvider: subIdString = 1 subId = 1
10-23 14:55:22.388  3041  4229 E PhenotypeCombinedFlags: Config package com.google.android.gms.phenotype cannot use PROCESS_STABLE backing without declarative registration. See go/phenotype-android-integration#phenotype for more information. This will lead to stale flags.
10-23 14:55:22.391  3041  3429 I Finsky  : [44] yzq.ai(3): Writing flags config, size 1.
10-23 14:55:22.392  3041  3429 I Finsky  : [44] yzq.ai(3): Started writing experiment flags into file [8uKij9Tp4PZyjSvh8NyLyFvuCv94NONrKvkkdzEKIoQ].
10-23 14:55:22.393  3041  3429 I Finsky  : [44] yzq.ai(17): Finished writing experiment flags into file [8uKij9Tp4PZyjSvh8NyLyFvuCv94NONrKvkkdzEKIoQ].
10-23 14:55:22.395  3041  3429 I Finsky  : [44] vwx.g(23): Successfully applied new configurations for package com.google.android.finsky.stable.
10-23 14:55:22.399  3041  3429 I Finsky  : [44] vwx.g(29): [EExp] Exporting experiments for package com.google.android.finsky.stable.
10-23 14:55:22.399  1093  1093 D BootBroadcastReceiver: refresh periodic job from action=android.intent.action.BOOT_COMPLETED
10-23 14:55:22.400  3041  3429 I Finsky  : [44] xxf.n(3): [EExp] Exporting experiments for namespace com.google.android.finsky.stable.
10-23 14:55:22.401  1093  1093 D CompatibilityChangeReporter: Compat change id reported: 160794467; UID 1000; state: ENABLED
10-23 14:55:22.410  1093  1093 D PeriodicJobManager: schedule next alarm job at Oct 23, 2023, 15:00:00
10-23 14:55:22.410  2278  2868 W .android.as.oss: Accessing hidden method Lcom/android/org/conscrypt/OpenSSLSocketImpl;->getAlpnSelectedProtocol()[B (max-target-q,core-platform-api, reflection, denied)
10-23 14:55:22.410  2278  2868 W .android.as.oss: Accessing hidden method Lcom/android/org/conscrypt/AbstractConscryptSocket;->getAlpnSelectedProtocol()[B (max-target-q, reflection, denied)
10-23 14:55:22.418  1093  1093 D BatterySettingsMigrateChecker: invoke verifySaverConfiguration()
10-23 14:55:22.421  2278  2868 I HttpGrpcBindableService: Responding with header information for URL 'https://storage.googleapis.com/captions/captions_i18n_v0_20210623_manifest.json'
10-23 14:55:22.422  2278  3015 I HttpGrpcBindableService: [pfd-write] DOWNLOAD COMPLETE: Downloaded 3481 bytes from URL [https://storage.googleapis.com/captions/captions_i18n_v0_20210623_manifest.json].
10-23 14:55:22.429   524   524 I AS.AudioService: onSubscriptionsChanged()
10-23 14:55:22.433  1657  2785 I AstreaHttpConnection: Started download from url='https://storage.googleapis.com/captions/captions_i18n_v0_20210623_manifest.json'
10-23 14:55:22.435  1089  1089 D CarrierConfigLoader: mHandler: EVENT_SUBSCRIPTION_INFO_UPDATED phoneId: 0
10-23 14:55:22.435  3041  3041 I Finsky  : [2] lmr.onSubscriptionsChanged(1): onSubscriptionsChanged
10-23 14:55:22.436  1093  1093 D BatterySettingsMigrateChecker: invoke verifyOptimizationModes()
10-23 14:55:22.441  1089  1089 D CarrierConfigLoader: Broadcast CARRIER_CONFIG_CHANGED for phone 0, subId=1
10-23 14:55:22.446  1089  1089 I VvmSimStateTracker: android.intent.action.BOOT_COMPLETED
10-23 14:55:22.446  1089  1089 D CarrierConfigLoader: mHandler: EVENT_FETCH_DEFAULT_DONE phoneId: 0
10-23 14:55:22.448  4356  4356 D CompatibilityChangeReporter: Compat change id reported: 171979766; UID 10084; state: ENABLED
10-23 14:55:22.449  4356  4356 D CompatibilityChangeReporter: Compat change id reported: 242716250; UID 10084; state: ENABLED
10-23 14:55:22.449  1089  1089 D CarrierConfigLoader: updateSubscriptionDatabase: phoneId=0
10-23 14:55:22.449  1089  1089 D MultiSimSettingController: onSubscriptionsChanged
10-23 14:55:22.449  1089  1089 D MultiSimSettingController: isReadyToReevaluate: subInfoInitialized=true, carrierConfigsLoaded=true
10-23 14:55:22.449  1089  1089 D MultiSimSettingController: updateDefaults
10-23 14:55:22.449  1089  1089 D MultiSimSettingController: isReadyToReevaluate: subInfoInitialized=true, carrierConfigsLoaded=true
10-23 14:55:22.453  1089  1089 D MultiSimSettingController: updateDefaultValues: change: 0
10-23 14:55:22.454  1089  1089 D MultiSimSettingController: isReadyToReevaluate: subInfoInitialized=true, carrierConfigsLoaded=true
10-23 14:55:22.459  1089  1089 D CallNotifier: updatePhoneStateListeners: update CF notifications.
10-23 14:55:22.459  1089  1089 I NotificationMgr: updateCfi: subId= 1, visible=N
10-23 14:55:22.461  1089  1089 I NotificationMgr: updateMwi(): subId 1 update to false
10-23 14:55:22.461  1089  1089 I Telephony: TelecomAccountRegistry: onSubscriptionsChanged - update accounts
10-23 14:55:22.461  1089  1089 I Telephony: PstnIncomingCallNotifier: Unregistering: [0]
10-23 14:55:22.461  1089  1089 D Telephony: Unregistering: Handler (com.android.internal.telephony.GsmCdmaPhone) {20d7c87}
10-23 14:55:22.461  1089  1089 I PhoneInterfaceManager: unregisterMmTelCapabilityCallback: 1 is inactive, ignoring unregister.
10-23 14:55:22.462  1089  1089 I PhoneInterfaceManager: unregisterImsRegistrationCallback: 1is inactive, ignoring unregister.
10-23 14:55:22.463  1089  1089 I Telephony: TelecomAccountRegistry: setupAccounts: Found 1 phones.  Attempting to register.
10-23 14:55:22.463  1089  1089 I Telephony: TelecomAccountRegistry: setupAccounts: Phone with subscription id 1
10-23 14:55:22.466  1089  1089 D Telephony: isEmergencyPreferredAccount: subId=1, activeData=1
10-23 14:55:22.466  1348  1362 W System  : A resource failed to call close.
10-23 14:55:22.467  1089  1089 D Telephony: isEmergencyPreferredAccount: Device does not require preference.
10-23 14:55:22.467  1348  1362 W System  : A resource failed to call end.
10-23 14:55:22.469  1657  2280 I SP.AiAi : <==== Finishing job {W:b:u:l, bg}, 1336 ms. elapsed since start
10-23 14:55:22.470  1657  2280 I SP.AiAi : Download stopped: manifests:captions_i18n_v0_background-20210623, succeeded, size: 3481
10-23 14:55:22.470  1089  1089 I Telephony: isRttCurrentlySupported -- regular acct, hasVoiceAvailability: false
10-23 14:55:22.470  1089  1089 I Telephony:  isRttSupported: false
10-23 14:55:22.470  1089  1089 I Telephony:  alwaysAllowWhileRoaming: false
10-23 14:55:22.470  1089  1089 I Telephony:  isRoaming: false
10-23 14:55:22.470  1089  1089 I Telephony:  isOnWfc: false
10-23 14:55:22.477  1657  2280 I SP.AiAi : Scheduling job with delay of 0s for {W:b:I:l, bg}, 1 candidates
10-23 14:55:22.502  1657  2280 I SP.AiAi : Scheduling job with delay of 0s for {W:b:u:l, bg}, 3 candidates
10-23 14:55:22.505  1348  4016 I Fitness : OnPackageChangedOperation got intent: Intent { act=android.intent.action.PACKAGE_CHANGED dat=package: flg=0x5000010 pkg=com.google.android.gms cmp=com.google.android.gms/.chimera.PersistentIntentOperationService (has extras) } [CONTEXT service_id=17 ]
10-23 14:55:22.508  4375  4375 D CompatibilityChangeReporter: Compat change id reported: 171979766; UID 1000; state: ENABLED
10-23 14:55:22.508  4375  4375 D CompatibilityChangeReporter: Compat change id reported: 242716250; UID 1000; state: ENABLED
10-23 14:55:22.515  4375  4375 D nativeloader: Configuring clns-shared-6 for other apk /system/priv-app/DynamicSystemInstallationService/DynamicSystemInstallationService.apk. target_sdk_version=34, uses_libraries=, library_path=/system/priv-app/DynamicSystemInstallationService/lib/x86_64:/system/priv-app/DynamicSystemInstallationService/DynamicSystemInstallationService.apk!/lib/x86_64:/system/lib64:/system_ext/lib64, permitted_path=/data:/mnt/expand:/data/user/0/com.android.dynsystem:/system/priv-app/DynamicSystemInstallationService:/system/lib64:/system_ext/lib64
10-23 14:55:22.516   870   947 D EGL_emulation: app_time_stats: avg=16.01ms min=0.88ms max=131.57ms count=28
10-23 14:55:22.517  3911  3911 W ample.lunchtray: Accessing hidden method Landroid/os/MessageQueue;->next()Landroid/os/Message; (unsupported, reflection, allowed)
10-23 14:55:22.518  3911  3911 W ample.lunchtray: Accessing hidden field Landroid/os/MessageQueue;->mMessages:Landroid/os/Message; (unsupported, reflection, allowed)
10-23 14:55:22.519  1657  2785 I AstreaHttpConnection: Download completed for url [https://storage.googleapis.com/captions/captions_i18n_v0_20210623_manifest.json].
10-23 14:55:22.519  3911  3911 W ample.lunchtray: Accessing hidden method Landroid/os/Message;->recycleUnchecked()V (unsupported, reflection, allowed)
10-23 14:55:22.523  4356  4356 D nativeloader: Configuring clns-shared-6 for other apk /system/priv-app/IntentResolver/IntentResolver.apk. target_sdk_version=34, uses_libraries=, library_path=/system/priv-app/IntentResolver/lib/x86_64:/system/lib64:/system_ext/lib64, permitted_path=/data:/mnt/expand:/data/user/0/com.android.intentresolver:/system/priv-app/IntentResolver:/system/lib64:/system_ext/lib64
10-23 14:55:22.532  1093  1093 D BatteryOptimizeUtils: refresh com.google.android.deskclock state, allowlisted = false, mode = 0
10-23 14:55:22.533  1089  1089 I Telephony: AccountEntry: registerPstnPhoneAccount: Registering account=[[ ] PhoneAccount: ComponentInfo{com.android.phone/com.android.services.telephony.TelephonyConnectionService}, 1, UserHandle{0} Capabilities: CallProvider MultiUser PlaceEmerg SimSub  Audio Routes: BESW Schemes: tel voicemail  Extras: Bundle[{android.telecom.extra.SUPPORTS_VIDEO_CALLING_FALLBACK=true}] GroupId: ***] with Telecom. subId=1
10-23 14:55:22.554  1277  1277 D CellBroadcastReceiver: onReceive Intent { act=android.telephony.action.CARRIER_CONFIG_CHANGED flg=0x15000010 cmp=com.google.android.cellbroadcastreceiver/com.android.cellbroadcastreceiver.CellBroadcastReceiver (has extras) }
10-23 14:55:22.556  1277  1277 D CellBroadcastReceiver: onReceive Intent { act=android.intent.action.BOOT_COMPLETED flg=0x89000010 cmp=com.google.android.cellbroadcastreceiver/com.android.cellbroadcastreceiver.CellBroadcastReceiver (has extras) }
10-23 14:55:22.560  1089  1089 I PhoneInterfaceManager: setVoiceServiceStateOverride: subId=1, phone=Handler (com.android.internal.telephony.GsmCdmaPhone) {20d7c87}, hasService=false, callingPackage=com.android.server.telecom
10-23 14:55:22.562  1012  1056 E SystemServiceRegistry: No service published for: ethernet
10-23 14:55:22.562  1012  1056 E SystemServiceRegistry: android.os.ServiceManager$ServiceNotFoundException: No service published for: ethernet
10-23 14:55:22.562  1012  1056 E SystemServiceRegistry: 	at android.os.ServiceManager.getServiceOrThrow(ServiceManager.java:166)
10-23 14:55:22.562  1012  1056 E SystemServiceRegistry: 	at android.app.SystemServiceRegistry$139.createService(SystemServiceRegistry.java:1872)
10-23 14:55:22.562  1012  1056 E SystemServiceRegistry: 	at android.app.SystemServiceRegistry$CachedServiceFetcher.getService(SystemServiceRegistry.java:1971)
10-23 14:55:22.562  1012  1056 E SystemServiceRegistry: 	at android.app.SystemServiceRegistry.getSystemService(SystemServiceRegistry.java:1645)
10-23 14:55:22.562  1012  1056 E SystemServiceRegistry: 	at android.app.ContextImpl.getSystemService(ContextImpl.java:2212)
10-23 14:55:22.562  1012  1056 E SystemServiceRegistry: 	at android.content.ContextWrapper.getSystemService(ContextWrapper.java:934)
10-23 14:55:22.562  1012  1056 E SystemServiceRegistry: 	at com.android.networkstack.tethering.Tethering.isEthernetSupported(Tethering.java:1582)
10-23 14:55:22.562  1012  1056 E SystemServiceRegistry: 	at com.android.networkstack.tethering.Tethering.makeSupportedDownstreams(Tethering.java:2550)
10-23 14:55:22.562  1012  1056 E SystemServiceRegistry: 	at com.android.networkstack.tethering.Tethering.updateSupportedDownstreams(Tethering.java:2524)
10-23 14:55:22.562  1012  1056 E SystemServiceRegistry: 	at com.android.networkstack.tethering.Tethering.updateConfiguration(Tethering.java:546)
10-23 14:55:22.562  1012  1056 E SystemServiceRegistry: 	at com.android.networkstack.tethering.Tethering.lambda$new$3(Tethering.java:345)
10-23 14:55:22.562  1012  1056 E SystemServiceRegistry: 	at com.android.networkstack.tethering.Tethering.$r8$lambda$bts3FsOwVdwDhrwMjvAr9kV3Jgs(Tethering.java:0)
10-23 14:55:22.562  1012  1056 E SystemServiceRegistry: 	at com.android.networkstack.tethering.Tethering$$ExternalSyntheticLambda7.accept(R8$$SyntheticClass:0)
10-23 14:55:22.562  1012  1056 E SystemServiceRegistry: 	at com.android.networkstack.tethering.util.VersionedBroadcastListener$Receiver.onReceive(VersionedBroadcastListener.java:103)
10-23 14:55:22.562  1012  1056 E SystemServiceRegistry: 	at android.app.LoadedApk$ReceiverDispatcher$Args.lambda$getRunnable$0(LoadedApk.java:1802)
10-23 14:55:22.562  1012  1056 E SystemServiceRegistry: 	at android.app.LoadedApk$ReceiverDispatcher$Args.$r8$lambda$gDuJqgxY6Zb-ifyeubKeivTLAwk(Unknown Source:0)
10-23 14:55:22.562  1012  1056 E SystemServiceRegistry: 	at android.app.LoadedApk$ReceiverDispatcher$Args$$ExternalSyntheticLambda0.run(Unknown Source:2)
10-23 14:55:22.562  1012  1056 E SystemServiceRegistry: 	at android.os.Handler.handleCallback(Handler.java:958)
10-23 14:55:22.562  1012  1056 E SystemServiceRegistry: 	at android.os.Handler.dispatchMessage(Handler.java:99)
10-23 14:55:22.562  1012  1056 E SystemServiceRegistry: 	at android.os.Looper.loopOnce(Looper.java:205)
10-23 14:55:22.562  1012  1056 E SystemServiceRegistry: 	at android.os.Looper.loop(Looper.java:294)
10-23 14:55:22.562  1012  1056 E SystemServiceRegistry: 	at android.os.HandlerThread.run(HandlerThread.java:67)
10-23 14:55:22.563  3911  3911 W ample.lunchtray: Accessing hidden method Landroid/view/WindowManagerGlobal;->getInstance()Landroid/view/WindowManagerGlobal; (unsupported, reflection, allowed)
10-23 14:55:22.563  3911  3911 W ample.lunchtray: Accessing hidden field Landroid/view/WindowManagerGlobal;->mViews:Ljava/util/ArrayList; (unsupported, reflection, allowed)
10-23 14:55:22.563  3911  3911 W ample.lunchtray: Accessing hidden field Landroid/view/WindowManagerGlobal;->mParams:Ljava/util/ArrayList; (unsupported, reflection, allowed)
10-23 14:55:22.564  1089  1089 I Telephony: AccountEntry: Registered phoneAccount: [[ ] PhoneAccount: ComponentInfo{com.android.phone/com.android.services.telephony.TelephonyConnectionService}, 1, UserHandle{0} Capabilities: CallProvider MultiUser PlaceEmerg SimSub  Audio Routes: BESW Schemes: tel voicemail  Extras: Bundle[{android.telecom.extra.SUPPORTS_VIDEO_CALLING_FALLBACK=true}] GroupId: ***] with handle: ComponentInfo{com.android.phone/com.android.services.telephony.TelephonyConnectionService}, 1, UserHandle{0}
10-23 14:55:22.564  1089  1089 I Telephony: PstnIncomingCallNotifier: Registering: [0]
10-23 14:55:22.565  1089  1089 D Telephony: Registering: Handler (com.android.internal.telephony.GsmCdmaPhone) {20d7c87}
10-23 14:55:22.566  1089  1089 W Telephony: registerMmTelCapabilityCallback: registration failed, no ImsService available. Exception: code: 1
10-23 14:55:22.566  1089  1089 W Telephony: registerImsRegistrationCallback: registration failed, no ImsService available. Exception: code: 1
10-23 14:55:22.567  1089  1275 D TelephonyProvider: subIdString = 1 subId = 1
10-23 14:55:22.569  3911  3911 D CompatibilityChangeReporter: Compat change id reported: 247079863; UID 10183; state: DISABLED
10-23 14:55:22.570   459   459 W libgoldfish-rild: Multi-element reporting criteria are not supported with HIDL HAL
10-23 14:55:22.570  3911  3911 I ViewInteraction: Checking 'MatchesViewAssertion{viewMatcher=an instance of android.widget.TextView and view.getText() with or without transformation to match: a string containing "Summer Salad"}' assertion on view view.getId() is <2131231138/com.example.lunchtray:id/salad>
10-23 14:55:22.571  1089  1089 I Telephony: Carrier-config changed, checking for phone account updates.
10-23 14:55:22.571  1089  1089 D Telephony: TelecomAccountRegistry: handleCarrierConfigChange: subId=1, accountSubId=1
10-23 14:55:22.572  1089  1089 D Telephony: isEmergencyPreferredAccount: subId=1, activeData=1
10-23 14:55:22.572  1089  1089 D Telephony: isEmergencyPreferredAccount: Device does not require preference.
10-23 14:55:22.572  1089  1089 W Telephony: registerMmTelCapabilityCallback: registration failed, no ImsService available. Exception: code: 1
10-23 14:55:22.574  3911  3911 I ViewInteraction: Checking 'MatchesViewAssertion{viewMatcher=an instance of android.widget.TextView and view.getText() with or without transformation to match: a string containing "Heirloom tomatoes"}' assertion on view view.getId() is <2131231139/com.example.lunchtray:id/salad_description>
10-23 14:55:22.574  1089  1089 I Telephony: isRttCurrentlySupported -- regular acct, hasVoiceAvailability: false
10-23 14:55:22.574  1089  1089 I Telephony:  isRttSupported: false
10-23 14:55:22.574  1089  1089 I Telephony:  alwaysAllowWhileRoaming: false
10-23 14:55:22.574  1089  1089 I Telephony:  isRoaming: false
10-23 14:55:22.574  1089  1089 I Telephony:  isOnWfc: false
10-23 14:55:22.576  1277  4406 D CellBroadcastContentProvider: database changed: notifying observers...
10-23 14:55:22.577  3030  4001 E FirebaseInstanceId: Topic sync or token retrieval failed on hard failure exceptions: AUTHENTICATION_FAILED. Won't retry the operation.
10-23 14:55:22.579  3911  3911 I ViewInteraction: Checking 'MatchesViewAssertion{viewMatcher=an instance of android.widget.TextView and view.getText() with or without transformation to match: a string containing "$2.50"}' assertion on view view.getId() is <2131231140/com.example.lunchtray:id/salad_price>
10-23 14:55:22.583  1657  1657 I SP.AiAi : ====> Starting job {W:b:u:l, bg}
10-23 14:55:22.586  3911  3911 I ViewInteraction: Checking 'MatchesViewAssertion{viewMatcher=an instance of android.widget.TextView and view.getText() with or without transformation to match: a string containing "Butternut Squash"}' assertion on view view.getId() is <2131231187/com.example.lunchtray:id/soup>
