10-23 14:55:40.341  1132  1149 I IPCThreadState: oneway function results for code 2 on binder at 0x7f98daeeffd0 will be dropped but finished with status UNKNOWN_TRANSACTION
10-23 14:55:40.342   524  2871 I ImeTracker: com.google.android.apps.nexuslauncher:1b91f93d: onCancelled at PHASE_SERVER_SHOULD_HIDE
10-23 14:55:40.346   524  1434 I ImeTracker: com.example.lunchtray:8b2a428b: onRequestHide at ORIGIN_SERVER_HIDE_INPUT reason HIDE_UNSPECIFIED_WINDOW
10-23 14:55:40.346   524  1434 I ImeTracker: com.example.lunchtray:8b2a428b: onCancelled at PHASE_SERVER_SHOULD_HIDE
10-23 14:55:40.346  2964  3350 I PBSessionCacheImpl: Deleted sessionId[13037507931822884] from persistence.
10-23 14:55:40.348  1575  1575 I GoogleInputMethodService: GoogleInputMethodService.onFinishInput():3227
10-23 14:55:40.349  1575  1575 I GoogleInputMethodService: GoogleInputMethodService.updateDeviceLockedStatus():2087 repeatCheckTimes = 0, unlocked = true
10-23 14:55:40.349  1575  1575 I GoogleInputMethodService: GoogleInputMethodService.onStartInput():1877 onStartInput(EditorInfo{inputType=0x0(NULL) imeOptions=0x0 privateImeOptions=null actionName=UNSPECIFIED actionLabel=null actionId=0 initialSelStart=-1 initialSelEnd=-1 initialCapsMode=0x0 hintText=null label=null packageName=com.example.lunchtray fieldId=0 fieldName=null extras=null}, false)
10-23 14:55:40.349  1575  1575 I GoogleInputMethodService: GoogleInputMethodService.shouldHideHeaderOnInitialState():4008 ShouldHideHeaderOnInitialState = false
10-23 14:55:40.350  1575  1575 I GoogleInputMethodService: GoogleInputMethodService.updateDeviceLockedStatus():2087 repeatCheckTimes = 2, unlocked = true
10-23 14:55:40.358  1468  1503 D LT_LitBstrpCntrl: Initializing BootstrapController Instance
10-23 14:55:40.363  2964  3265 W SearchServiceCore: Abort, client detached.
10-23 14:55:40.363  2964  3265 W SearchServiceCore: Abort, client detached.
10-23 14:55:40.363  2964  3265 W SearchServiceCore: Abort, client detached.
10-23 14:55:40.364  2964  3265 W SearchServiceCore: Abort, client detached.
10-23 14:55:40.364  2964  3265 W SearchServiceCore: Abort, client detached.
10-23 14:55:40.371  3911  3911 D LifecycleMonitor: Lifecycle status change: androidx.test.core.app.InstrumentationActivityInvoker$BootstrapActivity@5d0d6fd in: STOPPED
10-23 14:55:40.372  3911  3911 V ActivityScenario: Activity lifecycle changed event received but ignored because the intent does not match. startActivityIntent=Intent { act=android.intent.action.MAIN cat=[android.intent.category.LAUNCHER] cmp=com.example.lunchtray/androidx.fragment.app.testing.FragmentScenario$EmptyFragmentActivity (has extras) }, activity.getIntent()=Intent { act=android.intent.action.MAIN cat=[android.intent.category.LAUNCHER] flg=0x10008000 cmp=com.example.lunchtray/androidx.test.core.app.InstrumentationActivityInvoker$BootstrapActivity (has extras) }, activity=androidx.test.core.app.InstrumentationActivityInvoker$BootstrapActivity@5d0d6fd
10-23 14:55:40.372  1468  3880 W PeoplePU: getComponentEnabledSetting failed.
10-23 14:55:40.372  1468  3880 W PeoplePU: java.lang.IllegalArgumentException: Unknown component: ComponentInfo{com.google.android.syncadapters.contacts/com.google.android.syncadapters.contacts.ProxyGalProvider}
10-23 14:55:40.372  1468  3880 W PeoplePU: 	at android.os.Parcel.createExceptionOrNull(Parcel.java:3061)
10-23 14:55:40.372  1468  3880 W PeoplePU: 	at android.os.Parcel.createException(Parcel.java:3041)
10-23 14:55:40.372  1468  3880 W PeoplePU: 	at android.os.Parcel.readException(Parcel.java:3024)
10-23 14:55:40.372  1468  3880 W PeoplePU: 	at android.os.Parcel.readException(Parcel.java:2966)
10-23 14:55:40.372  1468  3880 W PeoplePU: 	at android.content.pm.IPackageManager$Stub$Proxy.getComponentEnabledSetting(IPackageManager.java:6034)
10-23 14:55:40.372  1468  3880 W PeoplePU: 	at android.app.ApplicationPackageManager.getComponentEnabledSetting(ApplicationPackageManager.java:3097)
10-23 14:55:40.372  1468  3880 W PeoplePU: 	at bvox.b(:com.google.android.gms@231818047@23.18.18 (190800-535401451):1)
10-23 14:55:40.372  1468  3880 W PeoplePU: 	at buru.a(:com.google.android.gms@231818047@23.18.18 (190800-535401451):2)
10-23 14:55:40.372  1468  3880 W PeoplePU: 	at com.google.android.gms.people.api.init.PeopleModuleInitIntentOperation.b(:com.google.android.gms@231818047@23.18.18 (190800-535401451):5)
10-23 14:55:40.372  1468  3880 W PeoplePU: 	at zdm.onHandleIntent(:com.google.android.gms@231818047@23.18.18 (190800-535401451):2)
10-23 14:55:40.372  1468  3880 W PeoplePU: 	at com.google.android.chimera.IntentOperation.onHandleIntent(:com.google.android.gms@231818047@23.18.18 (190800-535401451):2)
10-23 14:55:40.372  1468  3880 W PeoplePU: 	at zhv.onHandleIntent(:com.google.android.gms@231818047@23.18.18 (190800-535401451):4)
10-23 14:55:40.372  1468  3880 W PeoplePU: 	at hjm.run(:com.google.android.gms@231818047@23.18.18 (190800-535401451):3)
10-23 14:55:40.372  1468  3880 W PeoplePU: 	at hjl.run(:com.google.android.gms@231818047@23.18.18 (190800-535401451):11)
10-23 14:55:40.372  1468  3880 W PeoplePU: 	at dfhf.run(:com.google.android.gms@231818047@23.18.18 (190800-535401451):2)
10-23 14:55:40.372  1468  3880 W PeoplePU: 	at java.util.concurrent.ThreadPoolExecutor.runWorker(ThreadPoolExecutor.java:1145)
10-23 14:55:40.372  1468  3880 W PeoplePU: 	at java.util.concurrent.ThreadPoolExecutor$Worker.run(ThreadPoolExecutor.java:644)
10-23 14:55:40.372  1468  3880 W PeoplePU: 	at java.lang.Thread.run(Thread.java:1012)
10-23 14:55:40.372  1468  3880 W PeoplePU: Caused by: android.os.RemoteException: Remote stack trace:
10-23 14:55:40.372  1468  3880 W PeoplePU: 	at com.android.server.pm.ComputerEngine.getComponentEnabledSettingInternal(ComputerEngine.java:5159)
10-23 14:55:40.372  1468  3880 W PeoplePU: 	at com.android.server.pm.ComputerEngine.getComponentEnabledSetting(ComputerEngine.java:5141)
10-23 14:55:40.372  1468  3880 W PeoplePU: 	at com.android.server.pm.IPackageManagerBase.getComponentEnabledSetting(IPackageManagerBase.java:388)
10-23 14:55:40.372  1468  3880 W PeoplePU: 	at android.content.pm.IPackageManager$Stub.onTransact(IPackageManager.java:3012)
10-23 14:55:40.372  1468  3880 W PeoplePU: 	at com.android.server.pm.PackageManagerService$IPackageManagerImpl.onTransact(PackageManagerService.java:6334)
10-23 14:55:40.372  1468  3880 W PeoplePU:
10-23 14:55:40.372  3911  3911 V ActivityScenario: Activity lifecycle changed event received but ignored because the intent does not match. startActivityIntent=Intent { act=android.intent.action.MAIN cat=[android.intent.category.LAUNCHER] cmp=com.example.lunchtray/androidx.fragment.app.testing.FragmentScenario$EmptyFragmentActivity (has extras) }, activity.getIntent()=Intent { act=android.intent.action.MAIN cat=[android.intent.category.LAUNCHER] flg=0x10008000 cmp=com.example.lunchtray/androidx.test.core.app.InstrumentationActivityInvoker$BootstrapActivity (has extras) }, activity=androidx.test.core.app.InstrumentationActivityInvoker$BootstrapActivity@5d0d6fd
10-23 14:55:40.373  3911  3911 V ActivityScenario: Activity lifecycle changed event received but ignored because the intent does not match. startActivityIntent=Intent { act=android.intent.action.MAIN cat=[android.intent.category.LAUNCHER] cmp=com.example.lunchtray/androidx.fragment.app.testing.FragmentScenario$EmptyFragmentActivity (has extras) }, activity.getIntent()=Intent { act=android.intent.action.MAIN cat=[android.intent.category.LAUNCHER] flg=0x10008000 cmp=com.example.lunchtray/androidx.test.core.app.InstrumentationActivityInvoker$BootstrapActivity (has extras) }, activity=androidx.test.core.app.InstrumentationActivityInvoker$BootstrapActivity@5d0d6fd
10-23 14:55:40.373  3911  3911 V ActivityScenario: Activity lifecycle changed event received but ignored because the intent does not match. startActivityIntent=Intent { act=android.intent.action.MAIN cat=[android.intent.category.LAUNCHER] cmp=com.example.lunchtray/androidx.fragment.app.testing.FragmentScenario$EmptyFragmentActivity (has extras) }, activity.getIntent()=Intent { act=android.intent.action.MAIN cat=[android.intent.category.LAUNCHER] flg=0x10008000 cmp=com.example.lunchtray/androidx.test.core.app.InstrumentationActivityInvoker$BootstrapActivity (has extras) }, activity=androidx.test.core.app.InstrumentationActivityInvoker$BootstrapActivity@5d0d6fd
10-23 14:55:40.373  3911  3911 V ActivityScenario: Activity lifecycle changed event received but ignored because the intent does not match. startActivityIntent=Intent { act=android.intent.action.MAIN cat=[android.intent.category.LAUNCHER] cmp=com.example.lunchtray/androidx.fragment.app.testing.FragmentScenario$EmptyFragmentActivity (has extras) }, activity.getIntent()=Intent { act=android.intent.action.MAIN cat=[android.intent.category.LAUNCHER] flg=0x10008000 cmp=com.example.lunchtray/androidx.test.core.app.InstrumentationActivityInvoker$BootstrapActivity (has extras) }, activity=androidx.test.core.app.InstrumentationActivityInvoker$BootstrapActivity@5d0d6fd
10-23 14:55:40.374  3911  3911 V ActivityScenario: Activity lifecycle changed event received but ignored because the intent does not match. startActivityIntent=Intent { act=android.intent.action.MAIN cat=[android.intent.category.LAUNCHER] cmp=com.example.lunchtray/androidx.fragment.app.testing.FragmentScenario$EmptyFragmentActivity (has extras) }, activity.getIntent()=Intent { act=android.intent.action.MAIN cat=[android.intent.category.LAUNCHER] flg=0x10008000 cmp=com.example.lunchtray/androidx.test.core.app.InstrumentationActivityInvoker$BootstrapActivity (has extras) }, activity=androidx.test.core.app.InstrumentationActivityInvoker$BootstrapActivity@5d0d6fd
10-23 14:55:40.374  3911  3911 V ActivityScenario: Activity lifecycle changed event received but ignored because the intent does not match. startActivityIntent=Intent { act=android.intent.action.MAIN cat=[android.intent.category.LAUNCHER] cmp=com.example.lunchtray/androidx.fragment.app.testing.FragmentScenario$EmptyFragmentActivity (has extras) }, activity.getIntent()=Intent { act=android.intent.action.MAIN cat=[android.intent.category.LAUNCHER] flg=0x10008000 cmp=com.example.lunchtray/androidx.test.core.app.InstrumentationActivityInvoker$BootstrapActivity (has extras) }, activity=androidx.test.core.app.InstrumentationActivityInvoker$BootstrapActivity@5d0d6fd
10-23 14:55:40.374  3911  3911 V ActivityScenario: Activity lifecycle changed event received but ignored because the intent does not match. startActivityIntent=Intent { act=android.intent.action.MAIN cat=[android.intent.category.LAUNCHER] cmp=com.example.lunchtray/androidx.fragment.app.testing.FragmentScenario$EmptyFragmentActivity (has extras) }, activity.getIntent()=Intent { act=android.intent.action.MAIN cat=[android.intent.category.LAUNCHER] flg=0x10008000 cmp=com.example.lunchtray/androidx.test.core.app.InstrumentationActivityInvoker$BootstrapActivity (has extras) }, activity=androidx.test.core.app.InstrumentationActivityInvoker$BootstrapActivity@5d0d6fd
10-23 14:55:40.403  1348  2488 W GLSUser : [DeviceKeyStore] Cannot load key: Device key file not found.
10-23 14:55:40.434  1468  5352 W PeoplePU: getServiceInfo failed.
10-23 14:55:40.434  1468  5352 W PeoplePU: android.content.pm.PackageManager$NameNotFoundException: ComponentInfo{com.google.android.gms/com.google.android.gms.people.sync.focus.ContactsSyncAdapterService}
10-23 14:55:40.434  1468  5352 W PeoplePU: 	at android.app.ApplicationPackageManager.getServiceInfo(ApplicationPackageManager.java:616)
10-23 14:55:40.434  1468  5352 W PeoplePU: 	at android.app.ApplicationPackageManager.getServiceInfo(ApplicationPackageManager.java:599)
10-23 14:55:40.434  1468  5352 W PeoplePU: 	at bvox.b(:com.google.android.gms@231818047@23.18.18 (190800-535401451):3)
10-23 14:55:40.434  1468  5352 W PeoplePU: 	at com.google.android.gms.people.sync.focus.ContactsSyncIntentOperation.onHandleIntent(:com.google.android.gms@231818047@23.18.18 (190800-535401451):43)
10-23 14:55:40.434  1468  5352 W PeoplePU: 	at com.google.android.chimera.IntentOperation.onHandleIntent(:com.google.android.gms@231818047@23.18.18 (190800-535401451):2)
10-23 14:55:40.434  1468  5352 W PeoplePU: 	at zhv.onHandleIntent(:com.google.android.gms@231818047@23.18.18 (190800-535401451):4)
10-23 14:55:40.434  1468  5352 W PeoplePU: 	at hjm.run(:com.google.android.gms@231818047@23.18.18 (190800-535401451):3)
10-23 14:55:40.434  1468  5352 W PeoplePU: 	at hjl.run(:com.google.android.gms@231818047@23.18.18 (190800-535401451):11)
10-23 14:55:40.434  1468  5352 W PeoplePU: 	at dfhf.run(:com.google.android.gms@231818047@23.18.18 (190800-535401451):2)
10-23 14:55:40.434  1468  5352 W PeoplePU: 	at java.util.concurrent.ThreadPoolExecutor.runWorker(ThreadPoolExecutor.java:1145)
10-23 14:55:40.434  1468  5352 W PeoplePU: 	at java.util.concurrent.ThreadPoolExecutor$Worker.run(ThreadPoolExecutor.java:644)
10-23 14:55:40.434  1468  5352 W PeoplePU: 	at java.lang.Thread.run(Thread.java:1012)
10-23 14:55:40.434  1468  5352 I FSA2_ContactsSyncIntentOp: Sync is disabled. Skip prepareToSync
10-23 14:55:40.456  1468  5352 I GmsDebugLogger: [101] +mlkit.ocr.common:1
10-23 14:55:40.477  1468  1511 W Pay     : Active account was null, notification task will be cancelled. [CONTEXT service_id=198 ]
10-23 14:55:40.477  1348  2488 W GLSUser : [DeviceKeyStore] Cannot load key: Device key file not found.
10-23 14:55:40.477  1468  1511 W Pay     : [eMoney card recovery task] exiting without init: active tapandpay account not found! [CONTEXT service_id=198 ]
10-23 14:55:40.479  1468  1468 D LT_ClntIntrcptrFctryV12: Spatula header: CjYKFmNvbS5nb29nbGUuYW5kcm9pZC5nbXMaHE9KR0tSVDBIR1pOVStMR2E4RjdHVml6dFY0Zz0YiIrCtNLhmN4w
10-23 14:55:40.485  1468  1511 I Pay     : Closed loop HCE not migrated and campus id not enabled. [CONTEXT service_id=198 ]
10-23 14:55:40.490  1468  1511 W Pay     : Mdl not supported. Not triggering periodic MSO refresh task. [CONTEXT service_id=198 ]
10-23 14:55:40.495  1348  3162 I NetworkScheduler.Stats: Task com.google.android.gms/com.google.android.gms.ads.social.GcmSchedulerWakeupService finished executing. cause:5 result: 1 elapsed_millis: 800 uptime_millis: 800 exec_start_elapsed_seconds: 79 [CONTEXT service_id=218 ]
10-23 14:55:40.495  1468  1511 W Pay     : Active account was null, notification task will be cancelled. [CONTEXT service_id=198 ]
10-23 14:55:40.495  1468  1511 W Pay     : [eMoney txn sync] exiting without init: active tapandpay account not found! [CONTEXT service_id=198 ]
10-23 14:55:40.496  1468  1511 I Pay     : Requested check of feature migrations. [CONTEXT service_id=198 ]
10-23 14:55:40.500  1468  1511 I Pay     : Requested immediate check to see whether to show pay module downloading complete notification. [CONTEXT service_id=198 ]
10-23 14:55:40.511  1468  5423 D LT_PhenotypeApiImplV12: Retrieve experiment configurations
10-23 14:55:40.517  3911  3911 I ViewInteraction: Performing 'single click' action on view view.getId() is <2131231081/com.example.lunchtray:id/next_button>
10-23 14:55:40.548  1468  3880 I PeopleGalProvider: Gal directories started.
10-23 14:55:40.552  1468  1511 I Pay     : Closed loop HCE not migrated or access is not enabled. [CONTEXT service_id=198 ]
10-23 14:55:40.554  1348  5367 D TrafficStats: tagSocket(155) with statsTag=0x20008100, statsUid=-1
10-23 14:55:40.556  1468  1511 I SnapshotHandler: Unable to retrieve flag snapshot for com.google.android.gms.personalsafety, using defaults.
10-23 14:55:40.574  1468  3880 I PeopleGalProvider: Method 1 completed.
10-23 14:55:40.574  1348  5367 W Conscrypt: Could not set socket write timeout: java.net.SocketException: Socket closed
10-23 14:55:40.574  1468  3880 I PeopleGalProvider: Method 1 finished successfully.
10-23 14:55:40.574  1348  5367 W Conscrypt: 	at com.google.android.gms.org.conscrypt.Platform.setSocketWriteTimeout(:com.google.android.gms@231818047@23.18.18 (190800-535401451):2)
10-23 14:55:40.574  1348  5367 W Conscrypt: 	at com.google.android.gms.org.conscrypt.ConscryptFileDescriptorSocket.setSoWriteTimeout(:com.google.android.gms@231818047@23.18.18 (190800-535401451):0)
10-23 14:55:40.582  1468  4924 I GmsModuleFndr: Beginning GMS chimera module scan
10-23 14:55:40.596  1468  4924 I ModuleSetMgr: Computing pending module set with APKs: [[AdsFdrDynamite.integ:231004600100000], [Cronetdynamite:231818190800], [Dynamiteloader:231818190000], [Dynamitemodulesa:231818190000], [Dynamitemodulesc:231818190000], [Googlecertificates:231818190000], [Mapsdynamite:231818190000], [Measurementdynamite:231818190000]]
10-23 14:55:40.598  1468  4924 I ModuleSetMgr: Download of container feature antifingerprinting is disabled.
10-23 14:55:40.598  1468  4924 I ModuleSetMgr: Download of container feature appsearch_dynamite_impl is disabled.
10-23 14:55:40.598  1468  4924 I ModuleSetMgr: Download of container feature brella_dynamite is disabled.
10-23 14:55:40.598  1468  4924 I ModuleSetMgr: Download of container feature cameraconnectivity_impl is disabled.
10-23 14:55:40.598  1468  4924 I ModuleSetMgr: Download of container feature dck_management is disabled.
10-23 14:55:40.598  1468  4924 I ModuleSetMgr: Download of container feature easyunlock is disabled.
10-23 14:55:40.598  1468  4924 I ModuleSetMgr: Download of container feature enterprise is disabled.
10-23 14:55:40.607  1468  4924 I ModuleSetMgr: Download of container feature enterprise_zt_mp_complete is disabled.
10-23 14:55:40.607  1468  4924 I ModuleSetMgr: Download of container feature fast_pair is disabled.
10-23 14:55:40.607  1468  4924 I ModuleSetMgr: Download of container feature game_platform is disabled.
10-23 14:55:40.607  1468  4924 I ModuleSetMgr: Download of container feature games is disabled.
10-23 14:55:40.607  1468  4924 I ModuleSetMgr: Download of container feature growth_upgradeparty is disabled.
10-23 14:55:40.607  1468  4924 I ModuleSetMgr: Download of container feature tflite_dynamite is disabled.
10-23 14:55:40.607  1468  4924 I ModuleSetMgr: Download of container feature homegraph is disabled.
10-23 14:55:40.607  1468  4924 I ModuleSetMgr: Download of container feature magictether is disabled.
10-23 14:55:40.607  1468  4924 I ModuleSetMgr: Download of container feature maps_core is disabled.
10-23 14:55:40.607  1468  4924 I ModuleSetMgr: Download of container feature mlkit.docscan.crop is disabled.
10-23 14:55:40.607  1468  4924 I ModuleSetMgr: Download of container feature mlkit.docscan.enhance is disabled.
10-23 14:55:40.608  1468  4924 I ModuleSetMgr: Download of container feature multipackage_debug is disabled.
10-23 14:55:40.608  1468  4924 I ModuleSetMgr: Download of container feature payse is disabled.
10-23 14:55:40.608  1468  4924 I ModuleSetMgr: Download of container feature permissions_debug is disabled.
10-23 14:55:40.608  1468  4924 I ModuleSetMgr: Download of container feature play_cloud_search is disabled.
10-23 14:55:40.608  1468  4924 I ModuleSetMgr: Download of container feature semanticlocation_debug is disabled.
10-23 14:55:40.608  1468  4924 I ModuleSetMgr: Download of container feature tflite_delegate_edgetpu is disabled.
10-23 14:55:40.608  1468  4924 I ModuleSetMgr: Download of container feature tflite_delegate_test is disabled.
10-23 14:55:40.608  1468  4924 I ModuleSetMgr: Download of container feature tflite_gpu_dynamite is disabled.
10-23 14:55:40.608  1468  4924 I ModuleSetMgr: Download of container feature userstatus_impl is disabled.
10-23 14:55:40.608  1468  4924 I ModuleSetMgr: Download of container feature usonia_iam is disabled.
10-23 14:55:40.608  1468  4924 I ModuleSetMgr: Download of container feature vision.face is disabled.
10-23 14:55:40.608  1468  4924 I ModuleSetMgr: Download of container feature vision.ica is disabled.
10-23 14:55:40.608  1468  4924 I ModuleSetMgr: Download of container feature vision.ocr is disabled.
10-23 14:55:40.609  1468  4924 I ModuleSetMgr: Pending container module APKs: []
10-23 14:55:40.609  1468  4924 I ModuleSetMgr: Pending non-container module APKs: []
10-23 14:55:40.610   413   811 D audioserver: FGS Logger Transaction failed
10-23 14:55:40.610   413   811 D audioserver: -129
10-23 14:55:40.620  1058  1058 D BluetoothPbapService:  onChange on contact uri
10-23 14:55:40.624  1468  3880 I GalProviderController: setting component enabled=1 for com.google.android.gms.people.service.galprovider.PeopleGalProvider
10-23 14:55:40.625  1468  3880 I GalProviderController: Setting component enabled succeeds.
10-23 14:55:40.638  1348  5367 W Conscrypt: Could not set socket write timeout: java.net.SocketException: Socket closed
10-23 14:55:40.638  1348  5367 W Conscrypt: 	at com.google.android.gms.org.conscrypt.Platform.setSocketWriteTimeout(:com.google.android.gms@231818047@23.18.18 (190800-535401451):2)
10-23 14:55:40.638  1348  5367 W Conscrypt: 	at com.google.android.gms.org.conscrypt.ConscryptFileDescriptorSocket.setSoWriteTimeout(:com.google.android.gms@231818047@23.18.18 (190800-535401451):0)
10-23 14:55:40.641  1058  5432 D BluetoothPbapUtils: primaryVersionCounter = 0, secondaryVersionCounter=0
10-23 14:55:40.644  1468  1511 W ChimeraUtils: Module com.google.android.gms.phonesky_recovery missing resource null(0)
10-23 14:55:40.657  1468  3880 I PeopleGalProvider: Gal directories started.
10-23 14:55:40.658   870   921 W WindowOnBackDispatcher: sendCancelIfRunning: isInProgress=falsecallback=android.view.ViewRootImpl$$ExternalSyntheticLambda17@ca76a05
10-23 14:55:40.658  1468  3880 I PeopleGalProvider: Method 1 completed.
10-23 14:55:40.658  1468  3880 I PeopleGalProvider: Method 1 finished successfully.
10-23 14:55:40.660  1468  1511 I SnapshotHandler: Unable to retrieve flag snapshot for com.google.android.gms.phonesky_recovery, using defaults.
10-23 14:55:40.660   524  2451 W InputManager-JNI: Input channel object '8cf27fd Splash Screen com.example.lunchtray (client)' was disposed without first being removed with the input manager!
10-23 14:55:40.673  1348  4570 I Nearby  : [MBleClient] Start ble scanning from NearbyDirect:BluetoothAdapterWrapper, context tag = nearby_messages [CONTEXT service_id=49 ]
10-23 14:55:40.674  1348  4570 D BluetoothAdapter: isLeEnabled(): ON
10-23 14:55:40.686  1058  1724 D ActivityAttributionService: notifyActivityAttributionInfo UID=1002 packageName=com.google.android.bluetooth deviceAddress=no_active_device_address
10-23 14:55:40.693  1058  1724 I bt_btif : packages/modules/Bluetooth/system/btif/src/bluetooth.cc:829 get_profile_interface: get_profile_interface: id = activity_attribution
10-23 14:55:40.704  1058  1409 I bt_stack: [INFO:le_scanning_manager.cc(168)] Scan in shim layer stopped
10-23 14:55:40.707  1468  1468 D BoundBrokerSvc: onBind: Intent { act=com.google.android.gms.common.BIND_SHARED_PREFS pkg=com.google.android.gms }
10-23 14:55:40.707  1468  1468 D BoundBrokerSvc: Loading bound service for intent: Intent { act=com.google.android.gms.common.BIND_SHARED_PREFS pkg=com.google.android.gms }
10-23 14:55:40.716  1058  1409 W bt_shim_scanner: packages/modules/Bluetooth/system/main/shim/le_scanning_manager.cc:190 Scan: Invalid state: start:0, current scan state: 0
10-23 14:55:40.716  1468  3880 I DeletedNullContactsCleanup: Scheduling the service.
10-23 14:55:40.717  1058  1409 W BtGatt.ScanManager: There is no scan radio to stop
10-23 14:55:40.721  1058  1239 I bluetooth: packages/modules/Bluetooth/system/gd/hci/le_scanning_manager.cc:588 stop_scan: Scanning already stopped, return!
10-23 14:55:40.721  1058  1724 I bt_stack: [INFO:le_scanning_manager.cc(162)] Unregister in shim layer, scanner_id:2
10-23 14:55:40.722  1348  4570 I Nearby  : [MBleClient] M hardware scan: 1 clients, scanMode= LOW_LATENCY, filters size = 5 [CONTEXT service_id=49 ]
10-23 14:55:40.722  1348  4570 D BluetoothAdapter: isLeEnabled(): ON
10-23 14:55:40.724  1058  1724 I bt_stack: [INFO:le_scanning_manager.cc(155)] RegisterScanner in shim layer
10-23 14:55:40.725  1468  5211 I RecoverableKeyStoreGms: [RecoverableKeyStoreGmsInitOperation] Initializing auth_folsom
10-23 14:55:40.726  1468  3344 I SyncIntentOperation: Handling the intent: Intent { act=com.google.gservices.intent.action.GSERVICES_CHANGED flg=0x1000010 pkg=com.google.android.gms cmp=com.google.android.gms/.chimera.GmsIntentOperationService (has extras) }. [CONTEXT service_id=80 ]
10-23 14:55:40.726  1348  3503 D BluetoothLeScanner: onScannerRegistered() - status=0 scannerId=2 mScannerId=0
10-23 14:55:40.730  1468  3344 I MobileDataHub: Scheduling periodic tasks
10-23 14:55:40.730  1468  3344 W MobileDataHub: [Service] appsupload-periodic periodic task disabled
10-23 14:55:40.733  1468  5211 I RecoverableKeyStoreGms: [RecoverableKeyStoreGmsInitOperation] com.google.android.gms.auth.folsom.service.FolsomPublicKeyUpdateService is already enabled. Ignore.
10-23 14:55:40.734  1468  5211 I RecoverableKeyStoreGms: [RecoverableKeyStoreGmsInitOperation] com.google.android.gms.auth.folsom.service.GcmReceiverService is already enabled. Ignore.
10-23 14:55:40.747   524   595 V RecoverableKeyStoreMgr: Not updating secret types - same as old value.
10-23 14:55:40.757  1468  5397 I MS_Utils: version of com.google.android.apps.maps = 1066937505
10-23 14:55:40.759  1468  5397 I MdiSyncModule: flag handling is skipping irrelevant intent.
10-23 14:55:40.761  1468  1468 D BoundBrokerSvc: onUnbind: Intent { act=com.google.android.gms.common.BIND_SHARED_PREFS pkg=com.google.android.gms }
10-23 14:55:40.767  1468  3344 I SystemUpdate: [Installation,ReceiverIntentOperation] Received intent: Intent { act=com.google.gservices.intent.action.GSERVICES_CHANGED flg=0x1000010 pkg=com.google.android.gms cmp=com.google.android.gms/.chimera.GmsIntentOperationService (has extras) }.
10-23 14:55:40.775  1058  1724 D ActivityAttributionService: notifyActivityAttributionInfo UID=1002 packageName=com.google.android.bluetooth deviceAddress=no_active_device_address
10-23 14:55:40.775  1058  1724 I bt_btif : packages/modules/Bluetooth/system/btif/src/bluetooth.cc:829 get_profile_interface: get_profile_interface: id = activity_attribution
10-23 14:55:40.776   413   476 D audioserver: FGS Logger Transaction failed
10-23 14:55:40.776   413   476 D audioserver: -129
10-23 14:55:40.776  1058  1409 I bt_stack: [INFO:le_scanning_manager.cc(168)] Scan in shim layer started
10-23 14:55:40.776  1058  1239 I bluetooth: packages/modules/Bluetooth/system/gd/hci/le_scanning_manager.cc:588 stop_scan: Scanning already stopped, return!
10-23 14:55:40.784  1058  1409 I bt_stack: [INFO:le_scanning_manager.cc(168)] Scan in shim layer stopped
10-23 14:55:40.784  1058  1409 I bt_stack: [INFO:le_scanning_manager.cc(346)] SetScanParameters in shim layer
10-23 14:55:40.784  1058  1409 I bt_stack: [INFO:le_scanning_manager.cc(168)] Scan in shim layer started
10-23 14:55:40.791  1468  5211 I RecoverableKeyStoreGms: [RecoverableKeyStoreGmsInitOperation] Setting vault handle
10-23 14:55:40.793  1058  1239 I bluetooth: packages/modules/Bluetooth/system/gd/hci/le_address_manager.cc:175 register_client: Scheduled address rotation for first client registered
10-23 14:55:40.793  1058  1239 I bluetooth: packages/modules/Bluetooth/system/gd/hci/le_address_manager.cc:178 register_client: Client registered
10-23 14:55:40.793  1058  1239 I bluetooth: packages/modules/Bluetooth/system/gd/hci/le_address_manager.cc:193 unregister_client: Client unregistered
10-23 14:55:40.793  1058  1239 I bluetooth: packages/modules/Bluetooth/system/gd/hci/le_address_manager.cc:197 unregister_client: Cancelled address rotation alarm
10-23 14:55:40.793  1058  1239 I bluetooth: packages/modules/Bluetooth/system/gd/hci/le_scanning_manager.cc:588 stop_scan: Scanning already stopped, return!
10-23 14:55:40.793  1058  1239 I bluetooth: packages/modules/Bluetooth/system/gd/hci/le_address_manager.cc:175 register_client: Scheduled address rotation for first client registered
10-23 14:55:40.793  1058  1239 I bluetooth: packages/modules/Bluetooth/system/gd/hci/le_address_manager.cc:178 register_client: Client registered
10-23 14:55:40.794  1468  3342 I GmsModuleFndr: Beginning GMS chimera module scan
10-23 14:55:40.803  1468  5397 I OcrModelUpStIntentOp: Downloading text recognizer
10-23 14:55:40.807  1468  1468 D BoundBrokerSvc: onBind: Intent { act=com.google.android.gms.common.BIND_SHARED_PREFS pkg=com.google.android.gms }
10-23 14:55:40.807  1468  1468 D BoundBrokerSvc: Loading bound service for intent: Intent { act=com.google.android.gms.common.BIND_SHARED_PREFS pkg=com.google.android.gms }
10-23 14:55:40.807  1468  3342 I ModuleSetMgr: Computing pending module set with APKs: [[AdsFdrDynamite.integ:231004600100000], [Cronetdynamite:231818190800], [Dynamiteloader:231818190000], [Dynamitemodulesa:231818190000], [Dynamitemodulesc:231818190000], [Googlecertificates:231818190000], [Mapsdynamite:231818190000], [Measurementdynamite:231818190000]]
10-23 14:55:40.808   524  2039 V RecoverableKeyStoreMgr: Not updating server params - same as old value.
10-23 14:55:40.811  1468  3880 I BackupAndSyncValidation: Scheduling the service.
10-23 14:55:40.813   524  1255 I RecoverySnapshotLstnrs: Registered listener for agent with uid 10124
10-23 14:55:40.817  1468  3342 I ModuleSetMgr: Download of container feature antifingerprinting is disabled.
10-23 14:55:40.825  1468  3342 I ModuleSetMgr: Download of container feature appsearch_dynamite_impl is disabled.
10-23 14:55:40.825  1468  3342 I ModuleSetMgr: Download of container feature brella_dynamite is disabled.
10-23 14:55:40.825  1468  3342 I ModuleSetMgr: Download of container feature cameraconnectivity_impl is disabled.
10-23 14:55:40.827  1468  3342 I ModuleSetMgr: Download of container feature dck_management is disabled.
10-23 14:55:40.827  1468  3342 I ModuleSetMgr: Download of container feature easyunlock is disabled.
10-23 14:55:40.827  1468  3342 I ModuleSetMgr: Download of container feature enterprise is disabled.
10-23 14:55:40.827  1468  3342 I ModuleSetMgr: Download of container feature enterprise_zt_mp_complete is disabled.
10-23 14:55:40.827  1468  3342 I ModuleSetMgr: Download of container feature fast_pair is disabled.
10-23 14:55:40.827  1468  3342 I ModuleSetMgr: Download of container feature game_platform is disabled.
10-23 14:55:40.827  1468  3342 I ModuleSetMgr: Download of container feature games is disabled.
10-23 14:55:40.827  1468  3342 I ModuleSetMgr: Download of container feature growth_upgradeparty is disabled.
10-23 14:55:40.827  1468  3342 I ModuleSetMgr: Download of container feature tflite_dynamite is disabled.
10-23 14:55:40.827  1468  3342 I ModuleSetMgr: Download of container feature homegraph is disabled.
10-23 14:55:40.827  1468  3342 I ModuleSetMgr: Download of container feature magictether is disabled.
10-23 14:55:40.827  1468  3342 I ModuleSetMgr: Download of container feature maps_core is disabled.
10-23 14:55:40.827  1468  3342 I ModuleSetMgr: Download of container feature mlkit.docscan.crop is disabled.
10-23 14:55:40.827  1468  3342 I ModuleSetMgr: Download of container feature mlkit.docscan.enhance is disabled.
10-23 14:55:40.829  1468  3342 I ModuleSetMgr: Download of container feature multipackage_debug is disabled.
10-23 14:55:40.829  1468  3342 I ModuleSetMgr: Download of container feature payse is disabled.
10-23 14:55:40.829  1468  3342 I ModuleSetMgr: Download of container feature permissions_debug is disabled.
10-23 14:55:40.831  1468  3342 I ModuleSetMgr: Download of container feature play_cloud_search is disabled.
10-23 14:55:40.831  1468  3342 I ModuleSetMgr: Download of container feature semanticlocation_debug is disabled.
10-23 14:55:40.831  1468  3342 I ModuleSetMgr: Download of container feature tflite_delegate_edgetpu is disabled.
10-23 14:55:40.831  1468  3342 I ModuleSetMgr: Download of container feature tflite_delegate_test is disabled.
10-23 14:55:40.831  1468  3342 I ModuleSetMgr: Download of container feature tflite_gpu_dynamite is disabled.
10-23 14:55:40.831  1468  3342 I ModuleSetMgr: Download of container feature userstatus_impl is disabled.
10-23 14:55:40.831  1468  3342 I ModuleSetMgr: Download of container feature usonia_iam is disabled.
10-23 14:55:40.831  1468  3342 I ModuleSetMgr: Download of container feature vision.face is disabled.
10-23 14:55:40.831  1468  3342 I ModuleSetMgr: Download of container feature vision.ica is disabled.
10-23 14:55:40.831  1468  3342 I ModuleSetMgr: Download of container feature vision.ocr is disabled.
10-23 14:55:40.832  1468  3342 I ModuleSetMgr: Pending container module APKs: []
10-23 14:55:40.832  1468  3342 I ModuleSetMgr: Pending non-container module APKs: []
10-23 14:55:40.837  1468  5434 I SystemUpdate: [Execution,InstallationEventIntentOperation] Handling event of type 2.
10-23 14:55:40.837  1089  1089 D CarrierSvcBindHelper: onPackageModified: com.google.android.youtube
10-23 14:55:40.841  2993  5385 W SystemServiceRegistry: No service published for: persistent_data_block
10-23 14:55:40.859   871  5384 I PermissionControllerServiceImpl: Updating user sensitive for uid 10139
10-23 14:55:40.864  1089  1089 D CarrierSvcBindHelper: No carrier app for: 0
10-23 14:55:40.883   524   614 I RoleService: Granting default roles...
10-23 14:55:40.885  1468  5211 I RecoverableKeyStoreGms: [EnrollmentManager] Returning certificates list from cache [CONTEXT service_id=172 ]
10-23 14:55:40.886  3911  4165 I TestRunner: finished: navigate_to_accompaniment_menu_from_side_menu(com.example.lunchtray.NavigationTests)
