10-23 14:55:33.882  1093  1117 D FaceSettings: FaceManager is not null. Hardware detected: true
10-23 14:55:33.882  1093  1117 D FaceSettings: Get non indexable keys. isFaceHardwareDetected: true, size:12
10-23 14:55:33.882  1093  1117 V SettingsSearchProvider: com.android.settings.biometrics.face.FaceSettings$2@98f0303 tried to add an empty non-indexable key
10-23 14:55:33.883  1093  1117 D PrefCtrlListHelper: Could not find Context-only controller for pref: com.android.settings.network.NetworkMobileProviderController
10-23 14:55:33.889  3911  4251 E OpenGLRenderer: Unable to match the desired swap behavior.
10-23 14:55:33.906  1093  1117 D PrefCtrlListHelper: Could not find Context-only controller for pref: com.android.settings.biometrics.face.FaceSettingsLockscreenBypassPreferenceController
10-23 14:55:33.906  1093  1117 D PrefCtrlListHelper: Could not find Context-only controller for pref: com.android.settings.users.AddUserWhenLockedPreferenceController
10-23 14:55:33.915  1093  1117 D PrefCtrlListHelper: Could not find Context-only controller for pref: com.android.settings.display.WalletPrivacyPreferenceController
10-23 14:55:33.915  1093  1117 D PrefCtrlListHelper: Could not find Context-only controller for pref: com.android.settings.display.ControlsPrivacyPreferenceController
10-23 14:55:33.915  1093  1117 D PrefCtrlListHelper: Could not find Context-only controller for pref: com.android.settings.display.ControlsTrivialPrivacyPreferenceController
10-23 14:55:33.924  1093  1117 D PrefCtrlListHelper: Could not find Context-only controller for pref: com.android.settings.display.CustomizableLockScreenQuickAffordancesPreferenceController
10-23 14:55:33.925  1093  1117 D PrefCtrlListHelper: Could not find Context-only controller for pref: com.android.settings.display.LockscreenClockPreferenceController
10-23 14:55:33.925  1093  1117 D PrefCtrlListHelper: Could not find Context-only controller for pref: com.google.android.settings.display.LockscreenWeatherPreferenceController
10-23 14:55:33.925  1093  1117 D PrefCtrlListHelper: Could not find Context-only controller for pref: com.android.settings.display.AmbientDisplayWhenToShowPreferenceController
10-23 14:55:33.925  1093  1117 D PrefCtrlListHelper: Could not find Context-only controller for pref: com.android.settings.display.AmbientDisplayAlwaysOnPreferenceController
10-23 14:55:33.926  1093  1117 D PrefCtrlListHelper: Could not find Context-only controller for pref: com.android.settings.gestures.TapScreenGesturePreferenceController
10-23 14:55:33.926  1093  1117 D PrefCtrlListHelper: Could not find Context-only controller for pref: com.android.settings.gestures.DoubleTapScreenPreferenceController
10-23 14:55:33.926  1093  1117 D PrefCtrlListHelper: Could not find Context-only controller for pref: com.android.settings.gestures.PickupGesturePreferenceController
10-23 14:55:33.926  1093  1117 D PrefCtrlListHelper: Could not find Context-only controller for pref: com.android.settings.display.AmbientDisplayNotificationsPreferenceController
10-23 14:55:33.926  1093  1117 W PrefControllerMixin: Skipping updateNonIndexableKeys due to empty key com.android.settings.notification.LockScreenNotificationPreferenceController@37a26ac
10-23 14:55:33.928  1093  1117 W SettingsPrefController: Skipping updateNonIndexableKeys, key already in list. com.android.settings.biometrics.face.FaceSettingsLockscreenBypassPreferenceController@7d30f75
10-23 14:55:33.933  1348  5130 I Fitness : FitCleanupIntentOperation received Intent android.intent.action.PACKAGE_CHANGED [CONTEXT service_id=17 ]
10-23 14:55:33.935  1348  4014 I Fitness : OnPackageChangedOperation got intent: Intent { act=android.intent.action.PACKAGE_CHANGED dat=package: flg=0x45000010 pkg=com.google.android.gms cmp=com.google.android.gms/.chimera.PersistentIntentOperationService (has extras) } [CONTEXT service_id=17 ]
10-23 14:55:33.978  3911  3911 D RootViewPicker: Root not ready - waiting: 10ms for one to appear.
10-23 14:55:33.979  1657  1657 I AiAiEcho: AppFetcherImpl onPackageChanged com.google.android.settings.intelligence.
10-23 14:55:33.986  1657  2944 I AiAiEcho: AppIndexer Package:[com.google.android.settings.intelligence] UserProfile:[0] Enabled:[true].
10-23 14:55:33.986  1657  2944 I AiAiEcho: AppFetcherImplV2 updateApps package:[com.google.android.settings.intelligence], userId:[0], reason:[package is updated.].
10-23 14:55:33.990  1468  4968 I LocationHistory: [IntentOperation] Module is disabled [CONTEXT service_id=314 ]
10-23 14:55:33.990  3911  3911 D RootViewPicker: Root not ready - waiting: 25ms for one to appear.
10-23 14:55:33.995  1093  1117 D CustomizableLockScreenUtils: is_custom_lock_screen_quick_affordances_feature_enabled=1
10-23 14:55:33.998  1348  5131 I Fitness : FitCleanupIntentOperation received Intent android.intent.action.PACKAGE_CHANGED [CONTEXT service_id=17 ]
10-23 14:55:33.999  1348  4014 I SemanticLocation: ULR Settings changed. Updating LH/LR state. [CONTEXT service_id=173 ]
10-23 14:55:34.006  1348  1508 W ChimeraUtils: Module com.google.android.gms.nearby_en missing resource null(0)
10-23 14:55:34.010  1348  3951 I NetworkScheduler.Stats: Task com.google.android.gms/com.google.android.gms.auth.account.be.legacy.AuthCronService started execution. cause:5 exec_start_elapsed_seconds: 74 [CONTEXT service_id=218 ]
10-23 14:55:34.027  1348  5131 I Fitness : OnPackageChangedOperation got intent: Intent { act=android.intent.action.PACKAGE_CHANGED dat=package: flg=0x45000010 pkg=com.google.android.gms cmp=com.google.android.gms/.chimera.PersistentIntentOperationService (has extras) } [CONTEXT service_id=17 ]
10-23 14:55:34.035  1348  3942 I SemanticLocation: [MDD] ModelBundleMetadata: File not found [CONTEXT service_id=173 ]
10-23 14:55:34.035  1348  3942 I SemanticLocation: java.io.FileNotFoundException: /data/user/0/com.google.android.gms/files/default_model_bundle_metadata.pb: open failed: ENOENT (No such file or directory)
10-23 14:55:34.035  1348  3942 I SemanticLocation: 	at libcore.io.IoBridge.open(IoBridge.java:574)
10-23 14:55:34.035  1348  3942 I SemanticLocation: 	at java.io.FileInputStream.<init>(FileInputStream.java:160)
10-23 14:55:34.035  1348  3942 I SemanticLocation: 	at android.app.ContextImpl.openFileInput(ContextImpl.java:745)
10-23 14:55:34.035  1348  3942 I SemanticLocation: 	at android.content.ContextWrapper.openFileInput(ContextWrapper.java:249)
10-23 14:55:34.035  1348  3942 I SemanticLocation: 	at android.content.ContextWrapper.openFileInput(ContextWrapper.java:249)
10-23 14:55:34.035  1348  3942 I SemanticLocation: 	at android.content.ContextWrapper.openFileInput(ContextWrapper.java:249)
10-23 14:55:34.035  1348  3942 I SemanticLocation: 	at bzxt.h(:com.google.android.gms@231818047@23.18.18 (190800-535401451):1)
10-23 14:55:34.035  1348  3942 I SemanticLocation: 	at bzxd.d(:com.google.android.gms@231818047@23.18.18 (190800-535401451):2)
10-23 14:55:34.035  1348  3942 I SemanticLocation: 	at bzxd.<init>(:com.google.android.gms@231818047@23.18.18 (190800-535401451):0)
10-23 14:55:34.035  1348  3942 I SemanticLocation: 	at cadn.j(:com.google.android.gms@231818047@23.18.18 (190800-535401451):0)
10-23 14:55:34.035  1348  3942 I SemanticLocation: 	at cadn.h(:com.google.android.gms@231818047@23.18.18 (190800-535401451):36)
10-23 14:55:34.035  1348  3942 I SemanticLocation: 	at cadn.b(:com.google.android.gms@231818047@23.18.18 (190800-535401451):0)
10-23 14:55:34.035  1348  3942 I SemanticLocation: 	at com.google.android.gms.semanticlocation.service.SemanticLocationChimeraService.k(:com.google.android.gms@231818047@23.18.18 (190800-535401451):9)
10-23 14:55:34.035  1348  3942 I SemanticLocation: 	at com.google.android.gms.semanticlocation.service.SemanticLocationChimeraService.h(:com.google.android.gms@231818047@23.18.18 (190800-535401451):17)
10-23 14:55:34.035  1348  3942 I SemanticLocation: 	at cacs.run(:com.google.android.gms@231818047@23.18.18 (190800-535401451):68)
10-23 14:55:34.035  1348  3942 I SemanticLocation: 	at java.util.concurrent.Executors$RunnableAdapter.call(Executors.java:487)
10-23 14:55:34.035  1348  3942 I SemanticLocation: 	at java.util.concurrent.FutureTask.run(FutureTask.java:264)
10-23 14:55:34.035  1348  3942 I SemanticLocation: 	at aced.c(:com.google.android.gms@231818047@23.18.18 (190800-535401451):6)
10-23 14:55:34.035  1348  3942 I SemanticLocation: 	at aced.run(:com.google.android.gms@231818047@23.18.18 (190800-535401451):7)
10-23 14:55:34.035  1348  3942 I SemanticLocation: 	at java.util.concurrent.ThreadPoolExecutor.runWorker(ThreadPoolExecutor.java:1145)
10-23 14:55:34.035  1348  3942 I SemanticLocation: 	at java.util.concurrent.ThreadPoolExecutor$Worker.run(ThreadPoolExecutor.java:644)
10-23 14:55:34.035  1348  3942 I SemanticLocation: 	at acjn.run(:com.google.android.gms@231818047@23.18.18 (190800-535401451):0)
10-23 14:55:34.035  1348  3942 I SemanticLocation: 	at java.lang.Thread.run(Thread.java:1012)
10-23 14:55:34.035  1348  3942 I SemanticLocation: Caused by: android.system.ErrnoException: open failed: ENOENT (No such file or directory)
10-23 14:55:34.035  1348  3942 I SemanticLocation: 	at libcore.io.Linux.open(Native Method)
10-23 14:55:34.035  1348  3942 I SemanticLocation: 	at libcore.io.ForwardingOs.open(ForwardingOs.java:563)
10-23 14:55:34.035  1348  3942 I SemanticLocation: 	at libcore.io.BlockGuardOs.open(BlockGuardOs.java:274)
10-23 14:55:34.035  1348  3942 I SemanticLocation: 	at libcore.io.ForwardingOs.open(ForwardingOs.java:563)
10-23 14:55:34.035  1348  3942 I SemanticLocation: 	at android.app.ActivityThread$AndroidOs.open(ActivityThread.java:8063)
10-23 14:55:34.035  1348  3942 I SemanticLocation: 	at libcore.io.IoBridge.open(IoBridge.java:560)
10-23 14:55:34.035  1348  3942 I SemanticLocation: 	... 22 more
10-23 14:55:34.038  1348  1508 W ChimeraUtils: Module com.google.android.gms.nearby_en missing resource null(0)
10-23 14:55:34.046  1348  1508 W ChimeraUtils: Module com.google.android.gms.nearby_en missing resource null(0)
10-23 14:55:34.055   870   947 D EGL_emulation: app_time_stats: avg=114.04ms min=0.88ms max=1156.71ms count=16
10-23 14:55:34.057  1348  5131 I Fitness : FitCleanupIntentOperation received Intent android.intent.action.PACKAGE_CHANGED [CONTEXT service_id=17 ]
10-23 14:55:34.059   870   947 E OpenGLRenderer: Unable to match the desired swap behavior.
10-23 14:55:34.071  1093  1117 D CustomizableLockScreenUtils: is_custom_lock_screen_quick_affordances_feature_enabled=1
10-23 14:55:34.075  1348  3951 I NetworkScheduler.Stats: Task com.google.android.gms/com.google.android.gms.auth.account.be.legacy.AuthCronService finished executing. cause:5 result: 3 elapsed_millis: 301 uptime_millis: 301 exec_start_elapsed_seconds: 74 [CONTEXT service_id=218 ]
10-23 14:55:34.079  1348  3942 I SemanticLocation: [MDD] ModelBundleMetadata: File not found [CONTEXT service_id=173 ]
10-23 14:55:34.079  1348  3942 I SemanticLocation: java.io.FileNotFoundException: /data/user/0/com.google.android.gms/files/model_bundle_metadata.pb: open failed: ENOENT (No such file or directory)
10-23 14:55:34.079  1348  3942 I SemanticLocation: 	at libcore.io.IoBridge.open(IoBridge.java:574)
10-23 14:55:34.079  1348  3942 I SemanticLocation: 	at java.io.FileInputStream.<init>(FileInputStream.java:160)
10-23 14:55:34.079  1348  3942 I SemanticLocation: 	at android.app.ContextImpl.openFileInput(ContextImpl.java:745)
10-23 14:55:34.079  1348  3942 I SemanticLocation: 	at android.content.ContextWrapper.openFileInput(ContextWrapper.java:249)
10-23 14:55:34.079  1348  3942 I SemanticLocation: 	at android.content.ContextWrapper.openFileInput(ContextWrapper.java:249)
10-23 14:55:34.079  1348  3942 I SemanticLocation: 	at android.content.ContextWrapper.openFileInput(ContextWrapper.java:249)
10-23 14:55:34.079  1348  3942 I SemanticLocation: 	at bzxt.h(:com.google.android.gms@231818047@23.18.18 (190800-535401451):1)
10-23 14:55:34.079  1348  3942 I SemanticLocation: 	at bzxd.c(:com.google.android.gms@231818047@23.18.18 (190800-535401451):9)
10-23 14:55:34.079  1348  3942 I SemanticLocation: 	at bzxd.<init>(:com.google.android.gms@231818047@23.18.18 (190800-535401451):0)
10-23 14:55:34.079  1348  3942 I SemanticLocation: 	at cadn.j(:com.google.android.gms@231818047@23.18.18 (190800-535401451):0)
10-23 14:55:34.079  1348  3942 I SemanticLocation: 	at cadn.h(:com.google.android.gms@231818047@23.18.18 (190800-535401451):36)
10-23 14:55:34.079  1348  3942 I SemanticLocation: 	at cadn.b(:com.google.android.gms@231818047@23.18.18 (190800-535401451):0)
10-23 14:55:34.079  1348  3942 I SemanticLocation: 	at com.google.android.gms.semanticlocation.service.SemanticLocationChimeraService.k(:com.google.android.gms@231818047@23.18.18 (190800-535401451):9)
10-23 14:55:34.079  1348  3942 I SemanticLocation: 	at com.google.android.gms.semanticlocation.service.SemanticLocationChimeraService.h(:com.google.android.gms@231818047@23.18.18 (190800-535401451):17)
10-23 14:55:34.079  1348  3942 I SemanticLocation: 	at cacs.run(:com.google.android.gms@231818047@23.18.18 (190800-535401451):68)
10-23 14:55:34.079  1348  3942 I SemanticLocation: 	at java.util.concurrent.Executors$RunnableAdapter.call(Executors.java:487)
10-23 14:55:34.079  1348  3942 I SemanticLocation: 	at java.util.concurrent.FutureTask.run(FutureTask.java:264)
10-23 14:55:34.079  1348  3942 I SemanticLocation: 	at aced.c(:com.google.android.gms@231818047@23.18.18 (190800-535401451):6)
10-23 14:55:34.079  1348  3942 I SemanticLocation: 	at aced.run(:com.google.android.gms@231818047@23.18.18 (190800-535401451):7)
10-23 14:55:34.079  1348  3942 I SemanticLocation: 	at java.util.concurrent.ThreadPoolExecutor.runWorker(ThreadPoolExecutor.java:1145)
10-23 14:55:34.079  1348  3942 I SemanticLocation: 	at java.util.concurrent.ThreadPoolExecutor$Worker.run(ThreadPoolExecutor.java:644)
10-23 14:55:34.079  1348  3942 I SemanticLocation: 	at acjn.run(:com.google.android.gms@231818047@23.18.18 (190800-535401451):0)
10-23 14:55:34.079  1348  3942 I SemanticLocation: 	at java.lang.Thread.run(Thread.java:1012)
10-23 14:55:34.079  1348  3942 I SemanticLocation: Caused by: android.system.ErrnoException: open failed: ENOENT (No such file or directory)
10-23 14:55:34.079  1348  3942 I SemanticLocation: 	at libcore.io.Linux.open(Native Method)
10-23 14:55:34.079  1348  3942 I SemanticLocation: 	at libcore.io.ForwardingOs.open(ForwardingOs.java:563)
10-23 14:55:34.079  1348  3942 I SemanticLocation: 	at libcore.io.BlockGuardOs.open(BlockGuardOs.java:274)
10-23 14:55:34.079  1348  3942 I SemanticLocation: 	at libcore.io.ForwardingOs.open(ForwardingOs.java:563)
10-23 14:55:34.079  1348  3942 I SemanticLocation: 	at android.app.ActivityThread$AndroidOs.open(ActivityThread.java:8063)
10-23 14:55:34.079  1348  3942 I SemanticLocation: 	at libcore.io.IoBridge.open(IoBridge.java:560)
10-23 14:55:34.079  1348  3942 I SemanticLocation: 	... 22 more
10-23 14:55:34.079  1093  1117 D CustomizableLockScreenUtils: is_custom_lock_screen_quick_affordances_feature_enabled=1
10-23 14:55:34.092  1093  1117 D CustomizableLockScreenUtils: is_custom_lock_screen_quick_affordances_feature_enabled=1
10-23 14:55:34.097  1348  5130 I Fitness : OnPackageChangedOperation got intent: Intent { act=android.intent.action.PACKAGE_CHANGED dat=package: flg=0x5000010 pkg=com.google.android.gms cmp=com.google.android.gms/.chimera.PersistentIntentOperationService (has extras) } [CONTEXT service_id=17 ]
10-23 14:55:34.097  3911  3911 D RootViewPicker: Root not ready - waiting: 50ms for one to appear.
10-23 14:55:34.113  1348  5130 I Fitness : FitCleanupIntentOperation received Intent android.intent.action.PACKAGE_CHANGED [CONTEXT service_id=17 ]
10-23 14:55:34.125  2993  3964 W SystemServiceRegistry: No service published for: persistent_data_block
10-23 14:55:34.126  1093  1117 D CustomizableLockScreenUtils: is_custom_lock_screen_quick_affordances_feature_enabled=1
10-23 14:55:34.126  1657  1657 I AiAiEcho: AppFetcherImpl onPackageChanged com.google.android.settings.intelligence.
10-23 14:55:34.127  1348  4014 I Fitness : OnPackageChangedOperation got intent: Intent { act=android.intent.action.PACKAGE_CHANGED dat=package: flg=0x45000010 pkg=com.google.android.gms cmp=com.google.android.gms/.chimera.PersistentIntentOperationService (has extras) } [CONTEXT service_id=17 ]
10-23 14:55:34.127   524   544 W ziparchive: Unable to open '/data/app/~~l7Rq4SQe7Y9FzOfn2-YRbQ==/com.example.lunchtray-gbGN8hPxDqDvdbmHMgLHzQ==/base.dm': No such file or directory
10-23 14:55:34.129   524   544 I ActivityTaskManager: Displayed com.example.lunchtray/androidx.fragment.app.testing.FragmentScenario$EmptyFragmentActivity for user 0: +259ms
10-23 14:55:34.129  1657  3692 I AiAiEcho: AppIndexer Package:[com.google.android.settings.intelligence] UserProfile:[0] Enabled:[true].
10-23 14:55:34.130  1657  3692 I AiAiEcho: AppFetcherImplV2 updateApps package:[com.google.android.settings.intelligence], userId:[0], reason:[package is updated.].
10-23 14:55:34.139   871  1051 E RoleControllerServiceImpl: Default/fallback role holder package doesn't qualify for the role, package: com.google.android.gms.supervision, role: android.app.role.SYSTEM_SUPERVISION
10-23 14:55:34.145   871  1051 I Role    : com.google.android.gms not qualified for android.app.role.SYSTEM_CALL_STREAMING due to missing RequiredComponent{mIntentFilterData=IntentFilterData{mAction='android.telecom.CallStreamingService', mCategories='[]', mDataScheme='null', mDataType='null'}, mMinTargetSdkVersion=1, mFlags='0', mPermission='android.permission.BIND_CALL_STREAMING_SERVICE', mQueryFlags=0, mMetaData=[]}
10-23 14:55:34.145   871  1051 E RoleControllerServiceImpl: Default/fallback role holder package doesn't qualify for the role, package: com.google.android.gms, role: android.app.role.SYSTEM_CALL_STREAMING
10-23 14:55:34.149  3911  3911 D RootViewPicker: Root not ready - waiting: 100ms for one to appear.
10-23 14:55:34.157   871  1051 W Role    : Default holder doesn't have required signing certificate: com.google.android.apps.work.clouddpc:23962F4B43B9857638EA66F4D419518EAE282491ACDA4B94707BD59003C45E58
10-23 14:55:34.163  2048  2048 W adbd    : timeout expired while flushing socket, closing
10-23 14:55:34.166  1093  1117 D CustomizableLockScreenUtils: is_custom_lock_screen_quick_affordances_feature_enabled=1
10-23 14:55:34.167  1093  1117 W SettingsPrefController: Skipping updateNonIndexableKeys, key already in list. com.android.settings.gestures.TapScreenGesturePreferenceController@2c3cf7b
10-23 14:55:34.167  1093  1117 W SettingsPrefController: Skipping updateNonIndexableKeys, key already in list. com.android.settings.gestures.DoubleTapScreenPreferenceController@ab90198
10-23 14:55:34.167  1093  1117 W SettingsPrefController: Skipping updateNonIndexableKeys, key already in list. com.android.settings.gestures.PickupGesturePreferenceController@2d22df1
10-23 14:55:34.170  1093  1117 D PrefCtrlListHelper: Could not find Context-only controller for pref: com.android.settings.network.telephony.MobileNetworkSwitchController
10-23 14:55:34.171  1093  1117 D PrefCtrlListHelper: Could not find Context-only controller for pref: com.android.settings.network.telephony.DisabledSubscriptionController
10-23 14:55:34.171  1093  1117 D PrefCtrlListHelper: Could not find Context-only controller for pref: com.android.settings.network.telephony.CallsDefaultSubscriptionController
10-23 14:55:34.171  1093  1117 W PrefCtrlListHelper: Cannot instantiate controller from reflection: com.android.settings.network.telephony.CallsDefaultSubscriptionController
10-23 14:55:34.171  1093  1117 D PrefCtrlListHelper: Could not find Context-only controller for pref: com.android.settings.network.telephony.SmsDefaultSubscriptionController
10-23 14:55:34.171  1093  1117 W PrefCtrlListHelper: Cannot instantiate controller from reflection: com.android.settings.network.telephony.SmsDefaultSubscriptionController
10-23 14:55:34.171  1093  1117 D PrefCtrlListHelper: Could not find Context-only controller for pref: com.android.settings.network.telephony.DataServiceSetupPreferenceController
10-23 14:55:34.184   524  2035 I ImeTracker: com.example.lunchtray:bdce6d98: onRequestHide at ORIGIN_SERVER_HIDE_INPUT reason HIDE_UNSPECIFIED_WINDOW
10-23 14:55:34.184   524  2035 I ImeTracker: com.example.lunchtray:bdce6d98: onCancelled at PHASE_SERVER_SHOULD_HIDE
10-23 14:55:34.186  1575  1575 I GoogleInputMethodService: GoogleInputMethodService.onFinishInput():3227
10-23 14:55:34.188  1575  1575 I GoogleInputMethodService: GoogleInputMethodService.updateDeviceLockedStatus():2087 repeatCheckTimes = 0, unlocked = true
10-23 14:55:34.188  1575  1575 I GoogleInputMethodService: GoogleInputMethodService.onStartInput():1877 onStartInput(EditorInfo{inputType=0x0(NULL) imeOptions=0x0 privateImeOptions=null actionName=UNSPECIFIED actionLabel=null actionId=0 initialSelStart=-1 initialSelEnd=-1 initialCapsMode=0x0 hintText=null label=null packageName=com.example.lunchtray fieldId=0 fieldName=null extras=null}, false)
10-23 14:55:34.188  1575  1575 I GoogleInputMethodService: GoogleInputMethodService.shouldHideHeaderOnInitialState():4008 ShouldHideHeaderOnInitialState = false
10-23 14:55:34.189  1575  1575 I GoogleInputMethodService: GoogleInputMethodService.updateDeviceLockedStatus():2087 repeatCheckTimes = 2, unlocked = true
10-23 14:55:34.193  1093  1117 D PrefCtrlListHelper: Could not find Context-only controller for pref: com.android.settings.network.telephony.MobileDataPreferenceController
10-23 14:55:34.193  1093  1117 W PrefCtrlListHelper: Cannot instantiate controller from reflection: com.android.settings.network.telephony.MobileDataPreferenceController
10-23 14:55:34.193  1093  1117 D PrefCtrlListHelper: Could not find Context-only controller for pref: com.android.settings.network.telephony.AutoDataSwitchPreferenceController
10-23 14:55:34.193  1093  1117 D PrefCtrlListHelper: Could not find Context-only controller for pref: com.android.settings.network.telephony.RoamingPreferenceController
10-23 14:55:34.193  1093  1117 W PrefCtrlListHelper: Cannot instantiate controller from reflection: com.android.settings.network.telephony.RoamingPreferenceController
10-23 14:55:34.193  1093  1117 D PrefCtrlListHelper: Could not find Context-only controller for pref: com.android.settings.network.telephony.DataUsagePreferenceController
10-23 14:55:34.193  1093  1117 D PrefCtrlListHelper: Could not find Context-only controller for pref: com.android.settings.datausage.BillingCyclePreferenceController
10-23 14:55:34.193  1093  1117 D PrefCtrlListHelper: Could not find Context-only controller for pref: com.android.settings.network.CarrierWifiTogglePreferenceController
10-23 14:55:34.193  1093  1117 D PrefCtrlListHelper: Could not find Context-only controller for pref: com.android.settings.network.telephony.MmsMessagePreferenceController
10-23 14:55:34.193  1093  1117 D PrefCtrlListHelper: Could not find Context-only controller for pref: com.android.settings.network.telephony.Enhanced4gLtePreferenceController
10-23 14:55:34.193  1093  1117 D PrefCtrlListHelper: Could not find Context-only controller for pref: com.android.settings.network.telephony.Enhanced4gCallingPreferenceController
10-23 14:55:34.193  1093  1117 D PrefCtrlListHelper: Could not find Context-only controller for pref: com.android.settings.network.telephony.Enhanced4gAdvancedCallingPreferenceController
10-23 14:55:34.193  1093  1117 D PrefCtrlListHelper: Could not find Context-only controller for pref: com.android.settings.network.telephony.ContactDiscoveryPreferenceController
10-23 14:55:34.196  1468  3697 I Icing   : Indexing done com.google.android.gms-internal.3p:MobileApplication
10-23 14:55:34.197  1468  3697 I Icing   : Indexing done com.google.android.gms-apps
10-23 14:55:34.214  1093  1117 D PrefCtrlListHelper: Could not find Context-only controller for pref: com.android.settings.network.telephony.PreferredNetworkModePreferenceController
10-23 14:55:34.214  1093  1117 D PrefCtrlListHelper: Could not find Context-only controller for pref: com.android.settings.network.telephony.EnabledNetworkModePreferenceController
10-23 14:55:34.214  1093  1117 D PrefCtrlListHelper: Could not find Context-only controller for pref: com.android.settings.network.telephony.CarrierSettingsVersionPreferenceController
10-23 14:55:34.215  1093  1117 D PrefCtrlListHelper: Could not find Context-only controller for pref: com.google.android.settings.network.telephony.SpeedBoostPreferenceController
10-23 14:55:34.215  1093  1117 D PrefCtrlListHelper: Could not find Context-only controller for pref: com.android.settings.network.telephony.CallingPreferenceCategoryController
10-23 14:55:34.215  1093  1117 D PrefCtrlListHelper: Could not find Context-only controller for pref: com.android.settings.network.telephony.WifiCallingPreferenceController
10-23 14:55:34.215  1093  1117 D PrefCtrlListHelper: Could not find Context-only controller for pref: com.android.settings.network.telephony.VideoCallingPreferenceController
10-23 14:55:34.215  1093  1117 D PrefCtrlListHelper: Could not find Context-only controller for pref: com.android.settings.network.telephony.cdma.CdmaSystemSelectPreferenceController
10-23 14:55:34.224  1093  1117 D PrefCtrlListHelper: Could not find Context-only controller for pref: com.android.settings.network.telephony.cdma.CdmaSubscriptionPreferenceController
10-23 14:55:34.224  1093  1117 D PrefCtrlListHelper: Could not find Context-only controller for pref: com.android.settings.network.telephony.NetworkPreferenceCategoryController
10-23 14:55:34.224  1093  1117 D PrefCtrlListHelper: Could not find Context-only controller for pref: com.android.settings.network.telephony.gsm.AutoSelectPreferenceController
10-23 14:55:34.224  1093  1117 D PrefCtrlListHelper: Could not find Context-only controller for pref: com.android.settings.network.telephony.gsm.OpenNetworkSelectPagePreferenceController
10-23 14:55:34.224  1093  1117 D PrefCtrlListHelper: Could not find Context-only controller for pref: com.android.settings.network.telephony.ApnPreferenceController
10-23 14:55:34.224  1093  1117 D PrefCtrlListHelper: Could not find Context-only controller for pref: com.android.settings.network.telephony.CarrierPreferenceController
10-23 14:55:34.225  1093  1117 D PrefCtrlListHelper: Could not find Context-only controller for pref: com.android.settings.network.telephony.Enable2gPreferenceController
10-23 14:55:34.225  1093  1117 D PrefCtrlListHelper: Could not find Context-only controller for pref: com.android.settings.network.telephony.NullAlgorithmsPreferenceController
10-23 14:55:34.225  1093  1117 D PrefCtrlListHelper: Could not find Context-only controller for pref: com.android.settings.network.telephony.NrAdvancedCallingPreferenceController
10-23 14:55:34.225  1093  1117 D PrefCtrlListHelper: Could not find Context-only controller for pref: com.android.settings.network.telephony.ConvertToEsimPreferenceController
10-23 14:55:34.225  1093  1117 W PrefCtrlListHelper: Cannot instantiate controller from reflection: com.android.settings.network.telephony.ConvertToEsimPreferenceController
10-23 14:55:34.225  1093  1117 D PrefCtrlListHelper: Could not find Context-only controller for pref: com.android.settings.network.telephony.TransferEsimPreferenceController
10-23 14:55:34.225  1093  1117 D PrefCtrlListHelper: Could not find Context-only controller for pref: com.android.settings.network.telephony.DeleteSimProfilePreferenceController
10-23 14:55:34.225  1093  1117 D PrefCtrlListHelper: Could not find Context-only controller for pref: com.android.settings.network.telephony.DisableSimFooterPreferenceController
10-23 14:55:34.225  1093  1117 D PrefCtrlListHelper: Could not find Context-only controller for pref: com.android.settings.network.telephony.NrDisabledInDsdsFooterPreferenceController
10-23 14:55:34.239  1348  4014 I Fitness : OnPackageChangedOperation got intent: Intent { act=android.intent.action.PACKAGE_CHANGED dat=package: flg=0x45000010 pkg=com.google.android.gms cmp=com.google.android.gms/.chimera.PersistentIntentOperationService (has extras) } [CONTEXT service_id=17 ]
10-23 14:55:34.239  1132  1972 D EGL_emulation: app_time_stats: avg=32.36ms min=1.03ms max=313.94ms count=21
10-23 14:55:34.266  1657  1657 I AiAiEcho: AppFetcherImpl onPackageChanged com.google.android.googlequicksearchbox.
10-23 14:55:34.267  1657  2944 I AiAiEcho: AppIndexer Package:[com.google.android.googlequicksearchbox] UserProfile:[0] Enabled:[true].
10-23 14:55:34.267  1657  2944 I AiAiEcho: AppFetcherImplV2 updateApps package:[com.google.android.googlequicksearchbox], userId:[0], reason:[package is updated.].
10-23 14:55:34.274  1348  4014 I Fitness : FitCleanupIntentOperation received Intent android.intent.action.PACKAGE_CHANGED [CONTEXT service_id=17 ]
10-23 14:55:34.290   870   947 D EGL_emulation: app_time_stats: avg=10.89ms min=0.87ms max=77.66ms count=30
10-23 14:55:34.296  1468  4968 I GmsDebugLogger: [53] +tflite_dynamite:-1
10-23 14:55:34.308  1348  5130 I Fitness : OnPackageChangedOperation got intent: Intent { act=android.intent.action.PACKAGE_CHANGED dat=package: flg=0x45000010 pkg=com.google.android.gms cmp=com.google.android.gms/.chimera.PersistentIntentOperationService (has extras) } [CONTEXT service_id=17 ]
10-23 14:55:34.322  1348  4860 I Fitness : FitCleanupIntentOperation received Intent android.intent.action.PACKAGE_CHANGED [CONTEXT service_id=17 ]
10-23 14:55:34.331  3911  3911 I ViewInteraction: Performing 'single click' action on view view.getId() is <2131231208/com.example.lunchtray:id/start_order_btn>
10-23 14:55:34.342  1348  4860 I Fitness : OnPackageChangedOperation got intent: Intent { act=android.intent.action.PACKAGE_CHANGED dat=package: flg=0x45000010 pkg=com.google.android.gms cmp=com.google.android.gms/.chimera.PersistentIntentOperationService (has extras) } [CONTEXT service_id=17 ]
10-23 14:55:34.381  1348  4860 I Fitness : FitCleanupIntentOperation received Intent android.intent.action.PACKAGE_CHANGED [CONTEXT service_id=17 ]
10-23 14:55:34.420  1348  4014 I Fitness : FitCleanupIntentOperation received Intent android.intent.action.PACKAGE_CHANGED [CONTEXT service_id=17 ]
10-23 14:55:34.434  1348  4860 I Fitness : OnPackageChangedOperation got intent: Intent { act=android.intent.action.PACKAGE_CHANGED dat=package: flg=0x45000010 pkg=com.google.android.gms cmp=com.google.android.gms/.chimera.PersistentIntentOperationService (has extras) } [CONTEXT service_id=17 ]
10-23 14:55:34.456  1348  3942 I SemanticLocation: [MDD] ModelBundleMetadata: File not found [CONTEXT service_id=173 ]
10-23 14:55:34.456  1348  3942 I SemanticLocation: java.io.FileNotFoundException: /data/user/0/com.google.android.gms/files/model_bundle_metadata.pb: open failed: ENOENT (No such file or directory)
10-23 14:55:34.456  1348  3942 I SemanticLocation: 	at libcore.io.IoBridge.open(IoBridge.java:574)
10-23 14:55:34.456  1348  3942 I SemanticLocation: 	at java.io.FileInputStream.<init>(FileInputStream.java:160)
10-23 14:55:34.456  1348  3942 I SemanticLocation: 	at android.app.ContextImpl.openFileInput(ContextImpl.java:745)
10-23 14:55:34.456  1348  3942 I SemanticLocation: 	at android.content.ContextWrapper.openFileInput(ContextWrapper.java:249)
10-23 14:55:34.456  1348  3942 I SemanticLocation: 	at android.content.ContextWrapper.openFileInput(ContextWrapper.java:249)
10-23 14:55:34.456  1348  3942 I SemanticLocation: 	at android.content.ContextWrapper.openFileInput(ContextWrapper.java:249)
10-23 14:55:34.456  1348  3942 I SemanticLocation: 	at bzxt.h(:com.google.android.gms@231818047@23.18.18 (190800-535401451):1)
10-23 14:55:34.456  1348  3942 I SemanticLocation: 	at bzxd.c(:com.google.android.gms@231818047@23.18.18 (190800-535401451):9)
10-23 14:55:34.456  1348  3942 I SemanticLocation: 	at cadb.run(:com.google.android.gms@231818047@23.18.18 (190800-535401451):0)
10-23 14:55:34.456  1348  3942 I SemanticLocation: 	at aced.c(:com.google.android.gms@231818047@23.18.18 (190800-535401451):6)
10-23 14:55:34.456  1348  3942 I SemanticLocation: 	at aced.run(:com.google.android.gms@231818047@23.18.18 (190800-535401451):8)
10-23 14:55:34.456  1348  3942 I SemanticLocation: 	at java.util.concurrent.ThreadPoolExecutor.runWorker(ThreadPoolExecutor.java:1145)
10-23 14:55:34.456  1348  3942 I SemanticLocation: 	at java.util.concurrent.ThreadPoolExecutor$Worker.run(ThreadPoolExecutor.java:644)
10-23 14:55:34.456  1348  3942 I SemanticLocation: 	at acjn.run(:com.google.android.gms@231818047@23.18.18 (190800-535401451):0)
10-23 14:55:34.456  1348  3942 I SemanticLocation: 	at java.lang.Thread.run(Thread.java:1012)
10-23 14:55:34.456  1348  3942 I SemanticLocation: Caused by: android.system.ErrnoException: open failed: ENOENT (No such file or directory)
10-23 14:55:34.456  1348  3942 I SemanticLocation: 	at libcore.io.Linux.open(Native Method)
10-23 14:55:34.456  1348  3942 I SemanticLocation: 	at libcore.io.ForwardingOs.open(ForwardingOs.java:563)
10-23 14:55:34.456  1348  3942 I SemanticLocation: 	at libcore.io.BlockGuardOs.open(BlockGuardOs.java:274)
10-23 14:55:34.456  1348  3942 I SemanticLocation: 	at libcore.io.ForwardingOs.open(ForwardingOs.java:563)
10-23 14:55:34.456  1348  3942 I SemanticLocation: 	at android.app.ActivityThread$AndroidOs.open(ActivityThread.java:8063)
10-23 14:55:34.456  1348  3942 I SemanticLocation: 	at libcore.io.IoBridge.open(IoBridge.java:560)
10-23 14:55:34.456  1348  3942 I SemanticLocation: 	... 14 more
10-23 14:55:34.470  1348  4014 I Fitness : OnPackageChangedOperation got intent: Intent { act=android.intent.action.PACKAGE_CHANGED dat=package: flg=0x45000010 pkg=com.google.android.gms cmp=com.google.android.gms/.chimera.PersistentIntentOperationService (has extras) } [CONTEXT service_id=17 ]
10-23 14:55:34.472  1348  5130 I Fitness : FitCleanupIntentOperation received Intent android.intent.action.PACKAGE_CHANGED [CONTEXT service_id=17 ]
10-23 14:55:34.476  1348  3951 I NetworkScheduler.Stats: Task com.google.android.gms/com.google.android.gms.ads.social.GcmSchedulerWakeupService started execution. cause:5 exec_start_elapsed_seconds: 74 [CONTEXT service_id=218 ]
10-23 14:55:34.487  3911  3911 D LifecycleMonitor: Lifecycle status change: androidx.test.core.app.InstrumentationActivityInvoker$BootstrapActivity@3122dbe in: STOPPED
10-23 14:55:34.488  3911  3911 V ActivityScenario: Activity lifecycle changed event received but ignored because the intent does not match. startActivityIntent=Intent { act=android.intent.action.MAIN cat=[android.intent.category.LAUNCHER] cmp=com.example.lunchtray/androidx.fragment.app.testing.FragmentScenario$EmptyFragmentActivity (has extras) }, activity.getIntent()=Intent { act=android.intent.action.MAIN cat=[android.intent.category.LAUNCHER] flg=0x10008000 cmp=com.example.lunchtray/androidx.test.core.app.InstrumentationActivityInvoker$BootstrapActivity (has extras) }, activity=androidx.test.core.app.InstrumentationActivityInvoker$BootstrapActivity@3122dbe
10-23 14:55:34.489  3911  3911 V ActivityScenario: Activity lifecycle changed event received but ignored because the intent does not match. startActivityIntent=Intent { act=android.intent.action.MAIN cat=[android.intent.category.LAUNCHER] cmp=com.example.lunchtray/androidx.fragment.app.testing.FragmentScenario$EmptyFragmentActivity (has extras) }, activity.getIntent()=Intent { act=android.intent.action.MAIN cat=[android.intent.category.LAUNCHER] flg=0x10008000 cmp=com.example.lunchtray/androidx.test.core.app.InstrumentationActivityInvoker$BootstrapActivity (has extras) }, activity=androidx.test.core.app.InstrumentationActivityInvoker$BootstrapActivity@3122dbe
10-23 14:55:34.490   870   921 W WindowOnBackDispatcher: sendCancelIfRunning: isInProgress=falsecallback=android.view.ViewRootImpl$$ExternalSyntheticLambda17@b0b7804
10-23 14:55:34.491  3911  3911 V ActivityScenario: Activity lifecycle changed event received but ignored because the intent does not match. startActivityIntent=Intent { act=android.intent.action.MAIN cat=[android.intent.category.LAUNCHER] cmp=com.example.lunchtray/androidx.fragment.app.testing.FragmentScenario$EmptyFragmentActivity (has extras) }, activity.getIntent()=Intent { act=android.intent.action.MAIN cat=[android.intent.category.LAUNCHER] flg=0x10008000 cmp=com.example.lunchtray/androidx.test.core.app.InstrumentationActivityInvoker$BootstrapActivity (has extras) }, activity=androidx.test.core.app.InstrumentationActivityInvoker$BootstrapActivity@3122dbe
10-23 14:55:34.492  3911  3911 V ActivityScenario: Activity lifecycle changed event received but ignored because the intent does not match. startActivityIntent=Intent { act=android.intent.action.MAIN cat=[android.intent.category.LAUNCHER] cmp=com.example.lunchtray/androidx.fragment.app.testing.FragmentScenario$EmptyFragmentActivity (has extras) }, activity.getIntent()=Intent { act=android.intent.action.MAIN cat=[android.intent.category.LAUNCHER] flg=0x10008000 cmp=com.example.lunchtray/androidx.test.core.app.InstrumentationActivityInvoker$BootstrapActivity (has extras) }, activity=androidx.test.core.app.InstrumentationActivityInvoker$BootstrapActivity@3122dbe
10-23 14:55:34.492   524  2029 W InputManager-JNI: Input channel object '9b614ad Splash Screen com.example.lunchtray (client)' was disposed without first being removed with the input manager!
10-23 14:55:34.494  3911  3911 V ActivityScenario: Activity lifecycle changed event received but ignored because the intent does not match. startActivityIntent=Intent { act=android.intent.action.MAIN cat=[android.intent.category.LAUNCHER] cmp=com.example.lunchtray/androidx.fragment.app.testing.FragmentScenario$EmptyFragmentActivity (has extras) }, activity.getIntent()=Intent { act=android.intent.action.MAIN cat=[android.intent.category.LAUNCHER] flg=0x10008000 cmp=com.example.lunchtray/androidx.test.core.app.InstrumentationActivityInvoker$BootstrapActivity (has extras) }, activity=androidx.test.core.app.InstrumentationActivityInvoker$BootstrapActivity@3122dbe
10-23 14:55:34.494  3911  3911 V ActivityScenario: Activity lifecycle changed event received but ignored because the intent does not match. startActivityIntent=Intent { act=android.intent.action.MAIN cat=[android.intent.category.LAUNCHER] cmp=com.example.lunchtray/androidx.fragment.app.testing.FragmentScenario$EmptyFragmentActivity (has extras) }, activity.getIntent()=Intent { act=android.intent.action.MAIN cat=[android.intent.category.LAUNCHER] flg=0x10008000 cmp=com.example.lunchtray/androidx.test.core.app.InstrumentationActivityInvoker$BootstrapActivity (has extras) }, activity=androidx.test.core.app.InstrumentationActivityInvoker$BootstrapActivity@3122dbe
10-23 14:55:34.510   524   555 E system_server: No package ID 7f found for resource ID 0x7f080352.
10-23 14:55:34.510   524   555 E system_server: No package ID 7f found for resource ID 0x7f14079b.
10-23 14:55:34.515  1348  3942 I NetworkScheduler.Stats: Task com.google.android.gms/com.google.android.gms.ads.social.GcmSchedulerWakeupService finished executing. cause:5 result: 1 elapsed_millis: 85 uptime_millis: 85 exec_start_elapsed_seconds: 74 [CONTEXT service_id=218 ]
10-23 14:55:34.541  1132  2137 D OneSearchSuggestProvider: Shut down the binder channel
10-23 14:55:34.549  2964  3509 I PBSessionCacheImpl: Deleted sessionId[13037507931822875] from persistence.
10-23 14:55:34.550  1132  1152 I IPCThreadState: oneway function results for code 2 on binder at 0x7f98daee4330 will be dropped but finished with status UNKNOWN_TRANSACTION
10-23 14:55:34.557  1132  1166 I ImeTracker: com.google.android.apps.nexuslauncher:1a26ef1f: onRequestHide at ORIGIN_CLIENT_HIDE_SOFT_INPUT reason HIDE_SOFT_INPUT
10-23 14:55:34.558  1132  1166 I ImeTracker: com.google.android.apps.nexuslauncher:1a26ef1f: onFailed at PHASE_CLIENT_VIEW_SERVED
10-23 14:55:34.565  2964  3265 W SearchServiceCore: Abort, client detached.
10-23 14:55:34.565  2964  3265 W SearchServiceCore: Abort, client detached.
10-23 14:55:34.565  2964  3265 W SearchServiceCore: Abort, client detached.
10-23 14:55:34.566  2964  3265 W SearchServiceCore: Abort, client detached.
10-23 14:55:34.566  2964  3265 W SearchServiceCore: Abort, client detached.
10-23 14:55:34.567   413   428 D audioserver: FGS Logger Transaction failed
10-23 14:55:34.567   413   428 D audioserver: -129
10-23 14:55:34.584  1657  1657 I AiAiEcho: AppFetcherImpl onPackageChanged com.android.vending.
10-23 14:55:34.587  1657  3689 I AiAiEcho: AppIndexer Package:[com.android.vending] UserProfile:[0] Enabled:[true].
10-23 14:55:34.587  1657  3689 I AiAiEcho: AppFetcherImplV2 updateApps package:[com.android.vending], userId:[0], reason:[package is updated.].
10-23 14:55:34.591  1348  3755 I Fitness : FitCleanupIntentOperation received Intent android.intent.action.PACKAGE_CHANGED [CONTEXT service_id=17 ]
10-23 14:55:34.614  1348  4014 I Fitness : OnPackageChangedOperation got intent: Intent { act=android.intent.action.PACKAGE_CHANGED dat=package: flg=0x45000010 pkg=com.google.android.gms cmp=com.google.android.gms/.chimera.PersistentIntentOperationService (has extras) } [CONTEXT service_id=17 ]
10-23 14:55:34.633  1348  5130 I Fitness : OnPackageChangedOperation got intent: Intent { act=android.intent.action.PACKAGE_CHANGED dat=package: flg=0x45000010 pkg=com.google.android.gms cmp=com.google.android.gms/.chimera.PersistentIntentOperationService (has extras) } [CONTEXT service_id=17 ]
10-23 14:55:34.642  1348  1348 D BoundBrokerSvc: onBind: Intent { act=com.google.android.gms.pseudonymous.service.START dat=chimera-action:/... cmp=com.google.android.gms/.chimera.PersistentApiService }
10-23 14:55:34.642  1348  1348 D BoundBrokerSvc: Loading bound service for intent: Intent { act=com.google.android.gms.pseudonymous.service.START dat=chimera-action:/... cmp=com.google.android.gms/.chimera.PersistentApiService }
10-23 14:55:34.659  1348  4860 I Fitness : FitCleanupIntentOperation received Intent android.intent.action.PACKAGE_CHANGED [CONTEXT service_id=17 ]
10-23 14:55:34.663  1348  5130 I Fitness : OnPackageChangedOperation got intent: Intent { act=android.intent.action.PACKAGE_CHANGED dat=package: flg=0x45000010 pkg=com.google.android.gms cmp=com.google.android.gms/.chimera.PersistentIntentOperationService (has extras) } [CONTEXT service_id=17 ]
10-23 14:55:34.678  1348  5131 I Fitness : FitCleanupIntentOperation received Intent android.intent.action.PACKAGE_CHANGED [CONTEXT service_id=17 ]
10-23 14:55:34.693  1468  3290 D TrafficStats: tagSocket(155) with statsTag=0x20000408, statsUid=-1
10-23 14:55:34.703  1348  5131 I Fitness : FitCleanupIntentOperation received Intent android.intent.action.PACKAGE_CHANGED [CONTEXT service_id=17 ]
10-23 14:55:34.706  1348  5130 I Fitness : OnPackageChangedOperation got intent: Intent { act=android.intent.action.PACKAGE_CHANGED dat=package: flg=0x45000010 pkg=com.google.android.gms cmp=com.google.android.gms/.chimera.PersistentIntentOperationService (has extras) } [CONTEXT service_id=17 ]
10-23 14:55:34.709  1468  3290 W Conscrypt: Could not set socket write timeout: java.net.SocketException: Socket closed
10-23 14:55:34.712  1468  3290 W Conscrypt: 	at com.google.android.gms.org.conscrypt.Platform.setSocketWriteTimeout(:com.google.android.gms@231818047@23.18.18 (190800-535401451):2)
10-23 14:55:34.712  1468  3290 W Conscrypt: 	at com.google.android.gms.org.conscrypt.ConscryptFileDescriptorSocket.setSoWriteTimeout(:com.google.android.gms@231818047@23.18.18 (190800-535401451):0)
10-23 14:55:34.724   413   476 D audioserver: FGS Logger Transaction failed
10-23 14:55:34.724   413   476 D audioserver: -129
10-23 14:55:34.729  1468  1507 I Icing   : Indexing com.google.android.gms-apps from com.google.android.gms
10-23 14:55:34.735  1348  5130 I Fitness : FitCleanupIntentOperation received Intent android.intent.action.PACKAGE_CHANGED [CONTEXT service_id=17 ]
10-23 14:55:34.736  1348  5131 I Fitness : OnPackageChangedOperation got intent: Intent { act=android.intent.action.PACKAGE_CHANGED dat=package: flg=0x45000010 pkg=com.google.android.gms cmp=com.google.android.gms/.chimera.PersistentIntentOperationService (has extras) } [CONTEXT service_id=17 ]
10-23 14:55:34.761  1348  5131 I Fitness : FitCleanupIntentOperation received Intent android.intent.action.PACKAGE_CHANGED [CONTEXT service_id=17 ]
10-23 14:55:34.769  1657  1657 I AiAiEcho: AppFetcherImpl onPackageChanged com.android.camera2.
10-23 14:55:34.772  1657  3206 I AiAiEcho: AppIndexer Package:[com.android.camera2] UserProfile:[0] Enabled:[true].
10-23 14:55:34.773  1657  3206 I AiAiEcho: AppFetcherImplV2 updateApps package:[com.android.camera2], userId:[0], reason:[package is updated.].
10-23 14:55:34.778  1348  4014 I Fitness : OnPackageChangedOperation got intent: Intent { act=android.intent.action.PACKAGE_CHANGED dat=package: flg=0x45000010 pkg=com.google.android.gms cmp=com.google.android.gms/.chimera.PersistentIntentOperationService (has extras) } [CONTEXT service_id=17 ]
10-23 14:55:34.791   524   555 E system_server: No package ID 7f found for resource ID 0x7f08060c.
10-23 14:55:34.791   524   555 E system_server: No package ID 7f found for resource ID 0x7f15043b.
10-23 14:55:34.798  1468  3290 W Conscrypt: Could not set socket write timeout: java.net.SocketException: Socket closed
10-23 14:55:34.798  1468  3290 W Conscrypt: 	at com.google.android.gms.org.conscrypt.Platform.setSocketWriteTimeout(:com.google.android.gms@231818047@23.18.18 (190800-535401451):2)
10-23 14:55:34.798  1468  3290 W Conscrypt: 	at com.google.android.gms.org.conscrypt.ConscryptFileDescriptorSocket.setSoWriteTimeout(:com.google.android.gms@231818047@23.18.18 (190800-535401451):0)
10-23 14:55:34.804  1348  4014 I Fitness : FitCleanupIntentOperation received Intent android.intent.action.PACKAGE_CHANGED [CONTEXT service_id=17 ]
10-23 14:55:34.805  1348  5130 I Fitness : OnPackageChangedOperation got intent: Intent { act=android.intent.action.PACKAGE_CHANGED dat=package: flg=0x45000010 pkg=com.google.android.gms cmp=com.google.android.gms/.chimera.PersistentIntentOperationService (has extras) } [CONTEXT service_id=17 ]
10-23 14:55:34.823  1348  5130 I Fitness : FitCleanupIntentOperation received Intent android.intent.action.PACKAGE_CHANGED [CONTEXT service_id=17 ]
10-23 14:55:34.847  1468  1507 I Icing   : Indexing done com.google.android.gms-apps
10-23 14:55:34.882  1657  1657 I AiAiEcho: AppFetcherImpl onPackageChanged com.google.android.gm.
10-23 14:55:34.885  1657  3692 I AiAiEcho: AppIndexer Package:[com.google.android.gm] UserProfile:[0] Enabled:[true].
10-23 14:55:34.885  1657  3692 I AiAiEcho: AppFetcherImplV2 updateApps package:[com.google.android.gm], userId:[0], reason:[package is updated.].
10-23 14:55:34.937  3911  4165 I TestRunner: finished: navigate_to_entree_menu_from_start_order(com.example.lunchtray.NavigationTests)
