10-23 14:55:43.304  3911  3911 V ActivityScenario: Update currentActivityStage to STARTED, currentActivity=androidx.fragment.app.testing.FragmentScenario$EmptyFragmentActivity@ab08e7
10-23 14:55:43.304  3911  3911 V ActivityScenario: Update currentActivityStage to STARTED, currentActivity=androidx.fragment.app.testing.FragmentScenario$EmptyFragmentActivity@ab08e7
10-23 14:55:43.304  3911  3911 V ActivityScenario: Update currentActivityStage to STARTED, currentActivity=androidx.fragment.app.testing.FragmentScenario$EmptyFragmentActivity@ab08e7
10-23 14:55:43.305  3911  3911 V ActivityScenario: Update currentActivityStage to STARTED, currentActivity=androidx.fragment.app.testing.FragmentScenario$EmptyFragmentActivity@ab08e7
10-23 14:55:43.305  3911  3911 V ActivityScenario: Update currentActivityStage to STARTED, currentActivity=androidx.fragment.app.testing.FragmentScenario$EmptyFragmentActivity@ab08e7
10-23 14:55:43.305  3911  3911 V ActivityScenario: Update currentActivityStage to STARTED, currentActivity=androidx.fragment.app.testing.FragmentScenario$EmptyFragmentActivity@ab08e7
10-23 14:55:43.305  3911  3911 V ActivityScenario: Update currentActivityStage to STARTED, currentActivity=androidx.fragment.app.testing.FragmentScenario$EmptyFragmentActivity@ab08e7
10-23 14:55:43.305  3911  3911 V ActivityScenario: Update currentActivityStage to STARTED, currentActivity=androidx.fragment.app.testing.FragmentScenario$EmptyFragmentActivity@ab08e7
10-23 14:55:43.306  3911  3911 V ActivityScenario: Update currentActivityStage to STARTED, currentActivity=androidx.fragment.app.testing.FragmentScenario$EmptyFragmentActivity@ab08e7
10-23 14:55:43.308  3911  3911 D LifecycleMonitor: Lifecycle status change: androidx.fragment.app.testing.FragmentScenario$EmptyFragmentActivity@ab08e7 in: RESUMED
10-23 14:55:43.308  3911  3911 V ActivityScenario: Update currentActivityStage to RESUMED, currentActivity=androidx.fragment.app.testing.FragmentScenario$EmptyFragmentActivity@ab08e7
10-23 14:55:43.309  3911  3911 V ActivityScenario: Update currentActivityStage to RESUMED, currentActivity=androidx.fragment.app.testing.FragmentScenario$EmptyFragmentActivity@ab08e7
10-23 14:55:43.309  3911  3911 V ActivityScenario: Update currentActivityStage to RESUMED, currentActivity=androidx.fragment.app.testing.FragmentScenario$EmptyFragmentActivity@ab08e7
10-23 14:55:43.309  3911  3911 V ActivityScenario: Update currentActivityStage to RESUMED, currentActivity=androidx.fragment.app.testing.FragmentScenario$EmptyFragmentActivity@ab08e7
10-23 14:55:43.310  3911  3911 V ActivityScenario: Update currentActivityStage to RESUMED, currentActivity=androidx.fragment.app.testing.FragmentScenario$EmptyFragmentActivity@ab08e7
10-23 14:55:43.310  3911  3911 V ActivityScenario: Update currentActivityStage to RESUMED, currentActivity=androidx.fragment.app.testing.FragmentScenario$EmptyFragmentActivity@ab08e7
10-23 14:55:43.310  3911  3911 V ActivityScenario: Update currentActivityStage to RESUMED, currentActivity=androidx.fragment.app.testing.FragmentScenario$EmptyFragmentActivity@ab08e7
10-23 14:55:43.310  3911  3911 V ActivityScenario: Update currentActivityStage to RESUMED, currentActivity=androidx.fragment.app.testing.FragmentScenario$EmptyFragmentActivity@ab08e7
10-23 14:55:43.310  3911  3911 V ActivityScenario: Update currentActivityStage to RESUMED, currentActivity=androidx.fragment.app.testing.FragmentScenario$EmptyFragmentActivity@ab08e7
10-23 14:55:43.311  3911  3911 V ActivityScenario: Update currentActivityStage to RESUMED, currentActivity=androidx.fragment.app.testing.FragmentScenario$EmptyFragmentActivity@ab08e7
10-23 14:55:43.345  3911  4251 E OpenGLRenderer: Unable to match the desired swap behavior.
10-23 14:55:43.353  3041  3686 I Finsky  : [59] afdn.apply(8): [PLUS] Adding payload
10-23 14:55:43.354  3041  3686 I Finsky  : [59] afdn.apply(8): [PLUS] Adding payload
10-23 14:55:43.355  3041  3686 I Finsky  : [59] afdn.apply(8): [PLUS] Adding payload
10-23 14:55:43.355  3041  3686 I Finsky  : [59] afdn.apply(8): [PLUS] Adding payload
10-23 14:55:43.355  3041  3686 I Finsky  : [59] afdn.apply(8): [PLUS] Adding payload
10-23 14:55:43.355  3041  3686 I Finsky  : [59] afdn.apply(8): [PLUS] Adding payload
10-23 14:55:43.355  3041  3686 I Finsky  : [59] afdn.apply(8): [PLUS] Adding payload
10-23 14:55:43.355  3041  3686 I Finsky  : [59] afdn.apply(8): [PLUS] Adding payload
10-23 14:55:43.356  3041  3686 I Finsky  : [59] afdn.apply(8): [PLUS] Adding payload
10-23 14:55:43.356  3041  3686 I Finsky  : [59] afdn.apply(8): [PLUS] Adding payload
10-23 14:55:43.356  3041  3686 I Finsky  : [59] afdn.apply(8): [PLUS] Adding payload
10-23 14:55:43.356  3041  3686 I Finsky  : [59] afdn.apply(8): [PLUS] Adding payload
10-23 14:55:43.357  3041  3686 I Finsky  : [59] afdn.apply(8): [PLUS] Adding payload
10-23 14:55:43.357  3041  3686 I Finsky  : [59] afdn.apply(8): [PLUS] Adding payload
10-23 14:55:43.371   870   947 D EGL_emulation: app_time_stats: avg=6.30ms min=0.81ms max=63.19ms count=33
10-23 14:55:43.372   871  1051 E RoleControllerServiceImpl: Default/fallback role holder package doesn't qualify for the role, package: com.google.android.gms.supervision, role: android.app.role.SYSTEM_SUPERVISION
10-23 14:55:43.374  3041  3686 I Finsky  : [59] adii.n(10): [PLUS] Triggering sync due to NOW_EXCLUSIVE urgency payload
10-23 14:55:43.375  3041  3686 I Finsky  : [59] afjf.a(1): [PLUS] Syncing for users with urgency above: NOW_EXCLUSIVE
10-23 14:55:43.394   524   544 W ziparchive: Unable to open '/data/app/~~l7Rq4SQe7Y9FzOfn2-YRbQ==/com.example.lunchtray-gbGN8hPxDqDvdbmHMgLHzQ==/base.dm': No such file or directory
10-23 14:55:43.398  3041  3665 I Finsky  : [53] afdt.a(116): [PLUS] Syncing 1 train(s)
10-23 14:55:43.398  3041  3687 I Finsky  : [60] alek.a(7): [PLUS] Sending payloads for account: [2fKVkThB4QBVOwc88U06EJ4S6Yyqenathz2XlaLEUMg]
10-23 14:55:43.402   524   544 I ActivityTaskManager: Displayed com.example.lunchtray/androidx.fragment.app.testing.FragmentScenario$EmptyFragmentActivity for user 0: +191ms
10-23 14:55:43.436  1348  1500 I NetworkScheduler.Stats: Task com.google.android.gms/com.google.android.gms.tapandpay.gcmtask.TapAndPayGcmTaskService started execution. cause:5 exec_start_elapsed_seconds: 83 [CONTEXT service_id=218 ]
10-23 14:55:43.451   871  1051 I Role    : com.google.android.gms not qualified for android.app.role.SYSTEM_CALL_STREAMING due to missing RequiredComponent{mIntentFilterData=IntentFilterData{mAction='android.telecom.CallStreamingService', mCategories='[]', mDataScheme='null', mDataType='null'}, mMinTargetSdkVersion=1, mFlags='0', mPermission='android.permission.BIND_CALL_STREAMING_SERVICE', mQueryFlags=0, mMetaData=[]}
10-23 14:55:43.451   871  1051 E RoleControllerServiceImpl: Default/fallback role holder package doesn't qualify for the role, package: com.google.android.gms, role: android.app.role.SYSTEM_CALL_STREAMING
10-23 14:55:43.459  1657  2280 I SP.AiAi : Scheduling: job start ({W:b:u:l, bg}), 3 started, 0 paused, 1 scheduled, 4 pending: manifests:spelling_correction-22110320 * {W:b:I:l, bg}, text-classifier-annotator:tc_model_a3d2c1298643d7cc3b5703308fd5b2d0 @ * {W:b:u:l, bg}, text-classifier-langid:tc_model_436dc3fd14049b93d75788a8c0cc8eea @ * {W:b:u:l, bg}, text-classifier-actions:tc_model_e202592534082c01f9642f709a627dd9 @ * {W:b:u:l, bg}
10-23 14:55:43.462   871  1051 W Role    : Default holder doesn't have required signing certificate: com.google.android.apps.work.clouddpc:23962F4B43B9857638EA66F4D419518EAE282491ACDA4B94707BD59003C45E58
10-23 14:55:43.462  3041  3792 D CompatibilityChangeReporter: Compat change id reported: 247079863; UID 10121; state: DISABLED
10-23 14:55:43.464  1657  2280 I SP.AiAi : Requesting download of URL https://gstatic.com/matchmaker/tclib_models/annotator/v803/en/tc_model_a3d2c1298643d7cc3b5703308fd5b2d0.zip to tc_model_a3d2c1298643d7cc3b5703308fd5b2d0.zip.fetched (constraints: W:b:u:l)
10-23 14:55:43.466  1657  2280 I SP.AiAi : Requesting download of URL https://gstatic.com/matchmaker/tclib_models/langid/v1/tc_model_436dc3fd14049b93d75788a8c0cc8eea.zip to tc_model_436dc3fd14049b93d75788a8c0cc8eea.zip.fetched (constraints: W:b:u:l)
10-23 14:55:43.475  1348  3946 I NetworkScheduler.Stats: Task com.google.android.gms/com.google.android.gms.tapandpay.gcmtask.TapAndPayGcmTaskService finished executing. cause:5 result: 1 elapsed_millis: 61 uptime_millis: 61 exec_start_elapsed_seconds: 83 [CONTEXT service_id=218 ]
10-23 14:55:43.489  1657  1657 I AiAiEcho: AppFetcherImpl onPackageChanged com.google.android.settings.intelligence.
10-23 14:55:43.503  1657  3689 I AiAiEcho: AppIndexer Package:[com.google.android.settings.intelligence] UserProfile:[0] Enabled:[true].
10-23 14:55:43.505  1657  3689 I AiAiEcho: AppFetcherImplV2 updateApps package:[com.google.android.settings.intelligence], userId:[0], reason:[package is updated.].
10-23 14:55:43.506  3041  3792 D TrafficStats: tagSocket(132) with statsTag=0x4be64f9b, statsUid=-1
10-23 14:55:43.527  3041  3792 W android.vending: Accessing hidden method Lcom/android/org/conscrypt/ConscryptEngineSocket;->setUseSessionTickets(Z)V (max-target-q,core-platform-api, reflection, denied)
10-23 14:55:43.527  3041  3792 W android.vending: Accessing hidden method Lcom/android/org/conscrypt/OpenSSLSocketImpl;->setUseSessionTickets(Z)V (max-target-q,core-platform-api, reflection, denied)
10-23 14:55:43.527  3041  3792 W android.vending: Accessing hidden method Lcom/android/org/conscrypt/AbstractConscryptSocket;->setUseSessionTickets(Z)V (max-target-q, reflection, denied)
10-23 14:55:43.528  3041  3792 W android.vending: Accessing hidden method Lcom/android/org/conscrypt/ConscryptEngineSocket;->setHostname(Ljava/lang/String;)V (max-target-q,core-platform-api, reflection, denied)
10-23 14:55:43.528  3041  3792 W android.vending: Accessing hidden method Lcom/android/org/conscrypt/OpenSSLSocketImpl;->setHostname(Ljava/lang/String;)V (max-target-q,core-platform-api, reflection, denied)
10-23 14:55:43.528  3041  3792 W android.vending: Accessing hidden method Lcom/android/org/conscrypt/AbstractConscryptSocket;->setHostname(Ljava/lang/String;)V (max-target-q, reflection, denied)
10-23 14:55:43.528  3041  3792 W android.vending: Accessing hidden method Lcom/android/org/conscrypt/OpenSSLSocketImpl;->setAlpnProtocols([B)V (max-target-q,core-platform-api, reflection, denied)
10-23 14:55:43.528  3041  3792 W android.vending: Accessing hidden method Lcom/android/org/conscrypt/AbstractConscryptSocket;->setAlpnProtocols([B)V (max-target-q, reflection, denied)
10-23 14:55:43.546   524  2520 I ImeTracker: com.example.lunchtray:23b53221: onRequestHide at ORIGIN_SERVER_HIDE_INPUT reason HIDE_UNSPECIFIED_WINDOW
10-23 14:55:43.546   524  2520 I ImeTracker: com.example.lunchtray:23b53221: onCancelled at PHASE_SERVER_SHOULD_HIDE
10-23 14:55:43.551  1575  1575 I GoogleInputMethodService: GoogleInputMethodService.onFinishInput():3227
10-23 14:55:43.556  1575  1575 I GoogleInputMethodService: GoogleInputMethodService.updateDeviceLockedStatus():2087 repeatCheckTimes = 0, unlocked = true
10-23 14:55:43.556  1575  1575 I GoogleInputMethodService: GoogleInputMethodService.onStartInput():1877 onStartInput(EditorInfo{inputType=0x0(NULL) imeOptions=0x0 privateImeOptions=null actionName=UNSPECIFIED actionLabel=null actionId=0 initialSelStart=-1 initialSelEnd=-1 initialCapsMode=0x0 hintText=null label=null packageName=com.example.lunchtray fieldId=0 fieldName=null extras=null}, false)
10-23 14:55:43.556  1575  1575 I GoogleInputMethodService: GoogleInputMethodService.shouldHideHeaderOnInitialState():4008 ShouldHideHeaderOnInitialState = false
10-23 14:55:43.556  1575  1575 I GoogleInputMethodService: GoogleInputMethodService.updateDeviceLockedStatus():2087 repeatCheckTimes = 2, unlocked = true
10-23 14:55:43.565  3041  3792 W android.vending: Accessing hidden method Lcom/android/org/conscrypt/OpenSSLSocketImpl;->getAlpnSelectedProtocol()[B (max-target-q,core-platform-api, reflection, denied)
10-23 14:55:43.565  3041  3792 W android.vending: Accessing hidden method Lcom/android/org/conscrypt/AbstractConscryptSocket;->getAlpnSelectedProtocol()[B (max-target-q, reflection, denied)
10-23 14:55:43.565  1657  2280 I SP.AiAi : Requesting download of URL https://gstatic.com/matchmaker/tclib_models/actions/v104/en-us/tc_model_e202592534082c01f9642f709a627dd9.zip to tc_model_e202592534082c01f9642f709a627dd9.zip.fetched (constraints: W:b:u:l)
10-23 14:55:43.592  2278  2868 I HttpGrpcBindableService: Downloading requested for URL 'https://gstatic.com/matchmaker/tclib_models/annotator/v803/en/tc_model_a3d2c1298643d7cc3b5703308fd5b2d0.zip'
10-23 14:55:43.592  1132  1146 W System  : A resource failed to call release.
10-23 14:55:43.592  1132  1146 W System  : A resource failed to call release.
10-23 14:55:43.592  1132  1146 W System  : A resource failed to call release.
10-23 14:55:43.598  1348  3945 I NetworkScheduler.Stats: Task com.google.android.gms/com.google.android.gms.tapandpay.gcmtask.TapAndPayGcmTaskService started execution. cause:5 exec_start_elapsed_seconds: 84 [CONTEXT service_id=218 ]
10-23 14:55:43.598  1132  1146 W System  : A resource failed to call release.
10-23 14:55:43.598  1132  1146 W System  : A resource failed to call release.
10-23 14:55:43.598  1132  1146 W System  : A resource failed to call release.
10-23 14:55:43.600  1348  1500 W ChimeraUtils: Module com.google.android.gms.tapandpay missing resource null(0)
10-23 14:55:43.652  2278  2868 I HttpGrpcBindableService: Responding with header information for URL 'https://gstatic.com/matchmaker/tclib_models/annotator/v803/en/tc_model_a3d2c1298643d7cc3b5703308fd5b2d0.zip'
10-23 14:55:43.665  1657  2785 I AstreaHttpConnection: Started download from url='https://gstatic.com/matchmaker/tclib_models/annotator/v803/en/tc_model_a3d2c1298643d7cc3b5703308fd5b2d0.zip'
10-23 14:55:43.666  1348  1500 I NetworkScheduler.Stats: Task com.google.android.gms/com.google.android.gms.tapandpay.gcmtask.TapAndPayGcmTaskService finished executing. cause:5 result: 1 elapsed_millis: 75 uptime_millis: 75 exec_start_elapsed_seconds: 84 [CONTEXT service_id=218 ]
10-23 14:55:43.701  2278  3015 I HttpGrpcBindableService: [pfd-write] DOWNLOAD COMPLETE: Downloaded 350999 bytes from URL [https://gstatic.com/matchmaker/tclib_models/annotator/v803/en/tc_model_a3d2c1298643d7cc3b5703308fd5b2d0.zip].
10-23 14:55:43.702  1657  2785 I AstreaHttpConnection: Download completed for url [https://gstatic.com/matchmaker/tclib_models/annotator/v803/en/tc_model_a3d2c1298643d7cc3b5703308fd5b2d0.zip].
10-23 14:55:43.703  3911  3911 I ViewInteraction: Performing 'single click' action on view view.getId() is <2131231081/com.example.lunchtray:id/next_button>
10-23 14:55:43.711  3911  3911 D LifecycleMonitor: Lifecycle status change: androidx.test.core.app.InstrumentationActivityInvoker$BootstrapActivity@7fa70d0 in: STOPPED
10-23 14:55:43.712  3911  3911 V ActivityScenario: Activity lifecycle changed event received but ignored because the intent does not match. startActivityIntent=Intent { act=android.intent.action.MAIN cat=[android.intent.category.LAUNCHER] cmp=com.example.lunchtray/androidx.fragment.app.testing.FragmentScenario$EmptyFragmentActivity (has extras) }, activity.getIntent()=Intent { act=android.intent.action.MAIN cat=[android.intent.category.LAUNCHER] flg=0x10008000 cmp=com.example.lunchtray/androidx.test.core.app.InstrumentationActivityInvoker$BootstrapActivity (has extras) }, activity=androidx.test.core.app.InstrumentationActivityInvoker$BootstrapActivity@7fa70d0
10-23 14:55:43.712  3911  3911 V ActivityScenario: Activity lifecycle changed event received but ignored because the intent does not match. startActivityIntent=Intent { act=android.intent.action.MAIN cat=[android.intent.category.LAUNCHER] cmp=com.example.lunchtray/androidx.fragment.app.testing.FragmentScenario$EmptyFragmentActivity (has extras) }, activity.getIntent()=Intent { act=android.intent.action.MAIN cat=[android.intent.category.LAUNCHER] flg=0x10008000 cmp=com.example.lunchtray/androidx.test.core.app.InstrumentationActivityInvoker$BootstrapActivity (has extras) }, activity=androidx.test.core.app.InstrumentationActivityInvoker$BootstrapActivity@7fa70d0
10-23 14:55:43.713  3911  3911 V ActivityScenario: Activity lifecycle changed event received but ignored because the intent does not match. startActivityIntent=Intent { act=android.intent.action.MAIN cat=[android.intent.category.LAUNCHER] cmp=com.example.lunchtray/androidx.fragment.app.testing.FragmentScenario$EmptyFragmentActivity (has extras) }, activity.getIntent()=Intent { act=android.intent.action.MAIN cat=[android.intent.category.LAUNCHER] flg=0x10008000 cmp=com.example.lunchtray/androidx.test.core.app.InstrumentationActivityInvoker$BootstrapActivity (has extras) }, activity=androidx.test.core.app.InstrumentationActivityInvoker$BootstrapActivity@7fa70d0
10-23 14:55:43.713  3911  3911 V ActivityScenario: Activity lifecycle changed event received but ignored because the intent does not match. startActivityIntent=Intent { act=android.intent.action.MAIN cat=[android.intent.category.LAUNCHER] cmp=com.example.lunchtray/androidx.fragment.app.testing.FragmentScenario$EmptyFragmentActivity (has extras) }, activity.getIntent()=Intent { act=android.intent.action.MAIN cat=[android.intent.category.LAUNCHER] flg=0x10008000 cmp=com.example.lunchtray/androidx.test.core.app.InstrumentationActivityInvoker$BootstrapActivity (has extras) }, activity=androidx.test.core.app.InstrumentationActivityInvoker$BootstrapActivity@7fa70d0
10-23 14:55:43.713  3911  3911 V ActivityScenario: Activity lifecycle changed event received but ignored because the intent does not match. startActivityIntent=Intent { act=android.intent.action.MAIN cat=[android.intent.category.LAUNCHER] cmp=com.example.lunchtray/androidx.fragment.app.testing.FragmentScenario$EmptyFragmentActivity (has extras) }, activity.getIntent()=Intent { act=android.intent.action.MAIN cat=[android.intent.category.LAUNCHER] flg=0x10008000 cmp=com.example.lunchtray/androidx.test.core.app.InstrumentationActivityInvoker$BootstrapActivity (has extras) }, activity=androidx.test.core.app.InstrumentationActivityInvoker$BootstrapActivity@7fa70d0
10-23 14:55:43.714  3911  3911 V ActivityScenario: Activity lifecycle changed event received but ignored because the intent does not match. startActivityIntent=Intent { act=android.intent.action.MAIN cat=[android.intent.category.LAUNCHER] cmp=com.example.lunchtray/androidx.fragment.app.testing.FragmentScenario$EmptyFragmentActivity (has extras) }, activity.getIntent()=Intent { act=android.intent.action.MAIN cat=[android.intent.category.LAUNCHER] flg=0x10008000 cmp=com.example.lunchtray/androidx.test.core.app.InstrumentationActivityInvoker$BootstrapActivity (has extras) }, activity=androidx.test.core.app.InstrumentationActivityInvoker$BootstrapActivity@7fa70d0
10-23 14:55:43.714  3911  3911 V ActivityScenario: Activity lifecycle changed event received but ignored because the intent does not match. startActivityIntent=Intent { act=android.intent.action.MAIN cat=[android.intent.category.LAUNCHER] cmp=com.example.lunchtray/androidx.fragment.app.testing.FragmentScenario$EmptyFragmentActivity (has extras) }, activity.getIntent()=Intent { act=android.intent.action.MAIN cat=[android.intent.category.LAUNCHER] flg=0x10008000 cmp=com.example.lunchtray/androidx.test.core.app.InstrumentationActivityInvoker$BootstrapActivity (has extras) }, activity=androidx.test.core.app.InstrumentationActivityInvoker$BootstrapActivity@7fa70d0
10-23 14:55:43.714  3911  3911 V ActivityScenario: Activity lifecycle changed event received but ignored because the intent does not match. startActivityIntent=Intent { act=android.intent.action.MAIN cat=[android.intent.category.LAUNCHER] cmp=com.example.lunchtray/androidx.fragment.app.testing.FragmentScenario$EmptyFragmentActivity (has extras) }, activity.getIntent()=Intent { act=android.intent.action.MAIN cat=[android.intent.category.LAUNCHER] flg=0x10008000 cmp=com.example.lunchtray/androidx.test.core.app.InstrumentationActivityInvoker$BootstrapActivity (has extras) }, activity=androidx.test.core.app.InstrumentationActivityInvoker$BootstrapActivity@7fa70d0
10-23 14:55:43.714  3911  3911 V ActivityScenario: Activity lifecycle changed event received but ignored because the intent does not match. startActivityIntent=Intent { act=android.intent.action.MAIN cat=[android.intent.category.LAUNCHER] cmp=com.example.lunchtray/androidx.fragment.app.testing.FragmentScenario$EmptyFragmentActivity (has extras) }, activity.getIntent()=Intent { act=android.intent.action.MAIN cat=[android.intent.category.LAUNCHER] flg=0x10008000 cmp=com.example.lunchtray/androidx.test.core.app.InstrumentationActivityInvoker$BootstrapActivity (has extras) }, activity=androidx.test.core.app.InstrumentationActivityInvoker$BootstrapActivity@7fa70d0
10-23 14:55:43.714  3911  3911 V ActivityScenario: Activity lifecycle changed event received but ignored because the intent does not match. startActivityIntent=Intent { act=android.intent.action.MAIN cat=[android.intent.category.LAUNCHER] cmp=com.example.lunchtray/androidx.fragment.app.testing.FragmentScenario$EmptyFragmentActivity (has extras) }, activity.getIntent()=Intent { act=android.intent.action.MAIN cat=[android.intent.category.LAUNCHER] flg=0x10008000 cmp=com.example.lunchtray/androidx.test.core.app.InstrumentationActivityInvoker$BootstrapActivity (has extras) }, activity=androidx.test.core.app.InstrumentationActivityInvoker$BootstrapActivity@7fa70d0
10-23 14:55:43.716  1657  2280 I SP.AiAi : Download stopped: text-classifier-annotator:tc_model_a3d2c1298643d7cc3b5703308fd5b2d0, succeeded, size: 350999
10-23 14:55:43.717  2278  2868 I HttpGrpcBindableService: Downloading requested for URL 'https://gstatic.com/matchmaker/tclib_models/langid/v1/tc_model_436dc3fd14049b93d75788a8c0cc8eea.zip'
10-23 14:55:43.747  2278  2868 I HttpGrpcBindableService: Responding with header information for URL 'https://gstatic.com/matchmaker/tclib_models/langid/v1/tc_model_436dc3fd14049b93d75788a8c0cc8eea.zip'
10-23 14:55:43.751  1657  2785 I AstreaHttpConnection: Started download from url='https://gstatic.com/matchmaker/tclib_models/langid/v1/tc_model_436dc3fd14049b93d75788a8c0cc8eea.zip'
10-23 14:55:43.764  5175  5264 W Bugle   : TextClassifierLibManagerImpl: Reclaiming memory at level: 40
10-23 14:55:43.766  1468  3697 E Pay     : [SeTosMigration] payCapabilities gating flag: disabled [CONTEXT service_id=198 ]
10-23 14:55:43.766  1468  3697 E Pay     : [SeTosMigration] payCapabilities RoW use_wallet: true, use_wallet_jp: false [CONTEXT service_id=198 ]
10-23 14:55:43.774  1132  1166 I ImeTracker: com.google.android.apps.nexuslauncher:5af43d36: onRequestHide at ORIGIN_CLIENT_HIDE_SOFT_INPUT reason HIDE_SOFT_INPUT
10-23 14:55:43.774  1132  1166 I ImeTracker: com.google.android.apps.nexuslauncher:5af43d36: onFailed at PHASE_CLIENT_VIEW_SERVED
10-23 14:55:43.775   413   811 D audioserver: FGS Logger Transaction failed
10-23 14:55:43.775   413   811 D audioserver: -129
10-23 14:55:43.776  2964  3509 I PBSessionCacheImpl: Deleted sessionId[13037507931822886] from persistence.
10-23 14:55:43.783  1132  2137 D OneSearchSuggestProvider: Shut down the binder channel
10-23 14:55:43.785  1132  2804 I IPCThreadState: oneway function results for code 2 on binder at 0x7f98daeeeb30 will be dropped but finished with status UNKNOWN_TRANSACTION
10-23 14:55:43.791  2964  3265 W SearchServiceCore: Abort, client detached.
10-23 14:55:43.795  2964  3265 W SearchServiceCore: Abort, client detached.
10-23 14:55:43.796  2964  3265 W SearchServiceCore: Abort, client detached.
10-23 14:55:43.800  2964  3265 W SearchServiceCore: Abort, client detached.
10-23 14:55:43.800  2964  3265 W SearchServiceCore: Abort, client detached.
10-23 14:55:43.805  1348  1500 I NetworkScheduler.Stats: Task com.google.android.gms/com.google.android.gms.gass.chimera.SchedulePeriodicTasksService started execution. cause:5 exec_start_elapsed_seconds: 84 [CONTEXT service_id=218 ]
10-23 14:55:43.806  2993  5385 W SystemServiceRegistry: No service published for: persistent_data_block
10-23 14:55:43.822  1657  2280 I SP.AiAi : Scheduling job with delay of 0s for {W:b:I:l, bg}, 1 candidates
10-23 14:55:43.833  2278  3015 I HttpGrpcBindableService: [pfd-write] DOWNLOAD COMPLETE: Downloaded 335528 bytes from URL [https://gstatic.com/matchmaker/tclib_models/langid/v1/tc_model_436dc3fd14049b93d75788a8c0cc8eea.zip].
10-23 14:55:43.833  1657  2785 I AstreaHttpConnection: Download completed for url [https://gstatic.com/matchmaker/tclib_models/langid/v1/tc_model_436dc3fd14049b93d75788a8c0cc8eea.zip].
10-23 14:55:43.844  2278  2868 I HttpGrpcBindableService: Downloading requested for URL 'https://gstatic.com/matchmaker/tclib_models/actions/v104/en-us/tc_model_e202592534082c01f9642f709a627dd9.zip'
10-23 14:55:43.856  1657  2280 I SP.AiAi : Scheduling: download stopped, 0 started, 0 paused, 1 scheduled, 3 pending: manifests:spelling_correction-22110320 * {W:b:I:l, bg}, text-classifier-langid:tc_model_436dc3fd14049b93d75788a8c0cc8eea @ {W:b:u:l, bg}, text-classifier-actions:tc_model_e202592534082c01f9642f709a627dd9 @ {W:b:u:l, bg}
10-23 14:55:43.861  1348  1500 I NetworkScheduler.Stats: Task com.google.android.gms/com.google.android.gms.gass.chimera.SchedulePeriodicTasksService finished executing. cause:5 result: 1 elapsed_millis: 78 uptime_millis: 78 exec_start_elapsed_seconds: 84 [CONTEXT service_id=218 ]
10-23 14:55:43.862  1657  2280 I SP.AiAi : Download stopped: text-classifier-langid:tc_model_436dc3fd14049b93d75788a8c0cc8eea, succeeded, size: 335528
10-23 14:55:43.872  2278  2868 I HttpGrpcBindableService: Responding with header information for URL 'https://gstatic.com/matchmaker/tclib_models/actions/v104/en-us/tc_model_e202592534082c01f9642f709a627dd9.zip'
10-23 14:55:43.874  1657  2785 I AstreaHttpConnection: Started download from url='https://gstatic.com/matchmaker/tclib_models/actions/v104/en-us/tc_model_e202592534082c01f9642f709a627dd9.zip'
10-23 14:55:43.906  1657  2280 I SP.AiAi : Scheduling job with delay of 0s for {W:b:I:l, bg}, 1 candidates
10-23 14:55:43.948   413   476 D audioserver: FGS Logger Transaction failed
10-23 14:55:43.948   413   476 D audioserver: -129
10-23 14:55:43.977  3041  3041 I Finsky  : [2] jam.a(11): [PLUS] Received response
10-23 14:55:43.991  3041  3537 I Finsky  : [50] mmp.a(3): [PLUS] Successfully updated PayloadValueStore
10-23 14:55:43.991  3041  3686 I Finsky  : [59] afdj.a(70): [PLUS] Sync complete, number synced: 1, number failed: 0
10-23 14:55:43.991  3041  3686 W Finsky  : [59] ixj.d(18): For unauth, use getDfeApiNonAuthenticated() instead!
10-23 14:55:43.992  1657  2280 I SP.AiAi : Scheduling: download stopped, 0 started, 0 paused, 1 scheduled, 2 pending: manifests:spelling_correction-22110320 * {W:b:I:l, bg}, text-classifier-actions:tc_model_e202592534082c01f9642f709a627dd9 @ {W:b:u:l, bg}
10-23 14:55:43.994  3041  3687 D Volley  : [60] agto.e: Could not delete cache entry for key=[_CsDx08DMCFwfzrL0w6-_7xeZH8kUReee566_LdniDQ], filename=bni2WABMJNDWzMZm7cNuPKqKbJE
10-23 14:55:43.995  3041  3686 I Finsky  : [59] mmp.a(41): [DeviceConfig] successfully updated device attribute payloads
10-23 14:55:44.000  3041  3041 I Finsky  : [2] zis.b(10): SUH: Request device config token was successful in self update.
10-23 14:55:44.014  3041  3041 W Finsky  : [2] ziu.a(11): SUH: Self-update installed derived apk id unavailable.
10-23 14:55:44.023  3041  3944 I Finsky  : [87] oin.run(16): Wrote row to frosting DB: 14
10-23 14:55:44.033   524  1434 D WifiNl80211Manager: Scan result ready event
10-23 14:55:44.033   524  1434 D WifiNative: Scan result ready event
10-23 14:55:44.038  3911  4165 I TestRunner: finished: navigate_to_side_menu_from_entree_menu(com.example.lunchtray.NavigationTests)
