10-23 14:56:20.889   870   947 D EGL_emulation: app_time_stats: avg=22.05ms min=1.08ms max=88.39ms count=38
10-23 14:56:20.894  6283  6283 D CompatibilityChangeReporter: Compat change id reported: 194532703; UID 10119; state: ENABLED
10-23 14:56:20.894  6283  6283 D CompatibilityChangeReporter: Compat change id reported: 253665015; UID 10119; state: ENABLED
10-23 14:56:20.895  1348  3349 W ChimeraUtils: Module com.google.android.gms.nearby_en missing resource null(0)
10-23 14:56:20.899  1093  5263 D RTTSettingsCtr: rtt calling supported by telecom:: false
10-23 14:56:20.899  1093  5263 D RTTSettingsCtr: isRttSettingSupported [Not support]
10-23 14:56:20.912  6095  6143 I TrafficStats: untagSocket(122)
10-23 14:56:20.926   413   430 D audioserver: FGS Logger Transaction failed
10-23 14:56:20.926   413   430 D audioserver: -129
10-23 14:56:20.934  1093  5263 W libc    : Access denied finding property "ro.vendor.aware_available"
10-23 14:56:20.935  1093  5263 V SettingsSearchProvider: com.google.android.settings.aware.SilenceGestureSettings$1@a6adb43 tried to add an empty non-indexable key
10-23 14:56:20.935  1093  5263 D PrefCtrlListHelper: Could not find Context-only controller for pref: com.android.settings.network.AdaptiveConnectivityTogglePreferenceController
10-23 14:56:20.935  1093  5263 V SettingsSearchProvider: com.android.settings.search.BaseSearchIndexProvider@7fc52f9 tried to add an empty non-indexable key
10-23 14:56:20.935  1093  5263 D PrefCtrlListHelper: Could not find Context-only controller for pref: com.android.settings.accessibility.FlashNotificationsIntroPreferenceController
10-23 14:56:20.935  1093  5263 D PrefCtrlListHelper: Could not find Context-only controller for pref: com.android.settings.accessibility.FlashNotificationIllustrationPreferenceController
10-23 14:56:20.935  1093  5263 D PrefCtrlListHelper: Could not find Context-only controller for pref: com.android.settings.accessibility.CameraFlashNotificationPreferenceController
10-23 14:56:20.935  1093  5263 D PrefCtrlListHelper: Could not find Context-only controller for pref: com.android.settings.accessibility.ScreenFlashNotificationPreferenceController
10-23 14:56:20.935  1093  5263 D PrefCtrlListHelper: Could not find Context-only controller for pref: com.android.settings.accessibility.FlashNotificationsPreviewPreferenceController
10-23 14:56:20.935  1093  5263 D PrefCtrlListHelper: Could not find Context-only controller for pref: com.android.settings.accessibility.FlashNotificationsFooterPreferenceController
10-23 14:56:20.945  5852  5885 I PhenotypeBackgroundRecv: Successfully updated snapshot for com.google.android.libraries.appactions.serviceengine.api#com.google.android.googlequicksearchbox
10-23 14:56:20.945   524   614 I RoleService: Granting default roles...
10-23 14:56:20.952  1093  5263 D PrefCtrlListHelper: Could not find Context-only controller for pref: com.android.settings.applications.specialaccess.premiumsms.PremiumSmsScreenPreferenceController
10-23 14:56:20.952  6095  6143 I Finsky  : [45] svy.u(19): Received Heterodyne sync response. StatusCode=200
10-23 14:56:20.952  1093  5263 W libc    : Access denied finding property "ro.vendor.aware_available"
10-23 14:56:20.953  1093  5263 V SettingsSearchProvider: com.google.android.settings.aware.TapGestureSettings$1@b2625b5 tried to add an empty non-indexable key
10-23 14:56:20.953  1093  5263 D PrefCtrlListHelper: Could not find Context-only controller for pref: com.android.settings.gestures.PickupGesturePreferenceController
10-23 14:56:20.953  1093  5263 D PrefCtrlListHelper: Could not find Context-only controller for pref: com.android.settings.accessibility.PrimaryMonoPreferenceController
10-23 14:56:20.954  1093  5263 D PrefCtrlListHelper: Could not find Context-only controller for pref: com.google.android.settings.fuelgauge.reversecharging.ReverseChargingSwitchPreferenceController
10-23 14:56:20.955  1093  5263 D PrefCtrlListHelper: Could not find Context-only controller for pref: com.google.android.settings.fuelgauge.reversecharging.ReverseChargingTopIntroController
10-23 14:56:20.955  1093  5263 D PrefCtrlListHelper: Could not find Context-only controller for pref: com.google.android.settings.fuelgauge.reversecharging.ReverseChargingSeekBarController
10-23 14:56:20.955  1093  5263 D PrefCtrlListHelper: Could not find Context-only controller for pref: com.google.android.settings.fuelgauge.reversecharging.ReverseChargingAutoTurnOnSwitchPreferenceController
10-23 14:56:20.957  6095  6143 D HeterodyneSyncer: update last fetch to 1698068400
10-23 14:56:20.958  6095  6143 D HeterodyneSyncer: Update request tag - changed
10-23 14:56:20.959  1093  5263 D PrefCtrlListHelper: Could not find Context-only controller for pref: com.android.settings.development.DevelopmentMemtagPreferenceController
10-23 14:56:20.959  1093  5263 D PrefCtrlListHelper: Could not find Context-only controller for pref: com.android.settings.development.DevelopmentMemtagFooterPreferenceController
10-23 14:56:20.959  1093  5263 W PrefCtrlListHelper: Cannot instantiate controller from reflection: com.android.settings.development.DevelopmentMemtagFooterPreferenceController
10-23 14:56:20.961  6095  6143 D HeterodyneSyncer: update application tag, changed: com.google.android.finsky.stable, 83561110, , 3
10-23 14:56:20.961  6095  6143 D HeterodyneSyncer: Clearing partition: 3
10-23 14:56:20.963  1093  5263 V SettingsSearchProvider: com.android.settings.search.BaseSearchIndexProvider@a1ece84 tried to add an empty non-indexable key
10-23 14:56:20.963  1093  5263 D PrefCtrlListHelper: Could not find Context-only controller for pref: com.android.settings.network.BluetoothWiFiResetPreferenceController
10-23 14:56:20.964  6283  6332 D CompatibilityChangeReporter: Compat change id reported: 160794467; UID 10119; state: ENABLED
10-23 14:56:20.969  1093  5263 D PrefCtrlListHelper: Could not find Context-only controller for pref: com.android.settings.network.EraseEuiccDataController
10-23 14:56:20.976  6095  6143 D HeterodyneSyncer: updateFlag: com.google.android.finsky.stable, 83561110, 3, , AcquireRefresh__compute_elapsed_time_using_uptime_millis
10-23 14:56:20.976  6095  6143 D HeterodyneSyncer: updateFlag: com.google.android.finsky.stable, 83561110, 3, , AcquireRefresh__enable_fix_image_blink
10-23 14:56:20.976  6095  6143 D HeterodyneSyncer: updateFlag: com.google.android.finsky.stable, 83561110, 3, , ActionButtons__show_contains_ads_in_legal_notes
10-23 14:56:20.976  6095  6143 D HeterodyneSyncer: updateFlag: com.google.android.finsky.stable, 83561110, 3, , AlleyOopDeeplinkedCsl__enable_deeplinked_csl
10-23 14:56:20.976  6095  6143 D HeterodyneSyncer: updateFlag: com.google.android.finsky.stable, 83561110, 3, , AlleyOopMigrateToHsdpV1__always_redirect_to_details
10-23 14:56:20.976  6095  6143 D HeterodyneSyncer: updateFlag: com.google.android.finsky.stable, 83561110, 3, , AlleyOopMigrateToHsdpV1__enable_hsdp_v1
10-23 14:56:20.976  6095  6143 D HeterodyneSyncer: updateFlag: com.google.android.finsky.stable, 83561110, 3, , AlleyOopMigrateToHsdpV1__enable_loading_and_error_ux
10-23 14:56:20.976  6095  6143 D HeterodyneSyncer: updateFlag: com.google.android.finsky.stable, 83561110, 3, , AlleyOopMigrateToHsdpV1__hsdp_initial_height_percentage
10-23 14:56:20.976  6095  6143 D HeterodyneSyncer: updateFlag: com.google.android.finsky.stable, 83561110, 3, , AlleyOopMigrateToHsdpV1__skip_half_expanded_state
10-23 14:56:20.976  6095  6143 D HeterodyneSyncer: updateFlag: com.google.android.finsky.stable, 83561110, 3, , AlleyOopMigrateToHsdpV1__switch_alleyoop_kids_host_activity
10-23 14:56:20.976  6095  6143 D HeterodyneSyncer: updateFlag: com.google.android.finsky.stable, 83561110, 3, , AlleyOopMigrateToHsdpV1__use_snap_spec_as_animation_spec
10-23 14:56:20.976  6095  6143 D HeterodyneSyncer: updateFlag: com.google.android.finsky.stable, 83561110, 3, , AlleyOopOnItemModelStable__custom_detailed_page_app_id_exclusion_list
10-23 14:56:20.977  6095  6143 D HeterodyneSyncer: updateFlag: com.google.android.finsky.stable, 83561110, 3, , AlleyOopOnItemModelStable__use_item_model_for_custom_details_page
10-23 14:56:20.977  6095  6143 D HeterodyneSyncer: updateFlag: com.google.android.finsky.stable, 83561110, 3, , AlleyOopOnItemModelStable__use_item_model_stable
10-23 14:56:20.977  6095  6143 D HeterodyneSyncer: updateFlag: com.google.android.finsky.stable, 83561110, 3, , AndroidXr__is_android_xr
10-23 14:56:20.977  6095  6143 D HeterodyneSyncer: updateFlag: com.google.android.finsky.stable, 83561110, 3, , AppActivityLoggingNoticeUi__is_enabled
10-23 14:56:20.977  6095  6143 D HeterodyneSyncer: updateFlag: com.google.android.finsky.stable, 83561110, 3, , AppsSearch__enable_filtering_animation
10-23 14:56:20.977  6095  6143 D HeterodyneSyncer: updateFlag: com.google.android.finsky.stable, 83561110, 3, , AppsSearch__enable_filters_back_button_fix
10-23 14:56:20.977  6095  6143 D HeterodyneSyncer: updateFlag: com.google.android.finsky.stable, 83561110, 3, , AppsSearch__enable_filters_header_view_scroll_and_snap
10-23 14:56:20.977  6095  6143 D HeterodyneSyncer: updateFlag: com.google.android.finsky.stable, 83561110, 3, , AppsSearch__enable_filters_v2_phase_1
10-23 14:56:20.977  6095  6143 D HeterodyneSyncer: updateFlag: com.google.android.finsky.stable, 83561110, 3, , AppsSearch__enable_kids_search_mode_for_filters
10-23 14:56:20.977  6095  6143 D HeterodyneSyncer: updateFlag: com.google.android.finsky.stable, 83561110, 3, , AppsSearch__enable_zero_prefix_async_loading
10-23 14:56:20.977  6095  6143 D HeterodyneSyncer: updateFlag: com.google.android.finsky.stable, 83561110, 3, , AppsSearch__enable_zero_search_endpoint
10-23 14:56:20.977  6095  6143 D HeterodyneSyncer: updateFlag: com.google.android.finsky.stable, 83561110, 3, , AudiobookPreviewPlayer__disable_audio_capture
10-23 14:56:20.977  6095  6143 D HeterodyneSyncer: updateFlag: com.google.android.finsky.stable, 83561110, 3, , AutoUpdate__battery_relax_battery_percent_budget
10-23 14:56:20.977  6095  6143 D HeterodyneSyncer: updateFlag: com.google.android.finsky.stable, 83561110, 3, , AutoUpdate__battery_relax_num_apps_budget
10-23 14:56:20.977  6095  6143 D HeterodyneSyncer: updateFlag: com.google.android.finsky.stable, 83561110, 3, , AutoUpdate__block_auto_update_on_uncertified_devices
10-23 14:56:20.977  6095  6143 D HeterodyneSyncer: updateFlag: com.google.android.finsky.stable, 83561110, 3, , AutoUpdate__consolidate_common_blocked_reasons
10-23 14:56:20.978  6095  6143 D HeterodyneSyncer: updateFlag: com.google.android.finsky.stable, 83561110, 3, , AutoUpdate__deprecate_installer_db_in_app_freshness_hygiene
10-23 14:56:20.978  6095  6143 D HeterodyneSyncer: updateFlag: com.google.android.finsky.stable, 83561110, 3, , AutoUpdate__enable_atomic_fields_read_from_train
10-23 14:56:20.978  6095  6143 D HeterodyneSyncer: updateFlag: com.google.android.finsky.stable, 83561110, 3, , AutoUpdate__enable_atomic_install_auto_update_stable
10-23 14:56:20.978  6095  6143 D HeterodyneSyncer: updateFlag: com.google.android.finsky.stable, 83561110, 3, , AutoUpdate__enable_atomic_install_high_priority_update_stable
10-23 14:56:20.978  6095  6143 D HeterodyneSyncer: updateFlag: com.google.android.finsky.stable, 83561110, 3, , AutoUpdate__enable_discovered_timestamp_read_from_autoupdate_datastore
10-23 14:56:20.978  6095  6143 D HeterodyneSyncer: updateFlag: com.google.android.finsky.stable, 83561110, 3, , AutoUpdate__enable_read_and_write_from_autoupdate_datastore
10-23 14:56:20.978  6095  6143 D HeterodyneSyncer: updateFlag: com.google.android.finsky.stable, 83561110, 3, , AutoUpdate__enable_read_and_write_installer_db_auto_update_db
10-23 14:56:20.978  6095  6143 D HeterodyneSyncer: updateFlag: com.google.android.finsky.stable, 83561110, 3, , AutoUpdate__enable_request_phonesky_in_autoupdate
10-23 14:56:20.978  6095  6143 D HeterodyneSyncer: updateFlag: com.google.android.finsky.stable, 83561110, 3, , AutoUpdate__enable_write_installerdb_to_auto_update_db
10-23 14:56:20.979  6095  6143 D HeterodyneSyncer: updateFlag: com.google.android.finsky.stable, 83561110, 3, , AutoUpdate__enable_write_to_autoupdate_datastore
10-23 14:56:20.979  6095  6143 D HeterodyneSyncer: updateFlag: com.google.android.finsky.stable, 83561110, 3, , AutoUpdate__log_installer_db_auto_update_db_diffs
10-23 14:56:20.979  6095  6143 D HeterodyneSyncer: updateFlag: com.google.android.finsky.stable, 83561110, 3, , AutoUpdate__outstanding_notification_time_delay_ms
10-23 14:56:20.979  6095  6143 D HeterodyneSyncer: updateFlag: com.google.android.finsky.stable, 83561110, 3, , AutoUpdate__system_service_auto_update_policy
10-23 14:56:20.979  6095  6143 D HeterodyneSyncer: updateFlag: com.google.android.finsky.stable, 83561110, 3, , BackApiMigration__enable_new_api
10-23 14:56:20.980  6095  6143 D HeterodyneSyncer: updateFlag: com.google.android.finsky.stable, 83561110, 3, , Backstack__backstack_limit
10-23 14:56:20.980  6095  6143 D HeterodyneSyncer: updateFlag: com.google.android.finsky.stable, 83561110, 3, , BillingConfigSync__enable_billing_config_sync
10-23 14:56:20.980  6095  6143 D HeterodyneSyncer: updateFlag: com.google.android.finsky.stable, 83561110, 3, , BillingConfigSync__enable_read_api_version_from_valuestore
10-23 14:56:20.980  6095  6143 D HeterodyneSyncer: updateFlag: com.google.android.finsky.stable, 83561110, 3, , Billing__direct_purchase_api_caller_allowlist_for_apps
10-23 14:56:20.980  6095  6143 D HeterodyneSyncer: updateFlag: com.google.android.finsky.stable, 83561110, 3, , Billing__enable_subscription_instrument_update
10-23 14:56:20.980  6095  6143 D HeterodyneSyncer: updateFlag: com.google.android.finsky.stable, 83561110, 3, , Billing__enable_third_party_direct_purchases
10-23 14:56:20.980  6095  6143 D HeterodyneSyncer: updateFlag: com.google.android.finsky.stable, 83561110, 3, , Billing__enable_third_party_subscription_instrument_update
10-23 14:56:20.980  6095  6143 D HeterodyneSyncer: updateFlag: com.google.android.finsky.stable, 83561110, 3, , Blurbs__blurb_max_viewpool_size
10-23 14:56:20.980  6095  6143 D HeterodyneSyncer: updateFlag: com.google.android.finsky.stable, 83561110, 3, , Blurbs__disable_impression_log_on_rebind
10-23 14:56:20.980  6095  6143 D HeterodyneSyncer: updateFlag: com.google.android.finsky.stable, 83561110, 3, , Blurbs__enable_mini_blurb_component
10-23 14:56:20.980  6095  6143 D HeterodyneSyncer: updateFlag: com.google.android.finsky.stable, 83561110, 3, , Blurbs__enable_mini_blurb_component_large_thumbnail
10-23 14:56:20.980  6095  6143 D HeterodyneSyncer: updateFlag: com.google.android.finsky.stable, 83561110, 3, , Blurbs__enable_playcardutils_migration
10-23 14:56:20.981  6095  6143 D HeterodyneSyncer: updateFlag: com.google.android.finsky.stable, 83561110, 3, , BooksExperiments__enable_alternative_to_free_in_message
10-23 14:56:20.982  6095  6143 D HeterodyneSyncer: updateFlag: com.google.android.finsky.stable, 83561110, 3, , BooksExperiments__enable_one_button_fixed_duration_rent
10-23 14:56:20.982  6095  6143 D HeterodyneSyncer: updateFlag: com.google.android.finsky.stable, 83561110, 3, , BooksExperiments__enable_one_button_rent
10-23 14:56:20.982  6095  6143 D HeterodyneSyncer: updateFlag: com.google.android.finsky.stable, 83561110, 3, , BooksExperiments__enable_orson_search_result_format_labels_exp
10-23 14:56:20.982  6095  6143 D HeterodyneSyncer: updateFlag: com.google.android.finsky.stable, 83561110, 3, , BooksExperiments__enable_price_drop_message
10-23 14:56:20.982  6095  6143 D HeterodyneSyncer: updateFlag: com.google.android.finsky.stable, 83561110, 3, , BooksExperiments__enable_sample_control
10-23 14:56:20.982  6095  6143 D HeterodyneSyncer: updateFlag: com.google.android.finsky.stable, 83561110, 3, , BooksExperiments__enable_series_subscription_edu_module
10-23 14:56:20.982  6095  6143 D HeterodyneSyncer: updateFlag: com.google.android.finsky.stable, 83561110, 3, , BooksExperiments__enabled_series_subscription
10-23 14:56:20.982  6095  6143 D HeterodyneSyncer: updateFlag: com.google.android.finsky.stable, 83561110, 3, , BooksExperiments__show_reviews_unverified
10-23 14:56:20.982  6095  6143 D HeterodyneSyncer: updateFlag: com.google.android.finsky.stable, 83561110, 3, , BooksExperiments__update_to_get_for_free
10-23 14:56:20.982  6095  6143 D HeterodyneSyncer: updateFlag: com.google.android.finsky.stable, 83561110, 3, , BooksSearch__enable_filters
10-23 14:56:20.982  6095  6143 D HeterodyneSyncer: updateFlag: com.google.android.finsky.stable, 83561110, 3, , BooksSearch__enable_kids_search_mode_for_filters
10-23 14:56:20.982  6095  6143 D HeterodyneSyncer: updateFlag: com.google.android.finsky.stable, 83561110, 3, , BrowseIntent__enable_private_intent_creation
10-23 14:56:20.982  6095  6143 D HeterodyneSyncer: updateFlag: com.google.android.finsky.stable, 83561110, 3, , CacheIndependentButtonsOnDetailsPage__itemfreshness_duration
10-23 14:56:20.982  6095  6143 D HeterodyneSyncer: updateFlag: com.google.android.finsky.stable, 83561110, 3, , CacheStickiness__reduce_cache_size_based_on_storage
10-23 14:56:20.982  6095  6143 D HeterodyneSyncer: updateFlag: com.google.android.finsky.stable, 83561110, 3, , CacheStickiness__switch_pre_cache_based_on_storage
10-23 14:56:20.983  6095  6143 D HeterodyneSyncer: updateFlag: com.google.android.finsky.stable, 83561110, 3, , CacheStickiness__switch_pre_cache_storage_bytes_threshold
10-23 14:56:20.983  6095  6143 D HeterodyneSyncer: updateFlag: com.google.android.finsky.stable, 83561110, 3, , CacheStickiness__temp_patch_files_expiration_ms
10-23 14:56:20.983  6095  6143 D HeterodyneSyncer: updateFlag: com.google.android.finsky.stable, 83561110, 3, , CarDelayClosureOnSignout__is_enabled
10-23 14:56:20.983  6095  6143 D HeterodyneSyncer: updateFlag: com.google.android.finsky.stable, 83561110, 3, , CarskyFreeAcquireMigration__is_enabled
10-23 14:56:20.983  6095  6143 D HeterodyneSyncer: updateFlag: com.google.android.finsky.stable, 83561110, 3, , CashmereAppSync__enable_app_sync_no_cache_param
10-23 14:56:20.983  6095  6143 D HeterodyneSyncer: updateFlag: com.google.android.finsky.stable, 83561110, 3, , CashmereAppSync__enable_app_sync_only_attach_iasch_true
10-23 14:56:20.983  6095  6143 D HeterodyneSyncer: updateFlag: com.google.android.finsky.stable, 83561110, 3, , CashmereAppSync__enable_app_sync_pcsi_logging
10-23 14:56:20.983  6095  6143 D HeterodyneSyncer: updateFlag: com.google.android.finsky.stable, 83561110, 3, , CashmereAppSync__enable_app_sync_server_driven_field_mask
10-23 14:56:20.983  6095  6143 D HeterodyneSyncer: updateFlag: com.google.android.finsky.stable, 83561110, 3, , CashmereAppSync__enable_cashmere_app_sync_serp_pagination
10-23 14:56:20.983  6095  6143 D HeterodyneSyncer: updateFlag: com.google.android.finsky.stable, 83561110, 3, , CashmereAppSync__enable_cashmere_serp_app_sync
10-23 14:56:20.983  6095  6143 D HeterodyneSyncer: updateFlag: com.google.android.finsky.stable, 83561110, 3, , CashmereAppSync__enable_smart_cache_logging
10-23 14:56:20.983  6095  6143 D HeterodyneSyncer: updateFlag: com.google.android.finsky.stable, 83561110, 3, , CashmereAppSync__enable_smart_cache_logging_missing_items
10-23 14:56:20.983  6095  6143 D HeterodyneSyncer: updateFlag: com.google.android.finsky.stable, 83561110, 3, , CashmereAppSync__enable_smart_cache_no_field_mask
10-23 14:56:20.983  6095  6143 D HeterodyneSyncer: updateFlag: com.google.android.finsky.stable, 83561110, 3, , CashmereAppSync__killswitch_pcsi_power_user_classification_logging
10-23 14:56:20.983  6095  6143 D HeterodyneSyncer: updateFlag: com.google.android.finsky.stable, 83561110, 3, , CashmereAppSync__serp_app_sync_app_fields
10-23 14:56:20.983  6095  6143 D HeterodyneSyncer: updateFlag: com.google.android.finsky.stable, 83561110, 3, , CashmereAppSync__serp_app_sync_shared_fields
10-23 14:56:20.984  6095  6143 D HeterodyneSyncer: updateFlag: com.google.android.finsky.stable, 83561110, 3, , Cashmere__enable_cashmere_serp_app_sync
10-23 14:56:20.984  6095  6143 D HeterodyneSyncer: updateFlag: com.google.android.finsky.stable, 83561110, 3, , Cashmere__enable_power_cache
10-23 14:56:20.984  6095  6143 D HeterodyneSyncer: updateFlag: com.google.android.finsky.stable, 83561110, 3, , Cashmere__image_disk_cache_size_increase_mb
10-23 14:56:20.984  6095  6143 D HeterodyneSyncer: updateFlag: com.google.android.finsky.stable, 83561110, 3, , Cashmere__main_disk_cache_size_increase_kb
10-23 14:56:20.984  6095  6143 D HeterodyneSyncer: updateFlag: com.google.android.finsky.stable, 83561110, 3, , Cashmere__max_download_attempts
10-23 14:56:20.984  6095  6143 D HeterodyneSyncer: updateFlag: com.google.android.finsky.stable, 83561110, 3, , Cashmere__max_image_prefetches_per_bulk
10-23 14:56:20.984  6095  6143 D HeterodyneSyncer: updateFlag: com.google.android.finsky.stable, 83561110, 3, , Cashmere__max_pgs_prefetches_per_bulk
10-23 14:56:20.984  6095  6143 D HeterodyneSyncer: updateFlag: com.google.android.finsky.stable, 83561110, 3, , Cashmere__normal_user_storage_threshold_high_watermark_bytes
10-23 14:56:20.984  6095  6143 D HeterodyneSyncer: updateFlag: com.google.android.finsky.stable, 83561110, 3, , Cashmere__normal_user_storage_threshold_low_watermark_bytes
10-23 14:56:20.984  6095  6143 D HeterodyneSyncer: updateFlag: com.google.android.finsky.stable, 83561110, 3, , Cashmere__on_device_search_suggestion_model_download_max_waiting_time_min
10-23 14:56:20.984  6095  6143 D HeterodyneSyncer: updateFlag: com.google.android.finsky.stable, 83561110, 3, , Cashmere__power_cache_storage_threshold_high_watermark_bytes
10-23 14:56:20.984  6095  6143 D HeterodyneSyncer: updateFlag: com.google.android.finsky.stable, 83561110, 3, , Cashmere__power_cache_storage_threshold_low_watermark_bytes
10-23 14:56:20.984  6095  6143 D HeterodyneSyncer: updateFlag: com.google.android.finsky.stable, 83561110, 3, , Cashmere__retry_download_backoff_time_seed_ms
10-23 14:56:20.984  6095  6143 D HeterodyneSyncer: updateFlag: com.google.android.finsky.stable, 83561110, 3, , Cashmere__super_power_cache_storage_threshold_high_watermark_bytes
10-23 14:56:20.984  6095  6143 D HeterodyneSyncer: updateFlag: com.google.android.finsky.stable, 83561110, 3, , Cashmere__super_power_cache_storage_threshold_low_watermark_bytes
10-23 14:56:20.984  6095  6143 D HeterodyneSyncer: updateFlag: com.google.android.finsky.stable, 83561110, 3, , Cashmere__time_to_wait_before_force_running_jobs_ms
10-23 14:56:20.984  6095  6143 D HeterodyneSyncer: updateFlag: com.google.android.finsky.stable, 83561110, 3, , CloudProfileSelfUpdate__enable_dm_installing
10-23 14:56:20.984  6095  6143 D HeterodyneSyncer: updateFlag: com.google.android.finsky.stable, 83561110, 3, , ClusterInstalling__enable_serp_cluster_installing
10-23 14:56:20.984  6095  6143 D HeterodyneSyncer: updateFlag: com.google.android.finsky.stable, 83561110, 3, , ClusterInstalling__enable_top_charts_cluster_installing
10-23 14:56:20.985  6095  6143 D HeterodyneSyncer: updateFlag: com.google.android.finsky.stable, 83561110, 3, , ClusterInstalling__enable_wide_media_cluster_installing
10-23 14:56:20.985  6095  6143 D HeterodyneSyncer: updateFlag: com.google.android.finsky.stable, 83561110, 3, , ClusterTitleLayout__enable_cluster_title_layout_v2
10-23 14:56:20.985  6095  6143 D HeterodyneSyncer: updateFlag: com.google.android.finsky.stable, 83561110, 3, , ContentFramePaddingSupplier__enable_new_small_phone_ui
10-23 14:56:20.985  6095  6143 D HeterodyneSyncer: updateFlag: com.google.android.finsky.stable, 83561110, 3, , ContentPaddingOnDetailsfragment__is_enabled
10-23 14:56:20.985  6095  6143 D HeterodyneSyncer: updateFlag: com.google.android.finsky.stable, 83561110, 3, , CrossFormFactorInstall__change_app_incompatible_message
10-23 14:56:20.985  6095  6143 D HeterodyneSyncer: updateFlag: com.google.android.finsky.stable, 83561110, 3, , CrossFormFactorInstall__cross_device_install_cached_downloading_state_timeout
10-23 14:56:20.986  6095  6143 D HeterodyneSyncer: updateFlag: com.google.android.finsky.stable, 83561110, 3, , CrossFormFactorInstall__cross_device_install_cached_install_pending_state_timeout
10-23 14:56:20.986  6095  6143 D HeterodyneSyncer: updateFlag: com.google.android.finsky.stable, 83561110, 3, , CrossFormFactorInstall__cross_device_install_cached_install_scheduled_state_timeout
10-23 14:56:20.986  6095  6143 D HeterodyneSyncer: updateFlag: com.google.android.finsky.stable, 83561110, 3, , CrossFormFactorInstall__cross_device_install_cached_installing_state_timeout
10-23 14:56:20.986  6095  6143 D HeterodyneSyncer: updateFlag: com.google.android.finsky.stable, 83561110, 3, , CrossFormFactorInstall__cross_device_install_cached_request_timeout
10-23 14:56:20.986  6095  6143 D HeterodyneSyncer: updateFlag: com.google.android.finsky.stable, 83561110, 3, , CrossFormFactorInstall__cross_device_install_module_max_rows
10-23 14:56:20.986  6095  6143 D HeterodyneSyncer: updateFlag: com.google.android.finsky.stable, 83561110, 3, , CrossFormFactorInstall__daily_hygiene_refresh_cookie_task_enabled
10-23 14:56:20.986  6095  6143 D HeterodyneSyncer: updateFlag: com.google.android.finsky.stable, 83561110, 3, , CrossFormFactorInstall__enable_delay_install_plan_until_install_state_received
10-23 14:56:20.986  6095  6143 D HeterodyneSyncer: updateFlag: com.google.android.finsky.stable, 83561110, 3, , CrossFormFactorInstall__enable_filter_device_without_installation_details
10-23 14:56:20.986  6095  6143 D HeterodyneSyncer: updateFlag: com.google.android.finsky.stable, 83561110, 3, , CrossFormFactorInstall__enable_install_state_fix
10-23 14:56:20.986  6095  6143 D HeterodyneSyncer: updateFlag: com.google.android.finsky.stable, 83561110, 3, , CrossFormFactorInstall__enable_item_store_cache_cacheability_logging
10-23 14:56:20.986  6095  6143 D HeterodyneSyncer: updateFlag: com.google.android.finsky.stable, 83561110, 3, , CrossFormFactorInstall__enable_item_store_cache_retry
10-23 14:56:20.986  6095  6143 D HeterodyneSyncer: updateFlag: com.google.android.finsky.stable, 83561110, 3, , CrossFormFactorInstall__enable_univision_dialog
10-23 14:56:20.986  6095  6143 D HeterodyneSyncer: updateFlag: com.google.android.finsky.stable, 83561110, 3, , CrossFormFactorInstall__enable_wear_companion_app_install
10-23 14:56:20.986  6095  6143 D HeterodyneSyncer: updateFlag: com.google.android.finsky.stable, 83561110, 3, , CrossFormFactorInstall__enable_xff_acc
10-23 14:56:20.986  6095  6143 D HeterodyneSyncer: updateFlag: com.google.android.finsky.stable, 83561110, 3, , CrossFormFactorInstall__enable_xff_install_on_alleyoop
10-23 14:56:20.986  6095  6143 D HeterodyneSyncer: updateFlag: com.google.android.finsky.stable, 83561110, 3, , CrossFormFactorInstall__enable_xff_mdp
10-23 14:56:20.986  6095  6143 D HeterodyneSyncer: updateFlag: com.google.android.finsky.stable, 83561110, 3, , CrossFormFactorInstall__enable_xff_udpr
10-23 14:56:20.986  6095  6143 D HeterodyneSyncer: updateFlag: com.google.android.finsky.stable, 83561110, 3, , CrossFormFactorInstall__fake_devices
10-23 14:56:20.986  6095  6143 D HeterodyneSyncer: updateFlag: com.google.android.finsky.stable, 83561110, 3, , CrossFormFactorInstall__suppress_device_list_pre_install
10-23 14:56:20.986  6095  6143 D HeterodyneSyncer: updateFlag: com.google.android.finsky.stable, 83561110, 3, , CrossFormFactorSearch__enable_xff_search
10-23 14:56:20.986  6095  6143 D HeterodyneSyncer: updateFlag: com.google.android.finsky.stable, 83561110, 3, , D30__enable_auto_scroll_from_sticky_nav
10-23 14:56:20.986  6095  6143 D HeterodyneSyncer: updateFlag: com.google.android.finsky.stable, 83561110, 3, , D30__enable_developer_page_redesign
10-23 14:56:20.986  6095  6143 D HeterodyneSyncer: updateFlag: com.google.android.finsky.stable, 83561110, 3, , DarkTheme__dark_theme_enabled_features_for_billing
10-23 14:56:20.986  6095  6143 D HeterodyneSyncer: updateFlag: com.google.android.finsky.stable, 83561110, 3, , DarkTheme__force_dark_theme
10-23 14:56:20.987  6095  6143 D HeterodyneSyncer: updateFlag: com.google.android.finsky.stable, 83561110, 3, , DataLoader__capability_cache_expiration_ms
10-23 14:56:20.987  6095  6143 D HeterodyneSyncer: updateFlag: com.google.android.finsky.stable, 83561110, 3, , DataLoader__dataloader_native_libraries_check
10-23 14:56:20.987  6095  6143 D HeterodyneSyncer: updateFlag: com.google.android.finsky.stable, 83561110, 3, , DataLoader__disable_on_install_loop
10-23 14:56:20.987  6095  6143 D HeterodyneSyncer: updateFlag: com.google.android.finsky.stable, 83561110, 3, , DataLoader__disable_streaming_for_notification_experiment
10-23 14:56:20.987  6095  6143 D HeterodyneSyncer: updateFlag: com.google.android.finsky.stable, 83561110, 3, , DataLoader__disable_streaming_for_returning_users
10-23 14:56:20.987  6095  6143 D HeterodyneSyncer: updateFlag: com.google.android.finsky.stable, 83561110, 3, , DataLoader__disable_streaming_if_digesters_present
10-23 14:56:20.987  6095  6143 D HeterodyneSyncer: updateFlag: com.google.android.finsky.stable, 83561110, 3, , DataLoader__downloader_network_read_buffer_bytes
10-23 14:56:20.987  6095  6143 D HeterodyneSyncer: updateFlag: com.google.android.finsky.stable, 83561110, 3, , DataLoader__downloader_network_read_timeout_ms
10-23 14:56:20.988  6095  6143 D HeterodyneSyncer: updateFlag: com.google.android.finsky.stable, 83561110, 3, , DataLoader__enable_aadc_for_logging
10-23 14:56:20.988  6095  6143 D HeterodyneSyncer: updateFlag: com.google.android.finsky.stable, 83561110, 3, , DataLoader__enable_aadc_for_ui
10-23 14:56:20.988  6095  6143 D HeterodyneSyncer: updateFlag: com.google.android.finsky.stable, 83561110, 3, , DataLoader__enable_auto_incremental_branding_selection
10-23 14:56:20.988  6095  6143 D HeterodyneSyncer: updateFlag: com.google.android.finsky.stable, 83561110, 3, , DataLoader__enable_auto_update_on_incomplete_incrementals
10-23 14:56:20.988  6095  6143 D HeterodyneSyncer: updateFlag: com.google.android.finsky.stable, 83561110, 3, , DataLoader__enable_dataloader_failure_record
10-23 14:56:20.988  6095  6143 D HeterodyneSyncer: updateFlag: com.google.android.finsky.stable, 83561110, 3, , DataLoader__enable_dataloader_general_latency_logging
10-23 14:56:20.988  6095  6143 D HeterodyneSyncer: updateFlag: com.google.android.finsky.stable, 83561110, 3, , DataLoader__enable_dataloader_v2
10-23 14:56:20.988  6095  6143 D HeterodyneSyncer: updateFlag: com.google.android.finsky.stable, 83561110, 3, , DataLoader__enable_device_digest_detection
10-23 14:56:20.988  6095  6143 D HeterodyneSyncer: updateFlag: com.google.android.finsky.stable, 83561110, 3, , DataLoader__enable_digester_checker_initialization
10-23 14:56:20.988  6095  6143 D HeterodyneSyncer: updateFlag: com.google.android.finsky.stable, 83561110, 3, , DataLoader__enable_download_service_downloader
10-23 14:56:20.988  6095  6143 D HeterodyneSyncer: updateFlag: com.google.android.finsky.stable, 83561110, 3, , DataLoader__enable_educational_tooltip
10-23 14:56:20.988  6095  6143 D HeterodyneSyncer: updateFlag: com.google.android.finsky.stable, 83561110, 3, , DataLoader__enable_fallback_notification_channel
10-23 14:56:20.988  6095  6143 D HeterodyneSyncer: updateFlag: com.google.android.finsky.stable, 83561110, 3, , DataLoader__enable_feature_detection_hygiene
10-23 14:56:20.988  6095  6143 D HeterodyneSyncer: updateFlag: com.google.android.finsky.stable, 83561110, 3, , DataLoader__enable_incremental_dataloader
10-23 14:56:20.988  6095  6143 D HeterodyneSyncer: updateFlag: com.google.android.finsky.stable, 83561110, 3, , DataLoader__enable_incremental_nugget_installation
10-23 14:56:20.988  6095  6143 D HeterodyneSyncer: updateFlag: com.google.android.finsky.stable, 83561110, 3, , DataLoader__enable_incremental_progress_spinner
10-23 14:56:20.988  6095  6143 D HeterodyneSyncer: updateFlag: com.google.android.finsky.stable, 83561110, 3, , DataLoader__enable_incremental_progress_spinner_animation
10-23 14:56:20.988  6095  6143 D HeterodyneSyncer: updateFlag: com.google.android.finsky.stable, 83561110, 3, , DataLoader__enable_lightning_bolt_icon
10-23 14:56:20.988  6095  6143 D HeterodyneSyncer: updateFlag: com.google.android.finsky.stable, 83561110, 3, , DataLoader__enable_notification_buttons
10-23 14:56:20.988  6095  6143 D HeterodyneSyncer: updateFlag: com.google.android.finsky.stable, 83561110, 3, , DataLoader__enable_on_demand_download_latency_funnel_logging
10-23 14:56:20.988  6095  6143 D HeterodyneSyncer: updateFlag: com.google.android.finsky.stable, 83561110, 3, , DataLoader__enable_performance_metrics
10-23 14:56:20.988  6095  6143 D HeterodyneSyncer: updateFlag: com.google.android.finsky.stable, 83561110, 3, , DataLoader__enable_performance_metrics_install_session_id_log
10-23 14:56:20.988  6095  6143 D HeterodyneSyncer: updateFlag: com.google.android.finsky.stable, 83561110, 3, , DataLoader__enable_performance_metrics_package_monitor_events
10-23 14:56:20.988  6095  6143 D HeterodyneSyncer: updateFlag: com.google.android.finsky.stable, 83561110, 3, , DataLoader__enable_play_button_streaming_installation_tooltip
10-23 14:56:20.988  6095  6143 D HeterodyneSyncer: updateFlag: com.google.android.finsky.stable, 83561110, 3, , DataLoader__enable_prioritized_streaming_coordinator_v2
10-23 14:56:20.988  6095  6143 D HeterodyneSyncer: updateFlag: com.google.android.finsky.stable, 83561110, 3, , DataLoader__enable_prod_readlog_notice
10-23 14:56:20.988  6095  6143 D HeterodyneSyncer: updateFlag: com.google.android.finsky.stable, 83561110, 3, , DataLoader__enable_redirect_cache_prewarming
10-23 14:56:20.988  6095  6143 D HeterodyneSyncer: updateFlag: com.google.android.finsky.stable, 83561110, 3, , DataLoader__enable_redirect_caching
10-23 14:56:20.988  6095  6143 D HeterodyneSyncer: updateFlag: com.google.android.finsky.stable, 83561110, 3, , DataLoader__enable_reenablement_of_digest_disabled_device
10-23 14:56:20.988  6095  6143 D HeterodyneSyncer: updateFlag: com.google.android.finsky.stable, 83561110, 3, , DataLoader__enable_selinux_patch_check
10-23 14:56:20.988  6095  6143 D HeterodyneSyncer: updateFlag: com.google.android.finsky.stable, 83561110, 3, , DataLoader__enable_streaming_async_tasks
10-23 14:56:20.989  6095  6143 D HeterodyneSyncer: updateFlag: com.google.android.finsky.stable, 83561110, 3, , DataLoader__enable_streaming_coordinator_v2_for_games
10-23 14:56:20.989  6095  6143 D HeterodyneSyncer: updateFlag: com.google.android.finsky.stable, 83561110, 3, , DataLoader__enable_streaming_notification_experiment
10-23 14:56:20.989  6095  6143 D HeterodyneSyncer: updateFlag: com.google.android.finsky.stable, 83561110, 3, , DataLoader__enable_streaming_only_for_non_digesting_device
10-23 14:56:20.989  6095  6143 D HeterodyneSyncer: updateFlag: com.google.android.finsky.stable, 83561110, 3, , DataLoader__enable_uncompressed_rest_stream_resumption
10-23 14:56:20.989  6095  6143 D HeterodyneSyncer: updateFlag: com.google.android.finsky.stable, 83561110, 3, , DataLoader__flavor_based_on_demand_chunk_sizes
10-23 14:56:20.989  6095  6143 D HeterodyneSyncer: updateFlag: com.google.android.finsky.stable, 83561110, 3, , DataLoader__install_failures_per_app_threshold
10-23 14:56:20.989  6095  6143 D HeterodyneSyncer: updateFlag: com.google.android.finsky.stable, 83561110, 3, , DataLoader__install_failures_threshold
10-23 14:56:20.989  6095  6143 D HeterodyneSyncer: updateFlag: com.google.android.finsky.stable, 83561110, 3, , DataLoader__install_loop_threshold_seconds
10-23 14:56:20.989  6095  6143 D HeterodyneSyncer: updateFlag: com.google.android.finsky.stable, 83561110, 3, , DataLoader__install_time_digest_detection_interval
10-23 14:56:20.989  6095  6143 D HeterodyneSyncer: updateFlag: com.google.android.finsky.stable, 83561110, 3, , DataLoader__install_time_digest_rate_threshold
10-23 14:56:20.989  6095  6143 D HeterodyneSyncer: updateFlag: com.google.android.finsky.stable, 83561110, 3, , DataLoader__killswitch_incremental_dataloader
10-23 14:56:20.989  6095  6143 D HeterodyneSyncer: updateFlag: com.google.android.finsky.stable, 83561110, 3, , DataLoader__known_external_digesters
10-23 14:56:20.989  6095  6143 D HeterodyneSyncer: updateFlag: com.google.android.finsky.stable, 83561110, 3, , DataLoader__known_non_digesting_apps_hashes
10-23 14:56:20.989  6095  6143 D HeterodyneSyncer: updateFlag: com.google.android.finsky.stable, 83561110, 3, , DataLoader__log_digester_category_with_read_logs
10-23 14:56:20.989  6095  6143 D HeterodyneSyncer: updateFlag: com.google.android.finsky.stable, 83561110, 3, , DataLoader__low_bandwidth_check_ttl
10-23 14:56:20.989  6095  6143 D HeterodyneSyncer: updateFlag: com.google.android.finsky.stable, 83561110, 3, , DataLoader__low_bandwidth_threshold_for_streaming
10-23 14:56:20.989  6095  6143 D HeterodyneSyncer: updateFlag: com.google.android.finsky.stable, 83561110, 3, , DataLoader__migrate_off_incfs
10-23 14:56:20.989  6095  6143 D HeterodyneSyncer: updateFlag: com.google.android.finsky.stable, 83561110, 3, , DataLoader__migrate_off_incfs_app_blocklist
10-23 14:56:20.989  6095  6143 D HeterodyneSyncer: updateFlag: com.google.android.finsky.stable, 83561110, 3, , DataLoader__nugget_saving_rate_threshold
10-23 14:56:20.989  6095  6143 D HeterodyneSyncer: updateFlag: com.google.android.finsky.stable, 83561110, 3, , DataLoader__on_demand_bulk_write_page_count
10-23 14:56:20.989  6095  6143 D HeterodyneSyncer: updateFlag: com.google.android.finsky.stable, 83561110, 3, , DataLoader__override_install_details_app_allowlist
10-23 14:56:20.989  6095  6143 D HeterodyneSyncer: updateFlag: com.google.android.finsky.stable, 83561110, 3, , DataLoader__package_monitor_event_max_logging_interval
10-23 14:56:20.989  6095  6143 D HeterodyneSyncer: updateFlag: com.google.android.finsky.stable, 83561110, 3, , DataLoader__performance_metrics_rest_stream_progress_chunk_size
10-23 14:56:20.989  6095  6143 D HeterodyneSyncer: updateFlag: com.google.android.finsky.stable, 83561110, 3, , DataLoader__readlogs_cache_expiration_ms
10-23 14:56:20.989  6095  6143 D HeterodyneSyncer: updateFlag: com.google.android.finsky.stable, 83561110, 3, , DataLoader__readlogs_logging_batch_size
10-23 14:56:20.990  6095  6143 D HeterodyneSyncer: updateFlag: com.google.android.finsky.stable, 83561110, 3, , DataLoader__rest_stream_chunk_size_bytes
10-23 14:56:20.990  6095  6143 D HeterodyneSyncer: updateFlag: com.google.android.finsky.stable, 83561110, 3, , DataLoader__rest_stream_download_immediate_fail_http_codes
10-23 14:56:20.990  6095  6143 D HeterodyneSyncer: updateFlag: com.google.android.finsky.stable, 83561110, 3, , DataLoader__rest_stream_download_initial_retry_delay
10-23 14:56:20.990  6095  6143 D HeterodyneSyncer: updateFlag: com.google.android.finsky.stable, 83561110, 3, , DataLoader__rest_stream_download_max_delay_time
10-23 14:56:20.990  6095  6143 D HeterodyneSyncer: updateFlag: com.google.android.finsky.stable, 83561110, 3, , DataLoader__rest_stream_download_max_total_retry_time
10-23 14:56:20.990  6095  6143 D HeterodyneSyncer: updateFlag: com.google.android.finsky.stable, 83561110, 3, , DataLoader__rest_stream_progress_reporting_chunk_interval
10-23 14:56:20.990  6095  6143 D HeterodyneSyncer: updateFlag: com.google.android.finsky.stable, 83561110, 3, , DataLoader__set_incremental_readlogs_not_privacy_sensitive
10-23 14:56:20.990  6095  6143 D HeterodyneSyncer: updateFlag: com.google.android.finsky.stable, 83561110, 3, , DataLoader__set_streaming_test_session_logging_indicator
10-23 14:56:20.990  6095  6143 D HeterodyneSyncer: updateFlag: com.google.android.finsky.stable, 83561110, 3, , DataLoader__show_toast_in_release_build
10-23 14:56:20.990  6095  6143 D HeterodyneSyncer: updateFlag: com.google.android.finsky.stable, 83561110, 3, , DataLoader__streaming_coordinator_app_task_generation_strategy
10-23 14:56:20.990  6095  6143 D HeterodyneSyncer: updateFlag: com.google.android.finsky.stable, 83561110, 3, , DataLoader__streaming_coordinator_game_task_generation_strategy
10-23 14:56:20.990  6095  6143 D HeterodyneSyncer: updateFlag: com.google.android.finsky.stable, 83561110, 3, , DataLoader__streaming_coordinator_scheduling_strategy
10-23 14:56:20.990  6095  6143 D HeterodyneSyncer: updateFlag: com.google.android.finsky.stable, 83561110, 3, , DataLoader__streaming_environment
10-23 14:56:20.990  6095  6143 D HeterodyneSyncer: updateFlag: com.google.android.finsky.stable, 83561110, 3, , DataLoader__temp_data_loader_files_expiration_ms
10-23 14:56:20.990  6095  6143 D HeterodyneSyncer: updateFlag: com.google.android.finsky.stable, 83561110, 3, , DataLoader__turn_off_digest_based_disablement_for_games_on_v2
10-23 14:56:20.990  6095  6143 D HeterodyneSyncer: updateFlag: com.google.android.finsky.stable, 83561110, 3, , DealsStore__enable_deals_store
10-23 14:56:20.990  6095  6143 D HeterodyneSyncer: updateFlag: com.google.android.finsky.stable, 83561110, 3, , DealsStore__enable_marking_as_soft_stale_on_device_that_triggered_notification
10-23 14:56:20.990  6095  6143 D HeterodyneSyncer: updateFlag: com.google.android.finsky.stable, 83561110, 3, , DealsStore__time_between_full_sync
10-23 14:56:20.990  6095  6143 D HeterodyneSyncer: updateFlag: com.google.android.finsky.stable, 83561110, 3, , DecideBadgeCenterAligned__enable_decide_badge_center_alignment
10-23 14:56:20.990  6095  6143 D HeterodyneSyncer: updateFlag: com.google.android.finsky.stable, 83561110, 3, , DecideBarUiComponent__override_no_scroll_badge_count
10-23 14:56:20.990  6095  6143 D HeterodyneSyncer: updateFlag: com.google.android.finsky.stable, 83561110, 3, , DecideBarUiComponent__use_peeking_row
10-23 14:56:20.990  6095  6143 D HeterodyneSyncer: updateFlag: com.google.android.finsky.stable, 83561110, 3, , DetailsFragmentContentPadding__is_enabled
10-23 14:56:20.990  6095  6143 D HeterodyneSyncer: updateFlag: com.google.android.finsky.stable, 83561110, 3, , DetailsPagePrimaryNav__enable_bottomnav_on_details_page
10-23 14:56:20.990  6095  6143 D HeterodyneSyncer: updateFlag: com.google.android.finsky.stable, 83561110, 3, , DetailsPagePrimaryNav__only_show_bottomnav_on_details_page_from_deeplink
10-23 14:56:20.990  6095  6143 D HeterodyneSyncer: updateFlag: com.google.android.finsky.stable, 83561110, 3, , DetailsPagePromotion__enable_dp_promotion
10-23 14:56:20.990  6095  6143 D HeterodyneSyncer: updateFlag: com.google.android.finsky.stable, 83561110, 3, , DetailsPageRedirection__enable_games_home_navigation_upon_install_button_click
10-23 14:56:20.990  6095  6143 D HeterodyneSyncer: updateFlag: com.google.android.finsky.stable, 83561110, 3, , DetailsPageRedirection__enable_home_navigation_upon_install_button_click
10-23 14:56:20.990  6095  6143 D HeterodyneSyncer: updateFlag: com.google.android.finsky.stable, 83561110, 3, , DetailsPageRedirection__enable_sticky_home_navigation_upon_install_button_click
10-23 14:56:20.990  6095  6143 D HeterodyneSyncer: updateFlag: com.google.android.finsky.stable, 83561110, 3, , DetailsPageRefactoring__enable_details_page_ui_composer_v2
10-23 14:56:20.990  6095  6143 D HeterodyneSyncer: updateFlag: com.google.android.finsky.stable, 83561110, 3, , DetailsToDeliveryToken__is_enabled
10-23 14:56:20.990  6095  6143 D HeterodyneSyncer: updateFlag: com.google.android.finsky.stable, 83561110, 3, , DeviceRebootCacheClear__disable_sim_cache_key_clear
10-23 14:56:20.990  6095  6143 D HeterodyneSyncer: updateFlag: com.google.android.finsky.stable, 83561110, 3, , DeviceRebootCacheClear__enable_cache_clear_on_sim_change
10-23 14:56:20.990  6095  6143 D HeterodyneSyncer: updateFlag: com.google.android.finsky.stable, 83561110, 3, , DialogUiComponent__use_compose_dialogs_in_serp
10-23 14:56:20.990  6095  6143 D HeterodyneSyncer: updateFlag: com.google.android.finsky.stable, 83561110, 3, , DocKeyedCache__check_item_for_fields
10-23 14:56:20.994  6095  6143 D HeterodyneSyncer: updateFlag: com.google.android.finsky.stable, 83561110, 3, , DocKeyedCache__clear_item_cache_on_reasons
10-23 14:56:20.995  6095  6143 D HeterodyneSyncer: updateFlag: com.google.android.finsky.stable, 83561110, 3, , DocKeyedCache__do_blocking_io_on_future
10-23 14:56:20.996  6095  6143 D HeterodyneSyncer: updateFlag: com.google.android.finsky.stable, 83561110, 3, , DocKeyedCache__enable_disk_write_on_bg
10-23 14:56:20.996  6095  6143 D HeterodyneSyncer: updateFlag: com.google.android.finsky.stable, 83561110, 3, , DocKeyedCache__enable_get_items_without_consistency_token
10-23 14:56:20.996  6095  6143 D HeterodyneSyncer: updateFlag: com.google.android.finsky.stable, 83561110, 3, , DocKeyedCache__enable_item_cache_clearing
10-23 14:56:20.996  6095  6143 D HeterodyneSyncer: updateFlag: com.google.android.finsky.stable, 83561110, 3, , DocKeyedCache__enable_minimal_locking
10-23 14:56:20.996  6095  6143 D HeterodyneSyncer: updateFlag: com.google.android.finsky.stable, 83561110, 3, , DocKeyedCache__item_cache_size_in_mb
10-23 14:56:20.996  6095  6143 D HeterodyneSyncer: updateFlag: com.google.android.finsky.stable, 83561110, 3, , DocKeyedCache__prewarm_item_cache_in_task
10-23 14:56:20.996  6095  6143 D HeterodyneSyncer: updateFlag: com.google.android.finsky.stable, 83561110, 3, , DocKeyedCache__return_non_propagating_future
10-23 14:56:20.996  6095  6143 D HeterodyneSyncer: updateFlag: com.google.android.finsky.stable, 83561110, 3, , DocKeyedCache__return_null_for_partial_response
10-23 14:56:20.996  6095  6143 D HeterodyneSyncer: updateFlag: com.google.android.finsky.stable, 83561110, 3, , DocKeyedCache__stop_clearing_item_store_on_self_update
10-23 14:56:20.996  6095  6143 D HeterodyneSyncer: updateFlag: com.google.android.finsky.stable, 83561110, 3, , DocKeyedCache__support_multiple_vx
10-23 14:56:20.996  6095  6143 D HeterodyneSyncer: updateFlag: com.google.android.finsky.stable, 83561110, 3, , DocKeyedCache__try_to_read_memory_when_rpc_fails
10-23 14:56:20.997  6095  6143 D HeterodyneSyncer: updateFlag: com.google.android.finsky.stable, 83561110, 3, , DocKeyedCache__use_bytes_for_item_field_mask
10-23 14:56:20.997  6095  6143 D HeterodyneSyncer: updateFlag: com.google.android.finsky.stable, 83561110, 3, , DocKeyedCache__use_store_cacheability_killswitch
10-23 14:56:20.998  6095  6143 D HeterodyneSyncer: updateFlag: com.google.android.finsky.stable, 83561110, 3, , DownloadBubble__enable_download_bubble
10-23 14:56:20.998  6095  6143 D HeterodyneSyncer: updateFlag: com.google.android.finsky.stable, 83561110, 3, , DownloadService__asset_module_service_group_by_session
10-23 14:56:20.998  6095  6143 D HeterodyneSyncer: updateFlag: com.google.android.finsky.stable, 83561110, 3, , DownloadService__cronet_enable_http2
10-23 14:56:20.998  6095  6143 D HeterodyneSyncer: updateFlag: com.google.android.finsky.stable, 83561110, 3, , DownloadService__cronet_enable_nel
10-23 14:56:20.998  6095  6143 D HeterodyneSyncer: updateFlag: com.google.android.finsky.stable, 83561110, 3, , DownloadService__cronet_enable_quic
10-23 14:56:20.998  6095  6143 D HeterodyneSyncer: updateFlag: com.google.android.finsky.stable, 83561110, 3, , DownloadService__cronet_enable_quic_store_server_configs_in_properties
10-23 14:56:20.998  6095  6143 D HeterodyneSyncer: updateFlag: com.google.android.finsky.stable, 83561110, 3, , DownloadService__cronet_enable_stale_dns
10-23 14:56:20.998  6095  6143 D HeterodyneSyncer: updateFlag: com.google.android.finsky.stable, 83561110, 3, , DownloadService__enable_download_exchanger_improved_timeout_behavior
10-23 14:56:20.998  6095  6143 D HeterodyneSyncer: updateFlag: com.google.android.finsky.stable, 83561110, 3, , DownloadService__enable_download_thread_limit
10-23 14:56:20.998  6095  6143 D HeterodyneSyncer: updateFlag: com.google.android.finsky.stable, 83561110, 3, , DownloadService__enable_group_cancellation
10-23 14:56:20.998  6095  6143 D HeterodyneSyncer: updateFlag: com.google.android.finsky.stable, 83561110, 3, , DownloadService__enable_group_notification
10-23 14:56:20.998  6095  6143 D HeterodyneSyncer: updateFlag: com.google.android.finsky.stable, 83561110, 3, , DownloadService__enable_jobscheduler_will_be_foreground_flag
10-23 14:56:20.998  6095  6143 D HeterodyneSyncer: updateFlag: com.google.android.finsky.stable, 83561110, 3, , DownloadService__enable_parallel_downloads_per_group_in_queue
10-23 14:56:20.998  6095  6143 D HeterodyneSyncer: updateFlag: com.google.android.finsky.stable, 83561110, 3, , DownloadService__enable_phonesky_scheduler_for_post_n
10-23 14:56:20.998  6095  6143 D HeterodyneSyncer: updateFlag: com.google.android.finsky.stable, 83561110, 3, , DownloadService__enable_redirect_prefetch
10-23 14:56:20.998  6095  6143 D HeterodyneSyncer: updateFlag: com.google.android.finsky.stable, 83561110, 3, , DownloadService__enable_resolved_uri
10-23 14:56:20.998  6095  6143 D HeterodyneSyncer: updateFlag: com.google.android.finsky.stable, 83561110, 3, , DownloadService__enable_resource_manager_download_service_adapter
10-23 14:56:20.998  6095  6143 D HeterodyneSyncer: updateFlag: com.google.android.finsky.stable, 83561110, 3, , DownloadService__enable_retry_strategy
10-23 14:56:20.998  6095  6143 D HeterodyneSyncer: updateFlag: com.google.android.finsky.stable, 83561110, 3, , DownloadService__enable_retry_strategy_with_fallback
10-23 14:56:20.998  6095  6143 D HeterodyneSyncer: updateFlag: com.google.android.finsky.stable, 83561110, 3, , DownloadService__enable_soft_delete
10-23 14:56:20.998  6095  6143 D HeterodyneSyncer: updateFlag: com.google.android.finsky.stable, 83561110, 3, , DownloadService__get_download_from_download_service
10-23 14:56:20.998  6095  6143 D HeterodyneSyncer: updateFlag: com.google.android.finsky.stable, 83561110, 3, , DownloadService__notifications_dismissible_for_pre_o
10-23 14:56:20.998  6095  6143 D HeterodyneSyncer: updateFlag: com.google.android.finsky.stable, 83561110, 3, , DownloadService__pass_session_id_in_group_id
10-23 14:56:20.998  6095  6143 D HeterodyneSyncer: updateFlag: com.google.android.finsky.stable, 83561110, 3, , DownloadService__self_update_group_by_session
