10-23 14:56:16.614  5175  5668 W SubscriptionMetadataUti: 	at bgiu.a(PG:1)
10-23 14:56:16.614  5175  5668 W SubscriptionMetadataUti: 	at awsw.ai(PG:3)
10-23 14:56:16.614  5175  5668 W SubscriptionMetadataUti: 	at awsw.aj(PG:25)
10-23 14:56:16.614  5175  5668 W SubscriptionMetadataUti: 	at awsw.z(PG:2)
10-23 14:56:16.614  5175  5668 W SubscriptionMetadataUti: 	at aule.k(PG:1)
10-23 14:56:16.614  5175  5668 W SubscriptionMetadataUti: 	at aulc.call(Unknown Source:2)
10-23 14:56:16.614  5175  5668 W SubscriptionMetadataUti: 	at cnsg.a(PG:1)
10-23 14:56:16.614  5175  5668 W SubscriptionMetadataUti: 	at cnpm.a(PG:3)
10-23 14:56:16.614  5175  5668 W SubscriptionMetadataUti: 	at ctfv.a(PG:1)
10-23 14:56:16.614  5175  5668 W SubscriptionMetadataUti: 	at ctet.run(PG:4)
10-23 14:56:16.614  5175  5668 W SubscriptionMetadataUti: 	at ctfx.run(PG:1)
10-23 14:56:16.614  5175  5668 W SubscriptionMetadataUti: 	at bxfd.run(PG:1)
10-23 14:56:16.614  5175  5668 W SubscriptionMetadataUti: 	at java.util.concurrent.ThreadPoolExecutor.runWorker(ThreadPoolExecutor.java:1145)
10-23 14:56:16.614  5175  5668 W SubscriptionMetadataUti: 	at java.util.concurrent.ThreadPoolExecutor$Worker.run(ThreadPoolExecutor.java:644)
10-23 14:56:16.614  5175  5668 W SubscriptionMetadataUti: 	at bxef.run(PG:2)
10-23 14:56:16.614  5175  5668 W SubscriptionMetadataUti: 	at java.lang.Thread.run(Thread.java:1012)
10-23 14:56:16.614  5175  5668 W SubscriptionMetadataUti: 	at bxfj.run(PG:5)
10-23 14:56:16.655  1535  1535 I PhenotypeBackgroundRecv: Skipping com.google.android.gms.kids#com.google.android.apps.wellbeing which doesn't use ProcessStable flags.
10-23 14:56:16.655  5175  5668 W SubscriptionMetadataUti: Bugle: SubscriptionMetadataUtils get: unexpected subId = -2, replacing with -1
10-23 14:56:16.655  5175  5668 W SubscriptionMetadataUti: cpwb: FULL
10-23 14:56:16.655  5175  5668 W SubscriptionMetadataUti: 	at bdsy.h(PG:6)
10-23 14:56:16.655  5175  5668 W SubscriptionMetadataUti: 	at awsw.ai(PG:18)
10-23 14:56:16.655  5175  5668 W SubscriptionMetadataUti: 	at awsw.aj(PG:25)
10-23 14:56:16.655  5175  5668 W SubscriptionMetadataUti: 	at awsw.z(PG:2)
10-23 14:56:16.655  5175  5668 W SubscriptionMetadataUti: 	at aule.k(PG:1)
10-23 14:56:16.655  5175  5668 W SubscriptionMetadataUti: 	at aulc.call(Unknown Source:2)
10-23 14:56:16.655  5175  5668 W SubscriptionMetadataUti: 	at cnsg.a(PG:1)
10-23 14:56:16.655  5175  5668 W SubscriptionMetadataUti: 	at cnpm.a(PG:3)
10-23 14:56:16.655  5175  5668 W SubscriptionMetadataUti: 	at ctfv.a(PG:1)
10-23 14:56:16.655  5175  5668 W SubscriptionMetadataUti: 	at ctet.run(PG:4)
10-23 14:56:16.655  5175  5668 W SubscriptionMetadataUti: 	at ctfx.run(PG:1)
10-23 14:56:16.655  5175  5668 W SubscriptionMetadataUti: 	at bxfd.run(PG:1)
10-23 14:56:16.655  5175  5668 W SubscriptionMetadataUti: 	at java.util.concurrent.ThreadPoolExecutor.runWorker(ThreadPoolExecutor.java:1145)
10-23 14:56:16.655  5175  5668 W SubscriptionMetadataUti: 	at java.util.concurrent.ThreadPoolExecutor$Worker.run(ThreadPoolExecutor.java:644)
10-23 14:56:16.655  5175  5668 W SubscriptionMetadataUti: 	at bxef.run(PG:2)
10-23 14:56:16.655  5175  5668 W SubscriptionMetadataUti: 	at java.lang.Thread.run(Thread.java:1012)
10-23 14:56:16.655  5175  5668 W SubscriptionMetadataUti: 	at bxfj.run(PG:5)
10-23 14:56:16.655  5175  5668 I Bugle   : SubscriptionUtilsAsOfLMR1: getActiveSubscriptionInfo(): empty sub info for subscription{id:-1}
10-23 14:56:16.655  5175  5668 I Bugle   : SubscriptionUtilsAsOfLMR1: getActiveSubscriptionInfo(): empty sub info for subscription{id:-1}
10-23 14:56:16.655  5175  5668 W Bugle   : SubscriptionUtilsAsOfLMR1: getSelfRawNumber: subInfo is null for subscription{id:-1}
10-23 14:56:16.658   413   413 D audioserver: FGS Logger Transaction failed
10-23 14:56:16.658   413   413 D audioserver: -129
10-23 14:56:16.663   870   947 D EGL_emulation: app_time_stats: avg=15.55ms min=0.60ms max=75.95ms count=49
10-23 14:56:16.668  1575  1950 I SP      : Scheduling: download stopped, 0 started, 0 paused, 0 scheduled, 3 pending: transformer_concept:2023011913_en @ {m:b:u:l, bg}, dynamic_art:b1f6f47a53f7820be91b9fe247728980 @ {m:b:u:l, bg}, dynamic_art:305f81355a729e382ea9f374dd286d9f @ {m:b:u:l, bg}
10-23 14:56:16.671  3911  4251 D EGL_emulation: app_time_stats: avg=15.03ms min=0.88ms max=214.87ms count=46
10-23 14:56:16.686  1468  5942 I Icing   : Indexing com.google.android.gms-apps from com.google.android.gms
10-23 14:56:16.687  1468  5942 I Icing   : Indexing done com.google.android.gms-apps
10-23 14:56:16.688  1348  5935 I NamespaceManager: Package com.android.refreshratecontrol name not found! Using module version.
10-23 14:56:16.689  1348  5935 I NamespaceManager: Package com.google.oslo name not found! Using module version.
10-23 14:56:16.689  1348  5935 I NamespaceManager: Package com.android.media name not found! Using module version.
10-23 14:56:16.689  1348  5935 I NamespaceManager: Package com.android.media.swcodec name not found! Using module version.
10-23 14:56:16.690  1348  5935 I NamespaceManager: Package com.android.appsearch name not found! Using module version.
10-23 14:56:16.690  1348  5935 I NamespaceManager: Package com.android.neuralnetworks name not found! Using module version.
10-23 14:56:16.691  1348  5935 I NamespaceManager: Package com.android.media name not found! Using module version.
10-23 14:56:16.691  1348  5935 I NamespaceManager: Package 1 name not found! Using module version.
10-23 14:56:16.691  1348  3332 W BpBinder: Large outgoing transaction of 344368 bytes, interface descriptor , code 4
10-23 14:56:16.696  5175  5270 I Bugle   : BroadcastReceiverAsyncWorkTracker: Acknowledging broadcast of com.google.android.apps.messaging.shared.experiments.receiver.BuglePhenotypeBroadcastReceiver@f8b058c
10-23 14:56:16.697  5175  5668 W BugleAction: No default number, returning empty msisdn
10-23 14:56:16.699  5175  5274 I BugleTransport: updateActiveTransport: refreshing chat transport
10-23 14:56:16.699  5175  5274 I BugleTransport: RCS Configuration is empty. Enabled transport is Dual Reg [CONTEXT ratelimit_period="5 SECONDS" skipped=2 ]
10-23 14:56:16.700  5175  5274 I BugleTransport: refreshChatTransport: isChatAvailable: false, enabledTransport: 1, configuration: <empty>
10-23 14:56:16.704  2964  3157 W A       : Can't format flag AndroidGsaVelourJars__velour_birthdaydoodle_jar__name to integer.
10-23 14:56:16.704  2964  3157 W A       : Can't format flag AndroidGsaVelourJars__velour_call_jar__name to integer.
10-23 14:56:16.704  2964  3157 W A       : Can't format flag AndroidGsaVelourJars__velour_canvas_jar__name to integer.
10-23 14:56:16.704  2964  3157 W A       : Can't format flag AndroidGsaVelourJars__velour_chkpkg_jar__name to integer.
10-23 14:56:16.704  2964  3157 W A       : Can't format flag AndroidGsaVelourJars__velour_crashtest_jar__name to integer.
10-23 14:56:16.704  2964  3157 W A       : Can't format flag AndroidGsaVelourJars__velour_dining_jar__name to integer.
10-23 14:56:16.704  2964  3157 W A       : Can't format flag AndroidGsaVelourJars__velour_doodle_notifications_jar__name to integer.
10-23 14:56:16.704  2964  3157 W A       : Can't format flag AndroidGsaVelourJars__velour_imageviewer_jar__name to integer.
10-23 14:56:16.704  2964  3157 W A       : Can't format flag AndroidGsaVelourJars__velour_ipa_jar__name to integer.
10-23 14:56:16.704  2964  3157 W A       : Can't format flag AndroidGsaVelourJars__velour_jslocation_jar__name to integer.
10-23 14:56:16.704  2964  3157 W A       : Can't format flag AndroidGsaVelourJars__velour_localintent_jar__name to integer.
10-23 14:56:16.704  2964  3157 W A       : Can't format flag AndroidGsaVelourJars__velour_messaging_jar__name to integer.
10-23 14:56:16.704  2964  3157 W A       : Can't format flag AndroidGsaVelourJars__velour_nativesrp_activity_jar__name to integer.
10-23 14:56:16.704  2964  3157 W A       : Can't format flag AndroidGsaVelourJars__velour_nativesrp_presenter_jar__name to integer.
10-23 14:56:16.704  2964  3157 W A       : Can't format flag AndroidGsaVelourJars__velour_nowcontent_jar__name to integer.
10-23 14:56:16.704  2964  3157 W A       : Can't format flag AndroidGsaVelourJars__velour_recents_activity_jar__name to integer.
10-23 14:56:16.704  2964  3157 W A       : Can't format flag AndroidGsaVelourJars__velour_save_jar__name to integer.
10-23 14:56:16.704  2964  3157 W A       : Can't format flag AndroidGsaVelourJars__velour_searchresults_activity_jar__name to integer.
10-23 14:56:16.704  2964  3157 W A       : Can't format flag AndroidGsaVelourJars__velour_test_jar__name to integer.
10-23 14:56:16.704  2964  3157 W A       : Can't format flag AndroidGsaVelourJars__velour_weather_jar__name to integer.
10-23 14:56:16.704  2964  3157 W A       : Can't format flag AndroidGsaVelourJars__velour_wernicke_player_homebase_jar__name to integer.
10-23 14:56:16.704  2964  3157 W A       : Can't format flag AndroidGsaVelourJars__velour_wernicke_player_jar__name to integer.
10-23 14:56:16.704  2964  3157 W A       : Can't format flag bindle_flags__bloblobber_blob to integer.
10-23 14:56:16.705  2964  3157 W A       : Can't format flag bindle_flags__velour_jar to integer.
10-23 14:56:16.709   413   476 D AudioFlinger: mixer(0x71c593623930) throttle end: throttle time(10)
10-23 14:56:16.709  5175  5668 I RcsClientLib: Connecting RcsEngineLifecycleService
10-23 14:56:16.710  5175  5668 W RcsClientLib: No CS.apk RCS service found. Is RCS running in Bugle?
10-23 14:56:16.713  5175  5668 I RcsClientLib: shouldUseCarrierServicesJibeService: false, CarrierServices rcs service found: false
10-23 14:56:16.737  5669  5669 I BugleRcsEngine: [2] JibeService.onBind: JibeService: onBind in state STARTED, intent action = com.google.android.ims.rcs.engine.IRcsEngineTemporaryController
10-23 14:56:16.753  5175  5668 I RcsClientLib: com.google.android.rcs.client.lifecycle.RcsEngineLifecycleService connected
10-23 14:56:16.759  2964  3177 I A       : Refusing EXCLUSIVE task 24, it is already pending. Try again in 311 seconds.
10-23 14:56:16.762  2964  3175 I FedAssExpListener: Fed-ass not supported for signed out users.
10-23 14:56:16.762  2964  3175 I FedAssExpListener: Successfully processed experiments changed.
10-23 14:56:16.766  2964  3174 I A       : NGA disabled due to not being eligible.
10-23 14:56:16.779  2964  2964 I BgTaskExecutorImpl: Starting EXCLUSIVE background task ON_EXPERIMENTS_UPDATED.
10-23 14:56:16.786  2964  3177 I OpaEligibilityChecker: send OpaEligibilityChange broadcast to CommonBroadcastReceiver
10-23 14:56:16.788  5669  5783 I BugleRcsEngine: [69] RcsEngineImpl.triggerStopRcsStack: RcsEngineImpl[DUAL_REG]:[51693a5f-370e]: triggerStopRcsStack for msisdn:redacted-pii:phone_number[chars:0,last2:]
10-23 14:56:16.788  5669  6061 I BugleRcsEngine: [84] brqh.handleMessage: RcsEngineImpl[DUAL_REG]:[51693a5f-370e]>Handler: handleMessage processing message:[STOP_RCS_STACK] with [non-null]:RcsEngineImpl reference
10-23 14:56:16.788  5669  6061 I BugleRcsEngine: [84] brqh.handleMessage: RcsEngineImpl[DUAL_REG]:[51693a5f-370e]>Handler: RCS engine STOP RCS stack
10-23 14:56:16.789  5669  6061 W BugleRcsEngine: [84] RcsEngineImpl.e: RcsEngineImpl[DUAL_REG]:[51693a5f-370e]: imsModule is null, shutdown not required
10-23 14:56:16.789  5669  6061 I BugleRcsEngine: [84] RcsEngineImpl.stopRcsStackInternal: RcsEngineImpl[DUAL_REG]:[51693a5f-370e]: skipping imsModule.stop
10-23 14:56:16.789  5669  6061 I BugleRcsEngine: [84] brqh.handleMessage: RcsEngineImpl[DUAL_REG]:[51693a5f-370e]>Handler: handleMessage processing message:[NOTIFY_UPTIME_IGNORE_STATE_CHANGED] with [non-null]:RcsEngineImpl reference
10-23 14:56:16.795   413   476 D audioserver: FGS Logger Transaction failed
10-23 14:56:16.795   413   476 D audioserver: -129
10-23 14:56:16.795  1575  1950 I SP      : Pausing download dynamic_art:b1f6f47a53f7820be91b9fe247728980, reason: PREEMPTED
10-23 14:56:16.795  1575  1950 I SP      : Pausing download dynamic_art:305f81355a729e382ea9f374dd286d9f, reason: PREEMPTED
10-23 14:56:16.796  1575  1950 I SP      : Pausing download transformer_concept:2023011913_en, reason: PREEMPTED
10-23 14:56:16.796  1575  1950 I SP      : Scheduling job with delay of 0s for {m:b:u:l, fg}, 1 candidates
10-23 14:56:16.808  5175  5300 I RcsClientLib: Disconnecting RcsEngineLifecycleService
10-23 14:56:16.810  1468  5942 I Icing   : Indexing com.google.android.gms-apps from com.google.android.gms
10-23 14:56:16.811  1468  5942 I Icing   : Indexing done com.google.android.gms-apps
10-23 14:56:16.823  2964  3265 I SNBWorker: Updating bootstrap data
10-23 14:56:16.828  2964  3265 I MonetActivityIntentUtil: Initialization data file not found
10-23 14:56:16.829  2964  3265 W A       : Root proto not found when parsing Uri agsa:/data?type=searchnow.TYPE_SEARCHNOW
10-23 14:56:16.830  2964  3265 W A       : Root proto not found in extras.
10-23 14:56:16.845  1468  2512 I Icing   : IndexChimeraService.getServiceInterface callingPackage=com.google.android.googlequicksearchbox componentName=agsa_icing_connection serviceId=33
10-23 14:56:16.845  2964  3177 W CorpusConfigHelper: Invalid input from icing corpus JSON flag.
10-23 14:56:16.845  2964  3177 W CorpusConfigHelper: android.util.MalformedJsonException: Use JsonReader.setLenient(true) to accept malformed JSON at line 123 column 2
10-23 14:56:16.845  2964  3177 W CorpusConfigHelper: 	at android.util.JsonReader.syntaxError(JsonReader.java:1162)
10-23 14:56:16.845  2964  3177 W CorpusConfigHelper: 	at android.util.JsonReader.checkLenient(JsonReader.java:840)
10-23 14:56:16.845  2964  3177 W CorpusConfigHelper: 	at android.util.JsonReader.nextInArray(JsonReader.java:615)
10-23 14:56:16.845  2964  3177 W CorpusConfigHelper: 	at android.util.JsonReader.peek(JsonReader.java:345)
10-23 14:56:16.845  2964  3177 W CorpusConfigHelper: 	at android.util.JsonReader.hasNext(JsonReader.java:321)
10-23 14:56:16.845  2964  3177 W CorpusConfigHelper: 	at com.google.android.apps.gsa.searchbox.c.b.b.k.c(PG:7)
10-23 14:56:16.845  2964  3177 W CorpusConfigHelper: 	at com.google.android.apps.gsa.searchbox.c.b.b.j.a(Unknown Source:2)
10-23 14:56:16.845  2964  3177 W CorpusConfigHelper: 	at com.google.android.apps.gsa.search.core.i.r.run(PG:5)
10-23 14:56:16.845  2964  3177 W CorpusConfigHelper: 	at com.google.android.libraries.gsa.k.a.h.run(PG:2)
10-23 14:56:16.845  2964  3177 W CorpusConfigHelper: 	at com.google.android.apps.gsa.shared.util.c.a.cf.b(PG:1)
10-23 14:56:16.845  2964  3177 W CorpusConfigHelper: 	at com.google.android.apps.gsa.shared.util.c.a.ci.run(PG:1)
10-23 14:56:16.845  2964  3177 W CorpusConfigHelper: 	at com.google.android.libraries.i.ae.run(PG:1)
10-23 14:56:16.845  2964  3177 W CorpusConfigHelper: 	at java.util.concurrent.ThreadPoolExecutor.runWorker(ThreadPoolExecutor.java:1145)
10-23 14:56:16.845  2964  3177 W CorpusConfigHelper: 	at java.util.concurrent.ThreadPoolExecutor$Worker.run(ThreadPoolExecutor.java:644)
10-23 14:56:16.845  2964  3177 W CorpusConfigHelper: 	at com.google.android.libraries.i.k.run(PG:2)
10-23 14:56:16.845  2964  3177 W CorpusConfigHelper: 	at com.google.android.libraries.i.p.run(PG:4)
10-23 14:56:16.845  2964  3177 W CorpusConfigHelper: 	at java.lang.Thread.run(Thread.java:1012)
10-23 14:56:16.848  1575  1575 I SuperpacksForegroundTaskService: SuperpacksForegroundTaskService.onStartCommand():41 SuperpacksForegroundTaskService.onStartCommand(): 1
10-23 14:56:16.859  1348  3945 I NetworkScheduler.Stats: Task com.google.android.gms/com.google.android.gms.phenotype.service.sync.PhenotypeConfigurator started execution. cause:5 exec_start_elapsed_seconds: 117 [CONTEXT service_id=218 ]
10-23 14:56:16.871  5669  6061 I BugleRcsEngine: [84] brnl.h: RCS Configuration storage in Bugle is disabled by p/h flag, using ProvisioningEngineStateCacheUtil.getProvisioningConfigurationForGivenSimIfExist()
10-23 14:56:16.879  1468  2512 I Icing   : IndexChimeraService.getServiceInterface callingPackage=com.google.android.googlequicksearchbox componentName=agsa_icing_connection serviceId=32
10-23 14:56:16.885  1575  1575 I SP      : ====> Starting job {m:b:u:l, fg}
10-23 14:56:16.899  1348  5935 I NamespaceManager: Package com.android.refreshratecontrol name not found! Using module version.
10-23 14:56:16.900  1348  5935 I NamespaceManager: Package com.google.oslo name not found! Using module version.
10-23 14:56:16.900  1348  5935 I NamespaceManager: Package com.android.media name not found! Using module version.
10-23 14:56:16.900  1348  5935 I NamespaceManager: Package com.android.media.swcodec name not found! Using module version.
10-23 14:56:16.901  1348  5935 I NamespaceManager: Package com.android.appsearch name not found! Using module version.
10-23 14:56:16.902  2964  2964 I BgTaskExecutorImpl: Starting EXCLUSIVE background task UPDATE_LAUNCHER_SHORTCUT.
10-23 14:56:16.903  1348  5935 I NamespaceManager: Package com.android.neuralnetworks name not found! Using module version.
10-23 14:56:16.903  1348  5935 I NamespaceManager: Package com.android.media name not found! Using module version.
10-23 14:56:16.903  1348  5935 I NamespaceManager: Package 1 name not found! Using module version.
10-23 14:56:16.913  2964  3265 I SNBWorker: Updating TNG bootstrap data
10-23 14:56:16.928  1468  5942 W Icing   : No valid account for uploading user actions
10-23 14:56:16.937  2964  3265 W SearchServiceCore: Abort, client detached.
10-23 14:56:16.937  2964  3265 W SearchServiceCore: Abort, client detached.
10-23 14:56:16.937  2964  3265 W SearchServiceCore: Abort, client detached.
10-23 14:56:16.956  1575  1950 I SP      : Scheduling: download registered, 0 started, 3 paused, 1 scheduled, 4 pending: transformer_concept:2023011913_en @ {m:b:u:l, bg}, dynamic_art:b1f6f47a53f7820be91b9fe247728980 @ {m:b:u:l, bg}, dynamic_art:305f81355a729e382ea9f374dd286d9f @ {m:b:u:l, bg}, delight:main_en_840_2022102600_1 * {m:b:u:l, fg}
10-23 14:56:16.964  2964  3265 W SearchServiceCore: Abort, client detached.
10-23 14:56:16.966  2964  3265 W SearchServiceCore: Abort, client detached.
10-23 14:56:16.978  1468  5942 I Icing   : Usage reports ok 1, Failed Usage reports 0, indexed 0, rejected 0
10-23 14:56:16.979  1468  5942 I Icing   : Indexing com.google.android.gms-apps from com.google.android.gms
10-23 14:56:16.979  1468  5942 I Icing   : Indexing done com.google.android.gms-apps
10-23 14:56:17.000  1468  5942 W Icing   : No valid account for uploading user actions
10-23 14:56:17.008  1468  5942 I Icing   : Usage reports ok 0, Failed Usage reports 0, indexed 0, rejected 0
10-23 14:56:17.009  1468  5942 I Icing   : Indexing com.google.android.gms-apps from com.google.android.gms
10-23 14:56:17.012  1468  5942 I Icing   : Indexing done com.google.android.gms-apps
10-23 14:56:17.014  1468  5942 I Icing   : Indexing com.google.android.gms-apps from com.google.android.gms
10-23 14:56:17.015  1468  5942 I Icing   : Indexing done com.google.android.gms-apps
10-23 14:56:17.021  1468  5942 I Icing   : Indexing com.google.android.gms-apps from com.google.android.gms
10-23 14:56:17.022  1468  5942 I Icing   : Indexing done com.google.android.gms-apps
10-23 14:56:17.047  1468  5942 I Icing   : Indexing com.google.android.gms-apps from com.google.android.gms
10-23 14:56:17.047  1468  5942 I Icing   : Indexing done com.google.android.gms-apps
10-23 14:56:17.077  1468  5942 I Icing   : Indexing com.google.android.gms-apps from com.google.android.gms
10-23 14:56:17.082  1575  1950 I SP      : Scheduling: job start ({m:b:u:l, fg}), 1 started, 3 paused, 0 scheduled, 4 pending: transformer_concept:2023011913_en @ {m:b:u:l, bg}, dynamic_art:b1f6f47a53f7820be91b9fe247728980 @ {m:b:u:l, bg}, dynamic_art:305f81355a729e382ea9f374dd286d9f @ {m:b:u:l, bg}, delight:main_en_840_2022102600_1 @ * {m:b:u:l, fg}
10-23 14:56:17.085  1468  5942 I Icing   : Indexing done com.google.android.gms-apps
10-23 14:56:17.121  1575  1950 I SP      : Requesting download of URL https://dl.google.com/gboard/klp/dict/en-840/en-840_d3_2022102600_7pl011ntk-hwpe7_main.dict to main_en_840_2022102600_1.fst-decompress.fetched (constraints: m:b:u:l)
10-23 14:56:17.121  1575  1950 I SP      : Download stopped: transformer_concept:2023011913_en, succeeded paused, size: 1493590
10-23 14:56:17.124  3911  3911 I ViewInteraction: Performing 'single click' action on view view.getId() is <2131231138/com.example.lunchtray:id/salad>
10-23 14:56:17.158  1575  6089 D TrafficStats: tagSocket(139) with statsTag=0xffffffff, statsUid=-1
10-23 14:56:17.162  1575  1950 I SP      : Scheduling: download stopped, 0 started, 0 paused, 0 scheduled, 3 pending: dynamic_art:b1f6f47a53f7820be91b9fe247728980 @ {m:b:u:l, bg}, dynamic_art:305f81355a729e382ea9f374dd286d9f @ {m:b:u:l, bg}, delight:main_en_840_2022102600_1 @ {m:b:u:l, fg}
10-23 14:56:17.163  1575  1950 I SP      : Download stopped: dynamic_art:b1f6f47a53f7820be91b9fe247728980, succeeded paused, size: 557904
10-23 14:56:17.165  1575  6089 W putmethod.latin: Accessing hidden method Lcom/android/org/conscrypt/ConscryptEngineSocket;->setUseSessionTickets(Z)V (max-target-q,core-platform-api, reflection, denied)
10-23 14:56:17.165  1575  6089 W putmethod.latin: Accessing hidden method Lcom/android/org/conscrypt/OpenSSLSocketImpl;->setUseSessionTickets(Z)V (max-target-q,core-platform-api, reflection, denied)
10-23 14:56:17.165  1575  6089 W putmethod.latin: Accessing hidden method Lcom/android/org/conscrypt/AbstractConscryptSocket;->setUseSessionTickets(Z)V (max-target-q, reflection, denied)
10-23 14:56:17.165  1575  6089 W putmethod.latin: Accessing hidden method Lcom/android/org/conscrypt/ConscryptEngineSocket;->setHostname(Ljava/lang/String;)V (max-target-q,core-platform-api, reflection, denied)
10-23 14:56:17.165  1575  6089 W putmethod.latin: Accessing hidden method Lcom/android/org/conscrypt/OpenSSLSocketImpl;->setHostname(Ljava/lang/String;)V (max-target-q,core-platform-api, reflection, denied)
10-23 14:56:17.165  1575  6089 W putmethod.latin: Accessing hidden method Lcom/android/org/conscrypt/AbstractConscryptSocket;->setHostname(Ljava/lang/String;)V (max-target-q, reflection, denied)
10-23 14:56:17.165  1575  6089 W putmethod.latin: Accessing hidden method Lcom/android/org/conscrypt/OpenSSLSocketImpl;->setAlpnProtocols([B)V (max-target-q,core-platform-api, reflection, denied)
10-23 14:56:17.165  1575  6089 W putmethod.latin: Accessing hidden method Lcom/android/org/conscrypt/AbstractConscryptSocket;->setAlpnProtocols([B)V (max-target-q, reflection, denied)
10-23 14:56:17.165  1575  6089 W putmethod.latin: Reached maximum number of hidden api access warnings.
10-23 14:56:17.188   413   413 D audioserver: FGS Logger Transaction failed
10-23 14:56:17.188   413   413 D audioserver: -129
10-23 14:56:17.205  1575  1950 I SP      : Scheduling: download stopped, 0 started, 0 paused, 0 scheduled, 2 pending: dynamic_art:305f81355a729e382ea9f374dd286d9f @ {m:b:u:l, bg}, delight:main_en_840_2022102600_1 @ {m:b:u:l, fg}
10-23 14:56:17.206  1575  1950 I SP      : Download for dynamic_art:305f81355a729e382ea9f374dd286d9f was canceled
10-23 14:56:17.206  1575  1950 I SP      : <==== Finishing job {m:b:u:l, bg}, 1949 ms. elapsed since start
10-23 14:56:17.207  1575  1950 I SP      : Download stopped: dynamic_art:305f81355a729e382ea9f374dd286d9f, failed (retriable) paused, size: 0
10-23 14:56:17.210   413   476 D AudioFlinger: mixer(0x71c593623930) throttle end: throttle time(14)
10-23 14:56:17.226  1575  1950 I SP      : Scheduling: download stopped, 0 started, 0 paused, 0 scheduled, 2 pending: dynamic_art:305f81355a729e382ea9f374dd286d9f {m:b:u:l, bg}, delight:main_en_840_2022102600_1 @ {m:b:u:l, fg}
10-23 14:56:17.245  6047  6047 I dex2oat64: dex2oat took 4.039s (3.966s cpu) (threads: 4) arena alloc=0B (0B) java alloc=42MB (44678000B) native alloc=8165KB (8361024B) free=1413KB (1447536B) swap=16MB (16777216B)
10-23 14:56:17.253  2964  3265 W SearchServiceCore: Abort, client detached.
10-23 14:56:17.258  2964  2978 I earchbox:search: JIT allocated 69KB for compiled code of com.google.android.apps.gsa.s.h com.google.android.apps.gsa.s.h.a(int)
10-23 14:56:17.277  5175  5668 I PhenotypeBackgroundRecv: Successfully updated snapshot for com.google.android.libraries.mdi.sync#com.google.android.apps.messaging
10-23 14:56:17.289   524   928 D BufferPoolAccessor2.0: evictor expired: 5, evicted: 0
10-23 14:56:17.291  5175  5300 I Bugle   : BroadcastReceiverAsyncWorkTracker: Acknowledging broadcast of com.google.android.apps.messaging.shared.experiments.receiver.BuglePhenotypeBroadcastReceiver@d75298d
10-23 14:56:17.305  6040  6041 I artd    : dex2oat returned code 0
10-23 14:56:17.311   524   579 I ArtService: Dexopt result: [packageName = com.android.vending] DexContainerFileDexoptResult{dexContainerFile=/data/app/~~QvzuOajtnOGe-FjjQZSVug==/com.android.vending-KHISKwb-6q2ivb1o-UaHag==/base.apk, primaryAbi=true, abi=x86_64, actualCompilerFilter=verify, status=PERFORMED, dex2oatWallTimeMillis=4167, dex2oatCpuTimeMillis=4000, sizeBytes=38000528, sizeBeforeBytes=0}
10-23 14:56:17.345  1348  5935 I NamespaceManager: Package com.android.refreshratecontrol name not found! Using module version.
10-23 14:56:17.346  1348  5935 I NamespaceManager: Package com.google.oslo name not found! Using module version.
10-23 14:56:17.349  1348  5935 I NamespaceManager: Package com.android.media name not found! Using module version.
10-23 14:56:17.349  1348  5935 I NamespaceManager: Package com.android.media.swcodec name not found! Using module version.
10-23 14:56:17.349  1348  5935 I NamespaceManager: Package com.android.appsearch name not found! Using module version.
10-23 14:56:17.349  1348  5935 I NamespaceManager: Package com.android.neuralnetworks name not found! Using module version.
10-23 14:56:17.349  1348  5935 I NamespaceManager: Package com.android.media name not found! Using module version.
10-23 14:56:17.352  1348  5935 I NamespaceManager: Package 1 name not found! Using module version.
10-23 14:56:17.356  1535  1609 I PhenotypeBackgroundRecv: Successfully updated snapshot for com.google.android.libraries.onegoogle#com.google.android.apps.wellbeing
10-23 14:56:17.366   413   476 D audioserver: FGS Logger Transaction failed
10-23 14:56:17.366   413   476 D audioserver: -129
10-23 14:56:17.370  5175  5259 I PhenotypeBackgroundRecv: Successfully updated snapshot for com.google.android.libraries.mobileconfiguration#com.google.android.apps.messaging
10-23 14:56:17.376  1348  6044 I NamespaceManager: Package com.android.refreshratecontrol name not found! Using module version.
10-23 14:56:17.376  1348  6044 I NamespaceManager: Package com.google.oslo name not found! Using module version.
10-23 14:56:17.376  1348  6044 I NamespaceManager: Package com.android.media name not found! Using module version.
10-23 14:56:17.376  1348  6044 I NamespaceManager: Package com.android.media.swcodec name not found! Using module version.
10-23 14:56:17.376  1348  6044 I NamespaceManager: Package com.android.appsearch name not found! Using module version.
10-23 14:56:17.376  1348  6044 I NamespaceManager: Package com.android.neuralnetworks name not found! Using module version.
10-23 14:56:17.378  1348  6044 I NamespaceManager: Package com.android.media name not found! Using module version.
10-23 14:56:17.378  1348  6044 I NamespaceManager: Package 1 name not found! Using module version.
10-23 14:56:17.395  1348  6044 I NamespaceManager: Package com.android.refreshratecontrol name not found! Using module version.
10-23 14:56:17.395  1348  6044 I NamespaceManager: Package com.google.oslo name not found! Using module version.
10-23 14:56:17.395  1348  6044 I NamespaceManager: Package com.android.media name not found! Using module version.
10-23 14:56:17.395  1348  6044 I NamespaceManager: Package com.android.media.swcodec name not found! Using module version.
10-23 14:56:17.398  1348  6044 I NamespaceManager: Package com.android.appsearch name not found! Using module version.
10-23 14:56:17.398  1348  6044 I NamespaceManager: Package com.android.neuralnetworks name not found! Using module version.
10-23 14:56:17.398  1348  6044 I NamespaceManager: Package com.android.media name not found! Using module version.
10-23 14:56:17.398  1348  6044 I NamespaceManager: Package 1 name not found! Using module version.
10-23 14:56:17.406  1348  6044 I bwir    : updateFromConfigurations using legacy put method [CONTEXT service_id=204 ]
10-23 14:56:17.430  1348  6044 I NamespaceManager: Package com.android.refreshratecontrol name not found! Using module version.
10-23 14:56:17.433  3911  3911 I ViewInteraction: Performing 'single click' action on view view.getId() is <2131231081/com.example.lunchtray:id/next_button>
10-23 14:56:17.436   351   351 D Zygote  : Forked child process 6095
10-23 14:56:17.444  1348  6044 I NamespaceManager: Package com.google.oslo name not found! Using module version.
10-23 14:56:17.451  2964  2964 I BgTaskExecutorImpl: Starting EXCLUSIVE background task UPLOAD_ASSISTANT_DEVICE_SETTINGS.
10-23 14:56:17.454  1348  6044 I NamespaceManager: Package com.android.media name not found! Using module version.
10-23 14:56:17.454  1348  6044 I NamespaceManager: Package com.android.media.swcodec name not found! Using module version.
10-23 14:56:17.457  2964  3663 I NetworkRecognitionRnr: Using pair HTTP connection
10-23 14:56:17.458  5175  5255 W Bugle   : TextClassifierLibManagerImpl: Reclaiming memory at level: 40
10-23 14:56:17.459  2964  6001 W LocationOracle: getBestLocation(): no location is available
10-23 14:56:17.467  2964  3508 I A       : [Upload] Connected
10-23 14:56:17.469  1348  6044 I NamespaceManager: Package com.android.appsearch name not found! Using module version.
10-23 14:56:17.470  1348  6044 I NamespaceManager: Package com.android.neuralnetworks name not found! Using module version.
10-23 14:56:17.470  1348  6044 I NamespaceManager: Package com.android.media name not found! Using module version.
10-23 14:56:17.470  1348  6044 I NamespaceManager: Package 1 name not found! Using module version.
10-23 14:56:17.475  5175  5253 W Bugle   : TextClassifierLibManagerImpl: Reclaiming memory at level: 40
10-23 14:56:17.476  5175  5264 W Bugle   : TextClassifierLibManagerImpl: Reclaiming memory at level: 40
10-23 14:56:17.477  5175  5300 I Bugle   : BroadcastReceiverAsyncWorkTracker: Acknowledging broadcast of com.google.android.apps.messaging.shared.experiments.receiver.BuglePhenotypeBroadcastReceiver@5f90e3e
10-23 14:56:17.479  1132  1144 I s.nexuslauncher: Background concurrent copying GC freed 52641(3892KB) AllocSpace objects, 7(592KB) LOS objects, 49% free, 5495KB/10MB, paused 23us,10us total 108.598ms
10-23 14:56:17.484   524   839 I SdkSandboxManager: No SDKs used. Skipping SDK data reconcilation for CallingInfo{mUid=10121, mPackageName='com.android.vending, mAppProcessToken='null'}
10-23 14:56:17.488  1132  1146 W System  : A resource failed to call release.
10-23 14:56:17.488  1132  1146 W System  : A resource failed to call release.
10-23 14:56:17.488  1132  1146 W System  : A resource failed to call release.
10-23 14:56:17.491  1132  1146 W System  : A resource failed to call release.
10-23 14:56:17.491  1132  1146 W System  : A resource failed to call release.
10-23 14:56:17.491  1132  1146 W System  : A resource failed to call release.
10-23 14:56:17.491  1132  1146 W System  : A resource failed to call release.
10-23 14:56:17.491  1132  1146 W System  : A resource failed to call release.
10-23 14:56:17.491  1132  1146 W System  : A resource failed to call release.
10-23 14:56:17.492  2964  3508 I NetworkRecognitionRnr: Using pair HTTP connection
10-23 14:56:17.492  2964  2964 E A       : onError
10-23 14:56:17.492  2964  2964 E A       : com.google.android.apps.gsa.shared.speech.a.m: errorCode: 65561, engine: 2
10-23 14:56:17.492  2964  2964 E A       : 	at com.google.android.apps.gsa.staticplugins.dc.a.e.a(PG:3)
10-23 14:56:17.492  2964  2964 E A       : 	at com.google.android.apps.gsa.s3.n.hh(PG:1)
10-23 14:56:17.492  2964  2964 E A       : 	at com.google.cd.g.a.f.e(PG:2)
10-23 14:56:17.492  2964  2964 E A       : 	at com.google.android.apps.gsa.speech.k.a.g.d(PG:22)
10-23 14:56:17.492  2964  2964 E A       : 	at com.google.android.apps.gsa.speech.k.a.g.ks(PG:6)
10-23 14:56:17.492  2964  2964 E A       : 	at com.google.android.apps.gsa.s3.o.e(PG:14)
10-23 14:56:17.492  2964  2964 E A       : 	at com.google.android.apps.gsa.s3.p.run(PG:1)
10-23 14:56:17.492  2964  2964 E A       : 	at java.util.concurrent.Executors$RunnableAdapter.call(Executors.java:487)
10-23 14:56:17.492  2964  2964 E A       : 	at java.util.concurrent.FutureTask.run(FutureTask.java:264)
10-23 14:56:17.492  2964  2964 E A       : 	at com.google.android.apps.gsa.shared.util.c.a.e.run(PG:2)
10-23 14:56:17.492  2964  2964 E A       : 	at com.google.android.apps.gsa.shared.util.c.a.bi.run(PG:1)
10-23 14:56:17.492  2964  2964 E A       : 	at com.google.android.apps.gsa.shared.util.c.a.bi.run(PG:1)
10-23 14:56:17.492  2964  2964 E A       : 	at java.util.concurrent.ThreadPoolExecutor.runWorker(ThreadPoolExecutor.java:1145)
10-23 14:56:17.492  2964  2964 E A       : 	at java.util.concurrent.ThreadPoolExecutor$Worker.run(ThreadPoolExecutor.java:644)
10-23 14:56:17.492  2964  2964 E A       : 	at java.lang.Thread.run(Thread.java:1012)
10-23 14:56:17.492  2964  2964 E A       : 	at com.google.android.apps.gsa.shared.util.c.a.l.run(PG:5)
10-23 14:56:17.492  2964  2964 E A       : Caused by: com.google.android.apps.gsa.shared.speech.a.o: errorCode: 65586, engine: 2
10-23 14:56:17.492  2964  2964 E A       : 	... 15 more
10-23 14:56:17.492  2964  2964 E A       : Caused by: com.google.android.apps.gsa.shared.speech.a.k: errorCode: 401, engine: 2
10-23 14:56:17.492  2964  2964 E A       : 	at com.google.android.apps.gsa.assistant.shared.n.h.a(PG:5)
10-23 14:56:17.492  2964  2964 E A       : 	at com.google.android.apps.gsa.s3.producers.j.hE(PG:2)
10-23 14:56:17.492  2964  2964 E A       : 	at com.google.android.apps.gsa.speech.k.a.g.d(PG:16)
10-23 14:56:17.492  2964  2964 E A       : 	... 12 more
10-23 14:56:17.493   524   624 I InputReader: Reconfiguring input devices, changes=KEYBOARD_LAYOUTS
10-23 14:56:17.494  2964  6001 I A       : [Upload] Connected
10-23 14:56:17.503  6095  6095 I android.vending: Using CollectorTypeCC GC.
10-23 14:56:17.506  6095  6095 W android.vending: Unexpected CPU variant for x86: x86_64.
10-23 14:56:17.506  6095  6095 W android.vending: Known variants: atom, sandybridge, silvermont, goldmont, goldmont-plus, tremont, kabylake, default
10-23 14:56:17.516  2964  2964 W A       : Failed to sync device settings.
10-23 14:56:17.516  2964  2964 I A       : Retrying to sync device settings.
10-23 14:56:17.541  2964  3192 W A       : Failed to get connectivityLock in 4000 ms
10-23 14:56:17.542  2964  3256 W CronetNetworkRqstWrppr: Upload request without a content type.
10-23 14:56:17.547   413  1028 D audioserver: FGS Logger Transaction failed
10-23 14:56:17.547   413  1028 D audioserver: -129
10-23 14:56:17.564  1575  1950 I SP      : Sync for content_cache succeeded in 2404 ms: {added: [8722425f4121ffdea802b1066df73991, e9a5a2de48a4f8b9a658b411bcfb375d, fa1da98da1212aad6fb9a8efaff48148], removed: [3514c1e9a5c7d614d5646bd12032bfa6], metadata: true
10-23 14:56:17.574  1657  1697 I ogle.android.as: Background concurrent copying GC freed 91718(4276KB) AllocSpace objects, 2(104KB) LOS objects, 49% free, 6639KB/12MB, paused 26us,12us total 196.791ms
10-23 14:56:17.578  1089  1089 D CarrierSvcBindHelper: onPackageUpdateFinished: com.android.vending
10-23 14:56:17.581  1089  1089 D CarrierSvcBindHelper: No carrier app for: 0
10-23 14:56:17.581  1089  1089 D CarrierSvcBindHelper: onPackageModified: com.android.vending
10-23 14:56:17.581  1089  1089 D CarrierSvcBindHelper: No carrier app for: 0
10-23 14:56:17.615  1657  1699 E native  : E0000 00:00:1698072977.606910    1699 mmap.cc:233] Error during Unmap / munmap: Invalid argument
10-23 14:56:17.621  6095  6095 E android.vending: Not starting debugger since process cannot load the jdwp agent.
10-23 14:56:17.635   870   947 D EGL_emulation: app_time_stats: avg=135.53ms min=0.97ms max=1720.86ms count=15
10-23 14:56:17.645   524   839 I SdkSandboxManager: No SDKs used. Skipping SDK data reconcilation for CallingInfo{mUid=10121, mPackageName='com.android.vending, mAppProcessToken='null'}
10-23 14:56:17.661   524   624 I InputReader: Reconfiguring input devices, changes=KEYBOARD_LAYOUTS
10-23 14:56:17.665  1348  1360 I .gms.persistent: Background young concurrent copying GC freed 238820(9775KB) AllocSpace objects, 25(1220KB) LOS objects, 35% free, 18MB/28MB, paused 16us,20us total 124.806ms
10-23 14:56:17.677  1575  1950 I SP      : GC for 'content_cache' (10) with ttl of 0 ms took 0 ms (0/0/0)
10-23 14:56:17.679   871  5384 I PermissionControllerServiceImpl: Updating user sensitive for uid 10121
10-23 14:56:17.685  3911  4251 D EGL_emulation: app_time_stats: avg=16.07ms min=1.15ms max=217.51ms count=44
10-23 14:56:17.690   524   624 I InputReader: Reconfiguring input devices, changes=KEYBOARD_LAYOUTS
10-23 14:56:17.707  6095  6095 D CompatibilityChangeReporter: Compat change id reported: 171979766; UID 10121; state: ENABLED
10-23 14:56:17.708  6095  6095 D CompatibilityChangeReporter: Compat change id reported: 242716250; UID 10121; state: ENABLED
10-23 14:56:17.727   413   476 D audioserver: FGS Logger Transaction failed
10-23 14:56:17.727   413   476 D audioserver: -129
10-23 14:56:17.760  1348  6044 I NamespaceManager: Package com.android.refreshratecontrol name not found! Using module version.
10-23 14:56:17.763  5175  5668 I PhenotypeBackgroundRecv: Successfully updated snapshot for com.google.android.libraries.abuse.hades.moirai#com.google.android.apps.messaging
10-23 14:56:17.764   524   555 E system_server: No package ID 7f found for resource ID 0x7f0803bc.
10-23 14:56:17.764   524   555 E system_server: No package ID 7f found for resource ID 0x7f1407f5.
10-23 14:56:17.773  1348  6044 I NamespaceManager: Package com.google.oslo name not found! Using module version.
10-23 14:56:17.787  1089  1331 D ImsResolver: maybeAddedImsService, packageName: com.android.vending
10-23 14:56:17.794  1348  6044 I NamespaceManager: Package com.android.media name not found! Using module version.
10-23 14:56:17.794  1348  6044 I NamespaceManager: Package com.android.media.swcodec name not found! Using module version.
10-23 14:56:17.794  1348  6044 I NamespaceManager: Package com.android.appsearch name not found! Using module version.
10-23 14:56:17.795  1348  6044 I NamespaceManager: Package com.android.neuralnetworks name not found! Using module version.
10-23 14:56:17.797  1348  6044 I NamespaceManager: Package com.android.media name not found! Using module version.
10-23 14:56:17.798  1348  6044 I NamespaceManager: Package 1 name not found! Using module version.
10-23 14:56:17.804  1575  1950 I SP      : Sync for emoji succeeded in 2656 ms: {added: [60932fe37d5f6d7a3e60488d8a1755c4], metadata: false
10-23 14:56:17.805  5175  5270 I Bugle   : BroadcastReceiverAsyncWorkTracker: Acknowledging broadcast of com.google.android.apps.messaging.shared.experiments.receiver.BuglePhenotypeBroadcastReceiver@c7d08d8
10-23 14:56:17.805  6095  6095 D nativeloader: Configuring clns-6 for other apk /system/framework/org.apache.http.legacy.jar. target_sdk_version=34, uses_libraries=ALL, library_path=/data/app/~~QvzuOajtnOGe-FjjQZSVug==/com.android.vending-KHISKwb-6q2ivb1o-UaHag==/lib/x86_64:/data/app/~~QvzuOajtnOGe-FjjQZSVug==/com.android.vending-KHISKwb-6q2ivb1o-UaHag==/base.apk!/lib/x86_64:/data/app/~~QvzuOajtnOGe-FjjQZSVug==/com.android.vending-KHISKwb-6q2ivb1o-UaHag==/split_config.en.apk!/lib/x86_64:/data/app/~~QvzuOajtnOGe-FjjQZSVug==/com.android.vending-KHISKwb-6q2ivb1o-UaHag==/split_config.x86_64.apk!/lib/x86_64:/data/app/~~QvzuOajtnOGe-FjjQZSVug==/com.android.vending-KHISKwb-6q2ivb1o-UaHag==/split_phonesky_data_loader.apk!/lib/x86_64:/data/app/~~QvzuOajtnOGe-FjjQZSVug==/com.android.vending-KHISKwb-6q2ivb1o-UaHag==/split_phonesky_data_loader.config.x86_64.apk!/lib/x86_64, permitted_path=/data:/mnt/expand:/data/user/0/com.android.vending
10-23 14:56:17.823  1535  1610 W TimedProcessReaper: Scheduling killing of process to refresh configuration
10-23 14:56:17.827  1911  6106 W KeyChain: Creating new DB.
10-23 14:56:17.829  6095  6095 D ApplicationLoaders: Returning zygote-cached class loader: /system_ext/framework/androidx.window.extensions.jar
10-23 14:56:17.829  6095  6095 D ApplicationLoaders: Returning zygote-cached class loader: /system_ext/framework/androidx.window.sidecar.jar
10-23 14:56:17.832  1575  1638 I KeywordsRequiringContentDownload: KeywordsRequiringContentDownload.writeToDisk():103 Successfully wrote set of 823 keywords requiring update to disk
10-23 14:56:17.832  1575  1638 I ContentDownloadTask: ContentDownloadTask.schedule():579 Scheduling content download task
10-23 14:56:17.835  1575  1638 I JobSchedulerImpl: JobSchedulerImpl.schedule():73 Schedule task: ContentDownload. Cancel the pre-existing task.
10-23 14:56:17.839  1535  1609 I PhenotypeBackgroundRecv: Successfully updated snapshot for com.google.android.libraries.performance.primes#com.google.android.apps.wellbeing
10-23 14:56:17.841  5175  5259 I PhenotypeBackgroundRecv: Successfully updated snapshot for com.google.android.libraries.internal.growth.growthkit#com.google.android.apps.messaging
10-23 14:56:17.848  5175  5300 I Bugle   : BroadcastReceiverAsyncWorkTracker: Acknowledging broadcast of com.google.android.apps.messaging.shared.experiments.receiver.BuglePhenotypeBroadcastReceiver@725da84
10-23 14:56:17.858  5175  5668 W TimedProcessReaper: Scheduling killing of process to refresh configuration
10-23 14:56:17.860  6095  6095 W ziparchive: Unable to open '/data/app/~~QvzuOajtnOGe-FjjQZSVug==/com.android.vending-KHISKwb-6q2ivb1o-UaHag==/split_config.en.dm': No such file or directory
10-23 14:56:17.860  6095  6095 W ziparchive: Unable to open '/data/app/~~QvzuOajtnOGe-FjjQZSVug==/com.android.vending-KHISKwb-6q2ivb1o-UaHag==/split_config.en.dm': No such file or directory
10-23 14:56:17.861  6095  6095 W android.vending: Entry not found
10-23 14:56:17.861  6095  6095 W ziparchive: Unable to open '/data/app/~~QvzuOajtnOGe-FjjQZSVug==/com.android.vending-KHISKwb-6q2ivb1o-UaHag==/split_config.x86_64.dm': No such file or directory
10-23 14:56:17.861  6095  6095 W ziparchive: Unable to open '/data/app/~~QvzuOajtnOGe-FjjQZSVug==/com.android.vending-KHISKwb-6q2ivb1o-UaHag==/split_config.x86_64.dm': No such file or directory
10-23 14:56:17.862  6095  6095 W android.vending: Entry not found
10-23 14:56:17.863  6095  6095 W ziparchive: Unable to open '/data/app/~~QvzuOajtnOGe-FjjQZSVug==/com.android.vending-KHISKwb-6q2ivb1o-UaHag==/split_phonesky_data_loader.dm': No such file or directory
10-23 14:56:17.863  6095  6095 W ziparchive: Unable to open '/data/app/~~QvzuOajtnOGe-FjjQZSVug==/com.android.vending-KHISKwb-6q2ivb1o-UaHag==/split_phonesky_data_loader.dm': No such file or directory
10-23 14:56:17.863  6095  6095 W android.vending: Entry not found
10-23 14:56:17.864  1575  1638 I JobSchedulerImpl: JobSchedulerImpl.schedule():91 Schedule task: ContentDownload (id=-1440509951). Success.
10-23 14:56:17.865  6095  6095 W ziparchive: Unable to open '/data/app/~~QvzuOajtnOGe-FjjQZSVug==/com.android.vending-KHISKwb-6q2ivb1o-UaHag==/split_phonesky_data_loader.config.x86_64.dm': No such file or directory
10-23 14:56:17.865  6095  6095 W ziparchive: Unable to open '/data/app/~~QvzuOajtnOGe-FjjQZSVug==/com.android.vending-KHISKwb-6q2ivb1o-UaHag==/split_phonesky_data_loader.config.x86_64.dm': No such file or directory
10-23 14:56:17.865  6095  6095 W android.vending: Entry not found
10-23 14:56:17.866  6095  6095 D nativeloader: Configuring clns-7 for other apk /data/app/~~QvzuOajtnOGe-FjjQZSVug==/com.android.vending-KHISKwb-6q2ivb1o-UaHag==/base.apk:/data/app/~~QvzuOajtnOGe-FjjQZSVug==/com.android.vending-KHISKwb-6q2ivb1o-UaHag==/split_config.en.apk:/data/app/~~QvzuOajtnOGe-FjjQZSVug==/com.android.vending-KHISKwb-6q2ivb1o-UaHag==/split_config.x86_64.apk:/data/app/~~QvzuOajtnOGe-FjjQZSVug==/com.android.vending-KHISKwb-6q2ivb1o-UaHag==/split_phonesky_data_loader.apk:/data/app/~~QvzuOajtnOGe-FjjQZSVug==/com.android.vending-KHISKwb-6q2ivb1o-UaHag==/split_phonesky_data_loader.config.x86_64.apk. target_sdk_version=34, uses_libraries=, library_path=/data/app/~~QvzuOajtnOGe-FjjQZSVug==/com.android.vending-KHISKwb-6q2ivb1o-UaHag==/lib/x86_64:/data/app/~~QvzuOajtnOGe-FjjQZSVug==/com.android.vending-KHISKwb-6q2ivb1o-UaHag==/base.apk!/lib/x86_64:/data/app/~~QvzuOajtnOGe-FjjQZSVug==/com.android.vending-KHISKwb-6q2ivb1o-UaHag==/split_config.en.apk!/lib/x86_64:/data/app/~~QvzuOajtnOGe-FjjQZSVug==/com.android.vending-KHISKwb-6q2ivb1o-UaHag==/split
10-23 14:56:17.898  1657  1657 I AiAiEcho: AppFetcherImpl onPackageChanged com.android.vending.
10-23 14:56:17.900  1348  5935 I NamespaceManager: Package com.android.refreshratecontrol name not found! Using module version.
10-23 14:56:17.900  5175  5259 I PhenotypeBackgroundRecv: Successfully updated snapshot for com.google.android.libraries.onegoogle#com.google.android.apps.messaging
10-23 14:56:17.901  1348  5935 I NamespaceManager: Package com.google.oslo name not found! Using module version.
10-23 14:56:17.903  1348  5935 I NamespaceManager: Package com.android.media name not found! Using module version.
10-23 14:56:17.903  1348  5935 I NamespaceManager: Package com.android.media.swcodec name not found! Using module version.
10-23 14:56:17.903  1348  5935 I NamespaceManager: Package com.android.appsearch name not found! Using module version.
10-23 14:56:17.903  1657  3206 I AiAiEcho: AppIndexer Package:[com.android.vending] UserProfile:[0] Enabled:[true].
10-23 14:56:17.903  1657  3206 I AiAiEcho: AppFetcherImplV2 updateApps package:[com.android.vending], userId:[0], reason:[package is updated.].
10-23 14:56:17.904  1348  5935 I NamespaceManager: Package com.android.neuralnetworks name not found! Using module version.
10-23 14:56:17.905  1348  5935 I NamespaceManager: Package com.android.media name not found! Using module version.
10-23 14:56:17.905  1348  5935 I NamespaceManager: Package 1 name not found! Using module version.
10-23 14:56:17.916  5175  5270 I Bugle   : BroadcastReceiverAsyncWorkTracker: Acknowledging broadcast of com.google.android.apps.messaging.shared.experiments.receiver.BuglePhenotypeBroadcastReceiver@24bf61c
10-23 14:56:17.918  5175  5175 I PhenotypeBackgroundRecv: Skipping com.google.android.apps.messaging.auto#com.google.android.apps.messaging which doesn't use ProcessStable flags.
10-23 14:56:17.923  3911  3911 I ViewInteraction: Performing 'single click' action on view view.getId() is <2131230835/com.example.lunchtray:id/bread>
10-23 14:56:17.932  1348  6034 I NamespaceManager: Package com.android.refreshratecontrol name not found! Using module version.
10-23 14:56:17.932  1575  1950 I SP      : GC for 'emoji' (10) with ttl of 0 ms took 0 ms (0/0/0)
10-23 14:56:17.932  1348  6034 I NamespaceManager: Package com.google.oslo name not found! Using module version.
10-23 14:56:17.932  1348  6034 I NamespaceManager: Package com.android.media name not found! Using module version.
10-23 14:56:17.933  1348  6034 I NamespaceManager: Package com.android.media.swcodec name not found! Using module version.
10-23 14:56:17.933  1348  6034 I NamespaceManager: Package com.android.appsearch name not found! Using module version.
10-23 14:56:17.933  1348  6034 I NamespaceManager: Package com.android.neuralnetworks name not found! Using module version.
10-23 14:56:17.933  1348  6034 I NamespaceManager: Package com.android.media name not found! Using module version.
10-23 14:56:17.933  1348  6034 I NamespaceManager: Package 1 name not found! Using module version.
10-23 14:56:17.938  1575  1950 I SP      : Sync for transformer_concept succeeded in 2778 ms: {added: [2023011913_en], metadata: false
10-23 14:56:17.939  1575  1995 I EmojiSuperpacksManager: EmojiSuperpacksManager.processPackSet():498 processPackSet() : isBundled = false
10-23 14:56:17.941  1575  1954 I EmojiShortcutsLoader: EmojiShortcutsLoader.call():63 0 emoji shortcut maps loaded.
10-23 14:56:17.941  1575  1954 I EmojiShortcutsLoader: EmojiShortcutsLoader.call():72 Finished loading emoji shortcuts
10-23 14:56:17.950  6095  6095 V GraphicsEnvironment: Currently set values for:
10-23 14:56:17.950  6095  6095 V GraphicsEnvironment:   angle_gl_driver_selection_pkgs=[]
10-23 14:56:17.950  6095  6095 V GraphicsEnvironment:   angle_gl_driver_selection_values=[]
10-23 14:56:17.952  6095  6095 V GraphicsEnvironment: ANGLE GameManagerService for com.android.vending: false
10-23 14:56:17.952  6095  6095 V GraphicsEnvironment: com.android.vending is not listed in per-application setting
10-23 14:56:17.952  6095  6095 V GraphicsEnvironment: Neither updatable production driver nor prerelease driver is supported.
10-23 14:56:17.955  1348  6034 I NamespaceManager: Package com.android.refreshratecontrol name not found! Using module version.
10-23 14:56:17.957  1348  6034 I NamespaceManager: Package com.google.oslo name not found! Using module version.
10-23 14:56:17.957  1348  6034 I NamespaceManager: Package com.android.media name not found! Using module version.
10-23 14:56:17.958  1348  6034 I NamespaceManager: Package com.android.media.swcodec name not found! Using module version.
10-23 14:56:17.958   524   869 D NetworkStatsObservers: Unregistering RequestInfo from pid/uid:524/1000(android) for DataUsageRequest [ requestId=8, networkTemplate=NetworkTemplate: matchRule=MOBILE, matchSubscriberIds=[310260...], matchWifiNetworkKeys=[], metered=YES, defaultNetwork=NO, thresholdInBytes=3449325 ] accessLevel:3
10-23 14:56:17.960  1348  6034 I NamespaceManager: Package com.android.appsearch name not found! Using module version.
