10-23 14:55:48.904  3911  3911 V ActivityScenario: Update currentActivityStage to CREATED, currentActivity=androidx.fragment.app.testing.FragmentScenario$EmptyFragmentActivity@b1984b5
10-23 14:55:48.904  3911  3911 V ActivityScenario: Update currentActivityStage to CREATED, currentActivity=androidx.fragment.app.testing.FragmentScenario$EmptyFragmentActivity@b1984b5
10-23 14:55:48.905  3911  3911 V ActivityScenario: Update currentActivityStage to CREATED, currentActivity=androidx.fragment.app.testing.FragmentScenario$EmptyFragmentActivity@b1984b5
10-23 14:55:48.905  3911  3911 V ActivityScenario: Update currentActivityStage to CREATED, currentActivity=androidx.fragment.app.testing.FragmentScenario$EmptyFragmentActivity@b1984b5
10-23 14:55:48.905  3911  3911 V ActivityScenario: Update currentActivityStage to CREATED, currentActivity=androidx.fragment.app.testing.FragmentScenario$EmptyFragmentActivity@b1984b5
10-23 14:55:48.905  3911  3911 V ActivityScenario: Update currentActivityStage to CREATED, currentActivity=androidx.fragment.app.testing.FragmentScenario$EmptyFragmentActivity@b1984b5
10-23 14:55:48.906  3911  3911 V ActivityScenario: Update currentActivityStage to CREATED, currentActivity=androidx.fragment.app.testing.FragmentScenario$EmptyFragmentActivity@b1984b5
10-23 14:55:48.906  3911  3911 V ActivityScenario: Update currentActivityStage to CREATED, currentActivity=androidx.fragment.app.testing.FragmentScenario$EmptyFragmentActivity@b1984b5
10-23 14:55:48.906  3911  3911 V ActivityScenario: Update currentActivityStage to CREATED, currentActivity=androidx.fragment.app.testing.FragmentScenario$EmptyFragmentActivity@b1984b5
10-23 14:55:48.909  3911  3911 D LifecycleMonitor: Lifecycle status change: androidx.fragment.app.testing.FragmentScenario$EmptyFragmentActivity@b1984b5 in: STARTED
10-23 14:55:48.909  1093  5141 D SlicesIndexer: Slices already indexed - returning.
10-23 14:55:48.909  3911  3911 V ActivityScenario: Update currentActivityStage to STARTED, currentActivity=androidx.fragment.app.testing.FragmentScenario$EmptyFragmentActivity@b1984b5
10-23 14:55:48.910  3911  3911 V ActivityScenario: Update currentActivityStage to STARTED, currentActivity=androidx.fragment.app.testing.FragmentScenario$EmptyFragmentActivity@b1984b5
10-23 14:55:48.910  3911  3911 V ActivityScenario: Update currentActivityStage to STARTED, currentActivity=androidx.fragment.app.testing.FragmentScenario$EmptyFragmentActivity@b1984b5
10-23 14:55:48.911  3911  3911 V ActivityScenario: Update currentActivityStage to STARTED, currentActivity=androidx.fragment.app.testing.FragmentScenario$EmptyFragmentActivity@b1984b5
10-23 14:55:48.912  3911  3911 V ActivityScenario: Update currentActivityStage to STARTED, currentActivity=androidx.fragment.app.testing.FragmentScenario$EmptyFragmentActivity@b1984b5
10-23 14:55:48.912  3911  3911 V ActivityScenario: Update currentActivityStage to STARTED, currentActivity=androidx.fragment.app.testing.FragmentScenario$EmptyFragmentActivity@b1984b5
10-23 14:55:48.912  3911  3911 V ActivityScenario: Update currentActivityStage to STARTED, currentActivity=androidx.fragment.app.testing.FragmentScenario$EmptyFragmentActivity@b1984b5
10-23 14:55:48.912  3911  3911 V ActivityScenario: Update currentActivityStage to STARTED, currentActivity=androidx.fragment.app.testing.FragmentScenario$EmptyFragmentActivity@b1984b5
10-23 14:55:48.912  3911  3911 V ActivityScenario: Update currentActivityStage to STARTED, currentActivity=androidx.fragment.app.testing.FragmentScenario$EmptyFragmentActivity@b1984b5
10-23 14:55:48.912  3911  3911 V ActivityScenario: Update currentActivityStage to STARTED, currentActivity=androidx.fragment.app.testing.FragmentScenario$EmptyFragmentActivity@b1984b5
10-23 14:55:48.915  3911  3911 V ActivityScenario: Update currentActivityStage to STARTED, currentActivity=androidx.fragment.app.testing.FragmentScenario$EmptyFragmentActivity@b1984b5
10-23 14:55:48.916  3911  3911 V ActivityScenario: Update currentActivityStage to STARTED, currentActivity=androidx.fragment.app.testing.FragmentScenario$EmptyFragmentActivity@b1984b5
10-23 14:55:48.922  3911  3911 D LifecycleMonitor: Lifecycle status change: androidx.fragment.app.testing.FragmentScenario$EmptyFragmentActivity@b1984b5 in: RESUMED
10-23 14:55:48.923  3911  3911 V ActivityScenario: Update currentActivityStage to RESUMED, currentActivity=androidx.fragment.app.testing.FragmentScenario$EmptyFragmentActivity@b1984b5
10-23 14:55:48.923  3911  3911 V ActivityScenario: Update currentActivityStage to RESUMED, currentActivity=androidx.fragment.app.testing.FragmentScenario$EmptyFragmentActivity@b1984b5
10-23 14:55:48.923  3911  3911 V ActivityScenario: Update currentActivityStage to RESUMED, currentActivity=androidx.fragment.app.testing.FragmentScenario$EmptyFragmentActivity@b1984b5
10-23 14:55:48.923  3911  3911 V ActivityScenario: Update currentActivityStage to RESUMED, currentActivity=androidx.fragment.app.testing.FragmentScenario$EmptyFragmentActivity@b1984b5
10-23 14:55:48.923  3911  3911 V ActivityScenario: Update currentActivityStage to RESUMED, currentActivity=androidx.fragment.app.testing.FragmentScenario$EmptyFragmentActivity@b1984b5
10-23 14:55:48.923  3911  3911 V ActivityScenario: Update currentActivityStage to RESUMED, currentActivity=androidx.fragment.app.testing.FragmentScenario$EmptyFragmentActivity@b1984b5
10-23 14:55:48.923  3911  3911 V ActivityScenario: Update currentActivityStage to RESUMED, currentActivity=androidx.fragment.app.testing.FragmentScenario$EmptyFragmentActivity@b1984b5
10-23 14:55:48.924  3911  3911 V ActivityScenario: Update currentActivityStage to RESUMED, currentActivity=androidx.fragment.app.testing.FragmentScenario$EmptyFragmentActivity@b1984b5
10-23 14:55:48.924  3911  3911 V ActivityScenario: Update currentActivityStage to RESUMED, currentActivity=androidx.fragment.app.testing.FragmentScenario$EmptyFragmentActivity@b1984b5
10-23 14:55:48.924  3911  3911 V ActivityScenario: Update currentActivityStage to RESUMED, currentActivity=androidx.fragment.app.testing.FragmentScenario$EmptyFragmentActivity@b1984b5
10-23 14:55:48.924  3911  3911 V ActivityScenario: Update currentActivityStage to RESUMED, currentActivity=androidx.fragment.app.testing.FragmentScenario$EmptyFragmentActivity@b1984b5
10-23 14:55:48.924  3911  3911 V ActivityScenario: Update currentActivityStage to RESUMED, currentActivity=androidx.fragment.app.testing.FragmentScenario$EmptyFragmentActivity@b1984b5
10-23 14:55:48.924  1093  5141 D VolumeSliceHelper: Registering uri for broadcast relay: content://com.android.settings.slices/action/notification_volume
10-23 14:55:48.927  1093  5141 D SettingsSliceProvider: Built slice (content://com.android.settings.slices/action/notification_volume) in: 18
10-23 14:55:48.946  1093  5166 D SlicesIndexer: Slices already indexed - returning.
10-23 14:55:48.946  1093  5166 D VolumeSliceHelper: Registering uri for broadcast relay: content://com.android.settings.slices/action/alarm_volume
10-23 14:55:48.949  1093  5166 D SettingsSliceProvider: Built slice (content://com.android.settings.slices/action/alarm_volume) in: 3
10-23 14:55:48.960  2993  4126 W SystemServiceRegistry: No service published for: persistent_data_block
10-23 14:55:48.975  3041  3686 I PlayCore: UID: [10121]  PID: [3041] OnWarmUpIntegrityTokenCallback : onWarmUpExpressIntegrityToken
10-23 14:55:48.976  3041  5499 I PlayCore: UID: [10121]  PID: [3041] StandardIntegrity : Unbind from service.
10-23 14:55:48.980  3041  3409 I PlayCore: UID: [10121]  PID: [3041] StandardIntegrity : requestExpressIntegrityToken(7844473685388133105)
10-23 14:55:48.987  3041  5499 I PlayCore: UID: [10121]  PID: [3041] StandardIntegrity : Initiate binding to the service.
10-23 14:55:48.990  3911  4251 E OpenGLRenderer: Unable to match the desired swap behavior.
10-23 14:55:49.004  3041  3041 I PlayCore: UID: [10121]  PID: [3041] StandardIntegrity : ServiceConnectionImpl.onServiceConnected(ComponentInfo{com.android.vending/com.google.android.finsky.expressintegrityservice.ExpressIntegrityService})
10-23 14:55:49.005  3041  5499 I PlayCore: UID: [10121]  PID: [3041] StandardIntegrity : linkToDeath
10-23 14:55:49.009   870   947 D EGL_emulation: app_time_stats: avg=213.69ms min=1.47ms max=2268.19ms count=11
10-23 14:55:49.013  1093  5136 D SlicesIndexer: Slices already indexed - returning.
10-23 14:55:49.020  1093  5136 D SettingsSliceProvider: Built slice (content://com.android.settings.slices/action/auto_rotate) in: 6
10-23 14:55:49.021  3041  5499 E Finsky  : [155] wza.apply(59): Error identifying PlayCore event type with value 5.
10-23 14:55:49.023   524   544 W ziparchive: Unable to open '/data/app/~~l7Rq4SQe7Y9FzOfn2-YRbQ==/com.example.lunchtray-gbGN8hPxDqDvdbmHMgLHzQ==/base.dm': No such file or directory
10-23 14:55:49.028  1132  1972 D EGL_emulation: app_time_stats: avg=21.45ms min=1.30ms max=199.81ms count=26
10-23 14:55:49.038  1093  2957 D SlicesIndexer: Slices already indexed - returning.
10-23 14:55:49.042  1093  2957 D SettingsSliceProvider: Built slice (content://com.android.settings.slices/action/screen_magnification_gestures_preference_screen) in: 4
10-23 14:55:49.060  3041  3409 I PlayCore: UID: [10121]  PID: [3041] OnRequestIntegrityTokenCallback : onRequestExpressIntegrityToken
10-23 14:55:49.061  3041  5499 I PlayCore: UID: [10121]  PID: [3041] StandardIntegrity : Unbind from service.
10-23 14:55:49.062  1093  5141 D SlicesIndexer: Slices already indexed - returning.
10-23 14:55:49.062  1093  5141 W SliceData: Highlight menu key res is empty: com.android.settings.deviceinfo.firmwareversion.FirmwareVersionDetailPreferenceController
10-23 14:55:49.068  1093  5166 D SlicesIndexer: Slices already indexed - returning.
10-23 14:55:49.077   524   544 I ActivityTaskManager: Displayed com.example.lunchtray/androidx.fragment.app.testing.FragmentScenario$EmptyFragmentActivity for user 0: +402ms
10-23 14:55:49.079  1093  5141 D SettingsSliceProvider: Built slice (content://com.android.settings.slices/action/os_firmware_version) in: 17
10-23 14:55:49.085  1093  5166 D SettingsSliceProvider: Built slice (content://com.android.settings.slices/action/gesture_double_tap_power) in: 17
10-23 14:55:49.134   524  1434 I ImeTracker: com.example.lunchtray:ac7023d4: onRequestHide at ORIGIN_SERVER_HIDE_INPUT reason HIDE_UNSPECIFIED_WINDOW
10-23 14:55:49.135   524  1434 I ImeTracker: com.example.lunchtray:ac7023d4: onCancelled at PHASE_SERVER_SHOULD_HIDE
10-23 14:55:49.136  1575  1575 I GoogleInputMethodService: GoogleInputMethodService.onFinishInput():3227
10-23 14:55:49.137  1575  1575 I GoogleInputMethodService: GoogleInputMethodService.updateDeviceLockedStatus():2087 repeatCheckTimes = 0, unlocked = true
10-23 14:55:49.137  1575  1575 I GoogleInputMethodService: GoogleInputMethodService.onStartInput():1877 onStartInput(EditorInfo{inputType=0x0(NULL) imeOptions=0x0 privateImeOptions=null actionName=UNSPECIFIED actionLabel=null actionId=0 initialSelStart=-1 initialSelEnd=-1 initialCapsMode=0x0 hintText=null label=null packageName=com.example.lunchtray fieldId=0 fieldName=null extras=null}, false)
10-23 14:55:49.137  1575  1575 I GoogleInputMethodService: GoogleInputMethodService.shouldHideHeaderOnInitialState():4008 ShouldHideHeaderOnInitialState = false
10-23 14:55:49.141  1575  1575 I GoogleInputMethodService: GoogleInputMethodService.updateDeviceLockedStatus():2087 repeatCheckTimes = 2, unlocked = true
10-23 14:55:49.142  1657  2172 I SP.AiAi : Sync for captions_i18n_v0_en-US succeeded in 25537 ms: {added: [asr_en-US_v3003], metadata: false
10-23 14:55:49.158  3911  3911 I ViewInteraction: Performing 'single click' action on view view.getId() is <2131231138/com.example.lunchtray:id/salad>
10-23 14:55:49.166  1093  1117 D SubscriptionUtil: getSelectableSubscriptionInfoList: [[SubscriptionInfo: id=1 iccId=898603186[****] simSlotIndex=0 portIndex=0 isEmbedded=false carrierId=1 displayName=T-Mobile carrierName=T-Mobile isOpportunistic=false groupUuid=null groupOwner= isGroupDisabled=false displayNameSource=CARRIER iconTint=-16749196 number=[****] dataRoaming=0 mcc=310 mnc=260 ehplmns=[] hplmns=[] cardString=898603186[****] cardId=0 nativeAccessRules=null carrierConfigAccessRules=[cert: 92B5F8117FBD9BD5738FF168A4FA12CBE284BE834EDE1A7BB44DD8455BA15920 pkg: null access: 0, cert: 3D1A4BEF6EE7AF7D34D120E7B1AAC0DD245585DE6237CF100F68333AFACFF562 pkg: null access: 0, cert: 6892793FC413019D2DF609DFED7AF622D0F2D8FCF96EFA7E3FB87EEA34E10B93 pkg: null access: 0, cert: 7B68FD9D4E7610C9CB35FC0C6CC06EA04C6906E3DFA9F48F9A05460AF36BFFFC pkg: null access: 0] countryIso=us profileClass=-1 mType=LOCAL_SIM areUiccApplicationsEnabled=true usageSetting=DEFAULT]]
10-23 14:55:49.195  1348  5367 I NetworkScheduler.Stats: Task com.google.android.gms/com.google.android.gms.pay.gcmtask.PayGcmTaskService started execution. cause:5 exec_start_elapsed_seconds: 89 [CONTEXT service_id=218 ]
10-23 14:55:49.217  1657  2172 I SP.AiAi : Sync for text-classifier-annotator succeeded in 22655 ms: {added: [tc_model_a3d2c1298643d7cc3b5703308fd5b2d0], metadata: false
10-23 14:55:49.232  1093  1117 D SubscriptionUtil: getSelectableSubscriptionInfoList: [[SubscriptionInfo: id=1 iccId=898603186[****] simSlotIndex=0 portIndex=0 isEmbedded=false carrierId=1 displayName=T-Mobile carrierName=T-Mobile isOpportunistic=false groupUuid=null groupOwner= isGroupDisabled=false displayNameSource=CARRIER iconTint=-16749196 number=[****] dataRoaming=0 mcc=310 mnc=260 ehplmns=[] hplmns=[] cardString=898603186[****] cardId=0 nativeAccessRules=null carrierConfigAccessRules=[cert: 92B5F8117FBD9BD5738FF168A4FA12CBE284BE834EDE1A7BB44DD8455BA15920 pkg: null access: 0, cert: 3D1A4BEF6EE7AF7D34D120E7B1AAC0DD245585DE6237CF100F68333AFACFF562 pkg: null access: 0, cert: 6892793FC413019D2DF609DFED7AF622D0F2D8FCF96EFA7E3FB87EEA34E10B93 pkg: null access: 0, cert: 7B68FD9D4E7610C9CB35FC0C6CC06EA04C6906E3DFA9F48F9A05460AF36BFFFC pkg: null access: 0] countryIso=us profileClass=-1 mType=LOCAL_SIM areUiccApplicationsEnabled=true usageSetting=DEFAULT]]
10-23 14:55:49.243  1348  3162 I NetworkScheduler.Stats: Task com.google.android.gms/com.google.android.gms.pay.gcmtask.PayGcmTaskService finished executing. cause:5 result: 1 elapsed_millis: 92 uptime_millis: 92 exec_start_elapsed_seconds: 89 [CONTEXT service_id=218 ]
10-23 14:55:49.264  3911  3911 D LifecycleMonitor: Lifecycle status change: androidx.test.core.app.InstrumentationActivityInvoker$BootstrapActivity@e460f66 in: STOPPED
10-23 14:55:49.264  3911  3911 V ActivityScenario: Activity lifecycle changed event received but ignored because the intent does not match. startActivityIntent=Intent { act=android.intent.action.MAIN cat=[android.intent.category.LAUNCHER] cmp=com.example.lunchtray/androidx.fragment.app.testing.FragmentScenario$EmptyFragmentActivity (has extras) }, activity.getIntent()=Intent { act=android.intent.action.MAIN cat=[android.intent.category.LAUNCHER] flg=0x10008000 cmp=com.example.lunchtray/androidx.test.core.app.InstrumentationActivityInvoker$BootstrapActivity (has extras) }, activity=androidx.test.core.app.InstrumentationActivityInvoker$BootstrapActivity@e460f66
10-23 14:55:49.265  3911  3911 V ActivityScenario: Activity lifecycle changed event received but ignored because the intent does not match. startActivityIntent=Intent { act=android.intent.action.MAIN cat=[android.intent.category.LAUNCHER] cmp=com.example.lunchtray/androidx.fragment.app.testing.FragmentScenario$EmptyFragmentActivity (has extras) }, activity.getIntent()=Intent { act=android.intent.action.MAIN cat=[android.intent.category.LAUNCHER] flg=0x10008000 cmp=com.example.lunchtray/androidx.test.core.app.InstrumentationActivityInvoker$BootstrapActivity (has extras) }, activity=androidx.test.core.app.InstrumentationActivityInvoker$BootstrapActivity@e460f66
10-23 14:55:49.265  3911  3911 V ActivityScenario: Activity lifecycle changed event received but ignored because the intent does not match. startActivityIntent=Intent { act=android.intent.action.MAIN cat=[android.intent.category.LAUNCHER] cmp=com.example.lunchtray/androidx.fragment.app.testing.FragmentScenario$EmptyFragmentActivity (has extras) }, activity.getIntent()=Intent { act=android.intent.action.MAIN cat=[android.intent.category.LAUNCHER] flg=0x10008000 cmp=com.example.lunchtray/androidx.test.core.app.InstrumentationActivityInvoker$BootstrapActivity (has extras) }, activity=androidx.test.core.app.InstrumentationActivityInvoker$BootstrapActivity@e460f66
10-23 14:55:49.265  3911  3911 V ActivityScenario: Activity lifecycle changed event received but ignored because the intent does not match. startActivityIntent=Intent { act=android.intent.action.MAIN cat=[android.intent.category.LAUNCHER] cmp=com.example.lunchtray/androidx.fragment.app.testing.FragmentScenario$EmptyFragmentActivity (has extras) }, activity.getIntent()=Intent { act=android.intent.action.MAIN cat=[android.intent.category.LAUNCHER] flg=0x10008000 cmp=com.example.lunchtray/androidx.test.core.app.InstrumentationActivityInvoker$BootstrapActivity (has extras) }, activity=androidx.test.core.app.InstrumentationActivityInvoker$BootstrapActivity@e460f66
10-23 14:55:49.265  3911  3911 V ActivityScenario: Activity lifecycle changed event received but ignored because the intent does not match. startActivityIntent=Intent { act=android.intent.action.MAIN cat=[android.intent.category.LAUNCHER] cmp=com.example.lunchtray/androidx.fragment.app.testing.FragmentScenario$EmptyFragmentActivity (has extras) }, activity.getIntent()=Intent { act=android.intent.action.MAIN cat=[android.intent.category.LAUNCHER] flg=0x10008000 cmp=com.example.lunchtray/androidx.test.core.app.InstrumentationActivityInvoker$BootstrapActivity (has extras) }, activity=androidx.test.core.app.InstrumentationActivityInvoker$BootstrapActivity@e460f66
10-23 14:55:49.265  3911  3911 V ActivityScenario: Activity lifecycle changed event received but ignored because the intent does not match. startActivityIntent=Intent { act=android.intent.action.MAIN cat=[android.intent.category.LAUNCHER] cmp=com.example.lunchtray/androidx.fragment.app.testing.FragmentScenario$EmptyFragmentActivity (has extras) }, activity.getIntent()=Intent { act=android.intent.action.MAIN cat=[android.intent.category.LAUNCHER] flg=0x10008000 cmp=com.example.lunchtray/androidx.test.core.app.InstrumentationActivityInvoker$BootstrapActivity (has extras) }, activity=androidx.test.core.app.InstrumentationActivityInvoker$BootstrapActivity@e460f66
10-23 14:55:49.266  3911  3911 V ActivityScenario: Activity lifecycle changed event received but ignored because the intent does not match. startActivityIntent=Intent { act=android.intent.action.MAIN cat=[android.intent.category.LAUNCHER] cmp=com.example.lunchtray/androidx.fragment.app.testing.FragmentScenario$EmptyFragmentActivity (has extras) }, activity.getIntent()=Intent { act=android.intent.action.MAIN cat=[android.intent.category.LAUNCHER] flg=0x10008000 cmp=com.example.lunchtray/androidx.test.core.app.InstrumentationActivityInvoker$BootstrapActivity (has extras) }, activity=androidx.test.core.app.InstrumentationActivityInvoker$BootstrapActivity@e460f66
10-23 14:55:49.266  3041  5630 I Finsky  : [170] yse.r(4): SCH: jobFinished: 10-3. TimeElapsed: 4420ms.
10-23 14:55:49.266  3911  3911 V ActivityScenario: Activity lifecycle changed event received but ignored because the intent does not match. startActivityIntent=Intent { act=android.intent.action.MAIN cat=[android.intent.category.LAUNCHER] cmp=com.example.lunchtray/androidx.fragment.app.testing.FragmentScenario$EmptyFragmentActivity (has extras) }, activity.getIntent()=Intent { act=android.intent.action.MAIN cat=[android.intent.category.LAUNCHER] flg=0x10008000 cmp=com.example.lunchtray/androidx.test.core.app.InstrumentationActivityInvoker$BootstrapActivity (has extras) }, activity=androidx.test.core.app.InstrumentationActivityInvoker$BootstrapActivity@e460f66
10-23 14:55:49.266  3911  3911 V ActivityScenario: Activity lifecycle changed event received but ignored because the intent does not match. startActivityIntent=Intent { act=android.intent.action.MAIN cat=[android.intent.category.LAUNCHER] cmp=com.example.lunchtray/androidx.fragment.app.testing.FragmentScenario$EmptyFragmentActivity (has extras) }, activity.getIntent()=Intent { act=android.intent.action.MAIN cat=[android.intent.category.LAUNCHER] flg=0x10008000 cmp=com.example.lunchtray/androidx.test.core.app.InstrumentationActivityInvoker$BootstrapActivity (has extras) }, activity=androidx.test.core.app.InstrumentationActivityInvoker$BootstrapActivity@e460f66
10-23 14:55:49.266  3911  3911 V ActivityScenario: Activity lifecycle changed event received but ignored because the intent does not match. startActivityIntent=Intent { act=android.intent.action.MAIN cat=[android.intent.category.LAUNCHER] cmp=com.example.lunchtray/androidx.fragment.app.testing.FragmentScenario$EmptyFragmentActivity (has extras) }, activity.getIntent()=Intent { act=android.intent.action.MAIN cat=[android.intent.category.LAUNCHER] flg=0x10008000 cmp=com.example.lunchtray/androidx.test.core.app.InstrumentationActivityInvoker$BootstrapActivity (has extras) }, activity=androidx.test.core.app.InstrumentationActivityInvoker$BootstrapActivity@e460f66
10-23 14:55:49.266  3911  3911 V ActivityScenario: Activity lifecycle changed event received but ignored because the intent does not match. startActivityIntent=Intent { act=android.intent.action.MAIN cat=[android.intent.category.LAUNCHER] cmp=com.example.lunchtray/androidx.fragment.app.testing.FragmentScenario$EmptyFragmentActivity (has extras) }, activity.getIntent()=Intent { act=android.intent.action.MAIN cat=[android.intent.category.LAUNCHER] flg=0x10008000 cmp=com.example.lunchtray/androidx.test.core.app.InstrumentationActivityInvoker$BootstrapActivity (has extras) }, activity=androidx.test.core.app.InstrumentationActivityInvoker$BootstrapActivity@e460f66
10-23 14:55:49.267  3911  3911 V ActivityScenario: Activity lifecycle changed event received but ignored because the intent does not match. startActivityIntent=Intent { act=android.intent.action.MAIN cat=[android.intent.category.LAUNCHER] cmp=com.example.lunchtray/androidx.fragment.app.testing.FragmentScenario$EmptyFragmentActivity (has extras) }, activity.getIntent()=Intent { act=android.intent.action.MAIN cat=[android.intent.category.LAUNCHER] flg=0x10008000 cmp=com.example.lunchtray/androidx.test.core.app.InstrumentationActivityInvoker$BootstrapActivity (has extras) }, activity=androidx.test.core.app.InstrumentationActivityInvoker$BootstrapActivity@e460f66
10-23 14:55:49.286  3041  3053 I android.vending: Background concurrent copying GC freed 71947(3048KB) AllocSpace objects, 11(656KB) LOS objects, 49% free, 9332KB/18MB, paused 78us,20us total 223.299ms
10-23 14:55:49.297  1657  2172 I SP.AiAi : Sync for text-classifier-langid succeeded in 22735 ms: {added: [tc_model_436dc3fd14049b93d75788a8c0cc8eea], metadata: false
10-23 14:55:49.299  3041  3041 I Finsky  : [2] yrd.accept(66): SCH: Job 10-55 starting
10-23 14:55:49.300  3041  5630 I Finsky  : [170] yse.r(4): SCH: jobFinished: 10-55. TimeElapsed: 1ms.
10-23 14:55:49.307  1132  1166 I ImeTracker: com.google.android.apps.nexuslauncher:48c9df1c: onRequestHide at ORIGIN_CLIENT_HIDE_SOFT_INPUT reason HIDE_SOFT_INPUT
10-23 14:55:49.307  1132  1166 I ImeTracker: com.google.android.apps.nexuslauncher:48c9df1c: onFailed at PHASE_CLIENT_VIEW_SERVED
10-23 14:55:49.323   870   947 D EGL_emulation: app_time_stats: avg=18.27ms min=1.07ms max=138.78ms count=26
10-23 14:55:49.326  3041  3041 I Finsky  : [2] yrd.accept(66): SCH: Job 10-62 starting
10-23 14:55:49.333  1093  1117 D SubscriptionUtil: getSelectableSubscriptionInfoList: [[SubscriptionInfo: id=1 iccId=898603186[****] simSlotIndex=0 portIndex=0 isEmbedded=false carrierId=1 displayName=T-Mobile carrierName=T-Mobile isOpportunistic=false groupUuid=null groupOwner= isGroupDisabled=false displayNameSource=CARRIER iconTint=-16749196 number=[****] dataRoaming=0 mcc=310 mnc=260 ehplmns=[] hplmns=[] cardString=898603186[****] cardId=0 nativeAccessRules=null carrierConfigAccessRules=[cert: 92B5F8117FBD9BD5738FF168A4FA12CBE284BE834EDE1A7BB44DD8455BA15920 pkg: null access: 0, cert: 3D1A4BEF6EE7AF7D34D120E7B1AAC0DD245585DE6237CF100F68333AFACFF562 pkg: null access: 0, cert: 6892793FC413019D2DF609DFED7AF622D0F2D8FCF96EFA7E3FB87EEA34E10B93 pkg: null access: 0, cert: 7B68FD9D4E7610C9CB35FC0C6CC06EA04C6906E3DFA9F48F9A05460AF36BFFFC pkg: null access: 0] countryIso=us profileClass=-1 mType=LOCAL_SIM areUiccApplicationsEnabled=true usageSetting=DEFAULT]]
10-23 14:55:49.334  3041  3687 E Finsky  : [60] kei.apply(75): CONPRF: Failed to refresh connectivity profile metrics. Reset metrics.
10-23 14:55:49.335  1093  1117 D SubscriptionUtil: getSelectableSubscriptionInfoList: [[SubscriptionInfo: id=1 iccId=898603186[****] simSlotIndex=0 portIndex=0 isEmbedded=false carrierId=1 displayName=T-Mobile carrierName=T-Mobile isOpportunistic=false groupUuid=null groupOwner= isGroupDisabled=false displayNameSource=CARRIER iconTint=-16749196 number=[****] dataRoaming=0 mcc=310 mnc=260 ehplmns=[] hplmns=[] cardString=898603186[****] cardId=0 nativeAccessRules=null carrierConfigAccessRules=[cert: 92B5F8117FBD9BD5738FF168A4FA12CBE284BE834EDE1A7BB44DD8455BA15920 pkg: null access: 0, cert: 3D1A4BEF6EE7AF7D34D120E7B1AAC0DD245585DE6237CF100F68333AFACFF562 pkg: null access: 0, cert: 6892793FC413019D2DF609DFED7AF622D0F2D8FCF96EFA7E3FB87EEA34E10B93 pkg: null access: 0, cert: 7B68FD9D4E7610C9CB35FC0C6CC06EA04C6906E3DFA9F48F9A05460AF36BFFFC pkg: null access: 0] countryIso=us profileClass=-1 mType=LOCAL_SIM areUiccApplicationsEnabled=true usageSetting=DEFAULT]]
10-23 14:55:49.336  3041  3687 I Finsky  : [60] yse.r(4): SCH: jobFinished: 10-62. TimeElapsed: 9ms.
10-23 14:55:49.339  1657  2172 I SP.AiAi : Sync for text-classifier-actions succeeded in 22774 ms: {added: [tc_model_e202592534082c01f9642f709a627dd9], metadata: false
10-23 14:55:49.343  1575  1583 I putmethod.latin: JIT allocated 106KB for compiled code of boolean drz.a(ikb, java.lang.Object[])
10-23 14:55:49.343  1575  1583 I putmethod.latin: Compiler allocated 5216KB to compile boolean drz.a(ikb, java.lang.Object[])
10-23 14:55:49.345  1132  2137 D OneSearchSuggestProvider: Shut down the binder channel
10-23 14:55:49.346  1132  2804 I IPCThreadState: oneway function results for code 2 on binder at 0x7f98daefbf70 will be dropped but finished with status UNKNOWN_TRANSACTION
10-23 14:55:49.356  3041  3041 I Finsky  : [2] yrd.accept(66): SCH: Job 10-66 starting
10-23 14:55:49.358  3041  5084 I Finsky  : [147] irv.a(2): Running asset module service cleaner
10-23 14:55:49.377   870   921 W WindowOnBackDispatcher: sendCancelIfRunning: isInProgress=falsecallback=android.view.ViewRootImpl$$ExternalSyntheticLambda17@d51870d
10-23 14:55:49.391  3041  5084 I Finsky  : [147] jxo.accept(45): Removed 0 old sessions.
10-23 14:55:49.392  3041  5084 I Finsky  : [147] irq.accept(43): Removed 0 obsolete sessions.
10-23 14:55:49.393  1657  2172 I SP.AiAi : GC for 'captions_i18n_v0_en-US' (10) with ttl of 0 ms took 0 ms (0/0/0)
10-23 14:55:49.394  1657  2172 I SP.AiAi : GC for 'text-classifier-annotator' (10) with ttl of 0 ms took 1 ms (0/1/0)
10-23 14:55:49.394  1657  2172 I SP.AiAi : GC for 'text-classifier-langid' (10) with ttl of 0 ms took 0 ms (0/0/0)
10-23 14:55:49.394  1657  2172 I SP.AiAi : GC for 'text-classifier-actions' (10) with ttl of 0 ms took 0 ms (0/0/0)
10-23 14:55:49.395  1657  2172 I AiAiNowPlaying: Superpacks changed. Refreshing FA controller
10-23 14:55:49.400  3041  5084 I Finsky  : [147] jxo.accept(41): Deleted 0 orphaned directories.
10-23 14:55:49.400  3041  5084 I Finsky  : [147] irq.accept(5): Logged 0 packages in store.
10-23 14:55:49.404   524  2871 W InputManager-JNI: Input channel object '5d34c9a Splash Screen com.example.lunchtray (client)' was disposed without first being removed with the input manager!
10-23 14:55:49.410  1657  2172 I AiAiNowPlaying: Superpacks changed. Refreshing FA controller
10-23 14:55:49.410  1657  2172 I AiAiNowPlaying: Superpacks changed. Refreshing FA controller
10-23 14:55:49.410  1657  2172 I AiAiNowPlaying: Superpacks changed. Refreshing FA controller
10-23 14:55:49.414  3041  5084 I Finsky  : [147] yse.r(4): SCH: jobFinished: 10-66. TimeElapsed: 46ms.
10-23 14:55:49.422  2964  3508 I PBSessionCacheImpl: Deleted sessionId[13037507931822892] from persistence.
10-23 14:55:49.428  1093  1117 D WifiCallingSliceHelper: Wifi calling is either not provisioned or not enabled by Platform
10-23 14:55:49.439  1657  3804 I AiAiTextClassifier: [ResourceDownloaderImpl]: downloadResource(): Successfully downloaded superpack 'text-classifier-langid', download version 1941001461.
10-23 14:55:49.444  1657  4641 I AiAiTextClassifier: [ResourceDownloaderImpl]: downloadResource(): Successfully downloaded superpack 'text-classifier-annotator', download version 272525175.
10-23 14:55:49.446  1657  3800 I AiAiCaptions: downloadSuperpack(): Successfully downloaded superpack 'captions_i18n_v0_en-US' version 20210623.
10-23 14:55:49.455  1657  5633 I AiAiTextClassifier: [ResourceDownloaderImpl]: downloadResource(): Successfully downloaded superpack 'text-classifier-actions', download version 1140547708.
10-23 14:55:49.456  2964  3265 W SearchServiceCore: Abort, client detached.
10-23 14:55:49.457  2964  3265 W SearchServiceCore: Abort, client detached.
10-23 14:55:49.457  2964  3265 W SearchServiceCore: Abort, client detached.
10-23 14:55:49.457  2964  3265 W SearchServiceCore: Abort, client detached.
10-23 14:55:49.457  2964  3265 W SearchServiceCore: Abort, client detached.
10-23 14:55:49.469  1657  2927 I AiAiCaptions: ComponentsManagerImpl::update()
10-23 14:55:49.469  1657  2927 I AiAiCaptions: updateBasicComponents::updateBasicComponents()
10-23 14:55:49.471   413   811 D audioserver: FGS Logger Transaction failed
10-23 14:55:49.472   413   811 D audioserver: -129
10-23 14:55:49.476  1657  2927 I AiAiCaptions: Would enable com.google.android.apps.miphone.aiai.captions.settingsui.settingsactivity.CaptionsSettingsActivity but already enabled
10-23 14:55:49.480  1657  2249 I AiAiTextClassifier: [TcLibModelManagerImpl]: downloadNewModelRecursively: packSet downloaded successfully: https://gstatic.com/matchmaker/tclib_models/langid/v1/superpacks_manifest.zip
10-23 14:55:49.485  1093  5136 D SlicesIndexer: Slices already indexed - returning.
10-23 14:55:49.490  1657  2927 I AiAiCaptions: Would enable com.google.android.apps.miphone.aiai.captions.CaptionsSettingsActivity but already enabled
10-23 14:55:49.493  1657  2249 I AiAiTextClassifier: [TcLibModelManagerImpl]: downloadNewModelRecursively: packSet downloaded successfully: https://gstatic.com/matchmaker/tclib_models/annotator/v803/en/superpacks_manifest.zip
10-23 14:55:49.495  1657  2927 I AiAiCaptions: Would enable com.google.android.apps.miphone.aiai.captions.downloadservice.CaptionsDownloadService but already enabled
10-23 14:55:49.499  1093  5136 D SettingsSliceProvider: Built slice (content://android.settings.slices/action/airplane_mode) in: 13
10-23 14:55:49.507  1657  2927 I AiAiCaptions: initialize(): bound to superpacks service.
10-23 14:55:49.510  1093  2957 D SlicesIndexer: Slices already indexed - returning.
10-23 14:55:49.517  1657  2249 I AiAiTextClassifier: [TcLibModelManagerImpl]: downloadNewModelRecursively: packSet downloaded successfully: https://gstatic.com/matchmaker/tclib_models/actions/v104/en-us/superpacks_manifest.zip
10-23 14:55:49.521  1657  2249 I AiAiTextClassifier: [TcLibModelManagerImpl]: updateModelsInTextClassifierLib: Done executing updateModels() from path: /data/user/0/com.google.android.as/files/superpacks/text-classifier-langid/tc_model_436dc3fd14049b93d75788a8c0cc8eea/model.smfb.
10-23 14:55:49.521  1657  2927 I AiAiCaptions: Enable com.google.android.apps.miphone.aiai.captions.CaptionsForegroundService
10-23 14:55:49.526  1657  2927 I AiAiCaptions: initialize(): bound to superpacks service.
10-23 14:55:49.526  1093  2957 D SettingsSliceProvider: Built slice (content://android.settings.slices/action/battery_saver) in: 16
10-23 14:55:49.528  3041  3041 I Finsky  : [2] yrd.accept(66): SCH: Job 10-71 starting
10-23 14:55:49.533  1348  3162 I NetworkScheduler.Stats: Task com.google.android.gms/com.google.android.gms.udc.service.UdcContextInitService started execution. cause:5 exec_start_elapsed_seconds: 89 [CONTEXT service_id=218 ]
10-23 14:55:49.536  3041  3041 I Finsky  : [2] yse.r(4): SCH: jobFinished: 10-71. TimeElapsed: 8ms.
10-23 14:55:49.540  1657  2927 I AiAiCaptions: shouldEnableCaptionsForCalls: isCallCaptioningEnabled is true
10-23 14:55:49.540  1657  2927 I AiAiCaptions: Enable com.google.android.apps.miphone.aiai.captions.tulip.audiosource.impl.CIS
10-23 14:55:49.541  1657  2927 I AiAiCaptions: initialize(): bound to superpacks service.
10-23 14:55:49.550  1647  2028 D GservicesProvider: Update with URI content://com.google.android.gsf.gservices/override
10-23 14:55:49.565  1657  2927 I AiAiCaptions: Enable com.google.android.apps.miphone.aiai.captions.CaptionsOnboardingService
10-23 14:55:49.570  3041  3041 I Finsky  : [2] yrd.accept(66): SCH: Job 10-73 starting
10-23 14:55:49.575  3041  5638 I Finsky  : [171] yse.r(4): SCH: jobFinished: 10-73. TimeElapsed: 5ms.
10-23 14:55:49.577  1657  2927 I AiAiCaptions: initialize(): bound to superpacks service.
10-23 14:55:49.589  1657  2927 I AiAiCaptions: Enable com.google.android.apps.miphone.aiai.captions.notificationbroadcastreceiver.CaptionsNotificationBroadcastReceiver
10-23 14:55:49.591  1657  2927 I AiAiCaptions: initialize(): bound to superpacks service.
10-23 14:55:49.592  1657  5636 I tflite  : Initialized TensorFlow Lite runtime.
10-23 14:55:49.598  1657  2927 I AiAiCaptions: Enable com.google.android.apps.miphone.aiai.captions.quicksetting.CaptionsTileService
10-23 14:55:49.602  1657  2927 I AiAiCaptions: initialize(): bound to superpacks service.
10-23 14:55:49.606  1657  2927 I AiAiCaptions: setVolumeControlEnabled() changing volume control state to enabled because: volume control behavior is: ENABLE
10-23 14:55:49.610  1657  2249 I AiAiTextClassifier: [TcLibModelManagerImpl]: updateModelsInTextClassifierLib: Done executing updateModels() from path: /data/user/0/com.google.android.as/files/superpacks/text-classifier-annotator/tc_model_a3d2c1298643d7cc3b5703308fd5b2d0/en.fb.
10-23 14:55:49.622  1657  2927 I AiAiCaptions: updateComponents(): Updated components state
10-23 14:55:49.622  1657  2927 I AiAiCaptions: updateTriggerState(): stopping trigger.
10-23 14:55:49.623  3041  3041 I Finsky  : [2] yrd.accept(66): SCH: Job 10-76 starting
10-23 14:55:49.625  1657  5489 I AiAiEcho: Settings changed for uri: content://settings/secure/odi_captions_volume_ui_enabled
10-23 14:55:49.626  1657  2067 I AiAiEcho: Predicting[0]:
10-23 14:55:49.626  1657  2067 I AiAiEcho: EchoTargets:
10-23 14:55:49.626  1657  2067 I AiAiEcho: Filtered by AiAi flag check:
10-23 14:55:49.626  1657  2067 I AiAiEcho: Ranked targets strategy: SORT, count: 0, ranking metadata:
10-23 14:55:49.626  1657  2067 I AiAiEcho: Predicting[0]:
10-23 14:55:49.626  1657  2067 I AiAiEcho: EchoTargets:
10-23 14:55:49.626  1657  2067 I AiAiEcho: Filtered by AiAi flag check:
10-23 14:55:49.626  1657  2067 I AiAiEcho: Ranked targets strategy: SORT, count: 0, ranking metadata:
10-23 14:55:49.627  1657  2927 I AiAiCaptions: stop(): stop is called but CaptionsTriggerImpl already stopped
10-23 14:55:49.628  1657  2249 I AiAiTextClassifier: [TcLibModelManagerImpl]: updateModelsInTextClassifierLib: Done executing updateModels() from path: /data/user/0/com.google.android.as/files/superpacks/text-classifier-actions/tc_model_e202592534082c01f9642f709a627dd9/en.model.
10-23 14:55:49.629  1657  2067 I AiAiEcho: #postPredictionTargets: Sending updates to UISurface lockscreen with targets# 0 (types=[])
10-23 14:55:49.630  1657  2067 I AiAiEcho: #postPredictionTargets: Sending updates to UISurface home with targets# 0 (types=[])
10-23 14:55:49.630  3041  3041 I Finsky  : [2] yse.r(4): SCH: jobFinished: 10-76. TimeElapsed: 6ms.
10-23 14:55:49.645  1093  1117 D WifiSlice: calling uid name : com.google.android.settings.intelligence
10-23 14:55:49.654   413   476 D audioserver: FGS Logger Transaction failed
10-23 14:55:49.654   413   476 D audioserver: -129
10-23 14:55:49.673  3041  3041 I Finsky  : [2] yrd.accept(66): SCH: Job 10-82 starting
10-23 14:55:49.678  1348  5367 I NetworkScheduler.Stats: Task com.google.android.gms/com.google.android.gms.udc.service.UdcContextInitService finished executing. cause:5 result: 1 elapsed_millis: 183 uptime_millis: 183 exec_start_elapsed_seconds: 89 [CONTEXT service_id=218 ]
10-23 14:55:49.684   870   870 W PageIndicator: Total number of pages invalid: 0. Assuming 1 page.
10-23 14:55:49.690  1647  2028 I GservicesProvider: override update completed
10-23 14:55:49.691  5543  5559 D CompatibilityChangeReporter: Compat change id reported: 150939131; UID 10121; state: ENABLED
10-23 14:55:49.698  1348  1348 D BoundBrokerSvc: onUnbind: Intent { act=com.google.android.gms.presencemanager.service.START dat=chimera-action:/... cmp=com.google.android.gms/.chimera.PersistentApiService }
10-23 14:55:49.698  1348  1348 D BoundBrokerSvc: onUnbind: Intent { act=com.google.android.gms.presencemanager.service.INTERNAL_IDENTITY dat=chimera-action:/... cmp=com.google.android.gms/.chimera.PersistentApiService }
10-23 14:55:49.723  2964  2964 I BgTaskExecutorImpl: Starting NONEXCLUSIVE background task UPDATE_GSERVICES_CONFIG.
10-23 14:55:49.738  2964  3307 I A       : Updating Gservices keys
10-23 14:55:49.781  1348  5438 I Auth    : [AuthManaged, PasswordComplexityHelperImpl] Updating password complexity components state.
10-23 14:55:49.781  1348  5438 I Auth    : [AuthManaged, PasswordComplexityHelperImpl] Disabling com.google.android.gms.auth.managed.admin.DeviceAdminReceiver
10-23 14:55:49.782  1348  5438 I Auth    : [AuthManaged, PasswordComplexityHelperImpl] Disabling com.google.android.gms.auth.managed.ui.SetNewPasswordActivity
10-23 14:55:49.801  1348  3162 I AlarmManager: setExactAndAllowWhileIdle [name: GCM_CONN_ALARM type: 2 triggerAtMillis: 120253]
10-23 14:55:49.806  1348  5130 I Herrevad: [233] aqwl.a: updateListenState
10-23 14:55:49.816  2964  3265 W SearchServiceCore: Abort, client detached.
10-23 14:55:49.816  2964  3265 W SearchServiceCore: Abort, client detached.
10-23 14:55:49.853  3911  3911 I ViewInteraction: Checking 'MatchesViewAssertion{viewMatcher=an instance of android.widget.TextView and view.getText() with or without transformation to match: a string containing "Subtotal: $2.50"}' assertion on view view.getId() is <2131231217/com.example.lunchtray:id/subtotal>
10-23 14:55:49.855  3911  3911 I ViewInteraction: Performing 'single click' action on view view.getId() is <2131231187/com.example.lunchtray:id/soup>
10-23 14:55:49.874  1468  5397 I GmsModuleFndr: Beginning GMS chimera module scan
10-23 14:55:49.893  1468  5397 I ModuleSetMgr: Computing pending module set with APKs: [[AdsFdrDynamite.integ:231004600100000], [Cronetdynamite:231818190800], [Dynamiteloader:231818190000], [Dynamitemodulesa:231818190000], [Dynamitemodulesc:231818190000], [Googlecertificates:231818190000], [Mapsdynamite:231818190000], [Measurementdynamite:231818190000]]
10-23 14:55:49.907  1468  5397 I ModuleSetMgr: Download of container feature antifingerprinting is disabled.
10-23 14:55:49.907  1468  5397 I ModuleSetMgr: Download of container feature appsearch_dynamite_impl is disabled.
10-23 14:55:49.907  1468  5397 I ModuleSetMgr: Download of container feature brella_dynamite is disabled.
10-23 14:55:49.907  1468  5397 I ModuleSetMgr: Download of container feature cameraconnectivity_impl is disabled.
10-23 14:55:49.907  1468  5397 I ModuleSetMgr: Download of container feature dck_management is disabled.
10-23 14:55:49.907  1468  5397 I ModuleSetMgr: Download of container feature easyunlock is disabled.
10-23 14:55:49.907  1468  5397 I ModuleSetMgr: Download of container feature enterprise is disabled.
10-23 14:55:49.907  1468  5397 I ModuleSetMgr: Download of container feature enterprise_zt_mp_complete is disabled.
10-23 14:55:49.907  1468  5397 I ModuleSetMgr: Download of container feature fast_pair is disabled.
10-23 14:55:49.907  1468  5397 I ModuleSetMgr: Download of container feature game_platform is disabled.
10-23 14:55:49.907  1468  5397 I ModuleSetMgr: Download of container feature games is disabled.
10-23 14:55:49.907  1468  5397 I ModuleSetMgr: Download of container feature growth_upgradeparty is disabled.
10-23 14:55:49.907  1468  5397 I ModuleSetMgr: Download of container feature tflite_dynamite is disabled.
10-23 14:55:49.907  1468  5397 I ModuleSetMgr: Download of container feature homegraph is disabled.
10-23 14:55:49.907  1468  5397 I ModuleSetMgr: Download of container feature magictether is disabled.
10-23 14:55:49.907  1468  5397 I ModuleSetMgr: Download of container feature maps_core is disabled.
10-23 14:55:49.907  1468  5397 I ModuleSetMgr: Download of container feature mlkit.docscan.crop is disabled.
10-23 14:55:49.908  1468  5397 I ModuleSetMgr: Download of container feature mlkit.docscan.enhance is disabled.
10-23 14:55:49.909  1468  5397 I ModuleSetMgr: Download of container feature multipackage_debug is disabled.
10-23 14:55:49.909  1468  5397 I ModuleSetMgr: Download of container feature payse is disabled.
10-23 14:55:49.909  1468  5397 I ModuleSetMgr: Download of container feature permissions_debug is disabled.
10-23 14:55:49.909  1468  5397 I ModuleSetMgr: Download of container feature play_cloud_search is disabled.
10-23 14:55:49.909  1468  5397 I ModuleSetMgr: Download of container feature semanticlocation_debug is disabled.
10-23 14:55:49.909  1468  5397 I ModuleSetMgr: Download of container feature tflite_delegate_edgetpu is disabled.
10-23 14:55:49.909  1468  5397 I ModuleSetMgr: Download of container feature tflite_delegate_test is disabled.
10-23 14:55:49.909  1468  5397 I ModuleSetMgr: Download of container feature tflite_gpu_dynamite is disabled.
10-23 14:55:49.909  1468  5397 I ModuleSetMgr: Download of container feature userstatus_impl is disabled.
10-23 14:55:49.909  1468  5397 I ModuleSetMgr: Download of container feature usonia_iam is disabled.
10-23 14:55:49.909  1468  5397 I ModuleSetMgr: Download of container feature vision.face is disabled.
10-23 14:55:49.909  1468  5397 I ModuleSetMgr: Download of container feature vision.ica is disabled.
10-23 14:55:49.909  1468  5397 I ModuleSetMgr: Download of container feature vision.ocr is disabled.
10-23 14:55:49.909  3041  3041 I Finsky  : [2] zgz.f(9): SU: Received onStateUpdate with status: 2
10-23 14:55:49.925  1468  5397 I ModuleSetMgr: Pending container module APKs: []
10-23 14:55:49.925  1468  5397 I ModuleSetMgr: Pending non-container module APKs: []
10-23 14:55:49.927   413   811 D audioserver: FGS Logger Transaction failed
10-23 14:55:49.927   413   811 D audioserver: -129
10-23 14:55:50.039  1348  3945 I GCoreUlr: WorldUpdater received intent Intent { act=com.google.android.location.reporting.ACTION_UPDATE_WORLD cmp=com.google.android.gms/com.google.android.location.reporting.service.DispatchingService (has extras) } with receiverAction com.google.gservices.intent.action.GSERVICES_CHANGED
10-23 14:55:50.068  1468  5352 I RecoverableKeyStoreGms: [RecoverableKeyStoreGmsInitOperation] Initializing auth_folsom
10-23 14:55:50.070  1468  5352 I RecoverableKeyStoreGms: [RecoverableKeyStoreGmsInitOperation] com.google.android.gms.auth.folsom.service.FolsomPublicKeyUpdateService is already enabled. Ignore.
10-23 14:55:50.071  1468  5352 I RecoverableKeyStoreGms: [RecoverableKeyStoreGmsInitOperation] com.google.android.gms.auth.folsom.service.GcmReceiverService is already enabled. Ignore.
10-23 14:55:50.105  1468  4970 I SyncIntentOperation: Handling the intent: Intent { act=com.google.gservices.intent.action.GSERVICES_CHANGED flg=0x1000010 pkg=com.google.android.gms cmp=com.google.android.gms/.chimera.GmsIntentOperationService (has extras) }. [CONTEXT service_id=80 ]
10-23 14:55:50.110   413   476 D audioserver: FGS Logger Transaction failed
10-23 14:55:50.110   413   476 D audioserver: -129
10-23 14:55:50.112  1468  3342 I GmsModuleFndr: Beginning GMS chimera module scan
10-23 14:55:50.131  1348  3945 I GCoreUlr: WorldUpdater:com.google.gservices.intent.action.GSERVICES_CHANGED: Ensuring that reporting is stopped because of reasons: (no Google accounts)
10-23 14:55:50.135  1348  3945 I GCoreUlr: Unbound from all signal providers.
10-23 14:55:50.143  1468  3342 I ModuleSetMgr: Computing pending module set with APKs: [[AdsFdrDynamite.integ:231004600100000], [Cronetdynamite:231818190800], [Dynamiteloader:231818190000], [Dynamitemodulesa:231818190000], [Dynamitemodulesc:231818190000], [Googlecertificates:231818190000], [Mapsdynamite:231818190000], [Measurementdynamite:231818190000]]
10-23 14:55:50.144  1468  3342 I ModuleSetMgr: Download of container feature antifingerprinting is disabled.
10-23 14:55:50.144  1468  3342 I ModuleSetMgr: Download of container feature appsearch_dynamite_impl is disabled.
10-23 14:55:50.144  1468  3342 I ModuleSetMgr: Download of container feature brella_dynamite is disabled.
10-23 14:55:50.144  1468  3342 I ModuleSetMgr: Download of container feature cameraconnectivity_impl is disabled.
10-23 14:55:50.144  1468  3342 I ModuleSetMgr: Download of container feature dck_management is disabled.
10-23 14:55:50.144  1468  3342 I ModuleSetMgr: Download of container feature easyunlock is disabled.
10-23 14:55:50.144  1468  3342 I ModuleSetMgr: Download of container feature enterprise is disabled.
10-23 14:55:50.144  1468  3342 I ModuleSetMgr: Download of container feature enterprise_zt_mp_complete is disabled.
10-23 14:55:50.144  1468  3342 I ModuleSetMgr: Download of container feature fast_pair is disabled.
10-23 14:55:50.144  1468  3342 I ModuleSetMgr: Download of container feature game_platform is disabled.
10-23 14:55:50.144  1468  3342 I ModuleSetMgr: Download of container feature games is disabled.
10-23 14:55:50.144  1468  3342 I ModuleSetMgr: Download of container feature growth_upgradeparty is disabled.
10-23 14:55:50.144  1468  3342 I ModuleSetMgr: Download of container feature tflite_dynamite is disabled.
10-23 14:55:50.144  1468  3342 I ModuleSetMgr: Download of container feature homegraph is disabled.
10-23 14:55:50.144  1468  3342 I ModuleSetMgr: Download of container feature magictether is disabled.
10-23 14:55:50.144  1468  3342 I ModuleSetMgr: Download of container feature maps_core is disabled.
10-23 14:55:50.144  1468  3342 I ModuleSetMgr: Download of container feature mlkit.docscan.crop is disabled.
10-23 14:55:50.144  1468  3342 I ModuleSetMgr: Download of container feature mlkit.docscan.enhance is disabled.
10-23 14:55:50.144  1468  3342 I ModuleSetMgr: Download of container feature multipackage_debug is disabled.
10-23 14:55:50.145  1468  3342 I ModuleSetMgr: Download of container feature payse is disabled.
10-23 14:55:50.145  1468  3342 I ModuleSetMgr: Download of container feature permissions_debug is disabled.
10-23 14:55:50.145  1468  3342 I ModuleSetMgr: Download of container feature play_cloud_search is disabled.
10-23 14:55:50.145  1468  3342 I ModuleSetMgr: Download of container feature semanticlocation_debug is disabled.
10-23 14:55:50.145  1468  3342 I ModuleSetMgr: Download of container feature tflite_delegate_edgetpu is disabled.
10-23 14:55:50.145  1468  3342 I ModuleSetMgr: Download of container feature tflite_delegate_test is disabled.
10-23 14:55:50.145  1468  3342 I ModuleSetMgr: Download of container feature tflite_gpu_dynamite is disabled.
10-23 14:55:50.145  1468  3342 I ModuleSetMgr: Download of container feature userstatus_impl is disabled.
10-23 14:55:50.145  1468  3342 I ModuleSetMgr: Download of container feature usonia_iam is disabled.
10-23 14:55:50.145  1468  3342 I ModuleSetMgr: Download of container feature vision.face is disabled.
10-23 14:55:50.145  1468  3342 I ModuleSetMgr: Download of container feature vision.ica is disabled.
10-23 14:55:50.145  1468  3342 I ModuleSetMgr: Download of container feature vision.ocr is disabled.
10-23 14:55:50.145  1468  3342 I ModuleSetMgr: Pending container module APKs: []
10-23 14:55:50.145  1468  3342 I ModuleSetMgr: Pending non-container module APKs: []
10-23 14:55:50.155  3911  4251 D EGL_emulation: app_time_stats: avg=7.93ms min=1.49ms max=126.93ms count=34
10-23 14:55:50.174   524   595 V RecoverableKeyStoreMgr: Not updating secret types - same as old value.
10-23 14:55:50.211  1468  5352 I RecoverableKeyStoreGms: [RecoverableKeyStoreGmsInitOperation] Setting vault handle
10-23 14:55:50.217  1348  1360 I .gms.persistent: Background young concurrent copying GC freed 154634(8489KB) AllocSpace objects, 0(0B) LOS objects, 21% free, 23MB/29MB, paused 32us,16us total 513.364ms
10-23 14:55:50.223   524  2029 V RecoverableKeyStoreMgr: Not updating server params - same as old value.
10-23 14:55:50.226   524  2871 I RecoverySnapshotLstnrs: Registered listener for agent with uid 10124
10-23 14:55:50.266  1468  5352 I RecoverableKeyStoreGms: [EnrollmentManager] Returning certificates list from cache [CONTEXT service_id=172 ]
10-23 14:55:50.268  1348  1348 I GCoreUlr: Unbound from all signal providers.
10-23 14:55:50.268  1348  1348 I GCoreUlr: Stopping handler for UlrDispSvcFast
10-23 14:55:50.316   524  2871 I RecoverableKeyStoreMgr: The cert file serial number is the same, so skip updating.
10-23 14:55:50.316  1468  5352 I RecoverableKeyStoreGms: [EnrollmentManager] Recovery service is initialized. [CONTEXT service_id=172 ]
10-23 14:55:50.364  1348  3945 I NetworkScheduler.Stats: Task com.google.android.gms/com.google.android.gms.gcm.gmsproc.GcmInGmsTaskService started execution. cause:5 exec_start_elapsed_seconds: 90 [CONTEXT service_id=218 ]
