10-23 14:55:29.793  3911  4165 I TestRunner: started: navigate_to_start_order_from_entree_menu(com.example.lunchtray.NavigationTests)
10-23 14:55:29.800  1657  2067 I AiAiEcho: Predicting[0]:
10-23 14:55:29.800  1657  2067 I AiAiEcho: EchoTargets:
10-23 14:55:29.800  1657  2067 I AiAiEcho: Filtered by AiAi flag check:
10-23 14:55:29.800  1657  2067 I AiAiEcho: Ranked targets strategy: SORT, count: 0, ranking metadata:
10-23 14:55:29.801  4648  4760 D CompatibilityChangeReporter: Compat change id reported: 183155436; UID 10139; state: ENABLED
10-23 14:55:29.810  3911  4165 W Settings: Setting always_finish_activities has moved from android.provider.Settings.System to android.provider.Settings.Global, returning read-only value.
10-23 14:55:29.820  1468  3290 I Checkin : [EventLogChimeraService] Opted in for usage reporting: false
10-23 14:55:29.823  1657  2067 I AiAiEcho: #postPredictionTargets: Sending updates to UISurface home with targets# 0 (types=[])
10-23 14:55:29.846  4883  4938 D SharedPreferencesImpl: Time required to fsync /data/user/0/com.google.android.settings.intelligence/shared_prefs/setup_wizard_info.xml: [<1: 0, <2: 0, <4: 0, <8: 0, <16: 0, <32: 0, <64: 0, <128: 0, <256: 0, <512: 1, <1024: 0, <2048: 0, <4096: 0, <8192: 0, <16384: 0, >=16384: 0]
10-23 14:55:29.886   870   947 D EGL_emulation: app_time_stats: avg=5.89ms min=1.27ms max=21.88ms count=32
10-23 14:55:29.941  1348  4014 I Fitness : FitCleanupIntentOperation received Intent android.intent.action.PACKAGE_CHANGED [CONTEXT service_id=17 ]
10-23 14:55:29.953  3911  3911 D LifecycleMonitor: Lifecycle status change: androidx.test.core.app.InstrumentationActivityInvoker$BootstrapActivity@498fbf5 in: PRE_ON_CREATE
10-23 14:55:29.954  3911  3911 V ActivityScenario: Activity lifecycle changed event received but ignored because the intent does not match. startActivityIntent=Intent { act=android.intent.action.MAIN cat=[android.intent.category.LAUNCHER] cmp=com.example.lunchtray/androidx.fragment.app.testing.FragmentScenario$EmptyFragmentActivity (has extras) }, activity.getIntent()=Intent { act=android.intent.action.MAIN cat=[android.intent.category.LAUNCHER] flg=0x10008000 cmp=com.example.lunchtray/androidx.test.core.app.InstrumentationActivityInvoker$BootstrapActivity (has extras) }, activity=androidx.test.core.app.InstrumentationActivityInvoker$BootstrapActivity@498fbf5
10-23 14:55:29.954  3911  3911 V ActivityScenario: Activity lifecycle changed event received but ignored because the intent does not match. startActivityIntent=Intent { act=android.intent.action.MAIN cat=[android.intent.category.LAUNCHER] cmp=com.example.lunchtray/androidx.fragment.app.testing.FragmentScenario$EmptyFragmentActivity (has extras) }, activity.getIntent()=Intent { act=android.intent.action.MAIN cat=[android.intent.category.LAUNCHER] flg=0x10008000 cmp=com.example.lunchtray/androidx.test.core.app.InstrumentationActivityInvoker$BootstrapActivity (has extras) }, activity=androidx.test.core.app.InstrumentationActivityInvoker$BootstrapActivity@498fbf5
10-23 14:55:29.954  3911  3911 V ActivityScenario: Activity lifecycle changed event received but ignored because the intent does not match. startActivityIntent=Intent { act=android.intent.action.MAIN cat=[android.intent.category.LAUNCHER] cmp=com.example.lunchtray/androidx.fragment.app.testing.FragmentScenario$EmptyFragmentActivity (has extras) }, activity.getIntent()=Intent { act=android.intent.action.MAIN cat=[android.intent.category.LAUNCHER] flg=0x10008000 cmp=com.example.lunchtray/androidx.test.core.app.InstrumentationActivityInvoker$BootstrapActivity (has extras) }, activity=androidx.test.core.app.InstrumentationActivityInvoker$BootstrapActivity@498fbf5
10-23 14:55:29.955  3911  3911 V ActivityScenario: Activity lifecycle changed event received but ignored because the intent does not match. startActivityIntent=Intent { act=android.intent.action.MAIN cat=[android.intent.category.LAUNCHER] cmp=com.example.lunchtray/androidx.fragment.app.testing.FragmentScenario$EmptyFragmentActivity (has extras) }, activity.getIntent()=Intent { act=android.intent.action.MAIN cat=[android.intent.category.LAUNCHER] flg=0x10008000 cmp=com.example.lunchtray/androidx.test.core.app.InstrumentationActivityInvoker$BootstrapActivity (has extras) }, activity=androidx.test.core.app.InstrumentationActivityInvoker$BootstrapActivity@498fbf5
10-23 14:55:29.955  3911  3911 V ActivityScenario: Activity lifecycle changed event received but ignored because the intent does not match. startActivityIntent=Intent { act=android.intent.action.MAIN cat=[android.intent.category.LAUNCHER] cmp=com.example.lunchtray/androidx.fragment.app.testing.FragmentScenario$EmptyFragmentActivity (has extras) }, activity.getIntent()=Intent { act=android.intent.action.MAIN cat=[android.intent.category.LAUNCHER] flg=0x10008000 cmp=com.example.lunchtray/androidx.test.core.app.InstrumentationActivityInvoker$BootstrapActivity (has extras) }, activity=androidx.test.core.app.InstrumentationActivityInvoker$BootstrapActivity@498fbf5
10-23 14:55:29.961  2964  3177 I WM-WorkerWrapper: Worker result SUCCESS for Work [ id=efcd94b6-014b-436e-9d36-cc617825400f, tags={ com.google.apps.tiktok.contrib.work.TikTokListenableWorker, TikTokWorker#com.google.android.apps.gsa.smartspace.task.LoggerTask } ]
10-23 14:55:29.964   416   416 I BpBinder: onLastStrongRef automatically unlinking death recipients:
10-23 14:55:29.987  3911  3911 D LifecycleMonitor: Lifecycle status change: androidx.test.core.app.InstrumentationActivityInvoker$BootstrapActivity@498fbf5 in: CREATED
10-23 14:55:29.988  3911  3911 V ActivityScenario: Activity lifecycle changed event received but ignored because the intent does not match. startActivityIntent=Intent { act=android.intent.action.MAIN cat=[android.intent.category.LAUNCHER] cmp=com.example.lunchtray/androidx.fragment.app.testing.FragmentScenario$EmptyFragmentActivity (has extras) }, activity.getIntent()=Intent { act=android.intent.action.MAIN cat=[android.intent.category.LAUNCHER] flg=0x10008000 cmp=com.example.lunchtray/androidx.test.core.app.InstrumentationActivityInvoker$BootstrapActivity (has extras) }, activity=androidx.test.core.app.InstrumentationActivityInvoker$BootstrapActivity@498fbf5
10-23 14:55:29.988  3911  3911 V ActivityScenario: Activity lifecycle changed event received but ignored because the intent does not match. startActivityIntent=Intent { act=android.intent.action.MAIN cat=[android.intent.category.LAUNCHER] cmp=com.example.lunchtray/androidx.fragment.app.testing.FragmentScenario$EmptyFragmentActivity (has extras) }, activity.getIntent()=Intent { act=android.intent.action.MAIN cat=[android.intent.category.LAUNCHER] flg=0x10008000 cmp=com.example.lunchtray/androidx.test.core.app.InstrumentationActivityInvoker$BootstrapActivity (has extras) }, activity=androidx.test.core.app.InstrumentationActivityInvoker$BootstrapActivity@498fbf5
10-23 14:55:29.992  3911  3911 V ActivityScenario: Activity lifecycle changed event received but ignored because the intent does not match. startActivityIntent=Intent { act=android.intent.action.MAIN cat=[android.intent.category.LAUNCHER] cmp=com.example.lunchtray/androidx.fragment.app.testing.FragmentScenario$EmptyFragmentActivity (has extras) }, activity.getIntent()=Intent { act=android.intent.action.MAIN cat=[android.intent.category.LAUNCHER] flg=0x10008000 cmp=com.example.lunchtray/androidx.test.core.app.InstrumentationActivityInvoker$BootstrapActivity (has extras) }, activity=androidx.test.core.app.InstrumentationActivityInvoker$BootstrapActivity@498fbf5
10-23 14:55:29.992  3911  3911 V ActivityScenario: Activity lifecycle changed event received but ignored because the intent does not match. startActivityIntent=Intent { act=android.intent.action.MAIN cat=[android.intent.category.LAUNCHER] cmp=com.example.lunchtray/androidx.fragment.app.testing.FragmentScenario$EmptyFragmentActivity (has extras) }, activity.getIntent()=Intent { act=android.intent.action.MAIN cat=[android.intent.category.LAUNCHER] flg=0x10008000 cmp=com.example.lunchtray/androidx.test.core.app.InstrumentationActivityInvoker$BootstrapActivity (has extras) }, activity=androidx.test.core.app.InstrumentationActivityInvoker$BootstrapActivity@498fbf5
10-23 14:55:29.992  3911  3911 V ActivityScenario: Activity lifecycle changed event received but ignored because the intent does not match. startActivityIntent=Intent { act=android.intent.action.MAIN cat=[android.intent.category.LAUNCHER] cmp=com.example.lunchtray/androidx.fragment.app.testing.FragmentScenario$EmptyFragmentActivity (has extras) }, activity.getIntent()=Intent { act=android.intent.action.MAIN cat=[android.intent.category.LAUNCHER] flg=0x10008000 cmp=com.example.lunchtray/androidx.test.core.app.InstrumentationActivityInvoker$BootstrapActivity (has extras) }, activity=androidx.test.core.app.InstrumentationActivityInvoker$BootstrapActivity@498fbf5
10-23 14:55:29.999  2964  3177 I WM-WorkerWrapper: Worker result SUCCESS for Work [ id=c6efe11e-c485-4509-ae1d-82c2a074871f, tags={ com.google.apps.tiktok.contrib.work.TikTokListenableWorker, TikTokWorker#com.google.android.apps.gsa.staticplugins.opa.worker.nudgeui.ResetOpaNgaQueryCounterTask } ]
10-23 14:55:29.999  3911  3911 D LifecycleMonitor: Lifecycle status change: androidx.test.core.app.InstrumentationActivityInvoker$BootstrapActivity@498fbf5 in: STARTED
10-23 14:55:30.001  3911  3911 V ActivityScenario: Activity lifecycle changed event received but ignored because the intent does not match. startActivityIntent=Intent { act=android.intent.action.MAIN cat=[android.intent.category.LAUNCHER] cmp=com.example.lunchtray/androidx.fragment.app.testing.FragmentScenario$EmptyFragmentActivity (has extras) }, activity.getIntent()=Intent { act=android.intent.action.MAIN cat=[android.intent.category.LAUNCHER] flg=0x10008000 cmp=com.example.lunchtray/androidx.test.core.app.InstrumentationActivityInvoker$BootstrapActivity (has extras) }, activity=androidx.test.core.app.InstrumentationActivityInvoker$BootstrapActivity@498fbf5
10-23 14:55:30.001  3911  3911 V ActivityScenario: Activity lifecycle changed event received but ignored because the intent does not match. startActivityIntent=Intent { act=android.intent.action.MAIN cat=[android.intent.category.LAUNCHER] cmp=com.example.lunchtray/androidx.fragment.app.testing.FragmentScenario$EmptyFragmentActivity (has extras) }, activity.getIntent()=Intent { act=android.intent.action.MAIN cat=[android.intent.category.LAUNCHER] flg=0x10008000 cmp=com.example.lunchtray/androidx.test.core.app.InstrumentationActivityInvoker$BootstrapActivity (has extras) }, activity=androidx.test.core.app.InstrumentationActivityInvoker$BootstrapActivity@498fbf5
10-23 14:55:30.003  3911  3911 V ActivityScenario: Activity lifecycle changed event received but ignored because the intent does not match. startActivityIntent=Intent { act=android.intent.action.MAIN cat=[android.intent.category.LAUNCHER] cmp=com.example.lunchtray/androidx.fragment.app.testing.FragmentScenario$EmptyFragmentActivity (has extras) }, activity.getIntent()=Intent { act=android.intent.action.MAIN cat=[android.intent.category.LAUNCHER] flg=0x10008000 cmp=com.example.lunchtray/androidx.test.core.app.InstrumentationActivityInvoker$BootstrapActivity (has extras) }, activity=androidx.test.core.app.InstrumentationActivityInvoker$BootstrapActivity@498fbf5
10-23 14:55:30.007  1348  3945 W GoogleHttpServiceClient: Timeout on service connection
10-23 14:55:30.007  1348  3945 W GoogleHttpServiceClient: java.lang.Throwable
10-23 14:55:30.007  1348  3945 W GoogleHttpServiceClient: 	at aqzs.a(:com.google.android.gms@231818047@23.18.18 (190800-535401451):3)
10-23 14:55:30.007  1348  3945 W GoogleHttpServiceClient: 	at aqzt.c(:com.google.android.gms@231818047@23.18.18 (190800-535401451):3)
10-23 14:55:30.007  1348  3945 W GoogleHttpServiceClient: 	at aqzk.d(:com.google.android.gms@231818047@23.18.18 (190800-535401451):1)
10-23 14:55:30.007  1348  3945 W GoogleHttpServiceClient: 	at aqzo.a(:com.google.android.gms@231818047@23.18.18 (190800-535401451):0)
10-23 14:55:30.007  1348  3945 W GoogleHttpServiceClient: 	at aqzk.b(:com.google.android.gms@231818047@23.18.18 (190800-535401451):5)
10-23 14:55:30.007  1348  3945 W GoogleHttpServiceClient: 	at qrv.a(:com.google.android.gms@231818047@23.18.18 (190800-535401451):5)
10-23 14:55:30.007  1348  3945 W GoogleHttpServiceClient: 	at mbc.g(:com.google.android.gms@231818047@23.18.18 (190800-535401451):4)
10-23 14:55:30.007  1348  3945 W GoogleHttpServiceClient: 	at mbc.f(:com.google.android.gms@231818047@23.18.18 (190800-535401451):5)
10-23 14:55:30.007  1348  3945 W GoogleHttpServiceClient: 	at mbc.e(:com.google.android.gms@231818047@23.18.18 (190800-535401451):0)
10-23 14:55:30.007  1348  3945 W GoogleHttpServiceClient: 	at mbc.d(:com.google.android.gms@231818047@23.18.18 (190800-535401451):0)
10-23 14:55:30.007  1348  3945 W GoogleHttpServiceClient: 	at oub.b(:com.google.android.gms@231818047@23.18.18 (190800-535401451):39)
10-23 14:55:30.007  1348  3945 W GoogleHttpServiceClient: 	at otz.a(:com.google.android.gms@231818047@23.18.18 (190800-535401451):8)
10-23 14:55:30.007  1348  3945 W GoogleHttpServiceClient: 	at otv.a(:com.google.android.gms@231818047@23.18.18 (190800-535401451):0)
10-23 14:55:30.007  1348  3945 W GoogleHttpServiceClient: 	at otx.a(:com.google.android.gms@231818047@23.18.18 (190800-535401451):6)
10-23 14:55:30.007  1348  3945 W GoogleHttpServiceClient: 	at otx.b(:com.google.android.gms@231818047@23.18.18 (190800-535401451):0)
10-23 14:55:30.007  1348  3945 W GoogleHttpServiceClient: 	at abxk.r(:com.google.android.gms@231818047@23.18.18 (190800-535401451):1)
10-23 14:55:30.007  1348  3945 W GoogleHttpServiceClient: 	at abxw.e(:com.google.android.gms@231818047@23.18.18 (190800-535401451):4)
10-23 14:55:30.007  1348  3945 W GoogleHttpServiceClient: 	at abxw.g(:com.google.android.gms@231818047@23.18.18 (190800-535401451):0)
10-23 14:55:30.007  1348  3945 W GoogleHttpServiceClient: 	at cyeg.a(:com.google.android.gms@231818047@23.18.18 (190800-535401451):27)
10-23 14:55:30.007  1348  3945 W GoogleHttpServiceClient: 	at czpd.call(:com.google.android.gms@231818047@23.18.18 (190800-535401451):78)
10-23 14:55:30.007  1348  3945 W GoogleHttpServiceClient: 	at java.util.concurrent.FutureTask.run(FutureTask.java:264)
10-23 14:55:30.007  1348  3945 W GoogleHttpServiceClient: 	at aced.c(:com.google.android.gms@231818047@23.18.18 (190800-535401451):6)
10-23 14:55:30.007  1348  3945 W GoogleHttpServiceClient: 	at aced.run(:com.google.android.gms@231818047@23.18.18 (190800-535401451):7)
10-23 14:55:30.007  1348  3945 W GoogleHttpServiceClient: 	at java.util.concurrent.ThreadPoolExecutor.runWorker(ThreadPoolExecutor.java:1145)
10-23 14:55:30.007  1348  3945 W GoogleHttpServiceClient: 	at java.util.concurrent.ThreadPoolExecutor$Worker.run(ThreadPoolExecutor.java:644)
10-23 14:55:30.007  1348  3945 W GoogleHttpServiceClient: 	at acjn.run(:com.google.android.gms@231818047@23.18.18 (190800-535401451):0)
10-23 14:55:30.007  1348  3945 W GoogleHttpServiceClient: 	at java.lang.Thread.run(Thread.java:1012)
10-23 14:55:30.011  3911  3911 V ActivityScenario: Activity lifecycle changed event received but ignored because the intent does not match. startActivityIntent=Intent { act=android.intent.action.MAIN cat=[android.intent.category.LAUNCHER] cmp=com.example.lunchtray/androidx.fragment.app.testing.FragmentScenario$EmptyFragmentActivity (has extras) }, activity.getIntent()=Intent { act=android.intent.action.MAIN cat=[android.intent.category.LAUNCHER] flg=0x10008000 cmp=com.example.lunchtray/androidx.test.core.app.InstrumentationActivityInvoker$BootstrapActivity (has extras) }, activity=androidx.test.core.app.InstrumentationActivityInvoker$BootstrapActivity@498fbf5
10-23 14:55:30.012  3911  3911 V ActivityScenario: Activity lifecycle changed event received but ignored because the intent does not match. startActivityIntent=Intent { act=android.intent.action.MAIN cat=[android.intent.category.LAUNCHER] cmp=com.example.lunchtray/androidx.fragment.app.testing.FragmentScenario$EmptyFragmentActivity (has extras) }, activity.getIntent()=Intent { act=android.intent.action.MAIN cat=[android.intent.category.LAUNCHER] flg=0x10008000 cmp=com.example.lunchtray/androidx.test.core.app.InstrumentationActivityInvoker$BootstrapActivity (has extras) }, activity=androidx.test.core.app.InstrumentationActivityInvoker$BootstrapActivity@498fbf5
10-23 14:55:30.014  2964  2964 I GnpSdk  : [ChimeBroadcastReceiver] Intent received for action [android.intent.action.BOOT_COMPLETED] package [com.google.android.googlequicksearchbox].
10-23 14:55:30.014  2964  2964 I GnpSdk  : [ChimeBroadcastReceiver] Phenotype initialized.
10-23 14:55:30.016  2964  2964 I GnpSdk  : [ChimeBroadcastReceiver] Validation OK for action [android.intent.action.BOOT_COMPLETED].
10-23 14:55:30.020  2964  2964 W SnapshotHandler: Unable to retrieve flag snapshot for com.google.android.libraries.notifications#com.google.android.googlequicksearchbox, using defaults.
10-23 14:55:30.020  2964  2964 W SnapshotHandler: java.io.FileNotFoundException: /data/user/0/com.google.android.googlequicksearchbox/files/phenotype/shared/com.google.android.libraries.notifications#com.google.android.googlequicksearchbox.pb: open failed: ENOENT (No such file or directory)
10-23 14:55:30.020  2964  2964 W SnapshotHandler: 	at libcore.io.IoBridge.open(IoBridge.java:574)
10-23 14:55:30.020  2964  2964 W SnapshotHandler: 	at java.io.FileInputStream.<init>(FileInputStream.java:160)
10-23 14:55:30.020  2964  2964 W SnapshotHandler: 	at com.google.android.libraries.storage.a.a.v.e(PG:3)
10-23 14:55:30.020  2964  2964 W SnapshotHandler: 	at com.google.android.libraries.storage.a.a.c.e(PG:2)
10-23 14:55:30.020  2964  2964 W SnapshotHandler: 	at com.google.android.libraries.storage.a.g.n.b(PG:1)
10-23 14:55:30.020  2964  2964 W SnapshotHandler: 	at com.google.android.libraries.storage.a.g.m.a(PG:1)
10-23 14:55:30.020  2964  2964 W SnapshotHandler: 	at com.google.android.libraries.storage.a.i.c(PG:2)
10-23 14:55:30.020  2964  2964 W SnapshotHandler: 	at com.google.android.libraries.phenotype.client.stable.aa.b(PG:3)
10-23 14:55:30.020  2964  2964 W SnapshotHandler: 	at com.google.android.libraries.phenotype.client.stable.bb.c(PG:12)
10-23 14:55:30.020  2964  2964 W SnapshotHandler: 	at com.google.android.libraries.phenotype.client.stable.bb.a(PG:1)
10-23 14:55:30.020  2964  2964 W SnapshotHandler: 	at f.a.a.e.a.c.c(PG:1)
10-23 14:55:30.020  2964  2964 W SnapshotHandler: 	at com.google.android.libraries.notifications.entrypoints.c.onReceive(PG:25)
10-23 14:55:30.020  2964  2964 W SnapshotHandler: 	at android.app.ActivityThread.handleReceiver(ActivityThread.java:4449)
10-23 14:55:30.020  2964  2964 W SnapshotHandler: 	at android.app.ActivityThread.-$$Nest$mhandleReceiver(Unknown Source:0)
10-23 14:55:30.020  2964  2964 W SnapshotHandler: 	at android.app.ActivityThread$H.handleMessage(ActivityThread.java:2256)
10-23 14:55:30.020  2964  2964 W SnapshotHandler: 	at android.os.Handler.dispatchMessage(Handler.java:106)
10-23 14:55:30.020  2964  2964 W SnapshotHandler: 	at android.os.Looper.loopOnce(Looper.java:205)
10-23 14:55:30.020  2964  2964 W SnapshotHandler: 	at android.os.Looper.loop(Looper.java:294)
10-23 14:55:30.020  2964  2964 W SnapshotHandler: 	at android.app.ActivityThread.main(ActivityThread.java:8177)
10-23 14:55:30.020  2964  2964 W SnapshotHandler: 	at java.lang.reflect.Method.invoke(Native Method)
10-23 14:55:30.020  2964  2964 W SnapshotHandler: 	at com.android.internal.os.RuntimeInit$MethodAndArgsCaller.run(RuntimeInit.java:552)
10-23 14:55:30.020  2964  2964 W SnapshotHandler: 	at com.android.internal.os.ZygoteInit.main(ZygoteInit.java:971)
10-23 14:55:30.020  2964  2964 W SnapshotHandler: Caused by: android.system.ErrnoException: open failed: ENOENT (No such file or directory)
10-23 14:55:30.020  2964  2964 W SnapshotHandler: 	at libcore.io.Linux.open(Native Method)
10-23 14:55:30.020  2964  2964 W SnapshotHandler: 	at libcore.io.ForwardingOs.open(ForwardingOs.java:563)
10-23 14:55:30.020  2964  2964 W SnapshotHandler: 	at libcore.io.BlockGuardOs.open(BlockGuardOs.java:274)
10-23 14:55:30.020  2964  2964 W SnapshotHandler: 	at libcore.io.ForwardingOs.open(ForwardingOs.java:563)
10-23 14:55:30.020  2964  2964 W SnapshotHandler: 	at android.app.ActivityThread$AndroidOs.open(ActivityThread.java:8063)
10-23 14:55:30.020  2964  2964 W SnapshotHandler: 	at libcore.io.IoBridge.open(IoBridge.java:560)
10-23 14:55:30.020  2964  2964 W SnapshotHandler: 	... 21 more
10-23 14:55:30.021  2964  2964 I GnpSdk  : [ChimeExecutorApiImpl-Tiktok] Submitting Broadcast execution [242262092] to tiktok executor.
10-23 14:55:30.021  2964  3301 I GnpSdk  : [ChimeBroadcastReceiver] Executing action in BroadcastReceiver [android.intent.action.BOOT_COMPLETED].
10-23 14:55:30.027  4883  4883 W DatabaseUtils: clear database since fail to delete the database
10-23 14:55:30.030  1348  2011 I FontLog : Received query Noto Color Emoji Compat, URI content://com.google.android.gms.fonts [CONTEXT service_id=132 ]
10-23 14:55:30.030  1348  2011 I FontLog : Query [Noto Color Emoji Compat] resolved to {Noto Color Emoji Compat, wdth 100.0, wght 400, ital 0.0, bestEffort false} [CONTEXT service_id=132 ]
10-23 14:55:30.031  1468  2062 I Icing   : IndexChimeraService.getServiceInterface callingPackage=com.google.android.googlequicksearchbox componentName=AMBIENT_ASSISTANT serviceId=32
10-23 14:55:30.036  1348  4860 I Fitness : OnPackageChangedOperation got intent: Intent { act=android.intent.action.PACKAGE_CHANGED dat=package: flg=0x45000010 pkg=com.google.android.gms cmp=com.google.android.gms/.chimera.PersistentIntentOperationService (has extras) } [CONTEXT service_id=17 ]
10-23 14:55:30.066  3911  3911 D LifecycleMonitor: Lifecycle status change: androidx.test.core.app.InstrumentationActivityInvoker$BootstrapActivity@498fbf5 in: RESUMED
10-23 14:55:30.066  3911  3911 V ActivityScenario: Activity lifecycle changed event received but ignored because the intent does not match. startActivityIntent=Intent { act=android.intent.action.MAIN cat=[android.intent.category.LAUNCHER] cmp=com.example.lunchtray/androidx.fragment.app.testing.FragmentScenario$EmptyFragmentActivity (has extras) }, activity.getIntent()=Intent { act=android.intent.action.MAIN cat=[android.intent.category.LAUNCHER] flg=0x10008000 cmp=com.example.lunchtray/androidx.test.core.app.InstrumentationActivityInvoker$BootstrapActivity (has extras) }, activity=androidx.test.core.app.InstrumentationActivityInvoker$BootstrapActivity@498fbf5
10-23 14:55:30.067  3911  3911 V ActivityScenario: Activity lifecycle changed event received but ignored because the intent does not match. startActivityIntent=Intent { act=android.intent.action.MAIN cat=[android.intent.category.LAUNCHER] cmp=com.example.lunchtray/androidx.fragment.app.testing.FragmentScenario$EmptyFragmentActivity (has extras) }, activity.getIntent()=Intent { act=android.intent.action.MAIN cat=[android.intent.category.LAUNCHER] flg=0x10008000 cmp=com.example.lunchtray/androidx.test.core.app.InstrumentationActivityInvoker$BootstrapActivity (has extras) }, activity=androidx.test.core.app.InstrumentationActivityInvoker$BootstrapActivity@498fbf5
10-23 14:55:30.068  3911  3911 V ActivityScenario: Activity lifecycle changed event received but ignored because the intent does not match. startActivityIntent=Intent { act=android.intent.action.MAIN cat=[android.intent.category.LAUNCHER] cmp=com.example.lunchtray/androidx.fragment.app.testing.FragmentScenario$EmptyFragmentActivity (has extras) }, activity.getIntent()=Intent { act=android.intent.action.MAIN cat=[android.intent.category.LAUNCHER] flg=0x10008000 cmp=com.example.lunchtray/androidx.test.core.app.InstrumentationActivityInvoker$BootstrapActivity (has extras) }, activity=androidx.test.core.app.InstrumentationActivityInvoker$BootstrapActivity@498fbf5
10-23 14:55:30.068  3911  3911 V ActivityScenario: Activity lifecycle changed event received but ignored because the intent does not match. startActivityIntent=Intent { act=android.intent.action.MAIN cat=[android.intent.category.LAUNCHER] cmp=com.example.lunchtray/androidx.fragment.app.testing.FragmentScenario$EmptyFragmentActivity (has extras) }, activity.getIntent()=Intent { act=android.intent.action.MAIN cat=[android.intent.category.LAUNCHER] flg=0x10008000 cmp=com.example.lunchtray/androidx.test.core.app.InstrumentationActivityInvoker$BootstrapActivity (has extras) }, activity=androidx.test.core.app.InstrumentationActivityInvoker$BootstrapActivity@498fbf5
10-23 14:55:30.068  3911  3911 V ActivityScenario: Activity lifecycle changed event received but ignored because the intent does not match. startActivityIntent=Intent { act=android.intent.action.MAIN cat=[android.intent.category.LAUNCHER] cmp=com.example.lunchtray/androidx.fragment.app.testing.FragmentScenario$EmptyFragmentActivity (has extras) }, activity.getIntent()=Intent { act=android.intent.action.MAIN cat=[android.intent.category.LAUNCHER] flg=0x10008000 cmp=com.example.lunchtray/androidx.test.core.app.InstrumentationActivityInvoker$BootstrapActivity (has extras) }, activity=androidx.test.core.app.InstrumentationActivityInvoker$BootstrapActivity@498fbf5
10-23 14:55:30.076  3911  3911 D LifecycleMonitor: Lifecycle status change: androidx.test.core.app.InstrumentationActivityInvoker$BootstrapActivity@498fbf5 in: PAUSED
10-23 14:55:30.076  3911  3911 V ActivityScenario: Activity lifecycle changed event received but ignored because the intent does not match. startActivityIntent=Intent { act=android.intent.action.MAIN cat=[android.intent.category.LAUNCHER] cmp=com.example.lunchtray/androidx.fragment.app.testing.FragmentScenario$EmptyFragmentActivity (has extras) }, activity.getIntent()=Intent { act=android.intent.action.MAIN cat=[android.intent.category.LAUNCHER] flg=0x10008000 cmp=com.example.lunchtray/androidx.test.core.app.InstrumentationActivityInvoker$BootstrapActivity (has extras) }, activity=androidx.test.core.app.InstrumentationActivityInvoker$BootstrapActivity@498fbf5
10-23 14:55:30.076  3911  3911 V ActivityScenario: Activity lifecycle changed event received but ignored because the intent does not match. startActivityIntent=Intent { act=android.intent.action.MAIN cat=[android.intent.category.LAUNCHER] cmp=com.example.lunchtray/androidx.fragment.app.testing.FragmentScenario$EmptyFragmentActivity (has extras) }, activity.getIntent()=Intent { act=android.intent.action.MAIN cat=[android.intent.category.LAUNCHER] flg=0x10008000 cmp=com.example.lunchtray/androidx.test.core.app.InstrumentationActivityInvoker$BootstrapActivity (has extras) }, activity=androidx.test.core.app.InstrumentationActivityInvoker$BootstrapActivity@498fbf5
10-23 14:55:30.077  3911  3911 V ActivityScenario: Activity lifecycle changed event received but ignored because the intent does not match. startActivityIntent=Intent { act=android.intent.action.MAIN cat=[android.intent.category.LAUNCHER] cmp=com.example.lunchtray/androidx.fragment.app.testing.FragmentScenario$EmptyFragmentActivity (has extras) }, activity.getIntent()=Intent { act=android.intent.action.MAIN cat=[android.intent.category.LAUNCHER] flg=0x10008000 cmp=com.example.lunchtray/androidx.test.core.app.InstrumentationActivityInvoker$BootstrapActivity (has extras) }, activity=androidx.test.core.app.InstrumentationActivityInvoker$BootstrapActivity@498fbf5
10-23 14:55:30.077  3911  3911 V ActivityScenario: Activity lifecycle changed event received but ignored because the intent does not match. startActivityIntent=Intent { act=android.intent.action.MAIN cat=[android.intent.category.LAUNCHER] cmp=com.example.lunchtray/androidx.fragment.app.testing.FragmentScenario$EmptyFragmentActivity (has extras) }, activity.getIntent()=Intent { act=android.intent.action.MAIN cat=[android.intent.category.LAUNCHER] flg=0x10008000 cmp=com.example.lunchtray/androidx.test.core.app.InstrumentationActivityInvoker$BootstrapActivity (has extras) }, activity=androidx.test.core.app.InstrumentationActivityInvoker$BootstrapActivity@498fbf5
10-23 14:55:30.078  3911  3911 V ActivityScenario: Activity lifecycle changed event received but ignored because the intent does not match. startActivityIntent=Intent { act=android.intent.action.MAIN cat=[android.intent.category.LAUNCHER] cmp=com.example.lunchtray/androidx.fragment.app.testing.FragmentScenario$EmptyFragmentActivity (has extras) }, activity.getIntent()=Intent { act=android.intent.action.MAIN cat=[android.intent.category.LAUNCHER] flg=0x10008000 cmp=com.example.lunchtray/androidx.test.core.app.InstrumentationActivityInvoker$BootstrapActivity (has extras) }, activity=androidx.test.core.app.InstrumentationActivityInvoker$BootstrapActivity@498fbf5
10-23 14:55:30.078  1348  1504 W ChimeraUtils: Module com.google.android.gms.nearby_en missing resource null(0)
10-23 14:55:30.091  3911  3911 D LifecycleMonitor: Lifecycle status change: androidx.fragment.app.testing.FragmentScenario$EmptyFragmentActivity@d70f230 in: PRE_ON_CREATE
10-23 14:55:30.094  3911  3911 V ActivityScenario: Activity lifecycle changed event received but ignored because the reported transition was not ON_CREATE while the last known transition was DESTROYED
10-23 14:55:30.094  3911  3911 V ActivityScenario: Activity lifecycle changed event received but ignored because the reported transition was not ON_CREATE while the last known transition was DESTROYED
10-23 14:55:30.095  3911  3911 V ActivityScenario: Activity lifecycle changed event received but ignored because the reported transition was not ON_CREATE while the last known transition was DESTROYED
10-23 14:55:30.095  3911  3911 V ActivityScenario: Activity lifecycle changed event received but ignored because the reported transition was not ON_CREATE while the last known transition was DESTROYED
10-23 14:55:30.095  3911  3911 V ActivityScenario: Activity lifecycle changed event received but ignored because the reported transition was not ON_CREATE while the last known transition was PRE_ON_CREATE
10-23 14:55:30.100  2964  3301 W SnapshotHandler: Unable to retrieve flag snapshot for com.google.android.libraries.notifications.platform#com.google.android.googlequicksearchbox, using defaults.
10-23 14:55:30.100  2964  3301 W SnapshotHandler: java.io.FileNotFoundException: /data/user/0/com.google.android.googlequicksearchbox/files/phenotype/shared/com.google.android.libraries.notifications.platform#com.google.android.googlequicksearchbox.pb: open failed: ENOENT (No such file or directory)
10-23 14:55:30.100  2964  3301 W SnapshotHandler: 	at libcore.io.IoBridge.open(IoBridge.java:574)
10-23 14:55:30.100  2964  3301 W SnapshotHandler: 	at java.io.FileInputStream.<init>(FileInputStream.java:160)
10-23 14:55:30.100  2964  3301 W SnapshotHandler: 	at com.google.android.libraries.storage.a.a.v.e(PG:3)
10-23 14:55:30.100  2964  3301 W SnapshotHandler: 	at com.google.android.libraries.storage.a.a.c.e(PG:2)
10-23 14:55:30.100  2964  3301 W SnapshotHandler: 	at com.google.android.libraries.storage.a.g.n.b(PG:1)
10-23 14:55:30.100  2964  3301 W SnapshotHandler: 	at com.google.android.libraries.storage.a.g.m.a(PG:1)
10-23 14:55:30.100  2964  3301 W SnapshotHandler: 	at com.google.android.libraries.storage.a.i.c(PG:2)
10-23 14:55:30.100  2964  3301 W SnapshotHandler: 	at com.google.android.libraries.phenotype.client.stable.aa.b(PG:3)
10-23 14:55:30.100  2964  3301 W SnapshotHandler: 	at com.google.android.libraries.phenotype.client.stable.bb.c(PG:12)
10-23 14:55:30.100  2964  3301 W SnapshotHandler: 	at com.google.android.libraries.phenotype.client.stable.bb.a(PG:1)
10-23 14:55:30.100  2964  3301 W SnapshotHandler: 	at f.a.a.i.a.i.b(PG:1)
10-23 14:55:30.100  2964  3301 W SnapshotHandler: 	at f.a.a.i.a.g.c(PG:1)
10-23 14:55:30.100  2964  3301 W SnapshotHandler: 	at com.google.android.libraries.notifications.data.impl.n.f(PG:1)
10-23 14:55:30.100  2964  3301 W SnapshotHandler: 	at com.google.android.libraries.notifications.data.impl.n.a(PG:2)
10-23 14:55:30.100  2964  3301 W SnapshotHandler: 	at com.google.android.libraries.notifications.data.impl.o.a(PG:2)
10-23 14:55:30.100  2964  3301 W SnapshotHandler: 	at com.google.android.libraries.notifications.o.a.a.b(PG:5)
10-23 14:55:30.100  2964  3301 W SnapshotHandler: 	at com.google.android.libraries.notifications.entrypoints.restart.a.b(PG:14)
10-23 14:55:30.100  2964  3301 W SnapshotHandler: 	at com.google.android.libraries.notifications.entrypoints.c.b(PG:3)
10-23 14:55:30.100  2964  3301 W SnapshotHandler: 	at com.google.android.libraries.notifications.entrypoints.b.run(PG:2)
10-23 14:55:30.100  2964  3301 W SnapshotHandler: 	at com.google.apps.tiktok.tracing.ei.run(PG:2)
10-23 14:55:30.100  2964  3301 W SnapshotHandler: 	at java.util.concurrent.Executors$RunnableAdapter.call(Executors.java:487)
10-23 14:55:30.100  2964  3301 W SnapshotHandler: 	at com.google.common.util.concurrent.dy.a(PG:1)
10-23 14:55:30.100  2964  3301 W SnapshotHandler: 	at com.google.common.util.concurrent.cv.run(PG:4)
10-23 14:55:30.100  2964  3301 W SnapshotHandler: 	at com.google.common.util.concurrent.dz.run(PG:1)
10-23 14:55:30.100  2964  3301 W SnapshotHandler: 	at java.util.concurrent.ThreadPoolExecutor.runWorker(ThreadPoolExecutor.java:1145)
10-23 14:55:30.100  2964  3301 W SnapshotHandler: 	at java.util.concurrent.ThreadPoolExecutor$Worker.run(ThreadPoolExecutor.java:644)
10-23 14:55:30.100  2964  3301 W SnapshotHandler: 	at com.google.android.libraries.i.i.run(PG:2)
10-23 14:55:30.100  2964  3301 W SnapshotHandler: 	at com.google.android.libraries.i.p.run(PG:4)
10-23 14:55:30.100  2964  3301 W SnapshotHandler: 	at java.lang.Thread.run(Thread.java:1012)
10-23 14:55:30.100  2964  3301 W SnapshotHandler: Caused by: android.system.ErrnoException: open failed: ENOENT (No such file or directory)
10-23 14:55:30.100  2964  3301 W SnapshotHandler: 	at libcore.io.Linux.open(Native Method)
10-23 14:55:30.100  2964  3301 W SnapshotHandler: 	at libcore.io.ForwardingOs.open(ForwardingOs.java:563)
10-23 14:55:30.100  2964  3301 W SnapshotHandler: 	at libcore.io.BlockGuardOs.open(BlockGuardOs.java:274)
10-23 14:55:30.100  2964  3301 W SnapshotHandler: 	at libcore.io.ForwardingOs.open(ForwardingOs.java:563)
10-23 14:55:30.100  2964  3301 W SnapshotHandler: 	at android.app.ActivityThread$AndroidOs.open(ActivityThread.java:8063)
10-23 14:55:30.100  2964  3301 W SnapshotHandler: 	at libcore.io.IoBridge.open(IoBridge.java:560)
10-23 14:55:30.100  2964  3301 W SnapshotHandler: 	... 28 more
10-23 14:55:30.123  3911  3911 D LifecycleMonitor: Lifecycle status change: androidx.fragment.app.testing.FragmentScenario$EmptyFragmentActivity@d70f230 in: CREATED
10-23 14:55:30.124  3911  3911 V ActivityScenario: Update currentActivityStage to CREATED, currentActivity=androidx.fragment.app.testing.FragmentScenario$EmptyFragmentActivity@d70f230
10-23 14:55:30.124  3911  3911 V ActivityScenario: Update currentActivityStage to CREATED, currentActivity=androidx.fragment.app.testing.FragmentScenario$EmptyFragmentActivity@d70f230
10-23 14:55:30.124  3911  3911 V ActivityScenario: Update currentActivityStage to CREATED, currentActivity=androidx.fragment.app.testing.FragmentScenario$EmptyFragmentActivity@d70f230
10-23 14:55:30.124  3911  3911 V ActivityScenario: Update currentActivityStage to CREATED, currentActivity=androidx.fragment.app.testing.FragmentScenario$EmptyFragmentActivity@d70f230
10-23 14:55:30.124  3911  3911 V ActivityScenario: Update currentActivityStage to CREATED, currentActivity=androidx.fragment.app.testing.FragmentScenario$EmptyFragmentActivity@d70f230
10-23 14:55:30.125  3911  3911 D LifecycleMonitor: Lifecycle status change: androidx.fragment.app.testing.FragmentScenario$EmptyFragmentActivity@d70f230 in: STARTED
10-23 14:55:30.125  3911  3911 V ActivityScenario: Update currentActivityStage to STARTED, currentActivity=androidx.fragment.app.testing.FragmentScenario$EmptyFragmentActivity@d70f230
10-23 14:55:30.126  3911  3911 V ActivityScenario: Update currentActivityStage to STARTED, currentActivity=androidx.fragment.app.testing.FragmentScenario$EmptyFragmentActivity@d70f230
10-23 14:55:30.126  3911  3911 V ActivityScenario: Update currentActivityStage to STARTED, currentActivity=androidx.fragment.app.testing.FragmentScenario$EmptyFragmentActivity@d70f230
10-23 14:55:30.126  3911  3911 V ActivityScenario: Update currentActivityStage to STARTED, currentActivity=androidx.fragment.app.testing.FragmentScenario$EmptyFragmentActivity@d70f230
10-23 14:55:30.126   351   351 I Zygote  : Process 4883 exited due to signal 9 (Killed)
10-23 14:55:30.126  3911  3911 V ActivityScenario: Update currentActivityStage to STARTED, currentActivity=androidx.fragment.app.testing.FragmentScenario$EmptyFragmentActivity@d70f230
10-23 14:55:30.128  3911  3911 D LifecycleMonitor: Lifecycle status change: androidx.fragment.app.testing.FragmentScenario$EmptyFragmentActivity@d70f230 in: RESUMED
10-23 14:55:30.128  3911  3911 V ActivityScenario: Update currentActivityStage to RESUMED, currentActivity=androidx.fragment.app.testing.FragmentScenario$EmptyFragmentActivity@d70f230
10-23 14:55:30.128  3911  3911 V ActivityScenario: Update currentActivityStage to RESUMED, currentActivity=androidx.fragment.app.testing.FragmentScenario$EmptyFragmentActivity@d70f230
10-23 14:55:30.129  3911  3911 V ActivityScenario: Update currentActivityStage to RESUMED, currentActivity=androidx.fragment.app.testing.FragmentScenario$EmptyFragmentActivity@d70f230
10-23 14:55:30.129  3911  3911 V ActivityScenario: Update currentActivityStage to RESUMED, currentActivity=androidx.fragment.app.testing.FragmentScenario$EmptyFragmentActivity@d70f230
10-23 14:55:30.130  3911  3911 V ActivityScenario: Update currentActivityStage to RESUMED, currentActivity=androidx.fragment.app.testing.FragmentScenario$EmptyFragmentActivity@d70f230
10-23 14:55:30.142  1348  3945 D TrafficStats: tagSocket(225) with statsTag=0x20000401, statsUid=10124
10-23 14:55:30.158  1348  1504 W ChimeraUtils: Module com.google.android.gms.nearby_en missing resource null(0)
10-23 14:55:30.159  1089  1089 D CarrierSvcBindHelper: onPackageModified: com.google.android.settings.intelligence
10-23 14:55:30.170  1089  1089 D CarrierSvcBindHelper: No carrier app for: 0
10-23 14:55:30.175  3911  4251 E OpenGLRenderer: Unable to match the desired swap behavior.
10-23 14:55:30.176   870   947 E OpenGLRenderer: Unable to match the desired swap behavior.
10-23 14:55:30.197  1348  1504 W ChimeraUtils: Module com.google.android.gms.nearby_en missing resource null(0)
10-23 14:55:30.206  1089  1089 D CarrierSvcBindHelper: onPackageModified: com.google.android.settings.intelligence
10-23 14:55:30.207  1089  1089 D CarrierSvcBindHelper: No carrier app for: 0
10-23 14:55:30.207  1089  1331 D ImsResolver: maybeAddedImsService, packageName: com.google.android.settings.intelligence
10-23 14:55:30.211  1348  3945 W Conscrypt: Could not set socket write timeout: java.net.SocketException: Socket closed
10-23 14:55:30.233  1348  3945 W Conscrypt: 	at com.google.android.gms.org.conscrypt.Platform.setSocketWriteTimeout(:com.google.android.gms@231818047@23.18.18 (190800-535401451):2)
10-23 14:55:30.233  1348  3945 W Conscrypt: 	at com.google.android.gms.org.conscrypt.ConscryptFileDescriptorSocket.setSoWriteTimeout(:com.google.android.gms@231818047@23.18.18 (190800-535401451):0)
10-23 14:55:30.271  1089  1331 D ImsResolver: maybeAddedImsService, packageName: com.google.android.settings.intelligence
10-23 14:55:30.276  1468  3290 W GmsTaskScheduler: ScheduledCheckinGmsTaskService is not available. This may cause the task to be lost.
10-23 14:55:30.292  3041  4944 I IPCThreadState: oneway function results for code 2 on binder at 0x7f98daee73f0 will be dropped but finished with status UNKNOWN_TRANSACTION
10-23 14:55:30.298  1058  1058 V MediaPlayerList: mPackageChangedBroadcastReceiver: action: android.intent.action.PACKAGE_CHANGED
10-23 14:55:30.298  1058  1058 V MediaPlayerList: mPackageChangedBroadcastReceiver: action: android.intent.action.PACKAGE_CHANGED
10-23 14:55:30.298  1058  1058 V MediaPlayerList: mPackageChangedBroadcastReceiver: action: android.intent.action.PACKAGE_CHANGED
10-23 14:55:30.298  1058  1058 V MediaPlayerList: mPackageChangedBroadcastReceiver: action: android.intent.action.PACKAGE_CHANGED
10-23 14:55:30.306  1348  3945 W Conscrypt: Could not set socket write timeout: java.net.SocketException: Socket closed
10-23 14:55:30.307  1348  3945 W Conscrypt: 	at com.google.android.gms.org.conscrypt.Platform.setSocketWriteTimeout(:com.google.android.gms@231818047@23.18.18 (190800-535401451):2)
10-23 14:55:30.307  1348  3945 W Conscrypt: 	at com.google.android.gms.org.conscrypt.ConscryptFileDescriptorSocket.setSoWriteTimeout(:com.google.android.gms@231818047@23.18.18 (190800-535401451):0)
10-23 14:55:30.308   351   351 D Zygote  : Forked child process 5002
10-23 14:55:30.322  1468  1468 D BoundBrokerSvc: onBind: Intent { act=com.google.android.gms.common.BIND_SHARED_PREFS pkg=com.google.android.gms }
10-23 14:55:30.322  1468  1468 D BoundBrokerSvc: Loading bound service for intent: Intent { act=com.google.android.gms.common.BIND_SHARED_PREFS pkg=com.google.android.gms }
10-23 14:55:30.355   524   624 I InputReader: Reconfiguring input devices, changes=KEYBOARD_LAYOUTS
10-23 14:55:30.378  1132  1972 D EGL_emulation: app_time_stats: avg=33.45ms min=1.45ms max=297.49ms count=23
10-23 14:55:30.381   524   614 I RoleService: Granting default roles...
10-23 14:55:30.393  1468  3290 I Checkin : [EventLogChimeraService] Accumulating logs since 0
10-23 14:55:30.405  5002  5002 I gs.intelligence: Using CollectorTypeCC GC.
10-23 14:55:30.406  5002  5002 W gs.intelligence: Unexpected CPU variant for x86: x86_64.
10-23 14:55:30.406  5002  5002 W gs.intelligence: Known variants: atom, sandybridge, silvermont, goldmont, goldmont-plus, tremont, kabylake, default
10-23 14:55:30.407   524   544 W ziparchive: Unable to open '/data/app/~~l7Rq4SQe7Y9FzOfn2-YRbQ==/com.example.lunchtray-gbGN8hPxDqDvdbmHMgLHzQ==/base.dm': No such file or directory
10-23 14:55:30.407  5002  5002 E gs.intelligence: Not starting debugger since process cannot load the jdwp agent.
10-23 14:55:30.412   524   544 I ActivityTaskManager: Displayed com.example.lunchtray/androidx.fragment.app.testing.FragmentScenario$EmptyFragmentActivity for user 0: +292ms
10-23 14:55:30.428  4579  4859 E PhenotypeFlagCommitter: Retrieving snapshot for com.google.android.gm#com.google.android.gm_Hub failed
10-23 14:55:30.428  4579  4859 E PhenotypeFlagCommitter: java.util.concurrent.TimeoutException: Timed out waiting for Task
10-23 14:55:30.428  4579  4859 E PhenotypeFlagCommitter: 	at sah.I(PG:7)
10-23 14:55:30.428  4579  4859 E PhenotypeFlagCommitter: 	at rvc.j(PG:2)
10-23 14:55:30.428  4579  4859 E PhenotypeFlagCommitter: 	at rvc.k(PG:2)
10-23 14:55:30.428  4579  4859 E PhenotypeFlagCommitter: 	at rvc.h(Unknown Source:6)
10-23 14:55:30.428  4579  4859 E PhenotypeFlagCommitter: 	at hxt.run(PG:8)
10-23 14:55:30.428  4579  4859 E PhenotypeFlagCommitter: 	at java.util.concurrent.ThreadPoolExecutor.runWorker(ThreadPoolExecutor.java:1145)
10-23 14:55:30.428  4579  4859 E PhenotypeFlagCommitter: 	at java.util.concurrent.ThreadPoolExecutor$Worker.run(ThreadPoolExecutor.java:644)
10-23 14:55:30.428  4579  4859 E PhenotypeFlagCommitter: 	at java.lang.Thread.run(Thread.java:1012)
10-23 14:55:30.448  1657  1657 I AiAiEcho: AppFetcherImpl onPackageChanged com.google.android.tts.
10-23 14:55:30.452  4000  4000 I Finsky:background: [2] rja.onDestroy(8): IPC-SERVER: Stopping gRPC host service...
10-23 14:55:30.458  1657  3689 I AiAiEcho: AppIndexer Package:[com.google.android.tts] UserProfile:[0] Enabled:[true].
10-23 14:55:30.459  1657  3689 I AiAiEcho: AppFetcherImplV2 updateApps package:[com.google.android.tts], userId:[0], reason:[package is updated.].
10-23 14:55:30.461   870   947 D EGL_emulation: app_time_stats: avg=197.95ms min=3.00ms max=1717.33ms count=13
10-23 14:55:30.472   870   870 D ControlsListingControllerImpl: ServiceConfig reloaded, count: 0
10-23 14:55:30.472   524   624 I InputReader: Reconfiguring input devices, changes=KEYBOARD_LAYOUTS
10-23 14:55:30.476   870   870 D ControlsListingControllerImpl: ServiceConfig reloaded, count: 0
10-23 14:55:30.493  2964  3301 I GnpSdk  : [ChimeExecutorApiImpl-Tiktok] Finished Broadcast execution [242262092].
10-23 14:55:30.498   524   943 D ConnectivityService: requestNetwork for uid/pid:1000/524 asUid: 10146 activeRequest: null callbackRequest: 122 [NetworkRequest [ REQUEST id=123, [ Capabilities: INTERNET&NOT_RESTRICTED&TRUSTED&NOT_VCN_MANAGED Uid: 10146 RequestorUid: 1000 RequestorPkg: android UnderlyingNetworks: Null] ]] callback flags: 0 order: 2147483647
10-23 14:55:30.502   524   790 D WifiNetworkFactory: got request NetworkRequest [ REQUEST id=123, [ Capabilities: INTERNET&NOT_RESTRICTED&TRUSTED&NOT_VCN_MANAGED Uid: 10146 RequestorUid: 1000 RequestorPkg: android UnderlyingNetworks: Null] ]
10-23 14:55:30.502   524   797 D ConnectivityService: NetReassign [123 : null → 100] [c 2] [a 0] [i 1]
10-23 14:55:30.502   524   790 D UntrustedWifiNetworkFactory: got request NetworkRequest [ REQUEST id=123, [ Capabilities: INTERNET&NOT_RESTRICTED&TRUSTED&NOT_VCN_MANAGED Uid: 10146 RequestorUid: 1000 RequestorPkg: android UnderlyingNetworks: Null] ]
10-23 14:55:30.502   524   790 D OemPaidWifiNetworkFactory: got request NetworkRequest [ REQUEST id=123, [ Capabilities: INTERNET&NOT_RESTRICTED&TRUSTED&NOT_VCN_MANAGED Uid: 10146 RequestorUid: 1000 RequestorPkg: android UnderlyingNetworks: Null] ]
10-23 14:55:30.502   524   790 D MultiInternetWifiNetworkFactory: got request NetworkRequest [ REQUEST id=123, [ Capabilities: INTERNET&NOT_RESTRICTED&TRUSTED&NOT_VCN_MANAGED Uid: 10146 RequestorUid: 1000 RequestorPkg: android UnderlyingNetworks: Null] ]
10-23 14:55:30.513   524   943 I ImeTracker: com.example.lunchtray:342aa35: onRequestHide at ORIGIN_SERVER_HIDE_INPUT reason HIDE_UNSPECIFIED_WINDOW
10-23 14:55:30.513   524   943 I ImeTracker: com.example.lunchtray:342aa35: onCancelled at PHASE_SERVER_SHOULD_HIDE
10-23 14:55:30.516  1575  1575 I GoogleInputMethodService: GoogleInputMethodService.onFinishInput():3227
10-23 14:55:30.517  1575  1575 I GoogleInputMethodService: GoogleInputMethodService.updateDeviceLockedStatus():2087 repeatCheckTimes = 0, unlocked = true
10-23 14:55:30.518  1575  1575 I GoogleInputMethodService: GoogleInputMethodService.onStartInput():1877 onStartInput(EditorInfo{inputType=0x0(NULL) imeOptions=0x0 privateImeOptions=null actionName=UNSPECIFIED actionLabel=null actionId=0 initialSelStart=-1 initialSelEnd=-1 initialCapsMode=0x0 hintText=null label=null packageName=com.example.lunchtray fieldId=0 fieldName=null extras=null}, false)
10-23 14:55:30.518  1575  1575 I GoogleInputMethodService: GoogleInputMethodService.shouldHideHeaderOnInitialState():4008 ShouldHideHeaderOnInitialState = false
10-23 14:55:30.518  1575  1575 I GoogleInputMethodService: GoogleInputMethodService.updateDeviceLockedStatus():2087 repeatCheckTimes = 2, unlocked = true
10-23 14:55:30.538  1468  1468 D BoundBrokerSvc: onUnbind: Intent { act=com.google.android.gms.common.BIND_SHARED_PREFS pkg=com.google.android.gms }
10-23 14:55:30.543  1348  3945 W GLSUser : [AppCertManager] Exception while requesting key:
10-23 14:55:30.543  1348  3945 W GLSUser : java.io.IOException: Invalid device key response.
10-23 14:55:30.543  1348  3945 W GLSUser : 	at oub.b(:com.google.android.gms@231818047@23.18.18 (190800-535401451):40)
10-23 14:55:30.543  1348  3945 W GLSUser : 	at otz.a(:com.google.android.gms@231818047@23.18.18 (190800-535401451):8)
10-23 14:55:30.543  1348  3945 W GLSUser : 	at otv.a(:com.google.android.gms@231818047@23.18.18 (190800-535401451):0)
10-23 14:55:30.543  1348  3945 W GLSUser : 	at otx.a(:com.google.android.gms@231818047@23.18.18 (190800-535401451):6)
10-23 14:55:30.543  1348  3945 W GLSUser : 	at otx.b(:com.google.android.gms@231818047@23.18.18 (190800-535401451):0)
10-23 14:55:30.543  1348  3945 W GLSUser : 	at abxk.r(:com.google.android.gms@231818047@23.18.18 (190800-535401451):1)
10-23 14:55:30.543  1348  3945 W GLSUser : 	at abxw.e(:com.google.android.gms@231818047@23.18.18 (190800-535401451):4)
10-23 14:55:30.543  1348  3945 W GLSUser : 	at abxw.g(:com.google.android.gms@231818047@23.18.18 (190800-535401451):0)
10-23 14:55:30.543  1348  3945 W GLSUser : 	at cyeg.a(:com.google.android.gms@231818047@23.18.18 (190800-535401451):27)
10-23 14:55:30.543  1348  3945 W GLSUser : 	at czpd.call(:com.google.android.gms@231818047@23.18.18 (190800-535401451):78)
10-23 14:55:30.543  1348  3945 W GLSUser : 	at java.util.concurrent.FutureTask.run(FutureTask.java:264)
10-23 14:55:30.543  1348  3945 W GLSUser : 	at aced.c(:com.google.android.gms@231818047@23.18.18 (190800-535401451):6)
10-23 14:55:30.543  1348  3945 W GLSUser : 	at aced.run(:com.google.android.gms@231818047@23.18.18 (190800-535401451):7)
10-23 14:55:30.543  1348  3945 W GLSUser : 	at java.util.concurrent.ThreadPoolExecutor.runWorker(ThreadPoolExecutor.java:1145)
10-23 14:55:30.543  1348  3945 W GLSUser : 	at java.util.concurrent.ThreadPoolExecutor$Worker.run(ThreadPoolExecutor.java:644)
10-23 14:55:30.543  1348  3945 W GLSUser : 	at acjn.run(:com.google.android.gms@231818047@23.18.18 (190800-535401451):0)
10-23 14:55:30.543  1348  3945 W GLSUser : 	at java.lang.Thread.run(Thread.java:1012)
10-23 14:55:30.547  1468  1477 I gle.android.gms: Background concurrent copying GC freed 97799(5466KB) AllocSpace objects, 34(1588KB) LOS objects, 49% free, 10MB/20MB, paused 37us,17us total 223.067ms
10-23 14:55:30.574   871  3681 I PermissionControllerServiceImpl: Updating user sensitive for uid 10119
10-23 14:55:30.578  5002  5002 D CompatibilityChangeReporter: Compat change id reported: 171979766; UID 10119; state: ENABLED
