10-23 14:55:58.416  5175  5273 I BugleDataModel: ProcessPendingMessagesTimers: cleared next retry time for channel cloud_sync_send
10-23 14:55:58.416  5175  5273 I BugleDataModel: ProcessPendingMessagesTimers: cleared next retry time for channel cloud_sync_attachment_download
10-23 14:55:58.422  5175  5273 I BugleDataModel: PendingMessagesProcessor: process from ProcessPendingMessagesAction due to scheduled processing with delay 0 with queues:
10-23 14:55:58.435  5175  5264 W Bugle   : TextClassifierLibManagerImpl: Reclaiming memory at level: 40
10-23 14:55:58.513   413   476 D audioserver: FGS Logger Transaction failed
10-23 14:55:58.514   413   476 D audioserver: -129
10-23 14:55:58.527  1093  5263 D SettingsSliceProvider: onSlicePinned: content://com.android.settings.slices/action/hardware_info_device_model
10-23 14:55:58.538  1093  5263 W ElapsedTimeUtils: getElapsedTime: sSuwFinishedTimeStamp is null
10-23 14:55:58.541  1093  1117 D SliceBuilder: Creating slice for: com.android.settings.deviceinfo.hardwareinfo.DeviceModelPreferenceController
10-23 14:55:58.555  1093  5141 D SettingsSliceProvider: content://com.android.settings.slices/action/hardware_info_device_model loaded from cache
10-23 14:55:58.567  1093  1117 D SliceBuilder: Creating slice for: com.android.settings.deviceinfo.hardwareinfo.DeviceModelPreferenceController
10-23 14:55:58.666  1093  5263 W ElapsedTimeUtils: getElapsedTime: sSuwFinishedTimeStamp is null
10-23 14:55:58.666  1093  5097 D SliceBuilder: Creating slice for: com.android.settings.notification.MediaVolumePreferenceController
10-23 14:55:58.667  1093  5166 D SettingsSliceProvider: content://com.android.settings.slices/action/media_volume loaded from cache
10-23 14:55:58.676  1093  5097 D MediaVolumePreCtrl: The slice doesn't support end item
10-23 14:55:58.684  1093  5263 D VolumeSliceHelper: Unregistering uri broadcast relay: content://com.android.settings.slices/action/media_volume
10-23 14:55:58.684  1093  1093 D SettingsSliceProvider: Stopping background worker for: content://com.android.settings.slices/action/media_volume
10-23 14:55:58.685  1093  5136 D SlicesIndexer: Slices already indexed - returning.
10-23 14:55:58.689  1093  5136 D VolumeSliceHelper: Registering uri for broadcast relay: content://com.android.settings.slices/action/media_volume
10-23 14:55:58.690  1093  1093 D SettingsSliceProvider: Starting background worker for: content://com.android.settings.slices/action/media_volume
10-23 14:55:58.691  1093  5136 D SettingsSliceProvider: Built slice (content://com.android.settings.slices/action/media_volume) in: 6
10-23 14:55:58.697  1093  2957 W LocalMediaManager: BluetoothAdapter is null or muting expected device not exist
10-23 14:55:58.728  4000  5511 I Finsky:background: [67] yau.I(35): Reading task failed with HTTP data error. This usually just means that the device lost connectivity.
10-23 14:55:58.731  4000  4153 E Finsky:background: [51] nbu.a(21): Retrying download <3:RUNNING:0%[0%]> after 6000 millis. Already tried 0 times.
10-23 14:55:58.731  4000  4153 E Finsky:background: com.google.android.finsky.downloadservicecommon.DownloadServiceException: Download Service Error: HTTP_DATA_ERROR (5)
10-23 14:55:58.731  4000  4153 E Finsky:background: 	at yau.I(PG:26)
10-23 14:55:58.731  4000  4153 E Finsky:background: 	at nch.call(Unknown Source:22)
10-23 14:55:58.731  4000  4153 E Finsky:background: 	at aopq.a(Unknown Source:2)
10-23 14:55:58.731  4000  4153 E Finsky:background: 	at aoou.run(PG:3)
10-23 14:55:58.731  4000  4153 E Finsky:background: 	at aopr.run(Unknown Source:4)
10-23 14:55:58.731  4000  4153 E Finsky:background: 	at java.util.concurrent.ThreadPoolExecutor.runWorker(ThreadPoolExecutor.java:1145)
10-23 14:55:58.731  4000  4153 E Finsky:background: 	at java.util.concurrent.ThreadPoolExecutor$Worker.run(ThreadPoolExecutor.java:644)
10-23 14:55:58.731  4000  4153 E Finsky:background: 	at afoh.run(PG:34)
10-23 14:55:58.731  4000  4153 E Finsky:background: 	at java.lang.Thread.run(Thread.java:1012)
10-23 14:55:58.731  4000  4153 E Finsky:background: Caused by: javax.net.ssl.SSLProtocolException: Read error: ssl=0x7f9acaea4d58: Failure in SSL library, usually a protocol error
10-23 14:55:58.731  4000  4153 E Finsky:background: error:1e000065:Cipher functions:OPENSSL_internal:BAD_DECRYPT (external/boringssl/src/crypto/fipsmodule/cipher/e_aes.c:1078 0x7f98c9758112:0x00000000)
10-23 14:55:58.731  4000  4153 E Finsky:background: error:1000008b:SSL routines:OPENSSL_internal:DECRYPTION_FAILED_OR_BAD_RECORD_MAC (external/boringssl/src/ssl/tls_record.cc:294 0x7f98c9758112:0x00000000)
10-23 14:55:58.731  4000  4153 E Finsky:background: 	at com.android.org.conscrypt.NativeCrypto.ENGINE_SSL_read_direct(Native Method)
10-23 14:55:58.731  4000  4153 E Finsky:background: 	at com.android.org.conscrypt.NativeSsl.readDirectByteBuffer(NativeSsl.java:569)
10-23 14:55:58.731  4000  4153 E Finsky:background: 	at com.android.org.conscrypt.ConscryptEngine.readPlaintextDataDirect(ConscryptEngine.java:1095)
10-23 14:55:58.731  4000  4153 E Finsky:background: 	at com.android.org.conscrypt.ConscryptEngine.readPlaintextData(ConscryptEngine.java:1079)
10-23 14:55:58.731  4000  4153 E Finsky:background: 	at com.android.org.conscrypt.ConscryptEngine.unwrap(ConscryptEngine.java:876)
10-23 14:55:58.731  4000  4153 E Finsky:background: 	at com.android.org.conscrypt.ConscryptEngine.unwrap(ConscryptEngine.java:747)
10-23 14:55:58.731  4000  4153 E Finsky:background: 	at com.android.org.conscrypt.ConscryptEngine.unwrap(ConscryptEngine.java:712)
10-23 14:55:58.731  4000  4153 E Finsky:background: 	at com.android.org.conscrypt.ConscryptEngineSocket$SSLInputStream.processDataFromSocket(ConscryptEngineSocket.java:896)
10-23 14:55:58.731  4000  4153 E Finsky:background: 	at com.android.org.conscrypt.ConscryptEngineSocket$SSLInputStream.readUntilDataAvailable(ConscryptEngineSocket.java:862)
10-23 14:55:58.731  4000  4153 E Finsky:background: 	at com.android.org.conscrypt.ConscryptEngineSocket$SSLInputStream.read(ConscryptEngineSocket.java:835)
10-23 14:55:58.731  4000  4153 E Finsky:background: 	at axsh.a(PG:3)
10-23 14:55:58.731  4000  4153 E Finsky:background: 	at axrp.a(PG:2)
10-23 14:55:58.731  4000  4153 E Finsky:background: 	at axsr.a(PG:1)
10-23 14:55:58.731  4000  4153 E Finsky:background: 	at avgx.a(PG:6)
10-23 14:55:58.731  4000  4153 E Finsky:background: 	at axsq.read(PG:9)
10-23 14:55:58.731  4000  4153 E Finsky:background: 	at java.io.FilterInputStream.read(FilterInputStream.java:133)
10-23 14:55:58.731  4000  4153 E Finsky:background: 	at java.io.FilterInputStream.read(FilterInputStream.java:107)
10-23 14:55:58.731  4000  4153 E Finsky:background: 	at yau.I(PG:19)
10-23 14:55:58.731  4000  4153 E Finsky:background: 	... 8 more
10-23 14:55:58.731  4000  4153 I Finsky:background: [51] nbu.a(34): Queuing download (request id: 3) for retry
10-23 14:55:58.734  1093  5263 W ElapsedTimeUtils: getElapsedTime: sSuwFinishedTimeStamp is null
10-23 14:55:58.735  1093  5141 D SettingsSliceProvider: content://com.android.settings.slices/action/call_volume loaded from cache
10-23 14:55:58.736  1093  5097 D SliceBuilder: Creating slice for: com.android.settings.notification.CallVolumePreferenceController
10-23 14:55:58.741  3911  3911 I ViewInteraction: Performing 'single click' action on view view.getId() is <2131230835/com.example.lunchtray:id/bread>
10-23 14:55:58.749  3041  3041 I Finsky  : [2] zgz.f(9): SU: Received onStateUpdate with status: 1
10-23 14:55:58.755  1093  5097 D VolumeSliceHelper: Unregistering uri broadcast relay: content://com.android.settings.slices/action/call_volume
10-23 14:55:58.759  3041  3041 I Finsky  : [2] rja.onDestroy(8): IPC-SERVER: Stopping gRPC host service...
10-23 14:55:58.762  3041  3041 I Finsky  : [2] zgz.f(9): SU: Received onStateUpdate with status: 2
10-23 14:55:58.762  4000  4153 I Finsky:background: [51] ndd.a(1): Scheduling download retry; job latency: PT5.969S
10-23 14:55:58.762  4000  5511 I Finsky:background: [67] yau.I(2): Reading task has started.
10-23 14:55:58.762  4000  5511 I Finsky:background: [67] yau.C(22): Open stream from https://play.googleapis.com/download/by-token/download?token=AOTCm0TGSr33D0YB47tCLRKyl1DF6iBsFT8kdMTrNNGiB0dZGNO1F-Us7cnyf1ly4F9LUupW9dkkElr9jOhO_RzQnitHRHglcVx61cNqPbDxCrAW0T5KY2jZtC5xj9etV7XY-w7oTEEC_GxVtwZ5TKnGLcVUCgTYaSQzi0oJ3qDP-8qpc38e6_QuTAeIWXJJiQmotgjnb9QNMH7Xrsel2sIDSisXiltUxEKXNy5YajNVn71HCXmJYVfMj_BVw98RpQsz2CmnqHpYfXFxUTgqB20t3Y_Sa_RDFOMzfNsl_v6X6qf55GNyxc2ucXOENprP9AsDqo9nWWhgFms-RUDBFp0mWmmJG5xOHWkQa8kw7Pl49Mw3hrztlaiQlnojfx_9qBOGwoYOkea_uhi7kQZb9iNIcBkNJ0tIcIn7FfbNrei7apVZDSWm54Hu&cpn=SPLQGeBJBDJLF4xr&isid=1YF-AYnjTWucb4yiqPic_Q&isbg=1 [byteRangeStart=0-byteRangeStop=0]
10-23 14:55:58.762  4000  5513 I Finsky:background: [69] yau.J(2): Writing task has started.
10-23 14:55:58.763  4000  5511 D TrafficStats: tagSocket(82) with statsTag=0xffffffff, statsUid=-1
10-23 14:55:58.770  4000  5511 W ding:background: Accessing hidden method Lcom/android/org/conscrypt/ConscryptEngineSocket;->setUseSessionTickets(Z)V (max-target-q,core-platform-api, reflection, denied)
10-23 14:55:58.770  4000  5511 W ding:background: Accessing hidden method Lcom/android/org/conscrypt/OpenSSLSocketImpl;->setUseSessionTickets(Z)V (max-target-q,core-platform-api, reflection, denied)
10-23 14:55:58.770  4000  5511 W ding:background: Accessing hidden method Lcom/android/org/conscrypt/AbstractConscryptSocket;->setUseSessionTickets(Z)V (max-target-q, reflection, denied)
10-23 14:55:58.770  4000  5511 W ding:background: Accessing hidden method Lcom/android/org/conscrypt/ConscryptEngineSocket;->setHostname(Ljava/lang/String;)V (max-target-q,core-platform-api, reflection, denied)
10-23 14:55:58.770  4000  5511 W ding:background: Accessing hidden method Lcom/android/org/conscrypt/OpenSSLSocketImpl;->setHostname(Ljava/lang/String;)V (max-target-q,core-platform-api, reflection, denied)
10-23 14:55:58.770  4000  5511 W ding:background: Accessing hidden method Lcom/android/org/conscrypt/AbstractConscryptSocket;->setHostname(Ljava/lang/String;)V (max-target-q, reflection, denied)
10-23 14:55:58.770  4000  5511 W ding:background: Accessing hidden method Lcom/android/org/conscrypt/OpenSSLSocketImpl;->setAlpnProtocols([B)V (max-target-q,core-platform-api, reflection, denied)
10-23 14:55:58.770  4000  5511 W ding:background: Accessing hidden method Lcom/android/org/conscrypt/AbstractConscryptSocket;->setAlpnProtocols([B)V (max-target-q, reflection, denied)
10-23 14:55:58.787  4000  4876 I Finsky:background: [56] ycx.accept(55): SCH: Scheduling phonesky job Id: 40-9999, CT: 1698072958763, Constraints: [{ L: 5969, D: 86405969, C: 1, I: 1, N: 0 }]
10-23 14:55:58.791  4000  5515 I Finsky:background: [70] ycy.apply(69): SCH: Scheduling 0 system job(s)
10-23 14:55:58.799  1093  5263 W ElapsedTimeUtils: getElapsedTime: sSuwFinishedTimeStamp is null
10-23 14:55:58.801  1093  5166 D SettingsSliceProvider: content://com.android.settings.slices/action/separate_ring_volume loaded from cache
10-23 14:55:58.802  4000  5511 W ding:background: Accessing hidden method Lcom/android/org/conscrypt/OpenSSLSocketImpl;->getAlpnSelectedProtocol()[B (max-target-q,core-platform-api, reflection, denied)
10-23 14:55:58.802  4000  5511 W ding:background: Accessing hidden method Lcom/android/org/conscrypt/AbstractConscryptSocket;->getAlpnSelectedProtocol()[B (max-target-q, reflection, denied)
10-23 14:55:58.805  3041  3041 I Finsky  : [2] zgz.f(9): SU: Received onStateUpdate with status: 2
10-23 14:55:58.806  1093  5097 D SliceBuilder: Creating slice for: com.android.settings.notification.SeparateRingVolumePreferenceController
10-23 14:55:58.808   413  1029 D audioserver: FGS Logger Transaction failed
10-23 14:55:58.808   413  1029 D audioserver: -129
10-23 14:55:58.815  1093  5097 D VolumeSliceHelper: Unregistering uri broadcast relay: content://com.android.settings.slices/action/separate_ring_volume
10-23 14:55:58.848  4000  5511 D TrafficStats: tagSocket(82) with statsTag=0xffffffff, statsUid=-1
10-23 14:55:58.860  4000  5511 W ding:background: Accessing hidden method Lcom/android/org/conscrypt/ConscryptEngineSocket;->setUseSessionTickets(Z)V (max-target-q,core-platform-api, reflection, denied)
10-23 14:55:58.860  4000  5511 W ding:background: Accessing hidden method Lcom/android/org/conscrypt/OpenSSLSocketImpl;->setUseSessionTickets(Z)V (max-target-q,core-platform-api, reflection, denied)
10-23 14:55:58.860  4000  5511 W ding:background: Accessing hidden method Lcom/android/org/conscrypt/AbstractConscryptSocket;->setUseSessionTickets(Z)V (max-target-q, reflection, denied)
10-23 14:55:58.860  4000  5511 W ding:background: Accessing hidden method Lcom/android/org/conscrypt/ConscryptEngineSocket;->setHostname(Ljava/lang/String;)V (max-target-q,core-platform-api, reflection, denied)
10-23 14:55:58.860  4000  5511 W ding:background: Accessing hidden method Lcom/android/org/conscrypt/OpenSSLSocketImpl;->setHostname(Ljava/lang/String;)V (max-target-q,core-platform-api, reflection, denied)
10-23 14:55:58.860  4000  5511 W ding:background: Accessing hidden method Lcom/android/org/conscrypt/AbstractConscryptSocket;->setHostname(Ljava/lang/String;)V (max-target-q, reflection, denied)
10-23 14:55:58.860  4000  5511 W ding:background: Accessing hidden method Lcom/android/org/conscrypt/OpenSSLSocketImpl;->setAlpnProtocols([B)V (max-target-q,core-platform-api, reflection, denied)
10-23 14:55:58.860  4000  5511 W ding:background: Accessing hidden method Lcom/android/org/conscrypt/AbstractConscryptSocket;->setAlpnProtocols([B)V (max-target-q, reflection, denied)
10-23 14:55:58.874  4000  5511 W ding:background: Accessing hidden method Lcom/android/org/conscrypt/OpenSSLSocketImpl;->getAlpnSelectedProtocol()[B (max-target-q,core-platform-api, reflection, denied)
10-23 14:55:58.874  4000  5511 W ding:background: Accessing hidden method Lcom/android/org/conscrypt/AbstractConscryptSocket;->getAlpnSelectedProtocol()[B (max-target-q, reflection, denied)
10-23 14:55:58.887  4000  5512 I Finsky:background: [68] yau.J(2): Writing task has started.
10-23 14:55:58.888  4000  5511 I Finsky:background: [67] yau.I(2): Reading task has started.
10-23 14:55:58.888  4000  5511 I Finsky:background: [67] yau.C(22): Open stream from https://play.googleapis.com/download/by-token/download?token=AOTCm0Q1imKFPh_1VEWK7sSZU1TOzI-owZqg7c9fQb433UkWV8ilB54oeoalOCumyRkV__6o-fyKJ6qJKxbMqHojp2LxkC6Yv9NS9CVjvbjHIW5NX4t4sIpQMUBGSFpfKaNVWvphtQlqJ-ldu4Hr2HbzsOEmqdyT2Zu8N0Cq2xlf4vX8LmwvD6dSLir2odzQtrXhJjxkvr9oTFyKML_vvqIyTpT5Ngjo0h2Yhyjv9ERCfcZWuWiFBLFLrUYtjlDO6HBg16FgxKmKomP5O85ykyo07__0_xw0ki8weyzKA4CivoEn-l-5MtJTYTXPh8zMD06viBy1bFySk66BQvLgZqi5FH5l1g4dLFfE-F3rr-wITSUtKcRkKn-z1kP_k2TbrQr3hS0m20YjGOhP7bf-3x_488bGbM3Svq8ng4HBjsGpZJyZx5pvw-ul7N6_30TWZYq5Bo1LRFTG-QA&cpn=c5f7zCQ4zH13PRy7&isid=1YF-AYnjTWucb4yiqPic_Q&isbg=1 [byteRangeStart=0-byteRangeStop=0]
10-23 14:55:58.890  4000  5511 D TrafficStats: tagSocket(82) with statsTag=0xffffffff, statsUid=-1
10-23 14:55:58.900  4000  5511 W ding:background: Accessing hidden method Lcom/android/org/conscrypt/ConscryptEngineSocket;->setUseSessionTickets(Z)V (max-target-q,core-platform-api, reflection, denied)
10-23 14:55:58.900  4000  5511 W ding:background: Accessing hidden method Lcom/android/org/conscrypt/OpenSSLSocketImpl;->setUseSessionTickets(Z)V (max-target-q,core-platform-api, reflection, denied)
10-23 14:55:58.900  4000  5511 W ding:background: Accessing hidden method Lcom/android/org/conscrypt/AbstractConscryptSocket;->setUseSessionTickets(Z)V (max-target-q, reflection, denied)
10-23 14:55:58.900  4000  5511 W ding:background: Accessing hidden method Lcom/android/org/conscrypt/ConscryptEngineSocket;->setHostname(Ljava/lang/String;)V (max-target-q,core-platform-api, reflection, denied)
10-23 14:55:58.900  4000  5511 W ding:background: Accessing hidden method Lcom/android/org/conscrypt/OpenSSLSocketImpl;->setHostname(Ljava/lang/String;)V (max-target-q,core-platform-api, reflection, denied)
10-23 14:55:58.900  4000  5511 W ding:background: Accessing hidden method Lcom/android/org/conscrypt/AbstractConscryptSocket;->setHostname(Ljava/lang/String;)V (max-target-q, reflection, denied)
10-23 14:55:58.900  4000  5511 W ding:background: Accessing hidden method Lcom/android/org/conscrypt/OpenSSLSocketImpl;->setAlpnProtocols([B)V (max-target-q,core-platform-api, reflection, denied)
10-23 14:55:58.900  4000  5511 W ding:background: Accessing hidden method Lcom/android/org/conscrypt/AbstractConscryptSocket;->setAlpnProtocols([B)V (max-target-q, reflection, denied)
10-23 14:55:58.900  1093  5263 W ElapsedTimeUtils: getElapsedTime: sSuwFinishedTimeStamp is null
10-23 14:55:58.902  1093  5136 D SettingsSliceProvider: content://com.android.settings.slices/action/notification_volume loaded from cache
10-23 14:55:58.904  1093  5097 D SliceBuilder: Creating slice for: com.android.settings.notification.NotificationVolumePreferenceController
10-23 14:55:58.905  3041  3041 I Finsky  : [2] zgz.f(9): SU: Received onStateUpdate with status: 2
10-23 14:55:58.912  3041  3041 I Finsky  : [2] zgz.f(9): SU: Received onStateUpdate with status: 2
10-23 14:55:58.915  1093  5097 D VolumeSliceHelper: Unregistering uri broadcast relay: content://com.android.settings.slices/action/notification_volume
10-23 14:55:58.924  3041  3041 I Finsky  : [2] DownloadServiceReceiver.c(4): DSR: Download completion broadcast received by main process
10-23 14:55:58.924  3041  3041 I Finsky  : [2] zgz.f(9): SU: Received onStateUpdate with status: 3
10-23 14:55:58.924  3041  3041 I Finsky  : [2] alvu.e(2): unregisterListener
10-23 14:55:58.935  4000  5511 W ding:background: Accessing hidden method Lcom/android/org/conscrypt/OpenSSLSocketImpl;->getAlpnSelectedProtocol()[B (max-target-q,core-platform-api, reflection, denied)
10-23 14:55:58.935  4000  5511 W ding:background: Accessing hidden method Lcom/android/org/conscrypt/AbstractConscryptSocket;->getAlpnSelectedProtocol()[B (max-target-q, reflection, denied)
10-23 14:55:58.944  1093  5097 W ElapsedTimeUtils: getElapsedTime: sSuwFinishedTimeStamp is null
10-23 14:55:58.945  1093  2957 D SettingsSliceProvider: content://com.android.settings.slices/action/alarm_volume loaded from cache
10-23 14:55:58.945  1093  5263 D SliceBuilder: Creating slice for: com.android.settings.notification.AlarmVolumePreferenceController
10-23 14:55:58.952  1093  5097 D VolumeSliceHelper: Unregistering uri broadcast relay: content://com.android.settings.slices/action/alarm_volume
10-23 14:55:58.952  1093  5141 D SlicesIndexer: Slices already indexed - returning.
10-23 14:55:58.953  1093  5141 D VolumeSliceHelper: Registering uri for broadcast relay: content://com.android.settings.slices/action/alarm_volume
10-23 14:55:58.954  1093  5141 D SettingsSliceProvider: Built slice (content://com.android.settings.slices/action/alarm_volume) in: 2
10-23 14:55:58.974   413   476 D audioserver: FGS Logger Transaction failed
10-23 14:55:58.974   413   476 D audioserver: -129
10-23 14:55:59.003  1093  5263 W ElapsedTimeUtils: getElapsedTime: sSuwFinishedTimeStamp is null
10-23 14:55:59.004  1093  5166 D SettingsSliceProvider: content://com.android.settings.slices/action/auto_rotate loaded from cache
10-23 14:55:59.005  1093  5097 D SliceBuilder: Creating slice for: com.android.settings.display.SmartAutoRotatePreferenceController
10-23 14:55:59.028  1093  5263 W ElapsedTimeUtils: getElapsedTime: sSuwFinishedTimeStamp is null
10-23 14:55:59.028  1093  5097 D SliceBuilder: Creating slice for: com.android.settings.accessibility.MagnificationGesturesPreferenceController
10-23 14:55:59.029  1093  5136 D SettingsSliceProvider: content://com.android.settings.slices/action/screen_magnification_gestures_preference_screen loaded from cache
10-23 14:55:59.054  1093  5097 W ElapsedTimeUtils: getElapsedTime: sSuwFinishedTimeStamp is null
10-23 14:55:59.054  1093  2957 D SettingsSliceProvider: content://com.android.settings.slices/action/os_firmware_version loaded from cache
10-23 14:55:59.056  1093  5263 D SliceBuilder: Creating slice for: com.android.settings.deviceinfo.firmwareversion.FirmwareVersionDetailPreferenceController
10-23 14:55:59.068  3911  3911 I ViewInteraction: Checking 'MatchesViewAssertion{viewMatcher=an instance of android.widget.TextView and view.getText() with or without transformation to match: a string containing "Subtotal: $10.00"}' assertion on view view.getId() is <2131231217/com.example.lunchtray:id/subtotal>
10-23 14:55:59.071  1093  5263 W ElapsedTimeUtils: getElapsedTime: sSuwFinishedTimeStamp is null
10-23 14:55:59.071  3911  3911 I ViewInteraction: Performing 'single click' action on view view.getId() is <2131231081/com.example.lunchtray:id/next_button>
10-23 14:55:59.074  1093  5141 D SettingsSliceProvider: content://com.android.settings.slices/action/gesture_double_tap_power loaded from cache
10-23 14:55:59.075  1093  5097 D SliceBuilder: Creating slice for: com.android.settings.gestures.DoubleTapPowerPreferenceController
10-23 14:55:59.083  4000  5511 D TrafficStats: tagSocket(82) with statsTag=0xffffffff, statsUid=-1
10-23 14:55:59.091  4000  5511 W ding:background: Accessing hidden method Lcom/android/org/conscrypt/ConscryptEngineSocket;->setUseSessionTickets(Z)V (max-target-q,core-platform-api, reflection, denied)
10-23 14:55:59.091  4000  5511 W ding:background: Accessing hidden method Lcom/android/org/conscrypt/OpenSSLSocketImpl;->setUseSessionTickets(Z)V (max-target-q,core-platform-api, reflection, denied)
10-23 14:55:59.091  4000  5511 W ding:background: Accessing hidden method Lcom/android/org/conscrypt/AbstractConscryptSocket;->setUseSessionTickets(Z)V (max-target-q, reflection, denied)
10-23 14:55:59.091  4000  5511 W ding:background: Accessing hidden method Lcom/android/org/conscrypt/ConscryptEngineSocket;->setHostname(Ljava/lang/String;)V (max-target-q,core-platform-api, reflection, denied)
10-23 14:55:59.091  4000  5511 W ding:background: Accessing hidden method Lcom/android/org/conscrypt/OpenSSLSocketImpl;->setHostname(Ljava/lang/String;)V (max-target-q,core-platform-api, reflection, denied)
10-23 14:55:59.091  4000  5511 W ding:background: Accessing hidden method Lcom/android/org/conscrypt/AbstractConscryptSocket;->setHostname(Ljava/lang/String;)V (max-target-q, reflection, denied)
10-23 14:55:59.091  4000  5511 W ding:background: Accessing hidden method Lcom/android/org/conscrypt/OpenSSLSocketImpl;->setAlpnProtocols([B)V (max-target-q,core-platform-api, reflection, denied)
10-23 14:55:59.091  4000  5511 W ding:background: Accessing hidden method Lcom/android/org/conscrypt/AbstractConscryptSocket;->setAlpnProtocols([B)V (max-target-q, reflection, denied)
10-23 14:55:59.091  4000  5511 W ding:background: Reached maximum number of hidden api access warnings.
10-23 14:55:59.141   413  1029 D audioserver: FGS Logger Transaction failed
10-23 14:55:59.143   413  1029 D audioserver: -129
10-23 14:55:59.145  3041  3041 I Finsky  : [2] zgz.f(9): SU: Received onStateUpdate with status: 2
10-23 14:55:59.160  3041  3041 I Finsky  : [2] zgz.f(9): SU: Received onStateUpdate with status: 2
10-23 14:55:59.170  4000  4153 I Finsky:background: [51] uhk.g(12): All invisible downloads are finished.
10-23 14:55:59.170  4000  4153 I Finsky:background: [51] ndd.c(1): Stopping invisible download job
10-23 14:55:59.171  3041  3041 I Finsky  : [2] DownloadServiceReceiver.c(4): DSR: Download completion broadcast received by main process
10-23 14:55:59.171  3041  3041 I Finsky  : [2] zgz.f(9): SU: Received onStateUpdate with status: 3
10-23 14:55:59.172  3041  3041 I Finsky  : [2] alvu.e(2): unregisterListener
10-23 14:55:59.176  4000  4000 I Finsky:background: [2] ysr.run(31): Job 40-9998 is canceled while running
10-23 14:55:59.176  4000  4000 I Finsky:background: [2] yse.s(4): SCH: jobStopped: 40-9998. TimeElapsed: 1298ms. EventType: 2544
10-23 14:55:59.195  4000  5508 I Finsky:background: [65] ysq.apply(15): SCH: Canceling job 40-9998
10-23 14:55:59.205  4000  5515 I Finsky:background: [70] ycx.accept(55): SCH: Scheduling phonesky job Id: 40-9999, CT: 1698072958763, Constraints: [{ L: 5969, D: 86405969, C: 1, I: 1, N: 0 }]
10-23 14:55:59.213  4000  4876 I Finsky:background: [56] ycy.apply(69): SCH: Scheduling 1 system job(s)
10-23 14:55:59.214  4000  4876 I Finsky:background: [56] ysd.d(4): SCH: Scheduling system job Id: 10005, L: 5519, D: 86405519, C: false, I: false, N: 0
10-23 14:55:59.222  4000  5527 I Finsky:background: [75] ycx.accept(55): SCH: Scheduling phonesky job Id: 40-9999, CT: 1698072958763, Constraints: [{ L: 5969, D: 86405969, C: 1, I: 1, N: 0 }]
10-23 14:55:59.228  4000  5527 I Finsky:background: [75] ycy.apply(69): SCH: Scheduling 1 system job(s)
10-23 14:55:59.228  4000  5527 I Finsky:background: [75] ysd.d(4): SCH: Scheduling system job Id: 10006, L: 5504, D: 86405504, C: false, I: false, N: 0
10-23 14:55:59.236  4000  4876 I Finsky:background: [56] ysb.a(2): SCH: no pending jobs to schedule.
10-23 14:55:59.236  4000  5542 I Finsky:background: [81] ytn.a(16): SCH: job service finished with id 10003.
10-23 14:55:59.236  4000  5542 I Finsky:background: [81] ytn.a(16): SCH: job service finished with id 10002.
10-23 14:55:59.251  3911  4251 D EGL_emulation: app_time_stats: avg=9.88ms min=1.08ms max=152.04ms count=29
10-23 14:55:59.325   413   476 D audioserver: FGS Logger Transaction failed
10-23 14:55:59.325   413   476 D audioserver: -129
10-23 14:55:59.354  5175  5175 I BugleDataModel: ActionExecutorImpl: Timestamp for ACTION_EXECUTE_QUEUED_GenericWorkerQueueAction elapsedRealTime: 99805 currentTimeMillis: 1698072959354
10-23 14:55:59.355  5175  5273 I BugleDataModel: ActionExecutorImpl: Timestamp for ACTION_BACKGROUND_QUEUED_GenericWorkerQueueAction elapsedRealTime: 99806 currentTimeMillis: 1698072959355
10-23 14:55:59.359  5175  5274 I BugleJobs: GenericWorkerQueueAction: Work found
10-23 14:55:59.417  5175  5273 I BugleJobs: GenericWorkerQueueAction: Rescheduling immediately to continue processing since we didn't yet reach the end.
10-23 14:55:59.421  5175  5274 I BugleDataModel: ActionExecutorImpl: Timestamp for ACTION_RESPONSE_QUEUED_GenericWorkerQueueAction elapsedRealTime: 99872 currentTimeMillis: 1698072959421
10-23 14:55:59.429  5175  5175 I BugleDataModel: ActionExecutorImpl: Timestamp for ACTION_EXECUTE_QUEUED_GenericWorkerQueueAction elapsedRealTime: 99880 currentTimeMillis: 1698072959429
10-23 14:55:59.429  5175  5273 I BugleDataModel: ActionExecutorImpl: Timestamp for ACTION_BACKGROUND_QUEUED_GenericWorkerQueueAction elapsedRealTime: 99880 currentTimeMillis: 1698072959429
10-23 14:55:59.431  5175  5274 I BugleJobs: GenericWorkerQueueAction: Bailing early, no work found, no failed work found
10-23 14:55:59.431  5175  5274 I BugleDataModel: ActionExecutorImpl: Timestamp for ACTION_RESPONSE_QUEUED_GenericWorkerQueueAction elapsedRealTime: 99882 currentTimeMillis: 1698072959431
10-23 14:55:59.435  5175  5253 W Bugle   : TextClassifierLibManagerImpl: Reclaiming memory at level: 40
10-23 14:55:59.479  1093  5263 W ElapsedTimeUtils: getElapsedTime: sSuwFinishedTimeStamp is null
10-23 14:55:59.480  1093  5097 D SliceBuilder: Creating slice for: com.android.settings.network.AirplaneModePreferenceController
10-23 14:55:59.480  1093  5166 D SettingsSliceProvider: content://android.settings.slices/action/airplane_mode loaded from cache
10-23 14:55:59.508  1093  5097 W ElapsedTimeUtils: getElapsedTime: sSuwFinishedTimeStamp is null
10-23 14:55:59.510  1093  5136 D SettingsSliceProvider: content://android.settings.slices/action/battery_saver loaded from cache
10-23 14:55:59.514  1093  5263 D SliceBuilder: Creating slice for: com.android.settings.fuelgauge.batterysaver.BatterySaverButtonPreferenceController
10-23 14:55:59.519  1093  2957 D SlicesIndexer: Slices already indexed - returning.
10-23 14:55:59.522  1093  2957 D SettingsSliceProvider: Built slice (content://android.settings.slices/action/battery_saver) in: 3
10-23 14:55:59.569   871   905 I PermissionControllerServiceImpl: Updating user sensitive for user 0
10-23 14:55:59.603  3911  3911 I ViewInteraction: Checking 'MatchesViewAssertion{viewMatcher=an instance of android.widget.TextView and view.getText() with or without transformation to match: a string containing "Subtotal: $10.00"}' assertion on view view.getId() is <2131231217/com.example.lunchtray:id/subtotal>
10-23 14:55:59.603  3911  4165 I TestRunner: finished: test04_subtotal_updates_in_full_order_flow(com.example.lunchtray.OrderFunctionalityTests)
