10-23 14:55:45.040  3911  3911 V ActivityScenario: Activity lifecycle changed event received but ignored because the reported transition was not ON_CREATE while the last known transition was DESTROYED
10-23 14:55:45.040  3911  3911 V ActivityScenario: Activity lifecycle changed event received but ignored because the reported transition was not ON_CREATE while the last known transition was DESTROYED
10-23 14:55:45.040  3041  3687 I Finsky  : [60] afjf.a(1): [PLUS] Syncing for users with urgency above: NOW
10-23 14:55:45.041  3911  3911 V ActivityScenario: Activity lifecycle changed event received but ignored because the reported transition was not ON_CREATE while the last known transition was DESTROYED
10-23 14:55:45.041  3911  3911 V ActivityScenario: Activity lifecycle changed event received but ignored because the reported transition was not ON_CREATE while the last known transition was DESTROYED
10-23 14:55:45.041  3911  3911 V ActivityScenario: Activity lifecycle changed event received but ignored because the reported transition was not ON_CREATE while the last known transition was DESTROYED
10-23 14:55:45.041  3911  3911 V ActivityScenario: Activity lifecycle changed event received but ignored because the reported transition was not ON_CREATE while the last known transition was DESTROYED
10-23 14:55:45.041  3911  3911 V ActivityScenario: Activity lifecycle changed event received but ignored because the reported transition was not ON_CREATE while the last known transition was PRE_ON_CREATE
10-23 14:55:45.043  3041  3665 I Finsky  : [53] afdt.a(116): [PLUS] Syncing 1 train(s)
10-23 14:55:45.043  3041  3665 I Finsky  : [53] alek.a(7): [PLUS] Sending payloads for account: [2fKVkThB4QBVOwc88U06EJ4S6Yyqenathz2XlaLEUMg]
10-23 14:55:45.053  3041  3041 I Finsky  : [2] yrd.accept(66): SCH: Job 10-12 starting
10-23 14:55:45.054   870   947 E OpenGLRenderer: Unable to match the desired swap behavior.
10-23 14:55:45.068  3041  3757 I PlayCommon: [64] alst.j(32): Preparing logs for uploading
10-23 14:55:45.069  3911  3911 D LifecycleMonitor: Lifecycle status change: androidx.fragment.app.testing.FragmentScenario$EmptyFragmentActivity@53344f in: CREATED
10-23 14:55:45.070  3911  3911 V ActivityScenario: Update currentActivityStage to CREATED, currentActivity=androidx.fragment.app.testing.FragmentScenario$EmptyFragmentActivity@53344f
10-23 14:55:45.070  3911  3911 V ActivityScenario: Update currentActivityStage to CREATED, currentActivity=androidx.fragment.app.testing.FragmentScenario$EmptyFragmentActivity@53344f
10-23 14:55:45.070  3911  3911 V ActivityScenario: Update currentActivityStage to CREATED, currentActivity=androidx.fragment.app.testing.FragmentScenario$EmptyFragmentActivity@53344f
10-23 14:55:45.070  3911  3911 V ActivityScenario: Update currentActivityStage to CREATED, currentActivity=androidx.fragment.app.testing.FragmentScenario$EmptyFragmentActivity@53344f
10-23 14:55:45.070  3911  3911 V ActivityScenario: Update currentActivityStage to CREATED, currentActivity=androidx.fragment.app.testing.FragmentScenario$EmptyFragmentActivity@53344f
10-23 14:55:45.070  3911  3911 V ActivityScenario: Update currentActivityStage to CREATED, currentActivity=androidx.fragment.app.testing.FragmentScenario$EmptyFragmentActivity@53344f
10-23 14:55:45.070  3911  3911 V ActivityScenario: Update currentActivityStage to CREATED, currentActivity=androidx.fragment.app.testing.FragmentScenario$EmptyFragmentActivity@53344f
10-23 14:55:45.070  3911  3911 V ActivityScenario: Update currentActivityStage to CREATED, currentActivity=androidx.fragment.app.testing.FragmentScenario$EmptyFragmentActivity@53344f
10-23 14:55:45.070  3911  3911 V ActivityScenario: Update currentActivityStage to CREATED, currentActivity=androidx.fragment.app.testing.FragmentScenario$EmptyFragmentActivity@53344f
10-23 14:55:45.070  3911  3911 V ActivityScenario: Update currentActivityStage to CREATED, currentActivity=androidx.fragment.app.testing.FragmentScenario$EmptyFragmentActivity@53344f
10-23 14:55:45.070  3911  3911 V ActivityScenario: Update currentActivityStage to CREATED, currentActivity=androidx.fragment.app.testing.FragmentScenario$EmptyFragmentActivity@53344f
10-23 14:55:45.071  1468  3290 I Checkin : [EventLogChimeraService] Accumulating logs since 1698072939118
10-23 14:55:45.072  3911  3911 D LifecycleMonitor: Lifecycle status change: androidx.fragment.app.testing.FragmentScenario$EmptyFragmentActivity@53344f in: STARTED
10-23 14:55:45.072  3911  3911 V ActivityScenario: Update currentActivityStage to STARTED, currentActivity=androidx.fragment.app.testing.FragmentScenario$EmptyFragmentActivity@53344f
10-23 14:55:45.072  3911  3911 V ActivityScenario: Update currentActivityStage to STARTED, currentActivity=androidx.fragment.app.testing.FragmentScenario$EmptyFragmentActivity@53344f
10-23 14:55:45.072  3911  3911 V ActivityScenario: Update currentActivityStage to STARTED, currentActivity=androidx.fragment.app.testing.FragmentScenario$EmptyFragmentActivity@53344f
10-23 14:55:45.072  3911  3911 V ActivityScenario: Update currentActivityStage to STARTED, currentActivity=androidx.fragment.app.testing.FragmentScenario$EmptyFragmentActivity@53344f
10-23 14:55:45.072  3911  3911 V ActivityScenario: Update currentActivityStage to STARTED, currentActivity=androidx.fragment.app.testing.FragmentScenario$EmptyFragmentActivity@53344f
10-23 14:55:45.093  3041  3757 I PlayCommon: [64] alst.j(149): Connecting to server for timestamp: https://play.googleapis.com/play/log/timestamp
10-23 14:55:45.093   870   947 D EGL_emulation: app_time_stats: avg=463.27ms min=8.32ms max=2923.83ms count=7
10-23 14:55:45.105  1468  3344 I SyncIntentOperation: Handling the intent: Intent { act=com.google.gservices.intent.action.GSERVICES_CHANGED flg=0x1000010 pkg=com.google.android.gms cmp=com.google.android.gms/.chimera.GmsIntentOperationService (has extras) }. [CONTEXT service_id=80 ]
10-23 14:55:45.106  3911  3911 V ActivityScenario: Update currentActivityStage to STARTED, currentActivity=androidx.fragment.app.testing.FragmentScenario$EmptyFragmentActivity@53344f
10-23 14:55:45.107  3911  3911 V ActivityScenario: Update currentActivityStage to STARTED, currentActivity=androidx.fragment.app.testing.FragmentScenario$EmptyFragmentActivity@53344f
10-23 14:55:45.107  3911  3911 V ActivityScenario: Update currentActivityStage to STARTED, currentActivity=androidx.fragment.app.testing.FragmentScenario$EmptyFragmentActivity@53344f
10-23 14:55:45.107  3911  3911 V ActivityScenario: Update currentActivityStage to STARTED, currentActivity=androidx.fragment.app.testing.FragmentScenario$EmptyFragmentActivity@53344f
10-23 14:55:45.107  3911  3911 V ActivityScenario: Update currentActivityStage to STARTED, currentActivity=androidx.fragment.app.testing.FragmentScenario$EmptyFragmentActivity@53344f
10-23 14:55:45.107  3911  3911 V ActivityScenario: Update currentActivityStage to STARTED, currentActivity=androidx.fragment.app.testing.FragmentScenario$EmptyFragmentActivity@53344f
10-23 14:55:45.115  4000  4153 I Finsky:background: [51] aacj.<init>(14): SCH: Deleting scheduler db
10-23 14:55:45.116  4000  4153 I Finsky:background: [51] ysl.<init>(3): Resetting scheduler db
10-23 14:55:45.119  3041  3757 D TrafficStats: tagSocket(82) with statsTag=0xffffffff, statsUid=-1
10-23 14:55:45.120  3041  3041 I Finsky  : [2] zgz.f(9): SU: Received onStateUpdate with status: 2
10-23 14:55:45.120  3911  3911 D LifecycleMonitor: Lifecycle status change: androidx.fragment.app.testing.FragmentScenario$EmptyFragmentActivity@53344f in: RESUMED
10-23 14:55:45.121  3911  3911 V ActivityScenario: Update currentActivityStage to RESUMED, currentActivity=androidx.fragment.app.testing.FragmentScenario$EmptyFragmentActivity@53344f
10-23 14:55:45.121  3911  3911 V ActivityScenario: Update currentActivityStage to RESUMED, currentActivity=androidx.fragment.app.testing.FragmentScenario$EmptyFragmentActivity@53344f
10-23 14:55:45.121  3911  3911 V ActivityScenario: Update currentActivityStage to RESUMED, currentActivity=androidx.fragment.app.testing.FragmentScenario$EmptyFragmentActivity@53344f
10-23 14:55:45.121  3911  3911 V ActivityScenario: Update currentActivityStage to RESUMED, currentActivity=androidx.fragment.app.testing.FragmentScenario$EmptyFragmentActivity@53344f
10-23 14:55:45.121  3911  3911 V ActivityScenario: Update currentActivityStage to RESUMED, currentActivity=androidx.fragment.app.testing.FragmentScenario$EmptyFragmentActivity@53344f
10-23 14:55:45.122  3911  3911 V ActivityScenario: Update currentActivityStage to RESUMED, currentActivity=androidx.fragment.app.testing.FragmentScenario$EmptyFragmentActivity@53344f
10-23 14:55:45.122  3911  3911 V ActivityScenario: Update currentActivityStage to RESUMED, currentActivity=androidx.fragment.app.testing.FragmentScenario$EmptyFragmentActivity@53344f
10-23 14:55:45.122  3911  3911 V ActivityScenario: Update currentActivityStage to RESUMED, currentActivity=androidx.fragment.app.testing.FragmentScenario$EmptyFragmentActivity@53344f
10-23 14:55:45.122  3911  3911 V ActivityScenario: Update currentActivityStage to RESUMED, currentActivity=androidx.fragment.app.testing.FragmentScenario$EmptyFragmentActivity@53344f
10-23 14:55:45.122  3911  3911 V ActivityScenario: Update currentActivityStage to RESUMED, currentActivity=androidx.fragment.app.testing.FragmentScenario$EmptyFragmentActivity@53344f
10-23 14:55:45.122  3911  3911 V ActivityScenario: Update currentActivityStage to RESUMED, currentActivity=androidx.fragment.app.testing.FragmentScenario$EmptyFragmentActivity@53344f
10-23 14:55:45.147  1468  5352 I RecoverableKeyStoreGms: [RecoverableKeyStoreGmsInitOperation] Initializing auth_folsom
10-23 14:55:45.152  1468  5352 I RecoverableKeyStoreGms: [RecoverableKeyStoreGmsInitOperation] com.google.android.gms.auth.folsom.service.FolsomPublicKeyUpdateService is already enabled. Ignore.
10-23 14:55:45.169  1468  5352 I RecoverableKeyStoreGms: [RecoverableKeyStoreGmsInitOperation] com.google.android.gms.auth.folsom.service.GcmReceiverService is already enabled. Ignore.
10-23 14:55:45.189  3041  3041 I Finsky  : [2] jam.a(11): [PLUS] Received response
10-23 14:55:45.198  3911  4251 E OpenGLRenderer: Unable to match the desired swap behavior.
10-23 14:55:45.217   524   859 V RecoverableKeyStoreMgr: Not updating secret types - same as old value.
10-23 14:55:45.219  3041  3526 I Finsky  : [48] mmp.a(3): [PLUS] Successfully updated PayloadValueStore
10-23 14:55:45.219  3041  3687 I Finsky  : [60] afdj.a(70): [PLUS] Sync complete, number synced: 1, number failed: 0
10-23 14:55:45.222  1468  3342 I GmsModuleFndr: Beginning GMS chimera module scan
10-23 14:55:45.228  4000  5513 I Finsky:background: [69] yau.J(2): Writing task has started.
10-23 14:55:45.245   524   544 W ziparchive: Unable to open '/data/app/~~l7Rq4SQe7Y9FzOfn2-YRbQ==/com.example.lunchtray-gbGN8hPxDqDvdbmHMgLHzQ==/base.dm': No such file or directory
10-23 14:55:45.246  4000  5512 I Finsky:background: [68] yau.I(2): Reading task has started.
10-23 14:55:45.250  1468  5352 I RecoverableKeyStoreGms: [RecoverableKeyStoreGmsInitOperation] Setting vault handle
10-23 14:55:45.251   524   544 I ActivityTaskManager: Displayed com.example.lunchtray/androidx.fragment.app.testing.FragmentScenario$EmptyFragmentActivity for user 0: +442ms
10-23 14:55:45.252   524   859 V RecoverableKeyStoreMgr: Not updating server params - same as old value.
10-23 14:55:45.275   524  2029 I RecoverySnapshotLstnrs: Registered listener for agent with uid 10124
10-23 14:55:45.276  3041  3757 W PlayCommon: [64] alst.l(1): No account for auth token provided
10-23 14:55:45.277  3041  3757 I PlayCommon: [64] alst.j(183): Connecting to server: https://play.googleapis.com/play/log?format=raw&proto_v2=true
10-23 14:55:45.293  4000  5515 I Finsky:background: [70] ysb.a(2): SCH: no pending jobs to schedule.
10-23 14:55:45.313  4000  5512 I Finsky:background: [68] yau.C(22): Open stream from https://play.googleapis.com/download/by-token/download?token=AOTCm0RnxeyjJXEUX4_rF7pYOBxu1MysXU42bSc1f6rUXvt5mBt68zQ8XOJ41NqAEizbMA0otwX5ctRKUQ0dTXRIHYjB0sFEEWoF7Opbrj4Xu7KO9jK_ViE4U9g4HAT_CH6YppeJQCYPM6Q0WakGoAl8-XWLM472nWaFUcz_FaI9fYGcNP7pGRgQ4x40n8yt5qrpsUYtSY2eSFUbs6FQGhfCkI1-_9HsA0IY05jwbWerX9wsRB2VGrFP8Riq3gzh4pTgEfRRDQt6mnsnWxbHWa_3n_p_Tb6fl8KbpxP_nT-M5c8_SH1lx2gXlypYB9pnCPf1uPicfR9YVHiYNAQrhGZzIt70iw_edlj6wJB_6wYzGKZgxBRcFx-GMKsRVYmG6D1Ao9i6EX44aUvn1jt4KJQ8&cpn=5fLZAmxHd-TIle23&isid=1YF-AYnjTWucb4yiqPic_Q&isbg=1 [byteRangeStart=0-byteRangeStop=0]
10-23 14:55:45.313  1468  5352 I RecoverableKeyStoreGms: [EnrollmentManager] Returning certificates list from cache [CONTEXT service_id=172 ]
10-23 14:55:45.317  4000  5516 D TrafficStats: tagSocket(80) with statsTag=0xffffffff, statsUid=-1
10-23 14:55:45.352  4000  5512 D TrafficStats: tagSocket(83) with statsTag=0xffffffff, statsUid=-1
10-23 14:55:45.360   524  1434 I ImeTracker: com.example.lunchtray:6f8d23c: onRequestHide at ORIGIN_SERVER_HIDE_INPUT reason HIDE_UNSPECIFIED_WINDOW
10-23 14:55:45.362   524  1434 I ImeTracker: com.example.lunchtray:6f8d23c: onCancelled at PHASE_SERVER_SHOULD_HIDE
10-23 14:55:45.366  1468  3342 I ModuleSetMgr: Computing pending module set with APKs: [[AdsFdrDynamite.integ:231004600100000], [Cronetdynamite:231818190800], [Dynamiteloader:231818190000], [Dynamitemodulesa:231818190000], [Dynamitemodulesc:231818190000], [Googlecertificates:231818190000], [Mapsdynamite:231818190000], [Measurementdynamite:231818190000]]
10-23 14:55:45.369  1575  1575 I GoogleInputMethodService: GoogleInputMethodService.onFinishInput():3227
10-23 14:55:45.371  1575  1575 I GoogleInputMethodService: GoogleInputMethodService.updateDeviceLockedStatus():2087 repeatCheckTimes = 0, unlocked = true
10-23 14:55:45.371  1575  1575 I GoogleInputMethodService: GoogleInputMethodService.onStartInput():1877 onStartInput(EditorInfo{inputType=0x0(NULL) imeOptions=0x0 privateImeOptions=null actionName=UNSPECIFIED actionLabel=null actionId=0 initialSelStart=-1 initialSelEnd=-1 initialCapsMode=0x0 hintText=null label=null packageName=com.example.lunchtray fieldId=0 fieldName=null extras=null}, false)
10-23 14:55:45.371  1575  1575 I GoogleInputMethodService: GoogleInputMethodService.shouldHideHeaderOnInitialState():4008 ShouldHideHeaderOnInitialState = false
10-23 14:55:45.371  1575  1575 I GoogleInputMethodService: GoogleInputMethodService.updateDeviceLockedStatus():2087 repeatCheckTimes = 2, unlocked = true
10-23 14:55:45.373  3041  3757 I PlayCommon: [64] alst.j(220): Successfully uploaded logs.
10-23 14:55:45.373  4000  5512 W ding:background: Accessing hidden method Lcom/android/org/conscrypt/ConscryptEngineSocket;->setUseSessionTickets(Z)V (max-target-q,core-platform-api, reflection, denied)
10-23 14:55:45.374   524  2029 I RecoverableKeyStoreMgr: The cert file serial number is the same, so skip updating.
10-23 14:55:45.375  4000  5512 W ding:background: Accessing hidden method Lcom/android/org/conscrypt/OpenSSLSocketImpl;->setUseSessionTickets(Z)V (max-target-q,core-platform-api, reflection, denied)
10-23 14:55:45.375  4000  5512 W ding:background: Accessing hidden method Lcom/android/org/conscrypt/AbstractConscryptSocket;->setUseSessionTickets(Z)V (max-target-q, reflection, denied)
10-23 14:55:45.375  4000  5512 W ding:background: Accessing hidden method Lcom/android/org/conscrypt/ConscryptEngineSocket;->setHostname(Ljava/lang/String;)V (max-target-q,core-platform-api, reflection, denied)
10-23 14:55:45.375  4000  5512 W ding:background: Accessing hidden method Lcom/android/org/conscrypt/OpenSSLSocketImpl;->setHostname(Ljava/lang/String;)V (max-target-q,core-platform-api, reflection, denied)
10-23 14:55:45.375  4000  5512 W ding:background: Accessing hidden method Lcom/android/org/conscrypt/AbstractConscryptSocket;->setHostname(Ljava/lang/String;)V (max-target-q, reflection, denied)
10-23 14:55:45.375  4000  5512 W ding:background: Accessing hidden method Lcom/android/org/conscrypt/OpenSSLSocketImpl;->setAlpnProtocols([B)V (max-target-q,core-platform-api, reflection, denied)
10-23 14:55:45.375  4000  5512 W ding:background: Accessing hidden method Lcom/android/org/conscrypt/AbstractConscryptSocket;->setAlpnProtocols([B)V (max-target-q, reflection, denied)
10-23 14:55:45.376  1468  5352 I RecoverableKeyStoreGms: [EnrollmentManager] Recovery service is initialized. [CONTEXT service_id=172 ]
10-23 14:55:45.381   870   947 D EGL_emulation: app_time_stats: avg=9.21ms min=0.78ms max=69.60ms count=29
10-23 14:55:45.386   524   859 E RecoverySnapshotStorage: Error reading snapshot for 10124 from disk
10-23 14:55:45.386   524   859 E RecoverySnapshotStorage: java.io.FileNotFoundException: /data/system/recoverablekeystore/snapshots/10124.xml: open failed: ENOENT (No such file or directory)
10-23 14:55:45.386   524   859 E RecoverySnapshotStorage: 	at libcore.io.IoBridge.open(IoBridge.java:574)
10-23 14:55:45.386   524   859 E RecoverySnapshotStorage: 	at java.io.FileInputStream.<init>(FileInputStream.java:160)
10-23 14:55:45.386   524   859 E RecoverySnapshotStorage: 	at com.android.server.locksettings.recoverablekeystore.storage.RecoverySnapshotStorage.readFromDisk(RecoverySnapshotStorage.java:152)
10-23 14:55:45.386   524   859 E RecoverySnapshotStorage: 	at com.android.server.locksettings.recoverablekeystore.storage.RecoverySnapshotStorage.get(RecoverySnapshotStorage.java:104)
10-23 14:55:45.386   524   859 E RecoverySnapshotStorage: 	at com.android.server.locksettings.recoverablekeystore.RecoverableKeyStoreManager.getKeyChainSnapshot(RecoverableKeyStoreManager.java:369)
10-23 14:55:45.386   524   859 E RecoverySnapshotStorage: 	at com.android.server.locksettings.LockSettingsService.getKeyChainSnapshot(LockSettingsService.java:2494)
10-23 14:55:45.386   524   859 E RecoverySnapshotStorage: 	at com.android.internal.widget.ILockSettings$Stub.onTransact(ILockSettings.java:838)
10-23 14:55:45.386   524   859 E RecoverySnapshotStorage: 	at android.os.Binder.execTransactInternal(Binder.java:1339)
10-23 14:55:45.386   524   859 E RecoverySnapshotStorage: 	at android.os.Binder.execTransact(Binder.java:1275)
10-23 14:55:45.386   524   859 E RecoverySnapshotStorage: Caused by: android.system.ErrnoException: open failed: ENOENT (No such file or directory)
10-23 14:55:45.386   524   859 E RecoverySnapshotStorage: 	at libcore.io.Linux.open(Native Method)
10-23 14:55:45.386   524   859 E RecoverySnapshotStorage: 	at libcore.io.ForwardingOs.open(ForwardingOs.java:563)
10-23 14:55:45.386   524   859 E RecoverySnapshotStorage: 	at libcore.io.BlockGuardOs.open(BlockGuardOs.java:274)
10-23 14:55:45.386   524   859 E RecoverySnapshotStorage: 	at libcore.io.IoBridge.open(IoBridge.java:560)
10-23 14:55:45.386   524   859 E RecoverySnapshotStorage: 	... 8 more
10-23 14:55:45.393   524   859 W PlatformKeyManager: Platform generation ID was 0 but no entry was present in AndroidKeyStore. Generating fresh key.
10-23 14:55:45.394  2993  3021 I DynamiteModule: Considering local module com.google.android.gms.googlecertificates:7 and remote module com.google.android.gms.googlecertificates:7
10-23 14:55:45.394  2993  3021 I DynamiteModule: Selected local version of com.google.android.gms.googlecertificates
10-23 14:55:45.420  4000  5512 W ding:background: Accessing hidden method Lcom/android/org/conscrypt/OpenSSLSocketImpl;->getAlpnSelectedProtocol()[B (max-target-q,core-platform-api, reflection, denied)
10-23 14:55:45.420  4000  5512 W ding:background: Accessing hidden method Lcom/android/org/conscrypt/AbstractConscryptSocket;->getAlpnSelectedProtocol()[B (max-target-q, reflection, denied)
10-23 14:55:45.428  3041  3687 I Finsky  : [60] uxk.a(20): Showing notification: [ID=play protect default on, Title=Google Play Protect is turned on, Message=This feature protects your device from harmful apps, channelId=account, targetType=1, returnCode=-1, uiElementType=926]
10-23 14:55:45.436  4000  5498 I Finsky:background: [63] lms.g(2): Subscription detail: DataSubscriptionInfo{groupIdLevel1=null, serviceProviderName=[Zr1R7g28S8p7iucp_gnNJJtsRl-pgO3Y6eIkCh24Iy0], simCarrierId=1}
10-23 14:55:45.449  1468  5352 W RecoverableKeyStoreGms: [WrappingKeyManager] InternalRecoveryServiceException during wrapping key generation [CONTEXT service_id=172 ]
10-23 14:55:45.449  1468  5352 W RecoverableKeyStoreGms: android.security.keystore.recovery.InternalRecoveryServiceException: Failed to import secret key.
10-23 14:55:45.449  1468  5352 W RecoverableKeyStoreGms: 	at android.security.keystore.recovery.RecoveryController.wrapUnexpectedServiceSpecificException(RecoveryController.java:783)
10-23 14:55:45.449  1468  5352 W RecoverableKeyStoreGms: 	at android.security.keystore.recovery.RecoveryController.generateKey(RecoveryController.java:569)
10-23 14:55:45.449  1468  5352 W RecoverableKeyStoreGms: 	at qiw.f(:com.google.android.gms@231818047@23.18.18 (190800-535401451):3)
10-23 14:55:45.449  1468  5352 W RecoverableKeyStoreGms: 	at qiw.e(:com.google.android.gms@231818047@23.18.18 (190800-535401451):15)
10-23 14:55:45.449  1468  5352 W RecoverableKeyStoreGms: 	at qfw.f(:com.google.android.gms@231818047@23.18.18 (190800-535401451):68)
10-23 14:55:45.449  1468  5352 W RecoverableKeyStoreGms: 	at com.google.android.gms.auth.folsom.operation.GserviceChangeIntentOperation.onHandleIntent(:com.google.android.gms@231818047@23.18.18 (190800-535401451):8)
10-23 14:55:45.449  1468  5352 W RecoverableKeyStoreGms: 	at com.google.android.chimera.IntentOperation.onHandleIntent(:com.google.android.gms@231818047@23.18.18 (190800-535401451):2)
10-23 14:55:45.449  1468  5352 W RecoverableKeyStoreGms: 	at zhv.onHandleIntent(:com.google.android.gms@231818047@23.18.18 (190800-535401451):4)
10-23 14:55:45.449  1468  5352 W RecoverableKeyStoreGms: 	at hjm.run(:com.google.android.gms@231818047@23.18.18 (190800-535401451):3)
10-23 14:55:45.449  1468  5352 W RecoverableKeyStoreGms: 	at hjl.run(:com.google.android.gms@231818047@23.18.18 (190800-535401451):11)
10-23 14:55:45.449  1468  5352 W RecoverableKeyStoreGms: 	at dfhf.run(:com.google.android.gms@231818047@23.18.18 (190800-535401451):2)
10-23 14:55:45.449  1468  5352 W RecoverableKeyStoreGms: 	at java.util.concurrent.ThreadPoolExecutor.runWorker(ThreadPoolExecutor.java:1145)
10-23 14:55:45.449  1468  5352 W RecoverableKeyStoreGms: 	at java.util.concurrent.ThreadPoolExecutor$Worker.run(ThreadPoolExecutor.java:644)
10-23 14:55:45.449  1468  5352 W RecoverableKeyStoreGms: 	at java.lang.Thread.run(Thread.java:1012)
10-23 14:55:45.449  1468  5352 W RecoverableKeyStoreGms: Caused by: android.os.ServiceSpecificException: Failed to import secret key. (code 22)
10-23 14:55:45.449  1468  5352 W RecoverableKeyStoreGms: 	at android.os.Parcel.createExceptionOrNull(Parcel.java:3071)
10-23 14:55:45.449  1468  5352 W RecoverableKeyStoreGms: 	at android.os.Parcel.createException(Parcel.java:3041)
10-23 14:55:45.449  1468  5352 W RecoverableKeyStoreGms: 	at android.os.Parcel.readException(Parcel.java:3024)
10-23 14:55:45.449  1468  5352 W RecoverableKeyStoreGms: 	at android.os.Parcel.readException(Parcel.java:2966)
10-23 14:55:45.449  1468  5352 W RecoverableKeyStoreGms: 	at com.android.internal.widget.ILockSettings$Stub$Proxy.generateKey(ILockSettings.java:1679)
10-23 14:55:45.449  1468  5352 W RecoverableKeyStoreGms: 	at android.security.keystore.recovery.RecoveryController.generateKey(RecoveryController.java:556)
10-23 14:55:45.449  1468  5352 W RecoverableKeyStoreGms: 	... 12 more
10-23 14:55:45.454  4000  4000 I Finsky:background: [2] lmr.onSubscriptionsChanged(1): onSubscriptionsChanged
10-23 14:55:45.461  4000  5515 I Finsky:background: [70] ycx.accept(55): SCH: Scheduling phonesky job Id: 40-9998, CT: 1698072945294, Constraints: [{ L: 0, D: 86400000, C: 1, I: 1, N: 1 }, { L: 0, D: 0, C: 1, I: 1, N: 0 }]
10-23 14:55:45.468  1468  3342 I ModuleSetMgr: Download of container feature antifingerprinting is disabled.
10-23 14:55:45.468  1468  3342 I ModuleSetMgr: Download of container feature appsearch_dynamite_impl is disabled.
10-23 14:55:45.468  1468  3342 I ModuleSetMgr: Download of container feature brella_dynamite is disabled.
10-23 14:55:45.468  1468  3342 I ModuleSetMgr: Download of container feature cameraconnectivity_impl is disabled.
10-23 14:55:45.469  1468  3342 I ModuleSetMgr: Download of container feature dck_management is disabled.
10-23 14:55:45.469  1468  3342 I ModuleSetMgr: Download of container feature easyunlock is disabled.
10-23 14:55:45.469  1468  3342 I ModuleSetMgr: Download of container feature enterprise is disabled.
10-23 14:55:45.469  1468  3342 I ModuleSetMgr: Download of container feature enterprise_zt_mp_complete is disabled.
10-23 14:55:45.469  1468  3342 I ModuleSetMgr: Download of container feature fast_pair is disabled.
10-23 14:55:45.469  1468  3342 I ModuleSetMgr: Download of container feature game_platform is disabled.
10-23 14:55:45.469  1468  3342 I ModuleSetMgr: Download of container feature games is disabled.
10-23 14:55:45.470  1468  3342 I ModuleSetMgr: Download of container feature growth_upgradeparty is disabled.
10-23 14:55:45.470  1468  3342 I ModuleSetMgr: Download of container feature tflite_dynamite is disabled.
10-23 14:55:45.470  1468  3342 I ModuleSetMgr: Download of container feature homegraph is disabled.
10-23 14:55:45.470  1468  3342 I ModuleSetMgr: Download of container feature magictether is disabled.
10-23 14:55:45.470  1468  3342 I ModuleSetMgr: Download of container feature maps_core is disabled.
10-23 14:55:45.470  1468  3342 I ModuleSetMgr: Download of container feature mlkit.docscan.crop is disabled.
10-23 14:55:45.470  1468  3342 I ModuleSetMgr: Download of container feature mlkit.docscan.enhance is disabled.
10-23 14:55:45.470  1468  3342 I ModuleSetMgr: Download of container feature multipackage_debug is disabled.
10-23 14:55:45.470  1468  3342 I ModuleSetMgr: Download of container feature payse is disabled.
10-23 14:55:45.470  1468  3342 I ModuleSetMgr: Download of container feature permissions_debug is disabled.
10-23 14:55:45.470  1468  3342 I ModuleSetMgr: Download of container feature play_cloud_search is disabled.
10-23 14:55:45.470  1468  3342 I ModuleSetMgr: Download of container feature semanticlocation_debug is disabled.
10-23 14:55:45.470  1468  3342 I ModuleSetMgr: Download of container feature tflite_delegate_edgetpu is disabled.
10-23 14:55:45.470  1468  3342 I ModuleSetMgr: Download of container feature tflite_delegate_test is disabled.
10-23 14:55:45.471  3911  3911 D LifecycleMonitor: Lifecycle status change: androidx.test.core.app.InstrumentationActivityInvoker$BootstrapActivity@6550698 in: STOPPED
10-23 14:55:45.472  1468  3342 I ModuleSetMgr: Download of container feature tflite_gpu_dynamite is disabled.
10-23 14:55:45.472  1468  3342 I ModuleSetMgr: Download of container feature userstatus_impl is disabled.
10-23 14:55:45.472  1468  3342 I ModuleSetMgr: Download of container feature usonia_iam is disabled.
10-23 14:55:45.472  1468  3342 I ModuleSetMgr: Download of container feature vision.face is disabled.
10-23 14:55:45.472  1468  3342 I ModuleSetMgr: Download of container feature vision.ica is disabled.
10-23 14:55:45.472  1468  3342 I ModuleSetMgr: Download of container feature vision.ocr is disabled.
10-23 14:55:45.472  3911  3911 V ActivityScenario: Activity lifecycle changed event received but ignored because the intent does not match. startActivityIntent=Intent { act=android.intent.action.MAIN cat=[android.intent.category.LAUNCHER] cmp=com.example.lunchtray/androidx.fragment.app.testing.FragmentScenario$EmptyFragmentActivity (has extras) }, activity.getIntent()=Intent { act=android.intent.action.MAIN cat=[android.intent.category.LAUNCHER] flg=0x10008000 cmp=com.example.lunchtray/androidx.test.core.app.InstrumentationActivityInvoker$BootstrapActivity (has extras) }, activity=androidx.test.core.app.InstrumentationActivityInvoker$BootstrapActivity@6550698
10-23 14:55:45.472  3911  3911 V ActivityScenario: Activity lifecycle changed event received but ignored because the intent does not match. startActivityIntent=Intent { act=android.intent.action.MAIN cat=[android.intent.category.LAUNCHER] cmp=com.example.lunchtray/androidx.fragment.app.testing.FragmentScenario$EmptyFragmentActivity (has extras) }, activity.getIntent()=Intent { act=android.intent.action.MAIN cat=[android.intent.category.LAUNCHER] flg=0x10008000 cmp=com.example.lunchtray/androidx.test.core.app.InstrumentationActivityInvoker$BootstrapActivity (has extras) }, activity=androidx.test.core.app.InstrumentationActivityInvoker$BootstrapActivity@6550698
10-23 14:55:45.472  1468  3342 I ModuleSetMgr: Pending container module APKs: []
10-23 14:55:45.472  1468  3342 I ModuleSetMgr: Pending non-container module APKs: []
10-23 14:55:45.473  3911  3911 V ActivityScenario: Activity lifecycle changed event received but ignored because the intent does not match. startActivityIntent=Intent { act=android.intent.action.MAIN cat=[android.intent.category.LAUNCHER] cmp=com.example.lunchtray/androidx.fragment.app.testing.FragmentScenario$EmptyFragmentActivity (has extras) }, activity.getIntent()=Intent { act=android.intent.action.MAIN cat=[android.intent.category.LAUNCHER] flg=0x10008000 cmp=com.example.lunchtray/androidx.test.core.app.InstrumentationActivityInvoker$BootstrapActivity (has extras) }, activity=androidx.test.core.app.InstrumentationActivityInvoker$BootstrapActivity@6550698
10-23 14:55:45.473  3911  3911 V ActivityScenario: Activity lifecycle changed event received but ignored because the intent does not match. startActivityIntent=Intent { act=android.intent.action.MAIN cat=[android.intent.category.LAUNCHER] cmp=com.example.lunchtray/androidx.fragment.app.testing.FragmentScenario$EmptyFragmentActivity (has extras) }, activity.getIntent()=Intent { act=android.intent.action.MAIN cat=[android.intent.category.LAUNCHER] flg=0x10008000 cmp=com.example.lunchtray/androidx.test.core.app.InstrumentationActivityInvoker$BootstrapActivity (has extras) }, activity=androidx.test.core.app.InstrumentationActivityInvoker$BootstrapActivity@6550698
10-23 14:55:45.474  3911  3911 V ActivityScenario: Activity lifecycle changed event received but ignored because the intent does not match. startActivityIntent=Intent { act=android.intent.action.MAIN cat=[android.intent.category.LAUNCHER] cmp=com.example.lunchtray/androidx.fragment.app.testing.FragmentScenario$EmptyFragmentActivity (has extras) }, activity.getIntent()=Intent { act=android.intent.action.MAIN cat=[android.intent.category.LAUNCHER] flg=0x10008000 cmp=com.example.lunchtray/androidx.test.core.app.InstrumentationActivityInvoker$BootstrapActivity (has extras) }, activity=androidx.test.core.app.InstrumentationActivityInvoker$BootstrapActivity@6550698
10-23 14:55:45.474  3911  3911 V ActivityScenario: Activity lifecycle changed event received but ignored because the intent does not match. startActivityIntent=Intent { act=android.intent.action.MAIN cat=[android.intent.category.LAUNCHER] cmp=com.example.lunchtray/androidx.fragment.app.testing.FragmentScenario$EmptyFragmentActivity (has extras) }, activity.getIntent()=Intent { act=android.intent.action.MAIN cat=[android.intent.category.LAUNCHER] flg=0x10008000 cmp=com.example.lunchtray/androidx.test.core.app.InstrumentationActivityInvoker$BootstrapActivity (has extras) }, activity=androidx.test.core.app.InstrumentationActivityInvoker$BootstrapActivity@6550698
10-23 14:55:45.474  3911  3911 V ActivityScenario: Activity lifecycle changed event received but ignored because the intent does not match. startActivityIntent=Intent { act=android.intent.action.MAIN cat=[android.intent.category.LAUNCHER] cmp=com.example.lunchtray/androidx.fragment.app.testing.FragmentScenario$EmptyFragmentActivity (has extras) }, activity.getIntent()=Intent { act=android.intent.action.MAIN cat=[android.intent.category.LAUNCHER] flg=0x10008000 cmp=com.example.lunchtray/androidx.test.core.app.InstrumentationActivityInvoker$BootstrapActivity (has extras) }, activity=androidx.test.core.app.InstrumentationActivityInvoker$BootstrapActivity@6550698
10-23 14:55:45.474  3911  3911 V ActivityScenario: Activity lifecycle changed event received but ignored because the intent does not match. startActivityIntent=Intent { act=android.intent.action.MAIN cat=[android.intent.category.LAUNCHER] cmp=com.example.lunchtray/androidx.fragment.app.testing.FragmentScenario$EmptyFragmentActivity (has extras) }, activity.getIntent()=Intent { act=android.intent.action.MAIN cat=[android.intent.category.LAUNCHER] flg=0x10008000 cmp=com.example.lunchtray/androidx.test.core.app.InstrumentationActivityInvoker$BootstrapActivity (has extras) }, activity=androidx.test.core.app.InstrumentationActivityInvoker$BootstrapActivity@6550698
10-23 14:55:45.474  3911  3911 V ActivityScenario: Activity lifecycle changed event received but ignored because the intent does not match. startActivityIntent=Intent { act=android.intent.action.MAIN cat=[android.intent.category.LAUNCHER] cmp=com.example.lunchtray/androidx.fragment.app.testing.FragmentScenario$EmptyFragmentActivity (has extras) }, activity.getIntent()=Intent { act=android.intent.action.MAIN cat=[android.intent.category.LAUNCHER] flg=0x10008000 cmp=com.example.lunchtray/androidx.test.core.app.InstrumentationActivityInvoker$BootstrapActivity (has extras) }, activity=androidx.test.core.app.InstrumentationActivityInvoker$BootstrapActivity@6550698
10-23 14:55:45.475  3911  3911 V ActivityScenario: Activity lifecycle changed event received but ignored because the intent does not match. startActivityIntent=Intent { act=android.intent.action.MAIN cat=[android.intent.category.LAUNCHER] cmp=com.example.lunchtray/androidx.fragment.app.testing.FragmentScenario$EmptyFragmentActivity (has extras) }, activity.getIntent()=Intent { act=android.intent.action.MAIN cat=[android.intent.category.LAUNCHER] flg=0x10008000 cmp=com.example.lunchtray/androidx.test.core.app.InstrumentationActivityInvoker$BootstrapActivity (has extras) }, activity=androidx.test.core.app.InstrumentationActivityInvoker$BootstrapActivity@6550698
10-23 14:55:45.475  3911  3911 V ActivityScenario: Activity lifecycle changed event received but ignored because the intent does not match. startActivityIntent=Intent { act=android.intent.action.MAIN cat=[android.intent.category.LAUNCHER] cmp=com.example.lunchtray/androidx.fragment.app.testing.FragmentScenario$EmptyFragmentActivity (has extras) }, activity.getIntent()=Intent { act=android.intent.action.MAIN cat=[android.intent.category.LAUNCHER] flg=0x10008000 cmp=com.example.lunchtray/androidx.test.core.app.InstrumentationActivityInvoker$BootstrapActivity (has extras) }, activity=androidx.test.core.app.InstrumentationActivityInvoker$BootstrapActivity@6550698
10-23 14:55:45.485  4000  5527 I Finsky:background: [75] lac.onCreate(1): [Counters Flush] Counters SQLite Database created
10-23 14:55:45.489  4000  5515 I Finsky:background: [70] ycy.apply(69): SCH: Scheduling 2 system job(s)
10-23 14:55:45.490  4000  5515 D CompatibilityChangeReporter: Compat change id reported: 194532703; UID 10121; state: ENABLED
10-23 14:55:45.494  4000  5515 D CompatibilityChangeReporter: Compat change id reported: 253665015; UID 10121; state: DISABLED
10-23 14:55:45.494  4000  5515 I Finsky:background: [70] ysd.d(4): SCH: Scheduling system job Id: 10000, L: 0, D: 86399805, C: false, I: false, N: 1
10-23 14:55:45.504  3911  3911 I ViewInteraction: Performing 'single click' action on view view.getId() is <2131230844/com.example.lunchtray:id/cauliflower>
10-23 14:55:45.506  1132  2137 D OneSearchSuggestProvider: Shut down the binder channel
10-23 14:55:45.510  1132  1152 I IPCThreadState: oneway function results for code 2 on binder at 0x7f98daeeae40 will be dropped but finished with status UNKNOWN_TRANSACTION
10-23 14:55:45.515  4000  5498 E PlayCommon: [63] alsm.<init>(10): Failed to restore PlayMetalog
10-23 14:55:45.515  4000  5498 E PlayCommon: [63] alsm.<init>(14): Failed to restore LogsUploadAttempt
10-23 14:55:45.517  4000  5498 D CompatibilityChangeReporter: Compat change id reported: 183155436; UID 10121; state: ENABLED
10-23 14:55:45.524  2964  3509 I PBSessionCacheImpl: Deleted sessionId[13037507931822887] from persistence.
10-23 14:55:45.525  4000  5512 D TrafficStats: tagSocket(83) with statsTag=0xffffffff, statsUid=-1
10-23 14:55:45.528  1468  3880 I MobileDataHub: Scheduling periodic tasks
10-23 14:55:45.535  4000  5515 I Finsky:background: [70] ycy.apply(85): SCH: Scheduling expedited system job 10001
10-23 14:55:45.541  4000  4000 I Finsky:background: [2] ytn.onStartJob(4): SCH: job service start with id 10000.
10-23 14:55:45.543  1468  1468 D BoundBrokerSvc: onUnbind: Intent { act=com.google.android.gms.auth.service.START pkg=com.google.android.gms }
10-23 14:55:45.547  4000  5512 W ding:background: Accessing hidden method Lcom/android/org/conscrypt/ConscryptEngineSocket;->setUseSessionTickets(Z)V (max-target-q,core-platform-api, reflection, denied)
10-23 14:55:45.547  4000  5512 W ding:background: Accessing hidden method Lcom/android/org/conscrypt/OpenSSLSocketImpl;->setUseSessionTickets(Z)V (max-target-q,core-platform-api, reflection, denied)
10-23 14:55:45.547  4000  5512 W ding:background: Accessing hidden method Lcom/android/org/conscrypt/AbstractConscryptSocket;->setUseSessionTickets(Z)V (max-target-q, reflection, denied)
10-23 14:55:45.547  4000  5512 W ding:background: Accessing hidden method Lcom/android/org/conscrypt/ConscryptEngineSocket;->setHostname(Ljava/lang/String;)V (max-target-q,core-platform-api, reflection, denied)
10-23 14:55:45.547  4000  5512 W ding:background: Accessing hidden method Lcom/android/org/conscrypt/OpenSSLSocketImpl;->setHostname(Ljava/lang/String;)V (max-target-q,core-platform-api, reflection, denied)
10-23 14:55:45.547  4000  5512 W ding:background: Accessing hidden method Lcom/android/org/conscrypt/AbstractConscryptSocket;->setHostname(Ljava/lang/String;)V (max-target-q, reflection, denied)
10-23 14:55:45.547  4000  5512 W ding:background: Accessing hidden method Lcom/android/org/conscrypt/OpenSSLSocketImpl;->setAlpnProtocols([B)V (max-target-q,core-platform-api, reflection, denied)
10-23 14:55:45.547  4000  5512 W ding:background: Accessing hidden method Lcom/android/org/conscrypt/AbstractConscryptSocket;->setAlpnProtocols([B)V (max-target-q, reflection, denied)
10-23 14:55:45.553  4000  4000 I Finsky:background: [2] ytn.onStartJob(4): SCH: job service start with id 10001.
10-23 14:55:45.554  1468  3880 W MobileDataHub: [Service] appsupload-periodic periodic task disabled
10-23 14:55:45.557  1132  1166 I ImeTracker: com.google.android.apps.nexuslauncher:ca453dde: onRequestHide at ORIGIN_CLIENT_HIDE_SOFT_INPUT reason HIDE_SOFT_INPUT
10-23 14:55:45.557  1132  1166 I ImeTracker: com.google.android.apps.nexuslauncher:ca453dde: onFailed at PHASE_CLIENT_VIEW_SERVED
10-23 14:55:45.560  2964  3265 W SearchServiceCore: Abort, client detached.
10-23 14:55:45.561  2964  3265 W SearchServiceCore: Abort, client detached.
10-23 14:55:45.562  2964  3265 W SearchServiceCore: Abort, client detached.
10-23 14:55:45.562  2964  3265 W SearchServiceCore: Abort, client detached.
10-23 14:55:45.562  2964  3265 W SearchServiceCore: Abort, client detached.
10-23 14:55:45.592   413   811 D audioserver: FGS Logger Transaction failed
10-23 14:55:45.592   413   811 D audioserver: -129
10-23 14:55:45.601  4000  5508 I Finsky:background: [65] ycw.a(35): SCH: Satisfied jobs for 10000 are: 40-9998
10-23 14:55:45.609   870   921 W WindowOnBackDispatcher: sendCancelIfRunning: isInProgress=falsecallback=android.view.ViewRootImpl$$ExternalSyntheticLambda17@8ab87ef
10-23 14:55:45.610   524  2871 W InputManager-JNI: Input channel object 'c04aab7 Splash Screen com.example.lunchtray (client)' was disposed without first being removed with the input manager!
10-23 14:55:45.621  2993  3954 D TrafficStats: tagSocket(112) with statsTag=0x1803, statsUid=10121
10-23 14:55:45.636  4000  5508 I Finsky:background: [65] ycw.a(35): SCH: Satisfied jobs for 10001 are: 40-9998
10-23 14:55:45.690  1657  2220 W AiAiEcho: LyftNotificationParser Ridesharing ETA not enabled
10-23 14:55:45.690  1657  2220 W AiAiEcho: SmartspaceNotificationPredictor no parser can handle this notification or notification is invalid
10-23 14:55:45.690  1468  5352 I MS_Utils: version of com.google.android.apps.maps = 1066937505
10-23 14:55:45.702  1468  5352 I MdiSyncModule: flag handling is skipping irrelevant intent.
10-23 14:55:45.713  4000  5512 W ding:background: Accessing hidden method Lcom/android/org/conscrypt/OpenSSLSocketImpl;->getAlpnSelectedProtocol()[B (max-target-q,core-platform-api, reflection, denied)
10-23 14:55:45.713  4000  5512 W ding:background: Accessing hidden method Lcom/android/org/conscrypt/AbstractConscryptSocket;->getAlpnSelectedProtocol()[B (max-target-q, reflection, denied)
10-23 14:55:45.717  1468  3880 I SystemUpdate: [Installation,ReceiverIntentOperation] Received intent: Intent { act=com.google.gservices.intent.action.GSERVICES_CHANGED flg=0x1000010 pkg=com.google.android.gms cmp=com.google.android.gms/.chimera.GmsIntentOperationService (has extras) }.
10-23 14:55:45.725  4000  5542 I Finsky:background: [81] yrd.accept(66): SCH: Job 40-9998 starting
10-23 14:55:45.782  1348  3945 I GCoreUlr: WorldUpdater received intent Intent { act=com.google.android.location.reporting.ACTION_UPDATE_WORLD cmp=com.google.android.gms/com.google.android.location.reporting.service.DispatchingService (has extras) } with receiverAction com.google.gservices.intent.action.GSERVICES_CHANGED
10-23 14:55:45.783  4000  4000 I Finsky:background: [2] InvisibleRunJob.v(1): Running InvisibleRunJob
10-23 14:55:45.786  4000  5515 I Finsky:background: [70] kji.accept(34): [Counters Flush] Successfully generated counter events
10-23 14:55:45.804   413   476 D audioserver: FGS Logger Transaction failed
10-23 14:55:45.805   413   476 D audioserver: -129
10-23 14:55:45.858  1468  1507 I GCM-GMS : Got GMS registration
10-23 14:55:45.866   351   351 D Zygote  : Forked child process 5543
10-23 14:55:45.881  3041  3041 I Finsky  : [2] zgz.f(9): SU: Received onStateUpdate with status: 2
10-23 14:55:45.889  1348  3945 I GCoreUlr: WorldUpdater:com.google.gservices.intent.action.GSERVICES_CHANGED: Ensuring that reporting is stopped because of reasons: (no Google accounts)
10-23 14:55:45.907  1468  3344 I SystemUpdate: [Execution,InstallationEventIntentOperation] Handling event of type 2.
10-23 14:55:45.941  5543  5543 I ng:quick_launch: Using CollectorTypeCC GC.
10-23 14:55:45.956  5543  5543 W ng:quick_launch: Unexpected CPU variant for x86: x86_64.
10-23 14:55:45.956  5543  5543 W ng:quick_launch: Known variants: atom, sandybridge, silvermont, goldmont, goldmont-plus, tremont, kabylake, default
10-23 14:55:45.978  1468  3344 I SystemUpdate: [Execution,InstallationIntentOperation] Received intent: Intent { act=com.google.android.gms.update.INSTALL_UPDATE cat=[targeted_intent_op_prefix:.update.execution.InstallationIntentOperation] cmp=com.google.android.gms/.chimera.GmsIntentOperationService }.
10-23 14:55:45.979  1348  1348 I GCoreUlr: GCM registration ID changed: Intent { act=com.google.android.gms.gcm.REGISTERED flg=0x10 pkg=com.google.android.gms cmp=com.google.android.gms/com.google.android.location.reporting.service.GcmRegistrationReceiver (has extras) }
10-23 14:55:45.986  1468  3344 I SystemUpdate: [Execution,ExecutionManager] Action finished-execution executed for 0.00 seconds.
10-23 14:55:46.024  3911  3911 I ViewInteraction: Checking 'MatchesViewAssertion{viewMatcher=an instance of android.widget.TextView and view.getText() with or without transformation to match: a string containing "Subtotal: $7.00"}' assertion on view view.getId() is <2131231217/com.example.lunchtray:id/subtotal>
10-23 14:55:46.027  3911  3911 I ViewInteraction: Performing 'single click' action on view view.getId() is <2131230858/com.example.lunchtray:id/chili>
10-23 14:55:46.051  5543  5543 E ng:quick_launch: Not starting debugger since process cannot load the jdwp agent.
10-23 14:55:46.055  1348  3945 I GCoreUlr: Unbound from all signal providers.
10-23 14:55:46.087  1647  1661 I ocess.gservices: Background concurrent copying GC freed 64739(2278KB) AllocSpace objects, 0(0B) LOS objects, 49% free, 2854KB/5709KB, paused 13us,9us total 256.422ms
10-23 14:55:46.119  5002  5169 W CursorConverter: Cannot get icon, pkg/id :com.android.settings/2130837916
10-23 14:55:46.123  5002  5169 W CursorConverter: Cannot get icon, pkg/id :com.android.settings/2130837985
10-23 14:55:46.131   413   811 D audioserver: FGS Logger Transaction failed
10-23 14:55:46.131   413   811 D audioserver: -129
10-23 14:55:46.134  5002  5169 W CursorConverter: Cannot get icon, pkg/id :com.android.settings/2130838179
10-23 14:55:46.135  5002  5169 W CursorConverter: Cannot get icon, pkg/id :com.android.settings/2130837907
10-23 14:55:46.136  5002  5169 W CursorConverter: Cannot get icon, pkg/id :com.android.settings/2130838300
10-23 14:55:46.137  5002  5169 W CursorConverter: Cannot get icon, pkg/id :com.android.settings/2130838299
10-23 14:55:46.138  5002  5169 W CursorConverter: Cannot get icon, pkg/id :com.android.settings/2130838322
10-23 14:55:46.140  5002  5169 W CursorConverter: Cannot get icon, pkg/id :com.android.settings/2130838089
10-23 14:55:46.141  5002  5169 W CursorConverter: Cannot get icon, pkg/id :com.android.settings/2130837972
10-23 14:55:46.142  5002  5169 W CursorConverter: Cannot get icon, pkg/id :com.android.settings/2130838186
10-23 14:55:46.144  5002  5169 W CursorConverter: Cannot get icon, pkg/id :com.android.settings/2130837941
10-23 14:55:46.144  5002  5169 W CursorConverter: Cannot get icon, pkg/id :com.android.settings/2130838032
10-23 14:55:46.144  5002  5169 W CursorConverter: Cannot get icon, pkg/id :com.android.settings/2130838049
10-23 14:55:46.144  5002  5169 W CursorConverter: Cannot get icon, pkg/id :com.android.settings/2130837940
10-23 14:55:46.217  5543  5543 D CompatibilityChangeReporter: Compat change id reported: 171979766; UID 10121; state: ENABLED
10-23 14:55:46.217  5543  5543 D CompatibilityChangeReporter: Compat change id reported: 242716250; UID 10121; state: DISABLED
10-23 14:55:46.221  5002  5169 W CursorConverter: Cannot get icon, pkg/id :com.android.settings/2130837993
10-23 14:55:46.221  5002  5169 W CursorConverter: Cannot get icon, pkg/id :com.android.settings/2130837988
10-23 14:55:46.221  5002  5169 W CursorConverter: Cannot get icon, pkg/id :com.android.settings/2130837994
10-23 14:55:46.221  5002  5169 W CursorConverter: Cannot get icon, pkg/id :com.android.settings/2130837905
10-23 14:55:46.260  1468  4970 E MDM     : [195] aywf.a: No Google accounts; deferring server state update.
10-23 14:55:46.275  5002  5169 W CursorConverter: Cannot get icon, pkg/id :com.android.settings/2130838115
10-23 14:55:46.283  5543  5543 D nativeloader: Configuring clns-6 for other apk /system/framework/org.apache.http.legacy.jar. target_sdk_version=33, uses_libraries=ALL, library_path=/product/priv-app/Phonesky/lib/x86_64:/product/priv-app/Phonesky/Phonesky.apk!/lib/x86_64, permitted_path=/data:/mnt/expand:/data/user/0/com.android.vending
10-23 14:55:46.286  1468  5352 I OcrModelUpStIntentOp: Downloading text recognizer
10-23 14:55:46.287  5543  5543 D ApplicationLoaders: Returning zygote-cached class loader: /system_ext/framework/androidx.window.extensions.jar
10-23 14:55:46.287  5543  5543 D ApplicationLoaders: Returning zygote-cached class loader: /system_ext/framework/androidx.window.sidecar.jar
10-23 14:55:46.302   413   476 D audioserver: FGS Logger Transaction failed
10-23 14:55:46.303   413   476 D audioserver: -129
10-23 14:55:46.338  5543  5543 D nativeloader: InitLlndkLibrariesProduct: libEGL.so:libGLESv1_CM.so:libGLESv2.so:libGLESv3.so:libRS.so:libandroid_net.so:libbinder_ndk.so:libc.so:libcgrouprc.so:libclang_rt.asan-x86_64-android.so:libcom.android.tethering.connectivity_native.so:libdl.so:libft2.so:liblog.so:libm.so:libmediandk.so:libnativewindow.so:libneuralnetworks.so:libselinux.so:libsync.so:libvndksupport.so:libvulkan.so
10-23 14:55:46.338  5543  5543 D nativeloader: Configuring product-clns-7 for unbundled product apk /product/priv-app/Phonesky/Phonesky.apk. target_sdk_version=33, uses_libraries=, library_path=/product/priv-app/Phonesky/lib/x86_64:/product/priv-app/Phonesky/Phonesky.apk!/lib/x86_64:/product/lib64:/system/product/lib64, permitted_path=/data:/mnt/expand:/data/user/0/com.android.vending:/product/lib64:/system/product/lib64
10-23 14:55:46.342  5543  5543 D nativeloader: InitVndkspLibrariesProduct: android.hardware.common-V2-ndk.so:android.hardware.common.fmq-V1-ndk.so:android.hardware.graphics.allocator-V2-ndk.so:android.hardware.graphics.common-V4-ndk.so:android.hardware.graphics.common@1.0.so:android.hardware.graphics.common@1.1.so:android.hardware.graphics.common@1.2.so:android.hardware.graphics.composer3-V1-ndk.so:android.hardware.graphics.mapper@2.0.so:android.hardware.graphics.mapper@2.1.so:android.hardware.graphics.mapper@3.0.so:android.hardware.graphics.mapper@4.0.so:android.hardware.renderscript@1.0.so:android.hidl.memory.token@1.0.so:android.hidl.memory@1.0-impl.so:android.hidl.memory@1.0.so:android.hidl.safe_union@1.0.so:libRSCpuRef.so:libRSDriver.so:libRS_internal.so:libbase.so:libbcinfo.so:libblas.so:libc++.so:libcompiler_rt.so:libcutils.so:libdmabufheap.so:libgralloctypes.so:libhardware.so:libhidlbase.so:libhidlmemory.so:libion.so:libjsoncpp.so:liblzma.so:libprocessgroup.so:libunwindstack.so:libutils.so:libutilscallstack.so:libz.so
10-23 14:55:46.370  3911  4251 D EGL_emulation: app_time_stats: avg=10.38ms min=1.49ms max=156.54ms count=32
10-23 14:55:46.382  1468  5557 I Authzen : [AuthZenEventHandler] Handling event: com.google.android.gms.gcm.REGISTERED
