10-23 14:56:00.789  3911  3911 V ActivityScenario: Activity lifecycle changed event received but ignored because the intent does not match. startActivityIntent=Intent { act=android.intent.action.MAIN cat=[android.intent.category.LAUNCHER] cmp=com.example.lunchtray/androidx.fragment.app.testing.FragmentScenario$EmptyFragmentActivity (has extras) }, activity.getIntent()=Intent { act=android.intent.action.MAIN cat=[android.intent.category.LAUNCHER] flg=0x10008000 cmp=com.example.lunchtray/androidx.test.core.app.InstrumentationActivityInvoker$BootstrapActivity (has extras) }, activity=androidx.test.core.app.InstrumentationActivityInvoker$BootstrapActivity@dff8570
10-23 14:56:00.789  3911  3911 V ActivityScenario: Activity lifecycle changed event received but ignored because the intent does not match. startActivityIntent=Intent { act=android.intent.action.MAIN cat=[android.intent.category.LAUNCHER] cmp=com.example.lunchtray/androidx.fragment.app.testing.FragmentScenario$EmptyFragmentActivity (has extras) }, activity.getIntent()=Intent { act=android.intent.action.MAIN cat=[android.intent.category.LAUNCHER] flg=0x10008000 cmp=com.example.lunchtray/androidx.test.core.app.InstrumentationActivityInvoker$BootstrapActivity (has extras) }, activity=androidx.test.core.app.InstrumentationActivityInvoker$BootstrapActivity@dff8570
10-23 14:56:00.790  3911  3911 V ActivityScenario: Activity lifecycle changed event received but ignored because the intent does not match. startActivityIntent=Intent { act=android.intent.action.MAIN cat=[android.intent.category.LAUNCHER] cmp=com.example.lunchtray/androidx.fragment.app.testing.FragmentScenario$EmptyFragmentActivity (has extras) }, activity.getIntent()=Intent { act=android.intent.action.MAIN cat=[android.intent.category.LAUNCHER] flg=0x10008000 cmp=com.example.lunchtray/androidx.test.core.app.InstrumentationActivityInvoker$BootstrapActivity (has extras) }, activity=androidx.test.core.app.InstrumentationActivityInvoker$BootstrapActivity@dff8570
10-23 14:56:00.791  3911  3911 V ActivityScenario: Activity lifecycle changed event received but ignored because the intent does not match. startActivityIntent=Intent { act=android.intent.action.MAIN cat=[android.intent.category.LAUNCHER] cmp=com.example.lunchtray/androidx.fragment.app.testing.FragmentScenario$EmptyFragmentActivity (has extras) }, activity.getIntent()=Intent { act=android.intent.action.MAIN cat=[android.intent.category.LAUNCHER] flg=0x10008000 cmp=com.example.lunchtray/androidx.test.core.app.InstrumentationActivityInvoker$BootstrapActivity (has extras) }, activity=androidx.test.core.app.InstrumentationActivityInvoker$BootstrapActivity@dff8570
10-23 14:56:00.791  3911  3911 V ActivityScenario: Activity lifecycle changed event received but ignored because the intent does not match. startActivityIntent=Intent { act=android.intent.action.MAIN cat=[android.intent.category.LAUNCHER] cmp=com.example.lunchtray/androidx.fragment.app.testing.FragmentScenario$EmptyFragmentActivity (has extras) }, activity.getIntent()=Intent { act=android.intent.action.MAIN cat=[android.intent.category.LAUNCHER] flg=0x10008000 cmp=com.example.lunchtray/androidx.test.core.app.InstrumentationActivityInvoker$BootstrapActivity (has extras) }, activity=androidx.test.core.app.InstrumentationActivityInvoker$BootstrapActivity@dff8570
10-23 14:56:00.792  3911  3911 V ActivityScenario: Activity lifecycle changed event received but ignored because the intent does not match. startActivityIntent=Intent { act=android.intent.action.MAIN cat=[android.intent.category.LAUNCHER] cmp=com.example.lunchtray/androidx.fragment.app.testing.FragmentScenario$EmptyFragmentActivity (has extras) }, activity.getIntent()=Intent { act=android.intent.action.MAIN cat=[android.intent.category.LAUNCHER] flg=0x10008000 cmp=com.example.lunchtray/androidx.test.core.app.InstrumentationActivityInvoker$BootstrapActivity (has extras) }, activity=androidx.test.core.app.InstrumentationActivityInvoker$BootstrapActivity@dff8570
10-23 14:56:00.793  3911  3911 V ActivityScenario: Activity lifecycle changed event received but ignored because the intent does not match. startActivityIntent=Intent { act=android.intent.action.MAIN cat=[android.intent.category.LAUNCHER] cmp=com.example.lunchtray/androidx.fragment.app.testing.FragmentScenario$EmptyFragmentActivity (has extras) }, activity.getIntent()=Intent { act=android.intent.action.MAIN cat=[android.intent.category.LAUNCHER] flg=0x10008000 cmp=com.example.lunchtray/androidx.test.core.app.InstrumentationActivityInvoker$BootstrapActivity (has extras) }, activity=androidx.test.core.app.InstrumentationActivityInvoker$BootstrapActivity@dff8570
10-23 14:56:00.793  3911  3911 V ActivityScenario: Activity lifecycle changed event received but ignored because the intent does not match. startActivityIntent=Intent { act=android.intent.action.MAIN cat=[android.intent.category.LAUNCHER] cmp=com.example.lunchtray/androidx.fragment.app.testing.FragmentScenario$EmptyFragmentActivity (has extras) }, activity.getIntent()=Intent { act=android.intent.action.MAIN cat=[android.intent.category.LAUNCHER] flg=0x10008000 cmp=com.example.lunchtray/androidx.test.core.app.InstrumentationActivityInvoker$BootstrapActivity (has extras) }, activity=androidx.test.core.app.InstrumentationActivityInvoker$BootstrapActivity@dff8570
10-23 14:56:00.794  3911  3911 V ActivityScenario: Activity lifecycle changed event received but ignored because the intent does not match. startActivityIntent=Intent { act=android.intent.action.MAIN cat=[android.intent.category.LAUNCHER] cmp=com.example.lunchtray/androidx.fragment.app.testing.FragmentScenario$EmptyFragmentActivity (has extras) }, activity.getIntent()=Intent { act=android.intent.action.MAIN cat=[android.intent.category.LAUNCHER] flg=0x10008000 cmp=com.example.lunchtray/androidx.test.core.app.InstrumentationActivityInvoker$BootstrapActivity (has extras) }, activity=androidx.test.core.app.InstrumentationActivityInvoker$BootstrapActivity@dff8570
10-23 14:56:00.794  3911  3911 V ActivityScenario: Activity lifecycle changed event received but ignored because the intent does not match. startActivityIntent=Intent { act=android.intent.action.MAIN cat=[android.intent.category.LAUNCHER] cmp=com.example.lunchtray/androidx.fragment.app.testing.FragmentScenario$EmptyFragmentActivity (has extras) }, activity.getIntent()=Intent { act=android.intent.action.MAIN cat=[android.intent.category.LAUNCHER] flg=0x10008000 cmp=com.example.lunchtray/androidx.test.core.app.InstrumentationActivityInvoker$BootstrapActivity (has extras) }, activity=androidx.test.core.app.InstrumentationActivityInvoker$BootstrapActivity@dff8570
10-23 14:56:00.795  3911  3911 V ActivityScenario: Activity lifecycle changed event received but ignored because the intent does not match. startActivityIntent=Intent { act=android.intent.action.MAIN cat=[android.intent.category.LAUNCHER] cmp=com.example.lunchtray/.MainActivity }, activity.getIntent()=Intent { act=android.intent.action.MAIN cat=[android.intent.category.LAUNCHER] flg=0x10008000 cmp=com.example.lunchtray/androidx.test.core.app.InstrumentationActivityInvoker$BootstrapActivity (has extras) }, activity=androidx.test.core.app.InstrumentationActivityInvoker$BootstrapActivity@dff8570
10-23 14:56:00.795  3911  3911 V ActivityScenario: Activity lifecycle changed event received but ignored because the intent does not match. startActivityIntent=Intent { act=android.intent.action.MAIN cat=[android.intent.category.LAUNCHER] cmp=com.example.lunchtray/.MainActivity }, activity.getIntent()=Intent { act=android.intent.action.MAIN cat=[android.intent.category.LAUNCHER] flg=0x10008000 cmp=com.example.lunchtray/androidx.test.core.app.InstrumentationActivityInvoker$BootstrapActivity (has extras) }, activity=androidx.test.core.app.InstrumentationActivityInvoker$BootstrapActivity@dff8570
10-23 14:56:00.808  1132  2137 D OneSearchSuggestProvider: Shut down the binder channel
10-23 14:56:00.810  1132  1166 I ImeTracker: com.google.android.apps.nexuslauncher:920814e0: onRequestHide at ORIGIN_CLIENT_HIDE_SOFT_INPUT reason HIDE_SOFT_INPUT
10-23 14:56:00.810  1132  1166 I ImeTracker: com.google.android.apps.nexuslauncher:920814e0: onFailed at PHASE_CLIENT_VIEW_SERVED
10-23 14:56:00.811  1132  1152 I IPCThreadState: oneway function results for code 2 on binder at 0x7f98daef2640 will be dropped but finished with status UNKNOWN_TRANSACTION
10-23 14:56:00.814   413   430 D audioserver: FGS Logger Transaction failed
10-23 14:56:00.814   413   430 D audioserver: -129
10-23 14:56:00.840   870   921 W WindowOnBackDispatcher: sendCancelIfRunning: isInProgress=falsecallback=android.view.ViewRootImpl$$ExternalSyntheticLambda17@ee128b
10-23 14:56:00.841  2964  3265 W SearchServiceCore: Abort, client detached.
10-23 14:56:00.841  2964  3265 W SearchServiceCore: Abort, client detached.
10-23 14:56:00.841  2964  3265 W SearchServiceCore: Abort, client detached.
10-23 14:56:00.842  2964  3265 W SearchServiceCore: Abort, client detached.
10-23 14:56:00.842  2964  3265 W SearchServiceCore: Abort, client detached.
10-23 14:56:00.843   524  2872 W InputManager-JNI: Input channel object '2b224e5 Splash Screen com.example.lunchtray (client)' was disposed without first being removed with the input manager!
10-23 14:56:00.848  2964  3350 I PBSessionCacheImpl: Deleted sessionId[13037507931822897] from persistence.
10-23 14:56:00.887   870   947 D EGL_emulation: app_time_stats: avg=17.94ms min=0.89ms max=108.92ms count=28
10-23 14:56:00.938  5669  5783 V ClearcutMetricXmitter: Transmission is done.
10-23 14:56:00.998   413   476 D audioserver: FGS Logger Transaction failed
10-23 14:56:00.998   413   476 D audioserver: -129
10-23 14:56:01.009  1348  5838 D TrafficStats: tagSocket(187) with statsTag=0x1203, statsUid=10124
10-23 14:56:01.036  1348  1494 I HeterodyneSyncScheduler: Scheduling Phenotype for a PhenotypeSyncImmediately(6, com.google.android.libraries.mdi.sync#com.google.android.youtube) one off with window [1, 2] in seconds [CONTEXT service_id=51 ]
10-23 14:56:01.044  1348  1506 I HeterodyneSyncScheduler: Scheduling Phenotype for a PhenotypeSyncImmediately(8, assistant_auto_tng_libraries_user#com.google.android.googlequicksearchbox) one off with window [1, 2] in seconds [CONTEXT service_id=51 ]
10-23 14:56:01.049  1348  1494 I HeterodyneSyncer: Removed 0 invalid users [CONTEXT service_id=51 ]
10-23 14:56:01.133  1348  1506 I HeterodyneSyncScheduler: Scheduling Phenotype for a PhenotypeSyncImmediately(8, assistant_auto_tng_libraries_device#com.google.android.googlequicksearchbox) one off with window [1, 2] in seconds [CONTEXT service_id=51 ]
10-23 14:56:01.139  2964  3303 W TimedProcessReaper: Scheduling killing of process to refresh configuration
10-23 14:56:01.154  1348  1506 E bwfc    : Phenotype API error. Event # edax@459bb7fe, EventCode: 5 [CONTEXT service_id=51 ]
10-23 14:56:01.154  1348  1506 E bwfc    : bwdx: 29501: Stale snapshot for com.google.android.dialershared.directboot#com.google.android.dialer(change count changed - expected 1  but was 0)
10-23 14:56:01.154  1348  1506 E bwfc    : 	at bwfg.b(:com.google.android.gms@231818047@23.18.18 (190800-535401451):16)
10-23 14:56:01.154  1348  1506 E bwfc    : 	at bwff.g(:com.google.android.gms@231818047@23.18.18 (190800-535401451):0)
10-23 14:56:01.154  1348  1506 E bwfc    : 	at bwfc.e(:com.google.android.gms@231818047@23.18.18 (190800-535401451):4)
10-23 14:56:01.154  1348  1506 E bwfc    : 	at bwfc.f(:com.google.android.gms@231818047@23.18.18 (190800-535401451):2)
10-23 14:56:01.154  1348  1506 E bwfc    : 	at avsy.eo(:com.google.android.gms@231818047@23.18.18 (190800-535401451):1)
10-23 14:56:01.154  1348  1506 E bwfc    : 	at avtf.run(:com.google.android.gms@231818047@23.18.18 (190800-535401451):14)
10-23 14:56:01.154  1348  1506 E bwfc    : 	at dfhf.run(:com.google.android.gms@231818047@23.18.18 (190800-535401451):2)
10-23 14:56:01.154  1348  1506 E bwfc    : 	at aced.c(:com.google.android.gms@231818047@23.18.18 (190800-535401451):6)
10-23 14:56:01.154  1348  1506 E bwfc    : 	at aced.run(:com.google.android.gms@231818047@23.18.18 (190800-535401451):8)
10-23 14:56:01.154  1348  1506 E bwfc    : 	at java.util.concurrent.ThreadPoolExecutor.runWorker(ThreadPoolExecutor.java:1145)
10-23 14:56:01.154  1348  1506 E bwfc    : 	at java.util.concurrent.ThreadPoolExecutor$Worker.run(ThreadPoolExecutor.java:644)
10-23 14:56:01.154  1348  1506 E bwfc    : 	at acjn.run(:com.google.android.gms@231818047@23.18.18 (190800-535401451):0)
10-23 14:56:01.154  1348  1506 E bwfc    : 	at java.lang.Thread.run(Thread.java:1012)
10-23 14:56:01.154  1348  1506 W AsyncOperation: operation=CommitToConfigurationOperationCall, opStatusCode=29501 [CONTEXT service_id=51 ]
10-23 14:56:01.154  1348  1506 W AsyncOperation: OperationException[Status{statusCode=Stale snapshot for com.google.android.dialershared.directboot#com.google.android.dialer(change count changed - expected 1  but was 0), resolution=null}]
10-23 14:56:01.154  1348  1506 W AsyncOperation: 	at bwfc.e(:com.google.android.gms@231818047@23.18.18 (190800-535401451):6)
10-23 14:56:01.154  1348  1506 W AsyncOperation: 	at bwfc.f(:com.google.android.gms@231818047@23.18.18 (190800-535401451):2)
10-23 14:56:01.154  1348  1506 W AsyncOperation: 	at avsy.eo(:com.google.android.gms@231818047@23.18.18 (190800-535401451):1)
10-23 14:56:01.154  1348  1506 W AsyncOperation: 	at avtf.run(:com.google.android.gms@231818047@23.18.18 (190800-535401451):14)
10-23 14:56:01.154  1348  1506 W AsyncOperation: 	at dfhf.run(:com.google.android.gms@231818047@23.18.18 (190800-535401451):2)
10-23 14:56:01.154  1348  1506 W AsyncOperation: 	at aced.c(:com.google.android.gms@231818047@23.18.18 (190800-535401451):6)
10-23 14:56:01.154  1348  1506 W AsyncOperation: 	at aced.run(:com.google.android.gms@231818047@23.18.18 (190800-535401451):8)
10-23 14:56:01.154  1348  1506 W AsyncOperation: 	at java.util.concurrent.ThreadPoolExecutor.runWorker(ThreadPoolExecutor.java:1145)
10-23 14:56:01.154  1348  1506 W AsyncOperation: 	at java.util.concurrent.ThreadPoolExecutor$Worker.run(ThreadPoolExecutor.java:644)
10-23 14:56:01.154  1348  1506 W AsyncOperation: 	at acjn.run(:com.google.android.gms@231818047@23.18.18 (190800-535401451):0)
10-23 14:56:01.154  1348  1506 W AsyncOperation: 	at java.lang.Thread.run(Thread.java:1012)
10-23 14:56:01.160  2964  3307 W TimedProcessReaper: Scheduling killing of process to refresh configuration
10-23 14:56:01.163  1348  1506 E IPCThreadState: Binder transaction failure: 455284/29189/-22
10-23 14:56:01.167  3412  3571 W TimedProcessReaper: Scheduling killing of process to refresh configuration
10-23 14:56:01.167  1348  1506 E IPCThreadState: Binder transaction failure: 455293/29189/-22
10-23 14:56:01.167   351   351 D Zygote  : Forked child process 5852
10-23 14:56:01.170  1348  1506 E IPCThreadState: Binder transaction failure: 455298/29189/-22
10-23 14:56:01.179  1348  1506 E IPCThreadState: Binder transaction failure: 455336/29189/-22
10-23 14:56:01.184  1348  1506 E IPCThreadState: Binder transaction failure: 455346/29189/-22
10-23 14:56:01.186  1348  1506 E IPCThreadState: Binder transaction failure: 455358/29189/-22
10-23 14:56:01.189  1348  1506 I HeterodyneSyncScheduler: Scheduling Phenotype for a PhenotypeSyncImmediately(16, hub_android.device#com.google.android.gm) one off with window [1, 2] in seconds [CONTEXT service_id=51 ]
10-23 14:56:01.192  1348  1506 E IPCThreadState: Binder transaction failure: 455398/29189/-22
10-23 14:56:01.193  5852  5852 I equicksearchbox: Using CollectorTypeCC GC.
10-23 14:56:01.194  5852  5852 W equicksearchbox: Unexpected CPU variant for x86: x86_64.
10-23 14:56:01.194  5852  5852 W equicksearchbox: Known variants: atom, sandybridge, silvermont, goldmont, goldmont-plus, tremont, kabylake, default
10-23 14:56:01.198  1348  5838 D TrafficStats: tagSocket(273) with statsTag=0x1203, statsUid=10124
10-23 14:56:01.206  3249  3249 I PhenotypeBackgroundRecv: Skipping com.google.android.libraries.search.audio.device#com.google.android.tts which doesn't use ProcessStable flags.
10-23 14:56:01.209  1348  1506 E IPCThreadState: Binder transaction failure: 455492/29189/-22
10-23 14:56:01.217  1348  1506 W bwft    : Succeeded but not registered: com.google.android.gm#com.google.android.gm_Hub [CONTEXT service_id=51 ]
10-23 14:56:01.220  1535  1612 W UsageLimitServiceImpl: <DWB> Migrating limits: delete 0 obsolete limits, add 0 new limits
10-23 14:56:01.223  5852  5852 E equicksearchbox: Not starting debugger since process cannot load the jdwp agent.
10-23 14:56:01.228  1348  1506 E IPCThreadState: Binder transaction failure: 455550/29189/-22
10-23 14:56:01.236  3412  3412 I PhenotypeBackgroundRecv: Skipping com.google.android.dialer which doesn't use ProcessStable flags.
10-23 14:56:01.238  1535  1535 I PhenotypeBackgroundRecv: Skipping com.google.android.apps.wellbeing.device#com.google.android.apps.wellbeing which doesn't use ProcessStable flags.
10-23 14:56:01.245  1348  1506 I HeterodyneSyncer: Removed 0 invalid users [CONTEXT service_id=51 ]
10-23 14:56:01.257  5852  5852 D CompatibilityChangeReporter: Compat change id reported: 171979766; UID 10123; state: ENABLED
10-23 14:56:01.257  5852  5852 D CompatibilityChangeReporter: Compat change id reported: 242716250; UID 10123; state: DISABLED
10-23 14:56:01.266  5852  5852 D nativeloader: Configuring clns-6 for other apk /system/framework/org.apache.http.legacy.jar. target_sdk_version=31, uses_libraries=ALL, library_path=/product/priv-app/Velvet/lib/x86_64:/product/priv-app/Velvet/Velvet.apk!/lib/x86_64, permitted_path=/data:/mnt/expand:/data/user/0/com.google.android.googlequicksearchbox
10-23 14:56:01.267  5852  5852 D ApplicationLoaders: Returning zygote-cached class loader: /system_ext/framework/androidx.window.extensions.jar
10-23 14:56:01.267  5852  5852 D ApplicationLoaders: Returning zygote-cached class loader: /system_ext/framework/androidx.window.sidecar.jar
10-23 14:56:01.303  3911  3911 I ViewInteraction: Performing 'single click' action on view view.getId() is <2131230844/com.example.lunchtray:id/cauliflower>
10-23 14:56:01.355   413   430 D audioserver: FGS Logger Transaction failed
10-23 14:56:01.355   413   430 D audioserver: -129
10-23 14:56:01.363  5175  5300 E MendelPackageState: Failed to fetch after encountering old config
10-23 14:56:01.363  5175  5300 E MendelPackageState: ctft: Timed out: ctef@f716003[status=PENDING, info=[delegate=[ctaz@3d8fb80[status=PENDING, info=[inputFuture=[byrl@50445b9[status=PENDING, info=[bphe@6263dfe]]], exceptionType=[class bnmn], fallback=[chaj@59ff95f]]]]]]
10-23 14:56:01.363  5175  5300 E MendelPackageState: 	at tk_trace.PhenotypeApi.getConfigurationSnapshot(Unknown Source:0)
10-23 14:56:01.363  5175  5300 E MendelPackageState: 	at tk_trace.Fetching experiments for device(Unknown Source:0)
10-23 14:56:01.363  5175  5300 E MendelPackageState: 	at tk_trace.Application.onCreate(Unknown Source:0)
10-23 14:56:01.363  5175  5300 E MendelPackageState: 	at tk_trace.Application creation(Unknown Source:0)
10-23 14:56:01.363  5175  5300 E MendelPackageState: 	at tk_trace.BuglePhoneApplicationBase#attatchBaseContext(Unknown Source:0)
10-23 14:56:01.363  5175  5300 E MendelPackageState: 	Suppressed: cnqp:
10-23 14:56:01.363  5175  5300 E MendelPackageState: 		at tk_trace.PhenotypeApi.getConfigurationSnapshot(unfinished)(Unknown Source:0)
10-23 14:56:01.366  5852  5852 D nativeloader: InitLlndkLibrariesProduct: libEGL.so:libGLESv1_CM.so:libGLESv2.so:libGLESv3.so:libRS.so:libandroid_net.so:libbinder_ndk.so:libc.so:libcgrouprc.so:libclang_rt.asan-x86_64-android.so:libcom.android.tethering.connectivity_native.so:libdl.so:libft2.so:liblog.so:libm.so:libmediandk.so:libnativewindow.so:libneuralnetworks.so:libselinux.so:libsync.so:libvndksupport.so:libvulkan.so
10-23 14:56:01.366  5852  5852 D nativeloader: Configuring product-clns-7 for unbundled product apk /product/priv-app/Velvet/Velvet.apk. target_sdk_version=31, uses_libraries=, library_path=/product/priv-app/Velvet/lib/x86_64:/product/priv-app/Velvet/Velvet.apk!/lib/x86_64:/product/lib64:/system/product/lib64, permitted_path=/data:/mnt/expand:/data/user/0/com.google.android.googlequicksearchbox:/product/lib64:/system/product/lib64
10-23 14:56:01.367  5852  5852 D nativeloader: InitVndkspLibrariesProduct: android.hardware.common-V2-ndk.so:android.hardware.common.fmq-V1-ndk.so:android.hardware.graphics.allocator-V2-ndk.so:android.hardware.graphics.common-V4-ndk.so:android.hardware.graphics.common@1.0.so:android.hardware.graphics.common@1.1.so:android.hardware.graphics.common@1.2.so:android.hardware.graphics.composer3-V1-ndk.so:android.hardware.graphics.mapper@2.0.so:android.hardware.graphics.mapper@2.1.so:android.hardware.graphics.mapper@3.0.so:android.hardware.graphics.mapper@4.0.so:android.hardware.renderscript@1.0.so:android.hidl.memory.token@1.0.so:android.hidl.memory@1.0-impl.so:android.hidl.memory@1.0.so:android.hidl.safe_union@1.0.so:libRSCpuRef.so:libRSDriver.so:libRS_internal.so:libbase.so:libbcinfo.so:libblas.so:libc++.so:libcompiler_rt.so:libcutils.so:libdmabufheap.so:libgralloctypes.so:libhardware.so:libhidlbase.so:libhidlmemory.so:libion.so:libjsoncpp.so:liblzma.so:libprocessgroup.so:libunwindstack.so:libutils.so:libutilscallstack.so:libz.so
10-23 14:56:01.371  3741  3741 D CompatibilityChangeReporter: Compat change id reported: 119147584; UID 10121; state: ENABLED
10-23 14:56:01.374  1348  3332 I HeterodyneSyncScheduler: Scheduling Phenotype for a PhenotypeSyncImmediately(8, com.google.apps.dynamite.device#com.google.android.gm) one off with window [1, 2] in seconds [CONTEXT service_id=51 ]
10-23 14:56:01.374  1348  3332 E IPCThreadState: Binder transaction failure: 457171/29189/-22
10-23 14:56:01.390  1348  3332 I HeterodyneSyncScheduler: Scheduling Phenotype for a PhenotypeSyncImmediately(8, com.google.apps.dynamite.user#com.google.android.gm) one off with window [1, 2] in seconds [CONTEXT service_id=51 ]
10-23 14:56:01.390  5175  5270 E AndroidFutures: Failed to obtain initial snapshot
10-23 14:56:01.390  5175  5270 E AndroidFutures: ctft: Timed out: ctef@cf4cc7b[status=PENDING, info=[delegate=[ctaz@caaba98[status=PENDING, info=[inputFuture=[byrl@31bf2f1[status=PENDING, info=[bphe@e520ed6]]], exceptionType=[class bnmn], fallback=[chaj@59ff95f]]]]]]
10-23 14:56:01.390  5175  5270 E AndroidFutures: 	at tk_trace.PhenotypeApi.getConfigurationSnapshot(Unknown Source:0)
10-23 14:56:01.390  5175  5270 E AndroidFutures: 	at tk_trace.Fetching experiments for device(Unknown Source:0)
10-23 14:56:01.390  5175  5270 E AndroidFutures: 	at tk_trace.StartupAfterPackageReplaced(Unknown Source:0)
10-23 14:56:01.390  5175  5270 E AndroidFutures: 	at tk_trace.AfterPackageReplaced(Unknown Source:0)
10-23 14:56:01.390  5175  5270 E AndroidFutures: 	at tk_trace.Startup Listeners(Unknown Source:0)
10-23 14:56:01.390  5175  5270 E AndroidFutures: 	at tk_trace.Application.onCreate(Unknown Source:0)
10-23 14:56:01.390  5175  5270 E AndroidFutures: 	at tk_trace.Application creation(Unknown Source:0)
10-23 14:56:01.390  5175  5270 E AndroidFutures: 	at tk_trace.BuglePhoneApplicationBase#attatchBaseContext(Unknown Source:0)
10-23 14:56:01.390  5175  5270 E AndroidFutures: 	Suppressed: cnqp:
10-23 14:56:01.390  5175  5270 E AndroidFutures: 		at tk_trace.PhenotypeApi.getConfigurationSnapshot(unfinished)(Unknown Source:0)
10-23 14:56:01.391  1348  3332 E IPCThreadState: Binder transaction failure: 457349/29189/-22
10-23 14:56:01.393   413   476 D AudioFlinger: mixer(0x71c593623930) throttle end: throttle time(2)
10-23 14:56:01.396  1348  3332 I HeterodyneSyncScheduler: Scheduling Phenotype for a PhenotypeSyncImmediately(8, com.google.android.libraries.communications.conference.device#com.google.android.gm) one off with window [1, 2] in seconds [CONTEXT service_id=51 ]
10-23 14:56:01.397  1348  3332 E IPCThreadState: Binder transaction failure: 457437/29189/-22
10-23 14:56:01.401  5852  5852 V GraphicsEnvironment: Currently set values for:
10-23 14:56:01.401  5852  5852 V GraphicsEnvironment:   angle_gl_driver_selection_pkgs=[]
10-23 14:56:01.401  5852  5852 V GraphicsEnvironment:   angle_gl_driver_selection_values=[]
10-23 14:56:01.402  5852  5852 V GraphicsEnvironment: ANGLE GameManagerService for com.google.android.googlequicksearchbox: false
10-23 14:56:01.402  5852  5852 V GraphicsEnvironment: com.google.android.googlequicksearchbox is not listed in per-application setting
10-23 14:56:01.402  5852  5852 V GraphicsEnvironment: Neither updatable production driver nor prerelease driver is supported.
10-23 14:56:01.403  1348  3332 I HeterodyneSyncScheduler: Scheduling Phenotype for a PhenotypeSyncImmediately(8, com.google.android.libraries.communications.conference.user#com.google.android.gm) one off with window [1, 2] in seconds [CONTEXT service_id=51 ]
10-23 14:56:01.406  1348  3332 E IPCThreadState: Binder transaction failure: 457598/29189/-22
10-23 14:56:01.406  5852  5852 D CompatibilityChangeReporter: Compat change id reported: 3400644; UID 10123; state: DISABLED
10-23 14:56:01.406  5175  5258 I SnapshotHandler: Unable to retrieve flag snapshot for com.google.android.libraries.consentverifier#com.google.android.apps.messaging, using defaults.
10-23 14:56:01.408  5852  5852 I MultiDex: VM with version 2.1.0 has multidex support
10-23 14:56:01.408  5852  5852 I MultiDex: Installing application
10-23 14:56:01.408  5852  5852 I MultiDex: VM has multidex support, MultiDex support library is disabled.
10-23 14:56:01.409  1348  3332 E IPCThreadState: Binder transaction failure: 457638/29189/-22
10-23 14:56:01.415  1348  3332 I HeterodyneSyncScheduler: Scheduling Phenotype for a PhenotypeSyncImmediately(6, com.google.android.gm#com.google.android.gm_Hub) one off with window [1, 2] in seconds [CONTEXT service_id=51 ]
10-23 14:56:01.416  1348  3332 E IPCThreadState: Binder transaction failure: 457723/29189/-22
10-23 14:56:01.420  5852  5852 I DefaultInitializer: Initialized process com.google.android.googlequicksearchbox
10-23 14:56:01.416  1348  3332 I HeterodyneSyncScheduler: Scheduling Phenotype for a PhenotypeSyncImmediately(16, gmail_android.user#com.google.android.gm) one off with window [1, 2] in seconds [CONTEXT service_id=51 ]
10-23 14:56:01.425  1348  3332 E IPCThreadState: Binder transaction failure: 457843/29189/-22
10-23 14:56:01.425  1348  3332 I HeterodyneSyncScheduler: Scheduling Phenotype for a PhenotypeSyncImmediately(16, gmail_android.device#com.google.android.gm) one off with window [1, 2] in seconds [CONTEXT service_id=51 ]
10-23 14:56:01.427  1348  3332 E IPCThreadState: Binder transaction failure: 458000/29189/-22
10-23 14:56:01.448  1348  3332 I HeterodyneSyncer: Removed 0 invalid users [CONTEXT service_id=51 ]
10-23 14:56:01.494  5852  5876 W equicksearchbox: Accessing hidden field Ljava/util/Collections$SynchronizedCollection;->mutex:Ljava/lang/Object; (max-target-o, reflection, denied)
10-23 14:56:01.495  5852  5876 W equicksearchbox: Accessing hidden method Ljava/util/Collections$SynchronizedSet;-><init>(Ljava/util/Set;Ljava/lang/Object;)V (max-target-o, reflection, denied)
10-23 14:56:01.495  5852  5876 W equicksearchbox: Accessing hidden method Ljava/util/Collections$SynchronizedCollection;-><init>(Ljava/util/Collection;Ljava/lang/Object;)V (max-target-o, reflection, denied)
10-23 14:56:01.524   413   476 D audioserver: FGS Logger Transaction failed
10-23 14:56:01.524   413   476 D audioserver: -129
10-23 14:56:01.551  3911  4251 D EGL_emulation: app_time_stats: avg=13.75ms min=1.06ms max=233.87ms count=28
10-23 14:56:01.591  5852  5852 I A       : Initializing GMS Compliance Client Library...
10-23 14:56:01.592  5852  5852 I A       : Checking for device compliance...
10-23 14:56:01.592  5852  5852 I A       : Feature is disabled!
10-23 14:56:01.592  5852  5852 I A       : Completed library init.
10-23 14:56:01.798  1468  1511 E WorkSourceUtil: Could not find package: com.google.android.gms.westworld
10-23 14:56:01.838  3911  3911 I ViewInteraction: Performing 'single click' action on view view.getId() is <2131231081/com.example.lunchtray:id/next_button>
10-23 14:56:01.903   413   430 D audioserver: FGS Logger Transaction failed
10-23 14:56:01.903   413   430 D audioserver: -129
10-23 14:56:01.938   870   947 D EGL_emulation: app_time_stats: avg=16.46ms min=0.87ms max=111.28ms count=26
10-23 14:56:02.021  1348  1494 I PackageUpdateTaskChimer: Scheduling Phenotype config package catchup updates to be 86400 seconds from now (1698072962021) [CONTEXT service_id=51 ]
10-23 14:56:02.026  1348  1494 I HeterodyneSyncScheduler: Scheduling a periodic sync task every 14400 seconds, with flex of 1800 seconds [CONTEXT service_id=51 ]
10-23 14:56:02.027  1348  1494 I HeterodyneSyncScheduler: Scheduling adaptive one off task with window [14400, 604800] in seconds [CONTEXT service_id=51 ]
10-23 14:56:02.075   413   476 D audioserver: FGS Logger Transaction failed
10-23 14:56:02.075   413   476 D audioserver: -129
10-23 14:56:02.237  1468  2060 D TrafficStats: tagSocket(111) with statsTag=0x20001803, statsUid=-1
10-23 14:56:02.370  3911  3911 I ViewInteraction: Performing 'single click' action on view view.getId() is <2131231138/com.example.lunchtray:id/salad>
10-23 14:56:02.438   413   430 D audioserver: FGS Logger Transaction failed
10-23 14:56:02.438   413   430 D audioserver: -129
10-23 14:56:02.570  3911  4251 D EGL_emulation: app_time_stats: avg=13.96ms min=1.14ms max=253.75ms count=27
10-23 14:56:02.602   413   476 D audioserver: FGS Logger Transaction failed
10-23 14:56:02.602   413   476 D audioserver: -129
10-23 14:56:02.631  3041  3686 I Finsky  : [59] agkr.b(4): VerifyApps: Device wide non work profile PHA info updated
10-23 14:56:02.641  3041  3873 I Finsky  : [83] aghq.a(4): Cleaning the verify apps datastore
10-23 14:56:02.702  3041  3873 I Finsky  : [83] aghq.a(52): Finished cleaning the verify apps datastore
10-23 14:56:02.723  3041  3041 I Finsky  : [2] afdw.a(13): VerifyApps: Done verifying installed packages (AutoScan)
10-23 14:56:02.735  3911  3911 I ViewInteraction: Performing 'single click' action on view view.getId() is <2131231081/com.example.lunchtray:id/next_button>
10-23 14:56:02.758  3041  5115 I Finsky  : [149] yse.r(4): SCH: jobFinished: 10-8. TimeElapsed: 17810ms.
10-23 14:56:02.778   524  2039 D SafetySourceDataValidator: Package com.android.vending has expected signature
10-23 14:56:02.806   413   430 D audioserver: FGS Logger Transaction failed
10-23 14:56:02.806   413   430 D audioserver: -129
10-23 14:56:02.976   413   476 D audioserver: FGS Logger Transaction failed
10-23 14:56:02.977   413   476 D audioserver: -129
10-23 14:56:03.157  3911  3911 I ViewInteraction: Performing 'single click' action on view view.getId() is <2131230835/com.example.lunchtray:id/bread>
10-23 14:56:03.220   413   430 D audioserver: FGS Logger Transaction failed
10-23 14:56:03.220   413   430 D audioserver: -129
10-23 14:56:03.370  1348  5838 D TrafficStats: tagSocket(180) with statsTag=0x1203, statsUid=10123
10-23 14:56:03.379  1348  1506 I PackageUpdateTaskChimer: Scheduling Phenotype config package catchup updates to be 86400 seconds from now (1698072963379) [CONTEXT service_id=51 ]
10-23 14:56:03.391  1348  1506 E bwfc    : Phenotype API error. Event # edax@9a7d34c8, EventCode: 32 [CONTEXT service_id=51 ]
10-23 14:56:03.391  1348  1506 E bwfc    : bwdx: 29503
10-23 14:56:03.391  1348  1506 E bwfc    : 	at bwgv.g(:com.google.android.gms@231818047@23.18.18 (190800-535401451):6)
10-23 14:56:03.391  1348  1506 E bwfc    : 	at bwfc.e(:com.google.android.gms@231818047@23.18.18 (190800-535401451):4)
10-23 14:56:03.391  1348  1506 E bwfc    : 	at bwfc.f(:com.google.android.gms@231818047@23.18.18 (190800-535401451):2)
10-23 14:56:03.391  1348  1506 E bwfc    : 	at avsy.eo(:com.google.android.gms@231818047@23.18.18 (190800-535401451):1)
10-23 14:56:03.391  1348  1506 E bwfc    : 	at avtf.run(:com.google.android.gms@231818047@23.18.18 (190800-535401451):14)
10-23 14:56:03.391  1348  1506 E bwfc    : 	at dfhf.run(:com.google.android.gms@231818047@23.18.18 (190800-535401451):2)
10-23 14:56:03.391  1348  1506 E bwfc    : 	at aced.c(:com.google.android.gms@231818047@23.18.18 (190800-535401451):6)
10-23 14:56:03.391  1348  1506 E bwfc    : 	at aced.run(:com.google.android.gms@231818047@23.18.18 (190800-535401451):8)
10-23 14:56:03.391  1348  1506 E bwfc    : 	at java.util.concurrent.ThreadPoolExecutor.runWorker(ThreadPoolExecutor.java:1145)
10-23 14:56:03.391  1348  1506 E bwfc    : 	at java.util.concurrent.ThreadPoolExecutor$Worker.run(ThreadPoolExecutor.java:644)
10-23 14:56:03.391  1348  1506 E bwfc    : 	at acjn.run(:com.google.android.gms@231818047@23.18.18 (190800-535401451):0)
10-23 14:56:03.391  1348  1506 E bwfc    : 	at java.lang.Thread.run(Thread.java:1012)
10-23 14:56:03.393  1348  1506 W AsyncOperation: operation=SetAppSpecificPropertiesOperationCall, opStatusCode=29503 [CONTEXT service_id=51 ]
10-23 14:56:03.393  1348  1506 W AsyncOperation: OperationException[Status{statusCode=unknown status code: 29503, resolution=null}]
10-23 14:56:03.393  1348  1506 W AsyncOperation: 	at bwfc.e(:com.google.android.gms@231818047@23.18.18 (190800-535401451):6)
10-23 14:56:03.393  1348  1506 W AsyncOperation: 	at bwfc.f(:com.google.android.gms@231818047@23.18.18 (190800-535401451):2)
10-23 14:56:03.393  1348  1506 W AsyncOperation: 	at avsy.eo(:com.google.android.gms@231818047@23.18.18 (190800-535401451):1)
10-23 14:56:03.393  1348  1506 W AsyncOperation: 	at avtf.run(:com.google.android.gms@231818047@23.18.18 (190800-535401451):14)
10-23 14:56:03.393  1348  1506 W AsyncOperation: 	at dfhf.run(:com.google.android.gms@231818047@23.18.18 (190800-535401451):2)
10-23 14:56:03.393  1348  1506 W AsyncOperation: 	at aced.c(:com.google.android.gms@231818047@23.18.18 (190800-535401451):6)
10-23 14:56:03.393  1348  1506 W AsyncOperation: 	at aced.run(:com.google.android.gms@231818047@23.18.18 (190800-535401451):8)
10-23 14:56:03.393  1348  1506 W AsyncOperation: 	at java.util.concurrent.ThreadPoolExecutor.runWorker(ThreadPoolExecutor.java:1145)
10-23 14:56:03.393  1348  1506 W AsyncOperation: 	at java.util.concurrent.ThreadPoolExecutor$Worker.run(ThreadPoolExecutor.java:644)
10-23 14:56:03.393  1348  1506 W AsyncOperation: 	at acjn.run(:com.google.android.gms@231818047@23.18.18 (190800-535401451):0)
10-23 14:56:03.393  1348  1506 W AsyncOperation: 	at java.lang.Thread.run(Thread.java:1012)
10-23 14:56:03.395  1348  1506 W bwft    : Succeeded but not registered: com.google.android.gms.tron.metrics [CONTEXT service_id=51 ]
10-23 14:56:03.396   413   476 D audioserver: FGS Logger Transaction failed
10-23 14:56:03.396   413   476 D audioserver: -129
10-23 14:56:03.399  1468  1468 W NnApiDriverManager: setAppSpecificProperties failed [CONTEXT service_id=301 ]
10-23 14:56:03.399  1468  1468 W NnApiDriverManager: aard: 29503:
10-23 14:56:03.399  1468  1468 W NnApiDriverManager: 	at abmc.a(:com.google.android.gms@231818047@23.18.18 (190800-535401451):2)
10-23 14:56:03.399  1468  1468 W NnApiDriverManager: 	at aawv.b(:com.google.android.gms@231818047@23.18.18 (190800-535401451):2)
10-23 14:56:03.399  1468  1468 W NnApiDriverManager: 	at aawv.a(:com.google.android.gms@231818047@23.18.18 (190800-535401451):0)
10-23 14:56:03.399  1468  1468 W NnApiDriverManager: 	at bwen.o(:com.google.android.gms@231818047@23.18.18 (190800-535401451):0)
10-23 14:56:03.399  1468  1468 W NnApiDriverManager: 	at bwen.ek(:com.google.android.gms@231818047@23.18.18 (190800-535401451):4)
10-23 14:56:03.399  1468  1468 W NnApiDriverManager: 	at gzc.onTransact(:com.google.android.gms@231818047@23.18.18 (190800-535401451):8)
10-23 14:56:03.399  1468  1468 W NnApiDriverManager: 	at android.os.Binder.execTransactInternal(Binder.java:1344)
10-23 14:56:03.399  1468  1468 W NnApiDriverManager: 	at android.os.Binder.execTransact(Binder.java:1275)
10-23 14:56:03.403  1348  1506 W bwft    : Succeeded but not registered: com.google.android.gms.appintegrity [CONTEXT service_id=51 ]
10-23 14:56:03.466  3911  3911 I ViewInteraction: Performing 'single click' action on view view.getId() is <2131231081/com.example.lunchtray:id/next_button>
10-23 14:56:03.533   413   430 D audioserver: FGS Logger Transaction failed
10-23 14:56:03.533   413   430 D audioserver: -129
10-23 14:56:03.586  3041  4558 E Finsky  : [141] vwx.i(2): [EExp] Failed to export experiments for package com.google.android.finsky.regular.
10-23 14:56:03.586  3041  4558 E Finsky  : java.util.concurrent.TimeoutException: Waited 10000 milliseconds (plus 443665 nanoseconds delay) for aopr@8a4cc5[status=PENDING, setFuture=[aomn@3a4e61a[status=PENDING, info=[inputFuture=[ajow@d6e154b[status=PENDING, info=[airq@55e1b28]]], exceptionType=[class com.google.android.gms.common.api.ApiException], fallback=[ycv@5421de7]]]]]
10-23 14:56:03.586  3041  4558 E Finsky  : 	at aond.get(PG:31)
10-23 14:56:03.586  3041  4558 E Finsky  : 	at vwx.g(PG:33)
10-23 14:56:03.586  3041  4558 E Finsky  : 	at vwx.f(PG:4)
10-23 14:56:03.586  3041  4558 E Finsky  : 	at vwx.h(PG:9)
10-23 14:56:03.586  3041  4558 E Finsky  : 	at vwx.doInBackground(PG:6)
10-23 14:56:03.586  3041  4558 E Finsky  : 	at vwz.d(Unknown Source:3)
10-23 14:56:03.586  3041  4558 E Finsky  : 	at thv.call(PG:159)
10-23 14:56:03.586  3041  4558 E Finsky  : 	at aopq.a(Unknown Source:2)
10-23 14:56:03.586  3041  4558 E Finsky  : 	at aoou.run(PG:3)
10-23 14:56:03.586  3041  4558 E Finsky  : 	at aopr.run(Unknown Source:4)
10-23 14:56:03.586  3041  4558 E Finsky  : 	at java.util.concurrent.ThreadPoolExecutor.runWorker(ThreadPoolExecutor.java:1145)
10-23 14:56:03.586  3041  4558 E Finsky  : 	at java.util.concurrent.ThreadPoolExecutor$Worker.run(ThreadPoolExecutor.java:644)
10-23 14:56:03.586  3041  4558 E Finsky  : 	at afoh.run(PG:34)
10-23 14:56:03.586  3041  4558 E Finsky  : 	at java.lang.Thread.run(Thread.java:1012)
10-23 14:56:03.589  3911  4251 D EGL_emulation: app_time_stats: avg=11.41ms min=1.32ms max=197.45ms count=36
10-23 14:56:03.704   413   476 D audioserver: FGS Logger Transaction failed
10-23 14:56:03.704   413   476 D audioserver: -129
10-23 14:56:03.719  1348  1348 D BoundBrokerSvc: onUnbind: Intent { act=com.google.android.gms.tapandpay.service.BIND dat=chimera-action:/... cmp=com.google.android.gms/.chimera.PersistentApiService }
10-23 14:56:03.722  1671  2623 I MediaProvider: Scanned internal due to REASON_MOUNTED, found 227 items in 6003ms, 0 inserts 221 updates 0 deletes
10-23 14:56:03.737  1671  2623 W MediaProvider: isAppCloneUserPair for user -1: false
10-23 14:56:03.744  1671  2623 W MediaProvider: isAppCloneUserPair for user -1: false
10-23 14:56:03.773  1348  5431 I NetworkScheduler.Stats: Task com.google.android.gms/com.google.android.gms.ipa.base.IpaGcmTaskService started execution. cause:9 exec_start_elapsed_seconds: 104 [CONTEXT service_id=218 ]
10-23 14:56:03.775  1671  2623 I MediaProvider: Scanned 1507-0916 due to REASON_MOUNTED, found 15 items in 44ms, 2 inserts 0 updates 0 deletes
10-23 14:56:03.777  1671  2623 I MediaProvider: End Intent { act=com.android.providers.media.action.SCAN_VOLUME (has extras) }
10-23 14:56:03.779  1671  2623 I MediaProvider: Begin Intent { act=android.intent.action.MEDIA_MOUNTED dat=file:///... flg=0x5000010 cmp=com.google.android.providers.media.module/com.android.providers.media.MediaService (has extras) }
10-23 14:56:03.779  1671  2623 I MediaProvider: Volume MediaVolume name: [external_primary] id: [emulated;0] user: [UserHandle{0}] path: [/storage/emulated/0] externallyManaged: [false] mPublicVolume: [false] already attached
10-23 14:56:03.779  1671  2623 I MediaProvider: End Intent { act=android.intent.action.MEDIA_MOUNTED dat=file:///... flg=0x5000010 cmp=com.google.android.providers.media.module/com.android.providers.media.MediaService (has extras) }
10-23 14:56:03.783  1671  2623 I MediaProvider: Begin Intent { act=android.intent.action.MEDIA_MOUNTED dat=file:///... flg=0x5000010 cmp=com.google.android.providers.media.module/com.android.providers.media.MediaService (has extras) }
10-23 14:56:03.783  1671  2623 I MediaProvider: Volume MediaVolume name: [1507-0916] id: [public:253,80] user: [UserHandle{0}] path: [/storage/1507-0916] externallyManaged: [false] mPublicVolume: [true] already attached
10-23 14:56:03.784  1671  2623 I MediaProvider: End Intent { act=android.intent.action.MEDIA_MOUNTED dat=file:///... flg=0x5000010 cmp=com.google.android.providers.media.module/com.android.providers.media.MediaService (has extras) }
10-23 14:56:03.785  1671  2623 I MediaProvider: Begin Intent { act=android.intent.action.MEDIA_MOUNTED dat=file:///... flg=0x5000010 cmp=com.google.android.providers.media.module/com.android.providers.media.MediaService (has extras) }
10-23 14:56:03.785  1671  2623 I MediaProvider: Volume MediaVolume name: [external_primary] id: [emulated;0] user: [UserHandle{0}] path: [/storage/emulated/0] externallyManaged: [false] mPublicVolume: [false] already attached
10-23 14:56:03.785  1671  2623 I MediaProvider: End Intent { act=android.intent.action.MEDIA_MOUNTED dat=file:///... flg=0x5000010 cmp=com.google.android.providers.media.module/com.android.providers.media.MediaService (has extras) }
10-23 14:56:03.786  1671  2623 I MediaProvider: Begin Intent { act=android.intent.action.MEDIA_MOUNTED dat=file:///... flg=0x5000010 cmp=com.google.android.providers.media.module/com.android.providers.media.MediaService (has extras) }
10-23 14:56:03.786  1671  2623 I MediaProvider: Volume MediaVolume name: [1507-0916] id: [public:253,80] user: [UserHandle{0}] path: [/storage/1507-0916] externallyManaged: [false] mPublicVolume: [true] already attached
10-23 14:56:03.786  1671  2623 I MediaProvider: End Intent { act=android.intent.action.MEDIA_MOUNTED dat=file:///... flg=0x5000010 cmp=com.google.android.providers.media.module/com.android.providers.media.MediaService (has extras) }
10-23 14:56:03.791   524   536 W System  : A resource failed to call release.
10-23 14:56:03.803  1348  5367 I NetworkScheduler.Stats: Task com.google.android.gms/com.google.android.gms.ipa.base.IpaGcmTaskService finished executing. cause:9 result: 1 elapsed_millis: 40 uptime_millis: 40 exec_start_elapsed_seconds: 104 [CONTEXT service_id=218 ]
10-23 14:56:03.839  1348  3945 I NetworkScheduler.Stats: Task com.google.android.gms/com.google.android.gms.gcm.gmsproc.GcmInGmsTaskService started execution. cause:5 exec_start_elapsed_seconds: 104 [CONTEXT service_id=218 ]
10-23 14:56:03.840  1468  1507 I GCM-GMS : Registering GMS for direct boot.
10-23 14:56:03.873  3911  3911 I ViewInteraction: Checking 'MatchesViewAssertion{viewMatcher=an instance of android.widget.TextView and view.getText() with or without transformation to match: a string containing "Subtotal: $10.00"}' assertion on view view.getId() is <2131231217/com.example.lunchtray:id/subtotal>
10-23 14:56:03.882  3911  3911 I ViewInteraction: Checking 'MatchesViewAssertion{viewMatcher=an instance of android.widget.TextView and view.getText() with or without transformation to match: a string containing "Tax: $0.80"}' assertion on view view.getId() is <2131231233/com.example.lunchtray:id/tax>
10-23 14:56:03.886  3911  3911 I ViewInteraction: Checking 'MatchesViewAssertion{viewMatcher=an instance of android.widget.TextView and view.getText() with or without transformation to match: a string containing "Total: $10.80"}' assertion on view view.getId() is <2131231262/com.example.lunchtray:id/total>
10-23 14:56:03.888  3911  4165 I TestRunner: finished: test05_subtotal_tax_total_in_checkout(com.example.lunchtray.OrderFunctionalityTests)
