10-23 14:55:30.578  5002  5002 D CompatibilityChangeReporter: Compat change id reported: 242716250; UID 10119; state: ENABLED
10-23 14:55:30.587  1089  1089 D CarrierSvcBindHelper: onPackageModified: com.google.android.googlequicksearchbox
10-23 14:55:30.590   871  3681 I PermissionControllerServiceImpl: Updating user sensitive for uid 10119
10-23 14:55:30.591  1089  1089 D CarrierSvcBindHelper: No carrier app for: 0
10-23 14:55:30.612  1058  1058 V MediaPlayerList: mPackageChangedBroadcastReceiver: action: android.intent.action.PACKAGE_CHANGED
10-23 14:55:30.612  1058  1058 V MediaPlayerList: mPackageChangedBroadcastReceiver: action: android.intent.action.PACKAGE_CHANGED
10-23 14:55:30.612  1058  1058 V MediaPlayerList: mPackageChangedBroadcastReceiver: action: android.intent.action.PACKAGE_CHANGED
10-23 14:55:30.612  1058  1058 V MediaPlayerList: mPackageChangedBroadcastReceiver: action: android.intent.action.PACKAGE_CHANGED
10-23 14:55:30.622  1058  1058 V MediaPlayerList: mPackageChangedBroadcastReceiver: action: android.intent.action.PACKAGE_CHANGED
10-23 14:55:30.622  1058  1058 V MediaPlayerList: mPackageChangedBroadcastReceiver: action: android.intent.action.PACKAGE_CHANGED
10-23 14:55:30.622  1058  1058 V MediaPlayerList: mPackageChangedBroadcastReceiver: action: android.intent.action.PACKAGE_CHANGED
10-23 14:55:30.622  1058  1058 V MediaPlayerList: mPackageChangedBroadcastReceiver: action: android.intent.action.PACKAGE_CHANGED
10-23 14:55:30.622  1058  1058 V MediaPlayerList: mPackageChangedBroadcastReceiver: action: android.intent.action.PACKAGE_CHANGED
10-23 14:55:30.622  1058  1058 V MediaPlayerList: mPackageChangedBroadcastReceiver: action: android.intent.action.PACKAGE_CHANGED
10-23 14:55:30.622  1058  1058 V MediaPlayerList: mPackageChangedBroadcastReceiver: action: android.intent.action.PACKAGE_CHANGED
10-23 14:55:30.622  1058  1058 V MediaPlayerList: mPackageChangedBroadcastReceiver: action: android.intent.action.PACKAGE_CHANGED
10-23 14:55:30.625  1058  1058 V MediaPlayerList: mPackageChangedBroadcastReceiver: action: android.intent.action.PACKAGE_CHANGED
10-23 14:55:30.625  1058  1058 V MediaPlayerList: mPackageChangedBroadcastReceiver: action: android.intent.action.PACKAGE_CHANGED
10-23 14:55:30.625  1058  1058 V MediaPlayerList: mPackageChangedBroadcastReceiver: action: android.intent.action.PACKAGE_CHANGED
10-23 14:55:30.626  1058  1058 V MediaPlayerList: mPackageChangedBroadcastReceiver: action: android.intent.action.PACKAGE_CHANGED
10-23 14:55:30.626  1058  1058 V MediaPlayerList: mPackageChangedBroadcastReceiver: action: android.intent.action.PACKAGE_CHANGED
10-23 14:55:30.626  1058  1058 V MediaPlayerList: mPackageChangedBroadcastReceiver: action: android.intent.action.PACKAGE_CHANGED
10-23 14:55:30.626  1058  1058 V MediaPlayerList: mPackageChangedBroadcastReceiver: action: android.intent.action.PACKAGE_CHANGED
10-23 14:55:30.626  1058  1058 V MediaPlayerList: mPackageChangedBroadcastReceiver: action: android.intent.action.PACKAGE_CHANGED
10-23 14:55:30.628   871   903 I PermissionControllerServiceImpl: Updating user sensitive for uid 10123
10-23 14:55:30.631   871   903 I PermissionControllerServiceImpl: Updating user sensitive for uid 10121
10-23 14:55:30.631   871   903 I PermissionControllerServiceImpl: Updating user sensitive for uid 10144
10-23 14:55:30.637   524   624 I InputReader: Reconfiguring input devices, changes=KEYBOARD_LAYOUTS
10-23 14:55:30.641  1348  3477 W Looper  : Handler (acdu) {e65911b} sendMessageAtTime() called with no mQueue
10-23 14:55:30.641  1348  3477 W Looper  : java.lang.RuntimeException: Handler (acdu) {e65911b} sendMessageAtTime() called with no mQueue
10-23 14:55:30.641  1348  3477 W Looper  : 	at acdu.sendMessageAtTime(:com.google.android.gms@231818047@23.18.18 (190800-535401451):2)
10-23 14:55:30.641  1348  3477 W Looper  : 	at android.os.Handler.sendMessageDelayed(Handler.java:705)
10-23 14:55:30.641  1348  3477 W Looper  : 	at android.os.Handler.post(Handler.java:435)
10-23 14:55:30.641  1348  3477 W Looper  : 	at android.app.LoadedApk$ReceiverDispatcher.performReceive(LoadedApk.java:1893)
10-23 14:55:30.641  1348  3477 W Looper  : 	at android.app.LoadedApk$ReceiverDispatcher$InnerReceiver.performReceive(LoadedApk.java:1709)
10-23 14:55:30.641  1348  3477 W Looper  : 	at android.app.ActivityThread$ApplicationThread.scheduleRegisteredReceiver(ActivityThread.java:1324)
10-23 14:55:30.641  1348  3477 W Looper  : 	at android.app.IApplicationThread$Stub.onTransact(IApplicationThread.java:727)
10-23 14:55:30.641  1348  3477 W Looper  : 	at android.os.Binder.execTransactInternal(Binder.java:1344)
10-23 14:55:30.641  1348  3477 W Looper  : 	at android.os.Binder.execTransact(Binder.java:1275)
10-23 14:55:30.641  1348  3477 W Looper  : Handler (acdu) {e65911b} sendMessageAtTime() called with no mQueue
10-23 14:55:30.641  1348  3477 W Looper  : java.lang.RuntimeException: Handler (acdu) {e65911b} sendMessageAtTime() called with no mQueue
10-23 14:55:30.641  1348  3477 W Looper  : 	at acdu.sendMessageAtTime(:com.google.android.gms@231818047@23.18.18 (190800-535401451):2)
10-23 14:55:30.641  1348  3477 W Looper  : 	at android.os.Handler.sendMessageDelayed(Handler.java:705)
10-23 14:55:30.641  1348  3477 W Looper  : 	at android.os.Handler.post(Handler.java:435)
10-23 14:55:30.641  1348  3477 W Looper  : 	at android.app.LoadedApk$ReceiverDispatcher.performReceive(LoadedApk.java:1893)
10-23 14:55:30.641  1348  3477 W Looper  : 	at android.app.LoadedApk$ReceiverDispatcher$InnerReceiver.performReceive(LoadedApk.java:1709)
10-23 14:55:30.641  1348  3477 W Looper  : 	at android.app.ActivityThread$ApplicationThread.scheduleRegisteredReceiver(ActivityThread.java:1324)
10-23 14:55:30.641  1348  3477 W Looper  : 	at android.app.IApplicationThread$Stub.onTransact(IApplicationThread.java:727)
10-23 14:55:30.641  1348  3477 W Looper  : 	at android.os.Binder.execTransactInternal(Binder.java:1344)
10-23 14:55:30.641  1348  3477 W Looper  : 	at android.os.Binder.execTransact(Binder.java:1275)
10-23 14:55:30.642  1348  3478 W Looper  : Handler (acdu) {e65911b} sendMessageAtTime() called with no mQueue
10-23 14:55:30.642  1348  3478 W Looper  : java.lang.RuntimeException: Handler (acdu) {e65911b} sendMessageAtTime() called with no mQueue
10-23 14:55:30.642  1348  3478 W Looper  : 	at acdu.sendMessageAtTime(:com.google.android.gms@231818047@23.18.18 (190800-535401451):2)
10-23 14:55:30.642  1348  3478 W Looper  : 	at android.os.Handler.sendMessageDelayed(Handler.java:705)
10-23 14:55:30.642  1348  3478 W Looper  : 	at android.os.Handler.post(Handler.java:435)
10-23 14:55:30.642  1348  3478 W Looper  : 	at android.app.LoadedApk$ReceiverDispatcher.performReceive(LoadedApk.java:1893)
10-23 14:55:30.642  1348  3478 W Looper  : 	at android.app.LoadedApk$ReceiverDispatcher$InnerReceiver.performReceive(LoadedApk.java:1709)
10-23 14:55:30.642  1348  3478 W Looper  : 	at android.app.ActivityThread$ApplicationThread.scheduleRegisteredReceiver(ActivityThread.java:1324)
10-23 14:55:30.642  1348  3478 W Looper  : 	at android.app.IApplicationThread$Stub.onTransact(IApplicationThread.java:727)
10-23 14:55:30.642  1348  3478 W Looper  : 	at android.os.Binder.execTransactInternal(Binder.java:1344)
10-23 14:55:30.642  1348  3478 W Looper  : 	at android.os.Binder.execTransact(Binder.java:1275)
10-23 14:55:30.643  1348  1364 W Looper  : Handler (acdu) {e65911b} sendMessageAtTime() called with no mQueue
10-23 14:55:30.643  1348  1364 W Looper  : java.lang.RuntimeException: Handler (acdu) {e65911b} sendMessageAtTime() called with no mQueue
10-23 14:55:30.643  1348  1364 W Looper  : 	at acdu.sendMessageAtTime(:com.google.android.gms@231818047@23.18.18 (190800-535401451):2)
10-23 14:55:30.643  1348  1364 W Looper  : 	at android.os.Handler.sendMessageDelayed(Handler.java:705)
10-23 14:55:30.643  1348  1364 W Looper  : 	at android.os.Handler.post(Handler.java:435)
10-23 14:55:30.643  1348  1364 W Looper  : 	at android.app.LoadedApk$ReceiverDispatcher.performReceive(LoadedApk.java:1893)
10-23 14:55:30.643  1348  1364 W Looper  : 	at android.app.LoadedApk$ReceiverDispatcher$InnerReceiver.performReceive(LoadedApk.java:1709)
10-23 14:55:30.643  1348  1364 W Looper  : 	at android.app.ActivityThread$ApplicationThread.scheduleRegisteredReceiver(ActivityThread.java:1324)
10-23 14:55:30.643  1348  1364 W Looper  : 	at android.app.IApplicationThread$Stub.onTransact(IApplicationThread.java:727)
10-23 14:55:30.643  1348  1364 W Looper  : 	at android.os.Binder.execTransactInternal(Binder.java:1344)
10-23 14:55:30.643  1348  1364 W Looper  : 	at android.os.Binder.execTransact(Binder.java:1275)
10-23 14:55:30.643  1468  1468 D BoundBrokerSvc: onBind: Intent { act=com.google.android.gms.common.BIND_SHARED_PREFS pkg=com.google.android.gms }
10-23 14:55:30.643  1468  1468 D BoundBrokerSvc: Loading bound service for intent: Intent { act=com.google.android.gms.common.BIND_SHARED_PREFS pkg=com.google.android.gms }
10-23 14:55:30.645  1468  3344 W gle.android.gms: Accessing hidden method Landroid/net/ConnectivityManager;->isNetworkSupported(I)Z (max-target-p, reflection, denied)
10-23 14:55:30.648  3911  3911 I ViewInteraction: Performing 'single click' action on view view.getId() is <2131230842/com.example.lunchtray:id/cancel_button>
10-23 14:55:30.660  1348  3945 W GLSUser : [DeviceKeyStore] Cannot load key: Device key file not found.
10-23 14:55:30.665   871   903 I PermissionControllerServiceImpl: Updating user sensitive for uid 10146
10-23 14:55:30.665   871   903 I PermissionControllerServiceImpl: Updating user sensitive for uid 10111
10-23 14:55:30.671   524   624 I InputReader: Reconfiguring input devices, changes=KEYBOARD_LAYOUTS
10-23 14:55:30.671   870   870 D ControlsListingControllerImpl: ServiceConfig reloaded, count: 0
10-23 14:55:30.671   870   870 D ControlsListingControllerImpl: ServiceConfig reloaded, count: 0
10-23 14:55:30.672   870   870 D ControlsListingControllerImpl: ServiceConfig reloaded, count: 0
10-23 14:55:30.673   524   624 I InputReader: Reconfiguring input devices, changes=KEYBOARD_LAYOUTS
10-23 14:55:30.674   524   624 I InputReader: Reconfiguring input devices, changes=KEYBOARD_LAYOUTS
10-23 14:55:30.677  1348  1348 D BoundBrokerSvc: onUnbind: Intent { act=com.google.android.gms.clearcut.bootcount.service.START dat=chimera-action:/... cmp=com.google.android.gms/.chimera.PersistentBoundBrokerService }
10-23 14:55:30.683  1348  3503 W GLSUser : [DeviceKeyStore] Cannot load key: Device key file not found.
10-23 14:55:30.689  5002  5002 D nativeloader: Configuring clns-6 for other apk /system/framework/org.apache.http.legacy.jar. target_sdk_version=34, uses_libraries=ALL, library_path=/product/priv-app/SettingsIntelligenceGooglePrebuilt/lib/x86_64, permitted_path=/data:/mnt/expand:/data/user/0/com.google.android.settings.intelligence
10-23 14:55:30.689  5002  5002 D ApplicationLoaders: Returning zygote-cached class loader: /system_ext/framework/androidx.window.extensions.jar
10-23 14:55:30.689  5002  5002 D ApplicationLoaders: Returning zygote-cached class loader: /system_ext/framework/androidx.window.sidecar.jar
10-23 14:55:30.694  1657  1657 I AiAiEcho: AppFetcherImpl onPackageChanged com.google.android.apps.youtube.music.
10-23 14:55:30.696  5002  5002 D nativeloader: InitLlndkLibrariesProduct: libEGL.so:libGLESv1_CM.so:libGLESv2.so:libGLESv3.so:libRS.so:libandroid_net.so:libbinder_ndk.so:libc.so:libcgrouprc.so:libclang_rt.asan-x86_64-android.so:libcom.android.tethering.connectivity_native.so:libdl.so:libft2.so:liblog.so:libm.so:libmediandk.so:libnativewindow.so:libneuralnetworks.so:libselinux.so:libsync.so:libvndksupport.so:libvulkan.so
10-23 14:55:30.696  5002  5002 D nativeloader: Configuring product-clns-7 for unbundled product apk /product/priv-app/SettingsIntelligenceGooglePrebuilt/SettingsIntelligenceGooglePrebuilt.apk. target_sdk_version=34, uses_libraries=, library_path=/product/priv-app/SettingsIntelligenceGooglePrebuilt/lib/x86_64:/product/lib64:/system/product/lib64, permitted_path=/data:/mnt/expand:/data/user/0/com.google.android.settings.intelligence:/product/lib64:/system/product/lib64
10-23 14:55:30.698  5002  5002 D nativeloader: InitVndkspLibrariesProduct: android.hardware.common-V2-ndk.so:android.hardware.common.fmq-V1-ndk.so:android.hardware.graphics.allocator-V2-ndk.so:android.hardware.graphics.common-V4-ndk.so:android.hardware.graphics.common@1.0.so:android.hardware.graphics.common@1.1.so:android.hardware.graphics.common@1.2.so:android.hardware.graphics.composer3-V1-ndk.so:android.hardware.graphics.mapper@2.0.so:android.hardware.graphics.mapper@2.1.so:android.hardware.graphics.mapper@3.0.so:android.hardware.graphics.mapper@4.0.so:android.hardware.renderscript@1.0.so:android.hidl.memory.token@1.0.so:android.hidl.memory@1.0-impl.so:android.hidl.memory@1.0.so:android.hidl.safe_union@1.0.so:libRSCpuRef.so:libRSDriver.so:libRS_internal.so:libbase.so:libbcinfo.so:libblas.so:libc++.so:libcompiler_rt.so:libcutils.so:libdmabufheap.so:libgralloctypes.so:libhardware.so:libhidlbase.so:libhidlmemory.so:libion.so:libjsoncpp.so:liblzma.so:libprocessgroup.so:libunwindstack.so:libutils.so:libutilscallstack.so:libz.so
10-23 14:55:30.710   413   413 D audioserver: FGS Logger Transaction failed
10-23 14:55:30.710   413   413 D audioserver: -129
10-23 14:55:30.717  1657  3206 I AiAiEcho: AppIndexer Package:[com.google.android.apps.youtube.music] UserProfile:[0] Enabled:[true].
10-23 14:55:30.717  1348  3503 W GLSUser : [DeviceKeyStore] Cannot load key: Device key file not found.
10-23 14:55:30.718  1657  3206 I AiAiEcho: AppFetcherImplV2 updateApps package:[com.google.android.apps.youtube.music], userId:[0], reason:[package is updated.].
10-23 14:55:30.730   871   903 I PermissionControllerServiceImpl: Updating user sensitive for uid 10163
10-23 14:55:30.738   870   870 D ControlsListingControllerImpl: ServiceConfig reloaded, count: 0
10-23 14:55:30.741   870   870 D ControlsListingControllerImpl: ServiceConfig reloaded, count: 0
10-23 14:55:30.743   413   476 D AudioFlinger: mixer(0x71c593623930) throttle end: throttle time(24)
10-23 14:55:30.743   871   903 I PermissionControllerServiceImpl: Updating user sensitive for uid 10168
10-23 14:55:30.743   870   870 D ControlsListingControllerImpl: ServiceConfig reloaded, count: 0
10-23 14:55:30.769  1089  1089 D CarrierSvcBindHelper: onPackageModified: com.android.vending
10-23 14:55:30.770  1089  1089 D CarrierSvcBindHelper: No carrier app for: 0
10-23 14:55:30.771  1089  1331 D ImsResolver: maybeAddedImsService, packageName: com.google.android.googlequicksearchbox
10-23 14:55:30.780   870   921 W WindowOnBackDispatcher: sendCancelIfRunning: isInProgress=falsecallback=android.view.ViewRootImpl$$ExternalSyntheticLambda17@559fb49
10-23 14:55:30.781   524  2871 W InputManager-JNI: Input channel object 'aba6dfe Splash Screen com.example.lunchtray (client)' was disposed without first being removed with the input manager!
10-23 14:55:30.782  5002  5002 V GraphicsEnvironment: Currently set values for:
10-23 14:55:30.782  5002  5002 V GraphicsEnvironment:   angle_gl_driver_selection_pkgs=[]
10-23 14:55:30.782  5002  5002 V GraphicsEnvironment:   angle_gl_driver_selection_values=[]
10-23 14:55:30.783  5002  5002 V GraphicsEnvironment: ANGLE GameManagerService for com.google.android.settings.intelligence: false
10-23 14:55:30.783  5002  5002 V GraphicsEnvironment: com.google.android.settings.intelligence is not listed in per-application setting
10-23 14:55:30.783  5002  5002 V GraphicsEnvironment: Neither updatable production driver nor prerelease driver is supported.
10-23 14:55:30.789  5002  5002 D CompatibilityChangeReporter: Compat change id reported: 3400644; UID 10119; state: ENABLED
10-23 14:55:30.803  5002  5002 W gs.intelligence: Accessing hidden field Ljava/util/Collections$SynchronizedCollection;->mutex:Ljava/lang/Object; (max-target-o, reflection, denied)
10-23 14:55:30.803  5002  5002 W gs.intelligence: Accessing hidden method Ljava/util/Collections$SynchronizedSet;-><init>(Ljava/util/Set;Ljava/lang/Object;)V (max-target-o, reflection, denied)
10-23 14:55:30.804  5002  5002 W gs.intelligence: Accessing hidden method Ljava/util/Collections$SynchronizedCollection;-><init>(Ljava/util/Collection;Ljava/lang/Object;)V (max-target-o, reflection, denied)
10-23 14:55:30.810  5002  5002 D CompatibilityChangeReporter: Compat change id reported: 183155436; UID 10119; state: ENABLED
10-23 14:55:30.811  5002  5002 W BatterySettingsContentProvider: create content provider from null
10-23 14:55:30.817  3911  3911 D LifecycleMonitor: Lifecycle status change: androidx.test.core.app.InstrumentationActivityInvoker$BootstrapActivity@498fbf5 in: STOPPED
10-23 14:55:30.817  3911  3911 V ActivityScenario: Activity lifecycle changed event received but ignored because the intent does not match. startActivityIntent=Intent { act=android.intent.action.MAIN cat=[android.intent.category.LAUNCHER] cmp=com.example.lunchtray/androidx.fragment.app.testing.FragmentScenario$EmptyFragmentActivity (has extras) }, activity.getIntent()=Intent { act=android.intent.action.MAIN cat=[android.intent.category.LAUNCHER] flg=0x10008000 cmp=com.example.lunchtray/androidx.test.core.app.InstrumentationActivityInvoker$BootstrapActivity (has extras) }, activity=androidx.test.core.app.InstrumentationActivityInvoker$BootstrapActivity@498fbf5
10-23 14:55:30.817  3911  3911 V ActivityScenario: Activity lifecycle changed event received but ignored because the intent does not match. startActivityIntent=Intent { act=android.intent.action.MAIN cat=[android.intent.category.LAUNCHER] cmp=com.example.lunchtray/androidx.fragment.app.testing.FragmentScenario$EmptyFragmentActivity (has extras) }, activity.getIntent()=Intent { act=android.intent.action.MAIN cat=[android.intent.category.LAUNCHER] flg=0x10008000 cmp=com.example.lunchtray/androidx.test.core.app.InstrumentationActivityInvoker$BootstrapActivity (has extras) }, activity=androidx.test.core.app.InstrumentationActivityInvoker$BootstrapActivity@498fbf5
10-23 14:55:30.817  3911  3911 V ActivityScenario: Activity lifecycle changed event received but ignored because the intent does not match. startActivityIntent=Intent { act=android.intent.action.MAIN cat=[android.intent.category.LAUNCHER] cmp=com.example.lunchtray/androidx.fragment.app.testing.FragmentScenario$EmptyFragmentActivity (has extras) }, activity.getIntent()=Intent { act=android.intent.action.MAIN cat=[android.intent.category.LAUNCHER] flg=0x10008000 cmp=com.example.lunchtray/androidx.test.core.app.InstrumentationActivityInvoker$BootstrapActivity (has extras) }, activity=androidx.test.core.app.InstrumentationActivityInvoker$BootstrapActivity@498fbf5
10-23 14:55:30.818  3911  3911 V ActivityScenario: Activity lifecycle changed event received but ignored because the intent does not match. startActivityIntent=Intent { act=android.intent.action.MAIN cat=[android.intent.category.LAUNCHER] cmp=com.example.lunchtray/androidx.fragment.app.testing.FragmentScenario$EmptyFragmentActivity (has extras) }, activity.getIntent()=Intent { act=android.intent.action.MAIN cat=[android.intent.category.LAUNCHER] flg=0x10008000 cmp=com.example.lunchtray/androidx.test.core.app.InstrumentationActivityInvoker$BootstrapActivity (has extras) }, activity=androidx.test.core.app.InstrumentationActivityInvoker$BootstrapActivity@498fbf5
10-23 14:55:30.818  3911  3911 V ActivityScenario: Activity lifecycle changed event received but ignored because the intent does not match. startActivityIntent=Intent { act=android.intent.action.MAIN cat=[android.intent.category.LAUNCHER] cmp=com.example.lunchtray/androidx.fragment.app.testing.FragmentScenario$EmptyFragmentActivity (has extras) }, activity.getIntent()=Intent { act=android.intent.action.MAIN cat=[android.intent.category.LAUNCHER] flg=0x10008000 cmp=com.example.lunchtray/androidx.test.core.app.InstrumentationActivityInvoker$BootstrapActivity (has extras) }, activity=androidx.test.core.app.InstrumentationActivityInvoker$BootstrapActivity@498fbf5
10-23 14:55:30.821  1468  4463 W GCM-GMS : Failed to get direct boot token: java.io.IOException: AUTHENTICATION_FAILED
10-23 14:55:30.826  1468  3697 I Icing   : Indexing com.google.android.gms-contacts_contact_id from com.google.android.gms
10-23 14:55:30.828   524   624 I InputReader: Reconfiguring input devices, changes=KEYBOARD_LAYOUTS
10-23 14:55:30.830  1468  3697 I Icing   : Indexing done com.google.android.gms-contacts_contact_id
10-23 14:55:30.831  1468  1468 D BoundBrokerSvc: onUnbind: Intent { act=com.google.android.gms.common.BIND_SHARED_PREFS pkg=com.google.android.gms }
10-23 14:55:30.833  1089  1089 D CarrierSvcBindHelper: onPackageModified: com.android.camera2
10-23 14:55:30.833  1089  1331 D ImsResolver: maybeAddedImsService, packageName: com.android.vending
10-23 14:55:30.833  1089  1089 D CarrierSvcBindHelper: No carrier app for: 0
10-23 14:55:30.834   524   624 I InputReader: Reconfiguring input devices, changes=KEYBOARD_LAYOUTS
10-23 14:55:30.834  1468  3697 I Icing   : Indexing com.google.android.gms-emails_data_id from com.google.android.gms
10-23 14:55:30.837  1468  2060 I constellation: [intent_handler] on init with intent Intent { act=com.google.android.chimera.IntentOperation.NEW_MODULE (has extras) }
10-23 14:55:30.840   871   903 I PermissionControllerServiceImpl: Updating user sensitive for uid 10124
10-23 14:55:30.840   524   624 I InputReader: Reconfiguring input devices, changes=KEYBOARD_LAYOUTS
10-23 14:55:30.842  1468  3697 I Icing   : Indexing done com.google.android.gms-emails_data_id
10-23 14:55:30.842  1468  3697 I Icing   : Indexing com.google.android.gms-phones_data_id from com.google.android.gms
10-23 14:55:30.842  1348  3942 D TrafficStats: tagSocket(233) with statsTag=0x24000609, statsUid=10118
10-23 14:55:30.846  1617  4952 D TrafficStats: tagSocket(5) with statsTag=0xffffffff, statsUid=-1
10-23 14:55:30.848  4579  4878 E FirebaseInstanceId: Topic sync or token retrieval failed on hard failure exceptions: AUTHENTICATION_FAILED. Won't retry the operation.
10-23 14:55:30.850  5002  5030 D CompatibilityChangeReporter: Compat change id reported: 160794467; UID 10119; state: ENABLED
10-23 14:55:30.851  1348  3159 I NetworkScheduler.Stats: Task com.google.android.gms/com.google.android.gms.gcm.gmsproc.GcmInGmsTaskService finished executing. cause:5 result: 3 elapsed_millis: 2977 uptime_millis: 2977 exec_start_elapsed_seconds: 68 [CONTEXT service_id=218 ]
10-23 14:55:30.857  2964  3350 I PBSessionCacheImpl: Deleted sessionId[13037507931822861] from persistence.
10-23 14:55:30.857   524   624 I InputReader: Reconfiguring input devices, changes=KEYBOARD_LAYOUTS
10-23 14:55:30.857  1468  3697 I Icing   : Indexing done com.google.android.gms-phones_data_id
10-23 14:55:30.857  1468  3697 I Icing   : Indexing com.google.android.gms-postals_data_id from com.google.android.gms
10-23 14:55:30.858  1468  3697 I Icing   : Indexing done com.google.android.gms-postals_data_id
10-23 14:55:30.860   524   624 I InputReader: Reconfiguring input devices, changes=KEYBOARD_LAYOUTS
10-23 14:55:30.866  2964  3265 W SearchServiceCore: Abort, client detached.
10-23 14:55:30.866  2964  3265 W SearchServiceCore: Abort, client detached.
10-23 14:55:30.866  2964  3265 W SearchServiceCore: Abort, client detached.
10-23 14:55:30.866  2964  3265 W SearchServiceCore: Abort, client detached.
10-23 14:55:30.866  2964  3265 W SearchServiceCore: Abort, client detached.
10-23 14:55:30.873  1348  3942 W Conscrypt: Could not set socket write timeout: java.net.SocketException: Socket closed
10-23 14:55:30.873   871   903 I PermissionControllerServiceImpl: Updating user sensitive for uid 10104
10-23 14:55:30.873   871   903 I PermissionControllerServiceImpl: Updating user sensitive for uid 10108
10-23 14:55:30.873   524   624 I InputReader: Reconfiguring input devices, changes=KEYBOARD_LAYOUTS
10-23 14:55:30.875   413   476 D audioserver: FGS Logger Transaction failed
10-23 14:55:30.875   413   476 D audioserver: -129
10-23 14:55:30.885  2964  3192 W NamedFutures: Timeout future task has been cancelled: 10000 milliseconds
10-23 14:55:30.885  2964  3175 I GsaConfigFlagsSyncer: Flag sync cancelled.
10-23 14:55:30.900  1348  3942 W Conscrypt: 	at com.google.android.gms.org.conscrypt.Platform.setSocketWriteTimeout(:com.google.android.gms@231818047@23.18.18 (190800-535401451):2)
10-23 14:55:30.902  1132  1166 I ImeTracker: com.google.android.apps.nexuslauncher:9e2b3764: onRequestHide at ORIGIN_CLIENT_HIDE_SOFT_INPUT reason HIDE_SOFT_INPUT
10-23 14:55:30.903  1132  1166 I ImeTracker: com.google.android.apps.nexuslauncher:9e2b3764: onFailed at PHASE_CLIENT_VIEW_SERVED
10-23 14:55:30.905  1348  3942 W Conscrypt: 	at com.google.android.gms.org.conscrypt.ConscryptFileDescriptorSocket.setSoWriteTimeout(:com.google.android.gms@231818047@23.18.18 (190800-535401451):0)
10-23 14:55:30.913  1089  1089 D CarrierSvcBindHelper: onPackageModified: com.google.android.gm
10-23 14:55:30.913  1089  1331 D ImsResolver: maybeAddedImsService, packageName: com.android.camera2
10-23 14:55:30.916  1089  1089 D CarrierSvcBindHelper: No carrier app for: 0
10-23 14:55:30.916  2964  2964 I A       : Intent { act=android.intent.action.BOOT_COMPLETED flg=0x89000010 cmp=com.google.android.googlequicksearchbox/com.google.android.apps.search.assistant.platform.contexttrigger.impl.ContextTriggerBroadcastReceiver_Receiver (has extras) }
10-23 14:55:30.923   870   870 D ControlsListingControllerImpl: ServiceConfig reloaded, count: 0
10-23 14:55:30.926  3911  4165 I TestRunner: finished: navigate_to_start_order_from_entree_menu(com.example.lunchtray.NavigationTests)
