10-20 12:36:34.797  3315  3354 I TestRunner: started: navigate_to_checkout_from_accompaniment_menu(com.example.lunchtray.NavigationTests)
10-20 12:36:34.801   344   344 D Zygote  : Forked child process 3786
10-20 12:36:34.806  3315  3354 W Settings: Setting always_finish_activities has moved from android.provider.Settings.System to android.provider.Settings.Global, returning read-only value.
10-20 12:36:34.812  3786  3786 W gs.intelligenc: Unexpected CPU variant for X86 using defaults: x86_64
10-20 12:36:34.814  3786  3786 E gs.intelligenc: Not starting debugger since process cannot load the jdwp agent.
10-20 12:36:34.826  1171  2386 I Checkin : [CheckinOperation] Checkin Operation finished with result: SUCCESS finish time: 62600.
10-20 12:36:34.839  3786  3786 D CompatibilityChangeReporter: Compat change id reported: 171979766; UID 10100; state: ENABLED
10-20 12:36:34.843  3315  3315 D LifecycleMonitor: Lifecycle status change: androidx.test.core.app.InstrumentationActivityInvoker$BootstrapActivity@77bebdb in: PRE_ON_CREATE
10-20 12:36:34.843  3315  3315 V ActivityScenario: Activity lifecycle changed event received but ignored because the intent does not match. startActivityIntent=Intent { act=android.intent.action.MAIN cat=[android.intent.category.LAUNCHER] cmp=com.example.lunchtray/androidx.fragment.app.testing.FragmentScenario$EmptyFragmentActivity (has extras) }, activity.getIntent()=Intent { act=android.intent.action.MAIN cat=[android.intent.category.LAUNCHER] flg=0x10008000 cmp=com.example.lunchtray/androidx.test.core.app.InstrumentationActivityInvoker$BootstrapActivity (has extras) }, activity=androidx.test.core.app.InstrumentationActivityInvoker$BootstrapActivity@77bebdb
10-20 12:36:34.843  3315  3315 V ActivityScenario: Activity lifecycle changed event received but ignored because the intent does not match. startActivityIntent=Intent { act=android.intent.action.MAIN cat=[android.intent.category.LAUNCHER] cmp=com.example.lunchtray/androidx.fragment.app.testing.FragmentScenario$EmptyFragmentActivity (has extras) }, activity.getIntent()=Intent { act=android.intent.action.MAIN cat=[android.intent.category.LAUNCHER] flg=0x10008000 cmp=com.example.lunchtray/androidx.test.core.app.InstrumentationActivityInvoker$BootstrapActivity (has extras) }, activity=androidx.test.core.app.InstrumentationActivityInvoker$BootstrapActivity@77bebdb
10-20 12:36:34.843  3315  3315 V ActivityScenario: Activity lifecycle changed event received but ignored because the intent does not match. startActivityIntent=Intent { act=android.intent.action.MAIN cat=[android.intent.category.LAUNCHER] cmp=com.example.lunchtray/androidx.fragment.app.testing.FragmentScenario$EmptyFragmentActivity (has extras) }, activity.getIntent()=Intent { act=android.intent.action.MAIN cat=[android.intent.category.LAUNCHER] flg=0x10008000 cmp=com.example.lunchtray/androidx.test.core.app.InstrumentationActivityInvoker$BootstrapActivity (has extras) }, activity=androidx.test.core.app.InstrumentationActivityInvoker$BootstrapActivity@77bebdb
10-20 12:36:34.843  3315  3315 V ActivityScenario: Activity lifecycle changed event received but ignored because the intent does not match. startActivityIntent=Intent { act=android.intent.action.MAIN cat=[android.intent.category.LAUNCHER] cmp=com.example.lunchtray/androidx.fragment.app.testing.FragmentScenario$EmptyFragmentActivity (has extras) }, activity.getIntent()=Intent { act=android.intent.action.MAIN cat=[android.intent.category.LAUNCHER] flg=0x10008000 cmp=com.example.lunchtray/androidx.test.core.app.InstrumentationActivityInvoker$BootstrapActivity (has extras) }, activity=androidx.test.core.app.InstrumentationActivityInvoker$BootstrapActivity@77bebdb
10-20 12:36:34.843  3315  3315 V ActivityScenario: Activity lifecycle changed event received but ignored because the intent does not match. startActivityIntent=Intent { act=android.intent.action.MAIN cat=[android.intent.category.LAUNCHER] cmp=com.example.lunchtray/androidx.fragment.app.testing.FragmentScenario$EmptyFragmentActivity (has extras) }, activity.getIntent()=Intent { act=android.intent.action.MAIN cat=[android.intent.category.LAUNCHER] flg=0x10008000 cmp=com.example.lunchtray/androidx.test.core.app.InstrumentationActivityInvoker$BootstrapActivity (has extras) }, activity=androidx.test.core.app.InstrumentationActivityInvoker$BootstrapActivity@77bebdb
10-20 12:36:34.844  3209  3801 I BugleRcsEngine: [84] ajsa.a: Creating JibeServiceComponent
10-20 12:36:34.849   362   374 D goldfish-address-space: claimShared: Ask to claim region [0x3f61db000 0x3f69c4000]
10-20 12:36:34.856  3786  3786 D nativeloader: classloader namespace configured for unbundled product apk. library_path=/product/priv-app/SettingsIntelligenceGooglePrebuilt/lib/x86_64:/product/lib64:/system/product/lib64
10-20 12:36:34.858   407   407 I BpBinder: onLastStrongRef automatically unlinking death recipients: <uncached descriptor>
10-20 12:36:34.860   362   374 D goldfish-address-space: claimShared: Ask to claim region [0x3f69c4000 0x3f71ad000]
10-20 12:36:34.861  3315  3315 D LifecycleMonitor: Lifecycle status change: androidx.test.core.app.InstrumentationActivityInvoker$BootstrapActivity@77bebdb in: CREATED
10-20 12:36:34.862  3315  3315 V ActivityScenario: Activity lifecycle changed event received but ignored because the intent does not match. startActivityIntent=Intent { act=android.intent.action.MAIN cat=[android.intent.category.LAUNCHER] cmp=com.example.lunchtray/androidx.fragment.app.testing.FragmentScenario$EmptyFragmentActivity (has extras) }, activity.getIntent()=Intent { act=android.intent.action.MAIN cat=[android.intent.category.LAUNCHER] flg=0x10008000 cmp=com.example.lunchtray/androidx.test.core.app.InstrumentationActivityInvoker$BootstrapActivity (has extras) }, activity=androidx.test.core.app.InstrumentationActivityInvoker$BootstrapActivity@77bebdb
10-20 12:36:34.862   362   374 D goldfish-address-space: claimShared: Ask to claim region [0x3f71ad000 0x3f7996000]
10-20 12:36:34.863  3315  3315 V ActivityScenario: Activity lifecycle changed event received but ignored because the intent does not match. startActivityIntent=Intent { act=android.intent.action.MAIN cat=[android.intent.category.LAUNCHER] cmp=com.example.lunchtray/androidx.fragment.app.testing.FragmentScenario$EmptyFragmentActivity (has extras) }, activity.getIntent()=Intent { act=android.intent.action.MAIN cat=[android.intent.category.LAUNCHER] flg=0x10008000 cmp=com.example.lunchtray/androidx.test.core.app.InstrumentationActivityInvoker$BootstrapActivity (has extras) }, activity=androidx.test.core.app.InstrumentationActivityInvoker$BootstrapActivity@77bebdb
10-20 12:36:34.863  3315  3315 V ActivityScenario: Activity lifecycle changed event received but ignored because the intent does not match. startActivityIntent=Intent { act=android.intent.action.MAIN cat=[android.intent.category.LAUNCHER] cmp=com.example.lunchtray/androidx.fragment.app.testing.FragmentScenario$EmptyFragmentActivity (has extras) }, activity.getIntent()=Intent { act=android.intent.action.MAIN cat=[android.intent.category.LAUNCHER] flg=0x10008000 cmp=com.example.lunchtray/androidx.test.core.app.InstrumentationActivityInvoker$BootstrapActivity (has extras) }, activity=androidx.test.core.app.InstrumentationActivityInvoker$BootstrapActivity@77bebdb
10-20 12:36:34.863  3315  3315 V ActivityScenario: Activity lifecycle changed event received but ignored because the intent does not match. startActivityIntent=Intent { act=android.intent.action.MAIN cat=[android.intent.category.LAUNCHER] cmp=com.example.lunchtray/androidx.fragment.app.testing.FragmentScenario$EmptyFragmentActivity (has extras) }, activity.getIntent()=Intent { act=android.intent.action.MAIN cat=[android.intent.category.LAUNCHER] flg=0x10008000 cmp=com.example.lunchtray/androidx.test.core.app.InstrumentationActivityInvoker$BootstrapActivity (has extras) }, activity=androidx.test.core.app.InstrumentationActivityInvoker$BootstrapActivity@77bebdb
10-20 12:36:34.863  3315  3315 V ActivityScenario: Activity lifecycle changed event received but ignored because the intent does not match. startActivityIntent=Intent { act=android.intent.action.MAIN cat=[android.intent.category.LAUNCHER] cmp=com.example.lunchtray/androidx.fragment.app.testing.FragmentScenario$EmptyFragmentActivity (has extras) }, activity.getIntent()=Intent { act=android.intent.action.MAIN cat=[android.intent.category.LAUNCHER] flg=0x10008000 cmp=com.example.lunchtray/androidx.test.core.app.InstrumentationActivityInvoker$BootstrapActivity (has extras) }, activity=androidx.test.core.app.InstrumentationActivityInvoker$BootstrapActivity@77bebdb
10-20 12:36:34.864  3315  3315 D LifecycleMonitor: Lifecycle status change: androidx.test.core.app.InstrumentationActivityInvoker$BootstrapActivity@77bebdb in: STARTED
10-20 12:36:34.864  3315  3315 V ActivityScenario: Activity lifecycle changed event received but ignored because the intent does not match. startActivityIntent=Intent { act=android.intent.action.MAIN cat=[android.intent.category.LAUNCHER] cmp=com.example.lunchtray/androidx.fragment.app.testing.FragmentScenario$EmptyFragmentActivity (has extras) }, activity.getIntent()=Intent { act=android.intent.action.MAIN cat=[android.intent.category.LAUNCHER] flg=0x10008000 cmp=com.example.lunchtray/androidx.test.core.app.InstrumentationActivityInvoker$BootstrapActivity (has extras) }, activity=androidx.test.core.app.InstrumentationActivityInvoker$BootstrapActivity@77bebdb
10-20 12:36:34.864  3315  3315 V ActivityScenario: Activity lifecycle changed event received but ignored because the intent does not match. startActivityIntent=Intent { act=android.intent.action.MAIN cat=[android.intent.category.LAUNCHER] cmp=com.example.lunchtray/androidx.fragment.app.testing.FragmentScenario$EmptyFragmentActivity (has extras) }, activity.getIntent()=Intent { act=android.intent.action.MAIN cat=[android.intent.category.LAUNCHER] flg=0x10008000 cmp=com.example.lunchtray/androidx.test.core.app.InstrumentationActivityInvoker$BootstrapActivity (has extras) }, activity=androidx.test.core.app.InstrumentationActivityInvoker$BootstrapActivity@77bebdb
10-20 12:36:34.864  3315  3315 V ActivityScenario: Activity lifecycle changed event received but ignored because the intent does not match. startActivityIntent=Intent { act=android.intent.action.MAIN cat=[android.intent.category.LAUNCHER] cmp=com.example.lunchtray/androidx.fragment.app.testing.FragmentScenario$EmptyFragmentActivity (has extras) }, activity.getIntent()=Intent { act=android.intent.action.MAIN cat=[android.intent.category.LAUNCHER] flg=0x10008000 cmp=com.example.lunchtray/androidx.test.core.app.InstrumentationActivityInvoker$BootstrapActivity (has extras) }, activity=androidx.test.core.app.InstrumentationActivityInvoker$BootstrapActivity@77bebdb
10-20 12:36:34.865  3315  3315 V ActivityScenario: Activity lifecycle changed event received but ignored because the intent does not match. startActivityIntent=Intent { act=android.intent.action.MAIN cat=[android.intent.category.LAUNCHER] cmp=com.example.lunchtray/androidx.fragment.app.testing.FragmentScenario$EmptyFragmentActivity (has extras) }, activity.getIntent()=Intent { act=android.intent.action.MAIN cat=[android.intent.category.LAUNCHER] flg=0x10008000 cmp=com.example.lunchtray/androidx.test.core.app.InstrumentationActivityInvoker$BootstrapActivity (has extras) }, activity=androidx.test.core.app.InstrumentationActivityInvoker$BootstrapActivity@77bebdb
10-20 12:36:34.865  3315  3315 V ActivityScenario: Activity lifecycle changed event received but ignored because the intent does not match. startActivityIntent=Intent { act=android.intent.action.MAIN cat=[android.intent.category.LAUNCHER] cmp=com.example.lunchtray/androidx.fragment.app.testing.FragmentScenario$EmptyFragmentActivity (has extras) }, activity.getIntent()=Intent { act=android.intent.action.MAIN cat=[android.intent.category.LAUNCHER] flg=0x10008000 cmp=com.example.lunchtray/androidx.test.core.app.InstrumentationActivityInvoker$BootstrapActivity (has extras) }, activity=androidx.test.core.app.InstrumentationActivityInvoker$BootstrapActivity@77bebdb
10-20 12:36:34.879  3786  3786 V GraphicsEnvironment: ANGLE Developer option for 'com.google.android.settings.intelligence' set to: 'default'
10-20 12:36:34.880  3786  3786 V GraphicsEnvironment: Neither updatable production driver nor prerelease driver is supported.
10-20 12:36:34.880  3786  3786 D NetworkSecurityConfig: No Network Security Config specified, using platform default
10-20 12:36:34.881  3786  3786 D NetworkSecurityConfig: No Network Security Config specified, using platform default
10-20 12:36:34.883  3315  3315 D LifecycleMonitor: Lifecycle status change: androidx.test.core.app.InstrumentationActivityInvoker$BootstrapActivity@77bebdb in: RESUMED
10-20 12:36:34.883  3315  3315 V ActivityScenario: Activity lifecycle changed event received but ignored because the intent does not match. startActivityIntent=Intent { act=android.intent.action.MAIN cat=[android.intent.category.LAUNCHER] cmp=com.example.lunchtray/androidx.fragment.app.testing.FragmentScenario$EmptyFragmentActivity (has extras) }, activity.getIntent()=Intent { act=android.intent.action.MAIN cat=[android.intent.category.LAUNCHER] flg=0x10008000 cmp=com.example.lunchtray/androidx.test.core.app.InstrumentationActivityInvoker$BootstrapActivity (has extras) }, activity=androidx.test.core.app.InstrumentationActivityInvoker$BootstrapActivity@77bebdb
10-20 12:36:34.883  3315  3315 V ActivityScenario: Activity lifecycle changed event received but ignored because the intent does not match. startActivityIntent=Intent { act=android.intent.action.MAIN cat=[android.intent.category.LAUNCHER] cmp=com.example.lunchtray/androidx.fragment.app.testing.FragmentScenario$EmptyFragmentActivity (has extras) }, activity.getIntent()=Intent { act=android.intent.action.MAIN cat=[android.intent.category.LAUNCHER] flg=0x10008000 cmp=com.example.lunchtray/androidx.test.core.app.InstrumentationActivityInvoker$BootstrapActivity (has extras) }, activity=androidx.test.core.app.InstrumentationActivityInvoker$BootstrapActivity@77bebdb
10-20 12:36:34.883  3315  3315 V ActivityScenario: Activity lifecycle changed event received but ignored because the intent does not match. startActivityIntent=Intent { act=android.intent.action.MAIN cat=[android.intent.category.LAUNCHER] cmp=com.example.lunchtray/androidx.fragment.app.testing.FragmentScenario$EmptyFragmentActivity (has extras) }, activity.getIntent()=Intent { act=android.intent.action.MAIN cat=[android.intent.category.LAUNCHER] flg=0x10008000 cmp=com.example.lunchtray/androidx.test.core.app.InstrumentationActivityInvoker$BootstrapActivity (has extras) }, activity=androidx.test.core.app.InstrumentationActivityInvoker$BootstrapActivity@77bebdb
10-20 12:36:34.883  3315  3315 V ActivityScenario: Activity lifecycle changed event received but ignored because the intent does not match. startActivityIntent=Intent { act=android.intent.action.MAIN cat=[android.intent.category.LAUNCHER] cmp=com.example.lunchtray/androidx.fragment.app.testing.FragmentScenario$EmptyFragmentActivity (has extras) }, activity.getIntent()=Intent { act=android.intent.action.MAIN cat=[android.intent.category.LAUNCHER] flg=0x10008000 cmp=com.example.lunchtray/androidx.test.core.app.InstrumentationActivityInvoker$BootstrapActivity (has extras) }, activity=androidx.test.core.app.InstrumentationActivityInvoker$BootstrapActivity@77bebdb
10-20 12:36:34.884  3315  3315 V ActivityScenario: Activity lifecycle changed event received but ignored because the intent does not match. startActivityIntent=Intent { act=android.intent.action.MAIN cat=[android.intent.category.LAUNCHER] cmp=com.example.lunchtray/androidx.fragment.app.testing.FragmentScenario$EmptyFragmentActivity (has extras) }, activity.getIntent()=Intent { act=android.intent.action.MAIN cat=[android.intent.category.LAUNCHER] flg=0x10008000 cmp=com.example.lunchtray/androidx.test.core.app.InstrumentationActivityInvoker$BootstrapActivity (has extras) }, activity=androidx.test.core.app.InstrumentationActivityInvoker$BootstrapActivity@77bebdb
10-20 12:36:34.887  3315  3315 D LifecycleMonitor: Lifecycle status change: androidx.test.core.app.InstrumentationActivityInvoker$BootstrapActivity@77bebdb in: PAUSED
10-20 12:36:34.887  3315  3315 V ActivityScenario: Activity lifecycle changed event received but ignored because the intent does not match. startActivityIntent=Intent { act=android.intent.action.MAIN cat=[android.intent.category.LAUNCHER] cmp=com.example.lunchtray/androidx.fragment.app.testing.FragmentScenario$EmptyFragmentActivity (has extras) }, activity.getIntent()=Intent { act=android.intent.action.MAIN cat=[android.intent.category.LAUNCHER] flg=0x10008000 cmp=com.example.lunchtray/androidx.test.core.app.InstrumentationActivityInvoker$BootstrapActivity (has extras) }, activity=androidx.test.core.app.InstrumentationActivityInvoker$BootstrapActivity@77bebdb
10-20 12:36:34.887  3315  3315 V ActivityScenario: Activity lifecycle changed event received but ignored because the intent does not match. startActivityIntent=Intent { act=android.intent.action.MAIN cat=[android.intent.category.LAUNCHER] cmp=com.example.lunchtray/androidx.fragment.app.testing.FragmentScenario$EmptyFragmentActivity (has extras) }, activity.getIntent()=Intent { act=android.intent.action.MAIN cat=[android.intent.category.LAUNCHER] flg=0x10008000 cmp=com.example.lunchtray/androidx.test.core.app.InstrumentationActivityInvoker$BootstrapActivity (has extras) }, activity=androidx.test.core.app.InstrumentationActivityInvoker$BootstrapActivity@77bebdb
10-20 12:36:34.887  3315  3315 V ActivityScenario: Activity lifecycle changed event received but ignored because the intent does not match. startActivityIntent=Intent { act=android.intent.action.MAIN cat=[android.intent.category.LAUNCHER] cmp=com.example.lunchtray/androidx.fragment.app.testing.FragmentScenario$EmptyFragmentActivity (has extras) }, activity.getIntent()=Intent { act=android.intent.action.MAIN cat=[android.intent.category.LAUNCHER] flg=0x10008000 cmp=com.example.lunchtray/androidx.test.core.app.InstrumentationActivityInvoker$BootstrapActivity (has extras) }, activity=androidx.test.core.app.InstrumentationActivityInvoker$BootstrapActivity@77bebdb
10-20 12:36:34.887  3315  3315 V ActivityScenario: Activity lifecycle changed event received but ignored because the intent does not match. startActivityIntent=Intent { act=android.intent.action.MAIN cat=[android.intent.category.LAUNCHER] cmp=com.example.lunchtray/androidx.fragment.app.testing.FragmentScenario$EmptyFragmentActivity (has extras) }, activity.getIntent()=Intent { act=android.intent.action.MAIN cat=[android.intent.category.LAUNCHER] flg=0x10008000 cmp=com.example.lunchtray/androidx.test.core.app.InstrumentationActivityInvoker$BootstrapActivity (has extras) }, activity=androidx.test.core.app.InstrumentationActivityInvoker$BootstrapActivity@77bebdb
10-20 12:36:34.887  3315  3315 V ActivityScenario: Activity lifecycle changed event received but ignored because the intent does not match. startActivityIntent=Intent { act=android.intent.action.MAIN cat=[android.intent.category.LAUNCHER] cmp=com.example.lunchtray/androidx.fragment.app.testing.FragmentScenario$EmptyFragmentActivity (has extras) }, activity.getIntent()=Intent { act=android.intent.action.MAIN cat=[android.intent.category.LAUNCHER] flg=0x10008000 cmp=com.example.lunchtray/androidx.test.core.app.InstrumentationActivityInvoker$BootstrapActivity (has extras) }, activity=androidx.test.core.app.InstrumentationActivityInvoker$BootstrapActivity@77bebdb
10-20 12:36:34.889  3209  3801 I BugleRcsEngine: [84] alod.j: (Sim): Processing an intent
10-20 12:36:34.890  3209  3801 I BugleRcsEngine: [84] alod.w: (Sim): Ignoring duplicate SIM state: LOADED
10-20 12:36:34.890  3209  3801 I BugleRcsEngine: [84] ajre.b: Initializing Carrier Services Logging.
10-20 12:36:34.901  3209  3801 D BugleRcsEngine: log_saver already enabled
10-20 12:36:34.903  3209  3801 I BugleRcsEngine: [84] RcsEngineProxyImpl.initializeRcsEngine: RcsEngineProxy: Initializing RCS Engine.
10-20 12:36:34.911  3209  3801 I BugleRcsEngine: [84] alod.j: (Sim): Processing an intent
10-20 12:36:34.911  3209  3801 I BugleRcsEngine: [84] alod.w: (Sim): Ignoring duplicate SIM state: LOADED
10-20 12:36:34.912  3786  3786 W gs.intelligenc: Accessing hidden field Ljava/util/Collections$SynchronizedCollection;->mutex:Ljava/lang/Object; (max-target-o, reflection, denied)
10-20 12:36:34.912  3786  3786 W gs.intelligenc: Accessing hidden method Ljava/util/Collections$SynchronizedSet;-><init>(Ljava/util/Set;Ljava/lang/Object;)V (max-target-o, reflection, denied)
10-20 12:36:34.912  3786  3786 W gs.intelligenc: Accessing hidden method Ljava/util/Collections$SynchronizedCollection;-><init>(Ljava/util/Collection;Ljava/lang/Object;)V (max-target-o, reflection, denied)
10-20 12:36:34.924  3315  3315 D LifecycleMonitor: Lifecycle status change: androidx.fragment.app.testing.FragmentScenario$EmptyFragmentActivity@c557c90 in: PRE_ON_CREATE
10-20 12:36:34.924  3315  3315 V ActivityScenario: Activity lifecycle changed event received but ignored because the reported transition was not ON_CREATE while the last known transition was DESTROYED
10-20 12:36:34.924  3315  3315 V ActivityScenario: Activity lifecycle changed event received but ignored because the reported transition was not ON_CREATE while the last known transition was DESTROYED
10-20 12:36:34.925  3315  3315 V ActivityScenario: Activity lifecycle changed event received but ignored because the reported transition was not ON_CREATE while the last known transition was DESTROYED
10-20 12:36:34.925  3315  3315 V ActivityScenario: Activity lifecycle changed event received but ignored because the reported transition was not ON_CREATE while the last known transition was DESTROYED
10-20 12:36:34.925  3315  3315 V ActivityScenario: Activity lifecycle changed event received but ignored because the reported transition was not ON_CREATE while the last known transition was PRE_ON_CREATE
10-20 12:36:34.928  3315  3315 D LifecycleMonitor: Lifecycle status change: androidx.fragment.app.testing.FragmentScenario$EmptyFragmentActivity@c557c90 in: CREATED
10-20 12:36:34.928  3315  3315 V ActivityScenario: Update currentActivityStage to CREATED, currentActivity=androidx.fragment.app.testing.FragmentScenario$EmptyFragmentActivity@c557c90
10-20 12:36:34.928  3315  3315 V ActivityScenario: Update currentActivityStage to CREATED, currentActivity=androidx.fragment.app.testing.FragmentScenario$EmptyFragmentActivity@c557c90
10-20 12:36:34.928  3315  3315 V ActivityScenario: Update currentActivityStage to CREATED, currentActivity=androidx.fragment.app.testing.FragmentScenario$EmptyFragmentActivity@c557c90
10-20 12:36:34.928  3315  3315 V ActivityScenario: Update currentActivityStage to CREATED, currentActivity=androidx.fragment.app.testing.FragmentScenario$EmptyFragmentActivity@c557c90
10-20 12:36:34.928  3315  3315 V ActivityScenario: Update currentActivityStage to CREATED, currentActivity=androidx.fragment.app.testing.FragmentScenario$EmptyFragmentActivity@c557c90
10-20 12:36:34.930  3315  3315 D LifecycleMonitor: Lifecycle status change: androidx.fragment.app.testing.FragmentScenario$EmptyFragmentActivity@c557c90 in: STARTED
10-20 12:36:34.930  3315  3315 V ActivityScenario: Update currentActivityStage to STARTED, currentActivity=androidx.fragment.app.testing.FragmentScenario$EmptyFragmentActivity@c557c90
10-20 12:36:34.930  3315  3315 V ActivityScenario: Update currentActivityStage to STARTED, currentActivity=androidx.fragment.app.testing.FragmentScenario$EmptyFragmentActivity@c557c90
10-20 12:36:34.930  3315  3315 V ActivityScenario: Update currentActivityStage to STARTED, currentActivity=androidx.fragment.app.testing.FragmentScenario$EmptyFragmentActivity@c557c90
10-20 12:36:34.930  3315  3315 V ActivityScenario: Update currentActivityStage to STARTED, currentActivity=androidx.fragment.app.testing.FragmentScenario$EmptyFragmentActivity@c557c90
10-20 12:36:34.930  3315  3315 V ActivityScenario: Update currentActivityStage to STARTED, currentActivity=androidx.fragment.app.testing.FragmentScenario$EmptyFragmentActivity@c557c90
10-20 12:36:34.932  3315  3315 D LifecycleMonitor: Lifecycle status change: androidx.fragment.app.testing.FragmentScenario$EmptyFragmentActivity@c557c90 in: RESUMED
10-20 12:36:34.932  3315  3315 V ActivityScenario: Update currentActivityStage to RESUMED, currentActivity=androidx.fragment.app.testing.FragmentScenario$EmptyFragmentActivity@c557c90
10-20 12:36:34.932  3315  3315 V ActivityScenario: Update currentActivityStage to RESUMED, currentActivity=androidx.fragment.app.testing.FragmentScenario$EmptyFragmentActivity@c557c90
10-20 12:36:34.933  3315  3315 V ActivityScenario: Update currentActivityStage to RESUMED, currentActivity=androidx.fragment.app.testing.FragmentScenario$EmptyFragmentActivity@c557c90
10-20 12:36:34.933  3315  3315 V ActivityScenario: Update currentActivityStage to RESUMED, currentActivity=androidx.fragment.app.testing.FragmentScenario$EmptyFragmentActivity@c557c90
10-20 12:36:34.933  3315  3315 V ActivityScenario: Update currentActivityStage to RESUMED, currentActivity=androidx.fragment.app.testing.FragmentScenario$EmptyFragmentActivity@c557c90
10-20 12:36:34.941   407   407 W SurfaceFlinger: couldn't log to binary event log: overflow.
10-20 12:36:34.941   407   407 W SurfaceFlinger: couldn't log to binary event log: overflow.
10-20 12:36:34.944  3209  3801 I BugleRcsEngine: [84] ajre.b: Initializing Carrier Services Logging.
10-20 12:36:34.944  3209  3801 D BugleRcsEngine: log_saver already enabled
10-20 12:36:34.944  3209  3801 I BugleRcsEngine: [84] RcsEngineImpl.<init>: RcsEngine(DUAL_REG): Constructor running in com.google.android.apps.messaging
10-20 12:36:34.948  2327  3465 I ResponseProcessCookies: Cookie store not available in HTTP context
10-20 12:36:34.948  3209  3801 I BugleRcsEngine: [84] akua.u: ProvisioningEngineManager: onCsLibPhenotypeUpdated, provisioningTaskInBugleEnabled = false, currentProvisioningStrategy = akxp
10-20 12:36:34.949  3209  3334 I BugleRcsEngine: [65] EventHubProxy.subscribe: Adding event listener alah@145f4ca for category 8 with key 21361866 for hub ENGINE
10-20 12:36:34.949  3209  3810 I BugleRcsEngine: [88] aloh.c: SIM delay is not enabled
10-20 12:36:34.952   362   374 D goldfish-address-space: claimShared: Ask to claim region [0x3f4000000 0x3f47e9000]
10-20 12:36:34.955  3209  3801 I BugleRcsEngine: [84] aktt.e: (PEv2-SM-65049265): start PEv2 [null]
10-20 12:36:34.955  3209  3801 I BugleRcsEngine: [84] alck.b: Created new RcsProvisioningProtoDataStorage for sim redacted-pii:sim_id[20-chars]
10-20 12:36:34.955  3209  3801 I BugleRcsEngine: [84] albk.o: RCS Configuration storage in Bugle is disabled by p/h flag, using ProvisioningEngineStateCacheUtil.getProvisioningConfigurationForGivenSimIfExist()
10-20 12:36:34.955  3209  3801 I BugleRcsEngine: [84] aktt.e: (PEv2-SM-65049265): start [null]
10-20 12:36:34.955  3209  3801 I BugleRcsEngine: [84] aksn.a: Sending ProvisioningEvent to Bugle [Request Bugle information (15)], no extra data
10-20 12:36:34.956  3209  3801 I BugleRcsEngine: [84] alsm.b: EngineBroadcaster: Broadcasting provisioning intent com.google.android.ims.provisioning.engine.provisioningEventAction to Bugle with extras redacted-pii:[83-chars]
10-20 12:36:34.956  3209  3807 I BugleRcsEngine: [87] aktt.e: (PEv2-SM-65049265): Enter EnabledState [null]
10-20 12:36:34.959  3209  3810 I BugleRcsEngine: [88] alod.j: (Sim): Processing an intent
10-20 12:36:34.959  3209  3810 I BugleRcsEngine: [88] alod.w: (Sim): Ignoring duplicate SIM state: LOADED
10-20 12:36:34.960  3209  3312 W BugleRcsEngine: [57] ajnl.z: Unable to send diagnostic log
10-20 12:36:34.964  3209  3801 D BugleRcsEngine: log_saver already enabled
10-20 12:36:34.964   362   374 D goldfish-address-space: claimShared: Ask to claim region [0x3f59f2000 0x3f61db000]
10-20 12:36:34.965   362   404 D goldfish-address-space: claimShared: Ask to claim region [0x3f8000000 0x3f87e9000]
10-20 12:36:34.971  3209  3807 I BugleRcsEngine: [87] aktt.e: (PEv2-SM-65049265): Start a new provisioning session [053131c3-58c5-4c64-a67a-dc022847a690]
10-20 12:36:34.971  3209  3807 I BugleRcsEngine: [87] akxz.a: RcsAvailabilityManager: Calculating Rcs Availability
10-20 12:36:34.973  1171  2386 I Checkin : [EventLogChimeraService] Opted in for usage reporting: false
10-20 12:36:34.975  3209  3807 I BugleRcsEngine: [87] albk.b: Bugle is default SMS app: true
10-20 12:36:34.977  3209  3807 I BugleRcsEngine: [87] akxz.a: Bugle has minimum required RCS permissions: true
10-20 12:36:34.981  3209  3807 I BugleRcsEngine: [87] albk.a: Rcs is enabled from user settings: true
10-20 12:36:34.981  3209  3807 W BugleRcsEngine: [87] alcv.a: No config URL. RCS will be disabled!
10-20 12:36:34.985  3209  3807 I BugleRcsEngine: [87] alsz.d: Checking if using CarrierServices.apk is possible. Enabled: true, isAtLeastM: true, runningInsideBugle: true
10-20 12:36:34.991  3209  3807 W BugleRcsEngine: [87] alsz.g: Carrier Services Apk was not found.
10-20 12:36:34.991  3209  3807 I BugleRcsEngine: [87] alsz.e: Cannot get service version because CS.apk was not found, not pre-loaded or disabled.
10-20 12:36:34.991  3209  3807 W BugleRcsEngine: [87] alsz.e: Service with meta data key: JibeServiceApiVersions is not compatible. Service Version 1 is not supported. Supported versions: []
10-20 12:36:34.995  3209  3807 I BugleRcsEngine: [87] albk.s: Configuration Terms and Conditions consent storage in Bugle is disabled by p/h flag
10-20 12:36:34.995  3209  3807 I BugleRcsEngine: [87] akxz.a: Config state is not ACCEPTED, provisioning still in progress
10-20 12:36:34.995  3209  3807 I BugleRcsEngine: [87] akxz.a: RcsAvailabilityManager: Rcs Availability still DISABLED_VIA_GSERVICES (RCS is disabled for this carrier by Google)
10-20 12:36:34.995  3209  3807 I BugleRcsEngine: [87] aktt.e: (PEv2-SM-65049265): transitionViaMessage, srcState=EnabledState, destState = DisabledState [053131c3-58c5-4c64-a67a-dc022847a690]
10-20 12:36:34.995  3209  3807 I BugleRcsEngine: [87] aksn.a: Sending ProvisioningEvent to Bugle [Update provisioning status (11)], redacted-pii:[85-chars]
10-20 12:36:34.995  3209  3807 I BugleRcsEngine: [87] alsm.b: EngineBroadcaster: Broadcasting provisioning intent com.google.android.ims.provisioning.engine.provisioningEventAction to Bugle with extras redacted-pii:[243-chars]
10-20 12:36:34.999  3209  3807 I BugleRcsEngine: [87] aktt.e: (PEv2-SM-65049265): EnabledState: Transition to disabled [053131c3-58c5-4c64-a67a-dc022847a690]
10-20 12:36:34.999  3209  3807 I BugleRcsEngine: [87] aktt.e: (PEv2-SM-65049265): transitionTo: destState=DisabledState [053131c3-58c5-4c64-a67a-dc022847a690]
10-20 12:36:35.000  3209  3807 I BugleRcsEngine: [87] aktt.e: (PEv2-SM-65049265): onTransitionRequested EnabledState [053131c3-58c5-4c64-a67a-dc022847a690]
10-20 12:36:35.000  3209  3807 I BugleRcsEngine: [87] aktt.e: (PEv2-SM-65049265): Exit EnabledState [053131c3-58c5-4c64-a67a-dc022847a690]
10-20 12:36:35.001  3209  3807 I BugleRcsEngine: [87] aktt.e: (PEv2-SM-65049265): Enter DisabledState [053131c3-58c5-4c64-a67a-dc022847a690]
10-20 12:36:35.001  3209  3334 W BugleRcsEngine: [65] ajnl.z: Unable to send diagnostic log
10-20 12:36:35.006  3209  3807 I BugleRcsEngine: [87] aldv.p: Provisioning state change [STATE_UNKNOWN -> CONFIGURATION UPDATED SUCCESSFULLY]
10-20 12:36:35.006  3209  3807 I BugleRcsEngine: [87] aksn.a: Sending ProvisioningEvent to Bugle [Update provisioning status (11)], redacted-pii:[85-chars]
10-20 12:36:35.006  3209  3807 I BugleRcsEngine: [87] alsm.b: EngineBroadcaster: Broadcasting provisioning intent com.google.android.ims.provisioning.engine.provisioningEventAction to Bugle with extras redacted-pii:[243-chars]
10-20 12:36:35.006  3209  3811 I BugleRcsEngine: [89] ajje.handleMessage: RCS engine STOP RCS stack
10-20 12:36:35.006  3209  3811 I BugleRcsEngine: [89] alsz.d: Checking if using CarrierServices.apk is possible. Enabled: true, isAtLeastM: true, runningInsideBugle: true
10-20 12:36:35.006  3209  3811 W BugleRcsEngine: [89] alsz.g: Carrier Services Apk was not found.
10-20 12:36:35.006  3209  3811 I BugleRcsEngine: [89] alsz.e: Cannot get service version because CS.apk was not found, not pre-loaded or disabled.
10-20 12:36:35.007  3209  3811 W BugleRcsEngine: [89] alsz.e: Service with meta data key: JibeServiceApiVersions is not compatible. Service Version 1 is not supported. Supported versions: []
10-20 12:36:35.007  3209  3807 I BugleRcsEngine: [87] akxz.a: RcsAvailabilityManager: Calculating Rcs Availability
10-20 12:36:35.011  3209  3312 W BugleRcsEngine: [57] ajnl.z: Unable to send diagnostic log
10-20 12:36:35.013  3209  3807 I BugleRcsEngine: [87] albk.b: Bugle is default SMS app: true
10-20 12:36:35.020  3209  3807 I BugleRcsEngine: [87] akxz.a: Bugle has minimum required RCS permissions: true
10-20 12:36:35.024  2923  2923 I RcsClientLib: com.google.android.rcs.client.signup.SignupService connected
10-20 12:36:35.039  1279  1279 I GoogleInputMethodService: GoogleInputMethodService.onFinishInput():3420
10-20 12:36:35.039  1279  1279 I GoogleInputMethodService: GoogleInputMethodService.onStartInput():2002
10-20 12:36:35.040  1279  1279 I DeviceUnlockedTag: DeviceUnlockedTag.notifyDeviceLockStatusChanged():31 Notify device unlocked.
10-20 12:36:35.042  3209  3807 I BugleRcsEngine: [87] albk.a: Rcs is enabled from user settings: true
10-20 12:36:35.042  3209  3807 W BugleRcsEngine: [87] alcv.a: No config URL. RCS will be disabled!
10-20 12:36:35.042  3209  3807 I BugleRcsEngine: [87] alsz.d: Checking if using CarrierServices.apk is possible. Enabled: true, isAtLeastM: true, runningInsideBugle: true
10-20 12:36:35.045  3209  3807 W BugleRcsEngine: [87] alsz.g: Carrier Services Apk was not found.
10-20 12:36:35.045  3209  3807 I BugleRcsEngine: [87] alsz.e: Cannot get service version because CS.apk was not found, not pre-loaded or disabled.
10-20 12:36:35.045  3209  3807 W BugleRcsEngine: [87] alsz.e: Service with meta data key: JibeServiceApiVersions is not compatible. Service Version 1 is not supported. Supported versions: []
10-20 12:36:35.047  3209  3807 I BugleRcsEngine: [87] albk.s: Configuration Terms and Conditions consent storage in Bugle is disabled by p/h flag
10-20 12:36:35.047  3209  3807 I BugleRcsEngine: [87] akxz.a: Config state is not ACCEPTED, provisioning still in progress
10-20 12:36:35.047  3209  3807 I BugleRcsEngine: [87] akxz.a: RcsAvailabilityManager: Rcs Availability still DISABLED_VIA_GSERVICES (RCS is disabled for this carrier by Google)
10-20 12:36:35.048  3209  3557 W BugleRcsEngine: [77] alod.d: (Sim): Unexpected action: android.intent.action.ACTION_DEFAULT_VOICE_SUBSCRIPTION_CHANGED
10-20 12:36:35.049  3209  3313 W BugleRcsEngine: [59] alod.d: (Sim): Unexpected action: android.intent.action.ACTION_DEFAULT_DATA_SUBSCRIPTION_CHANGED
10-20 12:36:35.051  3209  3252 I BugleRcsEngine: [37] akxz.a: RcsAvailabilityManager: Calculating Rcs Availability
10-20 12:36:35.060  3209  3252 I BugleRcsEngine: [37] albk.b: Bugle is default SMS app: true
10-20 12:36:35.065  3209  3252 I BugleRcsEngine: [37] akxz.a: Bugle has minimum required RCS permissions: true
10-20 12:36:35.065  3209  3252 I BugleRcsEngine: [37] albk.a: Rcs is enabled from user settings: true
10-20 12:36:35.066  3209  3252 W BugleRcsEngine: [37] alcv.a: No config URL. RCS will be disabled!
10-20 12:36:35.066  3209  3252 I BugleRcsEngine: [37] alsz.d: Checking if using CarrierServices.apk is possible. Enabled: true, isAtLeastM: true, runningInsideBugle: true
10-20 12:36:35.066  3209  3252 W BugleRcsEngine: [37] alsz.g: Carrier Services Apk was not found.
10-20 12:36:35.066  3209  3252 I BugleRcsEngine: [37] alsz.e: Cannot get service version because CS.apk was not found, not pre-loaded or disabled.
10-20 12:36:35.066  3209  3252 W BugleRcsEngine: [37] alsz.e: Service with meta data key: JibeServiceApiVersions is not compatible. Service Version 1 is not supported. Supported versions: []
10-20 12:36:35.066  3209  3252 I BugleRcsEngine: [37] albk.s: Configuration Terms and Conditions consent storage in Bugle is disabled by p/h flag
10-20 12:36:35.066  3209  3252 I BugleRcsEngine: [37] akxz.a: Config state is not ACCEPTED, provisioning still in progress
10-20 12:36:35.066  3209  3252 I BugleRcsEngine: [37] akxz.a: RcsAvailabilityManager: Rcs Availability still DISABLED_VIA_GSERVICES (RCS is disabled for this carrier by Google)
10-20 12:36:35.067  3209  3252 I BugleRcsEngine: [37] akxz.a: RcsAvailabilityManager: Calculating Rcs Availability
10-20 12:36:35.068  3315  3315 I ViewInteraction: Performing 'single click' action on view view.getId() is <2131231081/com.example.lunchtray:id/next_button>
10-20 12:36:35.069  3209  3558 I BugleRcsEngine: [78] aloh.c: SIM delay is not enabled
10-20 12:36:35.069  3209  3558 W BugleRcsEngine: [78] alod.a: (Sim): process intent: android.intent.action.SIM_STATE_CHANGED
10-20 12:36:35.072  3209  3252 I BugleRcsEngine: [37] albk.b: Bugle is default SMS app: true
10-20 12:36:35.076   530   579 I libprocessgroup: Successfully killed process cgroup uid 10059 pid 2837 in 45ms
10-20 12:36:35.077  3209  3252 I BugleRcsEngine: [37] akxz.a: Bugle has minimum required RCS permissions: true
10-20 12:36:35.078  1171  2386 I Checkin : [EventLogChimeraService] Accumulating logs since 1697805392412
10-20 12:36:35.080   344   344 I Zygote  : Process 2837 exited due to signal 9 (Killed)
10-20 12:36:35.085   344   344 I Zygote  : Process 3116 exited due to signal 9 (Killed)
10-20 12:36:35.086  2046  2046 I CalendarUpgradeReceiver: Creating or opening calendar database
10-20 12:36:35.089  3209  3252 I BugleRcsEngine: [37] albk.a: Rcs is enabled from user settings: true
10-20 12:36:35.089  3209  3252 W BugleRcsEngine: [37] alcv.a: No config URL. RCS will be disabled!
10-20 12:36:35.089  3209  3252 I BugleRcsEngine: [37] alsz.d: Checking if using CarrierServices.apk is possible. Enabled: true, isAtLeastM: true, runningInsideBugle: true
10-20 12:36:35.093  3209  3252 W BugleRcsEngine: [37] alsz.g: Carrier Services Apk was not found.
10-20 12:36:35.093  3209  3252 I BugleRcsEngine: [37] alsz.e: Cannot get service version because CS.apk was not found, not pre-loaded or disabled.
10-20 12:36:35.093  3209  3252 W BugleRcsEngine: [37] alsz.e: Service with meta data key: JibeServiceApiVersions is not compatible. Service Version 1 is not supported. Supported versions: []
10-20 12:36:35.095  3209  3252 I BugleRcsEngine: [37] albk.s: Configuration Terms and Conditions consent storage in Bugle is disabled by p/h flag
10-20 12:36:35.096  3209  3252 I BugleRcsEngine: [37] akxz.a: Config state is not ACCEPTED, provisioning still in progress
10-20 12:36:35.096  3209  3252 I BugleRcsEngine: [37] akxz.a: RcsAvailabilityManager: Rcs Availability still DISABLED_VIA_GSERVICES (RCS is disabled for this carrier by Google)
10-20 12:36:35.096  3209  3252 W BugleRcsEngine: [37] akxz.b: SimId does not exist in map, could be uninitialized.
10-20 12:36:35.097  2923  3204 I BugleRcs: RcsAvailabilityUpdaterRemote: updateRcsAvailabilityPostProcess, Get Updated RcsAvailability, RcsAvailability: BUGLE_LOADING_AVAILABILITY_IN_PROGRESS, SimId: redacted-pii[0-chars]
10-20 12:36:35.099  2923  2970 I RcsClientLib: Disconnecting ChatSessionService
10-20 12:36:35.099  2923  2970 W RcsClientLib: Unexpected error when trying to unbind com.google.android.ims.rcsservice.chatsession.IChatSession: Service not registered: awmr@43a2575
10-20 12:36:35.099  2923  2923 I RcsClientLib: Disconnecting SignupService
10-20 12:36:35.100  2923  2970 W RcsClientLib: java.lang.IllegalArgumentException: Service not registered: awmr@43a2575
10-20 12:36:35.100  2923  2970 W RcsClientLib: 	at android.app.LoadedApk.forgetServiceDispatcher(LoadedApk.java:1880)
10-20 12:36:35.100  2923  2970 W RcsClientLib: 	at android.app.ContextImpl.unbindService(ContextImpl.java:2020)
10-20 12:36:35.100  2923  2970 W RcsClientLib: 	at android.content.ContextWrapper.unbindService(ContextWrapper.java:846)
10-20 12:36:35.100  2923  2970 W RcsClientLib: 	at awmp.g(PG:1)
10-20 12:36:35.100  2923  2970 W RcsClientLib: 	at awmp.disconnect(PG:2)
10-20 12:36:35.100  2923  2970 W RcsClientLib: 	at war.i(PG:1)
10-20 12:36:35.100  2923  2970 W RcsClientLib: 	at wau.a(PG:4)
10-20 12:36:35.100  2923  2970 W RcsClientLib: 	at uve.a(PG:2)
10-20 12:36:35.100  2923  2970 W RcsClientLib: 	at alql.run(PG:1)
10-20 12:36:35.100  2923  2970 W RcsClientLib: 	at aosz.run(PG:1)
10-20 12:36:35.100  2923  2970 W RcsClientLib: 	at java.util.concurrent.ThreadPoolExecutor.runWorker(ThreadPoolExecutor.java:1167)
10-20 12:36:35.100  2923  2970 W RcsClientLib: 	at java.util.concurrent.ThreadPoolExecutor$Worker.run(ThreadPoolExecutor.java:641)
10-20 12:36:35.100  2923  2970 W RcsClientLib: 	at aosl.run(PG:2)
10-20 12:36:35.100  2923  2970 W RcsClientLib: 	at aorz.run(PG:2)
10-20 12:36:35.100  2923  2970 W RcsClientLib: 	at java.lang.Thread.run(Thread.java:920)
10-20 12:36:35.100  2923  2964 I BugleRcsProvisioning: RcsProvisioningTrigger: onRcsAvailabilityUpdate : availability is updated to RCS state is pending. Check back in a moment. WAITING FOR ENGINE TO CONNECT, lastAvailability is null, simId hash = -1769949692166815736, isPev3Enabled = false
10-20 12:36:35.100  2923  2970 I RcsClientLib: Disconnecting EventService
10-20 12:36:35.100  2923  2970 W RcsClientLib: Unexpected error when trying to unbind com.google.android.ims.rcsservice.events.IEvent: Service not registered: awmr@1c38f98
10-20 12:36:35.102  2923  2970 W RcsClientLib: java.lang.IllegalArgumentException: Service not registered: awmr@1c38f98
10-20 12:36:35.102  2923  2970 W RcsClientLib: 	at android.app.LoadedApk.forgetServiceDispatcher(LoadedApk.java:1880)
10-20 12:36:35.102  2923  2970 W RcsClientLib: 	at android.app.ContextImpl.unbindService(ContextImpl.java:2020)
10-20 12:36:35.102  2923  2970 W RcsClientLib: 	at android.content.ContextWrapper.unbindService(ContextWrapper.java:846)
10-20 12:36:35.102  2923  2970 W RcsClientLib: 	at awmp.g(PG:1)
10-20 12:36:35.102  2923  2970 W RcsClientLib: 	at awmp.disconnect(PG:2)
10-20 12:36:35.102  2923  2970 W RcsClientLib: 	at com.google.android.rcs.client.events.EventService.disconnect(PG:2)
10-20 12:36:35.102  2923  2970 W RcsClientLib: 	at war.i(PG:2)
10-20 12:36:35.102  2923  2970 W RcsClientLib: 	at wau.a(PG:4)
10-20 12:36:35.102  2923  2970 W RcsClientLib: 	at uve.a(PG:2)
10-20 12:36:35.102  2923  2970 W RcsClientLib: 	at alql.run(PG:1)
10-20 12:36:35.102  2923  2970 W RcsClientLib: 	at aosz.run(PG:1)
10-20 12:36:35.102  2923  2970 W RcsClientLib: 	at java.util.concurrent.ThreadPoolExecutor.runWorker(ThreadPoolExecutor.java:1167)
10-20 12:36:35.102  2923  2970 W RcsClientLib: 	at java.util.concurrent.ThreadPoolExecutor$Worker.run(ThreadPoolExecutor.java:641)
10-20 12:36:35.102  2923  2970 W RcsClientLib: 	at aosl.run(PG:2)
10-20 12:36:35.102  2923  2970 W RcsClientLib: 	at aorz.run(PG:2)
10-20 12:36:35.102  2923  2970 W RcsClientLib: 	at java.lang.Thread.run(Thread.java:920)
10-20 12:36:35.102  2923  2970 I RcsClientLib: Disconnecting ContactsService
10-20 12:36:35.102  2923  2970 W RcsClientLib: Unexpected error when trying to unbind com.google.android.ims.rcsservice.contacts.IContactsManagement: Service not registered: awmr@fa36bd6
10-20 12:36:35.102  2923  2970 W RcsClientLib: java.lang.IllegalArgumentException: Service not registered: awmr@fa36bd6
10-20 12:36:35.102  2923  2970 W RcsClientLib: 	at android.app.LoadedApk.forgetServiceDispatcher(LoadedApk.java:1880)
10-20 12:36:35.102  2923  2970 W RcsClientLib: 	at android.app.ContextImpl.unbindService(ContextImpl.java:2020)
10-20 12:36:35.102  2923  2970 W RcsClientLib: 	at android.content.ContextWrapper.unbindService(ContextWrapper.java:846)
10-20 12:36:35.102  2923  2970 W RcsClientLib: 	at awmp.g(PG:1)
10-20 12:36:35.102  2923  2970 W RcsClientLib: 	at awmp.disconnect(PG:2)
10-20 12:36:35.102  2923  2970 W RcsClientLib: 	at war.i(PG:3)
10-20 12:36:35.102  2923  2970 W RcsClientLib: 	at wau.a(PG:4)
10-20 12:36:35.102  2923  2970 W RcsClientLib: 	at uve.a(PG:2)
10-20 12:36:35.102  2923  2970 W RcsClientLib: 	at alql.run(PG:1)
10-20 12:36:35.102  2923  2970 W RcsClientLib: 	at aosz.run(PG:1)
10-20 12:36:35.102  2923  2970 W RcsClientLib: 	at java.util.concurrent.ThreadPoolExecutor.runWorker(ThreadPoolExecutor.java:1167)
10-20 12:36:35.102  2923  2970 W RcsClientLib: 	at java.util.concurrent.ThreadPoolExecutor$Worker.run(ThreadPoolExecutor.java:641)
10-20 12:36:35.102  2923  2970 W RcsClientLib: 	at aosl.run(PG:2)
10-20 12:36:35.102  2923  2970 W RcsClientLib: 	at aorz.run(PG:2)
10-20 12:36:35.102  2923  2970 W RcsClientLib: 	at java.lang.Thread.run(Thread.java:920)
10-20 12:36:35.102  2923  2970 I RcsClientLib: Disconnecting FileTransferService
10-20 12:36:35.103  2923  2970 W RcsClientLib: Unexpected error when trying to unbind com.google.android.ims.rcsservice.filetransfer.IFileTransfer: Service not registered: awmr@62e0d44
10-20 12:36:35.104  2923  2970 W RcsClientLib: java.lang.IllegalArgumentException: Service not registered: awmr@62e0d44
10-20 12:36:35.104  2923  2970 W RcsClientLib: 	at android.app.LoadedApk.forgetServiceDispatcher(LoadedApk.java:1880)
10-20 12:36:35.104  2923  2970 W RcsClientLib: 	at android.app.ContextImpl.unbindService(ContextImpl.java:2020)
10-20 12:36:35.104  2923  2970 W RcsClientLib: 	at android.content.ContextWrapper.unbindService(ContextWrapper.java:846)
10-20 12:36:35.104  2923  2970 W RcsClientLib: 	at awmp.g(PG:1)
10-20 12:36:35.104  2923  2970 W RcsClientLib: 	at awmp.disconnect(PG:2)
10-20 12:36:35.104  2923  2970 W RcsClientLib: 	at war.i(PG:4)
10-20 12:36:35.104  2923  2970 W RcsClientLib: 	at wau.a(PG:4)
10-20 12:36:35.104  2923  2970 W RcsClientLib: 	at uve.a(PG:2)
10-20 12:36:35.104  2923  2970 W RcsClientLib: 	at alql.run(PG:1)
10-20 12:36:35.104  2923  2970 W RcsClientLib: 	at aosz.run(PG:1)
10-20 12:36:35.104  2923  2970 W RcsClientLib: 	at java.util.concurrent.ThreadPoolExecutor.runWorker(ThreadPoolExecutor.java:1167)
10-20 12:36:35.104  2923  2970 W RcsClientLib: 	at java.util.concurrent.ThreadPoolExecutor$Worker.run(ThreadPoolExecutor.java:641)
10-20 12:36:35.104  2923  2970 W RcsClientLib: 	at aosl.run(PG:2)
10-20 12:36:35.104  2923  2970 W RcsClientLib: 	at aorz.run(PG:2)
10-20 12:36:35.104  2923  2970 W RcsClientLib: 	at java.lang.Thread.run(Thread.java:920)
10-20 12:36:35.105  2923  2970 I RcsClientLib: Disconnecting LocationSharingService
10-20 12:36:35.106  2923  2970 W RcsClientLib: Unexpected error when trying to unbind com.google.android.ims.rcsservice.locationsharing.ILocationSharing: Service not registered: awmr@dc26f62
10-20 12:36:35.106  2923  2970 W RcsClientLib: java.lang.IllegalArgumentException: Service not registered: awmr@dc26f62
10-20 12:36:35.106  2923  2970 W RcsClientLib: 	at android.app.LoadedApk.forgetServiceDispatcher(LoadedApk.java:1880)
10-20 12:36:35.106  2923  2970 W RcsClientLib: 	at android.app.ContextImpl.unbindService(ContextImpl.java:2020)
10-20 12:36:35.106  2923  2970 W RcsClientLib: 	at android.content.ContextWrapper.unbindService(ContextWrapper.java:846)
10-20 12:36:35.106  2923  2970 W RcsClientLib: 	at awmp.g(PG:1)
10-20 12:36:35.106  2923  2970 W RcsClientLib: 	at awmp.disconnect(PG:2)
10-20 12:36:35.106  2923  2970 W RcsClientLib: 	at war.i(PG:5)
10-20 12:36:35.106  2923  2970 W RcsClientLib: 	at wau.a(PG:4)
10-20 12:36:35.106  2923  2970 W RcsClientLib: 	at uve.a(PG:2)
10-20 12:36:35.106  2923  2970 W RcsClientLib: 	at alql.run(PG:1)
10-20 12:36:35.106  2923  2970 W RcsClientLib: 	at aosz.run(PG:1)
10-20 12:36:35.106  2923  2970 W RcsClientLib: 	at java.util.concurrent.ThreadPoolExecutor.runWorker(ThreadPoolExecutor.java:1167)
10-20 12:36:35.106  2923  2970 W RcsClientLib: 	at java.util.concurrent.ThreadPoolExecutor$Worker.run(ThreadPoolExecutor.java:641)
10-20 12:36:35.106  2923  2970 W RcsClientLib: 	at aosl.run(PG:2)
10-20 12:36:35.106  2923  2970 W RcsClientLib: 	at aorz.run(PG:2)
10-20 12:36:35.106  2923  2970 W RcsClientLib: 	at java.lang.Thread.run(Thread.java:920)
10-20 12:36:35.106  2923  2970 I RcsClientLib: Disconnecting ImsConnectionTrackerService
10-20 12:36:35.108  3748  3765 W UnsafeUtil: platform method missing - proto runtime falling back to safer methods: java.lang.NoSuchMethodException: sun.misc.Unsafe.copyMemory [class java.lang.Object, long, class java.lang.Object, long, long]
10-20 12:36:35.111  3209  3209 I BugleRcsEngine: [2] RcsEngineProxyImpl.destroyRcsEngine: RcsEngineProxy: Destroy RCS Engine.
10-20 12:36:35.117  3209  3810 I BugleRcsEngine: [88] alod.j: (Sim): Processing an intent
10-20 12:36:35.117  3209  3810 I BugleRcsEngine: [88] alod.w: (Sim): Ignoring duplicate SIM state: LOADED
10-20 12:36:35.118  2327  3465 D HeterodyneSyncer: Heterodyne Response: # aoow@6d161886
10-20 12:36:35.118  2327  3465 D HeterodyneSyncer: 5: 1697635560
10-20 12:36:35.118  2327  3465 I Finsky  : [106] mor.b(1): Received Heterodyne sync response. StatusCode=200
10-20 12:36:35.120   530   579 I libprocessgroup: Successfully killed process cgroup uid 10079 pid 3116 in 0ms
10-20 12:36:35.122  2327  3465 D HeterodyneSyncer: update last fetch to 1697804702
10-20 12:36:35.123   787   787 D InterruptionStateProvider: No bubble up: not allowed to bubble: 0|android|13|PreBootBroadcaster|1000
10-20 12:36:35.123  2923  2970 W RcsClientLib: Unexpected error when trying to unbind com.google.android.ims.rcsservice.ims.IImsConnectionTracker: Service not registered: awmr@fa0b9b0
10-20 12:36:35.123  2923  2970 W RcsClientLib: java.lang.IllegalArgumentException: Service not registered: awmr@fa0b9b0
10-20 12:36:35.123  2923  2970 W RcsClientLib: 	at android.app.LoadedApk.forgetServiceDispatcher(LoadedApk.java:1880)
