10-20 12:36:56.315  3315  3354 I TestRunner: started: order_reset_after_cancel_from_entree_menu(com.example.lunchtray.OrderFunctionalityTests)
10-20 12:36:56.331  5108  5108 W PrimesInit: Primes instant initialization
10-20 12:36:56.331  3315  3354 W Settings: Setting always_finish_activities has moved from android.provider.Settings.System to android.provider.Settings.Global, returning read-only value.
10-20 12:36:56.333  5108  5126 W Primes  : background initialization
10-20 12:36:56.337  5108  5127 I GAv4    : Google Analytics 19.6.77 is starting up. To enable debug logging on a device run:
10-20 12:36:56.337  5108  5127 I GAv4    :   adb shell setprop log.tag.GAv4 DEBUG
10-20 12:36:56.337  5108  5127 I GAv4    :   adb logcat -s GAv4
10-20 12:36:56.341  5108  5108 W FontsContract: Platform version of downloadable fonts is deprecated. Please use androidx version instead.
10-20 12:36:56.351  5108  5127 D CompatibilityChangeReporter: Compat change id reported: 160794467; UID 10117; state: DISABLED
10-20 12:36:56.364  1101  1516 I FontLog : Received query Google Sans:500, URI content://com.google.android.gms.fonts [CONTEXT service_id=132 ]
10-20 12:36:56.367  1101  1516 I FontLog : Query [Google Sans:500] resolved to {Google Sans, wdth 100.0, wght 500, ital 0.0, bestEffort false} [CONTEXT service_id=132 ]
10-20 12:36:56.374  1101  1516 I FontLog : Font PFD returned from cache for {Google Sans, wdth 100.0, wght 500, ital 0.0, bestEffort false} [CONTEXT service_id=132 ]
10-20 12:36:56.377  1101  1516 I FontLog : Fetch {Google Sans, wdth 100.0, wght 500, ital 0.0, bestEffort false} end status Status{statusCode=SUCCESS, resolution=null} [CONTEXT service_id=132 ]
10-20 12:36:56.378  5108  5133 W GAv4    : AnalyticsReceiver is not registered or is disabled. Register the receiver for reliable dispatching on non-Google Play devices. See http://goo.gl/8Rd3yj for instructions.
10-20 12:36:56.393  5108  5133 W GAv4    : CampaignTrackingReceiver is not registered, not exported or is disabled. Installation campaign tracking is not possible. See http://goo.gl/8Rd3yj for instructions.
10-20 12:36:56.434  3315  3315 D LifecycleMonitor: Lifecycle status change: androidx.test.core.app.InstrumentationActivityInvoker$BootstrapActivity@47e09c1 in: PRE_ON_CREATE
10-20 12:36:56.434  5108  5133 W GAv4    : AnalyticsService not registered in the app manifest. Hits might not be delivered reliably. See http://goo.gl/8Rd3yj for instructions.
10-20 12:36:56.435  3315  3315 V ActivityScenario: Activity lifecycle changed event received but ignored because the intent does not match. startActivityIntent=Intent { act=android.intent.action.MAIN cat=[android.intent.category.LAUNCHER] cmp=com.example.lunchtray/.MainActivity }, activity.getIntent()=Intent { act=android.intent.action.MAIN cat=[android.intent.category.LAUNCHER] flg=0x10008000 cmp=com.example.lunchtray/androidx.test.core.app.InstrumentationActivityInvoker$BootstrapActivity (has extras) }, activity=androidx.test.core.app.InstrumentationActivityInvoker$BootstrapActivity@47e09c1
10-20 12:36:56.435  3315  3315 V ActivityScenario: Activity lifecycle changed event received but ignored because the intent does not match. startActivityIntent=Intent { act=android.intent.action.MAIN cat=[android.intent.category.LAUNCHER] cmp=com.example.lunchtray/.MainActivity }, activity.getIntent()=Intent { act=android.intent.action.MAIN cat=[android.intent.category.LAUNCHER] flg=0x10008000 cmp=com.example.lunchtray/androidx.test.core.app.InstrumentationActivityInvoker$BootstrapActivity (has extras) }, activity=androidx.test.core.app.InstrumentationActivityInvoker$BootstrapActivity@47e09c1
10-20 12:36:56.436  1101  2973 I FontLog : Pulling font file for id = 5, cache size = 5 [CONTEXT service_id=132 ]
10-20 12:36:56.440   407   407 I BpBinder: onLastStrongRef automatically unlinking death recipients: <uncached descriptor>
10-20 12:36:56.449  3315  3315 D LifecycleMonitor: Lifecycle status change: androidx.test.core.app.InstrumentationActivityInvoker$BootstrapActivity@47e09c1 in: CREATED
10-20 12:36:56.449  3315  3315 V ActivityScenario: Activity lifecycle changed event received but ignored because the intent does not match. startActivityIntent=Intent { act=android.intent.action.MAIN cat=[android.intent.category.LAUNCHER] cmp=com.example.lunchtray/.MainActivity }, activity.getIntent()=Intent { act=android.intent.action.MAIN cat=[android.intent.category.LAUNCHER] flg=0x10008000 cmp=com.example.lunchtray/androidx.test.core.app.InstrumentationActivityInvoker$BootstrapActivity (has extras) }, activity=androidx.test.core.app.InstrumentationActivityInvoker$BootstrapActivity@47e09c1
10-20 12:36:56.449  3315  3315 V ActivityScenario: Activity lifecycle changed event received but ignored because the intent does not match. startActivityIntent=Intent { act=android.intent.action.MAIN cat=[android.intent.category.LAUNCHER] cmp=com.example.lunchtray/.MainActivity }, activity.getIntent()=Intent { act=android.intent.action.MAIN cat=[android.intent.category.LAUNCHER] flg=0x10008000 cmp=com.example.lunchtray/androidx.test.core.app.InstrumentationActivityInvoker$BootstrapActivity (has extras) }, activity=androidx.test.core.app.InstrumentationActivityInvoker$BootstrapActivity@47e09c1
10-20 12:36:56.450  3315  3315 D LifecycleMonitor: Lifecycle status change: androidx.test.core.app.InstrumentationActivityInvoker$BootstrapActivity@47e09c1 in: STARTED
10-20 12:36:56.450  3315  3315 V ActivityScenario: Activity lifecycle changed event received but ignored because the intent does not match. startActivityIntent=Intent { act=android.intent.action.MAIN cat=[android.intent.category.LAUNCHER] cmp=com.example.lunchtray/.MainActivity }, activity.getIntent()=Intent { act=android.intent.action.MAIN cat=[android.intent.category.LAUNCHER] flg=0x10008000 cmp=com.example.lunchtray/androidx.test.core.app.InstrumentationActivityInvoker$BootstrapActivity (has extras) }, activity=androidx.test.core.app.InstrumentationActivityInvoker$BootstrapActivity@47e09c1
10-20 12:36:56.450  3315  3315 V ActivityScenario: Activity lifecycle changed event received but ignored because the intent does not match. startActivityIntent=Intent { act=android.intent.action.MAIN cat=[android.intent.category.LAUNCHER] cmp=com.example.lunchtray/.MainActivity }, activity.getIntent()=Intent { act=android.intent.action.MAIN cat=[android.intent.category.LAUNCHER] flg=0x10008000 cmp=com.example.lunchtray/androidx.test.core.app.InstrumentationActivityInvoker$BootstrapActivity (has extras) }, activity=androidx.test.core.app.InstrumentationActivityInvoker$BootstrapActivity@47e09c1
10-20 12:36:56.454   362   374 D goldfish-address-space: claimShared: Ask to claim region [0x3f69c4000 0x3f71ad000]
10-20 12:36:56.465   344   344 I Zygote  : Process 3748 exited due to signal 9 (Killed)
10-20 12:36:56.470   362   374 D goldfish-address-space: claimShared: Ask to claim region [0x3fa926000 0x3fb10f000]
10-20 12:36:56.471  3315  3315 D LifecycleMonitor: Lifecycle status change: androidx.test.core.app.InstrumentationActivityInvoker$BootstrapActivity@47e09c1 in: RESUMED
10-20 12:36:56.471   362   374 D goldfish-address-space: claimShared: Ask to claim region [0x3fb10f000 0x3fb8f8000]
10-20 12:36:56.471  3315  3315 V ActivityScenario: Activity lifecycle changed event received but ignored because the intent does not match. startActivityIntent=Intent { act=android.intent.action.MAIN cat=[android.intent.category.LAUNCHER] cmp=com.example.lunchtray/.MainActivity }, activity.getIntent()=Intent { act=android.intent.action.MAIN cat=[android.intent.category.LAUNCHER] flg=0x10008000 cmp=com.example.lunchtray/androidx.test.core.app.InstrumentationActivityInvoker$BootstrapActivity (has extras) }, activity=androidx.test.core.app.InstrumentationActivityInvoker$BootstrapActivity@47e09c1
10-20 12:36:56.471  3315  3315 V ActivityScenario: Activity lifecycle changed event received but ignored because the intent does not match. startActivityIntent=Intent { act=android.intent.action.MAIN cat=[android.intent.category.LAUNCHER] cmp=com.example.lunchtray/.MainActivity }, activity.getIntent()=Intent { act=android.intent.action.MAIN cat=[android.intent.category.LAUNCHER] flg=0x10008000 cmp=com.example.lunchtray/androidx.test.core.app.InstrumentationActivityInvoker$BootstrapActivity (has extras) }, activity=androidx.test.core.app.InstrumentationActivityInvoker$BootstrapActivity@47e09c1
10-20 12:36:56.473  5108  5108 W FontsContract: Platform version of downloadable fonts is deprecated. Please use androidx version instead.
10-20 12:36:56.478  1101  2973 I FontLog : Received query Google Sans, URI content://com.google.android.gms.fonts [CONTEXT service_id=132 ]
10-20 12:36:56.478  1101  2973 I FontLog : Query [Google Sans] resolved to {Google Sans, wdth 100.0, wght 400, ital 0.0, bestEffort false} [CONTEXT service_id=132 ]
10-20 12:36:56.478  3315  3315 D LifecycleMonitor: Lifecycle status change: androidx.test.core.app.InstrumentationActivityInvoker$BootstrapActivity@47e09c1 in: PAUSED
10-20 12:36:56.478  3315  3315 V ActivityScenario: Activity lifecycle changed event received but ignored because the intent does not match. startActivityIntent=Intent { act=android.intent.action.MAIN cat=[android.intent.category.LAUNCHER] cmp=com.example.lunchtray/.MainActivity }, activity.getIntent()=Intent { act=android.intent.action.MAIN cat=[android.intent.category.LAUNCHER] flg=0x10008000 cmp=com.example.lunchtray/androidx.test.core.app.InstrumentationActivityInvoker$BootstrapActivity (has extras) }, activity=androidx.test.core.app.InstrumentationActivityInvoker$BootstrapActivity@47e09c1
10-20 12:36:56.478  3315  3315 V ActivityScenario: Activity lifecycle changed event received but ignored because the intent does not match. startActivityIntent=Intent { act=android.intent.action.MAIN cat=[android.intent.category.LAUNCHER] cmp=com.example.lunchtray/.MainActivity }, activity.getIntent()=Intent { act=android.intent.action.MAIN cat=[android.intent.category.LAUNCHER] flg=0x10008000 cmp=com.example.lunchtray/androidx.test.core.app.InstrumentationActivityInvoker$BootstrapActivity (has extras) }, activity=androidx.test.core.app.InstrumentationActivityInvoker$BootstrapActivity@47e09c1
10-20 12:36:56.490  1101  2973 I FontLog : Font PFD returned from cache for {Google Sans, wdth 100.0, wght 400, ital 0.0, bestEffort false} [CONTEXT service_id=132 ]
10-20 12:36:56.490  1101  2973 I FontLog : Fetch {Google Sans, wdth 100.0, wght 400, ital 0.0, bestEffort false} end status Status{statusCode=SUCCESS, resolution=null} [CONTEXT service_id=132 ]
10-20 12:36:56.494  3315  3315 D LifecycleMonitor: Lifecycle status change: com.example.lunchtray.MainActivity@ae33043 in: PRE_ON_CREATE
10-20 12:36:56.495  3315  3315 V ActivityScenario: Activity lifecycle changed event received but ignored because the reported transition was not ON_CREATE while the last known transition was DESTROYED
10-20 12:36:56.495  3315  3315 V ActivityScenario: Activity lifecycle changed event received but ignored because the reported transition was not ON_CREATE while the last known transition was PRE_ON_CREATE
10-20 12:36:56.533  3315  3315 D LifecycleMonitor: Lifecycle status change: com.example.lunchtray.MainActivity@ae33043 in: CREATED
10-20 12:36:56.533  3315  3315 V ActivityScenario: Update currentActivityStage to CREATED, currentActivity=com.example.lunchtray.MainActivity@ae33043
10-20 12:36:56.533  3315  3315 V ActivityScenario: Update currentActivityStage to CREATED, currentActivity=com.example.lunchtray.MainActivity@ae33043
10-20 12:36:56.536  1101  2973 I FontLog : Pulling font file for id = 6, cache size = 6 [CONTEXT service_id=132 ]
10-20 12:36:56.538  3315  3315 D LifecycleMonitor: Lifecycle status change: com.example.lunchtray.MainActivity@ae33043 in: STARTED
10-20 12:36:56.539  3315  3315 V ActivityScenario: Update currentActivityStage to STARTED, currentActivity=com.example.lunchtray.MainActivity@ae33043
10-20 12:36:56.539  3315  3315 V ActivityScenario: Update currentActivityStage to STARTED, currentActivity=com.example.lunchtray.MainActivity@ae33043
10-20 12:36:56.541  3315  3315 D LifecycleMonitor: Lifecycle status change: com.example.lunchtray.MainActivity@ae33043 in: RESUMED
10-20 12:36:56.541  3315  3315 V ActivityScenario: Update currentActivityStage to RESUMED, currentActivity=com.example.lunchtray.MainActivity@ae33043
10-20 12:36:56.541  3315  3315 V ActivityScenario: Update currentActivityStage to RESUMED, currentActivity=com.example.lunchtray.MainActivity@ae33043
10-20 12:36:56.559   530  1123 D WifiNl80211Manager: Scan result ready event
10-20 12:36:56.566  3315  3315 D LifecycleMonitor: Lifecycle status change: androidx.test.core.app.InstrumentationActivityInvoker$BootstrapActivity@47e09c1 in: STOPPED
10-20 12:36:56.566  3315  3315 V ActivityScenario: Activity lifecycle changed event received but ignored because the intent does not match. startActivityIntent=Intent { act=android.intent.action.MAIN cat=[android.intent.category.LAUNCHER] cmp=com.example.lunchtray/.MainActivity }, activity.getIntent()=Intent { act=android.intent.action.MAIN cat=[android.intent.category.LAUNCHER] flg=0x10008000 cmp=com.example.lunchtray/androidx.test.core.app.InstrumentationActivityInvoker$BootstrapActivity (has extras) }, activity=androidx.test.core.app.InstrumentationActivityInvoker$BootstrapActivity@47e09c1
10-20 12:36:56.566  3315  3315 V ActivityScenario: Activity lifecycle changed event received but ignored because the intent does not match. startActivityIntent=Intent { act=android.intent.action.MAIN cat=[android.intent.category.LAUNCHER] cmp=com.example.lunchtray/.MainActivity }, activity.getIntent()=Intent { act=android.intent.action.MAIN cat=[android.intent.category.LAUNCHER] flg=0x10008000 cmp=com.example.lunchtray/androidx.test.core.app.InstrumentationActivityInvoker$BootstrapActivity (has extras) }, activity=androidx.test.core.app.InstrumentationActivityInvoker$BootstrapActivity@47e09c1
10-20 12:36:56.569  5108  5108 I AlarmClock: AlarmInitReceiver android.intent.action.BOOT_COMPLETED
10-20 12:36:56.570  5108  5126 I PrimesTesting: GserviceFlagsSupplier.get()
10-20 12:36:56.583   530  1123 D WifiNative: Scan result ready event
10-20 12:36:56.597   362   374 D goldfish-address-space: claimShared: Ask to claim region [0x3f9421000 0x3f9c0a000]
10-20 12:36:56.620   362   374 D goldfish-address-space: claimShared: Ask to claim region [0x3fd7bb000 0x3fdfa4000]
10-20 12:36:56.621   362   374 D goldfish-address-space: claimShared: Ask to claim region [0x3fdfa4000 0x3fe78d000]
10-20 12:36:56.637   530   943 D ConnectivityService: ConnectivityService NetworkRequestInfo binderDied(uid/pid:10092/4004, android.os.BinderProxy@93c94f4)
10-20 12:36:56.638   530  1163 D ConnectivityService: ConnectivityService NetworkRequestInfo binderDied(uid/pid:10092/4004, android.os.BinderProxy@ce5f41d)
10-20 12:36:56.639   344   344 I Zygote  : Process 4479 exited due to signal 9 (Killed)
10-20 12:36:56.644   344   344 I Zygote  : Process 4004 exited due to signal 9 (Killed)
10-20 12:36:56.657  3315  3315 D RootViewPicker: Root not ready - waiting: 10ms for one to appear.
10-20 12:36:56.658  1171  1171 D BoundBrokerSvc: onUnbind: Intent { act=com.google.android.gms.checkin.START pkg=com.google.android.gms }
10-20 12:36:56.660   530   579 I libprocessgroup: Successfully killed process cgroup uid 1000 pid 3748 in 0ms
10-20 12:36:56.669   530   579 I libprocessgroup: Successfully killed process cgroup uid 2000 pid 4479 in 0ms
10-20 12:36:56.684  1279  1279 I GoogleInputMethodService: GoogleInputMethodService.onFinishInput():3420
10-20 12:36:56.684  1279  1279 I GoogleInputMethodService: GoogleInputMethodService.onStartInput():2002
10-20 12:36:56.685   530   566 I ActivityTaskManager: Displayed com.example.lunchtray/.MainActivity: +304ms
10-20 12:36:56.690  1279  1279 I DeviceUnlockedTag: DeviceUnlockedTag.notifyDeviceLockStatusChanged():31 Notify device unlocked.
10-20 12:36:56.694  3315  3315 I ViewInteraction: Performing 'single click' action on view view.getId() is <2131231208/com.example.lunchtray:id/start_order_btn>
10-20 12:36:56.925   407   407 W SurfaceFlinger: couldn't log to binary event log: overflow.
10-20 12:36:56.925   407   407 W SurfaceFlinger: couldn't log to binary event log: overflow.
10-20 12:36:56.954  1171  1171 D BoundBrokerSvc: onUnbind: Intent { act=com.google.android.gms.constellation.service.START pkg=com.google.android.gms }
10-20 12:36:56.962   530  2263 W InputManager-JNI: Input channel object '95e16a6 Splash Screen com.example.lunchtray (client)' was disposed without first being removed with the input manager!
10-20 12:36:57.021   787   848 D EGL_emulation: app_time_stats: avg=129.63ms min=2.10ms max=223.08ms count=9
10-20 12:36:57.097  3315  3315 I ViewInteraction: Performing 'single click' action on view view.getId() is <2131230844/com.example.lunchtray:id/cauliflower>
10-20 12:36:57.116  2327  2327 I Finsky  : [2] imi.apply(10): Accounts synced successfully.
10-20 12:36:57.116  2327  2327 I Finsky  : [2] wja.o(4): SCH: jobFinished: 10-6. TimeElapsed: 1771ms.
10-20 12:36:57.117  2327  2327 I Finsky  : [2] wic.a(3): SCH: Job 10-6 finished. Not rescheduling.
10-20 12:36:57.117  2327  2327 I Finsky  : [2] wic.m(10): SCH: Running job: 10-14
10-20 12:36:57.117  2327  2327 I Finsky  : [2] InstantAppsEnabledStatusSyncHygieneJob.a(2): Instant App status sync triggered from migrated hygiene.
10-20 12:36:57.118  2327  2327 I Finsky  : [2] wib.handleMessage(29): SCH: RunningQueue size: 4, PendingQueue size: 32
10-20 12:36:57.118  2327  2327 I Finsky  : [2] wib.handleMessage(32): SCH: Running queue: 10-3 10-8 10-12 10-14
10-20 12:36:57.123  2327  3000 I Finsky  : [59] owp.call(7): Enqueue status sync job.
10-20 12:36:57.141  2327  3000 I Finsky  : [59] wja.o(4): SCH: jobFinished: 10-14. TimeElapsed: 24ms.
10-20 12:36:57.187  1101  1101 D BoundBrokerSvc: onBind: Intent { act=com.google.android.gms.instantapps.START pkg=com.google.android.gms }
10-20 12:36:57.187  1101  1101 D BoundBrokerSvc: Loading bound service for intent: Intent { act=com.google.android.gms.instantapps.START pkg=com.google.android.gms }
10-20 12:36:57.219  4026  4156 I Finsky:instant_app_inst: [49] EnabledStatusSyncService.d(1): Running status sync job.
10-20 12:36:57.221  2327  2327 I Finsky  : [2] wic.a(3): SCH: Job 10-14 finished. Not rescheduling.
10-20 12:36:57.222  2327  2327 I Finsky  : [2] wic.m(10): SCH: Running job: 10-15
10-20 12:36:57.223  2327  2327 I Finsky  : [2] wib.handleMessage(29): SCH: RunningQueue size: 4, PendingQueue size: 31
10-20 12:36:57.223  2327  2327 I Finsky  : [2] wib.handleMessage(32): SCH: Running queue: 10-3 10-8 10-12 10-15
10-20 12:36:57.267  2327  5072 I Finsky  : [174] wja.o(4): SCH: jobFinished: 10-15. TimeElapsed: 45ms.
10-20 12:36:57.277  2327  2327 I Finsky  : [2] wic.a(3): SCH: Job 10-15 finished. Not rescheduling.
10-20 12:36:57.309  4026  5145 W t_app_installe: Accessing hidden field Ljava/util/Collections$SynchronizedCollection;->mutex:Ljava/lang/Object; (max-target-o, reflection, denied)
10-20 12:36:57.309  4026  5145 W t_app_installe: Accessing hidden method Ljava/util/Collections$SynchronizedSet;-><init>(Ljava/util/Set;Ljava/lang/Object;)V (max-target-o, reflection, denied)
10-20 12:36:57.309  4026  5145 W t_app_installe: Accessing hidden method Ljava/util/Collections$SynchronizedCollection;-><init>(Ljava/util/Collection;Ljava/lang/Object;)V (max-target-o, reflection, denied)
10-20 12:36:57.323  2327  2327 I Finsky  : [2] wic.m(10): SCH: Running job: 10-18
10-20 12:36:57.327  2327  2327 I Finsky  : [2] wib.handleMessage(29): SCH: RunningQueue size: 4, PendingQueue size: 30
10-20 12:36:57.327  2327  2327 I Finsky  : [2] wib.handleMessage(32): SCH: Running queue: 10-3 10-8 10-12 10-18
10-20 12:36:57.416  3315  3315 I ViewInteraction: Performing 'single click' action on view view.getId() is <2131230842/com.example.lunchtray:id/cancel_button>
10-20 12:36:57.469  2327  2999 I Finsky  : [58] wja.o(4): SCH: jobFinished: 10-18. TimeElapsed: 146ms.
10-20 12:36:57.470  2327  2327 I Finsky  : [2] wic.a(3): SCH: Job 10-18 finished. Not rescheduling.
10-20 12:36:57.548  4026  4026 D PhenotypeUpdateService: onCreate called
10-20 12:36:57.573  4026  5156 D PhenotypeUpdateService: Registering with Phenotype
10-20 12:36:57.645  4026  4156 I Finsky:instant_app_inst: [49] EnabledStatusSyncService.d(6): Instant App enabled status=true
10-20 12:36:57.755  4026  4156 I Finsky:instant_app_inst: [49] ose.c(10): GmsCore device enabled query successful
10-20 12:36:57.755  4026  4156 I Finsky:instant_app_inst: [49] ose.c(11): GmsCore device enabled state mismatched newState=true
10-20 12:36:57.765  3315  3315 I ViewInteraction: Performing 'single click' action on view view.getId() is <2131231208/com.example.lunchtray:id/start_order_btn>
10-20 12:36:57.768  2327  2327 I Finsky  : [2] wic.m(10): SCH: Running job: 10-20
10-20 12:36:57.781  3315  3370 D EGL_emulation: app_time_stats: avg=20.04ms min=1.55ms max=183.93ms count=50
10-20 12:36:57.796  2327  2327 I Finsky  : [2] DeferredVpaNotificationHygieneJob.a(1): Start Vpa Service for Deferred Setup Notification
10-20 12:36:57.836  2327  2327 I Finsky  : [2] DeferredVpaNotificationHygieneJob.a(5): setup::PAI: Should show PAI step because required PAIs not yet processed
10-20 12:36:57.865  2327  2327 I Finsky  : [2] wja.o(4): SCH: jobFinished: 10-20. TimeElapsed: 96ms.
10-20 12:36:57.865  2327  2327 I Finsky  : [2] wib.handleMessage(29): SCH: RunningQueue size: 4, PendingQueue size: 29
10-20 12:36:57.865  2327  2327 I Finsky  : [2] wib.handleMessage(32): SCH: Running queue: 10-3 10-8 10-12 10-20
10-20 12:36:57.867  2327  2327 I Finsky  : [2] VpaService.onStartCommand(2): setup::PAI: VpaService is called for vpaservice://startvpafordeferredsetupnotification (pending launches = 0)
10-20 12:36:57.867  2327  2327 I Finsky  : [2] VpaService.onStartCommand(8): Setup Notification: show VpaService notification with id=42864
10-20 12:36:58.022  4026  4156 I Finsky:instant_app_inst: [49] ose.c(16): GmsCore device enabled write successful
10-20 12:36:58.111  4026  4191 I PlayCommon: [53] alhz.k(22): Preparing logs for uploading
10-20 12:36:58.124  2327  2327 I Finsky  : [2] wic.a(3): SCH: Job 10-20 finished. Not rescheduling.
10-20 12:36:58.178   787   848 D EGL_emulation: app_time_stats: avg=192.74ms min=160.16ms max=207.90ms count=6
10-20 12:36:58.182  2327  2327 E Finsky  : [2] xoc.H(2): Early update wasn't run
10-20 12:36:58.192  3315  3315 I ViewInteraction: Checking 'MatchesViewAssertion{viewMatcher=(view has effective visibility <VISIBLE> and view.getGlobalVisibleRect() to return non-empty rectangle)}' assertion on view an instance of android.widget.TextView and view.getText() with or without transformation to match: is "Subtotal: $0.00"
10-20 12:36:58.193  3315  3354 I TestRunner: finished: order_reset_after_cancel_from_entree_menu(com.example.lunchtray.OrderFunctionalityTests)
