10-20 12:36:35.910  3315  3354 I TestRunner: started: navigate_to_entree_menu_from_start_order(com.example.lunchtray.NavigationTests)
10-20 12:36:35.918  3315  3354 W Settings: Setting always_finish_activities has moved from android.provider.Settings.System to android.provider.Settings.Global, returning read-only value.
10-20 12:36:35.926  2327  3465 D HeterodyneSyncer: Heterodyne Response: # aoow@edaef5f6
10-20 12:36:35.926  2327  3465 D HeterodyneSyncer: 5: 1697635560
10-20 12:36:35.927  2327  3465 I Finsky  : [106] mor.b(1): Received Heterodyne sync response. StatusCode=200
10-20 12:36:35.931  2327  3465 D HeterodyneSyncer: update last fetch to 1697804702
10-20 12:36:35.931  2327  3465 D HeterodyneSyncer: Update request tag - changed
10-20 12:36:35.934  2327  3465 D HeterodyneSyncer: update application tag, changed: com.google.android.finsky.regular, 82594910, , 0
10-20 12:36:35.935  2327  3465 D HeterodyneSyncer: Clearing partition: 0
10-20 12:36:35.935  2327  3465 D HeterodyneSyncer: updateFlag: com.google.android.finsky.regular, 82594910, 0, , AcquirePurchaseCodegen__kill_switch_include_request_token_for_every_request
10-20 12:36:35.935  2327  3465 D HeterodyneSyncer: updateFlag: com.google.android.finsky.regular, 82594910, 0, , AcquirePurchaseCodegen__kill_switch_set_request_creation_client_timestamp
10-20 12:36:35.935  2327  3465 D HeterodyneSyncer: updateFlag: com.google.android.finsky.regular, 82594910, 0, , AcquisitionFlow__enable_forward_acquiring_package_as_calling_package
10-20 12:36:35.935  2327  3465 D HeterodyneSyncer: updateFlag: com.google.android.finsky.regular, 82594910, 0, , AcquisitionFlow__enable_request_token_and_acquisition_id
10-20 12:36:35.935  2327  3465 D HeterodyneSyncer: updateFlag: com.google.android.finsky.regular, 82594910, 0, , AdInstallbarShortPostInstall__is_enabled
10-20 12:36:35.936  2327  3465 D HeterodyneSyncer: updateFlag: com.google.android.finsky.regular, 82594910, 0, , AlleyOopV3Whitelisting__enable_overlay_test_app
10-20 12:36:35.936  2327  3465 D HeterodyneSyncer: updateFlag: com.google.android.finsky.regular, 82594910, 0, , AppContentServiceContentFetcherSettings__get_home_stream_timeout_in_millis
10-20 12:36:35.936  2327  3465 D HeterodyneSyncer: updateFlag: com.google.android.finsky.regular, 82594910, 0, , AppContentServiceContentFetcherSettings__package_name_map
10-20 12:36:35.936  2327  3465 D HeterodyneSyncer: updateFlag: com.google.android.finsky.regular, 82594910, 0, , AppDependencyInstall__enable_request_install_access_filter
10-20 12:36:35.936  2327  3465 D HeterodyneSyncer: updateFlag: com.google.android.finsky.regular, 82594910, 0, , AppEngageServiceSettings__third_party_content_provider_allowlist
10-20 12:36:35.936  2327  3465 D HeterodyneSyncer: updateFlag: com.google.android.finsky.regular, 82594910, 0, , AppHeroCard__respect_autoplay_setting_in_instant_card
10-20 12:36:35.937  2327  3465 D HeterodyneSyncer: updateFlag: com.google.android.finsky.regular, 82594910, 0, , AppHeroCard__respect_instant_app_launch_key
10-20 12:36:35.937  2327  3465 D HeterodyneSyncer: updateFlag: com.google.android.finsky.regular, 82594910, 0, , AppHeroCard__right_align_editorial_text_view_in_rtl
10-20 12:36:35.937  2327  3465 D HeterodyneSyncer: updateFlag: com.google.android.finsky.regular, 82594910, 0, , ArtProfiles__art_upload_installed_app_info
10-20 12:36:35.937  2327  3465 D HeterodyneSyncer: updateFlag: com.google.android.finsky.regular, 82594910, 0, , AssetModules__asset_module_destructive_autoupdates
10-20 12:36:35.937  2327  3465 D HeterodyneSyncer: updateFlag: com.google.android.finsky.regular, 82594910, 0, , AssetModules__asset_module_destructive_autoupdates_min_priority
10-20 12:36:35.937  2327  3465 D HeterodyneSyncer: updateFlag: com.google.android.finsky.regular, 82594910, 0, , AssetModules__asset_module_destructive_autoupdates_package_controller
10-20 12:36:35.938  2327  3465 D HeterodyneSyncer: updateFlag: com.google.android.finsky.regular, 82594910, 0, , AssetModules__asset_module_patching_enabled
10-20 12:36:35.938  2327  3465 D HeterodyneSyncer: updateFlag: com.google.android.finsky.regular, 82594910, 0, , AssetModules__asset_only_updates_client
10-20 12:36:35.938  2327  3465 D HeterodyneSyncer: updateFlag: com.google.android.finsky.regular, 82594910, 0, , AssetModules__extraction_service_anr_bugfix
10-20 12:36:35.938  2327  3465 D HeterodyneSyncer: updateFlag: com.google.android.finsky.regular, 82594910, 0, , AssetModules__fix_session_restoring_for_app_data_clear
10-20 12:36:35.938  2327  3465 D HeterodyneSyncer: updateFlag: com.google.android.finsky.regular, 82594910, 0, , AssetModules__killswitch_asset_module_size_preprocessor
10-20 12:36:35.938  2327  3465 D HeterodyneSyncer: updateFlag: com.google.android.finsky.regular, 82594910, 0, , AssetModules__old_extraction_logic_version_controller
10-20 12:36:35.939  2327  3465 D HeterodyneSyncer: updateFlag: com.google.android.finsky.regular, 82594910, 0, , AssetModules__play_core_size_check_buffer_bugfix
10-20 12:36:35.939  2327  3465 D HeterodyneSyncer: updateFlag: com.google.android.finsky.regular, 82594910, 0, , AssetModules__resend_resource_manager_callbacks_when_recycling_session
10-20 12:36:35.939  2327  3465 D HeterodyneSyncer: updateFlag: com.google.android.finsky.regular, 82594910, 0, , AssetModules__respect_phonesky_download_preferences_persistent
10-20 12:36:35.939  2327  3465 D HeterodyneSyncer: updateFlag: com.google.android.finsky.regular, 82594910, 0, , AssetModules__stop_bundle_information_killswitch
10-20 12:36:35.939  2327  3465 D HeterodyneSyncer: updateFlag: com.google.android.finsky.regular, 82594910, 0, , AssetModules__use_extractor_stream
10-20 12:36:35.939  2327  3465 D HeterodyneSyncer: updateFlag: com.google.android.finsky.regular, 82594910, 0, , AutoUpdateCodegen__cancel_queued_auto_installs_when_disable_auto_update
10-20 12:36:35.939  2327  3465 D HeterodyneSyncer: updateFlag: com.google.android.finsky.regular, 82594910, 0, , AutoUpdateCodegen__enable_auto_update_ar
10-20 12:36:35.940  2327  3465 D HeterodyneSyncer: updateFlag: com.google.android.finsky.regular, 82594910, 0, , AutoUpdateCodegen__enable_dark_launch_call_autoupdate_before_bulkdetails
10-20 12:36:35.940  2327  3465 D HeterodyneSyncer: updateFlag: com.google.android.finsky.regular, 82594910, 0, , AutoUpdateCodegen__enable_isotope_server_policy
10-20 12:36:35.940  2327  3465 D HeterodyneSyncer: updateFlag: com.google.android.finsky.regular, 82594910, 0, , AutoUpdateCodegen__enable_phenotype_rapid_auto_update_listing
10-20 12:36:35.940  2327  3465 D HeterodyneSyncer: updateFlag: com.google.android.finsky.regular, 82594910, 0, , AutoUpdateCodegen__enable_phone_kiosk_mode_server_policy
10-20 12:36:35.940  2327  3465 D HeterodyneSyncer: updateFlag: com.google.android.finsky.regular, 82594910, 0, , AutoUpdateCodegen__enable_update_checker_dfe_notification
10-20 12:36:35.940  2327  3465 D HeterodyneSyncer: updateFlag: com.google.android.finsky.regular, 82594910, 0, , AutoUpdateCodegen__killswitch_mainline_rollout_policy_on_autoupdate
10-20 12:36:35.941  2327  3465 D HeterodyneSyncer: updateFlag: com.google.android.finsky.regular, 82594910, 0, , AutoUpdateCodegen__log_skipped_auto_update_allowed_packages
10-20 12:36:35.941  2327  3465 D HeterodyneSyncer: updateFlag: com.google.android.finsky.regular, 82594910, 0, , AutoUpdateCodegen__read_client_update_discovered_timestamp
10-20 12:36:35.942  2327  3465 D HeterodyneSyncer: updateFlag: com.google.android.finsky.regular, 82594910, 0, , AutoUpdateCodegen__relax_dark_launch_splitid_comparison_with_inclusion
10-20 12:36:35.942  2327  3465 D HeterodyneSyncer: updateFlag: com.google.android.finsky.regular, 82594910, 0, , AutoUpdateCodegen__request_server_staleness_info
10-20 12:36:35.942  2327  3465 D HeterodyneSyncer: updateFlag: com.google.android.finsky.regular, 82594910, 0, , AutoUpdateCodegen__switch_to_autoupdate_endpoint
10-20 12:36:35.942  2327  3465 D HeterodyneSyncer: updateFlag: com.google.android.finsky.regular, 82594910, 0, , AutoUpdate__enable_used_stale_apps_reporting
10-20 12:36:35.942  2327  3465 D HeterodyneSyncer: updateFlag: com.google.android.finsky.regular, 82594910, 0, , AutoUpdate__skip_gmscore_canary_check
10-20 12:36:35.942  2327  3465 D HeterodyneSyncer: updateFlag: com.google.android.finsky.regular, 82594910, 0, , AutoUpdate__update_aia_supervisor_on_wifi
10-20 12:36:35.942  2327  3465 D HeterodyneSyncer: updateFlag: com.google.android.finsky.regular, 82594910, 0, , AutoplayVideos__send_youtube_update_notification
10-20 12:36:35.943  2327  3465 D HeterodyneSyncer: updateFlag: com.google.android.finsky.regular, 82594910, 0, , AutoplayVideos__use_restricted_api_key
10-20 12:36:35.943  2327  3465 D HeterodyneSyncer: updateFlag: com.google.android.finsky.regular, 82594910, 0, , AvoidBulkCancelNetworkRequests__avoid_bulk_cancel_deep_links_and_details_requests
10-20 12:36:35.943  2327  3465 D HeterodyneSyncer: updateFlag: com.google.android.finsky.regular, 82594910, 0, , AvoidBulkCancelNetworkRequests__avoid_bulk_cancel_image_requests
10-20 12:36:35.943  2327  3465 D HeterodyneSyncer: updateFlag: com.google.android.finsky.regular, 82594910, 0, , BooksBundles__enable_series_bundles
10-20 12:36:35.944  2327  3465 D HeterodyneSyncer: updateFlag: com.google.android.finsky.regular, 82594910, 0, , ButtonAnimation__enable_button_animation
10-20 12:36:35.944  2327  3465 D HeterodyneSyncer: updateFlag: com.google.android.finsky.regular, 82594910, 0, , ButtonMinWidth__reduce_button_min_width
10-20 12:36:35.944  2327  3465 D HeterodyneSyncer: updateFlag: com.google.android.finsky.regular, 82594910, 0, , CacheOptimizations__enable_cache_pruning
10-20 12:36:35.944  2327  3465 D HeterodyneSyncer: updateFlag: com.google.android.finsky.regular, 82594910, 0, , ConfirmPriceChange__enable_bottomsheet
10-20 12:36:35.944  2327  3465 D HeterodyneSyncer: updateFlag: com.google.android.finsky.regular, 82594910, 0, , CrosLauncher__enable_cros_launcher_search_prototype
10-20 12:36:35.944  2327  3465 D HeterodyneSyncer: updateFlag: com.google.android.finsky.regular, 82594910, 0, , CrossProfile__enable_pause_app_updates_cross_profile
10-20 12:36:35.944  2327  3465 D HeterodyneSyncer: updateFlag: com.google.android.finsky.regular, 82594910, 0, , DataSubscription__use_is_network_roaming
10-20 12:36:35.944  2327  3465 D HeterodyneSyncer: updateFlag: com.google.android.finsky.regular, 82594910, 0, , DataSubscription__use_subscription_info
10-20 12:36:35.945  2327  3465 D HeterodyneSyncer: updateFlag: com.google.android.finsky.regular, 82594910, 0, , DataSubscription__use_subscription_info_changed_listener
10-20 12:36:35.945  2327  3465 D HeterodyneSyncer: updateFlag: com.google.android.finsky.regular, 82594910, 0, , DeepLinkDpPreload__preload_details_doc
10-20 12:36:35.945  2327  3465 D HeterodyneSyncer: updateFlag: com.google.android.finsky.regular, 82594910, 0, , DeepLink__main_activity_ldl_logging
10-20 12:36:35.945  2327  3465 D HeterodyneSyncer: updateFlag: com.google.android.finsky.regular, 82594910, 0, , DeepLinksDiversion__divert_regular_market_deep_links_to_alley_oop
10-20 12:36:35.945  2327  3465 D HeterodyneSyncer: updateFlag: com.google.android.finsky.regular, 82594910, 0, , DependencyInjection__use_stream_component
10-20 12:36:35.945  2327  3465 D HeterodyneSyncer: updateFlag: com.google.android.finsky.regular, 82594910, 0, , DetailPageLogging__enable_detail_page_load_end_new_computation
10-20 12:36:35.946  2327  3465 D HeterodyneSyncer: updateFlag: com.google.android.finsky.regular, 82594910, 0, , DetailsPageActionButtonsPositionProvider__enable_position_provider
10-20 12:36:35.946  2327  3465 D HeterodyneSyncer: updateFlag: com.google.android.finsky.regular, 82594910, 0, , DeviceAppInfo__log_device_app_info_in_session_data
10-20 12:36:35.946  2327  3465 D HeterodyneSyncer: updateFlag: com.google.android.finsky.regular, 82594910, 0, , DeviceConfig__dynamic_config_save_consistency_token
10-20 12:36:35.946  2327  3465 D HeterodyneSyncer: updateFlag: com.google.android.finsky.regular, 82594910, 0, , DeviceConfig__enable_firebase_id
10-20 12:36:35.946  2327  3465 D HeterodyneSyncer: updateFlag: com.google.android.finsky.regular, 82594910, 0, , DeviceConfig__enable_firebase_service
10-20 12:36:35.947  2327  3465 D HeterodyneSyncer: updateFlag: com.google.android.finsky.regular, 82594910, 0, , DeviceConfig__enable_managing_app_device_admin
10-20 12:36:35.947  2327  3465 D HeterodyneSyncer: updateFlag: com.google.android.finsky.regular, 82594910, 0, , DeviceConfig__remove_device_config_from_headers
10-20 12:36:35.947  2327  3465 D HeterodyneSyncer: updateFlag: com.google.android.finsky.regular, 82594910, 0, , DeviceConfig__remove_is_token_required
10-20 12:36:35.947  2327  3465 D HeterodyneSyncer: updateFlag: com.google.android.finsky.regular, 82594910, 0, , DeviceConfig__sim_change_dynamic_config_max_delay_sec
10-20 12:36:35.947  2327  3465 D HeterodyneSyncer: updateFlag: com.google.android.finsky.regular, 82594910, 0, , DeviceConfig__sim_change_dynamic_config_min_delay_sec
10-20 12:36:35.947  2327  3465 D HeterodyneSyncer: updateFlag: com.google.android.finsky.regular, 82594910, 0, , DeviceConfig__upload_fallback_sim_carrier_id
10-20 12:36:35.947  2327  3465 D HeterodyneSyncer: updateFlag: com.google.android.finsky.regular, 82594910, 0, , DeviceConfig__upload_playax_client_id
10-20 12:36:35.947  2327  3465 D HeterodyneSyncer: updateFlag: com.google.android.finsky.regular, 82594910, 0, , DeviceConfig__upload_playtx_client_id
10-20 12:36:35.948  2327  3465 D HeterodyneSyncer: updateFlag: com.google.android.finsky.regular, 82594910, 0, , DeviceConfig__upload_sim_carrier_id
10-20 12:36:35.948  2327  3465 D HeterodyneSyncer: updateFlag: com.google.android.finsky.regular, 82594910, 0, , DeviceHealthMonitor__uninstall_suggestions_notification_variant_b
10-20 12:36:35.948  2327  3465 D HeterodyneSyncer: updateFlag: com.google.android.finsky.regular, 82594910, 0, , DeviceSettings__enable_device_settings
10-20 12:36:35.948  2327  3465 D HeterodyneSyncer: updateFlag: com.google.android.finsky.regular, 82594910, 0, , DeviceSetup__late_sim_pai_notification
10-20 12:36:35.948  2327  3465 D HeterodyneSyncer: updateFlag: com.google.android.finsky.regular, 82594910, 0, , DialogBuilder__kill_switch_default_paint_flags
10-20 12:36:35.949  2327  3465 D HeterodyneSyncer: updateFlag: com.google.android.finsky.regular, 82594910, 0, , DialogBuilder__kill_switch_refresh_retains_saved_instance_bundle
10-20 12:36:35.949  2327  3465 D HeterodyneSyncer: updateFlag: com.google.android.finsky.regular, 82594910, 0, , DialogBuilder__kill_switch_refresh_retains_visibility_tag
10-20 12:36:35.949  2327  3465 D HeterodyneSyncer: updateFlag: com.google.android.finsky.regular, 82594910, 0, , DialogComponentReregisterListenerApiFix__is_enabled
10-20 12:36:35.950  2327  3465 D HeterodyneSyncer: updateFlag: com.google.android.finsky.regular, 82594910, 0, , DialogComponent__enable_migration_to_dialog_component_phase_2
10-20 12:36:35.950  2327  3465 D HeterodyneSyncer: updateFlag: com.google.android.finsky.regular, 82594910, 0, , DialogcomponentMigrationPhase2__is_enabled
10-20 12:36:35.951  2327  3465 D HeterodyneSyncer: updateFlag: com.google.android.finsky.regular, 82594910, 0, , DownloadManager__complete_download_when_status_success
10-20 12:36:35.952  2327  3465 D HeterodyneSyncer: updateFlag: com.google.android.finsky.regular, 82594910, 0, , DownloadManager__filter_installer_listener_updates
10-20 12:36:35.952  2327  3465 D HeterodyneSyncer: updateFlag: com.google.android.finsky.regular, 82594910, 0, , DownloadManager__killswitch_update_progress_on_broadcasts
10-20 12:36:35.953  2327  3465 D HeterodyneSyncer: updateFlag: com.google.android.finsky.regular, 82594910, 0, , DownloadManager__recover_downloads_in_resource_manager
10-20 12:36:35.953  2327  3465 D HeterodyneSyncer: updateFlag: com.google.android.finsky.regular, 82594910, 0, , DownloadManager__specify_query_projection
10-20 12:36:35.953  2327  3465 D HeterodyneSyncer: updateFlag: com.google.android.finsky.regular, 82594910, 0, , DynamicSplitsCodegen__check_app_ownership_on_playcore_install
10-20 12:36:35.953  2327  3465 D HeterodyneSyncer: updateFlag: com.google.android.finsky.regular, 82594910, 0, , DynamicSplitsCodegen__remove_old_split_markers
10-20 12:36:35.953  2327  3465 D HeterodyneSyncer: updateFlag: com.google.android.finsky.regular, 82594910, 0, , EcChoice__allow_back_to_return_home
10-20 12:36:35.953  2327  3465 D HeterodyneSyncer: updateFlag: com.google.android.finsky.regular, 82594910, 0, , EcChoice__show_guidance_page_web_view
10-20 12:36:35.953  2327  3465 D HeterodyneSyncer: updateFlag: com.google.android.finsky.regular, 82594910, 0, , EcChoice__show_no_thanks_on_cta
10-20 12:36:35.954  2327  3465 D HeterodyneSyncer: updateFlag: com.google.android.finsky.regular, 82594910, 0, , EnableClearcutEnforcementLogInAutoscan__is_enabled
10-20 12:36:35.955  2327  3465 D HeterodyneSyncer: updateFlag: com.google.android.finsky.regular, 82594910, 0, , EnableLvlV2ServerFallback__is_enabled
10-20 12:36:35.955  2327  3465 D HeterodyneSyncer: updateFlag: com.google.android.finsky.regular, 82594910, 0, , EnableWorkManagerAllegro__is_enabled
10-20 12:36:35.956  2327  3465 D HeterodyneSyncer: updateFlag: com.google.android.finsky.regular, 82594910, 0, , EnableZeroPrefixServerSuggest__disable_listener_for_non_background_request_if_miss_cache
10-20 12:36:35.956  2327  3465 D HeterodyneSyncer: updateFlag: com.google.android.finsky.regular, 82594910, 0, , EnableZeroPrefixServerSuggest__enable_zero_prefix_latency_tolerant_request
10-20 12:36:35.956  2327  3465 D HeterodyneSyncer: updateFlag: com.google.android.finsky.regular, 82594910, 0, , EnterpriseClientPolicySync__allow_enterprise_installs_before_run_final_hold
10-20 12:36:35.956  2327  3465 D HeterodyneSyncer: updateFlag: com.google.android.finsky.regular, 82594910, 0, , EnterpriseClientPolicySync__enable_cross_profile_cope_policy
10-20 12:36:35.956  2327  3465 D HeterodyneSyncer: updateFlag: com.google.android.finsky.regular, 82594910, 0, , EnterpriseClientPolicySync__request_token_config_before_client_policy_sync
10-20 12:36:35.957  2327  3465 D HeterodyneSyncer: updateFlag: com.google.android.finsky.regular, 82594910, 0, , EnterpriseClientPolicySync__trigger_on_account_added
10-20 12:36:35.957  2327  3465 D HeterodyneSyncer: updateFlag: com.google.android.finsky.regular, 82594910, 0, , EnterpriseClientPolicySync__trigger_on_managing_app_changed
10-20 12:36:35.957  2327  3465 D HeterodyneSyncer: updateFlag: com.google.android.finsky.regular, 82594910, 0, , EnterpriseClientPolicySync__wait_for_user_settings
10-20 12:36:35.957  2327  3465 D HeterodyneSyncer: updateFlag: com.google.android.finsky.regular, 82594910, 0, , EventTasks__enable_notify_sim_state_listeners_event_job_logic
10-20 12:36:35.957  2327  3465 D HeterodyneSyncer: updateFlag: com.google.android.finsky.regular, 82594910, 0, , EventTasks__enable_sim_state_changed_event
10-20 12:36:35.957  2327  3465 D HeterodyneSyncer: updateFlag: com.google.android.finsky.regular, 82594910, 0, , ExperimentFramework__reset_stale_experiments_status_on_clear_cache_callback
10-20 12:36:35.958  2327  3465 D HeterodyneSyncer: updateFlag: com.google.android.finsky.regular, 82594910, 0, , ExposureNotificationClient__ms_delay_for_fallback_apps
10-20 12:36:35.958  2327  3465 D HeterodyneSyncer: updateFlag: com.google.android.finsky.regular, 82594910, 0, , ExposureNotificationClient__version_regex
10-20 12:36:35.958  2327  3465 D HeterodyneSyncer: updateFlag: com.google.android.finsky.regular, 82594910, 0, , FilledStyleButtonRipple__enable_filled_style_button_ripple_fix
10-20 12:36:35.958  2327  3465 D HeterodyneSyncer: updateFlag: com.google.android.finsky.regular, 82594910, 0, , FreeAcquire__enable_bottom_sheet_sweeper
10-20 12:36:35.958  2327  3465 D HeterodyneSyncer: updateFlag: com.google.android.finsky.regular, 82594910, 0, , GooglePlayProtect__enable_blocking_executor_for_install_verification
10-20 12:36:35.958  2327  3465 D HeterodyneSyncer: updateFlag: com.google.android.finsky.regular, 82594910, 0, , GooglePlayProtect__enable_gpp_pha_slice
10-20 12:36:35.958  2327  3465 D HeterodyneSyncer: updateFlag: com.google.android.finsky.regular, 82594910, 0, , GooglePlayProtect__enable_play_protect_snackbar
10-20 12:36:35.958  2327  3465 D HeterodyneSyncer: updateFlag: com.google.android.finsky.regular, 82594910, 0, , HypePanel__enable_hype_panel
10-20 12:36:35.958  2327  3465 D HeterodyneSyncer: updateFlag: com.google.android.finsky.regular, 82594910, 0, , IconUniformity__enable_legacy_scaling_treatment
10-20 12:36:35.959  2327  3465 D HeterodyneSyncer: updateFlag: com.google.android.finsky.regular, 82594910, 0, , IconUniformity__enable_legacy_treatment
10-20 12:36:35.959  2327  3465 D HeterodyneSyncer: updateFlag: com.google.android.finsky.regular, 82594910, 0, , IconUniformity__enable_vx_treatment
10-20 12:36:35.960  2327  3465 D HeterodyneSyncer: updateFlag: com.google.android.finsky.regular, 82594910, 0, , ImmersiveAdsBanner__enable_counting_button_click_as_card_click
10-20 12:36:35.960  2327  3465 D HeterodyneSyncer: updateFlag: com.google.android.finsky.regular, 82594910, 0, , ImmersiveAdsBanner__enable_hide_immersive_banner_action_button
10-20 12:36:35.960  2327  3465 D HeterodyneSyncer: updateFlag: com.google.android.finsky.regular, 82594910, 0, , ImmersiveAdsBanner__enable_install_bar_on_immersive_banner
10-20 12:36:35.961  2327  3465 D HeterodyneSyncer: updateFlag: com.google.android.finsky.regular, 82594910, 0, , InAppBillingLogging__enable_iab_get_sku_details_logging
10-20 12:36:35.961  2327  3465 D HeterodyneSyncer: updateFlag: com.google.android.finsky.regular, 82594910, 0, , InAppBillingLogging__enable_iab_is_billing_supported_logging
10-20 12:36:35.961  2327  3465 D HeterodyneSyncer: updateFlag: com.google.android.finsky.regular, 82594910, 0, , InAppBilling__add_library_version_to_extra_param
10-20 12:36:35.961  2327  3465 D HeterodyneSyncer: updateFlag: com.google.android.finsky.regular, 82594910, 0, , InAppBilling__enable_ack_purchase
10-20 12:36:35.961  2327  3465 D HeterodyneSyncer: updateFlag: com.google.android.finsky.regular, 82594910, 0, , InAppBilling__enable_ack_purchase_logging
10-20 12:36:35.961  2327  3465 D HeterodyneSyncer: updateFlag: com.google.android.finsky.regular, 82594910, 0, , InAppBilling__enable_debug_messages
10-20 12:36:35.961  2327  3465 D HeterodyneSyncer: updateFlag: com.google.android.finsky.regular, 82594910, 0, , InAppBilling__enable_pending_purchases
10-20 12:36:35.961  2327  3465 D HeterodyneSyncer: updateFlag: com.google.android.finsky.regular, 82594910, 0, , InAppBilling__read_response_code_from_iab_error
10-20 12:36:35.961  2327  3465 D HeterodyneSyncer: updateFlag: com.google.android.finsky.regular, 82594910, 0, , InAppBilling__read_response_code_from_iab_error_in_app_purchase_history
10-20 12:36:35.962  2327  3465 D HeterodyneSyncer: updateFlag: com.google.android.finsky.regular, 82594910, 0, , InAppBilling__read_response_code_from_iab_error_sku_details
10-20 12:36:35.962  2327  3465 D HeterodyneSyncer: updateFlag: com.google.android.finsky.regular, 82594910, 0, , InAppMessaging__enable_iab_show_in_app_messages
10-20 12:36:35.962  2327  3465 D HeterodyneSyncer: updateFlag: com.google.android.finsky.regular, 82594910, 0, , InAppMessaging__enable_iab_show_in_app_messages_logging
10-20 12:36:35.962  2327  3465 D HeterodyneSyncer: updateFlag: com.google.android.finsky.regular, 82594910, 0, , InlineVideo__enable_video_landing_page_logging_fix
10-20 12:36:35.962  2327  3465 D HeterodyneSyncer: updateFlag: com.google.android.finsky.regular, 82594910, 0, , InstallAttribution__enable_dse_inform_install_attribution
10-20 12:36:35.962  2327  3465 D HeterodyneSyncer: updateFlag: com.google.android.finsky.regular, 82594910, 0, , InstallReferrer__disable_external_referrer_from_installer_data_store
10-20 12:36:35.962  2327  3465 D HeterodyneSyncer: updateFlag: com.google.android.finsky.regular, 82594910, 0, , InstallReferrer__enable_install_referrer_attestation
10-20 12:36:35.962  2327  3465 D HeterodyneSyncer: updateFlag: com.google.android.finsky.regular, 82594910, 0, , InstallReferrer__enable_ping_referrer_on_remote_install
10-20 12:36:35.962  2327  3465 D HeterodyneSyncer: updateFlag: com.google.android.finsky.regular, 82594910, 0, , InstallReferrer__enable_preregistration_timestamp_in_install_referrer
10-20 12:36:35.963  2327  3465 D HeterodyneSyncer: updateFlag: com.google.android.finsky.regular, 82594910, 0, , InstallerCodegen__allow_oncomplete_in_start_apk_state
10-20 12:36:35.963  2327  3465 D HeterodyneSyncer: updateFlag: com.google.android.finsky.regular, 82594910, 0, , InstallerCodegen__disable_update_preview_app
10-20 12:36:35.963  2327  3465 D HeterodyneSyncer: updateFlag: com.google.android.finsky.regular, 82594910, 0, , InstallerCodegen__enable_default_uninstall_observer
10-20 12:36:35.963  2327  3465 D HeterodyneSyncer: updateFlag: com.google.android.finsky.regular, 82594910, 0, , InstallerCodegen__enable_file_by_file_recursive
10-20 12:36:35.965  2327  3465 D HeterodyneSyncer: updateFlag: com.google.android.finsky.regular, 82594910, 0, , InstallerCodegen__enable_get_installer_progress_from_installstatus
10-20 12:36:35.965  2327  3465 D HeterodyneSyncer: updateFlag: com.google.android.finsky.regular, 82594910, 0, , InstallerCodegen__enable_install_time_split_check
10-20 12:36:35.965  2327  3465 D HeterodyneSyncer: updateFlag: com.google.android.finsky.regular, 82594910, 0, , InstallerCodegen__enable_multi_version_apk_cache
10-20 12:36:35.965  2327  3465 D HeterodyneSyncer: updateFlag: com.google.android.finsky.regular, 82594910, 0, , InstallerCodegen__enable_restore_from_cache
10-20 12:36:35.965  2327  3465 D HeterodyneSyncer: updateFlag: com.google.android.finsky.regular, 82594910, 0, , InstallerCodegen__enable_version_update_checker_v2
10-20 12:36:35.965  2327  3465 D HeterodyneSyncer: updateFlag: com.google.android.finsky.regular, 82594910, 0, , InstallerCodegen__enable_wtf_on_untracked_session_in_copy
10-20 12:36:35.966  2327  3465 D HeterodyneSyncer: updateFlag: com.google.android.finsky.regular, 82594910, 0, , InstallerCodegen__load_installstatus_when_start
10-20 12:36:35.966  2327  3465 D HeterodyneSyncer: updateFlag: com.google.android.finsky.regular, 82594910, 0, , InstallerCodegen__preserve_full_constraints_in_install_request
10-20 12:36:35.966  2327  3465 D HeterodyneSyncer: updateFlag: com.google.android.finsky.regular, 82594910, 0, , Installer__enable_shared_library_support
10-20 12:36:35.966  2327  3465 D HeterodyneSyncer: updateFlag: com.google.android.finsky.regular, 82594910, 0, , Installer__install_error_double_logging_fix
10-20 12:36:35.966  2327  3465 D HeterodyneSyncer: updateFlag: com.google.android.finsky.regular, 82594910, 0, , Installer__install_queue_cancel_inactive
10-20 12:36:35.966  2327  3465 D HeterodyneSyncer: updateFlag: com.google.android.finsky.regular, 82594910, 0, , InstantAppsFlavors__read_flavor_id_from_launch_api_request
10-20 12:36:35.966  2327  3465 D HeterodyneSyncer: updateFlag: com.google.android.finsky.regular, 82594910, 0, , InstantAppsOneClickInstall__always_use_quick_install_experience
10-20 12:36:35.966  2327  3465 D HeterodyneSyncer: updateFlag: com.google.android.finsky.regular, 82594910, 0, , InstantAppsOneClickInstall__enable_instant_apps_one_click_install
10-20 12:36:35.966  2327  3465 D HeterodyneSyncer: updateFlag: com.google.android.finsky.regular, 82594910, 0, , InstantAppsSupervisor__killswitch_remove_supervisor_on_o
10-20 12:36:35.966  2327  3465 D HeterodyneSyncer: updateFlag: com.google.android.finsky.regular, 82594910, 0, , InstantAppsTryNowVisibility__enable_instant_apps_launch_button_for_users_on_holdback
10-20 12:36:35.966  2327  3465 D HeterodyneSyncer: updateFlag: com.google.android.finsky.regular, 82594910, 0, , InstantCartClientCacheBoost__ignore_developer_id
10-20 12:36:35.966  2327  3465 D HeterodyneSyncer: updateFlag: com.google.android.finsky.regular, 82594910, 0, , InstantCart__enable_books_in_store_item_prefetch
10-20 12:36:35.967  2327  3465 D HeterodyneSyncer: updateFlag: com.google.android.finsky.regular, 82594910, 0, , InstantCart__enable_cached_response_for_offer_disambiguation_acquire
10-20 12:36:35.967  2327  3465 D HeterodyneSyncer: updateFlag: com.google.android.finsky.regular, 82594910, 0, , InternalSharing__enable_fix_account_selection_for_installed_internally_shared_apps
10-20 12:36:35.967  2327  3465 D HeterodyneSyncer: updateFlag: com.google.android.finsky.regular, 82594910, 0, , KidsAlleyOop__enable_description_module_details
10-20 12:36:35.967  2327  3465 D HeterodyneSyncer: updateFlag: com.google.android.finsky.regular, 82594910, 0, , LatchskyPushNotifications__enable_unauth_notifications
10-20 12:36:35.967  2327  3465 D HeterodyneSyncer: updateFlag: com.google.android.finsky.regular, 82594910, 0, , LatencySequencerRedesign__custom_dimens_enabled_features
10-20 12:36:35.968  2472  2790 D EGL_emulation: eglCreateContext: 0x703ab789f810: maj 3 min 0 rcv 3
10-20 12:36:35.973  2327  3465 D HeterodyneSyncer: updateFlag: com.google.android.finsky.regular, 82594910, 0, , LibraryModule__db_disk_image_malformed_treatment
10-20 12:36:35.973  3315  3315 D LifecycleMonitor: Lifecycle status change: androidx.test.core.app.InstrumentationActivityInvoker$BootstrapActivity@a0c233c in: PRE_ON_CREATE
10-20 12:36:35.973  2327  3465 D HeterodyneSyncer: updateFlag: com.google.android.finsky.regular, 82594910, 0, , Libraryentryignoredoctype__is_enabled
10-20 12:36:35.973  3315  3315 V ActivityScenario: Activity lifecycle changed event received but ignored because the intent does not match. startActivityIntent=Intent { act=android.intent.action.MAIN cat=[android.intent.category.LAUNCHER] cmp=com.example.lunchtray/androidx.fragment.app.testing.FragmentScenario$EmptyFragmentActivity (has extras) }, activity.getIntent()=Intent { act=android.intent.action.MAIN cat=[android.intent.category.LAUNCHER] flg=0x10008000 cmp=com.example.lunchtray/androidx.test.core.app.InstrumentationActivityInvoker$BootstrapActivity (has extras) }, activity=androidx.test.core.app.InstrumentationActivityInvoker$BootstrapActivity@a0c233c
10-20 12:36:35.973  2327  3465 D HeterodyneSyncer: updateFlag: com.google.android.finsky.regular, 82594910, 0, , LogPageTypeInMainActivity__log_page_type_in_main_activity
10-20 12:36:35.973  3315  3315 V ActivityScenario: Activity lifecycle changed event received but ignored because the intent does not match. startActivityIntent=Intent { act=android.intent.action.MAIN cat=[android.intent.category.LAUNCHER] cmp=com.example.lunchtray/androidx.fragment.app.testing.FragmentScenario$EmptyFragmentActivity (has extras) }, activity.getIntent()=Intent { act=android.intent.action.MAIN cat=[android.intent.category.LAUNCHER] flg=0x10008000 cmp=com.example.lunchtray/androidx.test.core.app.InstrumentationActivityInvoker$BootstrapActivity (has extras) }, activity=androidx.test.core.app.InstrumentationActivityInvoker$BootstrapActivity@a0c233c
10-20 12:36:35.973  3315  3315 V ActivityScenario: Activity lifecycle changed event received but ignored because the intent does not match. startActivityIntent=Intent { act=android.intent.action.MAIN cat=[android.intent.category.LAUNCHER] cmp=com.example.lunchtray/androidx.fragment.app.testing.FragmentScenario$EmptyFragmentActivity (has extras) }, activity.getIntent()=Intent { act=android.intent.action.MAIN cat=[android.intent.category.LAUNCHER] flg=0x10008000 cmp=com.example.lunchtray/androidx.test.core.app.InstrumentationActivityInvoker$BootstrapActivity (has extras) }, activity=androidx.test.core.app.InstrumentationActivityInvoker$BootstrapActivity@a0c233c
10-20 12:36:35.973  2327  3465 D HeterodyneSyncer: updateFlag: com.google.android.finsky.regular, 82594910, 0, , LogPlayProtectClicksInPlayAnalytics__is_enabled
10-20 12:36:35.973  3315  3315 V ActivityScenario: Activity lifecycle changed event received but ignored because the intent does not match. startActivityIntent=Intent { act=android.intent.action.MAIN cat=[android.intent.category.LAUNCHER] cmp=com.example.lunchtray/androidx.fragment.app.testing.FragmentScenario$EmptyFragmentActivity (has extras) }, activity.getIntent()=Intent { act=android.intent.action.MAIN cat=[android.intent.category.LAUNCHER] flg=0x10008000 cmp=com.example.lunchtray/androidx.test.core.app.InstrumentationActivityInvoker$BootstrapActivity (has extras) }, activity=androidx.test.core.app.InstrumentationActivityInvoker$BootstrapActivity@a0c233c
10-20 12:36:35.973  3315  3315 V ActivityScenario: Activity lifecycle changed event received but ignored because the intent does not match. startActivityIntent=Intent { act=android.intent.action.MAIN cat=[android.intent.category.LAUNCHER] cmp=com.example.lunchtray/androidx.fragment.app.testing.FragmentScenario$EmptyFragmentActivity (has extras) }, activity.getIntent()=Intent { act=android.intent.action.MAIN cat=[android.intent.category.LAUNCHER] flg=0x10008000 cmp=com.example.lunchtray/androidx.test.core.app.InstrumentationActivityInvoker$BootstrapActivity (has extras) }, activity=androidx.test.core.app.InstrumentationActivityInvoker$BootstrapActivity@a0c233c
10-20 12:36:35.973  2327  3465 D HeterodyneSyncer: updateFlag: com.google.android.finsky.regular, 82594910, 0, , LootDrop__enable_account_api_return_value
10-20 12:36:35.974  3315  3315 V ActivityScenario: Activity lifecycle changed event received but ignored because the intent does not match. startActivityIntent=Intent { act=android.intent.action.MAIN cat=[android.intent.category.LAUNCHER] cmp=com.example.lunchtray/androidx.fragment.app.testing.FragmentScenario$EmptyFragmentActivity (has extras) }, activity.getIntent()=Intent { act=android.intent.action.MAIN cat=[android.intent.category.LAUNCHER] flg=0x10008000 cmp=com.example.lunchtray/androidx.test.core.app.InstrumentationActivityInvoker$BootstrapActivity (has extras) }, activity=androidx.test.core.app.InstrumentationActivityInvoker$BootstrapActivity@a0c233c
10-20 12:36:35.974  2327  3465 D HeterodyneSyncer: updateFlag: com.google.android.finsky.regular, 82594910, 0, , LoyaltyInToolbar__add_tier_icon_to_account_disc
10-20 12:36:35.974  2327  3465 D HeterodyneSyncer: updateFlag: com.google.android.finsky.regular, 82594910, 0, , Loyalty__enable_lottie_on_loyalty_home
10-20 12:36:35.976  2327  3465 D HeterodyneSyncer: updateFlag: com.google.android.finsky.regular, 82594910, 0, , Loyalty__enable_lottie_on_purchase_dialog
10-20 12:36:35.976  2327  3465 D HeterodyneSyncer: updateFlag: com.google.android.finsky.regular, 82594910, 0, , Loyalty__load_details_page_ribbon_icon_from_server
10-20 12:36:35.976  2327  3465 D HeterodyneSyncer: updateFlag: com.google.android.finsky.regular, 82594910, 0, , MetadataView__enable_search_result_page_migration
10-20 12:36:35.976  2327  3465 D HeterodyneSyncer: updateFlag: com.google.android.finsky.regular, 82594910, 0, , MetadataView__use_migrated_vertically_stacked_cluster
10-20 12:36:35.976  2327  3465 D HeterodyneSyncer: updateFlag: com.google.android.finsky.regular, 82594910, 0, , MyAppsAssistCard__SHOW_ASSIST_CARD_DISMISSAL_UNDO_SNACKBAR
10-20 12:36:35.976  2327  3465 D HeterodyneSyncer: updateFlag: com.google.android.finsky.regular, 82594910, 0, , NativeBrotliCompression__native_brotli_compressed_fbf_patches_targeting_conroller
10-20 12:36:35.976  2327  3465 D HeterodyneSyncer: updateFlag: com.google.android.finsky.regular, 82594910, 0, , NotificationClickability__disable_opt_out_user
10-20 12:36:35.976  2327  3465 D HeterodyneSyncer: updateFlag: com.google.android.finsky.regular, 82594910, 0, , NotificationClickability__enable_hygiene
10-20 12:36:35.977  2327  3465 D HeterodyneSyncer: updateFlag: com.google.android.finsky.regular, 82594910, 0, , NotificationClickability__enable_outstanding_update_ablation
10-20 12:36:35.977  2327  3465 D HeterodyneSyncer: updateFlag: com.google.android.finsky.regular, 82594910, 0, , NotificationClickability__enable_report_stats
10-20 12:36:35.977  2327  3465 D HeterodyneSyncer: updateFlag: com.google.android.finsky.regular, 82594910, 0, , NotificationClickability__enable_signal_gc
10-20 12:36:35.977  2327  3465 D HeterodyneSyncer: updateFlag: com.google.android.finsky.regular, 82594910, 0, , NotificationClickability__enable_successful_update_ablation
10-20 12:36:35.977  2327  3465 D HeterodyneSyncer: updateFlag: com.google.android.finsky.regular, 82594910, 0, , Notifications__dedup_impressions
10-20 12:36:35.977  2327  3465 D HeterodyneSyncer: updateFlag: com.google.android.finsky.regular, 82594910, 0, , Notifications__disable_updates_completion_channel_shrinking
10-20 12:36:35.977  2327  3465 D HeterodyneSyncer: updateFlag: com.google.android.finsky.regular, 82594910, 0, , Notifications__enable_excluding_notification_updates
10-20 12:36:35.977  2327  3465 D HeterodyneSyncer: updateFlag: com.google.android.finsky.regular, 82594910, 0, , Notifications__enable_notification_for_apps_with_active_subscriptions_v2
10-20 12:36:35.978  2327  3465 D HeterodyneSyncer: updateFlag: com.google.android.finsky.regular, 82594910, 0, , Oauth2__use_oauth2_for_odyssey_requests
10-20 12:36:35.979  2327  3465 D HeterodyneSyncer: updateFlag: com.google.android.finsky.regular, 82594910, 0, , OptimizeDataPrep__enable_activity_resource_cache
10-20 12:36:35.979  2327  3465 D HeterodyneSyncer: updateFlag: com.google.android.finsky.regular, 82594910, 0, , OptimizeDataPrep__enable_preload_youtube_package_state
10-20 12:36:35.979  2327  3465 D HeterodyneSyncer: updateFlag: com.google.android.finsky.regular, 82594910, 0, , OptimizeDataPrep__prepare_data_in_background_for_all_cards
10-20 12:36:35.979  2327  3465 D HeterodyneSyncer: updateFlag: com.google.android.finsky.regular, 82594910, 0, , OutOfAppPurchasableInAppProductFeatures__pass_grantable_voucher_token_to_purchase_flow
10-20 12:36:35.980  2327  3465 D HeterodyneSyncer: updateFlag: com.google.android.finsky.regular, 82594910, 0, , P2p__enable_frosted_apk_copy_to_internal_storage
10-20 12:36:35.980  2327  3465 D HeterodyneSyncer: updateFlag: com.google.android.finsky.regular, 82594910, 0, , P2p__enable_frosting_format_version_evaluate
10-20 12:36:35.980  2327  3465 D HeterodyneSyncer: updateFlag: com.google.android.finsky.regular, 82594910, 0, , P2p__p2p_enable_content_filter_gate
10-20 12:36:35.980  2327  3465 D HeterodyneSyncer: updateFlag: com.google.android.finsky.regular, 82594910, 0, , P2p__p2p_enable_under_eighteen_account_gate
10-20 12:36:35.980  2327  3465 D HeterodyneSyncer: updateFlag: com.google.android.finsky.regular, 82594910, 0, , PageDwellTimeLogging__enable_page_dwell_time_logging
10-20 12:36:35.980  2327  3465 D HeterodyneSyncer: updateFlag: com.google.android.finsky.regular, 82594910, 0, , PaymentsGmsCore__killswitch_disable_megalogs_logging
10-20 12:36:35.980  2327  3465 D HeterodyneSyncer: updateFlag: com.google.android.finsky.regular, 82594910, 0, , PeekableTabLayout__enable_side_padding_and_rtl_alignment_fix
10-20 12:36:35.980  2327  3465 D HeterodyneSyncer: updateFlag: com.google.android.finsky.regular, 82594910, 0, , PhoneskyScheduler__scheduler_job_logging_v2
10-20 12:36:35.980   362   374 D goldfish-address-space: claimShared: Ask to claim region [0x3f4000000 0x3f47e9000]
10-20 12:36:35.980  2327  3465 D HeterodyneSyncer: updateFlag: com.google.android.finsky.regular, 82594910, 0, , PhoneskySetup__enable_all_setup_service_api_usage_logging
10-20 12:36:35.980  2327  3465 D HeterodyneSyncer: updateFlag: com.google.android.finsky.regular, 82594910, 0, , PhoneskySetup__enable_auto_resume_job_recreation
10-20 12:36:35.980  2327  3465 D HeterodyneSyncer: updateFlag: com.google.android.finsky.regular, 82594910, 0, , PhoneskySetup__enable_get_recommended_preinstalls_caller_allowlist
10-20 12:36:35.981  2327  3465 D HeterodyneSyncer: updateFlag: com.google.android.finsky.regular, 82594910, 0, , PlayCore__enable_app_not_owned_error_code
10-20 12:36:35.981  2327  3465 D HeterodyneSyncer: updateFlag: com.google.android.finsky.regular, 82594910, 0, , PlayPass__enable_new_layout_for_primary_nav_header_video
10-20 12:36:35.981  2327  3465 D HeterodyneSyncer: updateFlag: com.google.android.finsky.regular, 82594910, 0, , PlayPass__enable_strike_through_price_on_editorial_page
10-20 12:36:35.981  2327  3465 D HeterodyneSyncer: updateFlag: com.google.android.finsky.regular, 82594910, 0, , PlayProtect__client_datastore_writing_kill_switch
10-20 12:36:35.981  2327  3465 D HeterodyneSyncer: updateFlag: com.google.android.finsky.regular, 82594910, 0, , PlayProtect__client_side_scanning_hygiene_job
10-20 12:36:35.981  2327  3465 D HeterodyneSyncer: updateFlag: com.google.android.finsky.regular, 82594910, 0, , PlayProtect__enable_advanced_protection_approved_apps
10-20 12:36:35.981  2327  3465 D HeterodyneSyncer: updateFlag: com.google.android.finsky.regular, 82594910, 0, , PlayProtect__enable_advanced_protection_auto_enable_gpp
10-20 12:36:35.981  2327  3465 D HeterodyneSyncer: updateFlag: com.google.android.finsky.regular, 82594910, 0, , PlayProtect__enable_android_auto_consent_model
10-20 12:36:35.981  2327  3465 D HeterodyneSyncer: updateFlag: com.google.android.finsky.regular, 82594910, 0, , PlayProtect__enable_auto_approve_advanced_protection_apps_without_sensitive_permissions
10-20 12:36:35.981  2327  3465 D HeterodyneSyncer: updateFlag: com.google.android.finsky.regular, 82594910, 0, , PlayProtect__enable_autodisable_apps_without_notifications
10-20 12:36:35.981  2327  3465 D HeterodyneSyncer: updateFlag: com.google.android.finsky.regular, 82594910, 0, , PlayProtect__enable_chameleon
10-20 12:36:35.982  2327  3465 D HeterodyneSyncer: updateFlag: com.google.android.finsky.regular, 82594910, 0, , PlayProtect__enable_client_datastore_reading
10-20 12:36:35.982  3315  3315 D LifecycleMonitor: Lifecycle status change: androidx.test.core.app.InstrumentationActivityInvoker$BootstrapActivity@a0c233c in: CREATED
10-20 12:36:35.982  2327  3465 D HeterodyneSyncer: updateFlag: com.google.android.finsky.regular, 82594910, 0, , PlayProtect__enable_cltho_telemetry
10-20 12:36:35.982  2327  3465 D HeterodyneSyncer: updateFlag: com.google.android.finsky.regular, 82594910, 0, , PlayProtect__enable_collect_checkbox_consent
10-20 12:36:35.982  3315  3315 V ActivityScenario: Activity lifecycle changed event received but ignored because the intent does not match. startActivityIntent=Intent { act=android.intent.action.MAIN cat=[android.intent.category.LAUNCHER] cmp=com.example.lunchtray/androidx.fragment.app.testing.FragmentScenario$EmptyFragmentActivity (has extras) }, activity.getIntent()=Intent { act=android.intent.action.MAIN cat=[android.intent.category.LAUNCHER] flg=0x10008000 cmp=com.example.lunchtray/androidx.test.core.app.InstrumentationActivityInvoker$BootstrapActivity (has extras) }, activity=androidx.test.core.app.InstrumentationActivityInvoker$BootstrapActivity@a0c233c
10-20 12:36:35.982  2327  3465 D HeterodyneSyncer: updateFlag: com.google.android.finsky.regular, 82594910, 0, , PlayProtect__enable_daily_uninstalls_experiment
10-20 12:36:35.982  3315  3315 V ActivityScenario: Activity lifecycle changed event received but ignored because the intent does not match. startActivityIntent=Intent { act=android.intent.action.MAIN cat=[android.intent.category.LAUNCHER] cmp=com.example.lunchtray/androidx.fragment.app.testing.FragmentScenario$EmptyFragmentActivity (has extras) }, activity.getIntent()=Intent { act=android.intent.action.MAIN cat=[android.intent.category.LAUNCHER] flg=0x10008000 cmp=com.example.lunchtray/androidx.test.core.app.InstrumentationActivityInvoker$BootstrapActivity (has extras) }, activity=androidx.test.core.app.InstrumentationActivityInvoker$BootstrapActivity@a0c233c
10-20 12:36:35.982  3315  3315 V ActivityScenario: Activity lifecycle changed event received but ignored because the intent does not match. startActivityIntent=Intent { act=android.intent.action.MAIN cat=[android.intent.category.LAUNCHER] cmp=com.example.lunchtray/androidx.fragment.app.testing.FragmentScenario$EmptyFragmentActivity (has extras) }, activity.getIntent()=Intent { act=android.intent.action.MAIN cat=[android.intent.category.LAUNCHER] flg=0x10008000 cmp=com.example.lunchtray/androidx.test.core.app.InstrumentationActivityInvoker$BootstrapActivity (has extras) }, activity=androidx.test.core.app.InstrumentationActivityInvoker$BootstrapActivity@a0c233c
10-20 12:36:35.982  2327  3465 D HeterodyneSyncer: updateFlag: com.google.android.finsky.regular, 82594910, 0, , PlayProtect__enable_disable_suspended_play_apps_without_notifications
10-20 12:36:35.982  3315  3315 V ActivityScenario: Activity lifecycle changed event received but ignored because the intent does not match. startActivityIntent=Intent { act=android.intent.action.MAIN cat=[android.intent.category.LAUNCHER] cmp=com.example.lunchtray/androidx.fragment.app.testing.FragmentScenario$EmptyFragmentActivity (has extras) }, activity.getIntent()=Intent { act=android.intent.action.MAIN cat=[android.intent.category.LAUNCHER] flg=0x10008000 cmp=com.example.lunchtray/androidx.test.core.app.InstrumentationActivityInvoker$BootstrapActivity (has extras) }, activity=androidx.test.core.app.InstrumentationActivityInvoker$BootstrapActivity@a0c233c
10-20 12:36:35.982  3315  3315 V ActivityScenario: Activity lifecycle changed event received but ignored because the intent does not match. startActivityIntent=Intent { act=android.intent.action.MAIN cat=[android.intent.category.LAUNCHER] cmp=com.example.lunchtray/androidx.fragment.app.testing.FragmentScenario$EmptyFragmentActivity (has extras) }, activity.getIntent()=Intent { act=android.intent.action.MAIN cat=[android.intent.category.LAUNCHER] flg=0x10008000 cmp=com.example.lunchtray/androidx.test.core.app.InstrumentationActivityInvoker$BootstrapActivity (has extras) }, activity=androidx.test.core.app.InstrumentationActivityInvoker$BootstrapActivity@a0c233c
10-20 12:36:35.982  3315  3315 V ActivityScenario: Activity lifecycle changed event received but ignored because the intent does not match. startActivityIntent=Intent { act=android.intent.action.MAIN cat=[android.intent.category.LAUNCHER] cmp=com.example.lunchtray/androidx.fragment.app.testing.FragmentScenario$EmptyFragmentActivity (has extras) }, activity.getIntent()=Intent { act=android.intent.action.MAIN cat=[android.intent.category.LAUNCHER] flg=0x10008000 cmp=com.example.lunchtray/androidx.test.core.app.InstrumentationActivityInvoker$BootstrapActivity (has extras) }, activity=androidx.test.core.app.InstrumentationActivityInvoker$BootstrapActivity@a0c233c
10-20 12:36:35.982  2327  3465 D HeterodyneSyncer: updateFlag: com.google.android.finsky.regular, 82594910, 0, , PlayProtect__enable_dogfood_for_permission_auto_revocation
10-20 12:36:35.982  2327  3465 D HeterodyneSyncer: updateFlag: com.google.android.finsky.regular, 82594910, 0, , PlayProtect__enable_get_package_info_run_in_background
10-20 12:36:35.982  2327  3465 D HeterodyneSyncer: updateFlag: com.google.android.finsky.regular, 82594910, 0, , PlayProtect__enable_gpp_click_logging_with_clearcut
10-20 12:36:35.982  2327  3465 D HeterodyneSyncer: updateFlag: com.google.android.finsky.regular, 82594910, 0, , PlayProtect__enable_gramophone_downloader_logging
10-20 12:36:35.982  2327  3465 D HeterodyneSyncer: updateFlag: com.google.android.finsky.regular, 82594910, 0, , PlayProtect__enable_gramophone_for_offmarket_install_devices
10-20 12:36:35.982  2327  3465 D HeterodyneSyncer: updateFlag: com.google.android.finsky.regular, 82594910, 0, , PlayProtect__enable_gramophone_models_downloader
10-20 12:36:35.982  3315  3315 D LifecycleMonitor: Lifecycle status change: androidx.test.core.app.InstrumentationActivityInvoker$BootstrapActivity@a0c233c in: STARTED
10-20 12:36:35.982  2327  3465 D HeterodyneSyncer: updateFlag: com.google.android.finsky.regular, 82594910, 0, , PlayProtect__enable_hide_default_on_notification_when_full_on
10-20 12:36:35.983  2327  3465 D HeterodyneSyncer: updateFlag: com.google.android.finsky.regular, 82594910, 0, , PlayProtect__enable_install_diff_logging
10-20 12:36:35.983  3315  3315 V ActivityScenario: Activity lifecycle changed event received but ignored because the intent does not match. startActivityIntent=Intent { act=android.intent.action.MAIN cat=[android.intent.category.LAUNCHER] cmp=com.example.lunchtray/androidx.fragment.app.testing.FragmentScenario$EmptyFragmentActivity (has extras) }, activity.getIntent()=Intent { act=android.intent.action.MAIN cat=[android.intent.category.LAUNCHER] flg=0x10008000 cmp=com.example.lunchtray/androidx.test.core.app.InstrumentationActivityInvoker$BootstrapActivity (has extras) }, activity=androidx.test.core.app.InstrumentationActivityInvoker$BootstrapActivity@a0c233c
10-20 12:36:35.983  3315  3315 V ActivityScenario: Activity lifecycle changed event received but ignored because the intent does not match. startActivityIntent=Intent { act=android.intent.action.MAIN cat=[android.intent.category.LAUNCHER] cmp=com.example.lunchtray/androidx.fragment.app.testing.FragmentScenario$EmptyFragmentActivity (has extras) }, activity.getIntent()=Intent { act=android.intent.action.MAIN cat=[android.intent.category.LAUNCHER] flg=0x10008000 cmp=com.example.lunchtray/androidx.test.core.app.InstrumentationActivityInvoker$BootstrapActivity (has extras) }, activity=androidx.test.core.app.InstrumentationActivityInvoker$BootstrapActivity@a0c233c
10-20 12:36:35.983  2327  3465 D HeterodyneSyncer: updateFlag: com.google.android.finsky.regular, 82594910, 0, , PlayProtect__enable_load_create_install_state_on_blocking_executor
