10-20 12:36:46.632  3209  3312 W BugleRcsEngine: [57] aldi.a: Unable to send provisioning event log
10-20 12:36:46.633  3209  4618 W BugleRcsEngine: [104] alcv.a: No config URL. RCS will be disabled!
10-20 12:36:46.634  3209  4618 I BugleRcsEngine: [104] alsz.d: Checking if using CarrierServices.apk is possible. Enabled: true, isAtLeastM: true, runningInsideBugle: true
10-20 12:36:46.634  3209  4618 W BugleRcsEngine: [104] alsz.g: Carrier Services Apk was not found.
10-20 12:36:46.634  3209  4618 I BugleRcsEngine: [104] alsz.e: Cannot get service version because CS.apk was not found, not pre-loaded or disabled.
10-20 12:36:46.634  3209  4618 W BugleRcsEngine: [104] alsz.e: Service with meta data key: JibeServiceApiVersions is not compatible. Service Version 1 is not supported. Supported versions: []
10-20 12:36:46.636  3209  4618 I BugleRcsEngine: [104] albk.s: Configuration Terms and Conditions consent storage in Bugle is disabled by p/h flag
10-20 12:36:46.636  3209  4618 I BugleRcsEngine: [104] akxz.a: Config state is not ACCEPTED, provisioning still in progress
10-20 12:36:46.636  3209  4618 I BugleRcsEngine: [104] akxz.a: RcsAvailabilityManager: Rcs Availability still DISABLED_VIA_GSERVICES (RCS is disabled for this carrier by Google)
10-20 12:36:46.636  3209  4618 I BugleRcsEngine: [104] aktt.e: (PEv2-SM-55403086): transitionViaMessage, srcState=EnabledState, destState = DisabledState [7517be04-9dc7-4c9e-ba40-3851e1e858ce]
10-20 12:36:46.636  3209  4618 I BugleRcsEngine: [104] aksn.a: Sending ProvisioningEvent to Bugle [Update provisioning status (11)], redacted-pii:[85-chars]
10-20 12:36:46.636  3209  4618 I BugleRcsEngine: [104] alsm.b: EngineBroadcaster: Broadcasting provisioning intent com.google.android.ims.provisioning.engine.provisioningEventAction to Bugle with extras redacted-pii:[243-chars]
10-20 12:36:46.637  3209  4618 I BugleRcsEngine: [104] aktt.e: (PEv2-SM-55403086): EnabledState: Transition to disabled [7517be04-9dc7-4c9e-ba40-3851e1e858ce]
10-20 12:36:46.637  3209  4618 I BugleRcsEngine: [104] aktt.e: (PEv2-SM-55403086): transitionTo: destState=DisabledState [7517be04-9dc7-4c9e-ba40-3851e1e858ce]
10-20 12:36:46.637  3209  4618 I BugleRcsEngine: [104] aktt.e: (PEv2-SM-55403086): onTransitionRequested EnabledState [7517be04-9dc7-4c9e-ba40-3851e1e858ce]
10-20 12:36:46.637  3209  4618 I BugleRcsEngine: [104] aktt.e: (PEv2-SM-55403086): Exit EnabledState [7517be04-9dc7-4c9e-ba40-3851e1e858ce]
10-20 12:36:46.637  3209  4618 I BugleRcsEngine: [104] aktt.e: (PEv2-SM-55403086): Enter DisabledState [7517be04-9dc7-4c9e-ba40-3851e1e858ce]
10-20 12:36:46.638  3209  3295 I BugleRcsEngine: [54] akxz.a: Bugle has minimum required RCS permissions: true
10-20 12:36:46.641  3209  3334 W BugleRcsEngine: [65] ajnl.z: Unable to send diagnostic log
10-20 12:36:46.643  3209  4624 W BugleRcsEngine: [110] ajnl.z: Unable to send diagnostic log
10-20 12:36:46.644  3209  4618 I BugleRcsEngine: [104] aldv.p: Provisioning state change [STATE_UNKNOWN -> CONFIGURATION UPDATED SUCCESSFULLY]
10-20 12:36:46.644  3209  4618 I BugleRcsEngine: [104] aksn.a: Sending ProvisioningEvent to Bugle [Update provisioning status (11)], redacted-pii:[85-chars]
10-20 12:36:46.644  3209  4618 I BugleRcsEngine: [104] alsm.b: EngineBroadcaster: Broadcasting provisioning intent com.google.android.ims.provisioning.engine.provisioningEventAction to Bugle with extras redacted-pii:[243-chars]
10-20 12:36:46.644  3209  4620 I BugleRcsEngine: [106] ajje.handleMessage: RCS engine STOP RCS stack
10-20 12:36:46.644  3209  4620 I BugleRcsEngine: [106] alsz.d: Checking if using CarrierServices.apk is possible. Enabled: true, isAtLeastM: true, runningInsideBugle: true
10-20 12:36:46.645  3209  4620 W BugleRcsEngine: [106] alsz.g: Carrier Services Apk was not found.
10-20 12:36:46.645  3209  4620 I BugleRcsEngine: [106] alsz.e: Cannot get service version because CS.apk was not found, not pre-loaded or disabled.
10-20 12:36:46.645  3209  4620 W BugleRcsEngine: [106] alsz.e: Service with meta data key: JibeServiceApiVersions is not compatible. Service Version 1 is not supported. Supported versions: []
10-20 12:36:46.645  3209  4618 I BugleRcsEngine: [104] akxz.a: RcsAvailabilityManager: Calculating Rcs Availability
10-20 12:36:46.650  3209  4619 I BugleRcsEngine: [105] alod.j: (Sim): Processing an intent
10-20 12:36:46.650  3209  4619 I BugleRcsEngine: [105] alod.w: (Sim): Ignoring duplicate SIM state: LOADED
10-20 12:36:46.651  3209  4618 I BugleRcsEngine: [104] albk.b: Bugle is default SMS app: true
10-20 12:36:46.652  3209  4618 I BugleRcsEngine: [104] akxz.a: Bugle has minimum required RCS permissions: true
10-20 12:36:46.652  3209  3295 I BugleRcsEngine: [54] albk.a: Rcs is enabled from user settings: true
10-20 12:36:46.653  3209  3295 W BugleRcsEngine: [54] alcv.a: No config URL. RCS will be disabled!
10-20 12:36:46.654  3209  3295 I BugleRcsEngine: [54] alsz.d: Checking if using CarrierServices.apk is possible. Enabled: true, isAtLeastM: true, runningInsideBugle: true
10-20 12:36:46.654  3209  4618 I BugleRcsEngine: [104] albk.a: Rcs is enabled from user settings: true
10-20 12:36:46.654  3209  4618 W BugleRcsEngine: [104] alcv.a: No config URL. RCS will be disabled!
10-20 12:36:46.655  3209  4618 I BugleRcsEngine: [104] alsz.d: Checking if using CarrierServices.apk is possible. Enabled: true, isAtLeastM: true, runningInsideBugle: true
10-20 12:36:46.655  3209  4618 W BugleRcsEngine: [104] alsz.g: Carrier Services Apk was not found.
10-20 12:36:46.655  3209  4618 I BugleRcsEngine: [104] alsz.e: Cannot get service version because CS.apk was not found, not pre-loaded or disabled.
10-20 12:36:46.655  3209  4618 W BugleRcsEngine: [104] alsz.e: Service with meta data key: JibeServiceApiVersions is not compatible. Service Version 1 is not supported. Supported versions: []
10-20 12:36:46.656  3209  3295 W BugleRcsEngine: [54] alsz.g: Carrier Services Apk was not found.
10-20 12:36:46.657  3209  4618 I BugleRcsEngine: [104] albk.s: Configuration Terms and Conditions consent storage in Bugle is disabled by p/h flag
10-20 12:36:46.657  3209  4618 I BugleRcsEngine: [104] akxz.a: Config state is not ACCEPTED, provisioning still in progress
10-20 12:36:46.657  3209  4618 I BugleRcsEngine: [104] akxz.a: RcsAvailabilityManager: Rcs Availability still DISABLED_VIA_GSERVICES (RCS is disabled for this carrier by Google)
10-20 12:36:46.657  3209  3295 I BugleRcsEngine: [54] alsz.e: Cannot get service version because CS.apk was not found, not pre-loaded or disabled.
10-20 12:36:46.658  3209  3295 W BugleRcsEngine: [54] alsz.e: Service with meta data key: JibeServiceApiVersions is not compatible. Service Version 1 is not supported. Supported versions: []
10-20 12:36:46.658  3209  3295 I BugleRcsEngine: [54] albk.s: Configuration Terms and Conditions consent storage in Bugle is disabled by p/h flag
10-20 12:36:46.658  3209  3295 I BugleRcsEngine: [54] akxz.a: Config state is not ACCEPTED, provisioning still in progress
10-20 12:36:46.658  3209  3295 I BugleRcsEngine: [54] akxz.a: RcsAvailabilityManager: Rcs Availability still DISABLED_VIA_GSERVICES (RCS is disabled for this carrier by Google)
10-20 12:36:46.658  2923  4018 I BugleRcs: RcsAvailabilityUpdaterRemote: updateRcsAvailabilityPostProcess, Get Updated RcsAvailability, RcsAvailability: DISABLED_VIA_GSERVICES, SimId: redacted-pii[20-chars]
10-20 12:36:46.660  2923  2970 I BugleRcsProvisioning: RcsProvisioningTrigger: onRcsAvailabilityUpdate : availability is updated to RCS is disabled for this carrier by Google, lastAvailability is null, simId hash = 2997323696324879093, isPev3Enabled = false
10-20 12:36:46.661  2923  2923 I RcsClientLib: Disconnecting SignupService
10-20 12:36:46.665  3209  3209 I BugleRcsEngine: [2] RcsEngineProxyImpl.destroyRcsEngine: RcsEngineProxy: Destroy RCS Engine.
10-20 12:36:46.668  3209  3209 E BugleRcsEngine: [2] alok.a: TelephonyChangeReceiver is not registered.
10-20 12:36:46.669  3209  3209 I BugleRcsEngine: [2] EventHubProxy.unsubscribe: Removing event listener 18900301 for category 8 for hub ENGINE
10-20 12:36:46.670  3209  3209 I BugleRcsEngine: [2] aktt.e: (PEv2-SM-55403086): quit [null]
10-20 12:36:46.670  3209  4618 I BugleRcsEngine: [104] aktt.e: (PEv2-SM-55403086): transitionTo: destState=akbb [null]
10-20 12:36:46.670  3209  4618 I BugleRcsEngine: [104] aktt.e: (PEv2-SM-55403086): Exit DisabledState [null]
10-20 12:36:46.671  3209  4618 W BugleRcsEngine: [104] aktt.c: (PEv2-SM-55403086): onQuitting [null]
10-20 12:36:46.671  3209  4618 I BugleRcsEngine: [104] akxz.a: RcsAvailabilityManager: Calculating Rcs Availability
10-20 12:36:46.671  3209  3334 W BugleRcsEngine: [65] ajnl.z: Unable to send diagnostic log
10-20 12:36:46.672  3209  3209 D ConnectivityManager: NetworkCallback was already unregistered
10-20 12:36:46.672  3209  3209 I BugleRcsEngine: [2] ajsa.c: Destroying JibeServiceComponent
10-20 12:36:46.675  3209  4618 I BugleRcsEngine: [104] albk.b: Bugle is default SMS app: true
10-20 12:36:46.683  3209  4618 I BugleRcsEngine: [104] akxz.a: Bugle has minimum required RCS permissions: true
10-20 12:36:46.684  3209  4618 I BugleRcsEngine: [104] albk.a: Rcs is enabled from user settings: true
10-20 12:36:46.684  3209  4618 W BugleRcsEngine: [104] alcv.a: No config URL. RCS will be disabled!
10-20 12:36:46.684  3209  4618 I BugleRcsEngine: [104] alsz.d: Checking if using CarrierServices.apk is possible. Enabled: true, isAtLeastM: true, runningInsideBugle: true
10-20 12:36:46.685  3209  4618 W BugleRcsEngine: [104] alsz.g: Carrier Services Apk was not found.
10-20 12:36:46.685  3209  4618 I BugleRcsEngine: [104] alsz.e: Cannot get service version because CS.apk was not found, not pre-loaded or disabled.
10-20 12:36:46.685  3209  4618 W BugleRcsEngine: [104] alsz.e: Service with meta data key: JibeServiceApiVersions is not compatible. Service Version 1 is not supported. Supported versions: []
10-20 12:36:46.685  3209  4618 I BugleRcsEngine: [104] albk.s: Configuration Terms and Conditions consent storage in Bugle is disabled by p/h flag
10-20 12:36:46.686  3209  4618 I BugleRcsEngine: [104] akxz.a: Config state is not ACCEPTED, provisioning still in progress
10-20 12:36:46.686  3209  4618 I BugleRcsEngine: [104] akxz.a: RcsAvailabilityManager: Rcs Availability still DISABLED_VIA_GSERVICES (RCS is disabled for this carrier by Google)
10-20 12:36:46.694  1101  2708 I atyb    : Removed 0 invalid users [CONTEXT service_id=51 ]
10-20 12:36:46.796  4004  4047 D PhenotypeContext: Application doesn't implement PhenotypeApplication interface, falling back to globally set context. See go/phenotype-flag#process-stable-init for more info.
10-20 12:36:46.803  4004  4625 D PhenotypeContext: Application doesn't implement PhenotypeApplication interface, falling back to globally set context. See go/phenotype-flag#process-stable-init for more info.
10-20 12:36:46.805  4004  4047 W ProtoDataStoreFlagStore: Unable to retrieve flag snapshot for com.google.android.libraries.performance.primes#com.google.android.setupwizard, using defaults.
10-20 12:36:46.824  4004  4004 V ClearcutMetricXmitter: Transmission is done.
10-20 12:36:46.927  3315  3315 I ViewInteraction: Performing 'single click' action on view view.getId() is <2131231081/com.example.lunchtray:id/next_button>
10-20 12:36:47.049  3962  4072 W ProtoDataStoreFlagStore: Unable to retrieve flag snapshot for com.google.android.libraries.performance.primes#com.google.android.apps.docs, using defaults.
10-20 12:36:47.129   469   469 D mediaserver: Time zone APEX ICU file found: /apex/com.android.tzdata/etc/icu/icu_tzdata.dat
10-20 12:36:47.129   469   469 D mediaserver: I18n APEX ICU file found: /apex/com.android.i18n/etc/icu/icudt68l.dat
10-20 12:36:47.269  3315  3315 I ViewInteraction: Performing 'single click' action on view view.getId() is <2131231187/com.example.lunchtray:id/soup>
10-20 12:36:47.329  3315  3370 D EGL_emulation: app_time_stats: avg=25.37ms min=10.59ms max=199.25ms count=44
10-20 12:36:47.629  3315  3315 I ViewInteraction: Performing 'single click' action on view view.getId() is <2131231081/com.example.lunchtray:id/next_button>
10-20 12:36:47.715  1468  1632 W MediaProvider: getVolumePath for unknown volume: internal
10-20 12:36:47.717  1468  1632 W MediaProvider: getVolumePath for unknown volume: internal
10-20 12:36:47.718  1468  1632 W MediaProvider: getVolumePath for unknown volume: internal
10-20 12:36:47.728  1101  1101 D BoundBrokerSvc: onUnbind: Intent { act=com.google.android.gms.auth.proximity.START cmp=com.google.android.gms/.chimera.PersistentBoundBrokerService }
10-20 12:36:47.956  3315  3315 I ViewInteraction: Performing 'single click' action on view view.getId() is <2131230835/com.example.lunchtray:id/bread>
10-20 12:36:48.217   209   852 I keystore2: keystore2::watchdog: Watchdog thread idle -> terminating. Have a great day.
10-20 12:36:48.263  1101  1660 I atxs    : Scheduling Phenotype for a PhenotypeSyncImmediately(12, com.google.android.finsky.instantapps) one off with window [1, 2] in seconds [CONTEXT service_id=51 ]
10-20 12:36:48.264  3315  3315 I ViewInteraction: Performing 'single click' action on view view.getId() is <2131230842/com.example.lunchtray:id/cancel_button>
10-20 12:36:48.283  4026  4026 D CompatibilityChangeReporter: Compat change id reported: 119147584; UID 10103; state: ENABLED
10-20 12:36:48.329  3315  3370 D EGL_emulation: app_time_stats: avg=21.20ms min=12.83ms max=199.32ms count=47
10-20 12:36:48.333  1101  1660 I atxs    : Scheduling Phenotype for a PhenotypeSyncImmediately(6, com.google.android.apps.maps) one off with window [1, 2] in seconds [CONTEXT service_id=51 ]
10-20 12:36:48.353  1101  1660 I atxs    : Scheduling Phenotype for a PhenotypeSyncImmediately(6, com.google.android.libraries.notifications#com.google.android.apps.maps) one off with window [1, 2] in seconds [CONTEXT service_id=51 ]
10-20 12:36:48.380  1101  1660 E atwd    : Phenotype API error. Event # cngu@b2c34eaf, EventCode: 5 [CONTEXT service_id=51 ]
10-20 12:36:48.380  1101  1660 E atwd    : atvi: 29501: Stale snapshot (change count changed - expected 2  but was 1)
10-20 12:36:48.380  1101  1660 E atwd    : 	at atwg.b(:com.google.android.gms@212423056@21.24.23 (190800-396046673):14)
10-20 12:36:48.380  1101  1660 E atwd    : 	at atwf.e(:com.google.android.gms@212423056@21.24.23 (190800-396046673):0)
10-20 12:36:48.380  1101  1660 E atwd    : 	at atwd.d(:com.google.android.gms@212423056@21.24.23 (190800-396046673):4)
10-20 12:36:48.380  1101  1660 E atwd    : 	at atwd.f(:com.google.android.gms@212423056@21.24.23 (190800-396046673):2)
10-20 12:36:48.380  1101  1660 E atwd    : 	at acvu.run(:com.google.android.gms@212423056@21.24.23 (190800-396046673):17)
10-20 12:36:48.380  1101  1660 E atwd    : 	at bvgk.run(:com.google.android.gms@212423056@21.24.23 (190800-396046673):2)
10-20 12:36:48.380  1101  1660 E atwd    : 	at ubg.c(:com.google.android.gms@212423056@21.24.23 (190800-396046673):6)
10-20 12:36:48.380  1101  1660 E atwd    : 	at ubg.run(:com.google.android.gms@212423056@21.24.23 (190800-396046673):8)
10-20 12:36:48.380  1101  1660 E atwd    : 	at java.util.concurrent.ThreadPoolExecutor.runWorker(ThreadPoolExecutor.java:1167)
10-20 12:36:48.380  1101  1660 E atwd    : 	at java.util.concurrent.ThreadPoolExecutor$Worker.run(ThreadPoolExecutor.java:641)
10-20 12:36:48.380  1101  1660 E atwd    : 	at uhc.run(:com.google.android.gms@212423056@21.24.23 (190800-396046673):0)
10-20 12:36:48.380  1101  1660 E atwd    : 	at java.lang.Thread.run(Thread.java:920)
10-20 12:36:48.380  1101  1660 E AsyncOperation: operation=CommitToConfigurationOperationCall, opStatusCode=29501 [CONTEXT service_id=51 ]
10-20 12:36:48.380  1101  1660 E AsyncOperation: OperationException[Status{statusCode=Stale snapshot (change count changed - expected 2  but was 1), resolution=null}]
10-20 12:36:48.380  1101  1660 E AsyncOperation: 	at atwd.d(:com.google.android.gms@212423056@21.24.23 (190800-396046673):6)
10-20 12:36:48.380  1101  1660 E AsyncOperation: 	at atwd.f(:com.google.android.gms@212423056@21.24.23 (190800-396046673):2)
10-20 12:36:48.380  1101  1660 E AsyncOperation: 	at acvu.run(:com.google.android.gms@212423056@21.24.23 (190800-396046673):17)
10-20 12:36:48.380  1101  1660 E AsyncOperation: 	at bvgk.run(:com.google.android.gms@212423056@21.24.23 (190800-396046673):2)
10-20 12:36:48.380  1101  1660 E AsyncOperation: 	at ubg.c(:com.google.android.gms@212423056@21.24.23 (190800-396046673):6)
10-20 12:36:48.380  1101  1660 E AsyncOperation: 	at ubg.run(:com.google.android.gms@212423056@21.24.23 (190800-396046673):8)
10-20 12:36:48.380  1101  1660 E AsyncOperation: 	at java.util.concurrent.ThreadPoolExecutor.runWorker(ThreadPoolExecutor.java:1167)
10-20 12:36:48.380  1101  1660 E AsyncOperation: 	at java.util.concurrent.ThreadPoolExecutor$Worker.run(ThreadPoolExecutor.java:641)
10-20 12:36:48.380  1101  1660 E AsyncOperation: 	at uhc.run(:com.google.android.gms@212423056@21.24.23 (190800-396046673):0)
10-20 12:36:48.380  1101  1660 E AsyncOperation: 	at java.lang.Thread.run(Thread.java:920)
10-20 12:36:48.381  2923  2964 W PhenotypeFlagCommitter: Committing snapshot for com.google.android.apps.messaging#com.google.android.apps.messaging failed, retrying
10-20 12:36:48.397  3962  3962 D CompatibilityChangeReporter: Compat change id reported: 119147584; UID 10125; state: ENABLED
10-20 12:36:48.416  1101  1101 D BoundBrokerSvc: onUnbind: Intent { act=com.google.android.gms.clearcut.bootcount.service.START cmp=com.google.android.gms/.chimera.PersistentBoundBrokerService }
10-20 12:36:48.422  4540  4540 D CompatibilityChangeReporter: Compat change id reported: 119147584; UID 10114; state: ENABLED
10-20 12:36:48.452   530   843 D ConnectivityService: requestNetwork for uid/pid:1000/530 asUid: 10125 activeRequest: null callbackRequest: 88 [NetworkRequest [ REQUEST id=89, [ Capabilities: INTERNET&NOT_RESTRICTED&TRUSTED&NOT_VCN_MANAGED Uid: 10125 RequestorUid: 1000 RequestorPkg: android] ]] callback flags: 0 priority: 2147483647
10-20 12:36:48.453   530   723 D ConnectivityService: NetReassign [89 : null  100]
10-20 12:36:48.454   530   716 D WifiNetworkFactory: got request NetworkRequest [ REQUEST id=89, [ Capabilities: INTERNET&NOT_RESTRICTED&TRUSTED&NOT_VCN_MANAGED Uid: 10125 RequestorUid: 1000 RequestorPkg: android] ]
10-20 12:36:48.455   530   716 D UntrustedWifiNetworkFactory: got request NetworkRequest [ REQUEST id=89, [ Capabilities: INTERNET&NOT_RESTRICTED&TRUSTED&NOT_VCN_MANAGED Uid: 10125 RequestorUid: 1000 RequestorPkg: android] ]
10-20 12:36:48.455   530   716 D OemPaidWifiNetworkFactory: got request NetworkRequest [ REQUEST id=89, [ Capabilities: INTERNET&NOT_RESTRICTED&TRUSTED&NOT_VCN_MANAGED Uid: 10125 RequestorUid: 1000 RequestorPkg: android] ]
10-20 12:36:48.473  3962  4158 W DynamiteModule: Local module descriptor class for com.google.android.gms.providerinstaller.dynamite not found.
10-20 12:36:48.474  2923  2970 I BugleRcsProvisioning: BugleSystemBindingManager: onBuglePhenotypeFlagChanged
10-20 12:36:48.474  2923  2970 I BugleRcsProvisioning: BugleSystemBindingManager: onCsLibPhenotypeUpdated
10-20 12:36:48.474  2923  2970 I BugleRcsEngine: [44] zuq.c: SystemBindingManager: force P/H Flag update scheduled and start updateBinding
10-20 12:36:48.474  2923  2970 W BugleRcsEngine: [44] akyy.h: RcsProvisioningManager: ProvisioningEngineAdapter not found for SIM redacted-pii:sim_id[20-chars]
10-20 12:36:48.475  2923  3027 W BugleAction: Failed to get msisdn from Bugle
10-20 12:36:48.476  2923  3027 W BugleAction: Failed to get msisdn from RcsProfileService
10-20 12:36:48.478  2923  2964 I BugleRcsEngine: [41] ajkh.run: SystemBindingManager: SystemBinding enabled: false
10-20 12:36:48.478  2923  2964 I BugleRcsEngine: [41] ajki.b: System Binding updated
10-20 12:36:48.480  2923  2976 W BugleRcsEngine: [48] ajnl.z: Unable to send diagnostic log
10-20 12:36:48.481  1101  1516 W ProviderHelper: Unknown dynamite feature providerinstaller.dynamite
10-20 12:36:48.482  2923  3027 W BugleAction: awmw: Jibe SDK Service not available. Is the Jibe SDK service running? Did you call connect() and wait for the notification before calling an API function?
10-20 12:36:48.482  2923  3027 W BugleAction: 	at awmp.b(PG:2)
10-20 12:36:48.482  2923  3027 W BugleAction: 	at com.google.android.rcs.client.profile.RcsProfileService.g(PG:1)
10-20 12:36:48.482  2923  3027 W BugleAction: 	at com.google.android.rcs.client.profile.RcsProfileService.getMsisdn(PG:1)
10-20 12:36:48.482  2923  3027 W BugleAction: 	at utg.F(PG:12)
10-20 12:36:48.482  2923  3027 W BugleAction: 	at tmz.b(PG:1)
10-20 12:36:48.482  2923  3027 W BugleAction: 	at tmx.call(PG:1)
10-20 12:36:48.482  2923  3027 W BugleAction: 	at ayqv.a(PG:1)
10-20 12:36:48.482  2923  3027 W BugleAction: 	at aypm.a(PG:2)
10-20 12:36:48.482  2923  3027 W BugleAction: 	at bcib.c(PG:1)
10-20 12:36:48.482  2923  3027 W BugleAction: 	at bchf.run(PG:4)
10-20 12:36:48.482  2923  3027 W BugleAction: 	at bcid.run(PG:1)
10-20 12:36:48.482  2923  3027 W BugleAction: 	at aosz.run(PG:1)
10-20 12:36:48.482  2923  3027 W BugleAction: 	at java.util.concurrent.ThreadPoolExecutor.runWorker(ThreadPoolExecutor.java:1167)
10-20 12:36:48.482  2923  3027 W BugleAction: 	at java.util.concurrent.ThreadPoolExecutor$Worker.run(ThreadPoolExecutor.java:641)
10-20 12:36:48.482  2923  3027 W BugleAction: 	at aosl.run(PG:2)
10-20 12:36:48.482  2923  3027 W BugleAction: 	at aory.run(PG:3)
10-20 12:36:48.482  2923  3027 W BugleAction: 	at java.lang.Thread.run(Thread.java:920)
10-20 12:36:48.486  2923  3027 W Bugle   : SubscriptionMetadataUtils get: invalid subId = -2
10-20 12:36:48.486  3962  4158 W ProviderInstaller: Failed to load providerinstaller module: No acceptable module found. Local version is 0 and remote version is 0.
10-20 12:36:48.488  2923  3027 I BugleBackup: Registering preference change listener for "buglesub_-1".
10-20 12:36:48.488  2923  3027 W Bugle   : SubscriptionMetadataUtils get: invalid subId = -2
10-20 12:36:48.496  4026  4156 I Finsky:instant_app_inst: [49] InstantAppHygieneService.a(10): Scheduling job with period 86400000ms
10-20 12:36:48.504  2327  2327 I Finsky  : [2] wib.handleMessage(4): SCH: DeviceState: DeviceState{currentTime=1697805408502, isCharging=false, isIdle=false, netAny=true, netNotRoaming=true, netUnmetered=true, batteryPercent=100.0}
10-20 12:36:48.506  2923  2970 W BugleRcsEngine: [44] alsz.g: Carrier Services Apk was not found.
10-20 12:36:48.507  2923  2970 I BugleRcsEngine: [44] alsz.e: Cannot get service version because CS.apk was not found, not pre-loaded or disabled.
10-20 12:36:48.507  2923  2970 W BugleRcsEngine: [44] alsz.e: Service with meta data key: JibeServiceApiVersions is not compatible. Service Version 1 is not supported. Supported versions: []
10-20 12:36:48.507  2923  2970 I BugleRcsEngine: [44] alsz.c: Not using CS JibeService because it is not compatible with AM.
10-20 12:36:48.508  2923  3027 W Bugle   : SubscriptionMetadataUtils get: invalid subId = -2
10-20 12:36:48.508  2923  3027 W Bugle   : SubscriptionUtilsAsOfLMR1: getSelfRawNumber: subInfo is null for subscription{id:-1}
10-20 12:36:48.508  2923  3027 W BugleAction: No default number, returning empty msisdn
10-20 12:36:48.515  2327  2908 I Finsky  : [55] wjz.b(5): SCH: Jobs in database: 1-1337 12-1 21-333333333 29-29 31-305419896 37-0
10-20 12:36:48.521  2923  3027 W BugleAction: No default number, returning empty msisdn
10-20 12:36:48.522  2923  3027 W Bugle   : SubscriptionMetadataUtils get: invalid subId = -2
10-20 12:36:48.524  2923  3027 W BugleNetwork: RcsMsisdnAccessor: Failed to access Rcs msisdn. subId: -2
10-20 12:36:48.530  2923  2962 I BugleTransport: Cannot refresh chat transport. No msisdn available
10-20 12:36:48.533  2327  2327 I Finsky  : [2] wic.m(10): SCH: Running job: 1-1337
10-20 12:36:48.533  2327  2327 I Finsky  : [2] RoutineHygieneCoreJob.x(6): No holdoff required - already provisioned
10-20 12:36:48.541  2327  2327 I Finsky  : [2] mwl.a(6): Starting Hygiene for reason 15
10-20 12:36:48.543  2327  2327 I Finsky  : [2] mwl.a(10): Diff version or system, clear token
10-20 12:36:48.544  2327  2327 W Finsky  : [2] fgl.d(22): For unauth, use getDfeApiNonAuthenticated() instead!
10-20 12:36:48.544  2327  2327 I Finsky  : [2] jww.f(1): Account name null when calculating account hash
10-20 12:36:48.544  2327  2327 I Finsky  : [2] mwl.a(12): Diff system, clear cache
10-20 12:36:48.550   530   709 D ConnectivityService: requestNetwork for uid/pid:1000/530 asUid: 10114 activeRequest: null callbackRequest: 90 [NetworkRequest [ REQUEST id=91, [ Capabilities: INTERNET&NOT_RESTRICTED&TRUSTED&NOT_VCN_MANAGED Uid: 10114 RequestorUid: 1000 RequestorPkg: android] ]] callback flags: 0 priority: 2147483647
10-20 12:36:48.553   530   579 I libprocessgroup: Successfully killed process cgroup uid 10126 pid 3689 in 0ms
10-20 12:36:48.556   530   723 D ConnectivityService: NetReassign [91 : null  100]
10-20 12:36:48.560   530   716 D WifiNetworkFactory: got request NetworkRequest [ REQUEST id=91, [ Capabilities: INTERNET&NOT_RESTRICTED&TRUSTED&NOT_VCN_MANAGED Uid: 10114 RequestorUid: 1000 RequestorPkg: android] ]
10-20 12:36:48.560   530   716 D UntrustedWifiNetworkFactory: got request NetworkRequest [ REQUEST id=91, [ Capabilities: INTERNET&NOT_RESTRICTED&TRUSTED&NOT_VCN_MANAGED Uid: 10114 RequestorUid: 1000 RequestorPkg: android] ]
10-20 12:36:48.560   530   716 D OemPaidWifiNetworkFactory: got request NetworkRequest [ REQUEST id=91, [ Capabilities: INTERNET&NOT_RESTRICTED&TRUSTED&NOT_VCN_MANAGED Uid: 10114 RequestorUid: 1000 RequestorPkg: android] ]
10-20 12:36:48.563   344   344 I Zygote  : Process 3689 exited due to signal 9 (Killed)
10-20 12:36:48.565  2327  3086 D Volley  : [68] affl.b: Cache cleared.
10-20 12:36:48.571  2327  4632 D Volley  : [127] affl.b: Cache cleared.
10-20 12:36:48.576  2327  2327 D Volley  : [2] affk.b: Cache cleared.
10-20 12:36:48.581  2923  2966 I BugleRcsProvisioning: BugleSystemBindingManager: onBuglePhenotypeFlagChanged
10-20 12:36:48.581  2923  2966 I BugleRcsProvisioning: BugleSystemBindingManager: onCsLibPhenotypeUpdated
10-20 12:36:48.581  2923  2966 I BugleRcsEngine: [42] zuq.c: SystemBindingManager: force P/H Flag update scheduled and start updateBinding
10-20 12:36:48.582  2923  2966 W BugleRcsEngine: [42] akyy.h: RcsProvisioningManager: ProvisioningEngineAdapter not found for SIM redacted-pii:sim_id[20-chars]
10-20 12:36:48.585  2923  3027 W BugleAction: Failed to get msisdn from Bugle
10-20 12:36:48.585  2923  3027 W BugleAction: Failed to get msisdn from RcsProfileService
10-20 12:36:48.586  2923  3027 W BugleAction: awmw: Jibe SDK Service not available. Is the Jibe SDK service running? Did you call connect() and wait for the notification before calling an API function?
10-20 12:36:48.586  2923  3027 W BugleAction: 	at awmp.b(PG:2)
10-20 12:36:48.586  2923  3027 W BugleAction: 	at com.google.android.rcs.client.profile.RcsProfileService.g(PG:1)
10-20 12:36:48.586  2923  3027 W BugleAction: 	at com.google.android.rcs.client.profile.RcsProfileService.getMsisdn(PG:1)
10-20 12:36:48.586  2923  3027 W BugleAction: 	at utg.F(PG:12)
10-20 12:36:48.586  2923  3027 W BugleAction: 	at tmz.b(PG:1)
10-20 12:36:48.586  2923  3027 W BugleAction: 	at tmx.call(PG:1)
10-20 12:36:48.586  2923  3027 W BugleAction: 	at ayqv.a(PG:1)
10-20 12:36:48.586  2923  3027 W BugleAction: 	at aypm.a(PG:2)
10-20 12:36:48.586  2923  3027 W BugleAction: 	at bcib.c(PG:1)
10-20 12:36:48.586  2923  3027 W BugleAction: 	at bchf.run(PG:4)
10-20 12:36:48.586  2923  3027 W BugleAction: 	at bcid.run(PG:1)
10-20 12:36:48.586  2923  3027 W BugleAction: 	at aosz.run(PG:1)
10-20 12:36:48.586  2923  3027 W BugleAction: 	at java.util.concurrent.ThreadPoolExecutor.runWorker(ThreadPoolExecutor.java:1167)
10-20 12:36:48.586  2923  3027 W BugleAction: 	at java.util.concurrent.ThreadPoolExecutor$Worker.run(ThreadPoolExecutor.java:641)
10-20 12:36:48.586  2923  3027 W BugleAction: 	at aosl.run(PG:2)
10-20 12:36:48.586  2923  3027 W BugleAction: 	at aory.run(PG:3)
10-20 12:36:48.586  2923  3027 W BugleAction: 	at java.lang.Thread.run(Thread.java:920)
10-20 12:36:48.586  2923  3027 W Bugle   : SubscriptionMetadataUtils get: invalid subId = -2
10-20 12:36:48.586  2923  3027 W Bugle   : SubscriptionMetadataUtils get: invalid subId = -2
10-20 12:36:48.587  1171  2704 I PeopleChimeraService: onService. callbacks = acvp@9670185, request = com.google.android.gms.common.internal.GetServiceRequest@5305bda
10-20 12:36:48.589  2923  3027 W Bugle   : SubscriptionMetadataUtils get: invalid subId = -2
10-20 12:36:48.589  2923  3027 W Bugle   : SubscriptionUtilsAsOfLMR1: getSelfRawNumber: subInfo is null for subscription{id:-1}
10-20 12:36:48.589  2923  3027 W BugleAction: No default number, returning empty msisdn
10-20 12:36:48.590  2923  2970 I BugleRcsEngine: [44] ajkh.run: SystemBindingManager: SystemBinding enabled: false
10-20 12:36:48.592  2923  2970 I BugleRcsEngine: [44] ajki.b: System Binding updated
10-20 12:36:48.593  2923  3005 W BugleRcsEngine: [54] ajnl.z: Unable to send diagnostic log
10-20 12:36:48.593  2923  3027 W BugleAction: No default number, returning empty msisdn
10-20 12:36:48.593  2923  3027 W Bugle   : SubscriptionMetadataUtils get: invalid subId = -2
10-20 12:36:48.594  2923  3027 W BugleNetwork: RcsMsisdnAccessor: Failed to access Rcs msisdn. subId: -2
10-20 12:36:48.595  3315  3315 I ViewInteraction: Performing 'single click' action on view view.getId() is <2131231208/com.example.lunchtray:id/start_order_btn>
10-20 12:36:48.599  2923  2962 I BugleTransport: Cannot refresh chat transport. No msisdn available
10-20 12:36:48.600  2923  2966 W BugleRcsEngine: [42] alsz.g: Carrier Services Apk was not found.
10-20 12:36:48.600  2923  2966 I BugleRcsEngine: [42] alsz.e: Cannot get service version because CS.apk was not found, not pre-loaded or disabled.
10-20 12:36:48.600  2923  2966 W BugleRcsEngine: [42] alsz.e: Service with meta data key: JibeServiceApiVersions is not compatible. Service Version 1 is not supported. Supported versions: []
10-20 12:36:48.600  2923  2966 I BugleRcsEngine: [42] alsz.c: Not using CS JibeService because it is not compatible with AM.
10-20 12:36:48.653  2327  2327 I Finsky  : [2] wib.handleMessage(29): SCH: RunningQueue size: 1, PendingQueue size: 3
10-20 12:36:48.653  2327  2327 I Finsky  : [2] wib.handleMessage(32): SCH: Running queue: 1-1337
10-20 12:36:48.653  2327  2327 I Finsky  : [2] mww.d(3): Deferred PAI notification supported = true
10-20 12:36:48.653  2327  2327 W Finsky  : [2] fgl.d(22): For unauth, use getDfeApiNonAuthenticated() instead!
10-20 12:36:48.653  2327  2327 I Finsky  : [2] mww.f(10): Probe unauthenticated for hygiene pass
10-20 12:36:48.658  2327  3465 I Finsky  : [106] fgl.f(2): getDfeApiOrNonauthenticated is returning unauth api
10-20 12:36:48.658  2327  3465 I Finsky  : [106] jww.f(1): Account name null when calculating account hash
10-20 12:36:48.659  2327  2460 I Finsky  : [44] jxk.a(6): Initializing FirebaseApp
10-20 12:36:48.667  2327  2460 I FirebaseApp: Device unlocked: initializing all Firebase APIs for app [DEFAULT]
10-20 12:36:48.673   344   344 D Zygote  : Forked child process 4638
10-20 12:36:48.681  4638  4638 W ecovery_proces: Unexpected CPU variant for X86 using defaults: x86_64
10-20 12:36:48.686  4638  4638 E ecovery_proces: Not starting debugger since process cannot load the jdwp agent.
10-20 12:36:48.693  2327  2460 I Finsky  : [44] jxk.a(11): Start requesting FCM Reg Id
10-20 12:36:48.706  2327  4639 I android.vendin: Waiting for a blocking GC ClassLinker
10-20 12:36:48.718  4638  4638 D CompatibilityChangeReporter: Compat change id reported: 171979766; UID 10114; state: ENABLED
10-20 12:36:48.734  1468  1632 W MediaProvider: getVolumePath for unknown volume: internal
10-20 12:36:48.738  1468  1632 W MediaProvider: getVolumePath for unknown volume: internal
10-20 12:36:48.751  2327  4639 I android.vendin: WaitForGcToComplete blocked ClassLinker on Background for 45.186ms
10-20 12:36:48.752  4638  4638 D nativeloader: classloader namespace configured for unbundled product apk. library_path=/product/app/Maps/lib/x86_64:/product/app/Maps/Maps.apk!/lib/x86_64:/product/lib64:/system/product/lib64
10-20 12:36:48.757   985  1339 E DatabaseUtils: Writing exception to parcel
10-20 12:36:48.757   985  1339 E DatabaseUtils: java.lang.SecurityException: No permission to access APN settings
10-20 12:36:48.757   985  1339 E DatabaseUtils: 	at com.android.providers.telephony.TelephonyProvider.checkPermission(TelephonyProvider.java:4788)
10-20 12:36:48.757   985  1339 E DatabaseUtils: 	at com.android.providers.telephony.TelephonyProvider.checkPermissionCompat(TelephonyProvider.java:4805)
10-20 12:36:48.757   985  1339 E DatabaseUtils: 	at com.android.providers.telephony.TelephonyProvider.query(TelephonyProvider.java:3678)
10-20 12:36:48.757   985  1339 E DatabaseUtils: 	at android.content.ContentProvider.query(ContentProvider.java:1408)
10-20 12:36:48.757   985  1339 E DatabaseUtils: 	at android.content.ContentProvider.query(ContentProvider.java:1504)
10-20 12:36:48.757   985  1339 E DatabaseUtils: 	at android.content.ContentProvider$Transport.query(ContentProvider.java:272)
10-20 12:36:48.757   985  1339 E DatabaseUtils: 	at android.content.ContentProviderNative.onTransact(ContentProviderNative.java:107)
10-20 12:36:48.757   985  1339 E DatabaseUtils: 	at android.os.Binder.execTransactInternal(Binder.java:1179)
10-20 12:36:48.757   985  1339 E DatabaseUtils: 	at android.os.Binder.execTransact(Binder.java:1143)
10-20 12:36:48.760  2327  2460 W Finsky  : [44] iku.a(14): Failed to read APN: java.lang.SecurityException: No permission to access APN settings
10-20 12:36:48.763  4638  4638 V GraphicsEnvironment: ANGLE Developer option for 'com.google.android.apps.maps' set to: 'default'
10-20 12:36:48.763  4638  4638 V GraphicsEnvironment: Neither updatable production driver nor prerelease driver is supported.
10-20 12:36:48.765  4638  4638 D NetworkSecurityConfig: No Network Security Config specified, using platform default
10-20 12:36:48.765  4638  4638 D NetworkSecurityConfig: No Network Security Config specified, using platform default
10-20 12:36:48.774  3962  4097 W DynamiteModule: Local module descriptor class for com.google.android.gms.providerinstaller.dynamite not found.
10-20 12:36:48.775  2327  2460 I Finsky  : [44] jxd.c(25): GameSdkDeviceInfo experiment not enabled.
10-20 12:36:48.775  1101  1516 W ProviderHelper: Unknown dynamite feature providerinstaller.dynamite
10-20 12:36:48.777   344   344 I Zygote  : Process 3585 exited due to signal 9 (Killed)
10-20 12:36:48.780  2327  4639 I DynamiteModule: Considering local module com.google.android.gms.measurement.dynamite:51 and remote module com.google.android.gms.measurement.dynamite:51
10-20 12:36:48.780  2327  4639 I DynamiteModule: Selected remote version of com.google.android.gms.measurement.dynamite, version >= 51
10-20 12:36:48.780  2327  4639 V DynamiteModule: Dynamite loader version >= 2, using loadModule2NoCrashUtils
10-20 12:36:48.781  3962  4097 W ProviderInstaller: Failed to load providerinstaller module: No acceptable module found. Local version is 0 and remote version is 0.
10-20 12:36:48.798  4638  4638 D CompatibilityChangeReporter: Compat change id reported: 160794467; UID 10114; state: ENABLED
10-20 12:36:48.798   530   579 I libprocessgroup: Successfully killed process cgroup uid 10124 pid 3585 in 43ms
10-20 12:36:48.839  4638  4668 I ecovery_proces: System.exit called, status: 0
10-20 12:36:48.839  4638  4668 I AndroidRuntime: VM exiting with result code 0, cleanup skipped.
10-20 12:36:48.851   344   344 I Zygote  : Process 4250 exited due to signal 9 (Killed)
10-20 12:36:48.852  2923  2976 I BugleNotifications: Silently refreshing notifications after Boot/Package replacement
10-20 12:36:48.861   344   344 I Zygote  : Process 4638 exited cleanly (0)
10-20 12:36:48.871  2327  2327 I Finsky  : [2] qov.onTrimMemory(1): Memory trim requested to level 5
10-20 12:36:48.881  3478  3478 I Finsky:download_service: [2] qov.onTrimMemory(1): Memory trim requested to level 5
10-20 12:36:48.882  2327  3088 I Finsky  : [70] jww.f(1): Account name null when calculating account hash
10-20 12:36:48.892   530   579 I libprocessgroup: Successfully killed process cgroup uid 10108 pid 4250 in 46ms
10-20 12:36:48.892   530   579 I libprocessgroup: Successfully killed process cgroup uid 10114 pid 4638 in 0ms
10-20 12:36:48.895  1279  1279 I AppBase : AppBase.onTrimMemory():782 onTrimMemory(): 5
10-20 12:36:48.908  1279  1279 I GoogleInputMethodService: GoogleInputMethodService.onTrimMemory():4623 onTrimMemory(): 5
10-20 12:36:48.912  2923  2976 I BugleDatabasePerf: : took 59ms to executeInTransaction
10-20 12:36:48.936  3315  3315 I ViewInteraction: Checking 'MatchesViewAssertion{viewMatcher=(view has effective visibility <VISIBLE> and view.getGlobalVisibleRect() to return non-empty rectangle)}' assertion on view an instance of android.widget.TextView and view.getText() with or without transformation to match: is "Subtotal: $0.00"
10-20 12:36:48.936  3315  3354 I TestRunner: finished: order_reset_after_cancel_from_accompaniment_menu(com.example.lunchtray.OrderFunctionalityTests)
