10-20 12:36:43.282  3315  3315 V ActivityScenario: Update currentActivityStage to STARTED, currentActivity=androidx.fragment.app.testing.FragmentScenario$EmptyFragmentActivity@f55015c
10-20 12:36:43.282  3315  3315 V ActivityScenario: Update currentActivityStage to STARTED, currentActivity=androidx.fragment.app.testing.FragmentScenario$EmptyFragmentActivity@f55015c
10-20 12:36:43.282  3315  3315 V ActivityScenario: Update currentActivityStage to STARTED, currentActivity=androidx.fragment.app.testing.FragmentScenario$EmptyFragmentActivity@f55015c
10-20 12:36:43.282  3315  3315 V ActivityScenario: Update currentActivityStage to STARTED, currentActivity=androidx.fragment.app.testing.FragmentScenario$EmptyFragmentActivity@f55015c
10-20 12:36:43.282  3315  3315 V ActivityScenario: Update currentActivityStage to STARTED, currentActivity=androidx.fragment.app.testing.FragmentScenario$EmptyFragmentActivity@f55015c
10-20 12:36:43.282  3315  3315 V ActivityScenario: Update currentActivityStage to STARTED, currentActivity=androidx.fragment.app.testing.FragmentScenario$EmptyFragmentActivity@f55015c
10-20 12:36:43.282  3315  3315 V ActivityScenario: Update currentActivityStage to STARTED, currentActivity=androidx.fragment.app.testing.FragmentScenario$EmptyFragmentActivity@f55015c
10-20 12:36:43.282  3315  3315 V ActivityScenario: Update currentActivityStage to STARTED, currentActivity=androidx.fragment.app.testing.FragmentScenario$EmptyFragmentActivity@f55015c
10-20 12:36:43.282  3315  3315 V ActivityScenario: Update currentActivityStage to STARTED, currentActivity=androidx.fragment.app.testing.FragmentScenario$EmptyFragmentActivity@f55015c
10-20 12:36:43.282  3315  3315 V ActivityScenario: Update currentActivityStage to STARTED, currentActivity=androidx.fragment.app.testing.FragmentScenario$EmptyFragmentActivity@f55015c
10-20 12:36:43.286  3315  3315 D LifecycleMonitor: Lifecycle status change: androidx.fragment.app.testing.FragmentScenario$EmptyFragmentActivity@f55015c in: RESUMED
10-20 12:36:43.286  3315  3315 V ActivityScenario: Update currentActivityStage to RESUMED, currentActivity=androidx.fragment.app.testing.FragmentScenario$EmptyFragmentActivity@f55015c
10-20 12:36:43.286  3315  3315 V ActivityScenario: Update currentActivityStage to RESUMED, currentActivity=androidx.fragment.app.testing.FragmentScenario$EmptyFragmentActivity@f55015c
10-20 12:36:43.286  3315  3315 V ActivityScenario: Update currentActivityStage to RESUMED, currentActivity=androidx.fragment.app.testing.FragmentScenario$EmptyFragmentActivity@f55015c
10-20 12:36:43.286  3315  3315 V ActivityScenario: Update currentActivityStage to RESUMED, currentActivity=androidx.fragment.app.testing.FragmentScenario$EmptyFragmentActivity@f55015c
10-20 12:36:43.286  3315  3315 V ActivityScenario: Update currentActivityStage to RESUMED, currentActivity=androidx.fragment.app.testing.FragmentScenario$EmptyFragmentActivity@f55015c
10-20 12:36:43.286  3315  3315 V ActivityScenario: Update currentActivityStage to RESUMED, currentActivity=androidx.fragment.app.testing.FragmentScenario$EmptyFragmentActivity@f55015c
10-20 12:36:43.287  3315  3315 V ActivityScenario: Update currentActivityStage to RESUMED, currentActivity=androidx.fragment.app.testing.FragmentScenario$EmptyFragmentActivity@f55015c
10-20 12:36:43.287  3315  3315 V ActivityScenario: Update currentActivityStage to RESUMED, currentActivity=androidx.fragment.app.testing.FragmentScenario$EmptyFragmentActivity@f55015c
10-20 12:36:43.287  3315  3315 V ActivityScenario: Update currentActivityStage to RESUMED, currentActivity=androidx.fragment.app.testing.FragmentScenario$EmptyFragmentActivity@f55015c
10-20 12:36:43.287  3315  3315 V ActivityScenario: Update currentActivityStage to RESUMED, currentActivity=androidx.fragment.app.testing.FragmentScenario$EmptyFragmentActivity@f55015c
10-20 12:36:43.287  3315  3315 V ActivityScenario: Update currentActivityStage to RESUMED, currentActivity=androidx.fragment.app.testing.FragmentScenario$EmptyFragmentActivity@f55015c
10-20 12:36:43.287  3315  3315 V ActivityScenario: Update currentActivityStage to RESUMED, currentActivity=androidx.fragment.app.testing.FragmentScenario$EmptyFragmentActivity@f55015c
10-20 12:36:43.292  4355  4355 V GraphicsEnvironment: ANGLE Developer option for 'com.android.dynsystem' set to: 'default'
10-20 12:36:43.292  4355  4355 V GraphicsEnvironment: Neither updatable production driver nor prerelease driver is supported.
10-20 12:36:43.293  4355  4355 D NetworkSecurityConfig: No Network Security Config specified, using platform default
10-20 12:36:43.294  4355  4355 D NetworkSecurityConfig: No Network Security Config specified, using platform default
10-20 12:36:43.295  2923  4370 I BugleNetwork: NewLightTickleFcmHandler: Handling firebase new token
10-20 12:36:43.297   985   985 D CarrierSvcBindHelper: No carrier app for: 0
10-20 12:36:43.306  2404  2793 I A       : Updating Gservices keys
10-20 12:36:43.317   362   404 D goldfish-address-space: claimShared: Ask to claim region [0x3fd7bb000 0x3fdfa4000]
10-20 12:36:43.322   362   404 D goldfish-address-space: claimShared: Ask to claim region [0x3fdfa4000 0x3fe78d000]
10-20 12:36:43.324   362   404 D goldfish-address-space: claimShared: Ask to claim region [0x3fe78d000 0x3fef76000]
10-20 12:36:43.333   344   344 D Zygote  : Forked child process 4378
10-20 12:36:43.362  2923  2980 W DynamiteModule: Local module descriptor class for com.google.android.gms.providerinstaller.dynamite not found.
10-20 12:36:43.366  4339  4339 D IMSSE-JobManager: Schedule REGISTER_FCM_JOB_ID once has network connection.
10-20 12:36:43.366  4339  4339 D IMSSE-TelephonyUtils: Can't find actived subscription for -1
10-20 12:36:43.367  4378  4378 W ystem:dynsyste: Unexpected CPU variant for X86 using defaults: x86_64
10-20 12:36:43.369   530  2665 D ConnectivityService: requestNetwork for uid/pid:1000/530 asUid: 10096 activeRequest: null callbackRequest: 79 [NetworkRequest [ REQUEST id=80, [ Capabilities: INTERNET&NOT_RESTRICTED&TRUSTED&NOT_VCN_MANAGED Uid: 10096 RequestorUid: 1000 RequestorPkg: android] ]] callback flags: 0 priority: 2147483647
10-20 12:36:43.371   530   723 D ConnectivityService: NetReassign [80 : null  100]
10-20 12:36:43.372  2923  4370 I BugleNetwork: NewLightTickleFcmHandler: Handling firebase new token
10-20 12:36:43.375  2923  2970 I BugleNetwork: NewLightTickleFcmHandler: Successfully handled firebase new token.
10-20 12:36:43.380   530   716 D WifiNetworkFactory: got request NetworkRequest [ REQUEST id=80, [ Capabilities: INTERNET&NOT_RESTRICTED&TRUSTED&NOT_VCN_MANAGED Uid: 10096 RequestorUid: 1000 RequestorPkg: android] ]
10-20 12:36:43.380   530   716 D UntrustedWifiNetworkFactory: got request NetworkRequest [ REQUEST id=80, [ Capabilities: INTERNET&NOT_RESTRICTED&TRUSTED&NOT_VCN_MANAGED Uid: 10096 RequestorUid: 1000 RequestorPkg: android] ]
10-20 12:36:43.380   530   716 D OemPaidWifiNetworkFactory: got request NetworkRequest [ REQUEST id=80, [ Capabilities: INTERNET&NOT_RESTRICTED&TRUSTED&NOT_VCN_MANAGED Uid: 10096 RequestorUid: 1000 RequestorPkg: android] ]
10-20 12:36:43.384  1279  1550 I SP      : Sync for content_cache succeeded in 1905 ms: {added: [3514c1e9a5c7d614d5646bd12032bfa6], metadata: true
10-20 12:36:43.390   530   579 I libprocessgroup: Successfully killed process cgroup uid 10097 pid 3147 in 27ms
10-20 12:36:43.394  1101  1601 I Fitness : OnPackageChangedOperation got intent: Intent { act=android.intent.action.PACKAGE_CHANGED dat=package:com.google.android.youtube flg=0x5000010 pkg=com.google.android.gms cmp=com.google.android.gms/.chimera.PersistentIntentOperationService (has extras) } [CONTEXT service_id=17 ]
10-20 12:36:43.414  1279  1550 I SP      : GC for 'content_cache' (10) with ttl of 0 ms took 0 ms (0/0/0)
10-20 12:36:43.419   344   344 I Zygote  : Process 3147 exited due to signal 9 (Killed)
10-20 12:36:43.430  2923  2966 D MddListenableWorkerFactory: createWorker for class: com.google.android.apps.messaging.shared.datamodel.workqueue.WorkQueueWorkerShim
10-20 12:36:43.433   344   344 D Zygote  : Forked child process 4387
10-20 12:36:43.434  2404  2674 W SearchServiceCore: Abort, client detached.
10-20 12:36:43.434  2404  2674 W SearchServiceCore: Abort, client detached.
10-20 12:36:43.438   530   566 I ActivityTaskManager: Displayed com.example.lunchtray/androidx.fragment.app.testing.FragmentScenario$EmptyFragmentActivity: +228ms
10-20 12:36:43.438  2404  2507 I BgTaskExecutorImpl: Starting NONEXCLUSIVE background task UPDATE_GSERVICES_CONFIG.
10-20 12:36:43.442  4387  4387 W gedprovisionin: Unexpected CPU variant for X86 using defaults: x86_64
10-20 12:36:43.452  4378  4378 E ystem:dynsyste: Not starting debugger since process cannot load the jdwp agent.
10-20 12:36:43.452  4387  4387 E gedprovisionin: Not starting debugger since process cannot load the jdwp agent.
10-20 12:36:43.454  1171  4214 I Icing   : Indexing com.google.android.apps.messaging-internal.3p:Person_no_gsa from com.google.android.apps.messaging
10-20 12:36:43.454  1279  1348 I KeywordsRequiringContentDownload: KeywordsRequiringContentDownload.writeToDisk():103 Successfully wrote set of 40 keywords requiring update to disk
10-20 12:36:43.455  2404  2507 I A       : Updating Gservices keys
10-20 12:36:43.455  1279  1348 I ContentDownloadTask: ContentDownloadTask.schedule():575 Scheduling content download task
10-20 12:36:43.466   985   985 D CarrierSvcBindHelper: No carrier app for: 0
10-20 12:36:43.469  1101  3293 W ProviderHelper: Unknown dynamite feature providerinstaller.dynamite
10-20 12:36:43.472  1279  1279 I GoogleInputMethodService: GoogleInputMethodService.onFinishInput():3420
10-20 12:36:43.472  1279  1279 I GoogleInputMethodService: GoogleInputMethodService.onStartInput():2002
10-20 12:36:43.473  1279  1279 I DeviceUnlockedTag: DeviceUnlockedTag.notifyDeviceLockStatusChanged():31 Notify device unlocked.
10-20 12:36:43.480  2923  2980 I DynamiteModule: Considering local module com.google.android.gms.providerinstaller.dynamite:0 and remote module com.google.android.gms.providerinstaller.dynamite:0
10-20 12:36:43.480  2923  2980 W ProviderInstaller: Failed to load providerinstaller module: No acceptable module found. Local version is 0 and remote version is 0.
10-20 12:36:43.485  1279  1348 I JobSchedulerImpl: JobSchedulerImpl.schedule():90 Schedule task: ContentDownload. Success.
10-20 12:36:43.496  3315  3315 I ViewInteraction: Performing 'single click' action on view view.getId() is <2131231138/com.example.lunchtray:id/salad>
10-20 12:36:43.519  3315  3315 D LifecycleMonitor: Lifecycle status change: androidx.test.core.app.InstrumentationActivityInvoker$BootstrapActivity@f6a70d7 in: STOPPED
10-20 12:36:43.519  3315  3315 V ActivityScenario: Activity lifecycle changed event received but ignored because the intent does not match. startActivityIntent=Intent { act=android.intent.action.MAIN cat=[android.intent.category.LAUNCHER] cmp=com.example.lunchtray/androidx.fragment.app.testing.FragmentScenario$EmptyFragmentActivity (has extras) }, activity.getIntent()=Intent { act=android.intent.action.MAIN cat=[android.intent.category.LAUNCHER] flg=0x10008000 cmp=com.example.lunchtray/androidx.test.core.app.InstrumentationActivityInvoker$BootstrapActivity (has extras) }, activity=androidx.test.core.app.InstrumentationActivityInvoker$BootstrapActivity@f6a70d7
10-20 12:36:43.520  3962  4082 W DynamiteModule: Local module descriptor class for com.google.android.gms.providerinstaller.dynamite not found.
10-20 12:36:43.521  3315  3315 V ActivityScenario: Activity lifecycle changed event received but ignored because the intent does not match. startActivityIntent=Intent { act=android.intent.action.MAIN cat=[android.intent.category.LAUNCHER] cmp=com.example.lunchtray/androidx.fragment.app.testing.FragmentScenario$EmptyFragmentActivity (has extras) }, activity.getIntent()=Intent { act=android.intent.action.MAIN cat=[android.intent.category.LAUNCHER] flg=0x10008000 cmp=com.example.lunchtray/androidx.test.core.app.InstrumentationActivityInvoker$BootstrapActivity (has extras) }, activity=androidx.test.core.app.InstrumentationActivityInvoker$BootstrapActivity@f6a70d7
10-20 12:36:43.521  3315  3315 V ActivityScenario: Activity lifecycle changed event received but ignored because the intent does not match. startActivityIntent=Intent { act=android.intent.action.MAIN cat=[android.intent.category.LAUNCHER] cmp=com.example.lunchtray/androidx.fragment.app.testing.FragmentScenario$EmptyFragmentActivity (has extras) }, activity.getIntent()=Intent { act=android.intent.action.MAIN cat=[android.intent.category.LAUNCHER] flg=0x10008000 cmp=com.example.lunchtray/androidx.test.core.app.InstrumentationActivityInvoker$BootstrapActivity (has extras) }, activity=androidx.test.core.app.InstrumentationActivityInvoker$BootstrapActivity@f6a70d7
10-20 12:36:43.521  3315  3315 V ActivityScenario: Activity lifecycle changed event received but ignored because the intent does not match. startActivityIntent=Intent { act=android.intent.action.MAIN cat=[android.intent.category.LAUNCHER] cmp=com.example.lunchtray/androidx.fragment.app.testing.FragmentScenario$EmptyFragmentActivity (has extras) }, activity.getIntent()=Intent { act=android.intent.action.MAIN cat=[android.intent.category.LAUNCHER] flg=0x10008000 cmp=com.example.lunchtray/androidx.test.core.app.InstrumentationActivityInvoker$BootstrapActivity (has extras) }, activity=androidx.test.core.app.InstrumentationActivityInvoker$BootstrapActivity@f6a70d7
10-20 12:36:43.521  3315  3315 V ActivityScenario: Activity lifecycle changed event received but ignored because the intent does not match. startActivityIntent=Intent { act=android.intent.action.MAIN cat=[android.intent.category.LAUNCHER] cmp=com.example.lunchtray/androidx.fragment.app.testing.FragmentScenario$EmptyFragmentActivity (has extras) }, activity.getIntent()=Intent { act=android.intent.action.MAIN cat=[android.intent.category.LAUNCHER] flg=0x10008000 cmp=com.example.lunchtray/androidx.test.core.app.InstrumentationActivityInvoker$BootstrapActivity (has extras) }, activity=androidx.test.core.app.InstrumentationActivityInvoker$BootstrapActivity@f6a70d7
10-20 12:36:43.521  3315  3315 V ActivityScenario: Activity lifecycle changed event received but ignored because the intent does not match. startActivityIntent=Intent { act=android.intent.action.MAIN cat=[android.intent.category.LAUNCHER] cmp=com.example.lunchtray/androidx.fragment.app.testing.FragmentScenario$EmptyFragmentActivity (has extras) }, activity.getIntent()=Intent { act=android.intent.action.MAIN cat=[android.intent.category.LAUNCHER] flg=0x10008000 cmp=com.example.lunchtray/androidx.test.core.app.InstrumentationActivityInvoker$BootstrapActivity (has extras) }, activity=androidx.test.core.app.InstrumentationActivityInvoker$BootstrapActivity@f6a70d7
10-20 12:36:43.521  3315  3315 V ActivityScenario: Activity lifecycle changed event received but ignored because the intent does not match. startActivityIntent=Intent { act=android.intent.action.MAIN cat=[android.intent.category.LAUNCHER] cmp=com.example.lunchtray/androidx.fragment.app.testing.FragmentScenario$EmptyFragmentActivity (has extras) }, activity.getIntent()=Intent { act=android.intent.action.MAIN cat=[android.intent.category.LAUNCHER] flg=0x10008000 cmp=com.example.lunchtray/androidx.test.core.app.InstrumentationActivityInvoker$BootstrapActivity (has extras) }, activity=androidx.test.core.app.InstrumentationActivityInvoker$BootstrapActivity@f6a70d7
10-20 12:36:43.521  3315  3315 V ActivityScenario: Activity lifecycle changed event received but ignored because the intent does not match. startActivityIntent=Intent { act=android.intent.action.MAIN cat=[android.intent.category.LAUNCHER] cmp=com.example.lunchtray/androidx.fragment.app.testing.FragmentScenario$EmptyFragmentActivity (has extras) }, activity.getIntent()=Intent { act=android.intent.action.MAIN cat=[android.intent.category.LAUNCHER] flg=0x10008000 cmp=com.example.lunchtray/androidx.test.core.app.InstrumentationActivityInvoker$BootstrapActivity (has extras) }, activity=androidx.test.core.app.InstrumentationActivityInvoker$BootstrapActivity@f6a70d7
10-20 12:36:43.521  3315  3315 V ActivityScenario: Activity lifecycle changed event received but ignored because the intent does not match. startActivityIntent=Intent { act=android.intent.action.MAIN cat=[android.intent.category.LAUNCHER] cmp=com.example.lunchtray/androidx.fragment.app.testing.FragmentScenario$EmptyFragmentActivity (has extras) }, activity.getIntent()=Intent { act=android.intent.action.MAIN cat=[android.intent.category.LAUNCHER] flg=0x10008000 cmp=com.example.lunchtray/androidx.test.core.app.InstrumentationActivityInvoker$BootstrapActivity (has extras) }, activity=androidx.test.core.app.InstrumentationActivityInvoker$BootstrapActivity@f6a70d7
10-20 12:36:43.521  3315  3315 V ActivityScenario: Activity lifecycle changed event received but ignored because the intent does not match. startActivityIntent=Intent { act=android.intent.action.MAIN cat=[android.intent.category.LAUNCHER] cmp=com.example.lunchtray/androidx.fragment.app.testing.FragmentScenario$EmptyFragmentActivity (has extras) }, activity.getIntent()=Intent { act=android.intent.action.MAIN cat=[android.intent.category.LAUNCHER] flg=0x10008000 cmp=com.example.lunchtray/androidx.test.core.app.InstrumentationActivityInvoker$BootstrapActivity (has extras) }, activity=androidx.test.core.app.InstrumentationActivityInvoker$BootstrapActivity@f6a70d7
10-20 12:36:43.521  3315  3315 V ActivityScenario: Activity lifecycle changed event received but ignored because the intent does not match. startActivityIntent=Intent { act=android.intent.action.MAIN cat=[android.intent.category.LAUNCHER] cmp=com.example.lunchtray/androidx.fragment.app.testing.FragmentScenario$EmptyFragmentActivity (has extras) }, activity.getIntent()=Intent { act=android.intent.action.MAIN cat=[android.intent.category.LAUNCHER] flg=0x10008000 cmp=com.example.lunchtray/androidx.test.core.app.InstrumentationActivityInvoker$BootstrapActivity (has extras) }, activity=androidx.test.core.app.InstrumentationActivityInvoker$BootstrapActivity@f6a70d7
10-20 12:36:43.521  3315  3315 V ActivityScenario: Activity lifecycle changed event received but ignored because the intent does not match. startActivityIntent=Intent { act=android.intent.action.MAIN cat=[android.intent.category.LAUNCHER] cmp=com.example.lunchtray/androidx.fragment.app.testing.FragmentScenario$EmptyFragmentActivity (has extras) }, activity.getIntent()=Intent { act=android.intent.action.MAIN cat=[android.intent.category.LAUNCHER] flg=0x10008000 cmp=com.example.lunchtray/androidx.test.core.app.InstrumentationActivityInvoker$BootstrapActivity (has extras) }, activity=androidx.test.core.app.InstrumentationActivityInvoker$BootstrapActivity@f6a70d7
10-20 12:36:43.525   985   985 D CarrierSvcBindHelper: No carrier app for: 0
10-20 12:36:43.548  2404  2674 W SearchServiceCore: Abort, client detached.
10-20 12:36:43.548  2404  2674 W SearchServiceCore: Abort, client detached.
10-20 12:36:43.555  4387  4387 D CompatibilityChangeReporter: Compat change id reported: 171979766; UID 10059; state: ENABLED
10-20 12:36:43.570  1101  1111 I .gms.persisten: Background young concurrent copying GC freed 151995(8544KB) AllocSpace objects, 15(1168KB) LOS objects, 43% free, 12MB/21MB, paused 566us,118us total 333.448ms
10-20 12:36:43.605  4387  4387 V GraphicsEnvironment: ANGLE Developer option for 'com.android.managedprovisioning' set to: 'default'
10-20 12:36:43.605  4387  4387 V GraphicsEnvironment: Neither updatable production driver nor prerelease driver is supported.
10-20 12:36:43.606   985   985 D CarrierSvcBindHelper: No carrier app for: 0
10-20 12:36:43.608  4387  4387 D NetworkSecurityConfig: No Network Security Config specified, using platform default
10-20 12:36:43.608  4387  4387 D NetworkSecurityConfig: No Network Security Config specified, using platform default
10-20 12:36:43.621  2923  2970 I BugleNetwork: NewLightTickleFcmHandler: Successfully handled firebase new token.
10-20 12:36:43.622  4378  4378 D CompatibilityChangeReporter: Compat change id reported: 171979766; UID 1000; state: ENABLED
10-20 12:36:43.628   530   576 E system_server: No package ID 7f found for ID 0x7f0802ab.
10-20 12:36:43.628   530   576 E system_server: No package ID 7f found for ID 0x7f13050b.
10-20 12:36:43.628   530   576 E system_server: No package ID 7f found for ID 0x7f13050b.
10-20 12:36:43.628   530   576 E system_server: No package ID 7f found for ID 0x7f0802a7.
10-20 12:36:43.628   530   576 E system_server: No package ID 7f found for ID 0x7f130509.
10-20 12:36:43.630   530   576 E system_server: No package ID 7f found for ID 0x7f130509.
10-20 12:36:43.630   530   576 E system_server: No package ID 7f found for ID 0x7f0802a9.
10-20 12:36:43.630   530   576 E system_server: No package ID 7f found for ID 0x7f13050a.
10-20 12:36:43.630   530   576 E system_server: No package ID 7f found for ID 0x7f13050a.
10-20 12:36:43.631  4387  4387 I CarUiInstaller: CarUiInstaller started for com.android.managedprovisioning
10-20 12:36:43.636  4378  4378 V GraphicsEnvironment: ANGLE Developer option for 'com.android.dynsystem' set to: 'default'
10-20 12:36:43.636  4378  4378 V GraphicsEnvironment: Neither updatable production driver nor prerelease driver is supported.
10-20 12:36:43.643  4378  4378 D NetworkSecurityConfig: No Network Security Config specified, using platform default
10-20 12:36:43.644  4378  4378 D NetworkSecurityConfig: No Network Security Config specified, using platform default
10-20 12:36:43.653  4378  4378 D DynamicSystemInstallationService: onStartCommand(): action=android.os.image.action.NOTIFY_IF_IN_USE
10-20 12:36:43.666   530  2658 W InputManager-JNI: Input channel object 'dd3b862 Splash Screen com.example.lunchtray (client)' was disposed without first being removed with the input manager!
10-20 12:36:43.684   803   963 W Role    : Cannot get ApplicationInfo for default holder: com.google.android.as
10-20 12:36:43.713   985   985 D CarrierSvcBindHelper: No carrier app for: 0
10-20 12:36:43.735  1101  1117 W ProviderHelper: Unknown dynamite feature providerinstaller.dynamite
10-20 12:36:43.743   530   579 I libprocessgroup: Successfully killed process cgroup uid 10066 pid 3836 in 0ms
10-20 12:36:43.746   344   344 I Zygote  : Process 3836 exited due to signal 9 (Killed)
10-20 12:36:43.762  1101  2959 I Fitness : FitCleanupIntentOperation received Intent android.intent.action.PACKAGE_CHANGED [CONTEXT service_id=17 ]
10-20 12:36:43.778   530   576 E system_server: No package ID 7f found for ID 0x7f080404.
10-20 12:36:43.778   530   576 E system_server: No package ID 7f found for ID 0x7f130a5b.
10-20 12:36:43.779   530   576 E system_server: No package ID 7f found for ID 0x7f080494.
10-20 12:36:43.779   530   576 E system_server: No package ID 7f found for ID 0x7f131e25.
10-20 12:36:43.792  2923  2964 I WM-WorkerWrapper: Worker result SUCCESS for Work [ id=de289da7-8733-4436-a427-17fc487245b2, tags={ com.google.android.apps.messaging.shared.datamodel.workqueue.WorkQueueWorkerShim, icing_index_update_handler- } ]
10-20 12:36:43.797  1701  1701 D NetworkSecurityConfig: No Network Security Config specified, using platform default
10-20 12:36:43.812  1101  2959 I Fitness : OnPackageChangedOperation got intent: Intent { act=android.intent.action.PACKAGE_CHANGED dat=package:com.google.android.googlequicksearchbox flg=0x45000010 pkg=com.google.android.gms cmp=com.google.android.gms/.chimera.PersistentIntentOperationService (has extras) } [CONTEXT service_id=17 ]
10-20 12:36:43.815  2472  2488 I DynamiteModule: Considering local module com.google.android.gms.googlecertificates:6 and remote module com.google.android.gms.googlecertificates:6
10-20 12:36:43.815  2472  2488 I DynamiteModule: Selected local version of com.google.android.gms.googlecertificates
10-20 12:36:43.834   344   344 D Zygote  : Forked child process 4416
10-20 12:36:43.864  3315  3315 I ViewInteraction: Checking 'MatchesViewAssertion{viewMatcher=an instance of android.widget.TextView and view.getText() with or without transformation to match: a string containing "Subtotal: $2.50"}' assertion on view view.getId() is <2131231217/com.example.lunchtray:id/subtotal>
10-20 12:36:43.866  3315  3315 I ViewInteraction: Performing 'single click' action on view view.getId() is <2131231187/com.example.lunchtray:id/soup>
10-20 12:36:43.870   985   985 D CarrierSvcBindHelper: No carrier app for: 0
10-20 12:36:43.870   985   985 I ImsExternalCallTracker: handleVideoCapabilitiesChanged : isVideoCapable = false
10-20 12:36:43.870   985   985 D ImsExternalCallTracker: refreshCallPullState
10-20 12:36:43.870   985   985 I Telephony: handleVideoCapabilitesChanged. Video capability - false
10-20 12:36:43.873  4416  4416 W com.android.nf: Unexpected CPU variant for X86 using defaults: x86_64
10-20 12:36:43.888  4416  4416 E com.android.nf: Not starting debugger since process cannot load the jdwp agent.
10-20 12:36:43.889   985   985 D Telephony: isEmergencyPreferredAccount: subId=1, activeData=1
10-20 12:36:43.889   985   985 D Telephony: isEmergencyPreferredAccount: Device does not require preference.
10-20 12:36:43.895  1171  4214 I Icing   : Indexing com.google.android.gms-apps from com.google.android.gms
10-20 12:36:43.903   787   787 D InterruptionStateProvider: No bubble up: not allowed to bubble: 0|com.google.android.apps.messaging|1|null|10098
10-20 12:36:43.904   787   787 D InterruptionStateProvider: No heads up: unimportant notification: 0|com.google.android.apps.messaging|1|null|10098
10-20 12:36:43.905   787   858 D PeopleSpaceWidgetMgr: Sbn doesn't contain valid PeopleTileKey: null/0/com.google.android.apps.messaging
10-20 12:36:43.920  3962  4082 W ProviderInstaller: Failed to load providerinstaller module: No acceptable module found. Local version is 0 and remote version is 0.
10-20 12:36:43.940   985   985 W Telephony: registerMmTelCapabilityCallback: registration failed, no ImsService available. Exception: CapabilityCallbackManager - MmTelFeature binder is dead. (code: 1)
10-20 12:36:43.948  1171  4214 I Icing   : Indexing done com.google.android.apps.messaging-internal.3p:Person_no_gsa
10-20 12:36:43.951  3962  4082 D nativeloader: classloader namespace configured for unbundled product apk. library_path=/product/priv-app/PrebuiltGmsCore/lib/x86_64:/product/priv-app/PrebuiltGmsCore/PrebuiltGmsCore.apk!/lib/x86_64:/product/lib64:/system/product/lib64
10-20 12:36:43.963  4416  4416 D CompatibilityChangeReporter: Compat change id reported: 171979766; UID 1027; state: ENABLED
10-20 12:36:43.981  4339  4339 D IMSSE-FcmRegistrationService: initialize FirebaseApp
10-20 12:36:43.997  4004  4004 I SetupWizard: [PreDeferredServiceScheduler] onStartJob
10-20 12:36:43.998  4004  4004 I SetupWizard: [PreDeferredServiceSchedulerUtil] Does user chooses mobileData? false
10-20 12:36:44.001  4339  4339 W ComponentDiscovery: Class com.google.firebase.dynamicloading.DynamicLoadingRegistrar is not an found.
10-20 12:36:44.002  4004  4004 I SetupWizard: [PreDeferredServiceSchedulerUtil] Current network type is 1
10-20 12:36:44.006  4004  4004 I SetupWizard: [PreDeferredServiceScheduler] cancel Job
10-20 12:36:44.008   985   985 I Telephony: isRttCurrentlySupported -- regular acct, hasVoiceAvailability: false
10-20 12:36:44.008   985   985 I Telephony:  isRttSupported: false
10-20 12:36:44.008   985   985 I Telephony:  alwaysAllowWhileRoaming: false
10-20 12:36:44.008   985   985 I Telephony:  isRoaming: false
10-20 12:36:44.008   985   985 I Telephony:  isOnWfc: false
10-20 12:36:44.029  4339  4339 I FirebaseApp: Device unlocked: initializing all Firebase APIs for app [DEFAULT]
10-20 12:36:44.029  4416  4416 V GraphicsEnvironment: ANGLE Developer option for 'com.android.nfc' set to: 'default'
10-20 12:36:44.029  4416  4416 V GraphicsEnvironment: Neither updatable production driver nor prerelease driver is supported.
10-20 12:36:44.033  4416  4416 D NetworkSecurityConfig: No Network Security Config specified, using platform default
10-20 12:36:44.033  4416  4416 D NetworkSecurityConfig: No Network Security Config specified, using platform default
10-20 12:36:44.038  3962  4082 V NativeCrypto: Registering com/google/android/gms/org/conscrypt/NativeCrypto's 294 native methods...
10-20 12:36:44.057  2327  2327 I Finsky  : [2] wne.a(4): SCH: onJobSchedulerWakeup with jobId 9000
10-20 12:36:44.061   803   963 W Role    : Cannot get ApplicationInfo for default holder: com.google.android.as
10-20 12:36:44.078  1171  4214 I Icing   : Indexing done com.google.android.gms-apps
10-20 12:36:44.087  3962  4082 I ProviderInstaller: Installed default security provider GmsCore_OpenSSL
10-20 12:36:44.093   530   540 I system_server: Background concurrent copying GC freed 309513(14MB) AllocSpace objects, 74(3612KB) LOS objects, 50% free, 18MB/37MB, paused 1.211ms,69us total 440.115ms
10-20 12:36:44.109   773   773 V MediaPlayerList: mPackageChangedBroadcastReceiver: action: android.intent.action.PACKAGE_CHANGED
10-20 12:36:44.109   773   773 D MediaPlayerList: Name of package changed: com.android.nfc
10-20 12:36:44.114   530   636 I InputReader: Reconfiguring input devices, changes=KEYBOARD_LAYOUTS |
10-20 12:36:44.115  2472  2790 D EGL_emulation: eglCreateContext: 0x703ab789f810: maj 3 min 0 rcv 3
10-20 12:36:44.119   803   963 W Role    : Cannot get ApplicationInfo for default holder: com.google.android.as
10-20 12:36:44.120   344   344 I Zygote  : Process 4416 exited due to signal 9 (Killed)
10-20 12:36:44.134  2404  2513 E ApplicationPropertiesBu: Date 2021-01-09T00:00:00Z is out of expected range.
10-20 12:36:44.134  2404  2513 E ApplicationPropertiesBu: Date 2021-03-01T00:00:00Z is out of expected range.
10-20 12:36:44.135  2404  2513 E ApplicationPropertiesBu: Date 2021-03-22T00:00:00Z is out of expected range.
10-20 12:36:44.135  2404  2513 E ApplicationPropertiesBu: Date 2021-04-05T00:00:00Z is out of expected range.
10-20 12:36:44.135  2404  2513 E ApplicationPropertiesBu: Date 2021-05-19T00:00:00Z is out of expected range.
10-20 12:36:44.136  2404  2513 E ApplicationPropertiesBu: Date 2021-05-21T00:00:00Z is out of expected range.
10-20 12:36:44.136  2404  2513 E ApplicationPropertiesBu: Date 2021-05-22T00:00:00Z is out of expected range.
10-20 12:36:44.137  1101  1601 I Fitness : FitCleanupIntentOperation received Intent android.intent.action.PACKAGE_CHANGED [CONTEXT service_id=17 ]
10-20 12:36:44.137  3934  4445 I ProvidersCache: Provider returned no roots. Possibly naughty: com.google.android.apps.docs.storage
10-20 12:36:44.136  2404  2513 E ApplicationPropertiesBu: Date 2021-05-31T00:00:00Z is out of expected range.
10-20 12:36:44.138  2404  2513 E ApplicationPropertiesBu: Date 2021-06-03T00:00:00Z is out of expected range.
10-20 12:36:44.140   530   579 I libprocessgroup: Successfully killed process cgroup uid 1027 pid 4416 in 42ms
10-20 12:36:44.140  2404  2513 E ApplicationPropertiesBu: Date 2021-06-10T00:00:00Z is out of expected range.
10-20 12:36:44.141  2404  2513 E ApplicationPropertiesBu: Date 2021-06-18T00:00:00Z is out of expected range.
10-20 12:36:44.142  2404  2513 E ApplicationPropertiesBu: Date 2021-06-21T00:00:00Z is out of expected range.
10-20 12:36:44.142  2404  2513 E ApplicationPropertiesBu: Date 2021-06-23T00:00:00Z is out of expected range.
10-20 12:36:44.143  2404  2513 E ApplicationPropertiesBu: Date 2021-06-24T00:00:00Z is out of expected range.
10-20 12:36:44.149   530   542 W System  : A resource failed to call release.
10-20 12:36:44.150   530   530 D WifiService: Remove settings for package:com.android.nfc
10-20 12:36:44.151   530   716 D WifiConfigManager: Remove all networks for app ApplicationInfo{fca3942 com.android.nfc}
10-20 12:36:44.153  1101  2959 I Fitness : OnPackageChangedOperation got intent: Intent { act=android.intent.action.PACKAGE_CHANGED dat=package:com.google.android.apps.messaging flg=0x45000010 pkg=com.google.android.gms cmp=com.google.android.gms/.chimera.PersistentIntentOperationService (has extras) } [CONTEXT service_id=17 ]
10-20 12:36:44.169   803   824 I PermissionControllerServiceImpl: Updating user sensitive for uid 1027
10-20 12:36:44.184  3315  3315 I ViewInteraction: Checking 'MatchesViewAssertion{viewMatcher=an instance of android.widget.TextView and view.getText() with or without transformation to match: a string containing "Subtotal: $3.00"}' assertion on view view.getId() is <2131231217/com.example.lunchtray:id/subtotal>
10-20 12:36:44.186  3315  3315 I ViewInteraction: Performing 'single click' action on view view.getId() is <2131231121/com.example.lunchtray:id/potatoes>
10-20 12:36:44.243  1101  4383 I Fitness : FitCleanupIntentOperation received Intent android.intent.action.PACKAGE_CHANGED [CONTEXT service_id=17 ]
10-20 12:36:44.256  1101  4383 I Fitness : OnPackageChangedOperation got intent: Intent { act=android.intent.action.PACKAGE_CHANGED dat=package:com.android.vending flg=0x5000010 pkg=com.google.android.gms cmp=com.google.android.gms/.chimera.PersistentIntentOperationService (has extras) } [CONTEXT service_id=17 ]
10-20 12:36:44.267   530   716 D WifiConfigStore: Writing to stores completed in 103 ms.
10-20 12:36:44.277   530   630 I RoleService: Granting default roles...
10-20 12:36:44.280  2472  2790 D EGL_emulation: eglCreateContext: 0x703ab789f810: maj 3 min 0 rcv 3
10-20 12:36:44.300   530   716 I PasspointManager: No app ops listener found for com.android.nfc
10-20 12:36:44.313   803   963 W Role    : Cannot get ApplicationInfo for default holder: com.google.android.contacts
10-20 12:36:44.315   803   963 W Role    : Cannot get ApplicationInfo for default holder: com.google.android.as
10-20 12:36:44.323   985   985 D CarrierSvcBindHelper: No carrier app for: 0
10-20 12:36:44.327   787   848 D EGL_emulation: app_time_stats: avg=1136.76ms min=16.43ms max=4419.87ms count=4
10-20 12:36:44.363   985   985 D CarrierSvcBindHelper: No carrier app for: 0
10-20 12:36:44.370  1101  2959 I Fitness : FitCleanupIntentOperation received Intent android.intent.action.PACKAGE_CHANGED [CONTEXT service_id=17 ]
10-20 12:36:44.375   530   542 W System  : A resource failed to call close.
10-20 12:36:44.383  1101  2959 I Fitness : OnPackageChangedOperation got intent: Intent { act=android.intent.action.PACKAGE_CHANGED dat=package:com.google.android.setupwizard flg=0x45000010 pkg=com.google.android.gms cmp=com.google.android.gms/.chimera.PersistentIntentOperationService (has extras) } [CONTEXT service_id=17 ]
10-20 12:36:44.383  2472  2790 W SystemServiceRegistry: No service published for: persistent_data_block
10-20 12:36:44.384   530   576 E system_server: No package ID 7f found for ID 0x7f0801a0.
10-20 12:36:44.384   530   576 E system_server: No package ID 7f found for ID 0x7f1303b3.
10-20 12:36:44.384   530   576 E system_server: No package ID 7f found for ID 0x7f1303b4.
10-20 12:36:44.384   530   576 E system_server: No package ID 7f found for ID 0x7f0801a1.
10-20 12:36:44.384   530   576 E system_server: No package ID 7f found for ID 0x7f1303b5.
10-20 12:36:44.384   530   576 E system_server: No package ID 7f found for ID 0x7f1303b6.
10-20 12:36:44.398  1101  2959 I Fitness : FitCleanupIntentOperation received Intent android.intent.action.PACKAGE_CHANGED [CONTEXT service_id=17 ]
10-20 12:36:44.399   530   542 W System  : A resource failed to call close.
10-20 12:36:44.400   530   542 W System  : A resource failed to call close.
10-20 12:36:44.403  1101  2493 I Fitness : OnPackageChangedOperation got intent: Intent { act=android.intent.action.PACKAGE_CHANGED dat=package:com.google.android.apps.docs flg=0x45000010 pkg=com.google.android.gms cmp=com.google.android.gms/.chimera.PersistentIntentOperationService (has extras) } [CONTEXT service_id=17 ]
10-20 12:36:44.406   530   564 E SoundTriggerMiddlewareLogging: listModules[this=com.android.server.soundtrigger_middleware.SoundTriggerMiddlewareImpl@60eca9d, client={ attributionTag: null, packageName: "com.google.android.googlequicksearchbox", pid: 2404, uid: 10104 }]() threw
10-20 12:36:44.406   530   564 E SoundTriggerMiddlewareLogging: java.lang.SecurityException: Failed to obtain permission android.permission.RECORD_AUDIO for identity { attributionTag: null, packageName: "com.google.android.googlequicksearchbox", pid: 2404, uid: 10104 }
10-20 12:36:44.406   530   564 E SoundTriggerMiddlewareLogging: 	at com.android.server.soundtrigger_middleware.SoundTriggerMiddlewarePermission.enforcePermissionForPreflight(SoundTriggerMiddlewarePermission.java:196)
10-20 12:36:44.406   530   564 E SoundTriggerMiddlewareLogging: 	at com.android.server.soundtrigger_middleware.SoundTriggerMiddlewarePermission.enforcePermissionsForPreflight(SoundTriggerMiddlewarePermission.java:128)
10-20 12:36:44.406   530   564 E SoundTriggerMiddlewareLogging: 	at com.android.server.soundtrigger_middleware.SoundTriggerMiddlewarePermission.listModules(SoundTriggerMiddlewarePermission.java:79)
10-20 12:36:44.406   530   564 E SoundTriggerMiddlewareLogging: 	at com.android.server.soundtrigger_middleware.SoundTriggerMiddlewareLogging.listModules(SoundTriggerMiddlewareLogging.java:76)
10-20 12:36:44.406   530   564 E SoundTriggerMiddlewareLogging: 	at com.android.server.soundtrigger_middleware.SoundTriggerMiddlewareService.listModulesAsMiddleman(SoundTriggerMiddlewareService.java:103)
10-20 12:36:44.406   530   564 E SoundTriggerMiddlewareLogging: 	at android.hardware.soundtrigger.SoundTrigger.listModulesAsMiddleman(SoundTrigger.java:2078)
10-20 12:36:44.406   530   564 E SoundTriggerMiddlewareLogging: 	at com.android.server.soundtrigger.SoundTriggerService$1.listModuleProperties(SoundTriggerService.java:227)
10-20 12:36:44.406   530   564 E SoundTriggerMiddlewareLogging: 	at com.android.server.soundtrigger.SoundTriggerHelper.<init>(SoundTriggerHelper.java:155)
10-20 12:36:44.406   530   564 E SoundTriggerMiddlewareLogging: 	at com.android.server.soundtrigger.SoundTriggerService.newSoundTriggerHelper(SoundTriggerService.java:223)
10-20 12:36:44.406   530   564 E SoundTriggerMiddlewareLogging: 	at com.android.server.soundtrigger.SoundTriggerService.access$000(SoundTriggerService.java:106)
10-20 12:36:44.406   530   564 E SoundTriggerMiddlewareLogging: 	at com.android.server.soundtrigger.SoundTriggerService$SoundTriggerSessionStub.<init>(SoundTriggerService.java:272)
10-20 12:36:44.406   530   564 E SoundTriggerMiddlewareLogging: 	at com.android.server.soundtrigger.SoundTriggerService$SoundTriggerServiceStub.attachAsOriginator(SoundTriggerService.java:246)
10-20 12:36:44.406   530   564 E SoundTriggerMiddlewareLogging: 	at com.android.internal.app.ISoundTriggerService$Stub.onTransact(ISoundTriggerService.java:138)
10-20 12:36:44.406   530   564 E SoundTriggerMiddlewareLogging: 	at android.os.Binder.execTransactInternal(Binder.java:1179)
10-20 12:36:44.406   530   564 E SoundTriggerMiddlewareLogging: 	at android.os.Binder.execTransact(Binder.java:1143)
10-20 12:36:44.406   530   564 W SoundTrigger: Exception caught
10-20 12:36:44.406   530   564 W SoundTrigger: java.lang.SecurityException: Failed to obtain permission android.permission.RECORD_AUDIO for identity { attributionTag: null, packageName: "com.google.android.googlequicksearchbox", pid: 2404, uid: 10104 }
10-20 12:36:44.406   530   564 W SoundTrigger: 	at com.android.server.soundtrigger_middleware.SoundTriggerMiddlewarePermission.enforcePermissionForPreflight(SoundTriggerMiddlewarePermission.java:196)
10-20 12:36:44.406   530   564 W SoundTrigger: 	at com.android.server.soundtrigger_middleware.SoundTriggerMiddlewarePermission.enforcePermissionsForPreflight(SoundTriggerMiddlewarePermission.java:128)
10-20 12:36:44.406   530   564 W SoundTrigger: 	at com.android.server.soundtrigger_middleware.SoundTriggerMiddlewarePermission.listModules(SoundTriggerMiddlewarePermission.java:79)
10-20 12:36:44.406   530   564 W SoundTrigger: 	at com.android.server.soundtrigger_middleware.SoundTriggerMiddlewareLogging.listModules(SoundTriggerMiddlewareLogging.java:76)
10-20 12:36:44.406   530   564 W SoundTrigger: 	at com.android.server.soundtrigger_middleware.SoundTriggerMiddlewareService.listModulesAsMiddleman(SoundTriggerMiddlewareService.java:103)
10-20 12:36:44.406   530   564 W SoundTrigger: 	at android.hardware.soundtrigger.SoundTrigger.listModulesAsMiddleman(SoundTrigger.java:2078)
10-20 12:36:44.406   530   564 W SoundTrigger: 	at com.android.server.soundtrigger.SoundTriggerService$1.listModuleProperties(SoundTriggerService.java:227)
10-20 12:36:44.406   530   564 W SoundTrigger: 	at com.android.server.soundtrigger.SoundTriggerHelper.<init>(SoundTriggerHelper.java:155)
10-20 12:36:44.406   530   564 W SoundTrigger: 	at com.android.server.soundtrigger.SoundTriggerService.newSoundTriggerHelper(SoundTriggerService.java:223)
10-20 12:36:44.406   530   564 W SoundTrigger: 	at com.android.server.soundtrigger.SoundTriggerService.access$000(SoundTriggerService.java:106)
10-20 12:36:44.406   530   564 W SoundTrigger: 	at com.android.server.soundtrigger.SoundTriggerService$SoundTriggerSessionStub.<init>(SoundTriggerService.java:272)
10-20 12:36:44.406   530   564 W SoundTrigger: 	at com.android.server.soundtrigger.SoundTriggerService$SoundTriggerServiceStub.attachAsOriginator(SoundTriggerService.java:246)
10-20 12:36:44.406   530   564 W SoundTrigger: 	at com.android.internal.app.ISoundTriggerService$Stub.onTransact(ISoundTriggerService.java:138)
10-20 12:36:44.406   530   564 W SoundTrigger: 	at android.os.Binder.execTransactInternal(Binder.java:1179)
10-20 12:36:44.406   530   564 W SoundTrigger: 	at android.os.Binder.execTransact(Binder.java:1143)
10-20 12:36:44.415  2404  2793 I A       : getModuleProperties: device does not support SoundTrigger recognition
10-20 12:36:44.445   985   985 D CarrierSvcBindHelper: No carrier app for: 0
10-20 12:36:44.447   530   576 E system_server: No package ID 7f found for ID 0x7f020353.
10-20 12:36:44.447   530   576 E system_server: No package ID 7f found for ID 0x7f0416d8.
10-20 12:36:44.447   530   576 E system_server: No package ID 7f found for ID 0x7f020352.
10-20 12:36:44.447   530   576 E system_server: No package ID 7f found for ID 0x7f040753.
10-20 12:36:44.447   530   576 E system_server: No package ID 7f found for ID 0x7f020351.
10-20 12:36:44.447   530   576 E system_server: No package ID 7f found for ID 0x7f040f21.
10-20 12:36:44.448   803   963 W Role    : Cannot get ApplicationInfo for default holder: com.google.android.as
10-20 12:36:44.451   803   963 W Role    : Cannot get ApplicationInfo for default holder: com.google.android.as
10-20 12:36:44.480  3315  3370 D EGL_emulation: app_time_stats: avg=10.34ms min=1.51ms max=143.76ms count=61
10-20 12:36:44.517   985   985 D CarrierSvcBindHelper: No carrier app for: 0
10-20 12:36:44.518   985   985 D CarrierKeyDownloadManager: Carrier Config changed: android.telephony.action.CARRIER_CONFIG_CHANGED
10-20 12:36:44.531  1101  2959 I Fitness : FitCleanupIntentOperation received Intent android.intent.action.PACKAGE_CHANGED [CONTEXT service_id=17 ]
10-20 12:36:44.535  1101  2959 I Fitness : OnPackageChangedOperation got intent: Intent { act=android.intent.action.PACKAGE_CHANGED dat=package:com.google.android.apps.maps flg=0x5000010 pkg=com.google.android.gms cmp=com.google.android.gms/.chimera.PersistentIntentOperationService (has extras) } [CONTEXT service_id=17 ]
10-20 12:36:44.544  3315  3315 I ViewInteraction: Checking 'MatchesViewAssertion{viewMatcher=an instance of android.widget.TextView and view.getText() with or without transformation to match: a string containing "Subtotal: $2.00"}' assertion on view view.getId() is <2131231217/com.example.lunchtray:id/subtotal>
10-20 12:36:44.546  3315  3315 I ViewInteraction: Performing 'single click' action on view view.getId() is <2131231128/com.example.lunchtray:id/rice>
10-20 12:36:44.657   803   963 W Role    : Cannot get ApplicationInfo for default holder: com.google.android.as
10-20 12:36:44.657   985   985 I ImsResolver: Received Carrier Config Changed for SlotId: 0, sim state: 5
10-20 12:36:44.657   985   985 I TelephonyRcsService: updateFeatureControllerSubscription: slotId=0, oldSubId= 1, subId=1, existing feature=false
10-20 12:36:44.658  1171  4216 I Icing   : updateResources: need to parse afmw{com.google.android.gms}
10-20 12:36:44.661  1171  1171 D BoundBrokerSvc: onUnbind: Intent { act=com.google.android.mdd.service.START cmp=com.google.android.gms/.chimera.GmsBoundBrokerService }
10-20 12:36:44.673   985   985 I Telephony: Carrier-config changed, checking for phone account updates.
10-20 12:36:44.673   985   985 D Telephony: TelecomAccountRegistry: handleCarrierConfigChange: subId=1, accountSubId=1
10-20 12:36:44.677   985   985 D Telephony: isEmergencyPreferredAccount: subId=1, activeData=1
10-20 12:36:44.677   985   985 D Telephony: isEmergencyPreferredAccount: Device does not require preference.
10-20 12:36:44.712  1101  4383 I Fitness : FitCleanupIntentOperation received Intent android.intent.action.PACKAGE_CHANGED [CONTEXT service_id=17 ]
10-20 12:36:44.719  1101  2493 I Fitness : OnPackageChangedOperation got intent: Intent { act=android.intent.action.PACKAGE_CHANGED dat=package:com.google.android.gms flg=0x45000010 pkg=com.google.android.gms cmp=com.google.android.gms/.chimera.PersistentIntentOperationService (has extras) } [CONTEXT service_id=17 ]
10-20 12:36:44.735   985   985 W Telephony: registerMmTelCapabilityCallback: registration failed, no ImsService available. Exception: CapabilityCallbackManager - MmTelFeature binder is dead. (code: 1)
10-20 12:36:44.757   985   985 I Telephony: isRttCurrentlySupported -- regular acct, hasVoiceAvailability: false
10-20 12:36:44.757   985   985 I Telephony:  isRttSupported: false
10-20 12:36:44.757   985   985 I Telephony:  alwaysAllowWhileRoaming: false
10-20 12:36:44.757   985   985 I Telephony:  isRoaming: false
10-20 12:36:44.757   985   985 I Telephony:  isOnWfc: false
10-20 12:36:44.771  2472  2790 D EGL_emulation: eglCreateContext: 0x703ab789f2d0: maj 3 min 0 rcv 3
10-20 12:36:44.798  1101  2493 I Fitness : FitCleanupIntentOperation received Intent android.intent.action.PACKAGE_CHANGED [CONTEXT service_id=17 ]
10-20 12:36:44.816  1101  4383 I Fitness : OnPackageChangedOperation got intent: Intent { act=android.intent.action.PACKAGE_CHANGED dat=package:com.google.android.gsf flg=0x45000010 pkg=com.google.android.gms cmp=com.google.android.gms/.chimera.PersistentIntentOperationService (has extras) } [CONTEXT service_id=17 ]
10-20 12:36:44.860   985   985 I Telephony: reRegisterPstnPhoneAccount: subId: 1 - no change
10-20 12:36:44.862   985   985 D ImsResolver: maybeAddedImsService, packageName: com.google.android.youtube
10-20 12:36:44.862   985   985 D ImsResolver: maybeAddedImsService, packageName: com.google.android.googlequicksearchbox
10-20 12:36:44.864   985   985 D OtaspSimStateReceiver: Received intent: android.telephony.action.CARRIER_CONFIG_CHANGED
10-20 12:36:44.866  1101  4383 I Fitness : FitCleanupIntentOperation received Intent android.intent.action.PACKAGE_CHANGED [CONTEXT service_id=17 ]
10-20 12:36:44.869   985   985 D OtaspSimStateReceiver: otasp activation not needed: no supported carrier
10-20 12:36:44.869   985   985 D ImsResolver: maybeAddedImsService, packageName: com.google.android.apps.messaging
10-20 12:36:44.870   985   985 D ImsResolver: maybeAddedImsService, packageName: com.android.vending
10-20 12:36:44.872   985   985 D ImsResolver: maybeAddedImsService, packageName: com.google.android.setupwizard
10-20 12:36:44.875  1101  2493 I Fitness : OnPackageChangedOperation got intent: Intent { act=android.intent.action.PACKAGE_CHANGED dat=package:com.google.android.partnersetup flg=0x45000010 pkg=com.google.android.gms cmp=com.google.android.gms/.chimera.PersistentIntentOperationService (has extras) } [CONTEXT service_id=17 ]
10-20 12:36:44.876   985   985 D ImsResolver: maybeAddedImsService, packageName: com.google.android.apps.docs
10-20 12:36:44.880   985   985 D ImsResolver: maybeAddedImsService, packageName: com.google.android.apps.maps
10-20 12:36:44.881   985   985 D ImsResolver: maybeAddedImsService, packageName: com.google.android.gms
10-20 12:36:44.897  1171  4216 I Icing   : Indexing com.google.android.apps.messaging-internal.3p:Person_no_gsa from com.google.android.apps.messaging
10-20 12:36:44.898  1171  4216 I Icing   : Indexing done com.google.android.apps.messaging-internal.3p:Person_no_gsa
10-20 12:36:44.921   803   963 W Role    : Cannot get ApplicationInfo for default holder: com.google.android.as
10-20 12:36:44.922   985   985 D CarrierSvcBindHelper: No carrier app for: 0
10-20 12:36:44.923   985   985 I VvmSimStateTracker: android.intent.action.BOOT_COMPLETED
10-20 12:36:44.923   985   985 D ImsResolver: maybeAddedImsService, packageName: com.google.android.gsf
10-20 12:36:44.923  1056  1073 W System  : A resource failed to call release.
10-20 12:36:44.923  1056  1073 W System  : A resource failed to call release.
10-20 12:36:44.923  1056  1073 W System  : A resource failed to call release.
10-20 12:36:44.925   985   985 D ImsResolver: maybeAddedImsService, packageName: com.google.android.partnersetup
10-20 12:36:44.927  1171  4214 I Icing   : Indexing com.google.android.gms-apps from com.google.android.gms
10-20 12:36:44.929  1171  1179 I gle.android.gm: Background concurrent copying GC freed 191150(8717KB) AllocSpace objects, 58(2460KB) LOS objects, 49% free, 12MB/24MB, paused 2.106ms,55us total 324.314ms
10-20 12:36:44.938   985   985 D ImsResolver: maybeAddedImsService, packageName: com.google.android.calendar
10-20 12:36:44.938  1101  2493 I Fitness : FitCleanupIntentOperation received Intent android.intent.action.PACKAGE_CHANGED [CONTEXT service_id=17 ]
10-20 12:36:44.939   803   963 W Role    : Cannot get ApplicationInfo for default holder: com.google.android.as
