10-20 12:37:05.127  3315  3354 I TestRunner: started: order_reset_after_cancel_from_side_menu(com.example.lunchtray.OrderFunctionalityTests)
10-20 12:37:05.127  3315  3315 V ActivityScenario: Activity lifecycle changed event received but ignored because the intent does not match. startActivityIntent=Intent { act=android.intent.action.MAIN cat=[android.intent.category.LAUNCHER] cmp=com.example.lunchtray/.MainActivity }, activity.getIntent()=Intent { act=android.intent.action.MAIN cat=[android.intent.category.LAUNCHER] cmp=com.example.lunchtray/androidx.fragment.app.testing.FragmentScenario$EmptyFragmentActivity (has extras) }, activity=androidx.fragment.app.testing.FragmentScenario$EmptyFragmentActivity@d25181b
10-20 12:37:05.127  3315  3315 V ActivityScenario: Update currentActivityStage to DESTROYED, currentActivity=null
10-20 12:37:05.129  2404  2507 I A       : #Utterance files for modelType-2 found-0
10-20 12:37:05.129  2404  2507 I A       : Utterances rename task completed.
10-20 12:37:05.138   530  2646 W InputManager-JNI: Input channel object '5d05ad8 com.example.lunchtray/androidx.fragment.app.testing.FragmentScenario$EmptyFragmentActivity (client)' was disposed without first being removed with the input manager!
10-20 12:37:05.141   407   407 W SurfaceFlinger: couldn't log to binary event log: overflow.
10-20 12:37:05.158  3315  3354 W Settings: Setting always_finish_activities has moved from android.provider.Settings.System to android.provider.Settings.Global, returning read-only value.
10-20 12:37:05.164   530   542 W System  : A resource failed to call close.
10-20 12:37:05.180  2404  2404 I A       : Util.isLowRamDevice: false, canUsePreemptibleAudioSource: true
10-20 12:37:05.201   362   374 D goldfish-address-space: claimShared: Ask to claim region [0x3f4f30000 0x3f5719000]
10-20 12:37:05.218   362   374 D goldfish-address-space: claimShared: Ask to claim region [0x3f5719000 0x3f5f02000]
10-20 12:37:05.226  2404  4822 I OpenGLRenderer: Davey! duration=9547ms; Flags=1, FrameTimelineVsyncId=6909, IntendedVsync=83447479628, Vsync=83447479628, InputEventId=0, HandleInputStart=83449906100, AnimationStart=83449927200, PerformTraversalsStart=83449969600, DrawStart=83514578400, FrameDeadline=83480812960, FrameInterval=83449893000, FrameStartTime=16666666, SyncQueued=83514699400, SyncStart=83517946000, IssueDrawCommandsStart=83518023900, SwapBuffers=83523420100, FrameCompleted=92998294000, DequeueBufferDuration=18400, QueueBufferDuration=389500, GpuCompleted=92998294000, SwapBuffersCompleted=83525235200, DisplayPresentTime=0,
10-20 12:37:05.230  3315  3315 D LifecycleMonitor: Lifecycle status change: androidx.test.core.app.InstrumentationActivityInvoker$BootstrapActivity@1c93ed7 in: PRE_ON_CREATE
10-20 12:37:05.230  3315  3315 V ActivityScenario: Activity lifecycle changed event received but ignored because the intent does not match. startActivityIntent=Intent { act=android.intent.action.MAIN cat=[android.intent.category.LAUNCHER] cmp=com.example.lunchtray/.MainActivity }, activity.getIntent()=Intent { act=android.intent.action.MAIN cat=[android.intent.category.LAUNCHER] flg=0x10008000 cmp=com.example.lunchtray/androidx.test.core.app.InstrumentationActivityInvoker$BootstrapActivity (has extras) }, activity=androidx.test.core.app.InstrumentationActivityInvoker$BootstrapActivity@1c93ed7
10-20 12:37:05.230  3315  3315 V ActivityScenario: Activity lifecycle changed event received but ignored because the intent does not match. startActivityIntent=Intent { act=android.intent.action.MAIN cat=[android.intent.category.LAUNCHER] cmp=com.example.lunchtray/.MainActivity }, activity.getIntent()=Intent { act=android.intent.action.MAIN cat=[android.intent.category.LAUNCHER] flg=0x10008000 cmp=com.example.lunchtray/androidx.test.core.app.InstrumentationActivityInvoker$BootstrapActivity (has extras) }, activity=androidx.test.core.app.InstrumentationActivityInvoker$BootstrapActivity@1c93ed7
10-20 12:37:05.230  3315  3315 V ActivityScenario: Activity lifecycle changed event received but ignored because the intent does not match. startActivityIntent=Intent { act=android.intent.action.MAIN cat=[android.intent.category.LAUNCHER] cmp=com.example.lunchtray/.MainActivity }, activity.getIntent()=Intent { act=android.intent.action.MAIN cat=[android.intent.category.LAUNCHER] flg=0x10008000 cmp=com.example.lunchtray/androidx.test.core.app.InstrumentationActivityInvoker$BootstrapActivity (has extras) }, activity=androidx.test.core.app.InstrumentationActivityInvoker$BootstrapActivity@1c93ed7
10-20 12:37:05.230  3315  3315 V ActivityScenario: Activity lifecycle changed event received but ignored because the intent does not match. startActivityIntent=Intent { act=android.intent.action.MAIN cat=[android.intent.category.LAUNCHER] cmp=com.example.lunchtray/androidx.fragment.app.testing.FragmentScenario$EmptyFragmentActivity (has extras) }, activity.getIntent()=Intent { act=android.intent.action.MAIN cat=[android.intent.category.LAUNCHER] flg=0x10008000 cmp=com.example.lunchtray/androidx.test.core.app.InstrumentationActivityInvoker$BootstrapActivity (has extras) }, activity=androidx.test.core.app.InstrumentationActivityInvoker$BootstrapActivity@1c93ed7
10-20 12:37:05.230  3315  3315 V ActivityScenario: Activity lifecycle changed event received but ignored because the intent does not match. startActivityIntent=Intent { act=android.intent.action.MAIN cat=[android.intent.category.LAUNCHER] cmp=com.example.lunchtray/.MainActivity }, activity.getIntent()=Intent { act=android.intent.action.MAIN cat=[android.intent.category.LAUNCHER] flg=0x10008000 cmp=com.example.lunchtray/androidx.test.core.app.InstrumentationActivityInvoker$BootstrapActivity (has extras) }, activity=androidx.test.core.app.InstrumentationActivityInvoker$BootstrapActivity@1c93ed7
10-20 12:37:05.234  5343  5343 V GraphicsEnvironment: ANGLE Developer option for 'com.android.chrome' set to: 'default'
10-20 12:37:05.234  5343  5343 V GraphicsEnvironment: Neither updatable production driver nor prerelease driver is supported.
10-20 12:37:05.236  5343  5343 D NetworkSecurityConfig: Using Network Security Config from resource 0_resource_name_obfuscated debugBuild: false
10-20 12:37:05.238  5343  5343 D NetworkSecurityConfig: Using Network Security Config from resource 0_resource_name_obfuscated debugBuild: false
10-20 12:37:05.242   407   407 I BpBinder: onLastStrongRef automatically unlinking death recipients: <uncached descriptor>
10-20 12:37:05.248   362   374 D goldfish-address-space: claimShared: Ask to claim region [0x3f5f02000 0x3f66eb000]
10-20 12:37:05.249  3315  3315 D LifecycleMonitor: Lifecycle status change: androidx.test.core.app.InstrumentationActivityInvoker$BootstrapActivity@1c93ed7 in: CREATED
10-20 12:37:05.249  3315  3315 V ActivityScenario: Activity lifecycle changed event received but ignored because the intent does not match. startActivityIntent=Intent { act=android.intent.action.MAIN cat=[android.intent.category.LAUNCHER] cmp=com.example.lunchtray/.MainActivity }, activity.getIntent()=Intent { act=android.intent.action.MAIN cat=[android.intent.category.LAUNCHER] flg=0x10008000 cmp=com.example.lunchtray/androidx.test.core.app.InstrumentationActivityInvoker$BootstrapActivity (has extras) }, activity=androidx.test.core.app.InstrumentationActivityInvoker$BootstrapActivity@1c93ed7
10-20 12:37:05.249  3315  3315 V ActivityScenario: Activity lifecycle changed event received but ignored because the intent does not match. startActivityIntent=Intent { act=android.intent.action.MAIN cat=[android.intent.category.LAUNCHER] cmp=com.example.lunchtray/.MainActivity }, activity.getIntent()=Intent { act=android.intent.action.MAIN cat=[android.intent.category.LAUNCHER] flg=0x10008000 cmp=com.example.lunchtray/androidx.test.core.app.InstrumentationActivityInvoker$BootstrapActivity (has extras) }, activity=androidx.test.core.app.InstrumentationActivityInvoker$BootstrapActivity@1c93ed7
10-20 12:37:05.249  3315  3315 V ActivityScenario: Activity lifecycle changed event received but ignored because the intent does not match. startActivityIntent=Intent { act=android.intent.action.MAIN cat=[android.intent.category.LAUNCHER] cmp=com.example.lunchtray/.MainActivity }, activity.getIntent()=Intent { act=android.intent.action.MAIN cat=[android.intent.category.LAUNCHER] flg=0x10008000 cmp=com.example.lunchtray/androidx.test.core.app.InstrumentationActivityInvoker$BootstrapActivity (has extras) }, activity=androidx.test.core.app.InstrumentationActivityInvoker$BootstrapActivity@1c93ed7
10-20 12:37:05.251  3315  3315 V ActivityScenario: Activity lifecycle changed event received but ignored because the intent does not match. startActivityIntent=Intent { act=android.intent.action.MAIN cat=[android.intent.category.LAUNCHER] cmp=com.example.lunchtray/androidx.fragment.app.testing.FragmentScenario$EmptyFragmentActivity (has extras) }, activity.getIntent()=Intent { act=android.intent.action.MAIN cat=[android.intent.category.LAUNCHER] flg=0x10008000 cmp=com.example.lunchtray/androidx.test.core.app.InstrumentationActivityInvoker$BootstrapActivity (has extras) }, activity=androidx.test.core.app.InstrumentationActivityInvoker$BootstrapActivity@1c93ed7
10-20 12:37:05.251  3315  3315 V ActivityScenario: Activity lifecycle changed event received but ignored because the intent does not match. startActivityIntent=Intent { act=android.intent.action.MAIN cat=[android.intent.category.LAUNCHER] cmp=com.example.lunchtray/.MainActivity }, activity.getIntent()=Intent { act=android.intent.action.MAIN cat=[android.intent.category.LAUNCHER] flg=0x10008000 cmp=com.example.lunchtray/androidx.test.core.app.InstrumentationActivityInvoker$BootstrapActivity (has extras) }, activity=androidx.test.core.app.InstrumentationActivityInvoker$BootstrapActivity@1c93ed7
10-20 12:37:05.252  3315  3315 D LifecycleMonitor: Lifecycle status change: androidx.test.core.app.InstrumentationActivityInvoker$BootstrapActivity@1c93ed7 in: STARTED
10-20 12:37:05.252  3315  3315 V ActivityScenario: Activity lifecycle changed event received but ignored because the intent does not match. startActivityIntent=Intent { act=android.intent.action.MAIN cat=[android.intent.category.LAUNCHER] cmp=com.example.lunchtray/.MainActivity }, activity.getIntent()=Intent { act=android.intent.action.MAIN cat=[android.intent.category.LAUNCHER] flg=0x10008000 cmp=com.example.lunchtray/androidx.test.core.app.InstrumentationActivityInvoker$BootstrapActivity (has extras) }, activity=androidx.test.core.app.InstrumentationActivityInvoker$BootstrapActivity@1c93ed7
10-20 12:37:05.252  3315  3315 V ActivityScenario: Activity lifecycle changed event received but ignored because the intent does not match. startActivityIntent=Intent { act=android.intent.action.MAIN cat=[android.intent.category.LAUNCHER] cmp=com.example.lunchtray/.MainActivity }, activity.getIntent()=Intent { act=android.intent.action.MAIN cat=[android.intent.category.LAUNCHER] flg=0x10008000 cmp=com.example.lunchtray/androidx.test.core.app.InstrumentationActivityInvoker$BootstrapActivity (has extras) }, activity=androidx.test.core.app.InstrumentationActivityInvoker$BootstrapActivity@1c93ed7
10-20 12:37:05.252  3315  3315 V ActivityScenario: Activity lifecycle changed event received but ignored because the intent does not match. startActivityIntent=Intent { act=android.intent.action.MAIN cat=[android.intent.category.LAUNCHER] cmp=com.example.lunchtray/.MainActivity }, activity.getIntent()=Intent { act=android.intent.action.MAIN cat=[android.intent.category.LAUNCHER] flg=0x10008000 cmp=com.example.lunchtray/androidx.test.core.app.InstrumentationActivityInvoker$BootstrapActivity (has extras) }, activity=androidx.test.core.app.InstrumentationActivityInvoker$BootstrapActivity@1c93ed7
10-20 12:37:05.252  3315  3315 V ActivityScenario: Activity lifecycle changed event received but ignored because the intent does not match. startActivityIntent=Intent { act=android.intent.action.MAIN cat=[android.intent.category.LAUNCHER] cmp=com.example.lunchtray/androidx.fragment.app.testing.FragmentScenario$EmptyFragmentActivity (has extras) }, activity.getIntent()=Intent { act=android.intent.action.MAIN cat=[android.intent.category.LAUNCHER] flg=0x10008000 cmp=com.example.lunchtray/androidx.test.core.app.InstrumentationActivityInvoker$BootstrapActivity (has extras) }, activity=androidx.test.core.app.InstrumentationActivityInvoker$BootstrapActivity@1c93ed7
10-20 12:37:05.252  3315  3315 V ActivityScenario: Activity lifecycle changed event received but ignored because the intent does not match. startActivityIntent=Intent { act=android.intent.action.MAIN cat=[android.intent.category.LAUNCHER] cmp=com.example.lunchtray/.MainActivity }, activity.getIntent()=Intent { act=android.intent.action.MAIN cat=[android.intent.category.LAUNCHER] flg=0x10008000 cmp=com.example.lunchtray/androidx.test.core.app.InstrumentationActivityInvoker$BootstrapActivity (has extras) }, activity=androidx.test.core.app.InstrumentationActivityInvoker$BootstrapActivity@1c93ed7
10-20 12:37:05.256   362   374 D goldfish-address-space: claimShared: Ask to claim region [0x3fa926000 0x3fb10f000]
10-20 12:37:05.258   362   404 D goldfish-address-space: claimShared: Ask to claim region [0x3fb10f000 0x3fb8f8000]
10-20 12:37:05.272  3315  3315 D LifecycleMonitor: Lifecycle status change: androidx.test.core.app.InstrumentationActivityInvoker$BootstrapActivity@1c93ed7 in: RESUMED
10-20 12:37:05.272  3315  3315 V ActivityScenario: Activity lifecycle changed event received but ignored because the intent does not match. startActivityIntent=Intent { act=android.intent.action.MAIN cat=[android.intent.category.LAUNCHER] cmp=com.example.lunchtray/.MainActivity }, activity.getIntent()=Intent { act=android.intent.action.MAIN cat=[android.intent.category.LAUNCHER] flg=0x10008000 cmp=com.example.lunchtray/androidx.test.core.app.InstrumentationActivityInvoker$BootstrapActivity (has extras) }, activity=androidx.test.core.app.InstrumentationActivityInvoker$BootstrapActivity@1c93ed7
10-20 12:37:05.272  3315  3315 V ActivityScenario: Activity lifecycle changed event received but ignored because the intent does not match. startActivityIntent=Intent { act=android.intent.action.MAIN cat=[android.intent.category.LAUNCHER] cmp=com.example.lunchtray/.MainActivity }, activity.getIntent()=Intent { act=android.intent.action.MAIN cat=[android.intent.category.LAUNCHER] flg=0x10008000 cmp=com.example.lunchtray/androidx.test.core.app.InstrumentationActivityInvoker$BootstrapActivity (has extras) }, activity=androidx.test.core.app.InstrumentationActivityInvoker$BootstrapActivity@1c93ed7
10-20 12:37:05.272  3315  3315 V ActivityScenario: Activity lifecycle changed event received but ignored because the intent does not match. startActivityIntent=Intent { act=android.intent.action.MAIN cat=[android.intent.category.LAUNCHER] cmp=com.example.lunchtray/.MainActivity }, activity.getIntent()=Intent { act=android.intent.action.MAIN cat=[android.intent.category.LAUNCHER] flg=0x10008000 cmp=com.example.lunchtray/androidx.test.core.app.InstrumentationActivityInvoker$BootstrapActivity (has extras) }, activity=androidx.test.core.app.InstrumentationActivityInvoker$BootstrapActivity@1c93ed7
10-20 12:37:05.272  3315  3315 V ActivityScenario: Activity lifecycle changed event received but ignored because the intent does not match. startActivityIntent=Intent { act=android.intent.action.MAIN cat=[android.intent.category.LAUNCHER] cmp=com.example.lunchtray/androidx.fragment.app.testing.FragmentScenario$EmptyFragmentActivity (has extras) }, activity.getIntent()=Intent { act=android.intent.action.MAIN cat=[android.intent.category.LAUNCHER] flg=0x10008000 cmp=com.example.lunchtray/androidx.test.core.app.InstrumentationActivityInvoker$BootstrapActivity (has extras) }, activity=androidx.test.core.app.InstrumentationActivityInvoker$BootstrapActivity@1c93ed7
10-20 12:37:05.272  3315  3315 V ActivityScenario: Activity lifecycle changed event received but ignored because the intent does not match. startActivityIntent=Intent { act=android.intent.action.MAIN cat=[android.intent.category.LAUNCHER] cmp=com.example.lunchtray/.MainActivity }, activity.getIntent()=Intent { act=android.intent.action.MAIN cat=[android.intent.category.LAUNCHER] flg=0x10008000 cmp=com.example.lunchtray/androidx.test.core.app.InstrumentationActivityInvoker$BootstrapActivity (has extras) }, activity=androidx.test.core.app.InstrumentationActivityInvoker$BootstrapActivity@1c93ed7
10-20 12:37:05.273  3315  3315 D LifecycleMonitor: Lifecycle status change: androidx.test.core.app.InstrumentationActivityInvoker$BootstrapActivity@1c93ed7 in: PAUSED
10-20 12:37:05.273   985   985 D CarrierSvcBindHelper: No carrier app for: 0
10-20 12:37:05.273  3315  3315 V ActivityScenario: Activity lifecycle changed event received but ignored because the intent does not match. startActivityIntent=Intent { act=android.intent.action.MAIN cat=[android.intent.category.LAUNCHER] cmp=com.example.lunchtray/.MainActivity }, activity.getIntent()=Intent { act=android.intent.action.MAIN cat=[android.intent.category.LAUNCHER] flg=0x10008000 cmp=com.example.lunchtray/androidx.test.core.app.InstrumentationActivityInvoker$BootstrapActivity (has extras) }, activity=androidx.test.core.app.InstrumentationActivityInvoker$BootstrapActivity@1c93ed7
10-20 12:37:05.273  3315  3315 V ActivityScenario: Activity lifecycle changed event received but ignored because the intent does not match. startActivityIntent=Intent { act=android.intent.action.MAIN cat=[android.intent.category.LAUNCHER] cmp=com.example.lunchtray/.MainActivity }, activity.getIntent()=Intent { act=android.intent.action.MAIN cat=[android.intent.category.LAUNCHER] flg=0x10008000 cmp=com.example.lunchtray/androidx.test.core.app.InstrumentationActivityInvoker$BootstrapActivity (has extras) }, activity=androidx.test.core.app.InstrumentationActivityInvoker$BootstrapActivity@1c93ed7
10-20 12:37:05.274  3315  3315 V ActivityScenario: Activity lifecycle changed event received but ignored because the intent does not match. startActivityIntent=Intent { act=android.intent.action.MAIN cat=[android.intent.category.LAUNCHER] cmp=com.example.lunchtray/.MainActivity }, activity.getIntent()=Intent { act=android.intent.action.MAIN cat=[android.intent.category.LAUNCHER] flg=0x10008000 cmp=com.example.lunchtray/androidx.test.core.app.InstrumentationActivityInvoker$BootstrapActivity (has extras) }, activity=androidx.test.core.app.InstrumentationActivityInvoker$BootstrapActivity@1c93ed7
10-20 12:37:05.274  3315  3315 V ActivityScenario: Activity lifecycle changed event received but ignored because the intent does not match. startActivityIntent=Intent { act=android.intent.action.MAIN cat=[android.intent.category.LAUNCHER] cmp=com.example.lunchtray/androidx.fragment.app.testing.FragmentScenario$EmptyFragmentActivity (has extras) }, activity.getIntent()=Intent { act=android.intent.action.MAIN cat=[android.intent.category.LAUNCHER] flg=0x10008000 cmp=com.example.lunchtray/androidx.test.core.app.InstrumentationActivityInvoker$BootstrapActivity (has extras) }, activity=androidx.test.core.app.InstrumentationActivityInvoker$BootstrapActivity@1c93ed7
10-20 12:37:05.274  3315  3315 V ActivityScenario: Activity lifecycle changed event received but ignored because the intent does not match. startActivityIntent=Intent { act=android.intent.action.MAIN cat=[android.intent.category.LAUNCHER] cmp=com.example.lunchtray/.MainActivity }, activity.getIntent()=Intent { act=android.intent.action.MAIN cat=[android.intent.category.LAUNCHER] flg=0x10008000 cmp=com.example.lunchtray/androidx.test.core.app.InstrumentationActivityInvoker$BootstrapActivity (has extras) }, activity=androidx.test.core.app.InstrumentationActivityInvoker$BootstrapActivity@1c93ed7
10-20 12:37:05.283  3315  3315 D LifecycleMonitor: Lifecycle status change: com.example.lunchtray.MainActivity@837775c in: PRE_ON_CREATE
10-20 12:37:05.283  3315  3315 V ActivityScenario: Activity lifecycle changed event received but ignored because the reported transition was not ON_CREATE while the last known transition was DESTROYED
10-20 12:37:05.283  3315  3315 V ActivityScenario: Activity lifecycle changed event received but ignored because the reported transition was not ON_CREATE while the last known transition was DESTROYED
10-20 12:37:05.283  3315  3315 V ActivityScenario: Activity lifecycle changed event received but ignored because the reported transition was not ON_CREATE while the last known transition was DESTROYED
10-20 12:37:05.284  3315  3315 V ActivityScenario: Activity lifecycle changed event received but ignored because the intent does not match. startActivityIntent=Intent { act=android.intent.action.MAIN cat=[android.intent.category.LAUNCHER] cmp=com.example.lunchtray/androidx.fragment.app.testing.FragmentScenario$EmptyFragmentActivity (has extras) }, activity.getIntent()=Intent { act=android.intent.action.MAIN cat=[android.intent.category.LAUNCHER] cmp=com.example.lunchtray/.MainActivity }, activity=com.example.lunchtray.MainActivity@837775c
10-20 12:37:05.284  3315  3315 V ActivityScenario: Activity lifecycle changed event received but ignored because the reported transition was not ON_CREATE while the last known transition was PRE_ON_CREATE
10-20 12:37:05.286   985   985 D ImsResolver: maybeAddedImsService, packageName: com.google.android.gm
10-20 12:37:05.303  3315  3315 D LifecycleMonitor: Lifecycle status change: com.example.lunchtray.MainActivity@837775c in: CREATED
10-20 12:37:05.303  3315  3315 V ActivityScenario: Update currentActivityStage to CREATED, currentActivity=com.example.lunchtray.MainActivity@837775c
10-20 12:37:05.303  3315  3315 V ActivityScenario: Update currentActivityStage to CREATED, currentActivity=com.example.lunchtray.MainActivity@837775c
10-20 12:37:05.303  3315  3315 V ActivityScenario: Update currentActivityStage to CREATED, currentActivity=com.example.lunchtray.MainActivity@837775c
10-20 12:37:05.303  3315  3315 V ActivityScenario: Activity lifecycle changed event received but ignored because the intent does not match. startActivityIntent=Intent { act=android.intent.action.MAIN cat=[android.intent.category.LAUNCHER] cmp=com.example.lunchtray/androidx.fragment.app.testing.FragmentScenario$EmptyFragmentActivity (has extras) }, activity.getIntent()=Intent { act=android.intent.action.MAIN cat=[android.intent.category.LAUNCHER] cmp=com.example.lunchtray/.MainActivity }, activity=com.example.lunchtray.MainActivity@837775c
10-20 12:37:05.303  3315  3315 V ActivityScenario: Update currentActivityStage to CREATED, currentActivity=com.example.lunchtray.MainActivity@837775c
10-20 12:37:05.308  3315  3315 D LifecycleMonitor: Lifecycle status change: com.example.lunchtray.MainActivity@837775c in: STARTED
10-20 12:37:05.308  3315  3315 V ActivityScenario: Update currentActivityStage to STARTED, currentActivity=com.example.lunchtray.MainActivity@837775c
10-20 12:37:05.309  3315  3315 V ActivityScenario: Update currentActivityStage to STARTED, currentActivity=com.example.lunchtray.MainActivity@837775c
10-20 12:37:05.309  3315  3315 V ActivityScenario: Update currentActivityStage to STARTED, currentActivity=com.example.lunchtray.MainActivity@837775c
10-20 12:37:05.309  3315  3315 V ActivityScenario: Activity lifecycle changed event received but ignored because the intent does not match. startActivityIntent=Intent { act=android.intent.action.MAIN cat=[android.intent.category.LAUNCHER] cmp=com.example.lunchtray/androidx.fragment.app.testing.FragmentScenario$EmptyFragmentActivity (has extras) }, activity.getIntent()=Intent { act=android.intent.action.MAIN cat=[android.intent.category.LAUNCHER] cmp=com.example.lunchtray/.MainActivity }, activity=com.example.lunchtray.MainActivity@837775c
10-20 12:37:05.309  3315  3315 V ActivityScenario: Update currentActivityStage to STARTED, currentActivity=com.example.lunchtray.MainActivity@837775c
10-20 12:37:05.309   362   404 D goldfish-address-space: claimShared: Ask to claim region [0x3f9421000 0x3f9c0a000]
10-20 12:37:05.309  3315  3315 D LifecycleMonitor: Lifecycle status change: com.example.lunchtray.MainActivity@837775c in: RESUMED
10-20 12:37:05.309  3315  3315 V ActivityScenario: Update currentActivityStage to RESUMED, currentActivity=com.example.lunchtray.MainActivity@837775c
10-20 12:37:05.309  3315  3315 V ActivityScenario: Update currentActivityStage to RESUMED, currentActivity=com.example.lunchtray.MainActivity@837775c
10-20 12:37:05.309  3315  3315 V ActivityScenario: Update currentActivityStage to RESUMED, currentActivity=com.example.lunchtray.MainActivity@837775c
10-20 12:37:05.309  3315  3315 V ActivityScenario: Activity lifecycle changed event received but ignored because the intent does not match. startActivityIntent=Intent { act=android.intent.action.MAIN cat=[android.intent.category.LAUNCHER] cmp=com.example.lunchtray/androidx.fragment.app.testing.FragmentScenario$EmptyFragmentActivity (has extras) }, activity.getIntent()=Intent { act=android.intent.action.MAIN cat=[android.intent.category.LAUNCHER] cmp=com.example.lunchtray/.MainActivity }, activity=com.example.lunchtray.MainActivity@837775c
10-20 12:37:05.310  3315  3315 V ActivityScenario: Update currentActivityStage to RESUMED, currentActivity=com.example.lunchtray.MainActivity@837775c
10-20 12:37:05.314  2404  2404 I Notifications: [ChimeBroadcastReceiver] Intent received for action [android.intent.action.BOOT_COMPLETED] package [com.google.android.googlequicksearchbox].
10-20 12:37:05.314  2404  2404 I Notifications: [ChimeBroadcastReceiver] Phenotype initialized.
10-20 12:37:05.322  3315  3315 D LifecycleMonitor: Lifecycle status change: androidx.test.core.app.InstrumentationActivityInvoker$BootstrapActivity@1c93ed7 in: STOPPED
10-20 12:37:05.323  3315  3315 V ActivityScenario: Activity lifecycle changed event received but ignored because the intent does not match. startActivityIntent=Intent { act=android.intent.action.MAIN cat=[android.intent.category.LAUNCHER] cmp=com.example.lunchtray/.MainActivity }, activity.getIntent()=Intent { act=android.intent.action.MAIN cat=[android.intent.category.LAUNCHER] flg=0x10008000 cmp=com.example.lunchtray/androidx.test.core.app.InstrumentationActivityInvoker$BootstrapActivity (has extras) }, activity=androidx.test.core.app.InstrumentationActivityInvoker$BootstrapActivity@1c93ed7
10-20 12:37:05.323  3315  3315 V ActivityScenario: Activity lifecycle changed event received but ignored because the intent does not match. startActivityIntent=Intent { act=android.intent.action.MAIN cat=[android.intent.category.LAUNCHER] cmp=com.example.lunchtray/.MainActivity }, activity.getIntent()=Intent { act=android.intent.action.MAIN cat=[android.intent.category.LAUNCHER] flg=0x10008000 cmp=com.example.lunchtray/androidx.test.core.app.InstrumentationActivityInvoker$BootstrapActivity (has extras) }, activity=androidx.test.core.app.InstrumentationActivityInvoker$BootstrapActivity@1c93ed7
10-20 12:37:05.323  3315  3315 V ActivityScenario: Activity lifecycle changed event received but ignored because the intent does not match. startActivityIntent=Intent { act=android.intent.action.MAIN cat=[android.intent.category.LAUNCHER] cmp=com.example.lunchtray/.MainActivity }, activity.getIntent()=Intent { act=android.intent.action.MAIN cat=[android.intent.category.LAUNCHER] flg=0x10008000 cmp=com.example.lunchtray/androidx.test.core.app.InstrumentationActivityInvoker$BootstrapActivity (has extras) }, activity=androidx.test.core.app.InstrumentationActivityInvoker$BootstrapActivity@1c93ed7
10-20 12:37:05.323  3315  3315 V ActivityScenario: Activity lifecycle changed event received but ignored because the intent does not match. startActivityIntent=Intent { act=android.intent.action.MAIN cat=[android.intent.category.LAUNCHER] cmp=com.example.lunchtray/androidx.fragment.app.testing.FragmentScenario$EmptyFragmentActivity (has extras) }, activity.getIntent()=Intent { act=android.intent.action.MAIN cat=[android.intent.category.LAUNCHER] flg=0x10008000 cmp=com.example.lunchtray/androidx.test.core.app.InstrumentationActivityInvoker$BootstrapActivity (has extras) }, activity=androidx.test.core.app.InstrumentationActivityInvoker$BootstrapActivity@1c93ed7
10-20 12:37:05.323  3315  3315 V ActivityScenario: Activity lifecycle changed event received but ignored because the intent does not match. startActivityIntent=Intent { act=android.intent.action.MAIN cat=[android.intent.category.LAUNCHER] cmp=com.example.lunchtray/.MainActivity }, activity.getIntent()=Intent { act=android.intent.action.MAIN cat=[android.intent.category.LAUNCHER] flg=0x10008000 cmp=com.example.lunchtray/androidx.test.core.app.InstrumentationActivityInvoker$BootstrapActivity (has extras) }, activity=androidx.test.core.app.InstrumentationActivityInvoker$BootstrapActivity@1c93ed7
10-20 12:37:05.336   803   963 W Role    : Cannot get ApplicationInfo for default holder: com.google.android.as
10-20 12:37:05.338   803   963 W Role    : Cannot get ApplicationInfo for default holder: com.google.android.as
10-20 12:37:05.351  2404  2404 I Notifications: [ChimeBroadcastReceiver] Validation OK for action [android.intent.action.BOOT_COMPLETED].
10-20 12:37:05.357   362   404 D goldfish-address-space: claimShared: Ask to claim region [0x3fd7bb000 0x3fdfa4000]
10-20 12:37:05.370   362   404 D goldfish-address-space: claimShared: Ask to claim region [0x3fdfa4000 0x3fe78d000]
10-20 12:37:05.372   362   404 D goldfish-address-space: claimShared: Ask to claim region [0x3fe78d000 0x3fef76000]
10-20 12:37:05.390  2404  2793 I NotificationFullFlow: Step 8: NotificationFilterImpl:onEntryChange
10-20 12:37:05.402   530   576 E system_server: No package ID 7f found for ID 0x7f08048c.
10-20 12:37:05.402   530   576 E system_server: No package ID 7f found for ID 0x7f1403a9.
10-20 12:37:05.405  3315  3315 D RootViewPicker: Root not ready - waiting: 10ms for one to appear.
10-20 12:37:05.417   530   566 I ActivityTaskManager: Displayed com.example.lunchtray/.MainActivity: +201ms
10-20 12:37:05.418  1279  1279 I GoogleInputMethodService: GoogleInputMethodService.onFinishInput():3420
10-20 12:37:05.419  1279  1279 I GoogleInputMethodService: GoogleInputMethodService.onStartInput():2002
10-20 12:37:05.422  2404  2404 I Notifications: [ChimeExecutorApiImpl-Tiktok] Submitting Broadcast execution [106932377] to tiktok executor.
10-20 12:37:05.422  2404  2792 I Notifications: [ChimeBroadcastReceiver] Executing action in BroadcastReceiver [android.intent.action.BOOT_COMPLETED].
10-20 12:37:05.424  1279  1279 I DeviceUnlockedTag: DeviceUnlockedTag.notifyDeviceLockStatusChanged():31 Notify device unlocked.
10-20 12:37:05.447  3315  3315 I ViewInteraction: Performing 'single click' action on view view.getId() is <2131231208/com.example.lunchtray:id/start_order_btn>
10-20 12:37:05.457  2404  2526 I WM-GreedyScheduler: Ignoring schedule request in a secondary process
10-20 12:37:05.492  2404  2526 I WM-GreedyScheduler: Ignoring schedule request in a secondary process
10-20 12:37:05.493  2404  2526 I WM-GreedyScheduler: Ignoring schedule request in a secondary process
10-20 12:37:05.513   803   963 W Role    : Cannot get ApplicationInfo for default holder: com.google.android.contacts
10-20 12:37:05.547  2404  2526 I WM-GreedyScheduler: Ignoring schedule request in a secondary process
10-20 12:37:05.558   803   963 W Role    : Cannot get ApplicationInfo for default holder: com.google.android.as
10-20 12:37:05.577  1101  5211 I Fitness : OnPackageChangedOperation got intent: Intent { act=android.intent.action.PACKAGE_CHANGED dat=package:com.google.android.gm flg=0x45000010 pkg=com.google.android.gms cmp=com.google.android.gms/.chimera.PersistentIntentOperationService (has extras) } [CONTEXT service_id=17 ]
10-20 12:37:05.666   530   630 I RoleService: Granting default roles...
10-20 12:37:05.668  4941  4954 D CompatibilityChangeReporter: Compat change id reported: 150939131; UID 10124; state: ENABLED
10-20 12:37:05.695   530  2249 W InputManager-JNI: Input channel object 'ccda063 Splash Screen com.example.lunchtray (client)' was disposed without first being removed with the input manager!
10-20 12:37:05.722  1101  5335 I Fitness : FitCleanupIntentOperation received Intent android.intent.action.PACKAGE_CHANGED [CONTEXT service_id=17 ]
10-20 12:37:05.733  2404  2526 I WM-GreedyScheduler: Ignoring schedule request in a secondary process
10-20 12:37:05.746  2404  2404 V ClearcutMetricXmitter: Transmission is done.
10-20 12:37:05.753  1101  3164 I FontLog : Received query Google Sans, URI content://com.google.android.gms.fonts [CONTEXT service_id=132 ]
10-20 12:37:05.753  1101  3164 I FontLog : Query [Google Sans] resolved to {Google Sans, wdth 100.0, wght 400, ital 0.0, bestEffort false} [CONTEXT service_id=132 ]
10-20 12:37:05.754  2404  2416 I earchbox:searc: Background concurrent copying GC freed 334281(16MB) AllocSpace objects, 68(3868KB) LOS objects, 49% free, 10085KB/19MB, paused 337us,66us total 561.191ms
10-20 12:37:05.759  1101  3164 I FontLog : Font PFD returned from cache for {Google Sans, wdth 100.0, wght 400, ital 0.0, bestEffort false} [CONTEXT service_id=132 ]
10-20 12:37:05.759  1101  3164 I FontLog : Fetch {Google Sans, wdth 100.0, wght 400, ital 0.0, bestEffort false} end status Status{statusCode=SUCCESS, resolution=null} [CONTEXT service_id=132 ]
10-20 12:37:05.761  5343  5385 W DynamiteModule: Local module descriptor class for com.google.android.gms.googlecertificates not found.
10-20 12:37:05.771  2404  2793 E BistoWorker: Couldn't get logged in Google account.
10-20 12:37:05.784  1101  3164 I FontLog : Pulling font file for id = 8, cache size = 8 [CONTEXT service_id=132 ]
10-20 12:37:05.795  2404  2507 I NetworkRecognitionRnr: Using pair HTTP connection
10-20 12:37:05.805  2404  5370 I A       : [Upload] Connected
10-20 12:37:05.816  2404  5367 W LocationOracle: getBestLocation(): no location is available
10-20 12:37:05.824   407   407 W SurfaceFlinger: couldn't log to binary event log: overflow.
10-20 12:37:05.850  1101  1101 D BoundBrokerSvc: onUnbind: Intent { act=com.google.android.gms.pseudonymous.service.START pkg=com.google.android.gms }
10-20 12:37:05.858   407   407 W SurfaceFlinger: couldn't log to binary event log: overflow.
10-20 12:37:05.865  3315  3315 I ViewInteraction: Performing 'single click' action on view view.getId() is <2131230844/com.example.lunchtray:id/cauliflower>
10-20 12:37:05.871  2404  2674 W SearchServiceCore: Abort, client detached.
10-20 12:37:05.889   803  5361 I PermissionControllerServiceImpl: Updating user sensitive for uid 10104
10-20 12:37:05.890   530   636 I InputReader: Reconfiguring input devices, changes=KEYBOARD_LAYOUTS |
10-20 12:37:05.903   773   773 V MediaPlayerList: mPackageChangedBroadcastReceiver: action: android.intent.action.PACKAGE_CHANGED
10-20 12:37:05.903   773   773 D MediaPlayerList: Name of package changed: com.google.android.googlequicksearchbox
10-20 12:37:05.916  1101  1516 I FontLog : Received query Google Sans:500, URI content://com.google.android.gms.fonts [CONTEXT service_id=132 ]
10-20 12:37:05.917  1101  1516 I FontLog : Query [Google Sans:500] resolved to {Google Sans, wdth 100.0, wght 500, ital 0.0, bestEffort false} [CONTEXT service_id=132 ]
10-20 12:37:05.934  5343  5385 I DynamiteModule: Considering local module com.google.android.gms.googlecertificates:0 and remote module com.google.android.gms.googlecertificates:6
10-20 12:37:05.934  5343  5385 I DynamiteModule: Selected remote version of com.google.android.gms.googlecertificates, version >= 6
10-20 12:37:05.940   985   985 D CarrierSvcBindHelper: No carrier app for: 0
10-20 12:37:05.940   985   985 D ImsResolver: maybeAddedImsService, packageName: com.google.android.googlequicksearchbox
10-20 12:37:05.954  2404  2526 I WM-WorkerWrapper: Work [ id=c806afe2-69a0-421b-b7b7-605a5e040750, tags={ com.google.apps.tiktok.contrib.work.TikTokListenableWorker, TikTokWorker#com.google.android.apps.gsa.staticplugins.chime.registration.tasks.PeriodicChimeRegistrationWorker } ] was cancelled
10-20 12:37:05.954  2404  2526 I WM-WorkerWrapper: java.util.concurrent.CancellationException: Task was cancelled.
10-20 12:37:05.954  2404  2526 I WM-WorkerWrapper: 	at androidx.work.impl.utils.a.j.j(SourceFile:3)
10-20 12:37:05.954  2404  2526 I WM-WorkerWrapper: 	at androidx.work.impl.utils.a.j.get(SourceFile:4)
10-20 12:37:05.954  2404  2526 I WM-WorkerWrapper: 	at androidx.work.impl.y.run(SourceFile:1)
10-20 12:37:05.954  2404  2526 I WM-WorkerWrapper: 	at androidx.work.impl.utils.k.run(SourceFile:1)
10-20 12:37:05.954  2404  2526 I WM-WorkerWrapper: 	at com.google.android.libraries.g.ab.run(SourceFile:1)
10-20 12:37:05.954  2404  2526 I WM-WorkerWrapper: 	at java.util.concurrent.ThreadPoolExecutor.runWorker(ThreadPoolExecutor.java:1167)
10-20 12:37:05.954  2404  2526 I WM-WorkerWrapper: 	at java.util.concurrent.ThreadPoolExecutor$Worker.run(ThreadPoolExecutor.java:641)
10-20 12:37:05.954  2404  2526 I WM-WorkerWrapper: 	at com.google.android.libraries.g.n.run(SourceFile:2)
10-20 12:37:05.954  2404  2526 I WM-WorkerWrapper: 	at com.google.android.libraries.g.d.run(SourceFile:2)
10-20 12:37:05.954  2404  2526 I WM-WorkerWrapper: 	at java.lang.Thread.run(Thread.java:920)
10-20 12:37:05.966  1101  4786 I Fitness : OnPackageChangedOperation got intent: Intent { act=android.intent.action.PACKAGE_CHANGED dat=package:com.google.android.googlequicksearchbox flg=0x45000010 pkg=com.google.android.gms cmp=com.google.android.gms/.chimera.PersistentIntentOperationService (has extras) } [CONTEXT service_id=17 ]
10-20 12:37:05.971  1056  1780 W QsbUiManager: Doodle is not valid.
10-20 12:37:05.971  1056  1780 W QsbUiManager: Doodle bitmap is not valid.
10-20 12:37:05.978  2404  2526 I WM-GreedyScheduler: Ignoring schedule request in non-main process
10-20 12:37:05.979  2404  5370 I NetworkRecognitionRnr: Using pair HTTP connection
10-20 12:37:05.984  2404  5367 I A       : [Upload] Connected
10-20 12:37:05.984   803   963 W Role    : Cannot get ApplicationInfo for default holder: com.google.android.as
10-20 12:37:05.985  2404  2404 E A       : onError
10-20 12:37:05.985  2404  2404 E A       : com.google.android.apps.gsa.shared.speech.a.n: errorCode: 65561, engine: 2
10-20 12:37:05.985  2404  2404 E A       : 	at com.google.android.apps.gsa.staticplugins.di.a.e.a(SourceFile:3)
10-20 12:37:05.985  2404  2404 E A       : 	at com.google.android.apps.gsa.s3.n.gF(SourceFile:1)
10-20 12:37:05.985  2404  2404 E A       : 	at com.google.ce.g.a.f.f(SourceFile:2)
10-20 12:37:05.985  2404  2404 E A       : 	at com.google.android.apps.gsa.speech.k.a.g.d(SourceFile:21)
10-20 12:37:05.985  2404  2404 E A       : 	at com.google.android.apps.gsa.speech.k.a.g.jG(SourceFile:6)
10-20 12:37:05.985  2404  2404 E A       : 	at com.google.android.apps.gsa.s3.o.d(SourceFile:15)
10-20 12:37:05.985  2404  2404 E A       : 	at com.google.android.apps.gsa.s3.p.run(SourceFile:1)
10-20 12:37:05.985  2404  2404 E A       : 	at java.util.concurrent.Executors$RunnableAdapter.call(Executors.java:462)
10-20 12:37:05.985  2404  2404 E A       : 	at java.util.concurrent.FutureTask.run(FutureTask.java:266)
10-20 12:37:05.985  2404  2404 E A       : 	at com.google.android.apps.gsa.shared.util.c.a.e.run(SourceFile:2)
10-20 12:37:05.985  2404  2404 E A       : 	at com.google.android.apps.gsa.shared.util.c.a.ay.run(SourceFile:1)
10-20 12:37:05.985  2404  2404 E A       : 	at com.google.android.apps.gsa.shared.util.c.a.ay.run(SourceFile:1)
10-20 12:37:05.985  2404  2404 E A       : 	at java.util.concurrent.ThreadPoolExecutor.runWorker(ThreadPoolExecutor.java:1167)
10-20 12:37:05.985  2404  2404 E A       : 	at java.util.concurrent.ThreadPoolExecutor$Worker.run(ThreadPoolExecutor.java:641)
10-20 12:37:05.985  2404  2404 E A       : 	at java.lang.Thread.run(Thread.java:920)
10-20 12:37:05.985  2404  2404 E A       : 	at com.google.android.apps.gsa.shared.util.c.a.h.run(SourceFile:4)
10-20 12:37:05.985  2404  2404 E A       : Caused by: com.google.android.apps.gsa.shared.speech.a.p: errorCode: 65586, engine: 2
10-20 12:37:05.985  2404  2404 E A       : 	... 15 more
10-20 12:37:05.985  2404  2404 E A       : Caused by: com.google.android.apps.gsa.shared.speech.a.l: errorCode: 401, engine: 2
10-20 12:37:05.985  2404  2404 E A       : 	at com.google.android.apps.gsa.assistant.shared.m.h.a(SourceFile:5)
10-20 12:37:05.985  2404  2404 E A       : 	at com.google.android.apps.gsa.s3.producers.j.gX(SourceFile:2)
10-20 12:37:05.985  2404  2404 E A       : 	at com.google.android.apps.gsa.speech.k.a.g.d(SourceFile:15)
10-20 12:37:05.985  2404  2404 E A       : 	... 12 more
10-20 12:37:05.989   803   963 W Role    : Cannot get ApplicationInfo for default holder: com.google.android.as
10-20 12:37:05.991  2404  2526 I WM-GreedyScheduler: Ignoring schedule request in a secondary process
10-20 12:37:06.013  1101  1516 I FontLog : Font PFD returned from cache for {Google Sans, wdth 100.0, wght 500, ital 0.0, bestEffort false} [CONTEXT service_id=132 ]
10-20 12:37:06.013  1101  1516 I FontLog : Fetch {Google Sans, wdth 100.0, wght 500, ital 0.0, bestEffort false} end status Status{statusCode=SUCCESS, resolution=null} [CONTEXT service_id=132 ]
10-20 12:37:06.023  1101  1516 I FontLog : Pulling font file for id = 9, cache size = 9 [CONTEXT service_id=132 ]
10-20 12:37:06.029  2404  2404 W A       : Failed to sync device settings.
10-20 12:37:06.032  2404  2404 I A       : Retrying to sync device settings.
10-20 12:37:06.042  1101  1516 I FontLog : Received query Google Sans:700, URI content://com.google.android.gms.fonts [CONTEXT service_id=132 ]
10-20 12:37:06.048  1101  1516 I FontLog : Query [Google Sans:700] resolved to {Google Sans, wdth 100.0, wght 700, ital 0.0, bestEffort false} [CONTEXT service_id=132 ]
10-20 12:37:06.097  2404  2475 W CronetNetworkRqstWrppr: Upload request without a content type.
10-20 12:37:06.098  2404  2475 W CronetNetworkRqstWrppr: Upload request without a content type.
10-20 12:37:06.110  1101  1516 I FontLog : Fetch {Google Sans, wdth 100.0, wght 700, ital 0.0, bestEffort false} end status Status{statusCode=Fail fast, resolution=null} [CONTEXT service_id=132 ]
10-20 12:37:06.123  1101  5337 I Fitness : FitCleanupIntentOperation received Intent android.intent.action.PACKAGE_CHANGED [CONTEXT service_id=17 ]
10-20 12:37:06.178  3315  3315 I ViewInteraction: Performing 'single click' action on view view.getId() is <2131231081/com.example.lunchtray:id/next_button>
10-20 12:37:06.195   344   344 I Zygote  : Process 4497 exited due to signal 9 (Killed)
10-20 12:37:06.210   530   579 I libprocessgroup: Successfully killed process cgroup uid 10070 pid 4497 in 45ms
10-20 12:37:06.233   344   344 I Zygote  : Process 2075 exited due to signal 9 (Killed)
10-20 12:37:06.259   530   579 I libprocessgroup: Successfully killed process cgroup uid 10121 pid 2075 in 44ms
10-20 12:37:06.280  1056  1780 W QsbUiManager: Doodle is not valid.
10-20 12:37:06.280  1056  1780 W QsbUiManager: Doodle bitmap is not valid.
10-20 12:37:06.319   803   963 W Role    : Cannot get ApplicationInfo for default holder: com.google.android.as
10-20 12:37:06.414  3315  3370 D EGL_emulation: app_time_stats: avg=19.08ms min=2.24ms max=196.56ms count=47
10-20 12:37:06.438  1101  1111 I .gms.persisten: Background young concurrent copying GC freed 141003(7179KB) AllocSpace objects, 12(620KB) LOS objects, 34% free, 14MB/22MB, paused 334us,165us total 331.415ms
10-20 12:37:06.475  1101  1113 W System  : A resource failed to call close.
10-20 12:37:06.499   803   963 W Role    : Cannot get ApplicationInfo for default holder: com.google.android.as
10-20 12:37:06.510   803   963 W Role    : Cannot get ApplicationInfo for default holder: com.google.android.as
10-20 12:37:06.552   803   963 W Role    : Cannot get ApplicationInfo for default holder: com.google.android.contacts
10-20 12:37:06.565   803   963 W Role    : Cannot get ApplicationInfo for default holder: com.google.android.as
10-20 12:37:06.576  3315  3315 I ViewInteraction: Performing 'single click' action on view view.getId() is <2131231187/com.example.lunchtray:id/soup>
10-20 12:37:06.605   530   579 I libprocessgroup: Successfully killed process cgroup uid 10125 pid 3962 in 0ms
10-20 12:37:06.625   530   630 I RoleService: Granting default roles...
10-20 12:37:06.662   344   344 I Zygote  : Process 3962 exited due to signal 9 (Killed)
10-20 12:37:06.722   803   963 W Role    : Cannot get ApplicationInfo for default holder: com.google.android.as
10-20 12:37:06.728   803   963 W Role    : Cannot get ApplicationInfo for default holder: com.google.android.as
10-20 12:37:06.792  1171  4215 I Icing   : Indexing com.google.android.gms-apps from com.google.android.gms
10-20 12:37:06.867  1171  4215 I Icing   : Indexing done com.google.android.gms-apps
10-20 12:37:06.867  1171  4215 I Icing   : Indexing com.google.android.gms-internal.3p:MobileApplication from com.google.android.gms
10-20 12:37:06.877  3315  3315 I ViewInteraction: Performing 'single click' action on view view.getId() is <2131230842/com.example.lunchtray:id/cancel_button>
10-20 12:37:06.889  1171  4215 I Icing   : Indexing done com.google.android.gms-internal.3p:MobileApplication
10-20 12:37:06.910  1171  4215 I Icing   : Indexing com.google.android.gms-apps from com.google.android.gms
10-20 12:37:06.912  1171  4215 I Icing   : Indexing done com.google.android.gms-apps
10-20 12:37:06.944  1171  4215 I Icing   : Indexing com.google.android.gms-apps from com.google.android.gms
10-20 12:37:06.945  1171  4215 I Icing   : Indexing done com.google.android.gms-apps
10-20 12:37:06.973   803   963 W Role    : Cannot get ApplicationInfo for default holder: com.google.android.as
10-20 12:37:06.977  1171  4215 I Icing   : Indexing com.google.android.gms-internal.3p:MobileApplication from com.google.android.gms
10-20 12:37:06.994  1171  4215 I Icing   : Indexing done com.google.android.gms-internal.3p:MobileApplication
10-20 12:37:07.055  1171  4215 I Icing   : Indexing com.google.android.gms-apps from com.google.android.gms
10-20 12:37:07.057  1171  4215 I Icing   : Indexing done com.google.android.gms-apps
10-20 12:37:07.082   803   963 W Role    : Cannot get ApplicationInfo for default holder: com.google.android.as
10-20 12:37:07.100   803   963 W Role    : Cannot get ApplicationInfo for default holder: com.google.android.as
10-20 12:37:07.115   803   963 W Role    : Cannot get ApplicationInfo for default holder: com.google.android.contacts
10-20 12:37:07.120   803   963 W Role    : Cannot get ApplicationInfo for default holder: com.google.android.as
10-20 12:37:07.124  1171  4215 I Icing   : Indexing com.google.android.gms-internal.3p:MobileApplication from com.google.android.gms
10-20 12:37:07.128  1171  4215 I Icing   : Indexing done com.google.android.gms-internal.3p:MobileApplication
10-20 12:37:07.130  1171  4215 I Icing   : Indexing com.google.android.gms-apps from com.google.android.gms
10-20 12:37:07.131  1171  4215 I Icing   : Indexing done com.google.android.gms-apps
10-20 12:37:07.171   803   963 W Role    : Cannot get ApplicationInfo for default holder: com.google.android.as
10-20 12:37:07.172   803   963 W Role    : Cannot get ApplicationInfo for default holder: com.google.android.as
10-20 12:37:07.195  3315  3315 I ViewInteraction: Performing 'single click' action on view view.getId() is <2131231208/com.example.lunchtray:id/start_order_btn>
10-20 12:37:07.205  1171  4215 I Icing   : Indexing com.google.android.gms-apps from com.google.android.gms
10-20 12:37:07.206  1171  4215 I Icing   : Indexing done com.google.android.gms-apps
10-20 12:37:07.235  2327  2797 E Finsky  : [51] hvp.apply(4): CONPRF: Failed to refresh connectivity profile metrics. Reset metrics.
10-20 12:37:07.238  2327  2797 I Finsky  : [51] wja.o(4): SCH: jobFinished: 10-62. TimeElapsed: 4722ms.
10-20 12:37:07.240  2327  2327 I Finsky  : [2] wic.a(3): SCH: Job 10-62 finished. Not rescheduling.
10-20 12:37:07.241  2327  2327 I Finsky  : [2] wib.handleMessage(29): SCH: RunningQueue size: 2, PendingQueue size: 0
10-20 12:37:07.241  2327  2327 I Finsky  : [2] wib.handleMessage(32): SCH: Running queue: 10-8 10-82
10-20 12:37:07.288   530   540 I system_server: Background concurrent copying GC freed 340163(15MB) AllocSpace objects, 50(3796KB) LOS objects, 49% free, 20MB/40MB, paused 2.024ms,2.986ms total 503.393ms
10-20 12:37:07.305   803   963 W Role    : Cannot get ApplicationInfo for default holder: com.google.android.as
10-20 12:37:07.379   530   542 W System  : A resource failed to call release.
10-20 12:37:07.380   530   542 W System  : A resource failed to call close.
10-20 12:37:07.387   803   963 W Role    : Cannot get ApplicationInfo for default holder: com.google.android.as
10-20 12:37:07.388   803   963 W Role    : Cannot get ApplicationInfo for default holder: com.google.android.as
10-20 12:37:07.400   530   542 W System  : A resource failed to call close.
10-20 12:37:07.432  2327  2908 I Finsky  : [55] wjz.b(5): SCH: Jobs in database: 1-1337 10-4 10-8 10-11 10-26 10-78 10-82 21-333333333 24-77777777 26-1414141414 31-305419896
10-20 12:37:07.436  2327  2327 I Finsky  : [2] wic.m(10): SCH: Running job: 31-305419896
10-20 12:37:07.437  2327  2327 W Finsky  : [2] fgl.d(22): For unauth, use getDfeApiNonAuthenticated() instead!
10-20 12:37:07.437  2327  2327 I Finsky  : [2] wib.handleMessage(29): SCH: RunningQueue size: 3, PendingQueue size: 0
10-20 12:37:07.437  2327  2327 I Finsky  : [2] wib.handleMessage(32): SCH: Running queue: 10-8 10-82 31-305419896
10-20 12:37:07.438  2327  3090 I Finsky  : [72] jww.f(1): Account name null when calculating account hash
10-20 12:37:07.444   787   787 D InterruptionStateProvider: No bubble up: not allowed to bubble: 0|com.android.providers.downloads|0|1:com.android.vending|10062
