10-20 12:36:31.612  3315  3354 I TestRunner: started: accompaniment_menu_item_content(com.example.lunchtray.MenuContentTests)
10-20 12:36:31.616   530  2253 W InputManager-JNI: Input channel object '5676396 com.example.lunchtray/androidx.fragment.app.testing.FragmentScenario$EmptyFragmentActivity (client)' was disposed without first being removed with the input manager!
10-20 12:36:31.623  3315  3354 W Settings: Setting always_finish_activities has moved from android.provider.Settings.System to android.provider.Settings.Global, returning read-only value.
10-20 12:36:31.627  1101  1601 I Fitness : FitCleanupIntentOperation received Intent android.intent.action.PACKAGE_CHANGED [CONTEXT service_id=17 ]
10-20 12:36:31.628  1101  3498 I Fitness : OnPackageChangedOperation got intent: Intent { act=android.intent.action.PACKAGE_CHANGED dat=package:com.google.android.gm flg=0x45000010 pkg=com.google.android.gms cmp=com.google.android.gms/.chimera.PersistentIntentOperationService (has extras) } [CONTEXT service_id=17 ]
10-20 12:36:31.638  3478  3478 I Finsky:download_service: [2] pee.onCreate(2): IPC-SERVER: Starting gRPC host service...
10-20 12:36:31.647  1279  1279 I GoogleInputMethodService: GoogleInputMethodService.onFinishInput():3420
10-20 12:36:31.647  1279  1279 I GoogleInputMethodService: GoogleInputMethodService.onStartInput():2002
10-20 12:36:31.648  1279  1279 I DeviceUnlockedTag: DeviceUnlockedTag.notifyDeviceLockStatusChanged():31 Notify device unlocked.
10-20 12:36:31.657  1171  2667 I SettingsChangedOp: FSA1 package status changed.
10-20 12:36:31.670  1171  2667 I FsaEntryPointSwitcher: setting component enabled=1 for com.google.android.gms.people.sync.focus.ContactsSyncAdapterService
10-20 12:36:31.671  1171  2667 I FsaEntryPointSwitcher: Setting component enabled succeeds.
10-20 12:36:31.671  1171  2667 I FsaEntryPointSwitcher: setting component enabled=2 for com.google.android.syncadapters.contacts.ContactsSyncAdapterService
10-20 12:36:31.672  1171  2667 I FsaEntryPointSwitcher: Setting component enabled succeeds.
10-20 12:36:31.672   530  2248 W InputManager-JNI: Input channel object '2d1061a Splash Screen com.example.lunchtray (client)' was disposed without first being removed with the input manager!
10-20 12:36:31.686  3315  3315 D LifecycleMonitor: Lifecycle status change: androidx.test.core.app.InstrumentationActivityInvoker$BootstrapActivity@2a4725f in: PRE_ON_CREATE
10-20 12:36:31.686  3315  3315 V ActivityScenario: Activity lifecycle changed event received but ignored because the intent does not match. startActivityIntent=Intent { act=android.intent.action.MAIN cat=[android.intent.category.LAUNCHER] cmp=com.example.lunchtray/androidx.fragment.app.testing.FragmentScenario$EmptyFragmentActivity (has extras) }, activity.getIntent()=Intent { act=android.intent.action.MAIN cat=[android.intent.category.LAUNCHER] flg=0x10008000 cmp=com.example.lunchtray/androidx.test.core.app.InstrumentationActivityInvoker$BootstrapActivity (has extras) }, activity=androidx.test.core.app.InstrumentationActivityInvoker$BootstrapActivity@2a4725f
10-20 12:36:31.687  3315  3315 V ActivityScenario: Activity lifecycle changed event received but ignored because the intent does not match. startActivityIntent=Intent { act=android.intent.action.MAIN cat=[android.intent.category.LAUNCHER] cmp=com.example.lunchtray/androidx.fragment.app.testing.FragmentScenario$EmptyFragmentActivity (has extras) }, activity.getIntent()=Intent { act=android.intent.action.MAIN cat=[android.intent.category.LAUNCHER] flg=0x10008000 cmp=com.example.lunchtray/androidx.test.core.app.InstrumentationActivityInvoker$BootstrapActivity (has extras) }, activity=androidx.test.core.app.InstrumentationActivityInvoker$BootstrapActivity@2a4725f
10-20 12:36:31.695  3315  3315 D LifecycleMonitor: Lifecycle status change: androidx.test.core.app.InstrumentationActivityInvoker$BootstrapActivity@2a4725f in: CREATED
10-20 12:36:31.695  3315  3315 V ActivityScenario: Activity lifecycle changed event received but ignored because the intent does not match. startActivityIntent=Intent { act=android.intent.action.MAIN cat=[android.intent.category.LAUNCHER] cmp=com.example.lunchtray/androidx.fragment.app.testing.FragmentScenario$EmptyFragmentActivity (has extras) }, activity.getIntent()=Intent { act=android.intent.action.MAIN cat=[android.intent.category.LAUNCHER] flg=0x10008000 cmp=com.example.lunchtray/androidx.test.core.app.InstrumentationActivityInvoker$BootstrapActivity (has extras) }, activity=androidx.test.core.app.InstrumentationActivityInvoker$BootstrapActivity@2a4725f
10-20 12:36:31.695  3315  3315 V ActivityScenario: Activity lifecycle changed event received but ignored because the intent does not match. startActivityIntent=Intent { act=android.intent.action.MAIN cat=[android.intent.category.LAUNCHER] cmp=com.example.lunchtray/androidx.fragment.app.testing.FragmentScenario$EmptyFragmentActivity (has extras) }, activity.getIntent()=Intent { act=android.intent.action.MAIN cat=[android.intent.category.LAUNCHER] flg=0x10008000 cmp=com.example.lunchtray/androidx.test.core.app.InstrumentationActivityInvoker$BootstrapActivity (has extras) }, activity=androidx.test.core.app.InstrumentationActivityInvoker$BootstrapActivity@2a4725f
10-20 12:36:31.696  3315  3315 D LifecycleMonitor: Lifecycle status change: androidx.test.core.app.InstrumentationActivityInvoker$BootstrapActivity@2a4725f in: STARTED
10-20 12:36:31.697  3315  3315 V ActivityScenario: Activity lifecycle changed event received but ignored because the intent does not match. startActivityIntent=Intent { act=android.intent.action.MAIN cat=[android.intent.category.LAUNCHER] cmp=com.example.lunchtray/androidx.fragment.app.testing.FragmentScenario$EmptyFragmentActivity (has extras) }, activity.getIntent()=Intent { act=android.intent.action.MAIN cat=[android.intent.category.LAUNCHER] flg=0x10008000 cmp=com.example.lunchtray/androidx.test.core.app.InstrumentationActivityInvoker$BootstrapActivity (has extras) }, activity=androidx.test.core.app.InstrumentationActivityInvoker$BootstrapActivity@2a4725f
10-20 12:36:31.701  3315  3315 V ActivityScenario: Activity lifecycle changed event received but ignored because the intent does not match. startActivityIntent=Intent { act=android.intent.action.MAIN cat=[android.intent.category.LAUNCHER] cmp=com.example.lunchtray/androidx.fragment.app.testing.FragmentScenario$EmptyFragmentActivity (has extras) }, activity.getIntent()=Intent { act=android.intent.action.MAIN cat=[android.intent.category.LAUNCHER] flg=0x10008000 cmp=com.example.lunchtray/androidx.test.core.app.InstrumentationActivityInvoker$BootstrapActivity (has extras) }, activity=androidx.test.core.app.InstrumentationActivityInvoker$BootstrapActivity@2a4725f
10-20 12:36:31.705   362   404 D goldfish-address-space: claimShared: Ask to claim region [0x3f54e2000 0x3f5ccb000]
10-20 12:36:31.715  3315  3315 D LifecycleMonitor: Lifecycle status change: androidx.test.core.app.InstrumentationActivityInvoker$BootstrapActivity@2a4725f in: RESUMED
10-20 12:36:31.715  1101  2708 I atxs    : Scheduling Phenotype for a PhenotypeSyncImmediately(6, com.google.android.platform.system_time) one off with window [1, 2] in seconds [CONTEXT service_id=51 ]
10-20 12:36:31.715  3315  3315 V ActivityScenario: Activity lifecycle changed event received but ignored because the intent does not match. startActivityIntent=Intent { act=android.intent.action.MAIN cat=[android.intent.category.LAUNCHER] cmp=com.example.lunchtray/androidx.fragment.app.testing.FragmentScenario$EmptyFragmentActivity (has extras) }, activity.getIntent()=Intent { act=android.intent.action.MAIN cat=[android.intent.category.LAUNCHER] flg=0x10008000 cmp=com.example.lunchtray/androidx.test.core.app.InstrumentationActivityInvoker$BootstrapActivity (has extras) }, activity=androidx.test.core.app.InstrumentationActivityInvoker$BootstrapActivity@2a4725f
10-20 12:36:31.715  3315  3315 V ActivityScenario: Activity lifecycle changed event received but ignored because the intent does not match. startActivityIntent=Intent { act=android.intent.action.MAIN cat=[android.intent.category.LAUNCHER] cmp=com.example.lunchtray/androidx.fragment.app.testing.FragmentScenario$EmptyFragmentActivity (has extras) }, activity.getIntent()=Intent { act=android.intent.action.MAIN cat=[android.intent.category.LAUNCHER] flg=0x10008000 cmp=com.example.lunchtray/androidx.test.core.app.InstrumentationActivityInvoker$BootstrapActivity (has extras) }, activity=androidx.test.core.app.InstrumentationActivityInvoker$BootstrapActivity@2a4725f
10-20 12:36:31.718  3315  3315 D LifecycleMonitor: Lifecycle status change: androidx.test.core.app.InstrumentationActivityInvoker$BootstrapActivity@2a4725f in: PAUSED
10-20 12:36:31.718  3315  3315 V ActivityScenario: Activity lifecycle changed event received but ignored because the intent does not match. startActivityIntent=Intent { act=android.intent.action.MAIN cat=[android.intent.category.LAUNCHER] cmp=com.example.lunchtray/androidx.fragment.app.testing.FragmentScenario$EmptyFragmentActivity (has extras) }, activity.getIntent()=Intent { act=android.intent.action.MAIN cat=[android.intent.category.LAUNCHER] flg=0x10008000 cmp=com.example.lunchtray/androidx.test.core.app.InstrumentationActivityInvoker$BootstrapActivity (has extras) }, activity=androidx.test.core.app.InstrumentationActivityInvoker$BootstrapActivity@2a4725f
10-20 12:36:31.718  3315  3315 V ActivityScenario: Activity lifecycle changed event received but ignored because the intent does not match. startActivityIntent=Intent { act=android.intent.action.MAIN cat=[android.intent.category.LAUNCHER] cmp=com.example.lunchtray/androidx.fragment.app.testing.FragmentScenario$EmptyFragmentActivity (has extras) }, activity.getIntent()=Intent { act=android.intent.action.MAIN cat=[android.intent.category.LAUNCHER] flg=0x10008000 cmp=com.example.lunchtray/androidx.test.core.app.InstrumentationActivityInvoker$BootstrapActivity (has extras) }, activity=androidx.test.core.app.InstrumentationActivityInvoker$BootstrapActivity@2a4725f
10-20 12:36:31.727  1101  3498 I Fitness : FitCleanupIntentOperation received Intent android.intent.action.PACKAGE_CHANGED [CONTEXT service_id=17 ]
10-20 12:36:31.728  3315  3315 D LifecycleMonitor: Lifecycle status change: androidx.fragment.app.testing.FragmentScenario$EmptyFragmentActivity@62e0d44 in: PRE_ON_CREATE
10-20 12:36:31.728  3315  3315 V ActivityScenario: Activity lifecycle changed event received but ignored because the reported transition was not ON_CREATE while the last known transition was DESTROYED
10-20 12:36:31.729  3315  3315 V ActivityScenario: Activity lifecycle changed event received but ignored because the reported transition was not ON_CREATE while the last known transition was PRE_ON_CREATE
10-20 12:36:31.733   362   404 D goldfish-address-space: claimShared: Ask to claim region [0x3f5ccb000 0x3f64b4000]
10-20 12:36:31.735  3315  3315 D LifecycleMonitor: Lifecycle status change: androidx.fragment.app.testing.FragmentScenario$EmptyFragmentActivity@62e0d44 in: CREATED
10-20 12:36:31.735  3315  3315 V ActivityScenario: Update currentActivityStage to CREATED, currentActivity=androidx.fragment.app.testing.FragmentScenario$EmptyFragmentActivity@62e0d44
10-20 12:36:31.735  3315  3315 V ActivityScenario: Update currentActivityStage to CREATED, currentActivity=androidx.fragment.app.testing.FragmentScenario$EmptyFragmentActivity@62e0d44
10-20 12:36:31.736  3315  3315 D LifecycleMonitor: Lifecycle status change: androidx.fragment.app.testing.FragmentScenario$EmptyFragmentActivity@62e0d44 in: STARTED
10-20 12:36:31.736  3315  3315 V ActivityScenario: Update currentActivityStage to STARTED, currentActivity=androidx.fragment.app.testing.FragmentScenario$EmptyFragmentActivity@62e0d44
10-20 12:36:31.736  3315  3315 V ActivityScenario: Update currentActivityStage to STARTED, currentActivity=androidx.fragment.app.testing.FragmentScenario$EmptyFragmentActivity@62e0d44
10-20 12:36:31.744  3315  3315 D LifecycleMonitor: Lifecycle status change: androidx.fragment.app.testing.FragmentScenario$EmptyFragmentActivity@62e0d44 in: RESUMED
10-20 12:36:31.744  3315  3315 V ActivityScenario: Update currentActivityStage to RESUMED, currentActivity=androidx.fragment.app.testing.FragmentScenario$EmptyFragmentActivity@62e0d44
10-20 12:36:31.744  3315  3315 V ActivityScenario: Update currentActivityStage to RESUMED, currentActivity=androidx.fragment.app.testing.FragmentScenario$EmptyFragmentActivity@62e0d44
10-20 12:36:31.750  1101  2519 W ConfiguratorPhenotypeUt: Package com.android.media name not found! Using module version. [CONTEXT service_id=204 ]
10-20 12:36:31.751  3315  3315 D LifecycleMonitor: Lifecycle status change: androidx.test.core.app.InstrumentationActivityInvoker$BootstrapActivity@2a4725f in: STOPPED
10-20 12:36:31.751  3315  3315 V ActivityScenario: Activity lifecycle changed event received but ignored because the intent does not match. startActivityIntent=Intent { act=android.intent.action.MAIN cat=[android.intent.category.LAUNCHER] cmp=com.example.lunchtray/androidx.fragment.app.testing.FragmentScenario$EmptyFragmentActivity (has extras) }, activity.getIntent()=Intent { act=android.intent.action.MAIN cat=[android.intent.category.LAUNCHER] flg=0x10008000 cmp=com.example.lunchtray/androidx.test.core.app.InstrumentationActivityInvoker$BootstrapActivity (has extras) }, activity=androidx.test.core.app.InstrumentationActivityInvoker$BootstrapActivity@2a4725f
10-20 12:36:31.751  3315  3315 V ActivityScenario: Activity lifecycle changed event received but ignored because the intent does not match. startActivityIntent=Intent { act=android.intent.action.MAIN cat=[android.intent.category.LAUNCHER] cmp=com.example.lunchtray/androidx.fragment.app.testing.FragmentScenario$EmptyFragmentActivity (has extras) }, activity.getIntent()=Intent { act=android.intent.action.MAIN cat=[android.intent.category.LAUNCHER] flg=0x10008000 cmp=com.example.lunchtray/androidx.test.core.app.InstrumentationActivityInvoker$BootstrapActivity (has extras) }, activity=androidx.test.core.app.InstrumentationActivityInvoker$BootstrapActivity@2a4725f
10-20 12:36:31.757  1101  1601 I Fitness : OnPackageChangedOperation got intent: Intent { act=android.intent.action.PACKAGE_CHANGED dat=package:com.google.android.syncadapters.contacts flg=0x45000010 pkg=com.google.android.gms cmp=com.google.android.gms/.chimera.PersistentIntentOperationService (has extras) } [CONTEXT service_id=17 ]
10-20 12:36:31.766  3209  3242 D CompatibilityChangeReporter: Compat change id reported: 150939131; UID 10098; state: ENABLED
10-20 12:36:31.767  2554  2569 D CompatibilityChangeReporter: Compat change id reported: 150939131; UID 10104; state: ENABLED
10-20 12:36:31.767  1753  2789 D CompatibilityChangeReporter: Compat change id reported: 150939131; UID 10120; state: ENABLED
10-20 12:36:31.767  2404  3494 D CompatibilityChangeReporter: Compat change id reported: 150939131; UID 10104; state: ENABLED
10-20 12:36:31.768   362   404 D goldfish-address-space: claimShared: Ask to claim region [0x3f64b4000 0x3f6c9d000]
10-20 12:36:31.769  1171  1692 D CompatibilityChangeReporter: Compat change id reported: 150939131; UID 10097; state: ENABLED
10-20 12:36:31.771  2923  3031 D CompatibilityChangeReporter: Compat change id reported: 150939131; UID 10098; state: ENABLED
10-20 12:36:31.772  2075  2132 D CompatibilityChangeReporter: Compat change id reported: 150939131; UID 10121; state: ENABLED
10-20 12:36:31.772  1279  1301 D CompatibilityChangeReporter: Compat change id reported: 150939131; UID 10119; state: ENABLED
10-20 12:36:31.773  2327  2356 D CompatibilityChangeReporter: Compat change id reported: 150939131; UID 10103; state: ENABLED
10-20 12:36:31.773  1296  1721 D CompatibilityChangeReporter: Compat change id reported: 150939131; UID 10099; state: ENABLED
10-20 12:36:31.773  1412  1724 D CompatibilityChangeReporter: Compat change id reported: 150939131; UID 10117; state: DISABLED
10-20 12:36:31.773  3147  3159 D CompatibilityChangeReporter: Compat change id reported: 150939131; UID 10097; state: ENABLED
10-20 12:36:31.773  2472  2790 D CompatibilityChangeReporter: Compat change id reported: 150939131; UID 10097; state: ENABLED
10-20 12:36:31.773  1726  2273 D CompatibilityChangeReporter: Compat change id reported: 150939131; UID 10113; state: ENABLED
10-20 12:36:31.777  1594  3382 D CompatibilityChangeReporter: Compat change id reported: 150939131; UID 10097; state: ENABLED
10-20 12:36:31.778  3478  3492 D CompatibilityChangeReporter: Compat change id reported: 150939131; UID 10103; state: ENABLED
10-20 12:36:31.780   362   404 D goldfish-address-space: claimShared: Ask to claim region [0x3f6c9d000 0x3f7486000]
10-20 12:36:31.781   362   404 D goldfish-address-space: claimShared: Ask to claim region [0x3f7486000 0x3f7c6f000]
10-20 12:36:31.785  1447  3019 I GservicesProvider: main update completed
10-20 12:36:31.792   530   566 I ActivityTaskManager: Displayed com.example.lunchtray/androidx.fragment.app.testing.FragmentScenario$EmptyFragmentActivity: +127ms
10-20 12:36:31.795   362   404 D goldfish-address-space: claimShared: Ask to claim region [0x3f4000000 0x3f47e9000]
10-20 12:36:31.805  2923  3534 W BugleRcsEngine: [74] alcv.a: No config URL. RCS will be disabled!
10-20 12:36:31.805   530   842 D ConnectivityService: requestNetwork for uid/pid:10103/3478 activeRequest: null callbackRequest: 63 [NetworkRequest [ REQUEST id=64, [ Capabilities: INTERNET&NOT_RESTRICTED&TRUSTED&NOT_VCN_MANAGED Uid: 10103 RequestorUid: 10103 RequestorPkg: com.android.vending] ]] callback flags: 0 priority: 2147483647
10-20 12:36:31.806  2923  2966 I BugleRcsProvisioning: RcsProvisioningTrigger: onGservicesUpdated
10-20 12:36:31.806  1279  1279 I GoogleInputMethodService: GoogleInputMethodService.onFinishInput():3420
10-20 12:36:31.808  2923  2966 I BugleRcsProvisioning: RcsProvisioningTrigger: updateRcsAvailability : hint = GSERVICE_UPDATE
10-20 12:36:31.808   530   723 D ConnectivityService: NetReassign [64 : null → 100]
10-20 12:36:31.810  1279  1279 I GoogleInputMethodService: GoogleInputMethodService.onStartInput():2002
10-20 12:36:31.811  1279  1279 I DeviceUnlockedTag: DeviceUnlockedTag.notifyDeviceLockStatusChanged():31 Notify device unlocked.
10-20 12:36:31.813   530   716 D WifiNetworkFactory: got request NetworkRequest [ REQUEST id=64, [ Capabilities: INTERNET&NOT_RESTRICTED&TRUSTED&NOT_VCN_MANAGED Uid: 10103 RequestorUid: 10103 RequestorPkg: com.android.vending] ]
10-20 12:36:31.813   530   716 D UntrustedWifiNetworkFactory: got request NetworkRequest [ REQUEST id=64, [ Capabilities: INTERNET&NOT_RESTRICTED&TRUSTED&NOT_VCN_MANAGED Uid: 10103 RequestorUid: 10103 RequestorPkg: com.android.vending] ]
10-20 12:36:31.813   530   716 D OemPaidWifiNetworkFactory: got request NetworkRequest [ REQUEST id=64, [ Capabilities: INTERNET&NOT_RESTRICTED&TRUSTED&NOT_VCN_MANAGED Uid: 10103 RequestorUid: 10103 RequestorPkg: com.android.vending] ]
10-20 12:36:31.844  1171  3244 I Ads     : Parental control value is stale. Refreshing.
10-20 12:36:31.852  2923  2966 I Bugle   : RcsAvailabilityUtilForProvisioningEngineV2: updateAvailabilityAsync, hint: GSERVICE_UPDATE
10-20 12:36:31.852  2923  2966 I BugleRcs: RcsAvailabilityUpdaterRemote: postUpdateRcsAvailability, hint: GSERVICE_UPDATE
10-20 12:36:31.853  2923  3538 I BugleRcs: RcsAvailabilityUpdaterRemote: updateRcsAvailability, hint: GSERVICE_UPDATE
10-20 12:36:31.860  2923  3538 W BugleRcsEngine: [76] alsz.g: Carrier Services Apk was not found.
10-20 12:36:31.860  2923  3538 I BugleRcsEngine: [76] alsz.e: Cannot get service version because CS.apk was not found, not pre-loaded or disabled.
10-20 12:36:31.860  2923  3538 W BugleRcsEngine: [76] alsz.e: Service with meta data key: SignupServiceVersions is not compatible. Service Version 4 is not supported. Supported versions: []
10-20 12:36:31.869  2923  3538 W BugleRcsEngine: [76] alsz.g: Carrier Services Apk was not found.
10-20 12:36:31.869  2923  3538 I BugleRcsEngine: [76] alsz.e: Cannot get service version because CS.apk was not found, not pre-loaded or disabled.
10-20 12:36:31.869  2923  3538 W BugleRcsEngine: [76] alsz.e: Service with meta data key: JibeServiceApiVersions is not compatible. Service Version 1 is not supported. Supported versions: []
10-20 12:36:31.869  2923  3538 I BugleRcsEngine: [76] alsz.c: Not using CS JibeService because it is not compatible with AM.
10-20 12:36:31.869  2923  2923 I RcsClientLib: Connecting SignupService
10-20 12:36:31.870  2923  2923 W RcsClientLib: No CS.apk RCS service found. Is RCS running in Bugle?
10-20 12:36:31.872  2923  2923 W BugleRcsEngine: [2] alsz.g: Carrier Services Apk was not found.
10-20 12:36:31.872  2923  2923 I BugleRcsEngine: [2] alsz.e: Cannot get service version because CS.apk was not found, not pre-loaded or disabled.
10-20 12:36:31.872  2923  2923 W BugleRcsEngine: [2] alsz.e: Service with meta data key: JibeServiceApiVersions is not compatible. Service Version 1 is not supported. Supported versions: []
10-20 12:36:31.873  2923  2923 I BugleRcsEngine: [2] alsz.c: Not using CS JibeService because it is not compatible with AM.
10-20 12:36:31.873  2923  2923 I RcsClientLib: shouldUseCarrierServicesJibeService: false, CarrierServices rcs service found: false
10-20 12:36:31.898  1171  3244 I Ads     : Initialized AdMob in container 21.24.23 (190800-396046673)
10-20 12:36:31.901  2923  3204 D BugleRcsEngine: log_saver already enabled
10-20 12:36:31.914  3315  3315 I ViewInteraction: Checking 'MatchesViewAssertion{viewMatcher=an instance of android.widget.TextView and view.getText() with or without transformation to match: a string containing "Lunch Roll"}' assertion on view view.getId() is <2131230835/com.example.lunchtray:id/bread>
10-20 12:36:31.916  3315  3315 I ViewInteraction: Checking 'MatchesViewAssertion{viewMatcher=an instance of android.widget.TextView and view.getText() with or without transformation to match: a string containing "Fresh baked"}' assertion on view view.getId() is <2131230836/com.example.lunchtray:id/bread_description>
10-20 12:36:31.917  3209  3209 I BugleRcsEngine: [2] akbw.l: Reinitialize CSLib Flags: com.google.android.ims.library
10-20 12:36:31.917  3315  3315 I ViewInteraction: Checking 'MatchesViewAssertion{viewMatcher=an instance of android.widget.TextView and view.getText() with or without transformation to match: a string containing "$0.50"}' assertion on view view.getId() is <2131230837/com.example.lunchtray:id/bread_price>
10-20 12:36:31.919  3315  3315 I ViewInteraction: Checking 'MatchesViewAssertion{viewMatcher=an instance of android.widget.TextView and view.getText() with or without transformation to match: a string containing "Mixed Berries"}' assertion on view view.getId() is <2131230825/com.example.lunchtray:id/berries>
10-20 12:36:31.920  3315  3315 I ViewInteraction: Checking 'MatchesViewAssertion{viewMatcher=an instance of android.widget.TextView and view.getText() with or without transformation to match: a string containing "Strawberries"}' assertion on view view.getId() is <2131230826/com.example.lunchtray:id/berries_description>
10-20 12:36:31.920  3315  3315 I ViewInteraction: Checking 'MatchesViewAssertion{viewMatcher=an instance of android.widget.TextView and view.getText() with or without transformation to match: a string containing "$1.00"}' assertion on view view.getId() is <2131230827/com.example.lunchtray:id/berries_price>
10-20 12:36:31.921  3315  3315 I ViewInteraction: Checking 'MatchesViewAssertion{viewMatcher=an instance of android.widget.TextView and view.getText() with or without transformation to match: a string containing "Pickled Veggies"}' assertion on view view.getId() is <2131231113/com.example.lunchtray:id/pickles>
10-20 12:36:31.922  3315  3315 I ViewInteraction: Checking 'MatchesViewAssertion{viewMatcher=an instance of android.widget.TextView and view.getText() with or without transformation to match: a string containing "Pickled cucumbers"}' assertion on view view.getId() is <2131231114/com.example.lunchtray:id/pickles_description>
10-20 12:36:31.923  3315  3315 I ViewInteraction: Checking 'MatchesViewAssertion{viewMatcher=an instance of android.widget.TextView and view.getText() with or without transformation to match: a string containing "$0.50"}' assertion on view view.getId() is <2131231115/com.example.lunchtray:id/pickles_price>
10-20 12:36:31.923  3315  3354 I TestRunner: finished: accompaniment_menu_item_content(com.example.lunchtray.MenuContentTests)
