10-20 12:36:35.338  2327  3465 D HeterodyneSyncer: updateFlag: com.google.android.finsky.stable, 82594910, 3, , QuickLinksClusterTitle__enable_bottom_padding
10-20 12:36:35.338  2327  3465 D HeterodyneSyncer: updateFlag: com.google.android.finsky.stable, 82594910, 3, , ReEngagementAds__enable_multi_layout_cluster
10-20 12:36:35.338  2327  3465 D HeterodyneSyncer: updateFlag: com.google.android.finsky.stable, 82594910, 3, , ReleaseNotesIntegration__test_bool_flag
10-20 12:36:35.338  2327  3465 D HeterodyneSyncer: updateFlag: com.google.android.finsky.stable, 82594910, 3, , ReleaseNotesIntegration__test_int_flag
10-20 12:36:35.339  2327  3465 D HeterodyneSyncer: updateFlag: com.google.android.finsky.stable, 82594910, 3, , ReleaseNotesIntegration__test_string_flag
10-20 12:36:35.339  2327  3465 D HeterodyneSyncer: updateFlag: com.google.android.finsky.stable, 82594910, 3, , RequestQos__enable_latency_tolerant_qos_endpoints
10-20 12:36:35.339  2327  3465 D HeterodyneSyncer: updateFlag: com.google.android.finsky.stable, 82594910, 3, , RestartForegroundStoreOnAccountRemoval__is_enabled
10-20 12:36:35.339  2327  3465 D HeterodyneSyncer: updateFlag: com.google.android.finsky.stable, 82594910, 3, , ReviewCache__enable_persistent_review_cache_for_dp
10-20 12:36:35.339  2327  3465 D HeterodyneSyncer: updateFlag: com.google.android.finsky.stable, 82594910, 3, , RpcReport__enable_all_rpc_logging
10-20 12:36:35.339  2327  3465 D HeterodyneSyncer: updateFlag: com.google.android.finsky.stable, 82594910, 3, , RpcReport__enable_dfe_request_logging
10-20 12:36:35.339  2327  3465 D HeterodyneSyncer: updateFlag: com.google.android.finsky.stable, 82594910, 3, , SecurityHub__enable_play_protect_and_mainline_integrations
10-20 12:36:35.339  2327  3465 D HeterodyneSyncer: updateFlag: com.google.android.finsky.stable, 82594910, 3, , SelfUpdate__free_up_space_for_splits_all_at_once
10-20 12:36:35.339  2327  3465 D HeterodyneSyncer: updateFlag: com.google.android.finsky.stable, 82594910, 3, , SerpLazyColumn__is_enabled
10-20 12:36:35.340  2327  3465 D HeterodyneSyncer: updateFlag: com.google.android.finsky.stable, 82594910, 3, , SharedCacheClearing__unique_id
10-20 12:36:35.340  2327  3465 D HeterodyneSyncer: updateFlag: com.google.android.finsky.stable, 82594910, 3, , StickyTab__sticky_tab_reset_value
10-20 12:36:35.340  1101  2593 E atwd    : Phenotype API error. Event # cngu@a0a93e5e, EventCode: 5 [CONTEXT service_id=51 ]
10-20 12:36:35.340  1101  2593 E atwd    : atvi: 29500: Empty (package not registered?) or malformed snapshot token:
10-20 12:36:35.340  1101  2593 E atwd    : 	at atwg.b(:com.google.android.gms@212423056@21.24.23 (190800-396046673):9)
10-20 12:36:35.340  1101  2593 E atwd    : 	at atwf.e(:com.google.android.gms@212423056@21.24.23 (190800-396046673):0)
10-20 12:36:35.340  1101  2593 E atwd    : 	at atwd.d(:com.google.android.gms@212423056@21.24.23 (190800-396046673):4)
10-20 12:36:35.340  1101  2593 E atwd    : 	at atwd.f(:com.google.android.gms@212423056@21.24.23 (190800-396046673):2)
10-20 12:36:35.340  1101  2593 E atwd    : 	at acvu.run(:com.google.android.gms@212423056@21.24.23 (190800-396046673):17)
10-20 12:36:35.340  1101  2593 E atwd    : 	at bvgk.run(:com.google.android.gms@212423056@21.24.23 (190800-396046673):2)
10-20 12:36:35.340  1101  2593 E atwd    : 	at ubg.c(:com.google.android.gms@212423056@21.24.23 (190800-396046673):6)
10-20 12:36:35.340  1101  2593 E atwd    : 	at ubg.run(:com.google.android.gms@212423056@21.24.23 (190800-396046673):8)
10-20 12:36:35.340  1101  2593 E atwd    : 	at java.util.concurrent.ThreadPoolExecutor.runWorker(ThreadPoolExecutor.java:1167)
10-20 12:36:35.340  1101  2593 E atwd    : 	at java.util.concurrent.ThreadPoolExecutor$Worker.run(ThreadPoolExecutor.java:641)
10-20 12:36:35.340  1101  2593 E atwd    : 	at uhc.run(:com.google.android.gms@212423056@21.24.23 (190800-396046673):0)
10-20 12:36:35.340  1101  2593 E atwd    : 	at java.lang.Thread.run(Thread.java:920)
10-20 12:36:35.340  2327  3465 D HeterodyneSyncer: updateFlag: com.google.android.finsky.stable, 82594910, 3, , StopParsingGclid__enable_stop_parsing_gclid
10-20 12:36:35.340  2327  3465 D HeterodyneSyncer: updateFlag: com.google.android.finsky.stable, 82594910, 3, , TestNetwork__use_dfe_v2
10-20 12:36:35.340  2327  3465 D HeterodyneSyncer: updateFlag: com.google.android.finsky.stable, 82594910, 3, , TestingPrograms__disable_share_for_pre_release_app
10-20 12:36:35.342  1101  2708 E atwd    : Phenotype API error. Event # cngu@3440b980, EventCode: 5 [CONTEXT service_id=51 ]
10-20 12:36:35.342  1101  2708 E atwd    : atvi: 29500: Empty (package not registered?) or malformed snapshot token:
10-20 12:36:35.342  1101  2708 E atwd    : 	at atwg.b(:com.google.android.gms@212423056@21.24.23 (190800-396046673):9)
10-20 12:36:35.342  1101  2708 E atwd    : 	at atwf.e(:com.google.android.gms@212423056@21.24.23 (190800-396046673):0)
10-20 12:36:35.342  1101  2708 E atwd    : 	at atwd.d(:com.google.android.gms@212423056@21.24.23 (190800-396046673):4)
10-20 12:36:35.342  1101  2708 E atwd    : 	at atwd.f(:com.google.android.gms@212423056@21.24.23 (190800-396046673):2)
10-20 12:36:35.342  1101  2708 E atwd    : 	at acvu.run(:com.google.android.gms@212423056@21.24.23 (190800-396046673):17)
10-20 12:36:35.342  1101  2708 E atwd    : 	at bvgk.run(:com.google.android.gms@212423056@21.24.23 (190800-396046673):2)
10-20 12:36:35.342  1101  2708 E atwd    : 	at ubg.c(:com.google.android.gms@212423056@21.24.23 (190800-396046673):6)
10-20 12:36:35.342  1101  2708 E atwd    : 	at ubg.run(:com.google.android.gms@212423056@21.24.23 (190800-396046673):8)
10-20 12:36:35.342  1101  2708 E atwd    : 	at java.util.concurrent.ThreadPoolExecutor.runWorker(ThreadPoolExecutor.java:1167)
10-20 12:36:35.342  1101  2708 E atwd    : 	at java.util.concurrent.ThreadPoolExecutor$Worker.run(ThreadPoolExecutor.java:641)
10-20 12:36:35.342  1101  2708 E atwd    : 	at uhc.run(:com.google.android.gms@212423056@21.24.23 (190800-396046673):0)
10-20 12:36:35.342  1101  2708 E atwd    : 	at java.lang.Thread.run(Thread.java:920)
10-20 12:36:35.345  1101  2708 E AsyncOperation: operation=CommitToConfigurationOperationCall, opStatusCode=29500 [CONTEXT service_id=51 ]
10-20 12:36:35.345  1101  2708 E AsyncOperation: OperationException[Status{statusCode=Empty (package not registered?) or malformed snapshot token: , resolution=null}]
10-20 12:36:35.345  1101  2708 E AsyncOperation: 	at atwd.d(:com.google.android.gms@212423056@21.24.23 (190800-396046673):6)
10-20 12:36:35.345  1101  2708 E AsyncOperation: 	at atwd.f(:com.google.android.gms@212423056@21.24.23 (190800-396046673):2)
10-20 12:36:35.345  1101  2708 E AsyncOperation: 	at acvu.run(:com.google.android.gms@212423056@21.24.23 (190800-396046673):17)
10-20 12:36:35.345  1101  2708 E AsyncOperation: 	at bvgk.run(:com.google.android.gms@212423056@21.24.23 (190800-396046673):2)
10-20 12:36:35.345  1101  2708 E AsyncOperation: 	at ubg.c(:com.google.android.gms@212423056@21.24.23 (190800-396046673):6)
10-20 12:36:35.345  1101  2708 E AsyncOperation: 	at ubg.run(:com.google.android.gms@212423056@21.24.23 (190800-396046673):8)
10-20 12:36:35.345  1101  2708 E AsyncOperation: 	at java.util.concurrent.ThreadPoolExecutor.runWorker(ThreadPoolExecutor.java:1167)
10-20 12:36:35.345  1101  2708 E AsyncOperation: 	at java.util.concurrent.ThreadPoolExecutor$Worker.run(ThreadPoolExecutor.java:641)
10-20 12:36:35.345  1101  2708 E AsyncOperation: 	at uhc.run(:com.google.android.gms@212423056@21.24.23 (190800-396046673):0)
10-20 12:36:35.345  1101  2708 E AsyncOperation: 	at java.lang.Thread.run(Thread.java:920)
10-20 12:36:35.346  2327  3465 D HeterodyneSyncer: updateFlag: com.google.android.finsky.stable, 82594910, 3, , TestingPrograms__enable_closed_testing_program_details_page
10-20 12:36:35.346  2327  3465 D HeterodyneSyncer: updateFlag: com.google.android.finsky.stable, 82594910, 3, , TestingPrograms__enable_internal_testing_program_details_page
10-20 12:36:35.346  2327  3465 D HeterodyneSyncer: updateFlag: com.google.android.finsky.stable, 82594910, 3, , TestingPrograms__enable_showing_beta_module_for_unowned_app
10-20 12:36:35.346  2327  3465 D HeterodyneSyncer: updateFlag: com.google.android.finsky.stable, 82594910, 3, , ToolbarFramework__enable_toolbar_framework
10-20 12:36:35.346  2327  3465 D HeterodyneSyncer: updateFlag: com.google.android.finsky.stable, 82594910, 3, , TopCharts__enforce_peeking_on_inline_top_charts
10-20 12:36:35.346  2327  3465 D HeterodyneSyncer: updateFlag: com.google.android.finsky.stable, 82594910, 3, , ToyFeature__is_enabled
10-20 12:36:35.346  2327  3465 D HeterodyneSyncer: updateFlag: com.google.android.finsky.stable, 82594910, 3, , TubeskyMenuOptimization2__is_enabled
10-20 12:36:35.346  2327  3465 D HeterodyneSyncer: updateFlag: com.google.android.finsky.stable, 82594910, 3, , TubeskyPermissionAudit__is_enabled
10-20 12:36:35.346  2327  3465 D HeterodyneSyncer: updateFlag: com.google.android.finsky.stable, 82594910, 3, , TubeskyTabV2__is_enabled
10-20 12:36:35.346  2327  3465 D HeterodyneSyncer: updateFlag: com.google.android.finsky.stable, 82594910, 3, , UiComponentFlattenHierarchy__migrate_wide_media_cl20
10-20 12:36:35.346  1101  2708 E atwd    : Phenotype API error. Event # cngu@d11c33c, EventCode: 5 [CONTEXT service_id=51 ]
10-20 12:36:35.346  1101  2708 E atwd    : atvi: 29500: Empty (package not registered?) or malformed snapshot token:
10-20 12:36:35.346  1101  2708 E atwd    : 	at atwg.b(:com.google.android.gms@212423056@21.24.23 (190800-396046673):9)
10-20 12:36:35.346  1101  2708 E atwd    : 	at atwf.e(:com.google.android.gms@212423056@21.24.23 (190800-396046673):0)
10-20 12:36:35.346  1101  2708 E atwd    : 	at atwd.d(:com.google.android.gms@212423056@21.24.23 (190800-396046673):4)
10-20 12:36:35.346  1101  2708 E atwd    : 	at atwd.f(:com.google.android.gms@212423056@21.24.23 (190800-396046673):2)
10-20 12:36:35.346  1101  2708 E atwd    : 	at acvu.run(:com.google.android.gms@212423056@21.24.23 (190800-396046673):17)
10-20 12:36:35.346  1101  2708 E atwd    : 	at bvgk.run(:com.google.android.gms@212423056@21.24.23 (190800-396046673):2)
10-20 12:36:35.346  1101  2708 E atwd    : 	at ubg.c(:com.google.android.gms@212423056@21.24.23 (190800-396046673):6)
10-20 12:36:35.346  1101  2708 E atwd    : 	at ubg.run(:com.google.android.gms@212423056@21.24.23 (190800-396046673):8)
10-20 12:36:35.346  1101  2708 E atwd    : 	at java.util.concurrent.ThreadPoolExecutor.runWorker(ThreadPoolExecutor.java:1167)
10-20 12:36:35.346  1101  2708 E atwd    : 	at java.util.concurrent.ThreadPoolExecutor$Worker.run(ThreadPoolExecutor.java:641)
10-20 12:36:35.346  1101  2708 E atwd    : 	at uhc.run(:com.google.android.gms@212423056@21.24.23 (190800-396046673):0)
10-20 12:36:35.346  1101  2708 E atwd    : 	at java.lang.Thread.run(Thread.java:920)
10-20 12:36:35.346  2327  3465 D HeterodyneSyncer: updateFlag: com.google.android.finsky.stable, 82594910, 3, , UiComponentFlattenHierarchy__use_install_aware_thumbnail_lite
10-20 12:36:35.348  1101  2708 E AsyncOperation: operation=CommitToConfigurationOperationCall, opStatusCode=29500 [CONTEXT service_id=51 ]
10-20 12:36:35.348  1101  2708 E AsyncOperation: OperationException[Status{statusCode=Empty (package not registered?) or malformed snapshot token: , resolution=null}]
10-20 12:36:35.348  1101  2708 E AsyncOperation: 	at atwd.d(:com.google.android.gms@212423056@21.24.23 (190800-396046673):6)
10-20 12:36:35.348  1101  2708 E AsyncOperation: 	at atwd.f(:com.google.android.gms@212423056@21.24.23 (190800-396046673):2)
10-20 12:36:35.348  1101  2708 E AsyncOperation: 	at acvu.run(:com.google.android.gms@212423056@21.24.23 (190800-396046673):17)
10-20 12:36:35.348  1101  2708 E AsyncOperation: 	at bvgk.run(:com.google.android.gms@212423056@21.24.23 (190800-396046673):2)
10-20 12:36:35.348  1101  2708 E AsyncOperation: 	at ubg.c(:com.google.android.gms@212423056@21.24.23 (190800-396046673):6)
10-20 12:36:35.348  1101  2708 E AsyncOperation: 	at ubg.run(:com.google.android.gms@212423056@21.24.23 (190800-396046673):8)
10-20 12:36:35.348  1101  2708 E AsyncOperation: 	at java.util.concurrent.ThreadPoolExecutor.runWorker(ThreadPoolExecutor.java:1167)
10-20 12:36:35.348  1101  2708 E AsyncOperation: 	at java.util.concurrent.ThreadPoolExecutor$Worker.run(ThreadPoolExecutor.java:641)
10-20 12:36:35.348  1101  2708 E AsyncOperation: 	at uhc.run(:com.google.android.gms@212423056@21.24.23 (190800-396046673):0)
10-20 12:36:35.348  1101  2708 E AsyncOperation: 	at java.lang.Thread.run(Thread.java:920)
10-20 12:36:35.349  1101  2708 E atwd    : Phenotype API error. Event # cngu@d11c33c, EventCode: 5 [CONTEXT service_id=51 ]
10-20 12:36:35.349  1101  2708 E atwd    : atvi: 29500: Empty (package not registered?) or malformed snapshot token:
10-20 12:36:35.349  1101  2708 E atwd    : 	at atwg.b(:com.google.android.gms@212423056@21.24.23 (190800-396046673):9)
10-20 12:36:35.349  1101  2708 E atwd    : 	at atwf.e(:com.google.android.gms@212423056@21.24.23 (190800-396046673):0)
10-20 12:36:35.349  1101  2708 E atwd    : 	at atwd.d(:com.google.android.gms@212423056@21.24.23 (190800-396046673):4)
10-20 12:36:35.349  1101  2708 E atwd    : 	at atwd.f(:com.google.android.gms@212423056@21.24.23 (190800-396046673):2)
10-20 12:36:35.349  1101  2708 E atwd    : 	at acvu.run(:com.google.android.gms@212423056@21.24.23 (190800-396046673):17)
10-20 12:36:35.349  1101  2708 E atwd    : 	at bvgk.run(:com.google.android.gms@212423056@21.24.23 (190800-396046673):2)
10-20 12:36:35.349  1101  2708 E atwd    : 	at ubg.c(:com.google.android.gms@212423056@21.24.23 (190800-396046673):6)
10-20 12:36:35.349  1101  2708 E atwd    : 	at ubg.run(:com.google.android.gms@212423056@21.24.23 (190800-396046673):8)
10-20 12:36:35.349  1101  2708 E atwd    : 	at java.util.concurrent.ThreadPoolExecutor.runWorker(ThreadPoolExecutor.java:1167)
10-20 12:36:35.349  1101  2708 E atwd    : 	at java.util.concurrent.ThreadPoolExecutor$Worker.run(ThreadPoolExecutor.java:641)
10-20 12:36:35.349  1101  2708 E atwd    : 	at uhc.run(:com.google.android.gms@212423056@21.24.23 (190800-396046673):0)
10-20 12:36:35.349  1101  2708 E atwd    : 	at java.lang.Thread.run(Thread.java:920)
10-20 12:36:35.349  2327  3465 D HeterodyneSyncer: updateFlag: com.google.android.finsky.stable, 82594910, 3, , UiComponentFlattenHierarchy__use_install_bar_view_lite
10-20 12:36:35.349  1101  2708 E AsyncOperation: operation=CommitToConfigurationOperationCall, opStatusCode=29500 [CONTEXT service_id=51 ]
10-20 12:36:35.349  1101  2708 E AsyncOperation: OperationException[Status{statusCode=Empty (package not registered?) or malformed snapshot token: , resolution=null}]
10-20 12:36:35.349  1101  2708 E AsyncOperation: 	at atwd.d(:com.google.android.gms@212423056@21.24.23 (190800-396046673):6)
10-20 12:36:35.349  1101  2708 E AsyncOperation: 	at atwd.f(:com.google.android.gms@212423056@21.24.23 (190800-396046673):2)
10-20 12:36:35.349  1101  2708 E AsyncOperation: 	at acvu.run(:com.google.android.gms@212423056@21.24.23 (190800-396046673):17)
10-20 12:36:35.349  1101  2708 E AsyncOperation: 	at bvgk.run(:com.google.android.gms@212423056@21.24.23 (190800-396046673):2)
10-20 12:36:35.349  1101  2708 E AsyncOperation: 	at ubg.c(:com.google.android.gms@212423056@21.24.23 (190800-396046673):6)
10-20 12:36:35.349  1101  2708 E AsyncOperation: 	at ubg.run(:com.google.android.gms@212423056@21.24.23 (190800-396046673):8)
10-20 12:36:35.349  1101  2708 E AsyncOperation: 	at java.util.concurrent.ThreadPoolExecutor.runWorker(ThreadPoolExecutor.java:1167)
10-20 12:36:35.349  1101  2708 E AsyncOperation: 	at java.util.concurrent.ThreadPoolExecutor$Worker.run(ThreadPoolExecutor.java:641)
10-20 12:36:35.349  1101  2708 E AsyncOperation: 	at uhc.run(:com.google.android.gms@212423056@21.24.23 (190800-396046673):0)
10-20 12:36:35.349  1101  2708 E AsyncOperation: 	at java.lang.Thread.run(Thread.java:920)
10-20 12:36:35.349  2327  3465 D HeterodyneSyncer: updateFlag: com.google.android.finsky.stable, 82594910, 3, , UiComponentFlattenHierarchy__use_metadata_bar_lite
10-20 12:36:35.349  2327  3465 D HeterodyneSyncer: updateFlag: com.google.android.finsky.stable, 82594910, 3, , UiComponentFlattenHierarchy__use_rotating_screenshots_lite
10-20 12:36:35.349  2327  3465 D HeterodyneSyncer: updateFlag: com.google.android.finsky.stable, 82594910, 3, , UiComponentFlattenHierarchy__use_single_button_install_bar_action_button_group_view
10-20 12:36:35.349  2327  3465 D HeterodyneSyncer: updateFlag: com.google.android.finsky.stable, 82594910, 3, , UiComponentFlattenHierarchy__use_youtube_video_player_view_stub
10-20 12:36:35.349  2327  3465 D HeterodyneSyncer: updateFlag: com.google.android.finsky.stable, 82594910, 3, , UnauthStableFeatures__send_additional_headers_for_unauth_requests
10-20 12:36:35.349  2327  3465 D HeterodyneSyncer: updateFlag: com.google.android.finsky.stable, 82594910, 3, , Unicorn__enable_user_settings_hidden_apps
10-20 12:36:35.349  2327  3465 D HeterodyneSyncer: updateFlag: com.google.android.finsky.stable, 82594910, 3, , UninstallManagerV4__enable_uninstall_manager_v4_page
10-20 12:36:35.349  2327  3465 D HeterodyneSyncer: updateFlag: com.google.android.finsky.stable, 82594910, 3, , UnivisionUiLogging__enable_gil_for_home
10-20 12:36:35.350  2327  3465 D HeterodyneSyncer: updateFlag: com.google.android.finsky.stable, 82594910, 3, , UnivisionUiLogging__enable_gil_for_my_reviews
10-20 12:36:35.350  2327  3465 D HeterodyneSyncer: updateFlag: com.google.android.finsky.stable, 82594910, 3, , UnivisionUiLogging__enable_gil_for_serp
10-20 12:36:35.350  2327  3465 D HeterodyneSyncer: updateFlag: com.google.android.finsky.stable, 82594910, 3, , Univision__disable_preinflation
10-20 12:36:35.350  2327  3465 D HeterodyneSyncer: updateFlag: com.google.android.finsky.stable, 82594910, 3, , Univision__enable_background_delivery
10-20 12:36:35.350  2327  3465 D HeterodyneSyncer: updateFlag: com.google.android.finsky.stable, 82594910, 3, , Univision__enable_browse_response_prefetch_handler
10-20 12:36:35.351  2327  3465 D HeterodyneSyncer: updateFlag: com.google.android.finsky.stable, 82594910, 3, , Univision__enable_dagger_non_singleton_prewarm_for_serp
10-20 12:36:35.351  2327  3465 D HeterodyneSyncer: updateFlag: com.google.android.finsky.stable, 82594910, 3, , Univision__enable_dagger_singleton_prewarm_for_serp
10-20 12:36:35.351  2327  3465 D HeterodyneSyncer: updateFlag: com.google.android.finsky.stable, 82594910, 3, , Univision__enable_my_reviews_page
10-20 12:36:35.351  2327  3465 D HeterodyneSyncer: updateFlag: com.google.android.finsky.stable, 82594910, 3, , Univision__enable_prewarm_compose_classes
10-20 12:36:35.351  2327  3465 D HeterodyneSyncer: updateFlag: com.google.android.finsky.stable, 82594910, 3, , Univision__enable_prewarm_compose_classes_process_start_delayed
10-20 12:36:35.351  2327  3465 D HeterodyneSyncer: updateFlag: com.google.android.finsky.stable, 82594910, 3, , Univision__enable_prewarm_compose_classes_serp
10-20 12:36:35.351  2327  3465 D HeterodyneSyncer: updateFlag: com.google.android.finsky.stable, 82594910, 3, , Univision__enable_throttling_in_stream
10-20 12:36:35.352  2327  3465 D HeterodyneSyncer: updateFlag: com.google.android.finsky.stable, 82594910, 3, , Univision__enable_vtc_logging
10-20 12:36:35.352  2327  3465 D HeterodyneSyncer: updateFlag: com.google.android.finsky.stable, 82594910, 3, , Univision__enable_vtc_logging_home
10-20 12:36:35.352  2327  3465 D HeterodyneSyncer: updateFlag: com.google.android.finsky.stable, 82594910, 3, , Univision__prewarm_on_serp_delay_ms
10-20 12:36:35.352  2327  3465 D HeterodyneSyncer: updateFlag: com.google.android.finsky.stable, 82594910, 3, , UserPerceivedLatency__disable_loading_delay_on_serp
10-20 12:36:35.352  2327  3465 D HeterodyneSyncer: updateFlag: com.google.android.finsky.stable, 82594910, 3, , UserPerceivedLatency__dms_default_loading_delay
10-20 12:36:35.352  2327  3465 D HeterodyneSyncer: updateFlag: com.google.android.finsky.stable, 82594910, 3, , UserPerceivedLatency__enable_display_mode_switcher_on_browse_page
10-20 12:36:35.353  2327  3465 D HeterodyneSyncer: updateFlag: com.google.android.finsky.stable, 82594910, 3, , UserPerceivedLatency__enable_display_mode_switcher_on_browse_stream
10-20 12:36:35.353  2327  3465 D HeterodyneSyncer: updateFlag: com.google.android.finsky.stable, 82594910, 3, , UserPerceivedLatency__enable_display_mode_switcher_on_home_page
10-20 12:36:35.353  2327  3465 D HeterodyneSyncer: updateFlag: com.google.android.finsky.stable, 82594910, 3, , UserPerceivedLatency__enable_display_mode_switcher_on_home_stream
10-20 12:36:35.353  2327  3465 D HeterodyneSyncer: updateFlag: com.google.android.finsky.stable, 82594910, 3, , UserPerceivedLatency__enable_display_mode_switcher_on_search_page
10-20 12:36:35.353  2327  3465 D HeterodyneSyncer: updateFlag: com.google.android.finsky.stable, 82594910, 3, , UserPerceivedLatency__enable_placeholder_on_thumbnail
10-20 12:36:35.353  2327  3465 D HeterodyneSyncer: updateFlag: com.google.android.finsky.stable, 82594910, 3, , UserPerceivedLatency__enable_upl_on_async_cluster
10-20 12:36:35.354  2327  3465 D HeterodyneSyncer: updateFlag: com.google.android.finsky.stable, 82594910, 3, , UserPerceivedLatency__enable_upl_on_browse_page
10-20 12:36:35.354  2327  3465 D HeterodyneSyncer: updateFlag: com.google.android.finsky.stable, 82594910, 3, , UserPerceivedLatency__enable_upl_on_home_page
10-20 12:36:35.354  2327  3465 D HeterodyneSyncer: updateFlag: com.google.android.finsky.stable, 82594910, 3, , UserPerceivedLatency__enable_upl_on_home_page_vertical_scroll
10-20 12:36:35.354  2327  3465 D HeterodyneSyncer: updateFlag: com.google.android.finsky.stable, 82594910, 3, , UserPerceivedLatency__enable_upl_on_search_page_jpkr
10-20 12:36:35.354  2327  3465 D HeterodyneSyncer: updateFlag: com.google.android.finsky.stable, 82594910, 3, , UserPerceivedLatency__enable_upl_on_search_page_scroll
10-20 12:36:35.354  2327  3465 D HeterodyneSyncer: updateFlag: com.google.android.finsky.stable, 82594910, 3, , UserSettingsCacheClearing__unique_id
10-20 12:36:35.354  2327  3465 D HeterodyneSyncer: updateFlag: com.google.android.finsky.stable, 82594910, 3, , VideoAutoPlayComposeScroller__is_enabled
10-20 12:36:35.354  2327  3465 D HeterodyneSyncer: updateFlag: com.google.android.finsky.stable, 82594910, 3, , ViewPager__disable_primarynav_offscreen_tab_view_biniding
10-20 12:36:35.354  2327  3465 D HeterodyneSyncer: updateFlag: com.google.android.finsky.stable, 82594910, 3, , VisRefresh__cluster_header_lite_option
10-20 12:36:35.354  2327  3465 D HeterodyneSyncer: updateFlag: com.google.android.finsky.stable, 82594910, 3, , VisRefresh__cluster_padding_option
10-20 12:36:35.354  2327  3465 D HeterodyneSyncer: updateFlag: com.google.android.finsky.stable, 82594910, 3, , VisRefresh__enable_apps_ads_auto_scroll
10-20 12:36:35.354  2327  3465 D HeterodyneSyncer: updateFlag: com.google.android.finsky.stable, 82594910, 3, , VisRefresh__enable_apps_ads_auto_scroll_delay
10-20 12:36:35.355  2327  3465 D HeterodyneSyncer: updateFlag: com.google.android.finsky.stable, 82594910, 3, , VisRefresh__enable_button_animation
10-20 12:36:35.355  2327  3465 D HeterodyneSyncer: updateFlag: com.google.android.finsky.stable, 82594910, 3, , VisRefresh__enable_delay_post_install_ads_display
10-20 12:36:35.355  2327  3465 D HeterodyneSyncer: updateFlag: com.google.android.finsky.stable, 82594910, 3, , VisRefresh__enable_dynamically_inflate_action_button_group
10-20 12:36:35.355  2327  3465 D HeterodyneSyncer: updateFlag: com.google.android.finsky.stable, 82594910, 3, , VisRefresh__enable_fully_transparent_sys_nav_on_q
10-20 12:36:35.355  2327  3465 D HeterodyneSyncer: updateFlag: com.google.android.finsky.stable, 82594910, 3, , VisRefresh__enable_visual_refresh
10-20 12:36:35.355  2327  3465 D HeterodyneSyncer: updateFlag: com.google.android.finsky.stable, 82594910, 3, , VisualRefreshPhase2__details_page_transition_option
10-20 12:36:35.355  2327  3465 D HeterodyneSyncer: updateFlag: com.google.android.finsky.stable, 82594910, 3, , VisualRefreshPhase2__enable_details_page_clarification
10-20 12:36:35.355  2327  3465 D HeterodyneSyncer: updateFlag: com.google.android.finsky.stable, 82594910, 3, , VisualRefreshPhase2__enable_details_page_clarification_reorder_only
10-20 12:36:35.355  2327  3465 D HeterodyneSyncer: updateFlag: com.google.android.finsky.stable, 82594910, 3, , VisualRefreshPhase2__enable_details_page_clarification_smaller_padding
10-20 12:36:35.355  2327  3465 D HeterodyneSyncer: updateFlag: com.google.android.finsky.stable, 82594910, 3, , VisualRefreshPhase2__enable_details_page_clarification_smallest_padding
10-20 12:36:35.356  2327  3465 D HeterodyneSyncer: updateFlag: com.google.android.finsky.stable, 82594910, 3, , VisualRefreshPhase2__enable_immersive_header_migration_user_voting
10-20 12:36:35.356  2327  3465 D HeterodyneSyncer: updateFlag: com.google.android.finsky.stable, 82594910, 3, , VisualRefreshPhase2__min_ram_to_enable_details_page_transition
10-20 12:36:35.356  2327  3465 D HeterodyneSyncer: updateFlag: com.google.android.finsky.stable, 82594910, 3, , VoiceSearch__enable_voice_search_button_visibility_logging
10-20 12:36:35.357  2327  3465 D HeterodyneSyncer: updateFlag: com.google.android.finsky.stable, 82594910, 3, , VoiceSearch__voice_search_max_results
10-20 12:36:35.357  2327  3465 D HeterodyneSyncer: updateFlag: com.google.android.finsky.stable, 82594910, 3, , WideMediaVideoScreenshotHeightOverride__enable_cluster_height_override
10-20 12:36:35.362  1101  2593 E AsyncOperation: operation=CommitToConfigurationOperationCall, opStatusCode=29500 [CONTEXT service_id=51 ]
10-20 12:36:35.362  1101  2593 E AsyncOperation: OperationException[Status{statusCode=Empty (package not registered?) or malformed snapshot token: , resolution=null}]
10-20 12:36:35.362  1101  2593 E AsyncOperation: 	at atwd.d(:com.google.android.gms@212423056@21.24.23 (190800-396046673):6)
10-20 12:36:35.362  1101  2593 E AsyncOperation: 	at atwd.f(:com.google.android.gms@212423056@21.24.23 (190800-396046673):2)
10-20 12:36:35.362  1101  2593 E AsyncOperation: 	at acvu.run(:com.google.android.gms@212423056@21.24.23 (190800-396046673):17)
10-20 12:36:35.362  1101  2593 E AsyncOperation: 	at bvgk.run(:com.google.android.gms@212423056@21.24.23 (190800-396046673):2)
10-20 12:36:35.362  1101  2593 E AsyncOperation: 	at ubg.c(:com.google.android.gms@212423056@21.24.23 (190800-396046673):6)
10-20 12:36:35.362  1101  2593 E AsyncOperation: 	at ubg.run(:com.google.android.gms@212423056@21.24.23 (190800-396046673):8)
10-20 12:36:35.362  1101  2593 E AsyncOperation: 	at java.util.concurrent.ThreadPoolExecutor.runWorker(ThreadPoolExecutor.java:1167)
10-20 12:36:35.362  1101  2593 E AsyncOperation: 	at java.util.concurrent.ThreadPoolExecutor$Worker.run(ThreadPoolExecutor.java:641)
10-20 12:36:35.362  1101  2593 E AsyncOperation: 	at uhc.run(:com.google.android.gms@212423056@21.24.23 (190800-396046673):0)
10-20 12:36:35.362  1101  2593 E AsyncOperation: 	at java.lang.Thread.run(Thread.java:920)
10-20 12:36:35.363  1101  2708 E atwd    : Phenotype API error. Event # cngu@253b6d55, EventCode: 5 [CONTEXT service_id=51 ]
10-20 12:36:35.363  1101  2708 E atwd    : atvi: 29500: Empty (package not registered?) or malformed snapshot token:
10-20 12:36:35.363  1101  2708 E atwd    : 	at atwg.b(:com.google.android.gms@212423056@21.24.23 (190800-396046673):9)
10-20 12:36:35.363  1101  2708 E atwd    : 	at atwf.e(:com.google.android.gms@212423056@21.24.23 (190800-396046673):0)
10-20 12:36:35.363  1101  2708 E atwd    : 	at atwd.d(:com.google.android.gms@212423056@21.24.23 (190800-396046673):4)
10-20 12:36:35.363  1101  2708 E atwd    : 	at atwd.f(:com.google.android.gms@212423056@21.24.23 (190800-396046673):2)
10-20 12:36:35.363  1101  2708 E atwd    : 	at acvu.run(:com.google.android.gms@212423056@21.24.23 (190800-396046673):17)
10-20 12:36:35.363  1101  2708 E atwd    : 	at bvgk.run(:com.google.android.gms@212423056@21.24.23 (190800-396046673):2)
10-20 12:36:35.363  1101  2708 E atwd    : 	at ubg.c(:com.google.android.gms@212423056@21.24.23 (190800-396046673):6)
10-20 12:36:35.363  1101  2708 E atwd    : 	at ubg.run(:com.google.android.gms@212423056@21.24.23 (190800-396046673):8)
10-20 12:36:35.363  1101  2708 E atwd    : 	at java.util.concurrent.ThreadPoolExecutor.runWorker(ThreadPoolExecutor.java:1167)
10-20 12:36:35.363  1101  2708 E atwd    : 	at java.util.concurrent.ThreadPoolExecutor$Worker.run(ThreadPoolExecutor.java:641)
10-20 12:36:35.363  1101  2708 E atwd    : 	at uhc.run(:com.google.android.gms@212423056@21.24.23 (190800-396046673):0)
10-20 12:36:35.363  1101  2708 E atwd    : 	at java.lang.Thread.run(Thread.java:920)
10-20 12:36:35.363  1101  2708 E AsyncOperation: operation=CommitToConfigurationOperationCall, opStatusCode=29500 [CONTEXT service_id=51 ]
10-20 12:36:35.363  1101  2708 E AsyncOperation: OperationException[Status{statusCode=Empty (package not registered?) or malformed snapshot token: , resolution=null}]
10-20 12:36:35.363  1101  2708 E AsyncOperation: 	at atwd.d(:com.google.android.gms@212423056@21.24.23 (190800-396046673):6)
10-20 12:36:35.363  1101  2708 E AsyncOperation: 	at atwd.f(:com.google.android.gms@212423056@21.24.23 (190800-396046673):2)
10-20 12:36:35.363  1101  2708 E AsyncOperation: 	at acvu.run(:com.google.android.gms@212423056@21.24.23 (190800-396046673):17)
10-20 12:36:35.363  1101  2708 E AsyncOperation: 	at bvgk.run(:com.google.android.gms@212423056@21.24.23 (190800-396046673):2)
10-20 12:36:35.363  1101  2708 E AsyncOperation: 	at ubg.c(:com.google.android.gms@212423056@21.24.23 (190800-396046673):6)
10-20 12:36:35.363  1101  2708 E AsyncOperation: 	at ubg.run(:com.google.android.gms@212423056@21.24.23 (190800-396046673):8)
10-20 12:36:35.363  1101  2708 E AsyncOperation: 	at java.util.concurrent.ThreadPoolExecutor.runWorker(ThreadPoolExecutor.java:1167)
10-20 12:36:35.363  1101  2708 E AsyncOperation: 	at java.util.concurrent.ThreadPoolExecutor$Worker.run(ThreadPoolExecutor.java:641)
10-20 12:36:35.363  1101  2708 E AsyncOperation: 	at uhc.run(:com.google.android.gms@212423056@21.24.23 (190800-396046673):0)
10-20 12:36:35.363  1101  2708 E AsyncOperation: 	at java.lang.Thread.run(Thread.java:920)
10-20 12:36:35.364  2404  3494 E com.google.common.w.a.k: Got more than one input Future failure. Logging failures after the first
10-20 12:36:35.364  2404  3494 E com.google.common.w.a.k: com.google.android.libraries.phenotype.client.a.e: 29500: 29500: Empty (package not registered?) or malformed snapshot token:
10-20 12:36:35.364  2404  3494 E com.google.common.w.a.k: 	at com.google.android.libraries.phenotype.client.a.g.apply(SourceFile:1)
10-20 12:36:35.364  2404  3494 E com.google.common.w.a.k: 	at com.google.common.w.a.a.d(SourceFile:2)
10-20 12:36:35.364  2404  3494 E com.google.common.w.a.k: 	at com.google.common.w.a.c.run(SourceFile:11)
10-20 12:36:35.364  2404  3494 E com.google.common.w.a.k: 	at com.google.common.w.a.az.execute(SourceFile:1)
10-20 12:36:35.364  2404  3494 E com.google.common.w.a.k: 	at com.google.common.w.a.d.i(SourceFile:1)
10-20 12:36:35.364  2404  3494 E com.google.common.w.a.k: 	at com.google.common.w.a.d.m(SourceFile:12)
10-20 12:36:35.364  2404  3494 E com.google.common.w.a.k: 	at com.google.common.w.a.d.p(SourceFile:3)
10-20 12:36:35.364  2404  3494 E com.google.common.w.a.k: 	at com.google.android.libraries.s.b.a(SourceFile:5)
10-20 12:36:35.364  2404  3494 E com.google.common.w.a.k: 	at com.google.android.gms.k.n.run(SourceFile:1)
10-20 12:36:35.364  2404  3494 E com.google.common.w.a.k: 	at com.google.common.w.a.az.execute(SourceFile:1)
10-20 12:36:35.364  2404  3494 E com.google.common.w.a.k: 	at com.google.android.gms.k.o.a(SourceFile:3)
10-20 12:36:35.364  2404  3494 E com.google.common.w.a.k: 	at com.google.android.gms.k.ad.b(SourceFile:5)
10-20 12:36:35.364  2404  3494 E com.google.common.w.a.k: 	at com.google.android.gms.k.aj.u(SourceFile:4)
10-20 12:36:35.364  2404  3494 E com.google.common.w.a.k: 	at com.google.android.gms.common.api.internal.dg.b(SourceFile:4)
10-20 12:36:35.364  2404  3494 E com.google.common.w.a.k: 	at com.google.android.gms.phenotype.r.a(SourceFile:1)
10-20 12:36:35.364  2404  3494 E com.google.common.w.a.k: 	at com.google.android.gms.phenotype.a.a.dispatchTransaction(SourceFile:31)
10-20 12:36:35.364  2404  3494 E com.google.common.w.a.k: 	at com.google.android.a.b.onTransact(SourceFile:2)
10-20 12:36:35.364  2404  3494 E com.google.common.w.a.k: 	at android.os.Binder.execTransactInternal(Binder.java:1184)
10-20 12:36:35.364  2404  3494 E com.google.common.w.a.k: 	at android.os.Binder.execTransact(Binder.java:1143)
10-20 12:36:35.364  2404  3494 E com.google.common.w.a.k: Caused by: com.google.android.gms.common.api.n: 29500: Empty (package not registered?) or malformed snapshot token:
10-20 12:36:35.364  2404  3494 E com.google.common.w.a.k: 	at com.google.android.gms.common.api.internal.dg.b(SourceFile:3)
10-20 12:36:35.364  2404  3494 E com.google.common.w.a.k: 	... 5 more
10-20 12:36:35.364  2404  3494 E com.google.common.w.a.k: Got more than one input Future failure. Logging failures after the first
10-20 12:36:35.364  2404  3494 E com.google.common.w.a.k: com.google.android.libraries.phenotype.client.a.e: 29500: 29500: Empty (package not registered?) or malformed snapshot token:
10-20 12:36:35.364  2404  3494 E com.google.common.w.a.k: 	at com.google.android.libraries.phenotype.client.a.g.apply(SourceFile:1)
10-20 12:36:35.364  2404  3494 E com.google.common.w.a.k: 	at com.google.common.w.a.a.d(SourceFile:2)
10-20 12:36:35.364  2404  3494 E com.google.common.w.a.k: 	at com.google.common.w.a.c.run(SourceFile:11)
10-20 12:36:35.364  2404  3494 E com.google.common.w.a.k: 	at com.google.common.w.a.az.execute(SourceFile:1)
10-20 12:36:35.364  2404  3494 E com.google.common.w.a.k: 	at com.google.common.w.a.d.i(SourceFile:1)
10-20 12:36:35.364  2404  3494 E com.google.common.w.a.k: 	at com.google.common.w.a.d.m(SourceFile:12)
10-20 12:36:35.364  2404  3494 E com.google.common.w.a.k: 	at com.google.common.w.a.d.p(SourceFile:3)
10-20 12:36:35.364  2404  3494 E com.google.common.w.a.k: 	at com.google.android.libraries.s.b.a(SourceFile:5)
10-20 12:36:35.364  2404  3494 E com.google.common.w.a.k: 	at com.google.android.gms.k.n.run(SourceFile:1)
10-20 12:36:35.364  2404  3494 E com.google.common.w.a.k: 	at com.google.common.w.a.az.execute(SourceFile:1)
10-20 12:36:35.364  2404  3494 E com.google.common.w.a.k: 	at com.google.android.gms.k.o.a(SourceFile:3)
10-20 12:36:35.364  2404  3494 E com.google.common.w.a.k: 	at com.google.android.gms.k.ad.b(SourceFile:5)
10-20 12:36:35.364  2404  3494 E com.google.common.w.a.k: 	at com.google.android.gms.k.aj.u(SourceFile:4)
10-20 12:36:35.364  2404  3494 E com.google.common.w.a.k: 	at com.google.android.gms.common.api.internal.dg.b(SourceFile:4)
10-20 12:36:35.364  2404  3494 E com.google.common.w.a.k: 	at com.google.android.gms.phenotype.r.a(SourceFile:1)
10-20 12:36:35.364  2404  3494 E com.google.common.w.a.k: 	at com.google.android.gms.phenotype.a.a.dispatchTransaction(SourceFile:31)
10-20 12:36:35.364  2404  3494 E com.google.common.w.a.k: 	at com.google.android.a.b.onTransact(SourceFile:2)
10-20 12:36:35.364  2404  3494 E com.google.common.w.a.k: 	at android.os.Binder.execTransactInternal(Binder.java:1184)
10-20 12:36:35.364  2404  3494 E com.google.common.w.a.k: 	at android.os.Binder.execTransact(Binder.java:1143)
10-20 12:36:35.364  2404  3494 E com.google.common.w.a.k: Caused by: com.google.android.gms.common.api.n: 29500: Empty (package not registered?) or malformed snapshot token:
10-20 12:36:35.364  2404  3494 E com.google.common.w.a.k: 	at com.google.android.gms.common.api.internal.dg.b(SourceFile:3)
10-20 12:36:35.364  2404  3494 E com.google.common.w.a.k: 	... 5 more
10-20 12:36:35.365  2404  3494 E com.google.common.w.a.k: Got more than one input Future failure. Logging failures after the first
10-20 12:36:35.365  2404  3494 E com.google.common.w.a.k: com.google.android.libraries.phenotype.client.a.e: 29500: 29500: Empty (package not registered?) or malformed snapshot token:
10-20 12:36:35.365  2404  3494 E com.google.common.w.a.k: 	at com.google.android.libraries.phenotype.client.a.g.apply(SourceFile:1)
10-20 12:36:35.365  2404  3494 E com.google.common.w.a.k: 	at com.google.common.w.a.a.d(SourceFile:2)
10-20 12:36:35.365  2404  3494 E com.google.common.w.a.k: 	at com.google.common.w.a.c.run(SourceFile:11)
10-20 12:36:35.365  2404  3494 E com.google.common.w.a.k: 	at com.google.common.w.a.az.execute(SourceFile:1)
10-20 12:36:35.365  2404  3494 E com.google.common.w.a.k: 	at com.google.common.w.a.d.i(SourceFile:1)
10-20 12:36:35.365  2404  3494 E com.google.common.w.a.k: 	at com.google.common.w.a.d.m(SourceFile:12)
10-20 12:36:35.365  2404  3494 E com.google.common.w.a.k: 	at com.google.common.w.a.d.p(SourceFile:3)
10-20 12:36:35.365  2404  3494 E com.google.common.w.a.k: 	at com.google.android.libraries.s.b.a(SourceFile:5)
10-20 12:36:35.365  2404  3494 E com.google.common.w.a.k: 	at com.google.android.gms.k.n.run(SourceFile:1)
10-20 12:36:35.365  2404  3494 E com.google.common.w.a.k: 	at com.google.common.w.a.az.execute(SourceFile:1)
10-20 12:36:35.365  2404  3494 E com.google.common.w.a.k: 	at com.google.android.gms.k.o.a(SourceFile:3)
10-20 12:36:35.365  2404  3494 E com.google.common.w.a.k: 	at com.google.android.gms.k.ad.b(SourceFile:5)
10-20 12:36:35.365  2404  3494 E com.google.common.w.a.k: 	at com.google.android.gms.k.aj.u(SourceFile:4)
10-20 12:36:35.365  2404  3494 E com.google.common.w.a.k: 	at com.google.android.gms.common.api.internal.dg.b(SourceFile:4)
10-20 12:36:35.365  2404  3494 E com.google.common.w.a.k: 	at com.google.android.gms.phenotype.r.a(SourceFile:1)
10-20 12:36:35.365  2404  3494 E com.google.common.w.a.k: 	at com.google.android.gms.phenotype.a.a.dispatchTransaction(SourceFile:31)
10-20 12:36:35.365  2404  3494 E com.google.common.w.a.k: 	at com.google.android.a.b.onTransact(SourceFile:2)
10-20 12:36:35.365  2404  3494 E com.google.common.w.a.k: 	at android.os.Binder.execTransactInternal(Binder.java:1184)
10-20 12:36:35.365  2404  3494 E com.google.common.w.a.k: 	at android.os.Binder.execTransact(Binder.java:1143)
10-20 12:36:35.365  2404  3494 E com.google.common.w.a.k: Caused by: com.google.android.gms.common.api.n: 29500: Empty (package not registered?) or malformed snapshot token:
10-20 12:36:35.365  2404  3494 E com.google.common.w.a.k: 	at com.google.android.gms.common.api.internal.dg.b(SourceFile:3)
10-20 12:36:35.365  2404  3494 E com.google.common.w.a.k: 	... 5 more
10-20 12:36:35.365  2404  3494 E com.google.common.w.a.k: Got more than one input Future failure. Logging failures after the first
10-20 12:36:35.365  2404  3494 E com.google.common.w.a.k: com.google.android.libraries.phenotype.client.a.e: 29500: 29500: Empty (package not registered?) or malformed snapshot token:
10-20 12:36:35.365  2404  3494 E com.google.common.w.a.k: 	at com.google.android.libraries.phenotype.client.a.g.apply(SourceFile:1)
10-20 12:36:35.365  2404  3494 E com.google.common.w.a.k: 	at com.google.common.w.a.a.d(SourceFile:2)
10-20 12:36:35.365  2404  3494 E com.google.common.w.a.k: 	at com.google.common.w.a.c.run(SourceFile:11)
10-20 12:36:35.365  2404  3494 E com.google.common.w.a.k: 	at com.google.common.w.a.az.execute(SourceFile:1)
10-20 12:36:35.365  2404  3494 E com.google.common.w.a.k: 	at com.google.common.w.a.d.i(SourceFile:1)
10-20 12:36:35.365  2404  3494 E com.google.common.w.a.k: 	at com.google.common.w.a.d.m(SourceFile:12)
10-20 12:36:35.365  2404  3494 E com.google.common.w.a.k: 	at com.google.common.w.a.d.p(SourceFile:3)
10-20 12:36:35.365  2404  3494 E com.google.common.w.a.k: 	at com.google.android.libraries.s.b.a(SourceFile:5)
10-20 12:36:35.365  2404  3494 E com.google.common.w.a.k: 	at com.google.android.gms.k.n.run(SourceFile:1)
10-20 12:36:35.365  2404  3494 E com.google.common.w.a.k: 	at com.google.common.w.a.az.execute(SourceFile:1)
10-20 12:36:35.365  2404  3494 E com.google.common.w.a.k: 	at com.google.android.gms.k.o.a(SourceFile:3)
10-20 12:36:35.365  2404  3494 E com.google.common.w.a.k: 	at com.google.android.gms.k.ad.b(SourceFile:5)
10-20 12:36:35.365  2404  3494 E com.google.common.w.a.k: 	at com.google.android.gms.k.aj.u(SourceFile:4)
10-20 12:36:35.365  2404  3494 E com.google.common.w.a.k: 	at com.google.android.gms.common.api.internal.dg.b(SourceFile:4)
10-20 12:36:35.365  2404  3494 E com.google.common.w.a.k: 	at com.google.android.gms.phenotype.r.a(SourceFile:1)
10-20 12:36:35.365  2404  3494 E com.google.common.w.a.k: 	at com.google.android.gms.phenotype.a.a.dispatchTransaction(SourceFile:31)
10-20 12:36:35.365  2404  3494 E com.google.common.w.a.k: 	at com.google.android.a.b.onTransact(SourceFile:2)
10-20 12:36:35.365  2404  3494 E com.google.common.w.a.k: 	at android.os.Binder.execTransactInternal(Binder.java:1184)
10-20 12:36:35.365  2404  3494 E com.google.common.w.a.k: 	at android.os.Binder.execTransact(Binder.java:1143)
10-20 12:36:35.365  2404  3494 E com.google.common.w.a.k: Caused by: com.google.android.gms.common.api.n: 29500: Empty (package not registered?) or malformed snapshot token:
10-20 12:36:35.365  2404  3494 E com.google.common.w.a.k: 	at com.google.android.gms.common.api.internal.dg.b(SourceFile:3)
10-20 12:36:35.365  2404  3494 E com.google.common.w.a.k: 	... 5 more
10-20 12:36:35.365  2404  3494 E com.google.common.w.a.k: Got more than one input Future failure. Logging failures after the first
10-20 12:36:35.365  2404  3494 E com.google.common.w.a.k: com.google.android.libraries.phenotype.client.a.e: 29500: 29500: Empty (package not registered?) or malformed snapshot token:
10-20 12:36:35.365  2404  3494 E com.google.common.w.a.k: 	at com.google.android.libraries.phenotype.client.a.g.apply(SourceFile:1)
10-20 12:36:35.365  2404  3494 E com.google.common.w.a.k: 	at com.google.common.w.a.a.d(SourceFile:2)
10-20 12:36:35.365  2404  3494 E com.google.common.w.a.k: 	at com.google.common.w.a.c.run(SourceFile:11)
10-20 12:36:35.365  2404  3494 E com.google.common.w.a.k: 	at com.google.common.w.a.az.execute(SourceFile:1)
10-20 12:36:35.365  2404  3494 E com.google.common.w.a.k: 	at com.google.common.w.a.d.i(SourceFile:1)
10-20 12:36:35.365  2404  3494 E com.google.common.w.a.k: 	at com.google.common.w.a.d.m(SourceFile:12)
10-20 12:36:35.365  2404  3494 E com.google.common.w.a.k: 	at com.google.common.w.a.d.p(SourceFile:3)
10-20 12:36:35.365  2404  3494 E com.google.common.w.a.k: 	at com.google.android.libraries.s.b.a(SourceFile:5)
10-20 12:36:35.365  2404  3494 E com.google.common.w.a.k: 	at com.google.android.gms.k.n.run(SourceFile:1)
10-20 12:36:35.365  2404  3494 E com.google.common.w.a.k: 	at com.google.common.w.a.az.execute(SourceFile:1)
10-20 12:36:35.365  2404  3494 E com.google.common.w.a.k: 	at com.google.android.gms.k.o.a(SourceFile:3)
10-20 12:36:35.365  2404  3494 E com.google.common.w.a.k: 	at com.google.android.gms.k.ad.b(SourceFile:5)
10-20 12:36:35.365  2404  3494 E com.google.common.w.a.k: 	at com.google.android.gms.k.aj.u(SourceFile:4)
10-20 12:36:35.365  2404  3494 E com.google.common.w.a.k: 	at com.google.android.gms.common.api.internal.dg.b(SourceFile:4)
10-20 12:36:35.365  2404  3494 E com.google.common.w.a.k: 	at com.google.android.gms.phenotype.r.a(SourceFile:1)
10-20 12:36:35.365  2404  3494 E com.google.common.w.a.k: 	at com.google.android.gms.phenotype.a.a.dispatchTransaction(SourceFile:31)
10-20 12:36:35.365  2404  3494 E com.google.common.w.a.k: 	at com.google.android.a.b.onTransact(SourceFile:2)
10-20 12:36:35.365  2404  3494 E com.google.common.w.a.k: 	at android.os.Binder.execTransactInternal(Binder.java:1184)
10-20 12:36:35.365  2404  3494 E com.google.common.w.a.k: 	at android.os.Binder.execTransact(Binder.java:1143)
10-20 12:36:35.365  2404  3494 E com.google.common.w.a.k: Caused by: com.google.android.gms.common.api.n: 29500: Empty (package not registered?) or malformed snapshot token:
10-20 12:36:35.365  2404  3494 E com.google.common.w.a.k: 	at com.google.android.gms.common.api.internal.dg.b(SourceFile:3)
10-20 12:36:35.365  2404  3494 E com.google.common.w.a.k: 	... 5 more
10-20 12:36:35.366  2404  3494 E com.google.common.w.a.k: Got more than one input Future failure. Logging failures after the first
10-20 12:36:35.366  2404  3494 E com.google.common.w.a.k: com.google.android.libraries.phenotype.client.a.e: 29500: 29500: Empty (package not registered?) or malformed snapshot token:
10-20 12:36:35.366  2404  3494 E com.google.common.w.a.k: 	at com.google.android.libraries.phenotype.client.a.g.apply(SourceFile:1)
10-20 12:36:35.366  2404  3494 E com.google.common.w.a.k: 	at com.google.common.w.a.a.d(SourceFile:2)
10-20 12:36:35.366  2404  3494 E com.google.common.w.a.k: 	at com.google.common.w.a.c.run(SourceFile:11)
10-20 12:36:35.366  2404  3494 E com.google.common.w.a.k: 	at com.google.common.w.a.az.execute(SourceFile:1)
10-20 12:36:35.366  2404  3494 E com.google.common.w.a.k: 	at com.google.common.w.a.d.i(SourceFile:1)
10-20 12:36:35.366  2404  3494 E com.google.common.w.a.k: 	at com.google.common.w.a.d.m(SourceFile:12)
10-20 12:36:35.366  2404  3494 E com.google.common.w.a.k: 	at com.google.common.w.a.d.p(SourceFile:3)
10-20 12:36:35.366  2404  3494 E com.google.common.w.a.k: 	at com.google.android.libraries.s.b.a(SourceFile:5)
10-20 12:36:35.366  2404  3494 E com.google.common.w.a.k: 	at com.google.android.gms.k.n.run(SourceFile:1)
10-20 12:36:35.366  2404  3494 E com.google.common.w.a.k: 	at com.google.common.w.a.az.execute(SourceFile:1)
10-20 12:36:35.366  2404  3494 E com.google.common.w.a.k: 	at com.google.android.gms.k.o.a(SourceFile:3)
10-20 12:36:35.366  2404  3494 E com.google.common.w.a.k: 	at com.google.android.gms.k.ad.b(SourceFile:5)
10-20 12:36:35.366  2404  3494 E com.google.common.w.a.k: 	at com.google.android.gms.k.aj.u(SourceFile:4)
10-20 12:36:35.366  2404  3494 E com.google.common.w.a.k: 	at com.google.android.gms.common.api.internal.dg.b(SourceFile:4)
10-20 12:36:35.366  2404  3494 E com.google.common.w.a.k: 	at com.google.android.gms.phenotype.r.a(SourceFile:1)
10-20 12:36:35.366  2404  3494 E com.google.common.w.a.k: 	at com.google.android.gms.phenotype.a.a.dispatchTransaction(SourceFile:31)
10-20 12:36:35.366  2404  3494 E com.google.common.w.a.k: 	at com.google.android.a.b.onTransact(SourceFile:2)
10-20 12:36:35.366  2404  3494 E com.google.common.w.a.k: 	at android.os.Binder.execTransactInternal(Binder.java:1184)
10-20 12:36:35.366  2404  3494 E com.google.common.w.a.k: 	at android.os.Binder.execTransact(Binder.java:1143)
10-20 12:36:35.366  2404  3494 E com.google.common.w.a.k: Caused by: com.google.android.gms.common.api.n: 29500: Empty (package not registered?) or malformed snapshot token:
10-20 12:36:35.366  2404  3494 E com.google.common.w.a.k: 	at com.google.android.gms.common.api.internal.dg.b(SourceFile:3)
10-20 12:36:35.366  2404  3494 E com.google.common.w.a.k: 	... 5 more
10-20 12:36:35.366  2404  3494 E com.google.common.w.a.k: Got more than one input Future failure. Logging failures after the first
10-20 12:36:35.366  2404  3494 E com.google.common.w.a.k: com.google.android.libraries.phenotype.client.a.e: 29500: 29500: Empty (package not registered?) or malformed snapshot token:
10-20 12:36:35.366  2404  3494 E com.google.common.w.a.k: 	at com.google.android.libraries.phenotype.client.a.g.apply(SourceFile:1)
10-20 12:36:35.366  2404  3494 E com.google.common.w.a.k: 	at com.google.common.w.a.a.d(SourceFile:2)
10-20 12:36:35.366  2404  3494 E com.google.common.w.a.k: 	at com.google.common.w.a.c.run(SourceFile:11)
10-20 12:36:35.366  2404  3494 E com.google.common.w.a.k: 	at com.google.common.w.a.az.execute(SourceFile:1)
10-20 12:36:35.366  2404  3494 E com.google.common.w.a.k: 	at com.google.common.w.a.d.i(SourceFile:1)
10-20 12:36:35.366  2404  3494 E com.google.common.w.a.k: 	at com.google.common.w.a.d.m(SourceFile:12)
10-20 12:36:35.366  2404  3494 E com.google.common.w.a.k: 	at com.google.common.w.a.d.p(SourceFile:3)
10-20 12:36:35.366  2404  3494 E com.google.common.w.a.k: 	at com.google.android.libraries.s.b.a(SourceFile:5)
10-20 12:36:35.366  2404  3494 E com.google.common.w.a.k: 	at com.google.android.gms.k.n.run(SourceFile:1)
10-20 12:36:35.366  2404  3494 E com.google.common.w.a.k: 	at com.google.common.w.a.az.execute(SourceFile:1)
10-20 12:36:35.366  2404  3494 E com.google.common.w.a.k: 	at com.google.android.gms.k.o.a(SourceFile:3)
10-20 12:36:35.366  2404  3494 E com.google.common.w.a.k: 	at com.google.android.gms.k.ad.b(SourceFile:5)
10-20 12:36:35.366  2404  3494 E com.google.common.w.a.k: 	at com.google.android.gms.k.aj.u(SourceFile:4)
10-20 12:36:35.366  2404  3494 E com.google.common.w.a.k: 	at com.google.android.gms.common.api.internal.dg.b(SourceFile:4)
10-20 12:36:35.366  2404  3494 E com.google.common.w.a.k: 	at com.google.android.gms.phenotype.r.a(SourceFile:1)
10-20 12:36:35.366  2404  3494 E com.google.common.w.a.k: 	at com.google.android.gms.phenotype.a.a.dispatchTransaction(SourceFile:31)
10-20 12:36:35.366  2404  3494 E com.google.common.w.a.k: 	at com.google.android.a.b.onTransact(SourceFile:2)
10-20 12:36:35.366  2404  3494 E com.google.common.w.a.k: 	at android.os.Binder.execTransactInternal(Binder.java:1184)
10-20 12:36:35.366  2404  3494 E com.google.common.w.a.k: 	at android.os.Binder.execTransact(Binder.java:1143)
10-20 12:36:35.366  2404  3494 E com.google.common.w.a.k: Caused by: com.google.android.gms.common.api.n: 29500: Empty (package not registered?) or malformed snapshot token:
10-20 12:36:35.366  2404  3494 E com.google.common.w.a.k: 	at com.google.android.gms.common.api.internal.dg.b(SourceFile:3)
10-20 12:36:35.366  2404  3494 E com.google.common.w.a.k: 	... 5 more
