10-20 12:36:35.123  2923  2970 W RcsClientLib: 	at android.app.ContextImpl.unbindService(ContextImpl.java:2020)
10-20 12:36:35.123  2923  2970 W RcsClientLib: 	at android.content.ContextWrapper.unbindService(ContextWrapper.java:846)
10-20 12:36:35.123  2923  2970 W RcsClientLib: 	at awmp.g(PG:1)
10-20 12:36:35.123  2923  2970 W RcsClientLib: 	at awmp.disconnect(PG:2)
10-20 12:36:35.123  2923  2970 W RcsClientLib: 	at war.i(PG:6)
10-20 12:36:35.123  2923  2970 W RcsClientLib: 	at wau.a(PG:4)
10-20 12:36:35.123  2923  2970 W RcsClientLib: 	at uve.a(PG:2)
10-20 12:36:35.123  2923  2970 W RcsClientLib: 	at alql.run(PG:1)
10-20 12:36:35.123  2923  2970 W RcsClientLib: 	at aosz.run(PG:1)
10-20 12:36:35.123  2923  2970 W RcsClientLib: 	at java.util.concurrent.ThreadPoolExecutor.runWorker(ThreadPoolExecutor.java:1167)
10-20 12:36:35.123  2923  2970 W RcsClientLib: 	at java.util.concurrent.ThreadPoolExecutor$Worker.run(ThreadPoolExecutor.java:641)
10-20 12:36:35.123  2923  2970 W RcsClientLib: 	at aosl.run(PG:2)
10-20 12:36:35.123  2923  2970 W RcsClientLib: 	at aorz.run(PG:2)
10-20 12:36:35.123  2923  2970 W RcsClientLib: 	at java.lang.Thread.run(Thread.java:920)
10-20 12:36:35.123  2923  2970 I RcsClientLib: Disconnecting RcsProfileService
10-20 12:36:35.123  2923  2970 W RcsClientLib: Unexpected error when trying to unbind com.google.android.ims.rcsservice.profile.IRcsProfile: Service not registered: awmr@ddc1fae
10-20 12:36:35.123  2923  2970 W RcsClientLib: java.lang.IllegalArgumentException: Service not registered: awmr@ddc1fae
10-20 12:36:35.123  2923  2970 W RcsClientLib: 	at android.app.LoadedApk.forgetServiceDispatcher(LoadedApk.java:1880)
10-20 12:36:35.123  2923  2970 W RcsClientLib: 	at android.app.ContextImpl.unbindService(ContextImpl.java:2020)
10-20 12:36:35.123  2923  2970 W RcsClientLib: 	at android.content.ContextWrapper.unbindService(ContextWrapper.java:846)
10-20 12:36:35.123  2923  2970 W RcsClientLib: 	at awmp.g(PG:1)
10-20 12:36:35.123  2923  2970 W RcsClientLib: 	at awmp.disconnect(PG:2)
10-20 12:36:35.123  2923  2970 W RcsClientLib: 	at war.i(PG:7)
10-20 12:36:35.123  2923  2970 W RcsClientLib: 	at wau.a(PG:4)
10-20 12:36:35.123  2923  2970 W RcsClientLib: 	at uve.a(PG:2)
10-20 12:36:35.123  2923  2970 W RcsClientLib: 	at alql.run(PG:1)
10-20 12:36:35.123  2923  2970 W RcsClientLib: 	at aosz.run(PG:1)
10-20 12:36:35.123  2923  2970 W RcsClientLib: 	at java.util.concurrent.ThreadPoolExecutor.runWorker(ThreadPoolExecutor.java:1167)
10-20 12:36:35.123  2923  2970 W RcsClientLib: 	at java.util.concurrent.ThreadPoolExecutor$Worker.run(ThreadPoolExecutor.java:641)
10-20 12:36:35.123  2923  2970 W RcsClientLib: 	at aosl.run(PG:2)
10-20 12:36:35.123  2923  2970 W RcsClientLib: 	at aorz.run(PG:2)
10-20 12:36:35.123  2923  2970 W RcsClientLib: 	at java.lang.Thread.run(Thread.java:920)
10-20 12:36:35.124  2923  2970 I RcsClientLib: Disconnecting BusinessInfoService
10-20 12:36:35.124  2923  2970 W RcsClientLib: Unexpected error when trying to unbind com.google.android.ims.rcsservice.businessinfo.IBusinessInfo: Service not registered: awmr@64fc0dc
10-20 12:36:35.124  2923  2970 W RcsClientLib: java.lang.IllegalArgumentException: Service not registered: awmr@64fc0dc
10-20 12:36:35.124  2923  2970 W RcsClientLib: 	at android.app.LoadedApk.forgetServiceDispatcher(LoadedApk.java:1880)
10-20 12:36:35.124  2923  2970 W RcsClientLib: 	at android.app.ContextImpl.unbindService(ContextImpl.java:2020)
10-20 12:36:35.124  2923  2970 W RcsClientLib: 	at android.content.ContextWrapper.unbindService(ContextWrapper.java:846)
10-20 12:36:35.124  2923  2970 W RcsClientLib: 	at awmp.g(PG:1)
10-20 12:36:35.124  2923  2970 W RcsClientLib: 	at awmp.disconnect(PG:2)
10-20 12:36:35.124  2923  2970 W RcsClientLib: 	at war.i(PG:8)
10-20 12:36:35.124  2923  2970 W RcsClientLib: 	at wau.a(PG:4)
10-20 12:36:35.124  2923  2970 W RcsClientLib: 	at uve.a(PG:2)
10-20 12:36:35.124  2923  2970 W RcsClientLib: 	at alql.run(PG:1)
10-20 12:36:35.124  2923  2970 W RcsClientLib: 	at aosz.run(PG:1)
10-20 12:36:35.124  2923  2970 W RcsClientLib: 	at java.util.concurrent.ThreadPoolExecutor.runWorker(ThreadPoolExecutor.java:1167)
10-20 12:36:35.124  2923  2970 W RcsClientLib: 	at java.util.concurrent.ThreadPoolExecutor$Worker.run(ThreadPoolExecutor.java:641)
10-20 12:36:35.124  2923  2970 W RcsClientLib: 	at aosl.run(PG:2)
10-20 12:36:35.124  2923  2970 W RcsClientLib: 	at aorz.run(PG:2)
10-20 12:36:35.124  2923  2970 W RcsClientLib: 	at java.lang.Thread.run(Thread.java:920)
10-20 12:36:35.124  2923  2970 I RcsClientLib: Disconnecting RcsMessagingService
10-20 12:36:35.124  2923  2970 W RcsClientLib: Unexpected error when trying to unbind com.google.android.rcs.client.messaging.IMessaging: Service not registered: awmr@7ce88ba
10-20 12:36:35.124  2923  2970 W RcsClientLib: java.lang.IllegalArgumentException: Service not registered: awmr@7ce88ba
10-20 12:36:35.124  2923  2970 W RcsClientLib: 	at android.app.LoadedApk.forgetServiceDispatcher(LoadedApk.java:1880)
10-20 12:36:35.124  2923  2970 W RcsClientLib: 	at android.app.ContextImpl.unbindService(ContextImpl.java:2020)
10-20 12:36:35.124  2923  2970 W RcsClientLib: 	at android.content.ContextWrapper.unbindService(ContextWrapper.java:846)
10-20 12:36:35.124  2923  2970 W RcsClientLib: 	at awmp.g(PG:1)
10-20 12:36:35.124  2923  2970 W RcsClientLib: 	at awmp.disconnect(PG:2)
10-20 12:36:35.124  2923  2970 W RcsClientLib: 	at war.i(PG:9)
10-20 12:36:35.124  2923  2970 W RcsClientLib: 	at wau.a(PG:4)
10-20 12:36:35.124  2923  2970 W RcsClientLib: 	at uve.a(PG:2)
10-20 12:36:35.124  2923  2970 W RcsClientLib: 	at alql.run(PG:1)
10-20 12:36:35.124  2923  2970 W RcsClientLib: 	at aosz.run(PG:1)
10-20 12:36:35.124  2923  2970 W RcsClientLib: 	at java.util.concurrent.ThreadPoolExecutor.runWorker(ThreadPoolExecutor.java:1167)
10-20 12:36:35.124  2923  2970 W RcsClientLib: 	at java.util.concurrent.ThreadPoolExecutor$Worker.run(ThreadPoolExecutor.java:641)
10-20 12:36:35.124  2923  2970 W RcsClientLib: 	at aosl.run(PG:2)
10-20 12:36:35.124  2923  2970 W RcsClientLib: 	at aorz.run(PG:2)
10-20 12:36:35.124  2923  2970 W RcsClientLib: 	at java.lang.Thread.run(Thread.java:920)
10-20 12:36:35.124  2923  2970 I RcsClientLib: Disconnecting TransportControlService
10-20 12:36:35.124  2923  2970 W RcsClientLib: Unexpected error when trying to unbind com.google.android.ims.rcsservice.transportcontrol.ITransportControl: Service not registered: awmr@f860ec8
10-20 12:36:35.124  2923  2970 W RcsClientLib: java.lang.IllegalArgumentException: Service not registered: awmr@f860ec8
10-20 12:36:35.124  2923  2970 W RcsClientLib: 	at android.app.LoadedApk.forgetServiceDispatcher(LoadedApk.java:1880)
10-20 12:36:35.124  2923  2970 W RcsClientLib: 	at android.app.ContextImpl.unbindService(ContextImpl.java:2020)
10-20 12:36:35.124  2923  2970 W RcsClientLib: 	at android.content.ContextWrapper.unbindService(ContextWrapper.java:846)
10-20 12:36:35.124  2923  2970 W RcsClientLib: 	at awmp.g(PG:1)
10-20 12:36:35.124  2923  2970 W RcsClientLib: 	at awmp.disconnect(PG:2)
10-20 12:36:35.124  2923  2970 W RcsClientLib: 	at war.i(PG:10)
10-20 12:36:35.124  2923  2970 W RcsClientLib: 	at wau.a(PG:4)
10-20 12:36:35.124  2923  2970 W RcsClientLib: 	at uve.a(PG:2)
10-20 12:36:35.124  2923  2970 W RcsClientLib: 	at alql.run(PG:1)
10-20 12:36:35.124  2923  2970 W RcsClientLib: 	at aosz.run(PG:1)
10-20 12:36:35.124  2923  2970 W RcsClientLib: 	at java.util.concurrent.ThreadPoolExecutor.runWorker(ThreadPoolExecutor.java:1167)
10-20 12:36:35.124  2923  2970 W RcsClientLib: 	at java.util.concurrent.ThreadPoolExecutor$Worker.run(ThreadPoolExecutor.java:641)
10-20 12:36:35.124  2923  2970 W RcsClientLib: 	at aosl.run(PG:2)
10-20 12:36:35.124  2923  2970 W RcsClientLib: 	at aorz.run(PG:2)
10-20 12:36:35.124  2923  2970 W RcsClientLib: 	at java.lang.Thread.run(Thread.java:920)
10-20 12:36:35.124  2923  2970 W BugleRcs: disconnecting from all Rcs Services
10-20 12:36:35.139   787   787 D InterruptionStateProvider: No heads up: unimportant notification: 0|android|13|PreBootBroadcaster|1000
10-20 12:36:35.146  3209  3209 E BugleRcsEngine: [2] alok.a: TelephonyChangeReceiver is not registered.
10-20 12:36:35.148   787   858 D PeopleSpaceWidgetMgr: Sbn doesn't contain valid PeopleTileKey: null/0/android
10-20 12:36:35.149  3209  3209 I BugleRcsEngine: [2] EventHubProxy.unsubscribe: Removing event listener 21361866 for category 8 for hub ENGINE
10-20 12:36:35.149  3209  3209 I BugleRcsEngine: [2] aktt.e: (PEv2-SM-65049265): quit [null]
10-20 12:36:35.150  3209  3807 I BugleRcsEngine: [87] aktt.e: (PEv2-SM-65049265): transitionTo: destState=akbb [null]
10-20 12:36:35.150  3209  3807 I BugleRcsEngine: [87] aktt.e: (PEv2-SM-65049265): Exit DisabledState [null]
10-20 12:36:35.150  3209  3807 W BugleRcsEngine: [87] aktt.c: (PEv2-SM-65049265): onQuitting [null]
10-20 12:36:35.150  3209  3334 W BugleRcsEngine: [65] ajnl.z: Unable to send diagnostic log
10-20 12:36:35.151  3209  3807 I BugleRcsEngine: [87] akxz.a: RcsAvailabilityManager: Calculating Rcs Availability
10-20 12:36:35.151  3209  3209 D ConnectivityManager: NetworkCallback was already unregistered
10-20 12:36:35.151  3209  3209 I BugleRcsEngine: [2] ajsa.c: Destroying JibeServiceComponent
10-20 12:36:35.156  2327  3465 D HeterodyneSyncer: update application tag, changed: com.google.android.finsky.stable, 82594910, , 0
10-20 12:36:35.157  2327  3465 D HeterodyneSyncer: Clearing partition: 0
10-20 12:36:35.157  2327  3465 D HeterodyneSyncer: updateFlag: com.google.android.finsky.stable, 82594910, 0, , AlleyoopVisualRefresh__enable_alleyoop_visual_refresh
10-20 12:36:35.157  2327  3465 D HeterodyneSyncer: updateFlag: com.google.android.finsky.stable, 82594910, 0, , AlleyoopVisualRefresh__show_close_button_in_portrait
10-20 12:36:35.157  2327  3465 D HeterodyneSyncer: updateFlag: com.google.android.finsky.stable, 82594910, 0, , AppsSearch__enable_display_doctype_in_vx_cluster
10-20 12:36:35.157  2327  3465 D HeterodyneSyncer: updateFlag: com.google.android.finsky.stable, 82594910, 0, , AppsSearch__enable_filters
10-20 12:36:35.157  2327  3465 D HeterodyneSyncer: updateFlag: com.google.android.finsky.stable, 82594910, 0, , AppsSearch__enable_query_builder
10-20 12:36:35.157  2327  3465 D HeterodyneSyncer: updateFlag: com.google.android.finsky.stable, 82594910, 0, , AppsSearch__enable_zero_prefix_hide_suggestions_without_local_suggestions
10-20 12:36:35.159  3209  3807 I BugleRcsEngine: [87] albk.b: Bugle is default SMS app: true
10-20 12:36:35.163  3209  3807 I BugleRcsEngine: [87] akxz.a: Bugle has minimum required RCS permissions: true
10-20 12:36:35.163  2327  3465 D HeterodyneSyncer: updateFlag: com.google.android.finsky.stable, 82594910, 0, , AutoUpdate__enable_atomic_install_cancel_oversample
10-20 12:36:35.164  2327  3465 D HeterodyneSyncer: updateFlag: com.google.android.finsky.stable, 82594910, 0, , AutoUpdate__enable_atomic_install_content_sync_stable
10-20 12:36:35.165  2327  3465 D HeterodyneSyncer: updateFlag: com.google.android.finsky.stable, 82594910, 0, , AutoUpdate__enable_battery_relaxation
10-20 12:36:35.165  2327  3465 D HeterodyneSyncer: updateFlag: com.google.android.finsky.stable, 82594910, 0, , AutoUpdate__enable_discovered_timestamp_write_to_autoupdate_datastore
10-20 12:36:35.165  2327  3465 D HeterodyneSyncer: updateFlag: com.google.android.finsky.stable, 82594910, 0, , AutoUpdate__turn_off_update_completion_notification_settings
10-20 12:36:35.165  2327  3465 D HeterodyneSyncer: updateFlag: com.google.android.finsky.stable, 82594910, 0, , Blurbs__enable_mini_blurb_component_chromesky
10-20 12:36:35.165  2327  3465 D HeterodyneSyncer: updateFlag: com.google.android.finsky.stable, 82594910, 0, , CacheAndSync__enable_cache_and_sync
10-20 12:36:35.165  2327  3465 D HeterodyneSyncer: updateFlag: com.google.android.finsky.stable, 82594910, 0, , CacheAndSync__enable_cache_and_sync_images
10-20 12:36:35.165  2327  3465 D HeterodyneSyncer: updateFlag: com.google.android.finsky.stable, 82594910, 0, , CacheStickiness__enable_image_cache_cleanup
10-20 12:36:35.165  2327  3465 D HeterodyneSyncer: updateFlag: com.google.android.finsky.stable, 82594910, 0, , Cashmere__force_refresh_when_sync
10-20 12:36:35.166  2327  3465 D HeterodyneSyncer: updateFlag: com.google.android.finsky.stable, 82594910, 0, , Cashmere__main_disk_cache_size_increase_mb
10-20 12:36:35.166  2327  3465 D HeterodyneSyncer: updateFlag: com.google.android.finsky.stable, 82594910, 0, , Cashmere__pre_cache_for_all_accounts
10-20 12:36:35.166  3209  3807 I BugleRcsEngine: [87] albk.a: Rcs is enabled from user settings: true
10-20 12:36:35.166  3209  3807 W BugleRcsEngine: [87] alcv.a: No config URL. RCS will be disabled!
10-20 12:36:35.167  3209  3807 I BugleRcsEngine: [87] alsz.d: Checking if using CarrierServices.apk is possible. Enabled: true, isAtLeastM: true, runningInsideBugle: true
10-20 12:36:35.167  2327  3465 D HeterodyneSyncer: updateFlag: com.google.android.finsky.stable, 82594910, 0, , ClusterRenderingLatencyLogging__enable_cluster_rendering_latency
10-20 12:36:35.167  2327  3465 D HeterodyneSyncer: updateFlag: com.google.android.finsky.stable, 82594910, 0, , D30Vx__enable_actionbar_gifting
10-20 12:36:35.167  2327  3465 D HeterodyneSyncer: updateFlag: com.google.android.finsky.stable, 82594910, 0, , D30Vx__enable_d30_for_vx
10-20 12:36:35.168  3209  3807 W BugleRcsEngine: [87] alsz.g: Carrier Services Apk was not found.
10-20 12:36:35.168  3209  3807 I BugleRcsEngine: [87] alsz.e: Cannot get service version because CS.apk was not found, not pre-loaded or disabled.
10-20 12:36:35.168  3209  3807 W BugleRcsEngine: [87] alsz.e: Service with meta data key: JibeServiceApiVersions is not compatible. Service Version 1 is not supported. Supported versions: []
10-20 12:36:35.168  2327  3465 D HeterodyneSyncer: updateFlag: com.google.android.finsky.stable, 82594910, 0, , D30__disable_cta_on_sticky_nav
10-20 12:36:35.168  2327  3465 D HeterodyneSyncer: updateFlag: com.google.android.finsky.stable, 82594910, 0, , D30__enable_coordinatorlayout
10-20 12:36:35.169  3209  3807 I BugleRcsEngine: [87] albk.s: Configuration Terms and Conditions consent storage in Bugle is disabled by p/h flag
10-20 12:36:35.169  2327  3465 D HeterodyneSyncer: updateFlag: com.google.android.finsky.stable, 82594910, 0, , D30__enable_sticky_nav
10-20 12:36:35.169  3209  3807 I BugleRcsEngine: [87] akxz.a: Config state is not ACCEPTED, provisioning still in progress
10-20 12:36:35.169  2327  3465 D HeterodyneSyncer: updateFlag: com.google.android.finsky.stable, 82594910, 0, , DarkTheme__allow_dark_theme
10-20 12:36:35.169  3209  3807 I BugleRcsEngine: [87] akxz.a: RcsAvailabilityManager: Rcs Availability still DISABLED_VIA_GSERVICES (RCS is disabled for this carrier by Google)
10-20 12:36:35.169  2327  3465 D HeterodyneSyncer: updateFlag: com.google.android.finsky.stable, 82594910, 0, , DarkTheme__allow_dark_theme_settings_option
10-20 12:36:35.170  2327  3465 D HeterodyneSyncer: updateFlag: com.google.android.finsky.stable, 82594910, 0, , DataLoader__enable_delivery_failure_test_setting
10-20 12:36:35.170  2327  3465 D HeterodyneSyncer: updateFlag: com.google.android.finsky.stable, 82594910, 0, , DataLoader__enable_java_dataloader
10-20 12:36:35.170  2327  3465 D HeterodyneSyncer: updateFlag: com.google.android.finsky.stable, 82594910, 0, , DataLoader__enable_readlog_format_v2
10-20 12:36:35.170  2327  3465 D HeterodyneSyncer: updateFlag: com.google.android.finsky.stable, 82594910, 0, , DocumentMonitorManager__enable_post_notify_listener
10-20 12:36:35.170  2327  3465 D HeterodyneSyncer: updateFlag: com.google.android.finsky.stable, 82594910, 0, , DownloadService__allocate_bytes_before_download
10-20 12:36:35.170  2327  3465 D HeterodyneSyncer: updateFlag: com.google.android.finsky.stable, 82594910, 0, , DownloadService__bugfix_race_condition_on_network_change
10-20 12:36:35.171  2327  3465 D HeterodyneSyncer: updateFlag: com.google.android.finsky.stable, 82594910, 0, , DownloadService__cronet_enable_herrevad_reporting
10-20 12:36:35.172   787   848 D EGL_emulation: app_time_stats: avg=9315.71ms min=9315.71ms max=9315.71ms count=1
10-20 12:36:35.172  2327  3465 D HeterodyneSyncer: updateFlag: com.google.android.finsky.stable, 82594910, 0, , DownloadService__download_auto_updates_invisibly
10-20 12:36:35.174  2327  3465 D HeterodyneSyncer: updateFlag: com.google.android.finsky.stable, 82594910, 0, , DownloadService__download_background_auto_updates_invisibly
10-20 12:36:35.182  2327  3465 D HeterodyneSyncer: updateFlag: com.google.android.finsky.stable, 82594910, 0, , DownloadService__downloads_visible_if_notifications_disabled
10-20 12:36:35.182  2327  3465 D HeterodyneSyncer: updateFlag: com.google.android.finsky.stable, 82594910, 0, , DownloadService__enable_download_service_in_installer
10-20 12:36:35.182  2327  3465 D HeterodyneSyncer: updateFlag: com.google.android.finsky.stable, 82594910, 0, , DownloadService__fallback_to_download_queue
10-20 12:36:35.183  2327  3465 D HeterodyneSyncer: updateFlag: com.google.android.finsky.stable, 82594910, 0, , DownloadService__file_to_download_prioritization_enabled
10-20 12:36:35.184  2327  3465 D HeterodyneSyncer: updateFlag: com.google.android.finsky.stable, 82594910, 0, , DownloadService__herrevad_min_report_bytes
10-20 12:36:35.184  2327  3465 D HeterodyneSyncer: updateFlag: com.google.android.finsky.stable, 82594910, 0, , DownloadService__herrevad_throttler_threshold
10-20 12:36:35.185  2327  3465 D HeterodyneSyncer: updateFlag: com.google.android.finsky.stable, 82594910, 0, , DownloadService__invisible_background_downloads
10-20 12:36:35.186  2327  3465 D HeterodyneSyncer: updateFlag: com.google.android.finsky.stable, 82594910, 0, , DownloadService__kill_switch_remove_on_cancel
10-20 12:36:35.186  2327  3465 D HeterodyneSyncer: updateFlag: com.google.android.finsky.stable, 82594910, 0, , DownloadService__log_download_events_to_playlogs
10-20 12:36:35.187  2327  3465 D HeterodyneSyncer: updateFlag: com.google.android.finsky.stable, 82594910, 0, , DownloadService__retry_on_server_error
10-20 12:36:35.187  2327  3465 D HeterodyneSyncer: updateFlag: com.google.android.finsky.stable, 82594910, 0, , DownloadService__send_download_complete_broadcast_for_all_terminated_states
10-20 12:36:35.187  2327  3465 D HeterodyneSyncer: updateFlag: com.google.android.finsky.stable, 82594910, 0, , DownloadService__send_new_requests_to_download_service
10-20 12:36:35.187  2327  3465 D HeterodyneSyncer: updateFlag: com.google.android.finsky.stable, 82594910, 0, , DownloadService__send_new_split_install_requests_to_download_service
10-20 12:36:35.187  2327  3465 D HeterodyneSyncer: updateFlag: com.google.android.finsky.stable, 82594910, 0, , DownloadService__set_nocache_qos_when_idle
10-20 12:36:35.187  2327  3465 D HeterodyneSyncer: updateFlag: com.google.android.finsky.stable, 82594910, 0, , DownloadService__show_allow_cellular_data_notification_button
10-20 12:36:35.187  2327  3465 D HeterodyneSyncer: updateFlag: com.google.android.finsky.stable, 82594910, 0, , DownloadService__show_download_cancel_notification_button
10-20 12:36:35.187  2327  3465 D HeterodyneSyncer: updateFlag: com.google.android.finsky.stable, 82594910, 0, , DownloadService__start_foreground_service_when_device_in_background
10-20 12:36:35.187  2327  3465 D HeterodyneSyncer: updateFlag: com.google.android.finsky.stable, 82594910, 0, , DownloadService__stop_service_after_inactivity
10-20 12:36:35.187  2327  3465 D HeterodyneSyncer: updateFlag: com.google.android.finsky.stable, 82594910, 0, , DownloadService__stop_service_after_inactivity_timeout_millis
10-20 12:36:35.188  2327  3465 D HeterodyneSyncer: updateFlag: com.google.android.finsky.stable, 82594910, 0, , EdgeToEdge__enable_play_recyclerview_consume_insets_after_chlidren
10-20 12:36:35.188  2327  3465 D HeterodyneSyncer: updateFlag: com.google.android.finsky.stable, 82594910, 0, , EditorialContent__use_quality_badge_on_editors_choice
10-20 12:36:35.188  2327  3465 D HeterodyneSyncer: updateFlag: com.google.android.finsky.stable, 82594910, 0, , EnableBadgeRedesign__enable_exposure_notification_badge
10-20 12:36:35.188  2327  3465 D HeterodyneSyncer: updateFlag: com.google.android.finsky.stable, 82594910, 0, , EnableGetItemForDetails__fall_back_to_volley_for_local_link_resolution
10-20 12:36:35.200  2327  3465 D HeterodyneSyncer: updateFlag: com.google.android.finsky.stable, 82594910, 0, , Executors__resize_background_executor
10-20 12:36:35.201  2327  3465 D HeterodyneSyncer: updateFlag: com.google.android.finsky.stable, 82594910, 0, , FixImagesPreloadingHorizontalCluster__enable_fix_images_preloading
10-20 12:36:35.201  2327  3465 D HeterodyneSyncer: updateFlag: com.google.android.finsky.stable, 82594910, 0, , FlatCardLite__enable_flat_card_view_listing_small_lite
10-20 12:36:35.201  2327  3465 D HeterodyneSyncer: updateFlag: com.google.android.finsky.stable, 82594910, 0, , HamburgerMenuRedDotFix__enable_red_dot_experiment
10-20 12:36:35.201  2327  3465 D HeterodyneSyncer: updateFlag: com.google.android.finsky.stable, 82594910, 0, , HardwareBitmaps__is_enabled
10-20 12:36:35.201  2327  3465 D HeterodyneSyncer: updateFlag: com.google.android.finsky.stable, 82594910, 0, , HomePageLatencySequencing__is_enabled
10-20 12:36:35.203  2327  3465 D HeterodyneSyncer: updateFlag: com.google.android.finsky.stable, 82594910, 0, , IconUniformity__enable_legacy_treatment
10-20 12:36:35.204  2327  3465 D HeterodyneSyncer: updateFlag: com.google.android.finsky.stable, 82594910, 0, , ImageOptimizations__enable_glide
10-20 12:36:35.204  2327  3465 D HeterodyneSyncer: updateFlag: com.google.android.finsky.stable, 82594910, 0, , ImageOptimizations__enable_hardware_bitmaps
10-20 12:36:35.204  2327  3465 D HeterodyneSyncer: updateFlag: com.google.android.finsky.stable, 82594910, 0, , ImageOptimizations__remove_domain_from_image_cache_key
10-20 12:36:35.204  2327  3465 D HeterodyneSyncer: updateFlag: com.google.android.finsky.stable, 82594910, 0, , ImageOptimizations__use_best_image_cache_key
10-20 12:36:35.205  2327  3465 D HeterodyneSyncer: updateFlag: com.google.android.finsky.stable, 82594910, 0, , InstallBar__enable_install_bar_v2
10-20 12:36:35.205  2327  3465 D HeterodyneSyncer: updateFlag: com.google.android.finsky.stable, 82594910, 0, , InstallerDownloaderInteraction__recover_using_resourcestatuses
10-20 12:36:35.205  2327  3465 D HeterodyneSyncer: updateFlag: com.google.android.finsky.stable, 82594910, 0, , InstallerV2__enable_install_scheduling_state_logging
10-20 12:36:35.205  2327  3465 D HeterodyneSyncer: updateFlag: com.google.android.finsky.stable, 82594910, 0, , Installer__enable_group_install_preprocessor
10-20 12:36:35.205  2327  3465 D HeterodyneSyncer: updateFlag: com.google.android.finsky.stable, 82594910, 0, , Installer__enable_install_queue_facade
10-20 12:36:35.205  2327  3465 D HeterodyneSyncer: updateFlag: com.google.android.finsky.stable, 82594910, 0, , Installer__enable_installer_installable_check
10-20 12:36:35.205  2327  3465 D HeterodyneSyncer: updateFlag: com.google.android.finsky.stable, 82594910, 0, , Installer__install_flow_logging_redesign
10-20 12:36:35.205  2327  3465 D HeterodyneSyncer: updateFlag: com.google.android.finsky.stable, 82594910, 0, , Installer__override_constraints_for_same_reason
10-20 12:36:35.205  2327  3465 D HeterodyneSyncer: updateFlag: com.google.android.finsky.stable, 82594910, 0, , Installer__reject_non_matching_constraints_for_trichrome
10-20 12:36:35.205  2327  3465 D HeterodyneSyncer: updateFlag: com.google.android.finsky.stable, 82594910, 0, , Installer__skip_detach_from_scheduler
10-20 12:36:35.206  2327  3465 D HeterodyneSyncer: updateFlag: com.google.android.finsky.stable, 82594910, 0, , KotlinItemcache__is_enabled
10-20 12:36:35.206  2327  3465 D HeterodyneSyncer: updateFlag: com.google.android.finsky.stable, 82594910, 0, , KotlinMigration__enable_kotlin_list_card
10-20 12:36:35.206  2327  3465 D HeterodyneSyncer: updateFlag: com.google.android.finsky.stable, 82594910, 0, , KotlinMigration__enable_kotlin_navigation_manager
10-20 12:36:35.206  2327  3465 D HeterodyneSyncer: updateFlag: com.google.android.finsky.stable, 82594910, 0, , KotlinMigration__enable_kotlin_navigation_manager_details_refactor
10-20 12:36:35.206  2327  3465 D HeterodyneSyncer: updateFlag: com.google.android.finsky.stable, 82594910, 0, , KotlinMigration__enable_kotlin_navigation_manager_refactor
10-20 12:36:35.206  2327  3465 D HeterodyneSyncer: updateFlag: com.google.android.finsky.stable, 82594910, 0, , KotlinMigration__enable_navigation_manager_refactor_aggregated_home
10-20 12:36:35.206  2327  3465 D HeterodyneSyncer: updateFlag: com.google.android.finsky.stable, 82594910, 0, , KotlinMigration__enable_navigation_manager_refactor_doc_page
10-20 12:36:35.206  2327  3465 D HeterodyneSyncer: updateFlag: com.google.android.finsky.stable, 82594910, 0, , KotlinMigration__enable_navigation_manager_refactor_unauth
10-20 12:36:35.206  2327  3465 D HeterodyneSyncer: updateFlag: com.google.android.finsky.stable, 82594910, 0, , Libraryentryignoredoctypeequals__is_enabled
10-20 12:36:35.217  2327  3465 D HeterodyneSyncer: updateFlag: com.google.android.finsky.stable, 82594910, 0, , LiveOpsV3__enable_liveops_v3_carousel
10-20 12:36:35.217  2327  3465 D HeterodyneSyncer: updateFlag: com.google.android.finsky.stable, 82594910, 0, , LiveOps__enable_empty_stream_page
10-20 12:36:35.217  2327  3465 D HeterodyneSyncer: updateFlag: com.google.android.finsky.stable, 82594910, 0, , LiveOps__enable_event_details_page
10-20 12:36:35.217  2327  3465 D HeterodyneSyncer: updateFlag: com.google.android.finsky.stable, 82594910, 0, , LogProcessingImprovements__defer_event_creation
10-20 12:36:35.219  2327  3465 D HeterodyneSyncer: updateFlag: com.google.android.finsky.stable, 82594910, 0, , MetadataVxConfigGenerator__enable_show_vx_price_on_shared_line
10-20 12:36:35.219  2327  3465 D HeterodyneSyncer: updateFlag: com.google.android.finsky.stable, 82594910, 0, , MiniBlurbLargeThumbnail__is_enabled
10-20 12:36:35.219  2327  3465 D HeterodyneSyncer: updateFlag: com.google.android.finsky.stable, 82594910, 0, , Modularization__enable_expanded_description_page
10-20 12:36:35.220  2327  3465 D HeterodyneSyncer: updateFlag: com.google.android.finsky.stable, 82594910, 0, , Modularization__enable_flag_item_page
10-20 12:36:35.220  2327  3465 D HeterodyneSyncer: updateFlag: com.google.android.finsky.stable, 82594910, 0, , Modularization__enable_wishlist_page
10-20 12:36:35.220  2327  3465 D HeterodyneSyncer: updateFlag: com.google.android.finsky.stable, 82594910, 0, , MoviesSearch__enable_kids_search_mode_for_filters
10-20 12:36:35.220  2327  3465 D HeterodyneSyncer: updateFlag: com.google.android.finsky.stable, 82594910, 0, , MyAppsV3__caching_enable_cache_only_startup
10-20 12:36:35.220  2327  3465 D HeterodyneSyncer: updateFlag: com.google.android.finsky.stable, 82594910, 0, , MyAppsV3__manage_tab_enable_p2p
10-20 12:36:35.220  2327  3465 D HeterodyneSyncer: updateFlag: com.google.android.finsky.stable, 82594910, 0, , NetworkOptimizations__enable_dns_cache_warmup
10-20 12:36:35.221  2327  3465 D HeterodyneSyncer: updateFlag: com.google.android.finsky.stable, 82594910, 0, , NetworkOptimizations__enable_dns_cache_warmup_logging
10-20 12:36:35.221  2327  3465 D HeterodyneSyncer: updateFlag: com.google.android.finsky.stable, 82594910, 0, , NetworkOptimizations__enable_network_error_logging
10-20 12:36:35.221  2327  3465 D HeterodyneSyncer: updateFlag: com.google.android.finsky.stable, 82594910, 0, , NetworkOptimizations__enable_quic_connection_options
10-20 12:36:35.221  2327  3465 D HeterodyneSyncer: updateFlag: com.google.android.finsky.stable, 82594910, 0, , NetworkOptimizations__enable_quic_idle_connection_timeout
10-20 12:36:35.222  2327  3465 D HeterodyneSyncer: updateFlag: com.google.android.finsky.stable, 82594910, 0, , NetworkOptimizations__enable_stale_dns
10-20 12:36:35.222  2327  3465 D HeterodyneSyncer: updateFlag: com.google.android.finsky.stable, 82594910, 0, , NetworkOptimizations__use_saved_cronet_experimental_options
10-20 12:36:35.222  2327  3465 D HeterodyneSyncer: updateFlag: com.google.android.finsky.stable, 82594910, 0, , Notifications__enable_notification_settings_page_migration
10-20 12:36:35.222  2327  3465 D HeterodyneSyncer: updateFlag: com.google.android.finsky.stable, 82594910, 0, , OneGoogle__enable_one_google_account_switcher
10-20 12:36:35.222  2327  3465 D HeterodyneSyncer: updateFlag: com.google.android.finsky.stable, 82594910, 0, , PageFramework__enable_initial_pages
10-20 12:36:35.222  2327  3465 D HeterodyneSyncer: updateFlag: com.google.android.finsky.stable, 82594910, 0, , PageFramework__enable_search_results_page
10-20 12:36:35.222  2327  3465 D HeterodyneSyncer: updateFlag: com.google.android.finsky.stable, 82594910, 0, , PhllImprovements__remove_pull_to_refresh
10-20 12:36:35.222  2327  3465 D HeterodyneSyncer: updateFlag: com.google.android.finsky.stable, 82594910, 0, , PhllImprovements__remove_unused_title_layout
10-20 12:36:35.222  2327  3465 D HeterodyneSyncer: updateFlag: com.google.android.finsky.stable, 82594910, 0, , PlaceholderRedesign__enable_placeholder_redesign
10-20 12:36:35.222  2327  3465 D HeterodyneSyncer: updateFlag: com.google.android.finsky.stable, 82594910, 0, , PlayPrewarm__enable_alleyoop_v2_prefetching
10-20 12:36:35.222  2327  3465 D HeterodyneSyncer: updateFlag: com.google.android.finsky.stable, 82594910, 0, , PlayProtect__enable_advanced_protection_auto_enable_gpp
10-20 12:36:35.233  2327  3465 D HeterodyneSyncer: updateFlag: com.google.android.finsky.stable, 82594910, 0, , ProcessSafeAccounts__enable_save_account_to_pvs
10-20 12:36:35.233  2327  3465 D HeterodyneSyncer: updateFlag: com.google.android.finsky.stable, 82594910, 0, , ProcessSafeLogging__disable_ds_foreground_flush
10-20 12:36:35.233  2327  3465 D HeterodyneSyncer: updateFlag: com.google.android.finsky.stable, 82594910, 0, , ProcessSafeLogging__enable_download_service_logging
10-20 12:36:35.233  2327  3465 D HeterodyneSyncer: updateFlag: com.google.android.finsky.stable, 82594910, 0, , ProcessSafeLogging__enable_ds_counters_flush
10-20 12:36:35.233  2327  3465 D HeterodyneSyncer: updateFlag: com.google.android.finsky.stable, 82594910, 0, , ProcessSafeLogging__enable_ds_counters_logging
10-20 12:36:35.233  2327  3465 D HeterodyneSyncer: updateFlag: com.google.android.finsky.stable, 82594910, 0, , ProcessSafeLogging__enable_flush_background_process
10-20 12:36:35.233  2327  3465 D HeterodyneSyncer: updateFlag: com.google.android.finsky.stable, 82594910, 0, , ProfileInception__aot_compilation_killswitch
10-20 12:36:35.234  2327  3465 D HeterodyneSyncer: updateFlag: com.google.android.finsky.stable, 82594910, 0, , ProfileInception__enabled_versions
10-20 12:36:35.234  2327  3465 D HeterodyneSyncer: updateFlag: com.google.android.finsky.stable, 82594910, 0, , QuickLinksClusterTitle__enable_quick_links_cluster_title
10-20 12:36:35.234  2327  3465 D HeterodyneSyncer: updateFlag: com.google.android.finsky.stable, 82594910, 0, , RedeemAcquireLoadingScreenFix__enable_full_screen
10-20 12:36:35.234  2327  3465 D HeterodyneSyncer: updateFlag: com.google.android.finsky.stable, 82594910, 0, , ReviewAcquisition__enable_review_acquisition_redesign
10-20 12:36:35.234  2327  3465 D HeterodyneSyncer: updateFlag: com.google.android.finsky.stable, 82594910, 0, , ReviewCache__enable_persistent_review_cache
10-20 12:36:35.234  2327  3465 D HeterodyneSyncer: updateFlag: com.google.android.finsky.stable, 82594910, 0, , ReviewConsumption__enable_review_consumption_redesign
10-20 12:36:35.234  2327  3465 D HeterodyneSyncer: updateFlag: com.google.android.finsky.stable, 82594910, 0, , ReviewConsumption__enable_review_consumption_redesign_for_vx
10-20 12:36:35.235  2327  3465 D HeterodyneSyncer: updateFlag: com.google.android.finsky.stable, 82594910, 0, , ReviewConsumption__review_consumption_redesign_no_op
10-20 12:36:35.235  2327  3465 D HeterodyneSyncer: updateFlag: com.google.android.finsky.stable, 82594910, 0, , Scheduler__disable_fallback_wakeup_manager
10-20 12:36:35.235  2327  3465 D HeterodyneSyncer: updateFlag: com.google.android.finsky.stable, 82594910, 0, , ScreenshotClusterOptimization__enable_first_level_image_prioritization
10-20 12:36:35.236  2327  3465 D HeterodyneSyncer: updateFlag: com.google.android.finsky.stable, 82594910, 0, , ScreenshotClusterOptimization__enable_two_rotating_views
10-20 12:36:35.236  2327  3465 D HeterodyneSyncer: updateFlag: com.google.android.finsky.stable, 82594910, 0, , SelfUpdate__enable_self_update_v2
10-20 12:36:35.236  2327  3465 D HeterodyneSyncer: updateFlag: com.google.android.finsky.stable, 82594910, 0, , SelfUpdate__enable_timesource_migration
10-20 12:36:35.236  2327  3465 D HeterodyneSyncer: updateFlag: com.google.android.finsky.stable, 82594910, 0, , ServerDrivenSearchListResults__enable_search_list_results_card_view
10-20 12:36:35.236  2327  3465 D HeterodyneSyncer: updateFlag: com.google.android.finsky.stable, 82594910, 0, , ServerDrivenTopCharts__enable_top_charts_card_view
10-20 12:36:35.237  2327  3465 D HeterodyneSyncer: updateFlag: com.google.android.finsky.stable, 82594910, 0, , SingletonViewPool__enable_singleton_view_pool
10-20 12:36:35.238  2327  3465 D HeterodyneSyncer: updateFlag: com.google.android.finsky.stable, 82594910, 0, , UiLoggingNano2LiteMigration__enable_psuie_group_lite_serialization
10-20 12:36:35.238  2327  3465 D HeterodyneSyncer: updateFlag: com.google.android.finsky.stable, 82594910, 0, , UserPerceivedLatency__enable_displaymodeswitcher_on_details_fragment
10-20 12:36:35.238  2327  3465 D HeterodyneSyncer: updateFlag: com.google.android.finsky.stable, 82594910, 0, , UserPerceivedLatency__enable_loading_delay_on_dp
10-20 12:36:35.239  2327  3465 D HeterodyneSyncer: updateFlag: com.google.android.finsky.stable, 82594910, 0, , UserPerceivedLatency__enable_upl_on_horizontal_clusters
10-20 12:36:35.239  2327  3465 D HeterodyneSyncer: updateFlag: com.google.android.finsky.stable, 82594910, 0, , UserPerceivedLatency__enable_upl_on_search_page
10-20 12:36:35.239  2327  3465 D HeterodyneSyncer: updateFlag: com.google.android.finsky.stable, 82594910, 0, , VisRefresh__enable_override_account_name_for_action_buttons
10-20 12:36:35.239  2327  3465 D HeterodyneSyncer: updateFlag: com.google.android.finsky.stable, 82594910, 0, , VisualRefreshPhase2__enable_browse_page_transition
10-20 12:36:35.246  2327  3465 D HeterodyneSyncer: updateFlag: com.google.android.finsky.stable, 82594910, 0, , VisualRefreshPhase2__enable_chipsbannerrecyclerview_restore_scroll_immediate
10-20 12:36:35.246  2327  3465 D HeterodyneSyncer: updateFlag: com.google.android.finsky.stable, 82594910, 0, , VisualRefreshPhase2__enable_chipview_load_font_immediate
10-20 12:36:35.247  2327  3465 D HeterodyneSyncer: updateFlag: com.google.android.finsky.stable, 82594910, 0, , VisualRefreshPhase2__enable_details_page_shift_up_spi_ads
10-20 12:36:35.247  2327  3465 D HeterodyneSyncer: updateFlag: com.google.android.finsky.stable, 82594910, 0, , VisualRefreshPhase2__enable_details_page_transition
10-20 12:36:35.247  2327  3465 D HeterodyneSyncer: updateFlag: com.google.android.finsky.stable, 82594910, 0, , VisualRefreshPhase2__enable_details_page_xsell_reordering
10-20 12:36:35.247  2327  3465 D HeterodyneSyncer: updateFlag: com.google.android.finsky.stable, 82594910, 0, , VisualRefreshPhase2__enable_developer_details_styling
10-20 12:36:35.247  2404  2404 I A       : Refusing EXCLUSIVE task 22, it is already pending. Try again in 279 seconds.
10-20 12:36:35.248  2327  3465 D HeterodyneSyncer: updateFlag: com.google.android.finsky.stable, 82594910, 0, , VisualRefreshPhase2__enable_immersive_header_migration_general
10-20 12:36:35.248  2327  3465 D HeterodyneSyncer: updateFlag: com.google.android.finsky.stable, 82594910, 0, , VisualRefreshPhase2__enable_liveops_migration
10-20 12:36:35.249  2327  3465 D HeterodyneSyncer: updateFlag: com.google.android.finsky.stable, 82594910, 0, , VisualRefreshPhase2__enable_top_padding_above_chips
10-20 12:36:35.249  2327  3465 D HeterodyneSyncer: updateFlag: com.google.android.finsky.stable, 82594910, 0, , VisualRefreshPhase2__enable_view_pager_slide_n_fade_transition
10-20 12:36:35.249  2327  3465 D HeterodyneSyncer: updateFlag: com.google.android.finsky.stable, 82594910, 0, , VisualRefreshPhase2__enable_visual_refresh_phase_2
10-20 12:36:35.249  2327  3465 D HeterodyneSyncer: updateFlag: com.google.android.finsky.stable, 82594910, 0, , WearHygieneOptimization__enable_wear_hygiene_optimization
10-20 12:36:35.250  2327  3465 D HeterodyneSyncer: update application tag, changed: com.google.android.finsky.stable, 82594910, , 1
10-20 12:36:35.250  2327  3465 D HeterodyneSyncer: Clearing partition: 1
10-20 12:36:35.251  2327  3465 D HeterodyneSyncer: updateFlag: com.google.android.finsky.stable, 82594910, 1, , DownloadService__killswitch_enable_aidl_ipc_service
10-20 12:36:35.251  2327  3465 D HeterodyneSyncer: updateFlag: com.google.android.finsky.stable, 82594910, 1, , MyAppsV3__enable_auto_hide_toolbar_on_chromebook
10-20 12:36:35.251  2327  3465 D HeterodyneSyncer: updateFlag: com.google.android.finsky.stable, 82594910, 1, , MyAppsV3__enable_manage_tab_animation
10-20 12:36:35.251  2327  3465 D HeterodyneSyncer: updateFlag: com.google.android.finsky.stable, 82594910, 1, , NetworkOptimizationsAutogen__disable_http2_over_cronet
10-20 12:36:35.251  2327  3465 D HeterodyneSyncer: update application tag, changed: com.google.android.finsky.stable, 82594910, , 2
10-20 12:36:35.252  2327  3465 D HeterodyneSyncer: Clearing partition: 2
10-20 12:36:35.253  2327  3465 D HeterodyneSyncer: updateFlag: com.google.android.finsky.stable, 82594910, 2, , Cashmere__enable_cashmere_deep_links
10-20 12:36:35.253  2327  3465 D HeterodyneSyncer: updateFlag: com.google.android.finsky.stable, 82594910, 2, , Cashmere__enable_cashmere_home
10-20 12:36:35.254  2327  3465 D HeterodyneSyncer: updateFlag: com.google.android.finsky.stable, 82594910, 2, , DownloadService__cronet_quic_hint_host_names
10-20 12:36:35.254  2327  3465 D HeterodyneSyncer: updateFlag: com.google.android.finsky.stable, 82594910, 2, , DownloadService__download_retry_initial_backoff_seconds
10-20 12:36:35.254  2327  3465 D HeterodyneSyncer: updateFlag: com.google.android.finsky.stable, 82594910, 2, , DownloadService__download_stream_write_buffer_size_bytes
10-20 12:36:35.254  2327  3465 D HeterodyneSyncer: updateFlag: com.google.android.finsky.stable, 82594910, 2, , DownloadService__downloader_facade_interaction_with_download_manager_duration_millis
10-20 12:36:35.254  2327  3465 D HeterodyneSyncer: updateFlag: com.google.android.finsky.stable, 82594910, 2, , DownloadService__intermediate_notification_timeout_millis
10-20 12:36:35.255  2327  3465 D HeterodyneSyncer: updateFlag: com.google.android.finsky.stable, 82594910, 2, , DownloadService__max_http_redirects_to_follow
10-20 12:36:35.255  2327  3465 D HeterodyneSyncer: updateFlag: com.google.android.finsky.stable, 82594910, 2, , DownloadService__network_stack
10-20 12:36:35.255  2327  3465 D HeterodyneSyncer: updateFlag: com.google.android.finsky.stable, 82594910, 2, , DownloadService__notification_timeout_millis
10-20 12:36:35.256  2327  3465 D HeterodyneSyncer: updateFlag: com.google.android.finsky.stable, 82594910, 2, , DownloadService__number_of_download_retries_of_a_file_in_request
10-20 12:36:35.256  2327  3465 D HeterodyneSyncer: updateFlag: com.google.android.finsky.stable, 82594910, 2, , DownloadService__thread_priority
10-20 12:36:35.256  2327  3465 D HeterodyneSyncer: updateFlag: com.google.android.finsky.stable, 82594910, 2, , JankLogging__enable_jank_logging
10-20 12:36:35.257  2327  3465 D HeterodyneSyncer: updateFlag: com.google.android.finsky.stable, 82594910, 2, , PrimesLogging__enable_battery_stats_logging
10-20 12:36:35.257  2327  3465 D HeterodyneSyncer: updateFlag: com.google.android.finsky.stable, 82594910, 2, , PrimesLogging__enable_memory_logging
10-20 12:36:35.257  2327  3465 D HeterodyneSyncer: updateFlag: com.google.android.finsky.stable, 82594910, 2, , PrimesLogging__enable_package_stats_logging
10-20 12:36:35.259  2327  3465 D HeterodyneSyncer: updateFlag: com.google.android.finsky.stable, 82594910, 2, , UnivisionUiLogging__enable_legacy_for_my_reviews
10-20 12:36:35.259  2327  3465 D HeterodyneSyncer: updateFlag: com.google.android.finsky.stable, 82594910, 2, , UnivisionUiLogging__enable_legacy_for_serp
10-20 12:36:35.262  2327  3465 D HeterodyneSyncer: update application tag, changed: com.google.android.finsky.stable, 82594910, , 3
10-20 12:36:35.263  2327  3465 D HeterodyneSyncer: Clearing partition: 3
10-20 12:36:35.265  1171  1188 I FastPair: FastPair: provider is called with method [getCardList]
10-20 12:36:35.269  2327  3465 D HeterodyneSyncer: updateFlag: com.google.android.finsky.stable, 82594910, 3, , AlleyOopOnItemModelStable__custom_detailed_page_app_id_exclusion_list
10-20 12:36:35.270  2327  3465 D HeterodyneSyncer: updateFlag: com.google.android.finsky.stable, 82594910, 3, , AppsSearch__enable_filtering_animation
10-20 12:36:35.270  2327  3465 D HeterodyneSyncer: updateFlag: com.google.android.finsky.stable, 82594910, 3, , AppsSearch__enable_filters_back_button_fix
10-20 12:36:35.271  2327  3465 D HeterodyneSyncer: updateFlag: com.google.android.finsky.stable, 82594910, 3, , AppsSearch__enable_filters_header_view_scroll_and_snap
10-20 12:36:35.274  2327  3465 D HeterodyneSyncer: updateFlag: com.google.android.finsky.stable, 82594910, 3, , AppsSearch__enable_kids_search_mode_for_filters
10-20 12:36:35.276   530  1566 W InputManager-JNI: Input channel object '6e82733 Splash Screen com.example.lunchtray (client)' was disposed without first being removed with the input manager!
10-20 12:36:35.276  2327  3465 D HeterodyneSyncer: updateFlag: com.google.android.finsky.stable, 82594910, 3, , AppsSearch__enable_zero_prefix_async_loading
10-20 12:36:35.277  2327  3465 D HeterodyneSyncer: updateFlag: com.google.android.finsky.stable, 82594910, 3, , AppsSearch__enable_zero_search_endpoint
10-20 12:36:35.282  2327  3465 D HeterodyneSyncer: updateFlag: com.google.android.finsky.stable, 82594910, 3, , AudiobookPreviewPlayer__disable_audio_capture
10-20 12:36:35.283  2327  3465 D HeterodyneSyncer: updateFlag: com.google.android.finsky.stable, 82594910, 3, , AutoUpdate__battery_relax_battery_percent_budget
10-20 12:36:35.283  2327  3465 D HeterodyneSyncer: updateFlag: com.google.android.finsky.stable, 82594910, 3, , AutoUpdate__battery_relax_num_apps_budget
10-20 12:36:35.283  2327  3465 D HeterodyneSyncer: updateFlag: com.google.android.finsky.stable, 82594910, 3, , AutoUpdate__block_auto_update_on_uncertified_devices
10-20 12:36:35.283  2327  3465 D HeterodyneSyncer: updateFlag: com.google.android.finsky.stable, 82594910, 3, , AutoUpdate__consolidate_common_blocked_reasons
10-20 12:36:35.283  2327  3465 D HeterodyneSyncer: updateFlag: com.google.android.finsky.stable, 82594910, 3, , AutoUpdate__enable_atomic_fields_read_from_train
10-20 12:36:35.283  2327  3465 D HeterodyneSyncer: updateFlag: com.google.android.finsky.stable, 82594910, 3, , AutoUpdate__enable_atomic_install_auto_update_stable
10-20 12:36:35.283  2327  3465 D HeterodyneSyncer: updateFlag: com.google.android.finsky.stable, 82594910, 3, , AutoUpdate__enable_atomic_install_high_priority_update_stable
10-20 12:36:35.283  2327  3465 D HeterodyneSyncer: updateFlag: com.google.android.finsky.stable, 82594910, 3, , AutoUpdate__enable_discovered_timestamp_read_from_autoupdate_datastore
10-20 12:36:35.283  2327  3465 D HeterodyneSyncer: updateFlag: com.google.android.finsky.stable, 82594910, 3, , AutoUpdate__enable_read_and_write_from_autoupdate_datastore
10-20 12:36:35.283  2327  3465 D HeterodyneSyncer: updateFlag: com.google.android.finsky.stable, 82594910, 3, , AutoUpdate__enable_write_to_autoupdate_datastore
10-20 12:36:35.283  2327  3465 D HeterodyneSyncer: updateFlag: com.google.android.finsky.stable, 82594910, 3, , AutoUpdate__outstanding_notification_time_delay_ms
10-20 12:36:35.284  2327  3465 D HeterodyneSyncer: updateFlag: com.google.android.finsky.stable, 82594910, 3, , Backstack__backstack_limit
10-20 12:36:35.284  2327  3465 D HeterodyneSyncer: updateFlag: com.google.android.finsky.stable, 82594910, 3, , Billing__direct_purchase_api_caller_allowlist_for_apps
10-20 12:36:35.284  2327  3465 D HeterodyneSyncer: updateFlag: com.google.android.finsky.stable, 82594910, 3, , Billing__enable_subscription_instrument_update
10-20 12:36:35.284  2327  3465 D HeterodyneSyncer: updateFlag: com.google.android.finsky.stable, 82594910, 3, , Billing__enable_third_party_direct_purchases
10-20 12:36:35.285  2327  3465 D HeterodyneSyncer: updateFlag: com.google.android.finsky.stable, 82594910, 3, , Billing__enable_third_party_subscription_instrument_update
10-20 12:36:35.285  2327  3465 D HeterodyneSyncer: updateFlag: com.google.android.finsky.stable, 82594910, 3, , Blurbs__blurb_max_viewpool_size
10-20 12:36:35.285  2327  3465 D HeterodyneSyncer: updateFlag: com.google.android.finsky.stable, 82594910, 3, , Blurbs__disable_impression_log_on_rebind
10-20 12:36:35.285  2327  3465 D HeterodyneSyncer: updateFlag: com.google.android.finsky.stable, 82594910, 3, , Blurbs__enable_mini_blurb_component
10-20 12:36:35.286  2327  3465 D HeterodyneSyncer: updateFlag: com.google.android.finsky.stable, 82594910, 3, , Blurbs__enable_mini_blurb_component_large_thumbnail
10-20 12:36:35.286  2327  3465 D HeterodyneSyncer: updateFlag: com.google.android.finsky.stable, 82594910, 3, , Blurbs__enable_playcardutils_migration
10-20 12:36:35.286  2327  3465 D HeterodyneSyncer: updateFlag: com.google.android.finsky.stable, 82594910, 3, , BooksExperiments__enable_one_button_fixed_duration_rent
10-20 12:36:35.286  2327  3465 D HeterodyneSyncer: updateFlag: com.google.android.finsky.stable, 82594910, 3, , BooksExperiments__enable_one_button_rent
10-20 12:36:35.286  2327  3465 D HeterodyneSyncer: updateFlag: com.google.android.finsky.stable, 82594910, 3, , BooksExperiments__enable_orson_search_result_format_labels_exp
10-20 12:36:35.286  2327  3465 D HeterodyneSyncer: updateFlag: com.google.android.finsky.stable, 82594910, 3, , BooksExperiments__enable_price_drop_message
10-20 12:36:35.286  2327  3465 D HeterodyneSyncer: updateFlag: com.google.android.finsky.stable, 82594910, 3, , BooksExperiments__enable_sample_control
10-20 12:36:35.286  2327  3465 D HeterodyneSyncer: updateFlag: com.google.android.finsky.stable, 82594910, 3, , BooksExperiments__enable_series_subscription_edu_module
10-20 12:36:35.286  2327  3465 D HeterodyneSyncer: updateFlag: com.google.android.finsky.stable, 82594910, 3, , BooksExperiments__enabled_series_subscription
10-20 12:36:35.287  2327  3465 D HeterodyneSyncer: updateFlag: com.google.android.finsky.stable, 82594910, 3, , BooksSearch__enable_filters
10-20 12:36:35.287  2327  3465 D HeterodyneSyncer: updateFlag: com.google.android.finsky.stable, 82594910, 3, , BooksSearch__enable_kids_search_mode_for_filters
10-20 12:36:35.287  2327  3465 D HeterodyneSyncer: updateFlag: com.google.android.finsky.stable, 82594910, 3, , CacheStickiness__reduce_cache_size_based_on_storage
10-20 12:36:35.287  2327  3465 D HeterodyneSyncer: updateFlag: com.google.android.finsky.stable, 82594910, 3, , CacheStickiness__switch_pre_cache_based_on_storage
10-20 12:36:35.287  2327  3465 D HeterodyneSyncer: updateFlag: com.google.android.finsky.stable, 82594910, 3, , CacheStickiness__switch_pre_cache_storage_bytes_threshold
10-20 12:36:35.287  2327  3465 D HeterodyneSyncer: updateFlag: com.google.android.finsky.stable, 82594910, 3, , CacheStickiness__temp_patch_files_expiration_ms
10-20 12:36:35.288  2327  3465 D HeterodyneSyncer: updateFlag: com.google.android.finsky.stable, 82594910, 3, , CarDelayClosureOnSignout__is_enabled
10-20 12:36:35.289  2327  3465 D HeterodyneSyncer: updateFlag: com.google.android.finsky.stable, 82594910, 3, , Cashmere__enable_power_cache
10-20 12:36:35.289  2327  3465 D HeterodyneSyncer: updateFlag: com.google.android.finsky.stable, 82594910, 3, , Cashmere__image_disk_cache_size_increase_mb
10-20 12:36:35.289  2327  3465 D HeterodyneSyncer: updateFlag: com.google.android.finsky.stable, 82594910, 3, , Cashmere__max_download_attempts
10-20 12:36:35.289  2327  3465 D HeterodyneSyncer: updateFlag: com.google.android.finsky.stable, 82594910, 3, , Cashmere__max_image_prefetches_per_bulk
10-20 12:36:35.290  2327  3465 D HeterodyneSyncer: updateFlag: com.google.android.finsky.stable, 82594910, 3, , Cashmere__max_pgs_prefetches_per_bulk
10-20 12:36:35.290  2327  3465 D HeterodyneSyncer: updateFlag: com.google.android.finsky.stable, 82594910, 3, , Cashmere__on_device_search_suggestion_model_download_max_waiting_time_min
10-20 12:36:35.290  2327  3465 D HeterodyneSyncer: updateFlag: com.google.android.finsky.stable, 82594910, 3, , Cashmere__power_cache_storage_threshold_high_watermark_bytes
10-20 12:36:35.290  2327  3465 D HeterodyneSyncer: updateFlag: com.google.android.finsky.stable, 82594910, 3, , Cashmere__power_cache_storage_threshold_low_watermark_bytes
10-20 12:36:35.290  2327  3465 D HeterodyneSyncer: updateFlag: com.google.android.finsky.stable, 82594910, 3, , Cashmere__retry_download_backoff_time_seed_ms
10-20 12:36:35.293  2327  3465 D HeterodyneSyncer: updateFlag: com.google.android.finsky.stable, 82594910, 3, , Cashmere__super_power_cache_storage_threshold_high_watermark_bytes
10-20 12:36:35.293  2327  3465 D HeterodyneSyncer: updateFlag: com.google.android.finsky.stable, 82594910, 3, , Cashmere__super_power_cache_storage_threshold_low_watermark_bytes
10-20 12:36:35.293  2327  3465 D HeterodyneSyncer: updateFlag: com.google.android.finsky.stable, 82594910, 3, , Cashmere__time_to_wait_before_force_running_jobs_ms
