10-20 12:36:40.704  3209  4064 W BugleRcsEngine: [95] alsz.e: Service with meta data key: JibeServiceApiVersions is not compatible. Service Version 1 is not supported. Supported versions: []
10-20 12:36:40.704  2404  2404 I BgTaskExecutorImpl: Starting EXCLUSIVE background task FETCH_OPT_IN_STATUSES.
10-20 12:36:40.704  3315  3315 D LifecycleMonitor: Lifecycle status change: androidx.test.core.app.InstrumentationActivityInvoker$BootstrapActivity@128272a in: RESUMED
10-20 12:36:40.705  3315  3315 V ActivityScenario: Activity lifecycle changed event received but ignored because the intent does not match. startActivityIntent=Intent { act=android.intent.action.MAIN cat=[android.intent.category.LAUNCHER] cmp=com.example.lunchtray/androidx.fragment.app.testing.FragmentScenario$EmptyFragmentActivity (has extras) }, activity.getIntent()=Intent { act=android.intent.action.MAIN cat=[android.intent.category.LAUNCHER] flg=0x10008000 cmp=com.example.lunchtray/androidx.test.core.app.InstrumentationActivityInvoker$BootstrapActivity (has extras) }, activity=androidx.test.core.app.InstrumentationActivityInvoker$BootstrapActivity@128272a
10-20 12:36:40.705  3315  3315 V ActivityScenario: Activity lifecycle changed event received but ignored because the intent does not match. startActivityIntent=Intent { act=android.intent.action.MAIN cat=[android.intent.category.LAUNCHER] cmp=com.example.lunchtray/androidx.fragment.app.testing.FragmentScenario$EmptyFragmentActivity (has extras) }, activity.getIntent()=Intent { act=android.intent.action.MAIN cat=[android.intent.category.LAUNCHER] flg=0x10008000 cmp=com.example.lunchtray/androidx.test.core.app.InstrumentationActivityInvoker$BootstrapActivity (has extras) }, activity=androidx.test.core.app.InstrumentationActivityInvoker$BootstrapActivity@128272a
10-20 12:36:40.705  3315  3315 V ActivityScenario: Activity lifecycle changed event received but ignored because the intent does not match. startActivityIntent=Intent { act=android.intent.action.MAIN cat=[android.intent.category.LAUNCHER] cmp=com.example.lunchtray/androidx.fragment.app.testing.FragmentScenario$EmptyFragmentActivity (has extras) }, activity.getIntent()=Intent { act=android.intent.action.MAIN cat=[android.intent.category.LAUNCHER] flg=0x10008000 cmp=com.example.lunchtray/androidx.test.core.app.InstrumentationActivityInvoker$BootstrapActivity (has extras) }, activity=androidx.test.core.app.InstrumentationActivityInvoker$BootstrapActivity@128272a
10-20 12:36:40.705  3315  3315 V ActivityScenario: Activity lifecycle changed event received but ignored because the intent does not match. startActivityIntent=Intent { act=android.intent.action.MAIN cat=[android.intent.category.LAUNCHER] cmp=com.example.lunchtray/androidx.fragment.app.testing.FragmentScenario$EmptyFragmentActivity (has extras) }, activity.getIntent()=Intent { act=android.intent.action.MAIN cat=[android.intent.category.LAUNCHER] flg=0x10008000 cmp=com.example.lunchtray/androidx.test.core.app.InstrumentationActivityInvoker$BootstrapActivity (has extras) }, activity=androidx.test.core.app.InstrumentationActivityInvoker$BootstrapActivity@128272a
10-20 12:36:40.705  3315  3315 V ActivityScenario: Activity lifecycle changed event received but ignored because the intent does not match. startActivityIntent=Intent { act=android.intent.action.MAIN cat=[android.intent.category.LAUNCHER] cmp=com.example.lunchtray/androidx.fragment.app.testing.FragmentScenario$EmptyFragmentActivity (has extras) }, activity.getIntent()=Intent { act=android.intent.action.MAIN cat=[android.intent.category.LAUNCHER] flg=0x10008000 cmp=com.example.lunchtray/androidx.test.core.app.InstrumentationActivityInvoker$BootstrapActivity (has extras) }, activity=androidx.test.core.app.InstrumentationActivityInvoker$BootstrapActivity@128272a
10-20 12:36:40.705  3315  3315 V ActivityScenario: Activity lifecycle changed event received but ignored because the intent does not match. startActivityIntent=Intent { act=android.intent.action.MAIN cat=[android.intent.category.LAUNCHER] cmp=com.example.lunchtray/androidx.fragment.app.testing.FragmentScenario$EmptyFragmentActivity (has extras) }, activity.getIntent()=Intent { act=android.intent.action.MAIN cat=[android.intent.category.LAUNCHER] flg=0x10008000 cmp=com.example.lunchtray/androidx.test.core.app.InstrumentationActivityInvoker$BootstrapActivity (has extras) }, activity=androidx.test.core.app.InstrumentationActivityInvoker$BootstrapActivity@128272a
10-20 12:36:40.705  3315  3315 V ActivityScenario: Activity lifecycle changed event received but ignored because the intent does not match. startActivityIntent=Intent { act=android.intent.action.MAIN cat=[android.intent.category.LAUNCHER] cmp=com.example.lunchtray/androidx.fragment.app.testing.FragmentScenario$EmptyFragmentActivity (has extras) }, activity.getIntent()=Intent { act=android.intent.action.MAIN cat=[android.intent.category.LAUNCHER] flg=0x10008000 cmp=com.example.lunchtray/androidx.test.core.app.InstrumentationActivityInvoker$BootstrapActivity (has extras) }, activity=androidx.test.core.app.InstrumentationActivityInvoker$BootstrapActivity@128272a
10-20 12:36:40.705  3315  3315 V ActivityScenario: Activity lifecycle changed event received but ignored because the intent does not match. startActivityIntent=Intent { act=android.intent.action.MAIN cat=[android.intent.category.LAUNCHER] cmp=com.example.lunchtray/androidx.fragment.app.testing.FragmentScenario$EmptyFragmentActivity (has extras) }, activity.getIntent()=Intent { act=android.intent.action.MAIN cat=[android.intent.category.LAUNCHER] flg=0x10008000 cmp=com.example.lunchtray/androidx.test.core.app.InstrumentationActivityInvoker$BootstrapActivity (has extras) }, activity=androidx.test.core.app.InstrumentationActivityInvoker$BootstrapActivity@128272a
10-20 12:36:40.705  3315  3315 V ActivityScenario: Activity lifecycle changed event received but ignored because the intent does not match. startActivityIntent=Intent { act=android.intent.action.MAIN cat=[android.intent.category.LAUNCHER] cmp=com.example.lunchtray/androidx.fragment.app.testing.FragmentScenario$EmptyFragmentActivity (has extras) }, activity.getIntent()=Intent { act=android.intent.action.MAIN cat=[android.intent.category.LAUNCHER] flg=0x10008000 cmp=com.example.lunchtray/androidx.test.core.app.InstrumentationActivityInvoker$BootstrapActivity (has extras) }, activity=androidx.test.core.app.InstrumentationActivityInvoker$BootstrapActivity@128272a
10-20 12:36:40.705  3315  3315 V ActivityScenario: Activity lifecycle changed event received but ignored because the intent does not match. startActivityIntent=Intent { act=android.intent.action.MAIN cat=[android.intent.category.LAUNCHER] cmp=com.example.lunchtray/androidx.fragment.app.testing.FragmentScenario$EmptyFragmentActivity (has extras) }, activity.getIntent()=Intent { act=android.intent.action.MAIN cat=[android.intent.category.LAUNCHER] flg=0x10008000 cmp=com.example.lunchtray/androidx.test.core.app.InstrumentationActivityInvoker$BootstrapActivity (has extras) }, activity=androidx.test.core.app.InstrumentationActivityInvoker$BootstrapActivity@128272a
10-20 12:36:40.709  3209  4064 I BugleRcsEngine: [95] albk.s: Configuration Terms and Conditions consent storage in Bugle is disabled by p/h flag
10-20 12:36:40.709  2923  4166 I DynamiteModule: Considering local module com.google.android.gms.providerinstaller.dynamite:0 and remote module com.google.android.gms.providerinstaller.dynamite:0
10-20 12:36:40.709  3209  4064 I BugleRcsEngine: [95] akxz.a: Config state is not ACCEPTED, provisioning still in progress
10-20 12:36:40.709  2923  4166 W ProviderInstaller: Failed to load providerinstaller module: No acceptable module found. Local version is 0 and remote version is 0.
10-20 12:36:40.710  3209  4064 I BugleRcsEngine: [95] akxz.a: RcsAvailabilityManager: Rcs Availability still DISABLED_VIA_GSERVICES (RCS is disabled for this carrier by Google)
10-20 12:36:40.712  3315  3315 D LifecycleMonitor: Lifecycle status change: androidx.test.core.app.InstrumentationActivityInvoker$BootstrapActivity@128272a in: PAUSED
10-20 12:36:40.712  3315  3315 V ActivityScenario: Activity lifecycle changed event received but ignored because the intent does not match. startActivityIntent=Intent { act=android.intent.action.MAIN cat=[android.intent.category.LAUNCHER] cmp=com.example.lunchtray/androidx.fragment.app.testing.FragmentScenario$EmptyFragmentActivity (has extras) }, activity.getIntent()=Intent { act=android.intent.action.MAIN cat=[android.intent.category.LAUNCHER] flg=0x10008000 cmp=com.example.lunchtray/androidx.test.core.app.InstrumentationActivityInvoker$BootstrapActivity (has extras) }, activity=androidx.test.core.app.InstrumentationActivityInvoker$BootstrapActivity@128272a
10-20 12:36:40.712  3315  3315 V ActivityScenario: Activity lifecycle changed event received but ignored because the intent does not match. startActivityIntent=Intent { act=android.intent.action.MAIN cat=[android.intent.category.LAUNCHER] cmp=com.example.lunchtray/androidx.fragment.app.testing.FragmentScenario$EmptyFragmentActivity (has extras) }, activity.getIntent()=Intent { act=android.intent.action.MAIN cat=[android.intent.category.LAUNCHER] flg=0x10008000 cmp=com.example.lunchtray/androidx.test.core.app.InstrumentationActivityInvoker$BootstrapActivity (has extras) }, activity=androidx.test.core.app.InstrumentationActivityInvoker$BootstrapActivity@128272a
10-20 12:36:40.712  3315  3315 V ActivityScenario: Activity lifecycle changed event received but ignored because the intent does not match. startActivityIntent=Intent { act=android.intent.action.MAIN cat=[android.intent.category.LAUNCHER] cmp=com.example.lunchtray/androidx.fragment.app.testing.FragmentScenario$EmptyFragmentActivity (has extras) }, activity.getIntent()=Intent { act=android.intent.action.MAIN cat=[android.intent.category.LAUNCHER] flg=0x10008000 cmp=com.example.lunchtray/androidx.test.core.app.InstrumentationActivityInvoker$BootstrapActivity (has extras) }, activity=androidx.test.core.app.InstrumentationActivityInvoker$BootstrapActivity@128272a
10-20 12:36:40.712  3315  3315 V ActivityScenario: Activity lifecycle changed event received but ignored because the intent does not match. startActivityIntent=Intent { act=android.intent.action.MAIN cat=[android.intent.category.LAUNCHER] cmp=com.example.lunchtray/androidx.fragment.app.testing.FragmentScenario$EmptyFragmentActivity (has extras) }, activity.getIntent()=Intent { act=android.intent.action.MAIN cat=[android.intent.category.LAUNCHER] flg=0x10008000 cmp=com.example.lunchtray/androidx.test.core.app.InstrumentationActivityInvoker$BootstrapActivity (has extras) }, activity=androidx.test.core.app.InstrumentationActivityInvoker$BootstrapActivity@128272a
10-20 12:36:40.712  3315  3315 V ActivityScenario: Activity lifecycle changed event received but ignored because the intent does not match. startActivityIntent=Intent { act=android.intent.action.MAIN cat=[android.intent.category.LAUNCHER] cmp=com.example.lunchtray/androidx.fragment.app.testing.FragmentScenario$EmptyFragmentActivity (has extras) }, activity.getIntent()=Intent { act=android.intent.action.MAIN cat=[android.intent.category.LAUNCHER] flg=0x10008000 cmp=com.example.lunchtray/androidx.test.core.app.InstrumentationActivityInvoker$BootstrapActivity (has extras) }, activity=androidx.test.core.app.InstrumentationActivityInvoker$BootstrapActivity@128272a
10-20 12:36:40.712  3315  3315 V ActivityScenario: Activity lifecycle changed event received but ignored because the intent does not match. startActivityIntent=Intent { act=android.intent.action.MAIN cat=[android.intent.category.LAUNCHER] cmp=com.example.lunchtray/androidx.fragment.app.testing.FragmentScenario$EmptyFragmentActivity (has extras) }, activity.getIntent()=Intent { act=android.intent.action.MAIN cat=[android.intent.category.LAUNCHER] flg=0x10008000 cmp=com.example.lunchtray/androidx.test.core.app.InstrumentationActivityInvoker$BootstrapActivity (has extras) }, activity=androidx.test.core.app.InstrumentationActivityInvoker$BootstrapActivity@128272a
10-20 12:36:40.712  3315  3315 V ActivityScenario: Activity lifecycle changed event received but ignored because the intent does not match. startActivityIntent=Intent { act=android.intent.action.MAIN cat=[android.intent.category.LAUNCHER] cmp=com.example.lunchtray/androidx.fragment.app.testing.FragmentScenario$EmptyFragmentActivity (has extras) }, activity.getIntent()=Intent { act=android.intent.action.MAIN cat=[android.intent.category.LAUNCHER] flg=0x10008000 cmp=com.example.lunchtray/androidx.test.core.app.InstrumentationActivityInvoker$BootstrapActivity (has extras) }, activity=androidx.test.core.app.InstrumentationActivityInvoker$BootstrapActivity@128272a
10-20 12:36:40.712  3315  3315 V ActivityScenario: Activity lifecycle changed event received but ignored because the intent does not match. startActivityIntent=Intent { act=android.intent.action.MAIN cat=[android.intent.category.LAUNCHER] cmp=com.example.lunchtray/androidx.fragment.app.testing.FragmentScenario$EmptyFragmentActivity (has extras) }, activity.getIntent()=Intent { act=android.intent.action.MAIN cat=[android.intent.category.LAUNCHER] flg=0x10008000 cmp=com.example.lunchtray/androidx.test.core.app.InstrumentationActivityInvoker$BootstrapActivity (has extras) }, activity=androidx.test.core.app.InstrumentationActivityInvoker$BootstrapActivity@128272a
10-20 12:36:40.713  3315  3315 V ActivityScenario: Activity lifecycle changed event received but ignored because the intent does not match. startActivityIntent=Intent { act=android.intent.action.MAIN cat=[android.intent.category.LAUNCHER] cmp=com.example.lunchtray/androidx.fragment.app.testing.FragmentScenario$EmptyFragmentActivity (has extras) }, activity.getIntent()=Intent { act=android.intent.action.MAIN cat=[android.intent.category.LAUNCHER] flg=0x10008000 cmp=com.example.lunchtray/androidx.test.core.app.InstrumentationActivityInvoker$BootstrapActivity (has extras) }, activity=androidx.test.core.app.InstrumentationActivityInvoker$BootstrapActivity@128272a
10-20 12:36:40.713  3315  3315 V ActivityScenario: Activity lifecycle changed event received but ignored because the intent does not match. startActivityIntent=Intent { act=android.intent.action.MAIN cat=[android.intent.category.LAUNCHER] cmp=com.example.lunchtray/androidx.fragment.app.testing.FragmentScenario$EmptyFragmentActivity (has extras) }, activity.getIntent()=Intent { act=android.intent.action.MAIN cat=[android.intent.category.LAUNCHER] flg=0x10008000 cmp=com.example.lunchtray/androidx.test.core.app.InstrumentationActivityInvoker$BootstrapActivity (has extras) }, activity=androidx.test.core.app.InstrumentationActivityInvoker$BootstrapActivity@128272a
10-20 12:36:40.728  1101  1660 I atxs    : Scheduling Phenotype for a PhenotypeSyncImmediately(6, com.google.android.gms.phenotype) one off with window [1, 2] in seconds [CONTEXT service_id=51 ]
10-20 12:36:40.751  1279  1550 I SP      : <==== Finishing job {W:b:u:l, bg}, 1159 ms. elapsed since start
10-20 12:36:40.752  1279  1550 I SP      : Download stopped: manifests:content_cache-2020101916, succeeded, size: 346
10-20 12:36:40.753  3315  3315 D LifecycleMonitor: Lifecycle status change: androidx.fragment.app.testing.FragmentScenario$EmptyFragmentActivity@db42093 in: PRE_ON_CREATE
10-20 12:36:40.753  3315  3315 V ActivityScenario: Activity lifecycle changed event received but ignored because the reported transition was not ON_CREATE while the last known transition was DESTROYED
10-20 12:36:40.754  3315  3315 V ActivityScenario: Activity lifecycle changed event received but ignored because the reported transition was not ON_CREATE while the last known transition was DESTROYED
10-20 12:36:40.754  3315  3315 V ActivityScenario: Activity lifecycle changed event received but ignored because the reported transition was not ON_CREATE while the last known transition was DESTROYED
10-20 12:36:40.754  3315  3315 V ActivityScenario: Activity lifecycle changed event received but ignored because the reported transition was not ON_CREATE while the last known transition was DESTROYED
10-20 12:36:40.754  3315  3315 V ActivityScenario: Activity lifecycle changed event received but ignored because the reported transition was not ON_CREATE while the last known transition was DESTROYED
10-20 12:36:40.754  3315  3315 V ActivityScenario: Activity lifecycle changed event received but ignored because the reported transition was not ON_CREATE while the last known transition was DESTROYED
10-20 12:36:40.754  3315  3315 V ActivityScenario: Activity lifecycle changed event received but ignored because the reported transition was not ON_CREATE while the last known transition was DESTROYED
10-20 12:36:40.754  3315  3315 V ActivityScenario: Activity lifecycle changed event received but ignored because the reported transition was not ON_CREATE while the last known transition was DESTROYED
10-20 12:36:40.754  3315  3315 V ActivityScenario: Activity lifecycle changed event received but ignored because the reported transition was not ON_CREATE while the last known transition was DESTROYED
10-20 12:36:40.754  3315  3315 V ActivityScenario: Activity lifecycle changed event received but ignored because the reported transition was not ON_CREATE while the last known transition was PRE_ON_CREATE
10-20 12:36:40.758   407   407 I BpBinder: onLastStrongRef automatically unlinking death recipients: <uncached descriptor>
10-20 12:36:40.761  2923  4166 D nativeloader: classloader namespace configured for unbundled product apk. library_path=/product/priv-app/PrebuiltGmsCore/lib/x86_64:/product/priv-app/PrebuiltGmsCore/PrebuiltGmsCore.apk!/lib/x86_64:/product/lib64:/system/product/lib64
10-20 12:36:40.768  3315  3315 D LifecycleMonitor: Lifecycle status change: androidx.fragment.app.testing.FragmentScenario$EmptyFragmentActivity@db42093 in: CREATED
10-20 12:36:40.769  3315  3315 V ActivityScenario: Update currentActivityStage to CREATED, currentActivity=androidx.fragment.app.testing.FragmentScenario$EmptyFragmentActivity@db42093
10-20 12:36:40.769  3315  3315 V ActivityScenario: Update currentActivityStage to CREATED, currentActivity=androidx.fragment.app.testing.FragmentScenario$EmptyFragmentActivity@db42093
10-20 12:36:40.769  3315  3315 V ActivityScenario: Update currentActivityStage to CREATED, currentActivity=androidx.fragment.app.testing.FragmentScenario$EmptyFragmentActivity@db42093
10-20 12:36:40.769  3315  3315 V ActivityScenario: Update currentActivityStage to CREATED, currentActivity=androidx.fragment.app.testing.FragmentScenario$EmptyFragmentActivity@db42093
10-20 12:36:40.769  3315  3315 V ActivityScenario: Update currentActivityStage to CREATED, currentActivity=androidx.fragment.app.testing.FragmentScenario$EmptyFragmentActivity@db42093
10-20 12:36:40.769  3315  3315 V ActivityScenario: Update currentActivityStage to CREATED, currentActivity=androidx.fragment.app.testing.FragmentScenario$EmptyFragmentActivity@db42093
10-20 12:36:40.769  3315  3315 V ActivityScenario: Update currentActivityStage to CREATED, currentActivity=androidx.fragment.app.testing.FragmentScenario$EmptyFragmentActivity@db42093
10-20 12:36:40.769  3315  3315 V ActivityScenario: Update currentActivityStage to CREATED, currentActivity=androidx.fragment.app.testing.FragmentScenario$EmptyFragmentActivity@db42093
10-20 12:36:40.769  3315  3315 V ActivityScenario: Update currentActivityStage to CREATED, currentActivity=androidx.fragment.app.testing.FragmentScenario$EmptyFragmentActivity@db42093
10-20 12:36:40.769  3315  3315 V ActivityScenario: Update currentActivityStage to CREATED, currentActivity=androidx.fragment.app.testing.FragmentScenario$EmptyFragmentActivity@db42093
10-20 12:36:40.771  3315  3315 D LifecycleMonitor: Lifecycle status change: androidx.fragment.app.testing.FragmentScenario$EmptyFragmentActivity@db42093 in: STARTED
10-20 12:36:40.771  3315  3315 V ActivityScenario: Update currentActivityStage to STARTED, currentActivity=androidx.fragment.app.testing.FragmentScenario$EmptyFragmentActivity@db42093
10-20 12:36:40.771  3315  3315 V ActivityScenario: Update currentActivityStage to STARTED, currentActivity=androidx.fragment.app.testing.FragmentScenario$EmptyFragmentActivity@db42093
10-20 12:36:40.771  3315  3315 V ActivityScenario: Update currentActivityStage to STARTED, currentActivity=androidx.fragment.app.testing.FragmentScenario$EmptyFragmentActivity@db42093
10-20 12:36:40.771  3315  3315 V ActivityScenario: Update currentActivityStage to STARTED, currentActivity=androidx.fragment.app.testing.FragmentScenario$EmptyFragmentActivity@db42093
10-20 12:36:40.771  3315  3315 V ActivityScenario: Update currentActivityStage to STARTED, currentActivity=androidx.fragment.app.testing.FragmentScenario$EmptyFragmentActivity@db42093
10-20 12:36:40.771  3315  3315 V ActivityScenario: Update currentActivityStage to STARTED, currentActivity=androidx.fragment.app.testing.FragmentScenario$EmptyFragmentActivity@db42093
10-20 12:36:40.771  3315  3315 V ActivityScenario: Update currentActivityStage to STARTED, currentActivity=androidx.fragment.app.testing.FragmentScenario$EmptyFragmentActivity@db42093
10-20 12:36:40.771  3315  3315 V ActivityScenario: Update currentActivityStage to STARTED, currentActivity=androidx.fragment.app.testing.FragmentScenario$EmptyFragmentActivity@db42093
10-20 12:36:40.771  3315  3315 V ActivityScenario: Update currentActivityStage to STARTED, currentActivity=androidx.fragment.app.testing.FragmentScenario$EmptyFragmentActivity@db42093
10-20 12:36:40.771  3315  3315 V ActivityScenario: Update currentActivityStage to STARTED, currentActivity=androidx.fragment.app.testing.FragmentScenario$EmptyFragmentActivity@db42093
10-20 12:36:40.772  3315  3315 D LifecycleMonitor: Lifecycle status change: androidx.fragment.app.testing.FragmentScenario$EmptyFragmentActivity@db42093 in: RESUMED
10-20 12:36:40.772  3315  3315 V ActivityScenario: Update currentActivityStage to RESUMED, currentActivity=androidx.fragment.app.testing.FragmentScenario$EmptyFragmentActivity@db42093
10-20 12:36:40.772  3315  3315 V ActivityScenario: Update currentActivityStage to RESUMED, currentActivity=androidx.fragment.app.testing.FragmentScenario$EmptyFragmentActivity@db42093
10-20 12:36:40.772  3315  3315 V ActivityScenario: Update currentActivityStage to RESUMED, currentActivity=androidx.fragment.app.testing.FragmentScenario$EmptyFragmentActivity@db42093
10-20 12:36:40.772  3315  3315 V ActivityScenario: Update currentActivityStage to RESUMED, currentActivity=androidx.fragment.app.testing.FragmentScenario$EmptyFragmentActivity@db42093
10-20 12:36:40.772  3315  3315 V ActivityScenario: Update currentActivityStage to RESUMED, currentActivity=androidx.fragment.app.testing.FragmentScenario$EmptyFragmentActivity@db42093
10-20 12:36:40.772  3315  3315 V ActivityScenario: Update currentActivityStage to RESUMED, currentActivity=androidx.fragment.app.testing.FragmentScenario$EmptyFragmentActivity@db42093
10-20 12:36:40.772  3315  3315 V ActivityScenario: Update currentActivityStage to RESUMED, currentActivity=androidx.fragment.app.testing.FragmentScenario$EmptyFragmentActivity@db42093
10-20 12:36:40.772  3315  3315 V ActivityScenario: Update currentActivityStage to RESUMED, currentActivity=androidx.fragment.app.testing.FragmentScenario$EmptyFragmentActivity@db42093
10-20 12:36:40.772  3315  3315 V ActivityScenario: Update currentActivityStage to RESUMED, currentActivity=androidx.fragment.app.testing.FragmentScenario$EmptyFragmentActivity@db42093
10-20 12:36:40.772  3315  3315 V ActivityScenario: Update currentActivityStage to RESUMED, currentActivity=androidx.fragment.app.testing.FragmentScenario$EmptyFragmentActivity@db42093
10-20 12:36:40.777  1101  1101 I Wear_Controller: Wearable module requires a companion app to be installed.
10-20 12:36:40.778  1101  1101 I WearableService: onCreate: Wearable Services not starting. Wear is not available on this device.
10-20 12:36:40.792   407   407 W SurfaceFlinger: couldn't log to binary event log: overflow.
10-20 12:36:40.795  2327  2327 I Finsky  : [2] xnh.run(10): Detected restoreservicev2://recovery not needed, will not run
10-20 12:36:40.795  2923  4166 V NativeCrypto: Registering com/google/android/gms/org/conscrypt/NativeCrypto's 294 native methods...
10-20 12:36:40.799   362   404 D goldfish-address-space: claimShared: Ask to claim region [0x3f73e4000 0x3f7bcd000]
10-20 12:36:40.805   362   404 D goldfish-address-space: claimShared: Ask to claim region [0x3f8000000 0x3f87e9000]
10-20 12:36:40.807   362   404 D goldfish-address-space: claimShared: Ask to claim region [0x3fa13b000 0x3fa924000]
10-20 12:36:40.816  2923  4166 I ProviderInstaller: Installed default security provider GmsCore_OpenSSL
10-20 12:36:40.822  1101  1660 E atwd    : Phenotype API error. Event # cngu@af6f2b60, EventCode: 32 [CONTEXT service_id=51 ]
10-20 12:36:40.822  1101  1660 E atwd    : atvi: 29503
10-20 12:36:40.822  1101  1660 E atwd    : 	at atxi.e(:com.google.android.gms@212423056@21.24.23 (190800-396046673):19)
10-20 12:36:40.822  1101  1660 E atwd    : 	at atwd.d(:com.google.android.gms@212423056@21.24.23 (190800-396046673):4)
10-20 12:36:40.822  1101  1660 E atwd    : 	at atwd.f(:com.google.android.gms@212423056@21.24.23 (190800-396046673):2)
10-20 12:36:40.822  1101  1660 E atwd    : 	at acvu.run(:com.google.android.gms@212423056@21.24.23 (190800-396046673):17)
10-20 12:36:40.822  1101  1660 E atwd    : 	at bvgk.run(:com.google.android.gms@212423056@21.24.23 (190800-396046673):2)
10-20 12:36:40.822  1101  1660 E atwd    : 	at ubg.c(:com.google.android.gms@212423056@21.24.23 (190800-396046673):6)
10-20 12:36:40.822  1101  1660 E atwd    : 	at ubg.run(:com.google.android.gms@212423056@21.24.23 (190800-396046673):8)
10-20 12:36:40.822  1101  1660 E atwd    : 	at java.util.concurrent.ThreadPoolExecutor.runWorker(ThreadPoolExecutor.java:1167)
10-20 12:36:40.822  1101  1660 E atwd    : 	at java.util.concurrent.ThreadPoolExecutor$Worker.run(ThreadPoolExecutor.java:641)
10-20 12:36:40.822  1101  1660 E atwd    : 	at uhc.run(:com.google.android.gms@212423056@21.24.23 (190800-396046673):0)
10-20 12:36:40.822  1101  1660 E atwd    : 	at java.lang.Thread.run(Thread.java:920)
10-20 12:36:40.822  1101  1660 E AsyncOperation: operation=SetAppSpecificPropertiesOperationCall, opStatusCode=29503 [CONTEXT service_id=51 ]
10-20 12:36:40.822  1101  1660 E AsyncOperation: OperationException[Status{statusCode=unknown status code: 29503, resolution=null}]
10-20 12:36:40.822  1101  1660 E AsyncOperation: 	at atwd.d(:com.google.android.gms@212423056@21.24.23 (190800-396046673):6)
10-20 12:36:40.822  1101  1660 E AsyncOperation: 	at atwd.f(:com.google.android.gms@212423056@21.24.23 (190800-396046673):2)
10-20 12:36:40.822  1101  1660 E AsyncOperation: 	at acvu.run(:com.google.android.gms@212423056@21.24.23 (190800-396046673):17)
10-20 12:36:40.822  1101  1660 E AsyncOperation: 	at bvgk.run(:com.google.android.gms@212423056@21.24.23 (190800-396046673):2)
10-20 12:36:40.822  1101  1660 E AsyncOperation: 	at ubg.c(:com.google.android.gms@212423056@21.24.23 (190800-396046673):6)
10-20 12:36:40.822  1101  1660 E AsyncOperation: 	at ubg.run(:com.google.android.gms@212423056@21.24.23 (190800-396046673):8)
10-20 12:36:40.822  1101  1660 E AsyncOperation: 	at java.util.concurrent.ThreadPoolExecutor.runWorker(ThreadPoolExecutor.java:1167)
10-20 12:36:40.822  1101  1660 E AsyncOperation: 	at java.util.concurrent.ThreadPoolExecutor$Worker.run(ThreadPoolExecutor.java:641)
10-20 12:36:40.822  1101  1660 E AsyncOperation: 	at uhc.run(:com.google.android.gms@212423056@21.24.23 (190800-396046673):0)
10-20 12:36:40.822  1101  1660 E AsyncOperation: 	at java.lang.Thread.run(Thread.java:920)
10-20 12:36:40.825   407   407 W SurfaceFlinger: couldn't log to binary event log: overflow.
10-20 12:36:40.851  1101  1660 E atwd    : Phenotype API error. Event # cngu@d91668b2, EventCode: 32 [CONTEXT service_id=51 ]
10-20 12:36:40.851  1101  1660 E atwd    : atvi: 29503
10-20 12:36:40.851  1101  1660 E atwd    : 	at atxi.e(:com.google.android.gms@212423056@21.24.23 (190800-396046673):19)
10-20 12:36:40.851  1101  1660 E atwd    : 	at atwd.d(:com.google.android.gms@212423056@21.24.23 (190800-396046673):4)
10-20 12:36:40.851  1101  1660 E atwd    : 	at atwd.f(:com.google.android.gms@212423056@21.24.23 (190800-396046673):2)
10-20 12:36:40.851  1101  1660 E atwd    : 	at acvu.run(:com.google.android.gms@212423056@21.24.23 (190800-396046673):17)
10-20 12:36:40.851  1101  1660 E atwd    : 	at bvgk.run(:com.google.android.gms@212423056@21.24.23 (190800-396046673):2)
10-20 12:36:40.851  1101  1660 E atwd    : 	at ubg.c(:com.google.android.gms@212423056@21.24.23 (190800-396046673):6)
10-20 12:36:40.851  1101  1660 E atwd    : 	at ubg.run(:com.google.android.gms@212423056@21.24.23 (190800-396046673):8)
10-20 12:36:40.851  1101  1660 E atwd    : 	at java.util.concurrent.ThreadPoolExecutor.runWorker(ThreadPoolExecutor.java:1167)
10-20 12:36:40.851  1101  1660 E atwd    : 	at java.util.concurrent.ThreadPoolExecutor$Worker.run(ThreadPoolExecutor.java:641)
10-20 12:36:40.851  1101  1660 E atwd    : 	at uhc.run(:com.google.android.gms@212423056@21.24.23 (190800-396046673):0)
10-20 12:36:40.851  1101  1660 E atwd    : 	at java.lang.Thread.run(Thread.java:920)
10-20 12:36:40.851  1101  1660 E AsyncOperation: operation=SetAppSpecificPropertiesOperationCall, opStatusCode=29503 [CONTEXT service_id=51 ]
10-20 12:36:40.851  1101  1660 E AsyncOperation: OperationException[Status{statusCode=unknown status code: 29503, resolution=null}]
10-20 12:36:40.851  1101  1660 E AsyncOperation: 	at atwd.d(:com.google.android.gms@212423056@21.24.23 (190800-396046673):6)
10-20 12:36:40.851  1101  1660 E AsyncOperation: 	at atwd.f(:com.google.android.gms@212423056@21.24.23 (190800-396046673):2)
10-20 12:36:40.851  1101  1660 E AsyncOperation: 	at acvu.run(:com.google.android.gms@212423056@21.24.23 (190800-396046673):17)
10-20 12:36:40.851  1101  1660 E AsyncOperation: 	at bvgk.run(:com.google.android.gms@212423056@21.24.23 (190800-396046673):2)
10-20 12:36:40.851  1101  1660 E AsyncOperation: 	at ubg.c(:com.google.android.gms@212423056@21.24.23 (190800-396046673):6)
10-20 12:36:40.851  1101  1660 E AsyncOperation: 	at ubg.run(:com.google.android.gms@212423056@21.24.23 (190800-396046673):8)
10-20 12:36:40.851  1101  1660 E AsyncOperation: 	at java.util.concurrent.ThreadPoolExecutor.runWorker(ThreadPoolExecutor.java:1167)
10-20 12:36:40.851  1101  1660 E AsyncOperation: 	at java.util.concurrent.ThreadPoolExecutor$Worker.run(ThreadPoolExecutor.java:641)
10-20 12:36:40.851  1101  1660 E AsyncOperation: 	at uhc.run(:com.google.android.gms@212423056@21.24.23 (190800-396046673):0)
10-20 12:36:40.851  1101  1660 E AsyncOperation: 	at java.lang.Thread.run(Thread.java:920)
10-20 12:36:40.886  1101  1516 W WearableService: onGetService: Wear is not available on this device.
10-20 12:36:40.905  3315  3315 I ViewInteraction: Performing 'single click' action on view view.getId() is <2131230842/com.example.lunchtray:id/cancel_button>
10-20 12:36:40.921  4026  4127 E PlayCommon: [48] alhq.<init>(8): Failed to restore PlayMetalog
10-20 12:36:40.922  4026  4127 E PlayCommon: [48] alhq.<init>(11): Failed to restore LogsUploadAttempt
10-20 12:36:40.927  1279  1279 I GoogleInputMethodService: GoogleInputMethodService.onFinishInput():3420
10-20 12:36:40.928  1279  1279 I GoogleInputMethodService: GoogleInputMethodService.onStartInput():2002
10-20 12:36:40.931  1279  1279 I DeviceUnlockedTag: DeviceUnlockedTag.notifyDeviceLockStatusChanged():31 Notify device unlocked.
10-20 12:36:40.947  1701  4037 D DownloadManager: [1] Finished with status SUCCESS
10-20 12:36:41.020  2098  2098 I Dialer  : TaskSchedulerJobService - starting 1
10-20 12:36:41.020  2098  2098 I Dialer  : VvmTaskExecutor - onStartJob
10-20 12:36:41.022  2098  2098 I Dialer  : Task.createTask - create task:com.android.voicemail.impl.ActivationTask
10-20 12:36:41.023  2098  4206 I Dialer  : VvmTaskExecutor - executing task com.android.voicemail.impl.ActivationTask@1216a95
10-20 12:36:41.037  2098  4206 I Dialer  : PreOMigrationHandler - migrating ComponentInfo{com.android.phone/com.android.services.telephony.TelephonyConnectionService}, ***, UserHandle{0}
10-20 12:36:41.037  2327  3446 I Finsky  : [99] alju.c(2): registerListener
10-20 12:36:41.037  2098  4206 I Dialer  : PreOMigrationHandler.migrateSettings - migrating settings
10-20 12:36:41.037  2327  3446 I Finsky  : [99] kqk.g(1): getDownloads()
10-20 12:36:41.039  1296  1397 I WM-WorkerWrapper: Worker result SUCCESS for Work [ id=8835057c-9fb7-4b00-98ad-285c89f55f4e, tags={ com.google.apps.tiktok.contrib.work.TikTokListenableWorker, TikTokWorker#com.google.android.apps.wellbeing.fences.FenceRecovery } ]
10-20 12:36:41.046  2404  2404 I BgTaskExecutorImpl: Starting EXCLUSIVE background task FETCH_LOCATION_REPORTING_STATE.
10-20 12:36:41.053  1171  1227 W Conscrypt: Could not set socket write timeout: java.net.SocketException: Socket closed
10-20 12:36:41.053  1171  1227 W Conscrypt: 	at com.google.android.gms.org.conscrypt.Platform.setSocketWriteTimeout(:com.google.android.gms@212423056@21.24.23 (190800-396046673):2)
10-20 12:36:41.053  1171  1227 W Conscrypt: 	at com.google.android.gms.org.conscrypt.ConscryptFileDescriptorSocket.setSoWriteTimeout(:com.google.android.gms@212423056@21.24.23 (190800-396046673):0)
10-20 12:36:41.060  4004  4004 I SetupWizard: [bsu] [logReason:Get Notification Priority, UserDismissed: false, PersonalizationComplete: false, DPEnable: false, DPExisted: false, DPComplete: false, DAHPActions: 2, DAMPActions:3 , DAPAReason:Just a few more steps]
10-20 12:36:41.088  1101  1660 I atxs    : Scheduling Phenotype for a PhenotypeSyncImmediately(6, com.google.android.libraries.notifications.platform#com.google.android.apps.docs) one off with window [1, 2] in seconds [CONTEXT service_id=51 ]
10-20 12:36:41.092  2923  3027 I BugleJobs: Change in transaction is observed. Queues work item. [CONTEXT operation="UPDATE" table_type=3 item_id="2" ]
10-20 12:36:41.095  2327  2327 V ServiceBinding: notify bound - notifying
10-20 12:36:41.095  2327  3446 I Finsky  : [99] zf.run(7): Initialized AssetModuleDownloader.
10-20 12:36:41.095  3478  3492 D AndroidServiceServer: host binder handling transaction 1 (0x1)
10-20 12:36:41.095  2923  3027 I BugleSearch: Queues icing index update work item. [CONTEXT class_name="IcingIndexUpdateHandlerScheduler" ]
10-20 12:36:41.096  2327  3552 V Inbound : aovp[SfxA=false/De=INITIALIZED/Msg=false/Lis=true].deliver DONE (0 deliveries)
10-20 12:36:41.097  2327  3552 V Outbound: aowa[S=INITIAL/NDM=0].send()
10-20 12:36:41.097  2327  3552 V Outbound: sendTransaction(aowa[S=SUFFIX_SENT/NDM=1]): 172 bytes
10-20 12:36:41.097  2327  3552 V Outbound: aowa[S=SUFFIX_SENT/NDM=1].send() DONE (sent something 1 times)
10-20 12:36:41.098  3478  3492 V Inbound : aovq[SfxA=false/De=UNINITIALIZED/Msg=false/Lis=false].handleTransaction(172 bytes)
10-20 12:36:41.098  3478  3492 V Inbound : handleTransaction: F0x17 index=0 Pfx=TRUE Msg=TRUE Sfx=TRUE
10-20 12:36:41.099  3478  3492 V Inbound : aovq[SfxA=true/De=PREFIX_DELIVERED/Msg=true/Lis=true].deliver DONE (0 deliveries)
10-20 12:36:41.099  3478  3553 V Inbound : aovq[SfxA=true/De=PREFIX_DELIVERED/Msg=true/Lis=true].deliver DONE (1 deliveries)
10-20 12:36:41.099  3478  3553 V Inbound : aovq[SfxA=true/De=SUFFIX_DELIVERED/Msg=false/Lis=true].deliver DONE (1 deliveries)
10-20 12:36:41.099  3478  3553 I Finsky:download_service: [46] klz.f(1): getDownloads()
10-20 12:36:41.114   530  3560 W InputManager-JNI: Input channel object '6722237 Splash Screen com.example.lunchtray (client)' was disposed without first being removed with the input manager!
10-20 12:36:41.117   344   344 I Zygote  : Process 3786 exited due to signal 9 (Killed)
10-20 12:36:41.118  3478  3550 V Outbound: aowb[S=INITIAL/NDM=0].send()
10-20 12:36:41.119  3478  3550 V Outbound: sendTransaction(aowb[S=SUFFIX_SENT/NDM=1]): 68 bytes
10-20 12:36:41.119  3478  3550 V Outbound: aowb[S=SUFFIX_SENT/NDM=1].send() DONE (sent something 1 times)
10-20 12:36:41.119  2327  2355 V Inbound : aovp[SfxA=false/De=INITIALIZED/Msg=false/Lis=true].handleTransaction(68 bytes)
10-20 12:36:41.120  2327  2355 V Inbound : handleTransaction: F0x7 index=0 Pfx=TRUE Msg=TRUE Sfx=TRUE
10-20 12:36:41.120  2327  2355 V Inbound : aovp[SfxA=true/De=PREFIX_DELIVERED/Msg=true/Lis=true].deliver DONE (1 deliveries)
10-20 12:36:41.121  2327  3552 V Inbound : aovp[SfxA=true/De=CLOSED/Msg=false/Lis=true].deliver DONE (1 deliveries)
10-20 12:36:41.150   530   579 I libprocessgroup: Successfully killed process cgroup uid 10100 pid 3786 in 43ms
10-20 12:36:41.151  1171  1227 W Conscrypt: Could not set socket write timeout: java.net.SocketException: Socket closed
10-20 12:36:41.151  1171  1227 W Conscrypt: 	at com.google.android.gms.org.conscrypt.Platform.setSocketWriteTimeout(:com.google.android.gms@212423056@21.24.23 (190800-396046673):2)
10-20 12:36:41.151  1171  1227 W Conscrypt: 	at com.google.android.gms.org.conscrypt.ConscryptFileDescriptorSocket.setSoWriteTimeout(:com.google.android.gms@212423056@21.24.23 (190800-396046673):0)
10-20 12:36:41.162   773   773 V MediaPlayerList: mPackageChangedBroadcastReceiver: action: android.intent.action.PACKAGE_CHANGED
10-20 12:36:41.162   773   773 D MediaPlayerList: Name of package changed: com.google.android.settings.intelligence
10-20 12:36:41.173  1101  1660 I atyb    : Removed 0 invalid users [CONTEXT service_id=51 ]
10-20 12:36:41.185  3315  3354 I TestRunner: finished: navigate_to_start_order_from_side_menu(com.example.lunchtray.NavigationTests)
