10-20 12:36:45.883  3315  3315 V ActivityScenario: Activity lifecycle changed event received but ignored because the intent does not match. startActivityIntent=Intent { act=android.intent.action.MAIN cat=[android.intent.category.LAUNCHER] cmp=com.example.lunchtray/androidx.fragment.app.testing.FragmentScenario$EmptyFragmentActivity (has extras) }, activity.getIntent()=Intent { act=android.intent.action.MAIN cat=[android.intent.category.LAUNCHER] cmp=com.example.lunchtray/.MainActivity }, activity=com.example.lunchtray.MainActivity@843c240
10-20 12:36:45.883  3315  3315 V ActivityScenario: Activity lifecycle changed event received but ignored because the intent does not match. startActivityIntent=Intent { act=android.intent.action.MAIN cat=[android.intent.category.LAUNCHER] cmp=com.example.lunchtray/androidx.fragment.app.testing.FragmentScenario$EmptyFragmentActivity (has extras) }, activity.getIntent()=Intent { act=android.intent.action.MAIN cat=[android.intent.category.LAUNCHER] cmp=com.example.lunchtray/.MainActivity }, activity=com.example.lunchtray.MainActivity@843c240
10-20 12:36:45.883  3315  3315 V ActivityScenario: Activity lifecycle changed event received but ignored because the intent does not match. startActivityIntent=Intent { act=android.intent.action.MAIN cat=[android.intent.category.LAUNCHER] cmp=com.example.lunchtray/androidx.fragment.app.testing.FragmentScenario$EmptyFragmentActivity (has extras) }, activity.getIntent()=Intent { act=android.intent.action.MAIN cat=[android.intent.category.LAUNCHER] cmp=com.example.lunchtray/.MainActivity }, activity=com.example.lunchtray.MainActivity@843c240
10-20 12:36:45.883  3315  3315 V ActivityScenario: Activity lifecycle changed event received but ignored because the intent does not match. startActivityIntent=Intent { act=android.intent.action.MAIN cat=[android.intent.category.LAUNCHER] cmp=com.example.lunchtray/androidx.fragment.app.testing.FragmentScenario$EmptyFragmentActivity (has extras) }, activity.getIntent()=Intent { act=android.intent.action.MAIN cat=[android.intent.category.LAUNCHER] cmp=com.example.lunchtray/.MainActivity }, activity=com.example.lunchtray.MainActivity@843c240
10-20 12:36:45.883  3315  3315 V ActivityScenario: Activity lifecycle changed event received but ignored because the reported transition was not ON_CREATE while the last known transition was PRE_ON_CREATE
10-20 12:36:45.925  1171  4215 I Icing   : Indexing com.google.android.gms-apps from com.google.android.gms
10-20 12:36:45.926  1171  4215 I Icing   : Indexing done com.google.android.gms-apps
10-20 12:36:45.936  4540  4540 D CompatibilityChangeReporter: Compat change id reported: 160794467; UID 10114; state: ENABLED
10-20 12:36:45.943  1101  1101 D BoundBrokerSvc: onBind: Intent { act=com.google.android.gms.clearcut.bootcount.service.START pkg=com.google.android.gms }
10-20 12:36:45.943  1101  1101 D BoundBrokerSvc: Loading bound service for intent: Intent { act=com.google.android.gms.clearcut.bootcount.service.START pkg=com.google.android.gms }
10-20 12:36:45.947  2923  2980 I BugleJobs: GenericWorkerQueueAction: Work found
10-20 12:36:45.964  2923  2976 I BugleJobs: GenericWorkerQueueAction: Rescheduling immediately to continue processing since we didn't yet reach the end.
10-20 12:36:45.981  4540  4540 W Settings: Setting device_provisioned has moved from android.provider.Settings.System to android.provider.Settings.Global, returning read-only value.
10-20 12:36:45.981  4540  4576 D libEGL  : loaded /vendor/lib64/egl/libEGL_emulation.so
10-20 12:36:45.984  4540  4577 W Settings: Setting device_provisioned has moved from android.provider.Settings.System to android.provider.Settings.Global, returning read-only value.
10-20 12:36:45.985  4540  4540 W Settings: Setting device_provisioned has moved from android.provider.Settings.System to android.provider.Settings.Global, returning read-only value.
10-20 12:36:45.986  4540  4577 W Settings: Setting device_provisioned has moved from android.provider.Settings.System to android.provider.Settings.Global, returning read-only value.
10-20 12:36:45.986  4540  4540 W Settings: Setting device_provisioned has moved from android.provider.Settings.System to android.provider.Settings.Global, returning read-only value.
10-20 12:36:45.996  4540  4576 D libEGL  : loaded /vendor/lib64/egl/libGLESv1_CM_emulation.so
10-20 12:36:46.003  4540  4576 D libEGL  : loaded /vendor/lib64/egl/libGLESv2_emulation.so
10-20 12:36:46.008  2923  2980 I BugleJobs: GenericWorkerQueueAction: Bailing early, no work found, no failed work found
10-20 12:36:46.021  4540  4576 D HostConnection: createUnique: call
10-20 12:36:46.022  4540  4576 D HostConnection: HostConnection::get() New Host Connection established 0x703ab789cd50, tid 4576
10-20 12:36:46.025  3315  3315 W ample.lunchtra: Accessing hidden method Landroid/view/View;->computeFitSystemWindows(Landroid/graphics/Rect;Landroid/graphics/Rect;)Z (unsupported, reflection, allowed)
10-20 12:36:46.028  3315  3315 W ample.lunchtra: Accessing hidden method Landroid/view/ViewGroup;->makeOptionalFitsSystemWindows()V (unsupported, reflection, allowed)
10-20 12:36:46.045  4540  4576 D HostConnection: HostComposition ext ANDROID_EMU_CHECKSUM_HELPER_v1 ANDROID_EMU_native_sync_v2 ANDROID_EMU_native_sync_v3 ANDROID_EMU_native_sync_v4 ANDROID_EMU_dma_v1 ANDROID_EMU_direct_mem ANDROID_EMU_vulkan ANDROID_EMU_deferred_vulkan_commands ANDROID_EMU_vulkan_null_optional_strings ANDROID_EMU_vulkan_create_resources_with_requirements ANDROID_EMU_YUV_Cache ANDROID_EMU_vulkan_ignored_handles ANDROID_EMU_has_shared_slots_host_memory_allocator ANDROID_EMU_vulkan_free_memory_sync ANDROID_EMU_vulkan_shader_float16_int8 ANDROID_EMU_vulkan_async_queue_submit ANDROID_EMU_vulkan_queue_submit_with_commands ANDROID_EMU_sync_buffer_data ANDROID_EMU_vulkan_async_qsri ANDROID_EMU_read_color_buffer_dma GL_OES_EGL_image_external_essl3 GL_OES_vertex_array_object GL_KHR_texture_compression_astc_ldr ANDROID_EMU_host_side_tracing ANDROID_EMU_gles_max_version_3_0
10-20 12:36:46.052  3315  3315 D LifecycleMonitor: Lifecycle status change: com.example.lunchtray.MainActivity@843c240 in: CREATED
10-20 12:36:46.052  3315  3315 V ActivityScenario: Activity lifecycle changed event received but ignored because the intent does not match. startActivityIntent=Intent { act=android.intent.action.MAIN cat=[android.intent.category.LAUNCHER] cmp=com.example.lunchtray/androidx.fragment.app.testing.FragmentScenario$EmptyFragmentActivity (has extras) }, activity.getIntent()=Intent { act=android.intent.action.MAIN cat=[android.intent.category.LAUNCHER] cmp=com.example.lunchtray/.MainActivity }, activity=com.example.lunchtray.MainActivity@843c240
10-20 12:36:46.052  3315  3315 V ActivityScenario: Activity lifecycle changed event received but ignored because the intent does not match. startActivityIntent=Intent { act=android.intent.action.MAIN cat=[android.intent.category.LAUNCHER] cmp=com.example.lunchtray/androidx.fragment.app.testing.FragmentScenario$EmptyFragmentActivity (has extras) }, activity.getIntent()=Intent { act=android.intent.action.MAIN cat=[android.intent.category.LAUNCHER] cmp=com.example.lunchtray/.MainActivity }, activity=com.example.lunchtray.MainActivity@843c240
10-20 12:36:46.052  3315  3315 V ActivityScenario: Activity lifecycle changed event received but ignored because the intent does not match. startActivityIntent=Intent { act=android.intent.action.MAIN cat=[android.intent.category.LAUNCHER] cmp=com.example.lunchtray/androidx.fragment.app.testing.FragmentScenario$EmptyFragmentActivity (has extras) }, activity.getIntent()=Intent { act=android.intent.action.MAIN cat=[android.intent.category.LAUNCHER] cmp=com.example.lunchtray/.MainActivity }, activity=com.example.lunchtray.MainActivity@843c240
10-20 12:36:46.052  3315  3315 V ActivityScenario: Activity lifecycle changed event received but ignored because the intent does not match. startActivityIntent=Intent { act=android.intent.action.MAIN cat=[android.intent.category.LAUNCHER] cmp=com.example.lunchtray/androidx.fragment.app.testing.FragmentScenario$EmptyFragmentActivity (has extras) }, activity.getIntent()=Intent { act=android.intent.action.MAIN cat=[android.intent.category.LAUNCHER] cmp=com.example.lunchtray/.MainActivity }, activity=com.example.lunchtray.MainActivity@843c240
10-20 12:36:46.052  3315  3315 V ActivityScenario: Activity lifecycle changed event received but ignored because the intent does not match. startActivityIntent=Intent { act=android.intent.action.MAIN cat=[android.intent.category.LAUNCHER] cmp=com.example.lunchtray/androidx.fragment.app.testing.FragmentScenario$EmptyFragmentActivity (has extras) }, activity.getIntent()=Intent { act=android.intent.action.MAIN cat=[android.intent.category.LAUNCHER] cmp=com.example.lunchtray/.MainActivity }, activity=com.example.lunchtray.MainActivity@843c240
10-20 12:36:46.052  3315  3315 V ActivityScenario: Activity lifecycle changed event received but ignored because the intent does not match. startActivityIntent=Intent { act=android.intent.action.MAIN cat=[android.intent.category.LAUNCHER] cmp=com.example.lunchtray/androidx.fragment.app.testing.FragmentScenario$EmptyFragmentActivity (has extras) }, activity.getIntent()=Intent { act=android.intent.action.MAIN cat=[android.intent.category.LAUNCHER] cmp=com.example.lunchtray/.MainActivity }, activity=com.example.lunchtray.MainActivity@843c240
10-20 12:36:46.052  3315  3315 V ActivityScenario: Activity lifecycle changed event received but ignored because the intent does not match. startActivityIntent=Intent { act=android.intent.action.MAIN cat=[android.intent.category.LAUNCHER] cmp=com.example.lunchtray/androidx.fragment.app.testing.FragmentScenario$EmptyFragmentActivity (has extras) }, activity.getIntent()=Intent { act=android.intent.action.MAIN cat=[android.intent.category.LAUNCHER] cmp=com.example.lunchtray/.MainActivity }, activity=com.example.lunchtray.MainActivity@843c240
10-20 12:36:46.052  3315  3315 V ActivityScenario: Activity lifecycle changed event received but ignored because the intent does not match. startActivityIntent=Intent { act=android.intent.action.MAIN cat=[android.intent.category.LAUNCHER] cmp=com.example.lunchtray/androidx.fragment.app.testing.FragmentScenario$EmptyFragmentActivity (has extras) }, activity.getIntent()=Intent { act=android.intent.action.MAIN cat=[android.intent.category.LAUNCHER] cmp=com.example.lunchtray/.MainActivity }, activity=com.example.lunchtray.MainActivity@843c240
10-20 12:36:46.052  3315  3315 V ActivityScenario: Activity lifecycle changed event received but ignored because the intent does not match. startActivityIntent=Intent { act=android.intent.action.MAIN cat=[android.intent.category.LAUNCHER] cmp=com.example.lunchtray/androidx.fragment.app.testing.FragmentScenario$EmptyFragmentActivity (has extras) }, activity.getIntent()=Intent { act=android.intent.action.MAIN cat=[android.intent.category.LAUNCHER] cmp=com.example.lunchtray/.MainActivity }, activity=com.example.lunchtray.MainActivity@843c240
10-20 12:36:46.052  3315  3315 V ActivityScenario: Activity lifecycle changed event received but ignored because the intent does not match. startActivityIntent=Intent { act=android.intent.action.MAIN cat=[android.intent.category.LAUNCHER] cmp=com.example.lunchtray/androidx.fragment.app.testing.FragmentScenario$EmptyFragmentActivity (has extras) }, activity.getIntent()=Intent { act=android.intent.action.MAIN cat=[android.intent.category.LAUNCHER] cmp=com.example.lunchtray/.MainActivity }, activity=com.example.lunchtray.MainActivity@843c240
10-20 12:36:46.052  3315  3315 V ActivityScenario: Activity lifecycle changed event received but ignored because the intent does not match. startActivityIntent=Intent { act=android.intent.action.MAIN cat=[android.intent.category.LAUNCHER] cmp=com.example.lunchtray/androidx.fragment.app.testing.FragmentScenario$EmptyFragmentActivity (has extras) }, activity.getIntent()=Intent { act=android.intent.action.MAIN cat=[android.intent.category.LAUNCHER] cmp=com.example.lunchtray/.MainActivity }, activity=com.example.lunchtray.MainActivity@843c240
10-20 12:36:46.052  3315  3315 V ActivityScenario: Activity lifecycle changed event received but ignored because the intent does not match. startActivityIntent=Intent { act=android.intent.action.MAIN cat=[android.intent.category.LAUNCHER] cmp=com.example.lunchtray/androidx.fragment.app.testing.FragmentScenario$EmptyFragmentActivity (has extras) }, activity.getIntent()=Intent { act=android.intent.action.MAIN cat=[android.intent.category.LAUNCHER] cmp=com.example.lunchtray/.MainActivity }, activity=com.example.lunchtray.MainActivity@843c240
10-20 12:36:46.052  3315  3315 V ActivityScenario: Update currentActivityStage to CREATED, currentActivity=com.example.lunchtray.MainActivity@843c240
10-20 12:36:46.060   199   199 I hwservicemanager: getTransport: Cannot find entry android.hardware.configstore@1.0::ISurfaceFlingerConfigs/default in either framework or device VINTF manifest.
10-20 12:36:46.068  4540  4576 D EGL_emulation: eglCreateContext: 0x703ab789bb50: maj 3 min 0 rcv 3
10-20 12:36:46.100  4540  4576 D EGL_emulation: eglMakeCurrent: 0x703ab789bb50: ver 3 0 (tinfo 0x703ccdd07080) (first time)
10-20 12:36:46.116  3315  3315 D LifecycleMonitor: Lifecycle status change: com.example.lunchtray.MainActivity@843c240 in: STARTED
10-20 12:36:46.116  3315  3315 V ActivityScenario: Activity lifecycle changed event received but ignored because the intent does not match. startActivityIntent=Intent { act=android.intent.action.MAIN cat=[android.intent.category.LAUNCHER] cmp=com.example.lunchtray/androidx.fragment.app.testing.FragmentScenario$EmptyFragmentActivity (has extras) }, activity.getIntent()=Intent { act=android.intent.action.MAIN cat=[android.intent.category.LAUNCHER] cmp=com.example.lunchtray/.MainActivity }, activity=com.example.lunchtray.MainActivity@843c240
10-20 12:36:46.116  3315  3315 V ActivityScenario: Activity lifecycle changed event received but ignored because the intent does not match. startActivityIntent=Intent { act=android.intent.action.MAIN cat=[android.intent.category.LAUNCHER] cmp=com.example.lunchtray/androidx.fragment.app.testing.FragmentScenario$EmptyFragmentActivity (has extras) }, activity.getIntent()=Intent { act=android.intent.action.MAIN cat=[android.intent.category.LAUNCHER] cmp=com.example.lunchtray/.MainActivity }, activity=com.example.lunchtray.MainActivity@843c240
10-20 12:36:46.116  3315  3315 V ActivityScenario: Activity lifecycle changed event received but ignored because the intent does not match. startActivityIntent=Intent { act=android.intent.action.MAIN cat=[android.intent.category.LAUNCHER] cmp=com.example.lunchtray/androidx.fragment.app.testing.FragmentScenario$EmptyFragmentActivity (has extras) }, activity.getIntent()=Intent { act=android.intent.action.MAIN cat=[android.intent.category.LAUNCHER] cmp=com.example.lunchtray/.MainActivity }, activity=com.example.lunchtray.MainActivity@843c240
10-20 12:36:46.116  3315  3315 V ActivityScenario: Activity lifecycle changed event received but ignored because the intent does not match. startActivityIntent=Intent { act=android.intent.action.MAIN cat=[android.intent.category.LAUNCHER] cmp=com.example.lunchtray/androidx.fragment.app.testing.FragmentScenario$EmptyFragmentActivity (has extras) }, activity.getIntent()=Intent { act=android.intent.action.MAIN cat=[android.intent.category.LAUNCHER] cmp=com.example.lunchtray/.MainActivity }, activity=com.example.lunchtray.MainActivity@843c240
10-20 12:36:46.116  3315  3315 V ActivityScenario: Activity lifecycle changed event received but ignored because the intent does not match. startActivityIntent=Intent { act=android.intent.action.MAIN cat=[android.intent.category.LAUNCHER] cmp=com.example.lunchtray/androidx.fragment.app.testing.FragmentScenario$EmptyFragmentActivity (has extras) }, activity.getIntent()=Intent { act=android.intent.action.MAIN cat=[android.intent.category.LAUNCHER] cmp=com.example.lunchtray/.MainActivity }, activity=com.example.lunchtray.MainActivity@843c240
10-20 12:36:46.116  3315  3315 V ActivityScenario: Activity lifecycle changed event received but ignored because the intent does not match. startActivityIntent=Intent { act=android.intent.action.MAIN cat=[android.intent.category.LAUNCHER] cmp=com.example.lunchtray/androidx.fragment.app.testing.FragmentScenario$EmptyFragmentActivity (has extras) }, activity.getIntent()=Intent { act=android.intent.action.MAIN cat=[android.intent.category.LAUNCHER] cmp=com.example.lunchtray/.MainActivity }, activity=com.example.lunchtray.MainActivity@843c240
10-20 12:36:46.116  3315  3315 V ActivityScenario: Activity lifecycle changed event received but ignored because the intent does not match. startActivityIntent=Intent { act=android.intent.action.MAIN cat=[android.intent.category.LAUNCHER] cmp=com.example.lunchtray/androidx.fragment.app.testing.FragmentScenario$EmptyFragmentActivity (has extras) }, activity.getIntent()=Intent { act=android.intent.action.MAIN cat=[android.intent.category.LAUNCHER] cmp=com.example.lunchtray/.MainActivity }, activity=com.example.lunchtray.MainActivity@843c240
10-20 12:36:46.116  3315  3315 V ActivityScenario: Activity lifecycle changed event received but ignored because the intent does not match. startActivityIntent=Intent { act=android.intent.action.MAIN cat=[android.intent.category.LAUNCHER] cmp=com.example.lunchtray/androidx.fragment.app.testing.FragmentScenario$EmptyFragmentActivity (has extras) }, activity.getIntent()=Intent { act=android.intent.action.MAIN cat=[android.intent.category.LAUNCHER] cmp=com.example.lunchtray/.MainActivity }, activity=com.example.lunchtray.MainActivity@843c240
10-20 12:36:46.116  3315  3315 V ActivityScenario: Activity lifecycle changed event received but ignored because the intent does not match. startActivityIntent=Intent { act=android.intent.action.MAIN cat=[android.intent.category.LAUNCHER] cmp=com.example.lunchtray/androidx.fragment.app.testing.FragmentScenario$EmptyFragmentActivity (has extras) }, activity.getIntent()=Intent { act=android.intent.action.MAIN cat=[android.intent.category.LAUNCHER] cmp=com.example.lunchtray/.MainActivity }, activity=com.example.lunchtray.MainActivity@843c240
10-20 12:36:46.116  3315  3315 V ActivityScenario: Activity lifecycle changed event received but ignored because the intent does not match. startActivityIntent=Intent { act=android.intent.action.MAIN cat=[android.intent.category.LAUNCHER] cmp=com.example.lunchtray/androidx.fragment.app.testing.FragmentScenario$EmptyFragmentActivity (has extras) }, activity.getIntent()=Intent { act=android.intent.action.MAIN cat=[android.intent.category.LAUNCHER] cmp=com.example.lunchtray/.MainActivity }, activity=com.example.lunchtray.MainActivity@843c240
10-20 12:36:46.116  3315  3315 V ActivityScenario: Activity lifecycle changed event received but ignored because the intent does not match. startActivityIntent=Intent { act=android.intent.action.MAIN cat=[android.intent.category.LAUNCHER] cmp=com.example.lunchtray/androidx.fragment.app.testing.FragmentScenario$EmptyFragmentActivity (has extras) }, activity.getIntent()=Intent { act=android.intent.action.MAIN cat=[android.intent.category.LAUNCHER] cmp=com.example.lunchtray/.MainActivity }, activity=com.example.lunchtray.MainActivity@843c240
10-20 12:36:46.116  3315  3315 V ActivityScenario: Activity lifecycle changed event received but ignored because the intent does not match. startActivityIntent=Intent { act=android.intent.action.MAIN cat=[android.intent.category.LAUNCHER] cmp=com.example.lunchtray/androidx.fragment.app.testing.FragmentScenario$EmptyFragmentActivity (has extras) }, activity.getIntent()=Intent { act=android.intent.action.MAIN cat=[android.intent.category.LAUNCHER] cmp=com.example.lunchtray/.MainActivity }, activity=com.example.lunchtray.MainActivity@843c240
10-20 12:36:46.116  3315  3315 V ActivityScenario: Update currentActivityStage to STARTED, currentActivity=com.example.lunchtray.MainActivity@843c240
10-20 12:36:46.118  1171  4215 I Icing   : Indexing com.google.android.gms-apps from com.google.android.gms
10-20 12:36:46.118  3315  3315 D LifecycleMonitor: Lifecycle status change: com.example.lunchtray.MainActivity@843c240 in: RESUMED
10-20 12:36:46.118  3315  3315 V ActivityScenario: Activity lifecycle changed event received but ignored because the intent does not match. startActivityIntent=Intent { act=android.intent.action.MAIN cat=[android.intent.category.LAUNCHER] cmp=com.example.lunchtray/androidx.fragment.app.testing.FragmentScenario$EmptyFragmentActivity (has extras) }, activity.getIntent()=Intent { act=android.intent.action.MAIN cat=[android.intent.category.LAUNCHER] cmp=com.example.lunchtray/.MainActivity }, activity=com.example.lunchtray.MainActivity@843c240
10-20 12:36:46.118  3315  3315 V ActivityScenario: Activity lifecycle changed event received but ignored because the intent does not match. startActivityIntent=Intent { act=android.intent.action.MAIN cat=[android.intent.category.LAUNCHER] cmp=com.example.lunchtray/androidx.fragment.app.testing.FragmentScenario$EmptyFragmentActivity (has extras) }, activity.getIntent()=Intent { act=android.intent.action.MAIN cat=[android.intent.category.LAUNCHER] cmp=com.example.lunchtray/.MainActivity }, activity=com.example.lunchtray.MainActivity@843c240
10-20 12:36:46.118  3315  3315 V ActivityScenario: Activity lifecycle changed event received but ignored because the intent does not match. startActivityIntent=Intent { act=android.intent.action.MAIN cat=[android.intent.category.LAUNCHER] cmp=com.example.lunchtray/androidx.fragment.app.testing.FragmentScenario$EmptyFragmentActivity (has extras) }, activity.getIntent()=Intent { act=android.intent.action.MAIN cat=[android.intent.category.LAUNCHER] cmp=com.example.lunchtray/.MainActivity }, activity=com.example.lunchtray.MainActivity@843c240
10-20 12:36:46.118  1171  4215 I Icing   : Indexing done com.google.android.gms-apps
10-20 12:36:46.118  3315  3315 V ActivityScenario: Activity lifecycle changed event received but ignored because the intent does not match. startActivityIntent=Intent { act=android.intent.action.MAIN cat=[android.intent.category.LAUNCHER] cmp=com.example.lunchtray/androidx.fragment.app.testing.FragmentScenario$EmptyFragmentActivity (has extras) }, activity.getIntent()=Intent { act=android.intent.action.MAIN cat=[android.intent.category.LAUNCHER] cmp=com.example.lunchtray/.MainActivity }, activity=com.example.lunchtray.MainActivity@843c240
10-20 12:36:46.118  3315  3315 V ActivityScenario: Activity lifecycle changed event received but ignored because the intent does not match. startActivityIntent=Intent { act=android.intent.action.MAIN cat=[android.intent.category.LAUNCHER] cmp=com.example.lunchtray/androidx.fragment.app.testing.FragmentScenario$EmptyFragmentActivity (has extras) }, activity.getIntent()=Intent { act=android.intent.action.MAIN cat=[android.intent.category.LAUNCHER] cmp=com.example.lunchtray/.MainActivity }, activity=com.example.lunchtray.MainActivity@843c240
10-20 12:36:46.118  3315  3315 V ActivityScenario: Activity lifecycle changed event received but ignored because the intent does not match. startActivityIntent=Intent { act=android.intent.action.MAIN cat=[android.intent.category.LAUNCHER] cmp=com.example.lunchtray/androidx.fragment.app.testing.FragmentScenario$EmptyFragmentActivity (has extras) }, activity.getIntent()=Intent { act=android.intent.action.MAIN cat=[android.intent.category.LAUNCHER] cmp=com.example.lunchtray/.MainActivity }, activity=com.example.lunchtray.MainActivity@843c240
10-20 12:36:46.118  3315  3315 V ActivityScenario: Activity lifecycle changed event received but ignored because the intent does not match. startActivityIntent=Intent { act=android.intent.action.MAIN cat=[android.intent.category.LAUNCHER] cmp=com.example.lunchtray/androidx.fragment.app.testing.FragmentScenario$EmptyFragmentActivity (has extras) }, activity.getIntent()=Intent { act=android.intent.action.MAIN cat=[android.intent.category.LAUNCHER] cmp=com.example.lunchtray/.MainActivity }, activity=com.example.lunchtray.MainActivity@843c240
10-20 12:36:46.118  3315  3315 V ActivityScenario: Activity lifecycle changed event received but ignored because the intent does not match. startActivityIntent=Intent { act=android.intent.action.MAIN cat=[android.intent.category.LAUNCHER] cmp=com.example.lunchtray/androidx.fragment.app.testing.FragmentScenario$EmptyFragmentActivity (has extras) }, activity.getIntent()=Intent { act=android.intent.action.MAIN cat=[android.intent.category.LAUNCHER] cmp=com.example.lunchtray/.MainActivity }, activity=com.example.lunchtray.MainActivity@843c240
10-20 12:36:46.118  3315  3315 V ActivityScenario: Activity lifecycle changed event received but ignored because the intent does not match. startActivityIntent=Intent { act=android.intent.action.MAIN cat=[android.intent.category.LAUNCHER] cmp=com.example.lunchtray/androidx.fragment.app.testing.FragmentScenario$EmptyFragmentActivity (has extras) }, activity.getIntent()=Intent { act=android.intent.action.MAIN cat=[android.intent.category.LAUNCHER] cmp=com.example.lunchtray/.MainActivity }, activity=com.example.lunchtray.MainActivity@843c240
10-20 12:36:46.118  3315  3315 V ActivityScenario: Activity lifecycle changed event received but ignored because the intent does not match. startActivityIntent=Intent { act=android.intent.action.MAIN cat=[android.intent.category.LAUNCHER] cmp=com.example.lunchtray/androidx.fragment.app.testing.FragmentScenario$EmptyFragmentActivity (has extras) }, activity.getIntent()=Intent { act=android.intent.action.MAIN cat=[android.intent.category.LAUNCHER] cmp=com.example.lunchtray/.MainActivity }, activity=com.example.lunchtray.MainActivity@843c240
10-20 12:36:46.118  3315  3315 V ActivityScenario: Activity lifecycle changed event received but ignored because the intent does not match. startActivityIntent=Intent { act=android.intent.action.MAIN cat=[android.intent.category.LAUNCHER] cmp=com.example.lunchtray/androidx.fragment.app.testing.FragmentScenario$EmptyFragmentActivity (has extras) }, activity.getIntent()=Intent { act=android.intent.action.MAIN cat=[android.intent.category.LAUNCHER] cmp=com.example.lunchtray/.MainActivity }, activity=com.example.lunchtray.MainActivity@843c240
10-20 12:36:46.118  3315  3315 V ActivityScenario: Activity lifecycle changed event received but ignored because the intent does not match. startActivityIntent=Intent { act=android.intent.action.MAIN cat=[android.intent.category.LAUNCHER] cmp=com.example.lunchtray/androidx.fragment.app.testing.FragmentScenario$EmptyFragmentActivity (has extras) }, activity.getIntent()=Intent { act=android.intent.action.MAIN cat=[android.intent.category.LAUNCHER] cmp=com.example.lunchtray/.MainActivity }, activity=com.example.lunchtray.MainActivity@843c240
10-20 12:36:46.118  3315  3315 V ActivityScenario: Update currentActivityStage to RESUMED, currentActivity=com.example.lunchtray.MainActivity@843c240
10-20 12:36:46.136  1171  1186 I PeopleChimeraService: onService. callbacks = acvp@8f3336e, request = com.google.android.gms.common.internal.GetServiceRequest@e4c9a0f
10-20 12:36:46.151  3315  3315 D LifecycleMonitor: Lifecycle status change: androidx.test.core.app.InstrumentationActivityInvoker$BootstrapActivity@155e91a in: STOPPED
10-20 12:36:46.151  3315  3315 V ActivityScenario: Activity lifecycle changed event received but ignored because the intent does not match. startActivityIntent=Intent { act=android.intent.action.MAIN cat=[android.intent.category.LAUNCHER] cmp=com.example.lunchtray/androidx.fragment.app.testing.FragmentScenario$EmptyFragmentActivity (has extras) }, activity.getIntent()=Intent { act=android.intent.action.MAIN cat=[android.intent.category.LAUNCHER] flg=0x10008000 cmp=com.example.lunchtray/androidx.test.core.app.InstrumentationActivityInvoker$BootstrapActivity (has extras) }, activity=androidx.test.core.app.InstrumentationActivityInvoker$BootstrapActivity@155e91a
10-20 12:36:46.151  3315  3315 V ActivityScenario: Activity lifecycle changed event received but ignored because the intent does not match. startActivityIntent=Intent { act=android.intent.action.MAIN cat=[android.intent.category.LAUNCHER] cmp=com.example.lunchtray/androidx.fragment.app.testing.FragmentScenario$EmptyFragmentActivity (has extras) }, activity.getIntent()=Intent { act=android.intent.action.MAIN cat=[android.intent.category.LAUNCHER] flg=0x10008000 cmp=com.example.lunchtray/androidx.test.core.app.InstrumentationActivityInvoker$BootstrapActivity (has extras) }, activity=androidx.test.core.app.InstrumentationActivityInvoker$BootstrapActivity@155e91a
10-20 12:36:46.151  3315  3315 V ActivityScenario: Activity lifecycle changed event received but ignored because the intent does not match. startActivityIntent=Intent { act=android.intent.action.MAIN cat=[android.intent.category.LAUNCHER] cmp=com.example.lunchtray/androidx.fragment.app.testing.FragmentScenario$EmptyFragmentActivity (has extras) }, activity.getIntent()=Intent { act=android.intent.action.MAIN cat=[android.intent.category.LAUNCHER] flg=0x10008000 cmp=com.example.lunchtray/androidx.test.core.app.InstrumentationActivityInvoker$BootstrapActivity (has extras) }, activity=androidx.test.core.app.InstrumentationActivityInvoker$BootstrapActivity@155e91a
10-20 12:36:46.151  3315  3315 V ActivityScenario: Activity lifecycle changed event received but ignored because the intent does not match. startActivityIntent=Intent { act=android.intent.action.MAIN cat=[android.intent.category.LAUNCHER] cmp=com.example.lunchtray/androidx.fragment.app.testing.FragmentScenario$EmptyFragmentActivity (has extras) }, activity.getIntent()=Intent { act=android.intent.action.MAIN cat=[android.intent.category.LAUNCHER] flg=0x10008000 cmp=com.example.lunchtray/androidx.test.core.app.InstrumentationActivityInvoker$BootstrapActivity (has extras) }, activity=androidx.test.core.app.InstrumentationActivityInvoker$BootstrapActivity@155e91a
10-20 12:36:46.151  3315  3315 V ActivityScenario: Activity lifecycle changed event received but ignored because the intent does not match. startActivityIntent=Intent { act=android.intent.action.MAIN cat=[android.intent.category.LAUNCHER] cmp=com.example.lunchtray/androidx.fragment.app.testing.FragmentScenario$EmptyFragmentActivity (has extras) }, activity.getIntent()=Intent { act=android.intent.action.MAIN cat=[android.intent.category.LAUNCHER] flg=0x10008000 cmp=com.example.lunchtray/androidx.test.core.app.InstrumentationActivityInvoker$BootstrapActivity (has extras) }, activity=androidx.test.core.app.InstrumentationActivityInvoker$BootstrapActivity@155e91a
10-20 12:36:46.151  3315  3315 V ActivityScenario: Activity lifecycle changed event received but ignored because the intent does not match. startActivityIntent=Intent { act=android.intent.action.MAIN cat=[android.intent.category.LAUNCHER] cmp=com.example.lunchtray/androidx.fragment.app.testing.FragmentScenario$EmptyFragmentActivity (has extras) }, activity.getIntent()=Intent { act=android.intent.action.MAIN cat=[android.intent.category.LAUNCHER] flg=0x10008000 cmp=com.example.lunchtray/androidx.test.core.app.InstrumentationActivityInvoker$BootstrapActivity (has extras) }, activity=androidx.test.core.app.InstrumentationActivityInvoker$BootstrapActivity@155e91a
10-20 12:36:46.151  3315  3315 V ActivityScenario: Activity lifecycle changed event received but ignored because the intent does not match. startActivityIntent=Intent { act=android.intent.action.MAIN cat=[android.intent.category.LAUNCHER] cmp=com.example.lunchtray/androidx.fragment.app.testing.FragmentScenario$EmptyFragmentActivity (has extras) }, activity.getIntent()=Intent { act=android.intent.action.MAIN cat=[android.intent.category.LAUNCHER] flg=0x10008000 cmp=com.example.lunchtray/androidx.test.core.app.InstrumentationActivityInvoker$BootstrapActivity (has extras) }, activity=androidx.test.core.app.InstrumentationActivityInvoker$BootstrapActivity@155e91a
10-20 12:36:46.151  3315  3315 V ActivityScenario: Activity lifecycle changed event received but ignored because the intent does not match. startActivityIntent=Intent { act=android.intent.action.MAIN cat=[android.intent.category.LAUNCHER] cmp=com.example.lunchtray/androidx.fragment.app.testing.FragmentScenario$EmptyFragmentActivity (has extras) }, activity.getIntent()=Intent { act=android.intent.action.MAIN cat=[android.intent.category.LAUNCHER] flg=0x10008000 cmp=com.example.lunchtray/androidx.test.core.app.InstrumentationActivityInvoker$BootstrapActivity (has extras) }, activity=androidx.test.core.app.InstrumentationActivityInvoker$BootstrapActivity@155e91a
10-20 12:36:46.151  3315  3315 V ActivityScenario: Activity lifecycle changed event received but ignored because the intent does not match. startActivityIntent=Intent { act=android.intent.action.MAIN cat=[android.intent.category.LAUNCHER] cmp=com.example.lunchtray/androidx.fragment.app.testing.FragmentScenario$EmptyFragmentActivity (has extras) }, activity.getIntent()=Intent { act=android.intent.action.MAIN cat=[android.intent.category.LAUNCHER] flg=0x10008000 cmp=com.example.lunchtray/androidx.test.core.app.InstrumentationActivityInvoker$BootstrapActivity (has extras) }, activity=androidx.test.core.app.InstrumentationActivityInvoker$BootstrapActivity@155e91a
10-20 12:36:46.152  3315  3315 V ActivityScenario: Activity lifecycle changed event received but ignored because the intent does not match. startActivityIntent=Intent { act=android.intent.action.MAIN cat=[android.intent.category.LAUNCHER] cmp=com.example.lunchtray/androidx.fragment.app.testing.FragmentScenario$EmptyFragmentActivity (has extras) }, activity.getIntent()=Intent { act=android.intent.action.MAIN cat=[android.intent.category.LAUNCHER] flg=0x10008000 cmp=com.example.lunchtray/androidx.test.core.app.InstrumentationActivityInvoker$BootstrapActivity (has extras) }, activity=androidx.test.core.app.InstrumentationActivityInvoker$BootstrapActivity@155e91a
10-20 12:36:46.152  3315  3315 V ActivityScenario: Activity lifecycle changed event received but ignored because the intent does not match. startActivityIntent=Intent { act=android.intent.action.MAIN cat=[android.intent.category.LAUNCHER] cmp=com.example.lunchtray/androidx.fragment.app.testing.FragmentScenario$EmptyFragmentActivity (has extras) }, activity.getIntent()=Intent { act=android.intent.action.MAIN cat=[android.intent.category.LAUNCHER] flg=0x10008000 cmp=com.example.lunchtray/androidx.test.core.app.InstrumentationActivityInvoker$BootstrapActivity (has extras) }, activity=androidx.test.core.app.InstrumentationActivityInvoker$BootstrapActivity@155e91a
10-20 12:36:46.152  3315  3315 V ActivityScenario: Activity lifecycle changed event received but ignored because the intent does not match. startActivityIntent=Intent { act=android.intent.action.MAIN cat=[android.intent.category.LAUNCHER] cmp=com.example.lunchtray/androidx.fragment.app.testing.FragmentScenario$EmptyFragmentActivity (has extras) }, activity.getIntent()=Intent { act=android.intent.action.MAIN cat=[android.intent.category.LAUNCHER] flg=0x10008000 cmp=com.example.lunchtray/androidx.test.core.app.InstrumentationActivityInvoker$BootstrapActivity (has extras) }, activity=androidx.test.core.app.InstrumentationActivityInvoker$BootstrapActivity@155e91a
10-20 12:36:46.152  3315  3315 V ActivityScenario: Activity lifecycle changed event received but ignored because the intent does not match. startActivityIntent=Intent { act=android.intent.action.MAIN cat=[android.intent.category.LAUNCHER] cmp=com.example.lunchtray/.MainActivity }, activity.getIntent()=Intent { act=android.intent.action.MAIN cat=[android.intent.category.LAUNCHER] flg=0x10008000 cmp=com.example.lunchtray/androidx.test.core.app.InstrumentationActivityInvoker$BootstrapActivity (has extras) }, activity=androidx.test.core.app.InstrumentationActivityInvoker$BootstrapActivity@155e91a
10-20 12:36:46.173   362   404 D goldfish-address-space: claimShared: Ask to claim region [0x3f9421000 0x3f9c0a000]
10-20 12:36:46.183   362   404 D goldfish-address-space: claimShared: Ask to claim region [0x3fd7bb000 0x3fdfa4000]
10-20 12:36:46.184   362   404 D goldfish-address-space: claimShared: Ask to claim region [0x3fdfa4000 0x3fe78d000]
10-20 12:36:46.194  1171  4215 I Icing   : Indexing com.google.android.gms-internal.3p:MobileApplication from com.google.android.gms
10-20 12:36:46.197  1171  4215 I Icing   : Indexing done com.google.android.gms-internal.3p:MobileApplication
10-20 12:36:46.199  4540  4584 I cr_CronetLibraryLoader: Cronet version: 91.0.4472.101, arch: x86_64
10-20 12:36:46.201  1171  4215 I Icing   : Indexing com.google.android.gms-apps from com.google.android.gms
10-20 12:36:46.207  1171  4215 I Icing   : Indexing done com.google.android.gms-apps
10-20 12:36:46.207  1171  4215 I Icing   : Indexing com.google.android.gms-internal.3p:MobileApplication from com.google.android.gms
10-20 12:36:46.223   530  3508 D ConnectivityService: requestNetwork for uid/pid:10114/4540 activeRequest: null callbackRequest: 85 [NetworkRequest [ REQUEST id=86, [ Capabilities: INTERNET&NOT_RESTRICTED&TRUSTED&NOT_VCN_MANAGED Uid: 10114 RequestorUid: 10114 RequestorPkg: com.google.android.apps.maps] ]] callback flags: 0 priority: 2147483647
10-20 12:36:46.223   530   723 D ConnectivityService: NetReassign [86 : null  100]
10-20 12:36:46.231   530   723 D ConnectivityService: NetReassign [no changes]
10-20 12:36:46.232   530   716 D WifiNetworkFactory: got request NetworkRequest [ REQUEST id=86, [ Capabilities: INTERNET&NOT_RESTRICTED&TRUSTED&NOT_VCN_MANAGED Uid: 10114 RequestorUid: 10114 RequestorPkg: com.google.android.apps.maps] ]
10-20 12:36:46.232   530   716 D UntrustedWifiNetworkFactory: got request NetworkRequest [ REQUEST id=86, [ Capabilities: INTERNET&NOT_RESTRICTED&TRUSTED&NOT_VCN_MANAGED Uid: 10114 RequestorUid: 10114 RequestorPkg: com.google.android.apps.maps] ]
10-20 12:36:46.232   530   716 D OemPaidWifiNetworkFactory: got request NetworkRequest [ REQUEST id=86, [ Capabilities: INTERNET&NOT_RESTRICTED&TRUSTED&NOT_VCN_MANAGED Uid: 10114 RequestorUid: 10114 RequestorPkg: com.google.android.apps.maps] ]
10-20 12:36:46.235  1171  4215 I Icing   : Indexing done com.google.android.gms-internal.3p:MobileApplication
10-20 12:36:46.248   530   566 I ActivityTaskManager: Displayed com.example.lunchtray/.MainActivity: +420ms
10-20 12:36:46.270  1279  1279 I GoogleInputMethodService: GoogleInputMethodService.onFinishInput():3420
10-20 12:36:46.270  1279  1279 I GoogleInputMethodService: GoogleInputMethodService.onStartInput():2002
10-20 12:36:46.271  1279  1279 I DeviceUnlockedTag: DeviceUnlockedTag.notifyDeviceLockStatusChanged():31 Notify device unlocked.
10-20 12:36:46.271  1171  4214 I Icing   : Indexing com.google.android.gms-apps from com.google.android.gms
10-20 12:36:46.273  1171  4214 I Icing   : Indexing done com.google.android.gms-apps
10-20 12:36:46.295  3315  3315 I ViewInteraction: Performing 'single click' action on view view.getId() is <2131231208/com.example.lunchtray:id/start_order_btn>
10-20 12:36:46.324   407   407 W SurfaceFlinger: couldn't log to binary event log: overflow.
10-20 12:36:46.324   407   407 W SurfaceFlinger: couldn't log to binary event log: overflow.
10-20 12:36:46.332   530  2249 W ServiceManager: Permission failure: android.permission.HIGH_SAMPLING_RATE_SENSORS from uid=10114 pid=4540
10-20 12:36:46.406  1101  1229 I atxs    : Scheduling Phenotype for a PhenotypeSyncImmediately(6, com.google.android.libraries.onegoogle#com.google.android.youtube) one off with window [1, 2] in seconds [CONTEXT service_id=51 ]
10-20 12:36:46.415  1101  1229 I atyb    : Removed 0 invalid users [CONTEXT service_id=51 ]
10-20 12:36:46.434  2923  2970 I BugleRcsProvisioning: RcsProvisioningTrigger: onCsLibPhenotypeUpdated, enableProvisioningTaskInBugle = false
10-20 12:36:46.435  2923  2970 I BugleRcsProvisioning: RcsProvisioningTrigger: updateRcsAvailability : hint = CSLIB_PHENOTYPE_UPDATE
10-20 12:36:46.436  2923  2970 I Bugle   : RcsAvailabilityUtilForProvisioningEngineV2: updateAvailabilityAsync, hint: CSLIB_PHENOTYPE_UPDATE
10-20 12:36:46.436  2923  2970 I Bugle   : RcsAvailabilityUtilForProvisioningEngineV2: swapAvailabilityUpdater, provisioningTaskInBugle: false, activeRcsAvailabilityUpdater: uuy
10-20 12:36:46.436  2923  2970 I BugleRcs: RcsAvailabilityUpdaterRemote: postUpdateRcsAvailability, hint: CSLIB_PHENOTYPE_UPDATE
10-20 12:36:46.436  2923  2970 I Bugle   : RcsAvailabilityUtilForProvisioningEngineV2: onCsLibPhenotypeUpdated
10-20 12:36:46.436  2923  4018 I BugleRcs: RcsAvailabilityUpdaterRemote: updateRcsAvailability, hint: CSLIB_PHENOTYPE_UPDATE
10-20 12:36:46.438  2923  2970 I BugleRcsProvisioning: BugleSystemBindingManager: onCsLibPhenotypeUpdated
10-20 12:36:46.440  2923  2970 I BugleRcsEngine: [44] zuq.c: SystemBindingManager: force P/H Flag update scheduled and start updateBinding
10-20 12:36:46.441  2923  2970 I BugleRcsEngine: [44] ajkh.run: SystemBindingManager: SystemBinding enabled: false
10-20 12:36:46.441  2923  2970 I BugleRcsEngine: [44] ajki.b: System Binding updated
10-20 12:36:46.442  2923  4018 W BugleRcsEngine: [83] alsz.g: Carrier Services Apk was not found.
10-20 12:36:46.442  2923  4018 I BugleRcsEngine: [83] alsz.e: Cannot get service version because CS.apk was not found, not pre-loaded or disabled.
10-20 12:36:46.444  2923  4018 W BugleRcsEngine: [83] alsz.e: Service with meta data key: SignupServiceVersions is not compatible. Service Version 4 is not supported. Supported versions: []
10-20 12:36:46.446  2923  2980 W BugleRcsEngine: [49] ajnl.z: Unable to send diagnostic log
10-20 12:36:46.447  2923  4018 W BugleRcsEngine: [83] alsz.g: Carrier Services Apk was not found.
10-20 12:36:46.447  2923  4018 I BugleRcsEngine: [83] alsz.e: Cannot get service version because CS.apk was not found, not pre-loaded or disabled.
10-20 12:36:46.447  2923  4018 W BugleRcsEngine: [83] alsz.e: Service with meta data key: JibeServiceApiVersions is not compatible. Service Version 1 is not supported. Supported versions: []
10-20 12:36:46.447  2923  4018 I BugleRcsEngine: [83] alsz.c: Not using CS JibeService because it is not compatible with AM.
10-20 12:36:46.448  2923  2923 I RcsClientLib: Connecting SignupService
10-20 12:36:46.449  2923  2923 W RcsClientLib: No CS.apk RCS service found. Is RCS running in Bugle?
10-20 12:36:46.450  2923  2923 W BugleRcsEngine: [2] alsz.g: Carrier Services Apk was not found.
10-20 12:36:46.450  2923  2923 I BugleRcsEngine: [2] alsz.e: Cannot get service version because CS.apk was not found, not pre-loaded or disabled.
10-20 12:36:46.450  2923  2923 W BugleRcsEngine: [2] alsz.e: Service with meta data key: JibeServiceApiVersions is not compatible. Service Version 1 is not supported. Supported versions: []
10-20 12:36:46.450  2923  2923 I BugleRcsEngine: [2] alsz.c: Not using CS JibeService because it is not compatible with AM.
10-20 12:36:46.450  2923  2923 I RcsClientLib: shouldUseCarrierServicesJibeService: false, CarrierServices rcs service found: false
10-20 12:36:46.457  3209  3209 I BugleRcsEngine: [2] akbw.l: Reinitialize CSLib Flags: com.google.android.ims.library
10-20 12:36:46.468  3209  4615 I BugleRcsEngine: [101] ajsa.a: Creating JibeServiceComponent
10-20 12:36:46.498  3209  4615 I BugleRcsEngine: [101] alod.j: (Sim): Processing an intent
10-20 12:36:46.498  3209  4615 I BugleRcsEngine: [101] alod.w: (Sim): Ignoring duplicate SIM state: LOADED
10-20 12:36:46.498  3209  4615 I BugleRcsEngine: [101] ajre.b: Initializing Carrier Services Logging.
10-20 12:36:46.498  3209  4615 D BugleRcsEngine: log_saver already enabled
10-20 12:36:46.503   530  2658 W InputManager-JNI: Input channel object '1344264 Splash Screen com.example.lunchtray (client)' was disposed without first being removed with the input manager!
10-20 12:36:46.506  3209  4615 I BugleRcsEngine: [101] RcsEngineProxyImpl.initializeRcsEngine: RcsEngineProxy: Initializing RCS Engine.
10-20 12:36:46.513   530  1832 D WifiNl80211Manager: Scan result ready event
10-20 12:36:46.513   948  1270 D DhcpClient: Received packet: 02:15:b2:00:00:00 OFFER, ip /10.0.2.16, mask /255.255.255.0, DNS servers: /10.0.2.3 , gateways [/10.0.2.2], lease time 86400, domain null
10-20 12:36:46.513   948  1270 D DhcpClient: Received packet: 02:15:b2:00:00:00 ACK: your new IP /10.0.2.16, netmask /255.255.255.0, gateways [/10.0.2.2] DNS servers: /10.0.2.3 , lease time 86400
10-20 12:36:46.513   530  1832 D WifiNative: Scan result ready event
10-20 12:36:46.532  3209  4615 I BugleRcsEngine: [101] alod.j: (Sim): Processing an intent
10-20 12:36:46.532  3209  4615 I BugleRcsEngine: [101] alod.w: (Sim): Ignoring duplicate SIM state: LOADED
10-20 12:36:46.551  3209  4619 I BugleRcsEngine: [105] aloh.c: SIM delay is not enabled
10-20 12:36:46.555  3209  4619 I BugleRcsEngine: [105] alod.j: (Sim): Processing an intent
10-20 12:36:46.555  3209  4619 I BugleRcsEngine: [105] alod.w: (Sim): Ignoring duplicate SIM state: LOADED
10-20 12:36:46.555  3209  4615 I BugleRcsEngine: [101] ajre.b: Initializing Carrier Services Logging.
10-20 12:36:46.556  3209  4615 D BugleRcsEngine: log_saver already enabled
10-20 12:36:46.556  3209  4615 I BugleRcsEngine: [101] RcsEngineImpl.<init>: RcsEngine(DUAL_REG): Constructor running in com.google.android.apps.messaging
10-20 12:36:46.563  3209  4615 I BugleRcsEngine: [101] akua.u: ProvisioningEngineManager: onCsLibPhenotypeUpdated, provisioningTaskInBugleEnabled = false, currentProvisioningStrategy = akxp
10-20 12:36:46.565  3209  3334 I BugleRcsEngine: [65] EventHubProxy.subscribe: Adding event listener alah@120654d for category 8 with key 18900301 for hub ENGINE
10-20 12:36:46.570  1101  2708 I atxs    : Scheduling Phenotype for a PhenotypeSyncImmediately(6, com.google.android.libraries.internal.growth.growthkit#com.google.android.apps.docs) one off with window [1, 2] in seconds [CONTEXT service_id=51 ]
10-20 12:36:46.572  3209  4615 I BugleRcsEngine: [101] aktt.e: (PEv2-SM-55403086): start PEv2 [null]
10-20 12:36:46.572  3209  4615 I BugleRcsEngine: [101] alck.b: Created new RcsProvisioningProtoDataStorage for sim redacted-pii:sim_id[20-chars]
10-20 12:36:46.572  3209  4615 I BugleRcsEngine: [101] albk.o: RCS Configuration storage in Bugle is disabled by p/h flag, using ProvisioningEngineStateCacheUtil.getProvisioningConfigurationForGivenSimIfExist()
10-20 12:36:46.572  3209  4615 I BugleRcsEngine: [101] aktt.e: (PEv2-SM-55403086): start [null]
10-20 12:36:46.572  3209  4615 I BugleRcsEngine: [101] aksn.a: Sending ProvisioningEvent to Bugle [Request Bugle information (15)], no extra data
10-20 12:36:46.573  3209  4618 I BugleRcsEngine: [104] aktt.e: (PEv2-SM-55403086): Enter EnabledState [null]
10-20 12:36:46.573  3209  4615 I BugleRcsEngine: [101] alsm.b: EngineBroadcaster: Broadcasting provisioning intent com.google.android.ims.provisioning.engine.provisioningEventAction to Bugle with extras redacted-pii:[83-chars]
10-20 12:36:46.580  3209  3312 W BugleRcsEngine: [57] ajnl.z: Unable to send diagnostic log
10-20 12:36:46.586  1101  1111 I .gms.persisten: Background concurrent copying GC freed 189225(9924KB) AllocSpace objects, 38(2228KB) LOS objects, 49% free, 10MB/21MB, paused 319us,52us total 115.022ms
10-20 12:36:46.588  3209  4618 I BugleRcsEngine: [104] aktt.e: (PEv2-SM-55403086): Start a new provisioning session [7517be04-9dc7-4c9e-ba40-3851e1e858ce]
10-20 12:36:46.588  3209  4618 I BugleRcsEngine: [104] akxz.a: RcsAvailabilityManager: Calculating Rcs Availability
10-20 12:36:46.588  3209  4615 D BugleRcsEngine: log_saver already enabled
10-20 12:36:46.598  3209  4618 I BugleRcsEngine: [104] albk.b: Bugle is default SMS app: true
10-20 12:36:46.606  3209  4618 I BugleRcsEngine: [104] akxz.a: Bugle has minimum required RCS permissions: true
10-20 12:36:46.617  3209  4622 W BugleRcsEngine: [108] alod.d: (Sim): Unexpected action: android.intent.action.ACTION_DEFAULT_DATA_SUBSCRIPTION_CHANGED
10-20 12:36:46.617  2923  2923 I RcsClientLib: com.google.android.rcs.client.signup.SignupService connected
10-20 12:36:46.618  3209  4623 W BugleRcsEngine: [109] alod.d: (Sim): Unexpected action: android.intent.action.ACTION_DEFAULT_VOICE_SUBSCRIPTION_CHANGED
10-20 12:36:46.619  3209  3558 I BugleRcsEngine: [78] aloh.c: SIM delay is not enabled
10-20 12:36:46.619  3209  3558 W BugleRcsEngine: [78] alod.a: (Sim): process intent: android.intent.action.SIM_STATE_CHANGED
10-20 12:36:46.621  3209  4618 I BugleRcsEngine: [104] albk.a: Rcs is enabled from user settings: true
10-20 12:36:46.625  3209  3334 I BugleRcsEngine: [65] alsz.d: Checking if using CarrierServices.apk is possible. Enabled: true, isAtLeastM: true, runningInsideBugle: true
10-20 12:36:46.626  3209  3334 W BugleRcsEngine: [65] alsz.g: Carrier Services Apk was not found.
10-20 12:36:46.626  3209  3334 I BugleRcsEngine: [65] alsz.e: Cannot get service version because CS.apk was not found, not pre-loaded or disabled.
10-20 12:36:46.626  3209  3334 W BugleRcsEngine: [65] alsz.e: Service with meta data key: JibeServiceApiVersions is not compatible. Service Version 1 is not supported. Supported versions: []
10-20 12:36:46.626  3209  3295 I BugleRcsEngine: [54] akxz.a: RcsAvailabilityManager: Calculating Rcs Availability
10-20 12:36:46.628  3209  3334 W BugleRcsEngine: [65] ajnx.h: Unable to send RCS extension log
10-20 12:36:46.629  3315  3315 I ViewInteraction: Performing 'single click' action on view view.getId() is <2131230844/com.example.lunchtray:id/cauliflower>
10-20 12:36:46.630  3209  3334 W BugleRcsEngine: [65] akjn.run: ProvisioningEngineMetricsStorage, the wrapper class for proto data store, is null
10-20 12:36:46.632  3209  3295 I BugleRcsEngine: [54] albk.b: Bugle is default SMS app: true
