10-20 12:36:44.942   985   985 D ImsResolver: maybeAddedImsService, packageName: com.android.settings
10-20 12:36:44.942   985   985 D ImsResolver: maybeAddedImsService, packageName: com.android.traceur
10-20 12:36:44.945   985   985 D MultiSimSettingController: onCarrierConfigChanged phoneId 0 subId 1
10-20 12:36:44.945   985   985 D MultiSimSettingController: isReadyToReevaluate: subInfoInitialized=true, carrierConfigsLoaded=true
10-20 12:36:44.945   985   985 D MultiSimSettingController: updateDefaults
10-20 12:36:44.945   985   985 D MultiSimSettingController: isReadyToReevaluate: subInfoInitialized=true, carrierConfigsLoaded=true
10-20 12:36:44.949  2046  4476 D CompatibilityChangeReporter: Compat change id reported: 160794467; UID 10071; state: ENABLED
10-20 12:36:44.953  1101  4385 I Fitness : OnPackageChangedOperation got intent: Intent { act=android.intent.action.PACKAGE_CHANGED dat=package:com.google.android.calendar flg=0x45000010 pkg=com.google.android.gms cmp=com.google.android.gms/.chimera.PersistentIntentOperationService (has extras) } [CONTEXT service_id=17 ]
10-20 12:36:44.956   985   985 D MultiSimSettingController: [updateDefaultValues] change: 0
10-20 12:36:44.956   985   985 D MultiSimSettingController: isReadyToReevaluate: subInfoInitialized=true, carrierConfigsLoaded=true
10-20 12:36:44.961   803   963 W Role    : Cannot get ApplicationInfo for default holder: com.google.android.contacts
10-20 12:36:44.964   803   963 W Role    : Cannot get ApplicationInfo for default holder: com.google.android.as
10-20 12:36:44.966  1171  4214 I Icing   : Indexing com.google.android.apps.messaging-internal.3p:Person_no_gsa from com.google.android.apps.messaging
10-20 12:36:44.982   985   985 D CarrierKeyDownloadManager: Carrier not enabled or invalid values. mKeyAvailability=0 mURL=null
10-20 12:36:44.982   985   985 D CarrierKeyDownloadManager: Cleaning up existing renewal alarms
10-20 12:36:44.985   985   985 I CarrierInfoManager: deleting carrier key from db for subId=1
10-20 12:36:44.994   985   985 D CarrierProvider:   delete.count=0
10-20 12:36:45.005  3748  3748 D CompatibilityChangeReporter: Compat change id reported: 160794467; UID 1000; state: ENABLED
10-20 12:36:45.019  1101  4385 I Fitness : FitCleanupIntentOperation received Intent android.intent.action.PACKAGE_CHANGED [CONTEXT service_id=17 ]
10-20 12:36:45.030  1171  4221 I Checkin : [CheckinOperation] Starting Checkin: Default Task Reason : 8 Force : true UserId : 0 Start time : 72804
10-20 12:36:45.033   344   344 D Zygote  : Forked child process 4479
10-20 12:36:45.035  1171  4221 I CheckinUtil: Classify the device as Phone. [CONTEXT service_id=130 ]
10-20 12:36:45.038  1101  2493 I Fitness : OnPackageChangedOperation got intent: Intent { act=android.intent.action.PACKAGE_CHANGED dat=package:com.android.settings flg=0x45000010 pkg=com.google.android.gms cmp=com.google.android.gms/.chimera.PersistentIntentOperationService (has extras) } [CONTEXT service_id=17 ]
10-20 12:36:45.043  4479  4479 W m.android.shel: Unexpected CPU variant for X86 using defaults: x86_64
10-20 12:36:45.046  4479  4479 E m.android.shel: Not starting debugger since process cannot load the jdwp agent.
10-20 12:36:45.062   803   963 W Role    : Cannot get ApplicationInfo for default holder: com.google.android.as
10-20 12:36:45.064   803   963 W Role    : Cannot get ApplicationInfo for default holder: com.google.android.as
10-20 12:36:45.075  1101  2493 I Fitness : FitCleanupIntentOperation received Intent android.intent.action.PACKAGE_CHANGED [CONTEXT service_id=17 ]
10-20 12:36:45.087  1171  4214 I Icing   : Indexing done com.google.android.apps.messaging-internal.3p:Person_no_gsa
10-20 12:36:45.088  1101  2493 I Fitness : OnPackageChangedOperation got intent: Intent { act=android.intent.action.PACKAGE_CHANGED dat=package:com.android.traceur flg=0x45000010 pkg=com.google.android.gms cmp=com.google.android.gms/.chimera.PersistentIntentOperationService (has extras) } [CONTEXT service_id=17 ]
10-20 12:36:45.092  4479  4479 D CompatibilityChangeReporter: Compat change id reported: 171979766; UID 2000; state: ENABLED
10-20 12:36:45.099  2327  2783 I Finsky  : [49] adrd.b(6): Package com.google.android.gms is verified.
10-20 12:36:45.119  1101  3499 I Fitness : FitCleanupIntentOperation received Intent android.intent.action.PACKAGE_CHANGED [CONTEXT service_id=17 ]
10-20 12:36:45.124  1171  4214 I Icing   : Indexing com.google.android.gms-internal.3p:MobileApplication from com.google.android.gms
10-20 12:36:45.133  1101  2959 I Fitness : OnPackageChangedOperation got intent: Intent { act=android.intent.action.PACKAGE_CHANGED dat=package:com.android.nfc flg=0x5000010 pkg=com.google.android.gms cmp=com.google.android.gms/.chimera.PersistentIntentOperationService (has extras) } [CONTEXT service_id=17 ]
10-20 12:36:45.151  1171  1171 D BoundBrokerSvc: onUnbind: Intent { act=com.google.android.gms.auth.cryptauth.cryptauthservice.START cmp=com.google.android.gms/.chimera.GmsBoundBrokerService }
10-20 12:36:45.152  4479  4479 V GraphicsEnvironment: ANGLE Developer option for 'com.android.shell' set to: 'default'
10-20 12:36:45.152  4479  4479 V GraphicsEnvironment: Neither updatable production driver nor prerelease driver is supported.
10-20 12:36:45.153  4479  4479 D NetworkSecurityConfig: No Network Security Config specified, using platform default
10-20 12:36:45.154  4479  4479 D NetworkSecurityConfig: No Network Security Config specified, using platform default
10-20 12:36:45.162  1101  2493 I Fitness : FitCleanupIntentOperation received Intent android.intent.action.PACKAGE_CHANGED [CONTEXT service_id=17 ]
10-20 12:36:45.164   530  2248 I DefaultPermGrantPolicy: Revoking permissions from disabled data services for user:0
10-20 12:36:45.164   985   985 D ImsResolver: updateBoundDeviceServices: called
10-20 12:36:45.166   985   985 I ImsResolver: updateBoundServices - carrier package changed:  ->  on slot 0, hasConfigChanged=false
10-20 12:36:45.167   985   985 I ImsResolver: updateBoundServices - carrier package changed:  ->  on slot 0, hasConfigChanged=true
10-20 12:36:45.167   985   985 I ImsResolver: updateBoundServices - carrier package changed:  ->  on slot 0, hasConfigChanged=true
10-20 12:36:45.171  4479  4479 D HeapDumpReceiver: onReceive(): Intent { act=android.intent.action.BOOT_COMPLETED flg=0x89000010 cmp=com.android.shell/.HeapDumpReceiver (has extras) }
10-20 12:36:45.171  4479  4496 D HeapDumpReceiver: Deleting from /data/user_de/0/com.android.shell/files/heapdumps
10-20 12:36:45.183   344   344 D Zygote  : Forked child process 4497
10-20 12:36:45.191   344   344 I Zygote  : Process 3400 exited due to signal 9 (Killed)
10-20 12:36:45.196  1171  4214 I Icing   : Indexing done com.google.android.gms-apps
10-20 12:36:45.197  4497  4497 W tatementservic: Unexpected CPU variant for X86 using defaults: x86_64
10-20 12:36:45.197  1171  4214 I Icing   : doRemovePackageData com.android.nfc
10-20 12:36:45.201  4497  4497 E tatementservic: Not starting debugger since process cannot load the jdwp agent.
10-20 12:36:45.203  1171  4214 I Icing   : Indexing done com.google.android.gms-internal.3p:MobileApplication
10-20 12:36:45.203   985   985 I VvmSimStateTracker: android.telephony.action.CARRIER_CONFIG_CHANGED
10-20 12:36:45.209   803   963 W Role    : Cannot get ApplicationInfo for default holder: com.google.android.as
10-20 12:36:45.209   985   985 I VvmSimStateTracker: Service connected on ComponentInfo{com.android.phone/com.android.services.telephony.TelephonyConnectionService}, ***, UserHandle{0}
10-20 12:36:45.216  4497  4497 D CompatibilityChangeReporter: Compat change id reported: 171979766; UID 10070; state: DISABLED
10-20 12:36:45.218   985   985 D ImsResolver: maybeAddedImsService, packageName: com.android.nfc
10-20 12:36:45.219  4497  4497 D ApplicationLoaders: Returning zygote-cached class loader: /system/framework/android.test.base.jar
10-20 12:36:45.223   530   579 I libprocessgroup: Successfully killed process cgroup uid 10094 pid 3400 in 41ms
10-20 12:36:45.229   985   985 I CallNotifier: onCallForwardingIndicatorChanged(): subId=1, visible=N
10-20 12:36:45.232   985   985 D CallNotifier: updatePhoneStateListeners: update CF notifications.
10-20 12:36:45.232   985   985 I NotificationMgr: updateCfi: subId= 1, visible=N
10-20 12:36:45.234   985   985 I NotificationMgr: updateMwi(): subId 1 update to false
10-20 12:36:45.241  2923  2966 W Bugle   : RestoreReceiver: Intent { act=android.telephony.action.CARRIER_CONFIG_CHANGED flg=0x15000010 cmp=com.google.android.apps.messaging/.shared.receiver.RestoreReceiver (has extras) }
10-20 12:36:45.246  1056  1085 D ModelWriter: removing items from db
10-20 12:36:45.246  1056  1085 D ModelWriter: java.lang.Exception
10-20 12:36:45.246  1056  1085 D ModelWriter: 	at com.android.launcher3.model.ModelWriter.deleteItemsFromDatabase(SourceFile:8)
10-20 12:36:45.246  1056  1085 D ModelWriter: 	at com.android.launcher3.model.ModelWriter.deleteItemsFromDatabase(SourceFile:4)
10-20 12:36:45.246  1056  1085 D ModelWriter: 	at com.android.launcher3.model.BaseModelUpdateTask.deleteAndBindComponentsRemoved(SourceFile:1)
10-20 12:36:45.246  1056  1085 D ModelWriter: 	at com.android.launcher3.model.PackageUpdatedTask.execute(SourceFile:82)
10-20 12:36:45.246  1056  1085 D ModelWriter: 	at com.android.launcher3.model.BaseModelUpdateTask.run(SourceFile:2)
10-20 12:36:45.246  1056  1085 D ModelWriter: 	at android.os.Handler.handleCallback(Handler.java:938)
10-20 12:36:45.246  1056  1085 D ModelWriter: 	at android.os.Handler.dispatchMessage(Handler.java:99)
10-20 12:36:45.246  1056  1085 D ModelWriter: 	at android.os.Looper.loopOnce(Looper.java:201)
10-20 12:36:45.246  1056  1085 D ModelWriter: 	at android.os.Looper.loop(Looper.java:288)
10-20 12:36:45.246  1056  1085 D ModelWriter: 	at android.os.HandlerThread.run(HandlerThread.java:67)
10-20 12:36:45.253  1171  4215 I Icing   : Indexing com.google.android.gms-apps from com.google.android.gms
10-20 12:36:45.253  1171  4215 I Icing   : Indexing done com.google.android.gms-apps
10-20 12:36:45.257   985   985 I RemoteVvmTaskManager: Binding to ComponentInfo{com.android.dialer/com.android.voicemail.impl.OmtpService}
10-20 12:36:45.259   344   344 D Zygote  : Forked child process 4514
10-20 12:36:45.269  1171  4215 I Icing   : Indexing com.google.android.gms-apps from com.google.android.gms
10-20 12:36:45.271  1171  4215 I Icing   : Indexing done com.google.android.gms-apps
10-20 12:36:45.272  2098  2098 I Dialer  : VvmOmtpService - onCellServiceConnected
10-20 12:36:45.276  4497  4497 V GraphicsEnvironment: ANGLE Developer option for 'com.android.statementservice' set to: 'default'
10-20 12:36:45.276  4497  4497 V GraphicsEnvironment: Neither updatable production driver nor prerelease driver is supported.
10-20 12:36:45.277  4514  4514 W oadcastreceive: Unexpected CPU variant for X86 using defaults: x86_64
10-20 12:36:45.280  4497  4497 D NetworkSecurityConfig: No Network Security Config specified, using platform default
10-20 12:36:45.280  4497  4497 D NetworkSecurityConfig: No Network Security Config specified, using platform default
10-20 12:36:45.289  4514  4514 E oadcastreceive: Not starting debugger since process cannot load the jdwp agent.
10-20 12:36:45.294   803   963 W Role    : Cannot get ApplicationInfo for default holder: com.google.android.as
10-20 12:36:45.294  3315  3315 I ViewInteraction: Checking 'MatchesViewAssertion{viewMatcher=an instance of android.widget.TextView and view.getText() with or without transformation to match: a string containing "Subtotal: $1.50"}' assertion on view view.getId() is <2131231217/com.example.lunchtray:id/subtotal>
10-20 12:36:45.295  3315  3354 I TestRunner: finished: radio_buttons_update_side_menu_subtotal(com.example.lunchtray.OrderFunctionalityTests)
