10-20 12:36:50.266  2327  3000 W Finsky  : [59] fgl.d(22): For unauth, use getDfeApiNonAuthenticated() instead!
10-20 12:36:50.266  2327  3000 I Finsky  : [59] fgl.f(2): getDfeApiOrNonauthenticated is returning unauth api
10-20 12:36:50.267  2327  3000 I Finsky  : [59] jxk.b(3): Uploading FCM/GCM Registration Id because not registered yet, dkJM4x5DRqejNCRwhCUtUF:APA91bGUBggROOpoEPrNkmez675mqw9m6jzG73PAUAS9YbupzexXdVCzD18rGVYqa_ZTfa-_PD50kiiHNUJp-CJdWJBQXu74UqxImCPP_djgxc4T9-c1ZoULOZRXgIQfcZKzXLJrQdo2
10-20 12:36:50.279  2327  3090 I Finsky  : [72] jww.f(1): Account name null when calculating account hash
10-20 12:36:50.281  2327  2327 I Finsky  : [2] mwk.b(2): Hygiene tasks scheduled
10-20 12:36:50.285  2327  2327 I Finsky  : [2] wja.o(4): SCH: jobFinished: 1-1337. TimeElapsed: 1753ms.
10-20 12:36:50.288  2327  2327 I Finsky  : [2] wic.a(6): SCH: Job 1-1337 finished. Rescheduling.
10-20 12:36:50.288  2327  2327 I Finsky  : [2] wic.m(10): SCH: Running job: 12-1
10-20 12:36:50.289  2327  2327 I Finsky  : [2] ContentSyncJob.x(1): [ContentSync] job started
10-20 12:36:50.290  2327  2327 I Finsky  : [2] wic.m(10): SCH: Running job: 31-305419896
10-20 12:36:50.290  2327  2327 W Finsky  : [2] fgl.d(22): For unauth, use getDfeApiNonAuthenticated() instead!
10-20 12:36:50.299  2327  2327 I Finsky  : [2] wic.m(10): SCH: Running job: 37-0
10-20 12:36:50.301  2327  2327 I Finsky  : [2] wja.o(4): SCH: jobFinished: 37-0. TimeElapsed: 1ms.
10-20 12:36:50.302  2327  2327 I Finsky  : [2] wib.handleMessage(29): SCH: RunningQueue size: 3, PendingQueue size: 0
10-20 12:36:50.302  2327  2327 I Finsky  : [2] wib.handleMessage(32): SCH: Running queue: 12-1 31-305419896 37-0
10-20 12:36:50.302  2327  2327 I Finsky  : [2] wic.a(3): SCH: Job 37-0 finished. Not rescheduling.
10-20 12:36:50.302  2327  2327 I Finsky  : [2] wib.handleMessage(29): SCH: RunningQueue size: 2, PendingQueue size: 0
10-20 12:36:50.302  2327  2327 I Finsky  : [2] wib.handleMessage(32): SCH: Running queue: 12-1 31-305419896
10-20 12:36:50.313  2327  2797 W Finsky  : [51] fgl.d(22): For unauth, use getDfeApiNonAuthenticated() instead!
10-20 12:36:50.313  2327  2797 I Finsky  : [51] fgl.f(2): getDfeApiOrNonauthenticated is returning unauth api
10-20 12:36:50.313  2327  2797 I Finsky  : [51] jxk.b(3): Uploading FCM/GCM Registration Id because not registered yet, dkJM4x5DRqejNCRwhCUtUF:APA91bGUBggROOpoEPrNkmez675mqw9m6jzG73PAUAS9YbupzexXdVCzD18rGVYqa_ZTfa-_PD50kiiHNUJp-CJdWJBQXu74UqxImCPP_djgxc4T9-c1ZoULOZRXgIQfcZKzXLJrQdo2
10-20 12:36:50.316   985  1339 E DatabaseUtils: Writing exception to parcel
10-20 12:36:50.316   985  1339 E DatabaseUtils: java.lang.SecurityException: No permission to access APN settings
10-20 12:36:50.316   985  1339 E DatabaseUtils: 	at com.android.providers.telephony.TelephonyProvider.checkPermission(TelephonyProvider.java:4788)
10-20 12:36:50.316   985  1339 E DatabaseUtils: 	at com.android.providers.telephony.TelephonyProvider.checkPermissionCompat(TelephonyProvider.java:4805)
10-20 12:36:50.316   985  1339 E DatabaseUtils: 	at com.android.providers.telephony.TelephonyProvider.query(TelephonyProvider.java:3678)
10-20 12:36:50.316   985  1339 E DatabaseUtils: 	at android.content.ContentProvider.query(ContentProvider.java:1408)
10-20 12:36:50.316   985  1339 E DatabaseUtils: 	at android.content.ContentProvider.query(ContentProvider.java:1504)
10-20 12:36:50.316   985  1339 E DatabaseUtils: 	at android.content.ContentProvider$Transport.query(ContentProvider.java:272)
10-20 12:36:50.316   985  1339 E DatabaseUtils: 	at android.content.ContentProviderNative.onTransact(ContentProviderNative.java:107)
10-20 12:36:50.316   985  1339 E DatabaseUtils: 	at android.os.Binder.execTransactInternal(Binder.java:1179)
10-20 12:36:50.316   985  1339 E DatabaseUtils: 	at android.os.Binder.execTransact(Binder.java:1143)
10-20 12:36:50.317  2327  3088 W Finsky  : [70] iku.a(14): Failed to read APN: java.lang.SecurityException: No permission to access APN settings
10-20 12:36:50.323  2327  3088 I Finsky  : [70] jww.f(1): Account name null when calculating account hash
10-20 12:36:50.333  2327  3090 W android.vendin: Accessing hidden method Lcom/android/org/conscrypt/ConscryptEngineSocket;->setUseSessionTickets(Z)V (max-target-q,core-platform-api, reflection, denied)
10-20 12:36:50.333  2327  3090 W android.vendin: Accessing hidden method Lcom/android/org/conscrypt/OpenSSLSocketImpl;->setUseSessionTickets(Z)V (max-target-q,core-platform-api, reflection, denied)
10-20 12:36:50.333  2327  3090 W android.vendin: Accessing hidden method Lcom/android/org/conscrypt/AbstractConscryptSocket;->setUseSessionTickets(Z)V (max-target-q, reflection, denied)
10-20 12:36:50.333  2327  3090 W android.vendin: Accessing hidden method Lcom/android/org/conscrypt/ConscryptEngineSocket;->setHostname(Ljava/lang/String;)V (max-target-q,core-platform-api, reflection, denied)
10-20 12:36:50.333  2327  3090 W android.vendin: Accessing hidden method Lcom/android/org/conscrypt/OpenSSLSocketImpl;->setHostname(Ljava/lang/String;)V (max-target-q,core-platform-api, reflection, denied)
10-20 12:36:50.334  2327  3090 W android.vendin: Accessing hidden method Lcom/android/org/conscrypt/AbstractConscryptSocket;->setHostname(Ljava/lang/String;)V (max-target-q, reflection, denied)
10-20 12:36:50.334  2327  3090 W android.vendin: Accessing hidden method Lcom/android/org/conscrypt/OpenSSLSocketImpl;->setAlpnProtocols([B)V (max-target-q,core-platform-api, reflection, denied)
10-20 12:36:50.334  2327  3090 W android.vendin: Accessing hidden method Lcom/android/org/conscrypt/AbstractConscryptSocket;->setAlpnProtocols([B)V (max-target-q, reflection, denied)
10-20 12:36:50.381  2327  3088 W android.vendin: Accessing hidden method Lcom/android/org/conscrypt/ConscryptEngineSocket;->setUseSessionTickets(Z)V (max-target-q,core-platform-api, reflection, denied)
10-20 12:36:50.381  2327  3088 W android.vendin: Accessing hidden method Lcom/android/org/conscrypt/OpenSSLSocketImpl;->setUseSessionTickets(Z)V (max-target-q,core-platform-api, reflection, denied)
10-20 12:36:50.381  2327  3088 W android.vendin: Accessing hidden method Lcom/android/org/conscrypt/AbstractConscryptSocket;->setUseSessionTickets(Z)V (max-target-q, reflection, denied)
10-20 12:36:50.386  2327  3090 W android.vendin: Accessing hidden method Lcom/android/org/conscrypt/OpenSSLSocketImpl;->getAlpnSelectedProtocol()[B (max-target-q,core-platform-api, reflection, denied)
10-20 12:36:50.386  2327  3090 W android.vendin: Accessing hidden method Lcom/android/org/conscrypt/AbstractConscryptSocket;->getAlpnSelectedProtocol()[B (max-target-q, reflection, denied)
10-20 12:36:50.387  2327  3088 W android.vendin: Accessing hidden method Lcom/android/org/conscrypt/ConscryptEngineSocket;->setHostname(Ljava/lang/String;)V (max-target-q,core-platform-api, reflection, denied)
10-20 12:36:50.387  2327  3088 W android.vendin: Accessing hidden method Lcom/android/org/conscrypt/OpenSSLSocketImpl;->setHostname(Ljava/lang/String;)V (max-target-q,core-platform-api, reflection, denied)
10-20 12:36:50.387  2327  3088 W android.vendin: Accessing hidden method Lcom/android/org/conscrypt/AbstractConscryptSocket;->setHostname(Ljava/lang/String;)V (max-target-q, reflection, denied)
10-20 12:36:50.387  2327  3088 W android.vendin: Accessing hidden method Lcom/android/org/conscrypt/OpenSSLSocketImpl;->setAlpnProtocols([B)V (max-target-q,core-platform-api, reflection, denied)
10-20 12:36:50.387  2327  3088 W android.vendin: Accessing hidden method Lcom/android/org/conscrypt/AbstractConscryptSocket;->setAlpnProtocols([B)V (max-target-q, reflection, denied)
10-20 12:36:50.413  2327  3000 W Finsky  : [59] wxd.d(3): SU: Cannot patch, patch data is invalid - 1034
10-20 12:36:50.455  2327  3088 W android.vendin: Accessing hidden method Lcom/android/org/conscrypt/OpenSSLSocketImpl;->getAlpnSelectedProtocol()[B (max-target-q,core-platform-api, reflection, denied)
10-20 12:36:50.456  2327  3088 W android.vendin: Accessing hidden method Lcom/android/org/conscrypt/AbstractConscryptSocket;->getAlpnSelectedProtocol()[B (max-target-q, reflection, denied)
10-20 12:36:50.457  2327  2327 I Finsky  : [2] wxc.a(3): SU: Running self-update patches download fallback for com.android.vending
10-20 12:36:50.476  2327  2327 I Finsky  : [2] kix.h(2): Duplicate state set for 'com.android.vending' (0). Already in that state
10-20 12:36:50.476  2327  2327 I Finsky  : [2] kjp.g(8): Download com.android.vending added to DownloadQueue
10-20 12:36:50.481  2327  2327 I Finsky  : [2] kix.h(3): com.android.vending from 0 to 1.
10-20 12:36:50.492  3315  3328 I ample.lunchtra: Background concurrent copying GC freed 340383(21MB) AllocSpace objects, 1(20KB) LOS objects, 49% free, 6333KB/12MB, paused 1.271ms,153us total 160.059ms
10-20 12:36:50.503  2327  2327 I Finsky  : [2] kjp.l(10): Download com.android.vending starting
10-20 12:36:50.543  2327  2327 I Finsky  : [2] kjf.apply(3): Enqueued com.android.vending as content://downloads/my_downloads/2
10-20 12:36:50.543  2327  2327 I Finsky  : [2] kix.h(3): com.android.vending from 1 to 2.
10-20 12:36:50.546  2327  2327 I Finsky  : [2] kjp.r(8): com.android.vending: onStart
10-20 12:36:50.554  2923  2964 I GnpSdk  : [PhenotypeManagerImpl] Phenotype registration SUCCESS
10-20 12:36:50.570  1701  4712 D DownloadManager: [2] Starting
10-20 12:36:50.592  1701  4712 D NetworkSecurityConfig: No Network Security Config specified, using platform default
10-20 12:36:50.592  1701  4712 D NetworkSecurityConfig: No Network Security Config specified, using platform default
10-20 12:36:50.608  2327  3088 E Volley  : [70] dnp.a: Unexpected response code 404 for https://play-fe.googleapis.com/fdfe/deviceSettings
10-20 12:36:50.609  2327  3088 W Finsky  : [70] fhh.j(9): IOException while manually unzipping request.
10-20 12:36:50.611  2327  3040 E Finsky  : [63] jyr.a(5): Error getting device settings.
10-20 12:36:50.611  2327  3040 E Finsky  : network time: 315, HTTP status code: 404, exception com.android.volley.ClientError
10-20 12:36:50.611  2327  3040 E Finsky  : 	at rvq.iP(Unknown Source:4)
10-20 12:36:50.611  2327  3040 E Finsky  : 	at dmy.l(PG:2)
10-20 12:36:50.611  2327  3040 E Finsky  : 	at feu.l(PG:3)
10-20 12:36:50.611  2327  3040 E Finsky  : 	at dmr.run(PG:3)
10-20 12:36:50.611  2327  3040 E Finsky  : 	at android.os.Handler.handleCallback(Handler.java:938)
10-20 12:36:50.611  2327  3040 E Finsky  : 	at android.os.Handler.dispatchMessage(Handler.java:99)
10-20 12:36:50.611  2327  3040 E Finsky  : 	at android.os.Looper.loopOnce(Looper.java:201)
10-20 12:36:50.611  2327  3040 E Finsky  : 	at android.os.Looper.loop(Looper.java:288)
10-20 12:36:50.611  2327  3040 E Finsky  : 	at android.app.ActivityThread.main(ActivityThread.java:7839)
10-20 12:36:50.611  2327  3040 E Finsky  : 	at java.lang.reflect.Method.invoke(Native Method)
10-20 12:36:50.611  2327  3040 E Finsky  : 	at com.android.internal.os.RuntimeInit$MethodAndArgsCaller.run(RuntimeInit.java:548)
10-20 12:36:50.611  2327  3040 E Finsky  : 	at com.android.internal.os.ZygoteInit.main(ZygoteInit.java:1003)
10-20 12:36:50.611  2327  3040 E Finsky  : [63] jyl.a(1): Error while refreshing device settings: network time: 315, HTTP status code: 404, exception com.android.volley.ClientError. Retrying.
10-20 12:36:50.611  2327  3040 E Finsky  : network time: 315, HTTP status code: 404, exception com.android.volley.ClientError
10-20 12:36:50.611  2327  3040 E Finsky  : 	at rvq.iP(Unknown Source:4)
10-20 12:36:50.611  2327  3040 E Finsky  : 	at dmy.l(PG:2)
10-20 12:36:50.611  2327  3040 E Finsky  : 	at feu.l(PG:3)
10-20 12:36:50.611  2327  3040 E Finsky  : 	at dmr.run(PG:3)
10-20 12:36:50.611  2327  3040 E Finsky  : 	at android.os.Handler.handleCallback(Handler.java:938)
10-20 12:36:50.611  2327  3040 E Finsky  : 	at android.os.Handler.dispatchMessage(Handler.java:99)
10-20 12:36:50.611  2327  3040 E Finsky  : 	at android.os.Looper.loopOnce(Looper.java:201)
10-20 12:36:50.611  2327  3040 E Finsky  : 	at android.os.Looper.loop(Looper.java:288)
10-20 12:36:50.611  2327  3040 E Finsky  : 	at android.app.ActivityThread.main(ActivityThread.java:7839)
10-20 12:36:50.611  2327  3040 E Finsky  : 	at java.lang.reflect.Method.invoke(Native Method)
10-20 12:36:50.611  2327  3040 E Finsky  : 	at com.android.internal.os.RuntimeInit$MethodAndArgsCaller.run(RuntimeInit.java:548)
10-20 12:36:50.611  2327  3040 E Finsky  : 	at com.android.internal.os.ZygoteInit.main(ZygoteInit.java:1003)
10-20 12:36:50.611  2327  3040 I Finsky  : [63] wja.o(4): SCH: jobFinished: 31-305419896. TimeElapsed: 321ms.
10-20 12:36:50.612  2327  2327 I Finsky  : [2] wic.a(6): SCH: Job 31-305419896 finished. Rescheduling.
10-20 12:36:50.612  2327  2327 I Finsky  : [2] wib.handleMessage(29): SCH: RunningQueue size: 1, PendingQueue size: 0
10-20 12:36:50.612  2327  2327 I Finsky  : [2] wib.handleMessage(32): SCH: Running queue: 12-1
10-20 12:36:50.639  2923  2964 I GrowthKit: GrowthKit enabled by flag, registered to Phenotype and schedule jobs.
10-20 12:36:50.645  2923  2980 W DynamiteModule: Local module descriptor class for com.google.android.gms.providerinstaller.dynamite not found.
10-20 12:36:50.649   344   344 D Zygote  : Forked child process 4716
10-20 12:36:50.654  1101  2660 W ProviderHelper: Unknown dynamite feature providerinstaller.dynamite
10-20 12:36:50.662  4716  4716 W oid.apps.photo: Unexpected CPU variant for X86 using defaults: x86_64
10-20 12:36:50.662  2923  2980 I DynamiteModule: Considering local module com.google.android.gms.providerinstaller.dynamite:0 and remote module com.google.android.gms.providerinstaller.dynamite:0
10-20 12:36:50.662  2923  2980 W ProviderInstaller: Failed to load providerinstaller module: No acceptable module found. Local version is 0 and remote version is 0.
10-20 12:36:50.664  4716  4716 E oid.apps.photo: Not starting debugger since process cannot load the jdwp agent.
10-20 12:36:50.677  4716  4716 D CompatibilityChangeReporter: Compat change id reported: 171979766; UID 10126; state: ENABLED
10-20 12:36:50.686  2327  3392 I Finsky  : [91] esy.run(9): Wrote 177 rows to frosting DB
10-20 12:36:50.707  4716  4716 D nativeloader: classloader namespace configured for unbundled product apk. library_path=/product/app/Photos/lib/x86_64:/product/app/Photos/Photos.apk!/lib/x86_64:/product/lib64:/system/product/lib64
10-20 12:36:50.716  4716  4716 V GraphicsEnvironment: ANGLE Developer option for 'com.google.android.apps.photos' set to: 'default'
10-20 12:36:50.716  4716  4716 V GraphicsEnvironment: Neither updatable production driver nor prerelease driver is supported.
10-20 12:36:50.717  4716  4716 D NetworkSecurityConfig: No Network Security Config specified, using platform default
10-20 12:36:50.717  4716  4716 D NetworkSecurityConfig: No Network Security Config specified, using platform default
10-20 12:36:50.719  3315  3315 I ViewInteraction: Performing 'single click' action on view view.getId() is <2131231138/com.example.lunchtray:id/salad>
10-20 12:36:50.729  1279  1279 I PhenotypeModule: PhenotypeModule.receiveBroadcast():387 onReceive() urgent = false
10-20 12:36:50.732  1279  1279 I PhenotypeModule: PhenotypeModule.maybeFetchAndUpdate():168 maybeFetchAndUpdate: forceRefresh=true
10-20 12:36:50.737  1279  1279 I PhenotypeModule: PhenotypeModule.receiveBroadcast():387 onReceive() urgent = false
10-20 12:36:50.737  1279  1279 I PhenotypeModule: PhenotypeModule.receiveBroadcast():387 onReceive() urgent = false
10-20 12:36:50.737  1279  1279 I PhenotypeModule: PhenotypeModule.receiveBroadcast():387 onReceive() urgent = false
10-20 12:36:50.738  1279  1279 I PhenotypeModule: PhenotypeModule.receiveBroadcast():387 onReceive() urgent = false
10-20 12:36:50.746  1101  1229 I PackageUpdateTaskChimer: Scheduling Phenotype config package catchup updates to be 86400 seconds from now (1697805410746) [CONTEXT service_id=51 ]
10-20 12:36:50.778  3315  3370 D EGL_emulation: app_time_stats: avg=24.96ms min=0.89ms max=263.94ms count=41
10-20 12:36:50.786  2327  3087 I Finsky  : [69] jww.f(1): Account name null when calculating account hash
10-20 12:36:50.802  1279  1279 I EmojiSuperpacksManager: EmojiSuperpacksManager.triggerSync():391 triggerSync() : isBundled = false
10-20 12:36:50.809  1279  1279 I EmojiSuperpacksManager: EmojiSuperpacksManager.triggerSync():391 triggerSync() : isBundled = false
10-20 12:36:50.813  1279  1550 I SP      : Registering emoji.20210928, url: https://www.gstatic.com/android/keyboard/modelpack/emoji/20210928151924/superpacks_manifest.zip, constraints: m:*:*:*, flags: fg, requested: 20210928, current: -1
10-20 12:36:50.813  1279  1550 I SP      : Registering emoji.20210928, url: https://www.gstatic.com/android/keyboard/modelpack/emoji/20210928151924/superpacks_manifest.zip, constraints: m:*:*:*, flags: fg, requested: 20210928, current: -1
10-20 12:36:50.814  1101  1229 I atxs    : Scheduling a periodic sync task every 14400 seconds, with flex of 1800 seconds [CONTEXT service_id=51 ]
10-20 12:36:50.817  1279  1279 I ClipboardDataExtension: ClipboardDataExtension.updateScreenshotsContentObserver():301 Disable the feature of handling screenshots in the clipboard.
10-20 12:36:50.831  1279  1583 I AbstractOpenableExtension: AbstractOpenableExtension.maybeDestroyExistingKeyboardGroupManager():514 Destroy existing keyboard group manager in fci
10-20 12:36:50.831  1279  1583 I AbstractOpenableExtension: AbstractOpenableExtension.createKeyboardGroupManagerListenableFuture():123 Create keyboard group manager listenable future in fci
10-20 12:36:50.832  1101  1229 I atxs    : Scheduling adaptive one off task with window [14400, 604800] in seconds [CONTEXT service_id=51 ]
10-20 12:36:50.835  1279  1379 I KeyboardGroupDefParser: KeyboardGroupDefParser.parseKeyboardGroupDef():89 parseKeyboardGroupDef() 2132148499 -> 0_resource_name_obfuscated : WaitTime = 1 ms : RunTime = 2 ms
10-20 12:36:50.835  1279  1550 I SuperpacksManager: SuperpacksManager$3$1.onFailure():617 emoji.registerManifest() cancelled
10-20 12:36:50.835  1279  1550 I SP      : Requesting download of URL https://www.gstatic.com/android/keyboard/modelpack/emoji/20210928151924/superpacks_manifest.zip to emoji-20210928.zip.fetched (constraints: m:b:u:l)
10-20 12:36:50.837  1279  1279 I DictionarySuperpacksManager: DictionarySuperpacksManager$1.onEnabledInputMethodEntriesChanged():60 onEnabledInputMethodEntriesChanged
10-20 12:36:50.838  1279  1550 I SP      : Registering content_cache.2021061512, url: https://www.gstatic.com/android/keyboard/modelpack/contentcache/202106151201/superpacks_manifest.json, constraints: W:*:*:*, flags: bg, requested: 2021061512, current: 2020101916
10-20 12:36:50.839  1279  1279 I DictionarySuperpacksManager: DictionarySuperpacksManager$1.onEnabledInputMethodEntriesChanged():60 onEnabledInputMethodEntriesChanged
10-20 12:36:50.842  1279  1348 I JobSchedulerImpl: JobSchedulerImpl.schedule():90 Schedule task: ExpressionDataPrunePeriodicTask. Success.
10-20 12:36:50.843  1279  1279 I SuperDelight: SuperDelightManager.initializeDelightSuperpacks():352 initializeDelightSuperpacks()
10-20 12:36:50.843  1279  1279 I SuperDelight: SuperDelightManager.getDelightMetadataUriAndVersion():1080 getDelightMetadataUriAndVersion(): Phenotype : 2021093005 : https://www.gstatic.com/android/keyboard/dictionarypack/Yellowjacket-normal/metadata.json
10-20 12:36:50.844  1279  1279 I SuperDelight: SuperDelightAppsSuperpacksManager.initializeDelightAppsSuperpacks():92 initializeDelightAppsSuperpacks()
10-20 12:36:50.850  1279  1279 I UrgentSignalsProcessor: UrgentSignalsProcessor.flagUpdated():97 Received flagsUpdated for urgent signal
10-20 12:36:50.873  1279  1572 I PhenotypeModule: PhenotypeModule.handlePhenotypeConfigurationUpdatesInternal():364 Latency of updating configurations from phenotype (experiment v4): 67
10-20 12:36:50.873  1279  1279 I UrgentSignalsProcessor: UrgentSignalsProcessor.processSignals():117 Received signal: id: 435928312
10-20 12:36:50.873  1279  1279 I UrgentSignalsProcessor: UrgentSignalsProcessor.processSignals():126 Signal target module: 1
10-20 12:36:50.877  1279  1279 I UrgentSignalsProcessor: UrgentSignalsProcessor.processSignals():126 Signal target module: 1
10-20 12:36:50.879  1279  1279 I EmojiExtensionHelper: EmojiExtensionHelper.flagsUpdated():153 Received flag change: enable_emoji_tall_view{type=Boolean, finalValue=true, defaultValue=false, flagValue=true, overrideValue=null}.
10-20 12:36:50.879  1279  1279 I EmojiExtensionHelper: EmojiExtensionHelper.flagsUpdated():153 Received flag change: contextual_emoji_suggestion_enabled_languages{type=String, finalValue=en, defaultValue=, flagValue=en, overrideValue=null}.
10-20 12:36:50.879  1279  1279 I AbstractOpenableExtension: AbstractOpenableExtension.maybeDestroyExistingKeyboardGroupManager():514 Destroy existing keyboard group manager in fau
10-20 12:36:50.879  1279  1279 I AbstractOpenableExtension: AbstractOpenableExtension.createKeyboardGroupManagerListenableFuture():123 Create keyboard group manager listenable future in fau
10-20 12:36:50.880  1279  1550 I SP      : Requesting download of URL https://www.gstatic.com/android/keyboard/modelpack/contentcache/202106151201/superpacks_manifest.json to content_cache-2021061512.fetched (constraints: W:b:u:l)
10-20 12:36:50.880  1279  1572 I PhenotypeModule: PhenotypeModule.handlePhenotypeConfigurationUpdates():263 Latency of updating configurations from phenotype (ExperimentV4): 74
10-20 12:36:50.882  1279  1550 I SP      : Registering content_cache.2021061512, url: https://www.gstatic.com/android/keyboard/modelpack/contentcache/202106151201/superpacks_manifest.json, constraints: W:*:*:*, flags: bg, requested: 2021061512, current: 2020101916
10-20 12:36:50.882  1279  1591 I SuperDelight: SuperDelightManager.lambda$registerAndUpgradeSuperpacks$4():504 SuperDelightManager#registerAndUpgradeSuperpacks(delight): current 2021062400, required 2021093005
10-20 12:36:50.886  1279  1623 I KeyboardGroupDefParser: KeyboardGroupDefParser.parseKeyboardGroupDef():89 parseKeyboardGroupDef() 2132148495 -> 0_resource_name_obfuscated : WaitTime = 1 ms : RunTime = 6 ms
10-20 12:36:50.887  1279  1627 I KeyboardGroupDefParser: KeyboardGroupDefParser.parseKeyboardGroupDef():89 parseKeyboardGroupDef() 2132148496 -> 0_resource_name_obfuscated : WaitTime = 1 ms : RunTime = 6 ms
10-20 12:36:50.889  1279  1572 I PhenotypeModule: PhenotypeModule.lambda$fetchAndUpdate$1():220 fetchAndUpdate() : Success, hasFlags=true, flagCount=869, lastFetchStatus=October 20, 12:36 PM {reason=2, isFullFetch=true, success=true, isEmpty=false, isDelta=false, fetchedFlagsCount=869, deletedFlagsCount=255, updatedFlagsCount=164, totalTime=155}
10-20 12:36:50.923  1279  1591 I SuperDelight: SuperDelightManager.initializeDelightSuperpacks():352 initializeDelightSuperpacks()
10-20 12:36:50.923  1279  1591 I SuperDelight: SuperDelightManager.getDelightMetadataUriAndVersion():1080 getDelightMetadataUriAndVersion(): Phenotype : 2021093005 : https://www.gstatic.com/android/keyboard/dictionarypack/Yellowjacket-normal/metadata.json
10-20 12:36:50.927  1279  1550 I SP      : Registering delight.2021093005, url: https://www.gstatic.com/android/keyboard/dictionarypack/Yellowjacket-normal/metadata.json, constraints: m:*:*:*, flags: *, requested: 2021093005, current: 2021062400
10-20 12:36:50.930  1279  1550 I SuperpacksManager: SuperpacksManager$3$1.onFailure():617 content_cache.registerManifest() cancelled
10-20 12:36:50.932  1279  1591 I SuperDelight: SuperDelightAppsSuperpacksManager.initializeDelightAppsSuperpacks():92 initializeDelightAppsSuperpacks()
10-20 12:36:50.933  4716  4716 W oid.apps.photo: Accessing hidden field Ljava/util/Collections$SynchronizedCollection;->mutex:Ljava/lang/Object; (max-target-o, reflection, denied)
10-20 12:36:50.933  4716  4716 W oid.apps.photo: Accessing hidden method Ljava/util/Collections$SynchronizedSet;-><init>(Ljava/util/Set;Ljava/lang/Object;)V (max-target-o, reflection, denied)
10-20 12:36:50.933  4716  4716 W oid.apps.photo: Accessing hidden method Ljava/util/Collections$SynchronizedCollection;-><init>(Ljava/util/Collection;Ljava/lang/Object;)V (max-target-o, reflection, denied)
10-20 12:36:50.935  1101  1111 I .gms.persisten: Background concurrent copying GC freed 237485(10MB) AllocSpace objects, 22(1336KB) LOS objects, 49% free, 11MB/22MB, paused 529us,74us total 153.587ms
10-20 12:36:50.937  1279  1279 I SpeechPackManager: SpeechPackManager.refreshManifest():343 refreshManifest()
10-20 12:36:50.937  1279  1279 I SpeechPackManager: SpeechPackManager.registerManifest():441 registerManifest() : https://dl.google.com/android/voice/gboard/terse/superpacks-manifest-20210519.json
10-20 12:36:50.937  1279  1279 I AbstractOpenableExtension: AbstractOpenableExtension$3.onSuccess():527 KeyboardGroupManager destroyed in fau.
10-20 12:36:50.948  1279  1898 I SuperDelight: SuperDelightManager.lambda$registerAndUpgradeSuperpacks$4():504 SuperDelightManager#registerAndUpgradeSuperpacks(delight): current 2021062400, required 2021093005
10-20 12:36:50.960  1279  1550 I SP      : Registering content_cache.2021061512, url: https://www.gstatic.com/android/keyboard/modelpack/contentcache/202106151201/superpacks_manifest.json, constraints: W:*:*:*, flags: bg, requested: 2021061512, current: 2020101916
10-20 12:36:50.961  1279  1550 W SP      : Manifest for delight is not available, version: 2021093005
10-20 12:36:50.961  1279  1550 I SP      : Registering transformer_concept.2020102810, url: https://www.gstatic.com/android/keyboard/modelpack/transformer_concept/2020102810/superpacks_manifest.json, constraints: *:*:*:*, flags: *, requested: 2020102810, current: -1
10-20 12:36:50.962  1279  1550 I SP      : Requesting download of URL https://www.gstatic.com/android/keyboard/dictionarypack/Yellowjacket-normal/metadata.json to delight-2021093005.fetched (constraints: m:b:u:l)
10-20 12:36:50.962  1279  1523 I SpeechPackManager: SpeechPackManager.lambda$registerManifest$4():451 registerManifest() : Fetching hash 1327534105
10-20 12:36:50.974  1101  1101 D CompatibilityChangeReporter: Compat change id reported: 119147584; UID 10097; state: ENABLED
10-20 12:36:50.983  1279  1550 I SP      : Registering delight.2021093005, url: https://www.gstatic.com/android/keyboard/dictionarypack/Yellowjacket-normal/metadata.json, constraints: m:*:*:*, flags: *, requested: 2021093005, current: 2021062400
10-20 12:36:50.984  1279  1550 I SuperpacksManager: SuperpacksManager$3$1.onFailure():617 content_cache.registerManifest() cancelled
10-20 12:36:50.984  1279  1550 I SP      : Requesting download of URL https://www.gstatic.com/android/keyboard/modelpack/transformer_concept/2020102810/superpacks_manifest.json to transformer_concept-2020102810.fetched (constraints: m:b:u:l)
10-20 12:36:50.984  1279  1550 I SP      : Registering gboard-small-speech-packs.1327534105, url: https://dl.google.com/android/voice/gboard/terse/superpacks-manifest-20210519.json, constraints: m:b:*:*, flags: *, requested: 1327534105, current: 758538843
10-20 12:36:50.986  1279  1897 I AbstractSyncResultCallback: AbstractSyncResultCallback.onFailure():36 onFailure(): delight.sync cancelled; expected if new request supersedes pending one.
10-20 12:36:51.003  1279  1550 I SuperpacksManager: SuperpacksManager$3$1.onFailure():617 delight.registerManifest() cancelled
10-20 12:36:51.011  1101  1232 I NetworkScheduler.Stats: Task com.google.android.gms/com.google.android.gms.phenotype.service.sync.PhenotypeConfigurator finished executing. cause:5 result: 1 elapsed_millis: 10728 uptime_millis: 10728 exec_start_elapsed_seconds: 68 [CONTEXT service_id=218 ]
10-20 12:36:51.028  3315  3315 I ViewInteraction: Checking 'MatchesViewAssertion{viewMatcher=an instance of android.widget.TextView and view.getText() with or without transformation to match: a string containing "Subtotal: $9.50"}' assertion on view view.getId() is <2131231217/com.example.lunchtray:id/subtotal>
10-20 12:36:51.029  3315  3315 I ViewInteraction: Performing 'single click' action on view view.getId() is <2131231081/com.example.lunchtray:id/next_button>
10-20 12:36:51.032  1279  1550 I SP      : Requesting download of URL https://dl.google.com/android/voice/gboard/terse/superpacks-manifest-20210519.json to gboard-small-speech-packs-1327534105.fetched (constraints: m:b:u:l)
10-20 12:36:51.032  1279  1897 I SuperDelight: SuperDelightManager$4.onSuccess():669 delight sync success, adding to data file manager
10-20 12:36:51.033  1279  1897 I DataFileManager: DataFileManager.addDataWithoutNotify():167 adding data en-US delight
10-20 12:36:51.104  1279  1550 I SP      : Successfully got manifest for emoji-manifest: manifests:emoji-20210928
10-20 12:36:51.131  4716  4747 D CompatibilityChangeReporter: Compat change id reported: 160794467; UID 10126; state: ENABLED
10-20 12:36:51.148   530  2254 D ConnectivityService: requestNetwork for uid/pid:1000/530 asUid: 10126 activeRequest: null callbackRequest: 92 [NetworkRequest [ REQUEST id=93, [ Capabilities: INTERNET&NOT_RESTRICTED&TRUSTED&NOT_VCN_MANAGED Uid: 10126 RequestorUid: 1000 RequestorPkg: android] ]] callback flags: 0 priority: 2147483647
10-20 12:36:51.150   530   723 D ConnectivityService: NetReassign [93 : null  100]
10-20 12:36:51.153   530   716 D WifiNetworkFactory: got request NetworkRequest [ REQUEST id=93, [ Capabilities: INTERNET&NOT_RESTRICTED&TRUSTED&NOT_VCN_MANAGED Uid: 10126 RequestorUid: 1000 RequestorPkg: android] ]
10-20 12:36:51.153   530   716 D UntrustedWifiNetworkFactory: got request NetworkRequest [ REQUEST id=93, [ Capabilities: INTERNET&NOT_RESTRICTED&TRUSTED&NOT_VCN_MANAGED Uid: 10126 RequestorUid: 1000 RequestorPkg: android] ]
10-20 12:36:51.153   530   716 D OemPaidWifiNetworkFactory: got request NetworkRequest [ REQUEST id=93, [ Capabilities: INTERNET&NOT_RESTRICTED&TRUSTED&NOT_VCN_MANAGED Uid: 10126 RequestorUid: 1000 RequestorPkg: android] ]
10-20 12:36:51.168   530  3508 D ConnectivityService: requestNetwork for uid/pid:10126/4716 activeRequest: null callbackRequest: 94 [NetworkRequest [ REQUEST id=95, [ Capabilities: INTERNET&NOT_RESTRICTED&TRUSTED&NOT_VCN_MANAGED Uid: 10126 RequestorUid: 10126 RequestorPkg: com.google.android.apps.photos] ]] callback flags: 0 priority: 2147483647
10-20 12:36:51.169   530   723 D ConnectivityService: NetReassign [95 : null  100]
10-20 12:36:51.171   530   716 D WifiNetworkFactory: got request NetworkRequest [ REQUEST id=95, [ Capabilities: INTERNET&NOT_RESTRICTED&TRUSTED&NOT_VCN_MANAGED Uid: 10126 RequestorUid: 10126 RequestorPkg: com.google.android.apps.photos] ]
10-20 12:36:51.171   530   716 D UntrustedWifiNetworkFactory: got request NetworkRequest [ REQUEST id=95, [ Capabilities: INTERNET&NOT_RESTRICTED&TRUSTED&NOT_VCN_MANAGED Uid: 10126 RequestorUid: 10126 RequestorPkg: com.google.android.apps.photos] ]
10-20 12:36:51.171   530   716 D OemPaidWifiNetworkFactory: got request NetworkRequest [ REQUEST id=95, [ Capabilities: INTERNET&NOT_RESTRICTED&TRUSTED&NOT_VCN_MANAGED Uid: 10126 RequestorUid: 10126 RequestorPkg: com.google.android.apps.photos] ]
10-20 12:36:51.188  1279  1550 I EmojiSlicingStrategy: EmojiSlicingStrategy.matchEnabledLocalesWithPackLocales():136 matchEnabledLocalesWithPackLocales() : User enabled 1 locales; returning 1 slices
10-20 12:36:51.188  1279  1550 I SP      : Syncing emoji (20210928) with slices: [{f3e8ef9a2eea15b0459d82fa3609b4c7, m:*:*:*}], metadata: false
10-20 12:36:51.201  2327  2327 V ServiceBinding: notify unbound atve{code=CANCELLED, description=null, cause=null}
10-20 12:36:51.201  2327  2327 V ServiceBinding: com.google.common.flogger.LogSiteStackTrace: MEDIUM
10-20 12:36:51.201  2327  2327 V ServiceBinding: 	at aowk.b(PG:1)
10-20 12:36:51.201  2327  2327 V ServiceBinding: 	at aowj.run(PG:2)
10-20 12:36:51.201  2327  2327 V ServiceBinding: 	at android.os.Handler.handleCallback(Handler.java:938)
10-20 12:36:51.201  2327  2327 V ServiceBinding: 	at android.os.Handler.dispatchMessage(Handler.java:99)
10-20 12:36:51.201  2327  2327 V ServiceBinding: 	at android.os.Looper.loopOnce(Looper.java:201)
10-20 12:36:51.201  2327  2327 V ServiceBinding: 	at android.os.Looper.loop(Looper.java:288)
10-20 12:36:51.201  2327  2327 V ServiceBinding: 	at android.app.ActivityThread.main(ActivityThread.java:7839)
10-20 12:36:51.201  2327  2327 V ServiceBinding: 	at java.lang.reflect.Method.invoke(Native Method)
10-20 12:36:51.201  2327  2327 V ServiceBinding: 	at com.android.internal.os.RuntimeInit$MethodAndArgsCaller.run(RuntimeInit.java:548)
10-20 12:36:51.201  2327  2327 V ServiceBinding: 	at com.android.internal.os.ZygoteInit.main(ZygoteInit.java:1003)
10-20 12:36:51.201  2327  2327 V ServiceBinding: notify unbound - notifying
10-20 12:36:51.205  2327  2355 I android.vendin: oneway function results for code 2 on binder at 0x703a47936c60 will be dropped but finished with status UNKNOWN_TRANSACTION
10-20 12:36:51.214  3478  3478 I Finsky:download_service: [2] pee.onDestroy(8): IPC-SERVER: Stopping gRPC host service...
10-20 12:36:51.283  1279  1550 I SP      : Scheduling job with delay of 0s for {m:b:u:l, bg}, 1 candidates
10-20 12:36:51.291  1279  1550 I SP      : Scheduling: download registered, 0 started, 0 paused, 1 scheduled, 1 pending: emoji:f3e8ef9a2eea15b0459d82fa3609b4c7 * {m:b:u:l, bg}
10-20 12:36:51.293  1279  1550 I SP      : Successfully got manifest for content_cache-manifest: manifests:content_cache-2021061512
10-20 12:36:51.333  1279  1279 I SpBackgroundTask: SuperpacksBackgroundJobService.onStartJob():23 onStartJob: android.app.job.JobParameters@618fa86
10-20 12:36:51.333  1279  1279 I SP      : ====> Starting job {m:b:u:l, bg}
10-20 12:36:51.349  3315  3315 I ViewInteraction: Performing 'single click' action on view view.getId() is <2131230835/com.example.lunchtray:id/bread>
10-20 12:36:51.427  1279  1550 I SP      : Scheduling: job start ({m:b:u:l, bg}), 1 started, 0 paused, 0 scheduled, 1 pending: emoji:f3e8ef9a2eea15b0459d82fa3609b4c7 @ * {m:b:u:l, bg}
10-20 12:36:51.451  1279  1550 I SP      : Requesting download of URL https://www.gstatic.com/android/keyboard/emoji/20210928151924/en_us.zip to f3e8ef9a2eea15b0459d82fa3609b4c7.zip.fetched (constraints: m:b:u:l)
10-20 12:36:51.458  1279  1550 I SP      : Syncing content_cache (2021061512) with slices: [9e22973d4ff86e79a43b587d114f5a4e, 73c10eff89726f4122ae1887121fdee6], metadata: true
10-20 12:36:51.499  1171  4221 W Conscrypt: Could not set socket write timeout: java.net.SocketException: Socket closed
10-20 12:36:51.501  1171  4221 W Conscrypt: 	at com.google.android.gms.org.conscrypt.Platform.setSocketWriteTimeout(:com.google.android.gms@212423056@21.24.23 (190800-396046673):2)
10-20 12:36:51.501  1171  4221 W Conscrypt: 	at com.google.android.gms.org.conscrypt.ConscryptFileDescriptorSocket.setSoWriteTimeout(:com.google.android.gms@212423056@21.24.23 (190800-396046673):0)
10-20 12:36:51.618  1171  4221 W Conscrypt: Could not set socket write timeout: java.net.SocketException: Socket closed
10-20 12:36:51.619  1171  4221 W Conscrypt: 	at com.google.android.gms.org.conscrypt.Platform.setSocketWriteTimeout(:com.google.android.gms@212423056@21.24.23 (190800-396046673):2)
10-20 12:36:51.619  1171  4221 W Conscrypt: 	at com.google.android.gms.org.conscrypt.ConscryptFileDescriptorSocket.setSoWriteTimeout(:com.google.android.gms@212423056@21.24.23 (190800-396046673):0)
10-20 12:36:51.661  3315  3315 I ViewInteraction: Checking 'MatchesViewAssertion{viewMatcher=an instance of android.widget.TextView and view.getText() with or without transformation to match: a string containing "Subtotal: $10.00"}' assertion on view view.getId() is <2131231217/com.example.lunchtray:id/subtotal>
10-20 12:36:51.663  1279  1550 I SP      : Scheduling: download registered, 1 started, 0 paused, 0 scheduled, 2 pending: emoji:f3e8ef9a2eea15b0459d82fa3609b4c7 @ {m:b:u:l, bg}, content_cache:9e22973d4ff86e79a43b587d114f5a4e @ * {m:b:u:l, bg}
10-20 12:36:51.663  3315  3315 I ViewInteraction: Performing 'single click' action on view view.getId() is <2131231081/com.example.lunchtray:id/next_button>
10-20 12:36:51.673   344   344 I Zygote  : Process 4299 exited due to signal 9 (Killed)
10-20 12:36:51.694   787   858 D PeopleSpaceWidgetMgr: Sbn doesn't contain valid PeopleTileKey: null/0/com.google.android.apps.messaging
10-20 12:36:51.702   530   579 I libprocessgroup: Successfully killed process cgroup uid 10095 pid 4299 in 45ms
10-20 12:36:51.731   787   848 D EGL_emulation: app_time_stats: avg=462.51ms min=4.48ms max=7152.46ms count=16
10-20 12:36:51.738  1279  1550 I SP      : Scheduling: download registered, 1 started, 0 paused, 0 scheduled, 3 pending: emoji:f3e8ef9a2eea15b0459d82fa3609b4c7 @ {m:b:u:l, bg}, content_cache:9e22973d4ff86e79a43b587d114f5a4e @ {m:b:u:l, bg}, content_cache:73c10eff89726f4122ae1887121fdee6 @ * {m:b:u:l, bg}
10-20 12:36:51.739  1279  1550 I SP      : Requesting download of URL https://www.gstatic.com/android/keyboard/modelpack/contentcache/202106151201/emoji2expr.pb to 9e22973d4ff86e79a43b587d114f5a4e.fetched (constraints: m:b:u:l)
10-20 12:36:51.739  1279  1550 I SP      : Requesting download of URL https://www.gstatic.com/android/keyboard/modelpack/contentcache/202106151201/contextual_ek.pb to 73c10eff89726f4122ae1887121fdee6.fetched (constraints: m:b:u:l)
10-20 12:36:51.739  1279  1550 I SP      : Successfully got manifest for delight-manifest: manifests:delight-2021093005
10-20 12:36:51.754  1279  4766 W putmethod.lati: Accessing hidden method Lcom/android/org/conscrypt/ConscryptEngineSocket;->setUseSessionTickets(Z)V (max-target-q,core-platform-api, reflection, denied)
10-20 12:36:51.754  1279  4766 W putmethod.lati: Accessing hidden method Lcom/android/org/conscrypt/OpenSSLSocketImpl;->setUseSessionTickets(Z)V (max-target-q,core-platform-api, reflection, denied)
10-20 12:36:51.754  1279  4766 W putmethod.lati: Accessing hidden method Lcom/android/org/conscrypt/AbstractConscryptSocket;->setUseSessionTickets(Z)V (max-target-q, reflection, denied)
10-20 12:36:51.754  1279  4766 W putmethod.lati: Accessing hidden method Lcom/android/org/conscrypt/ConscryptEngineSocket;->setHostname(Ljava/lang/String;)V (max-target-q,core-platform-api, reflection, denied)
10-20 12:36:51.754  1279  4766 W putmethod.lati: Accessing hidden method Lcom/android/org/conscrypt/OpenSSLSocketImpl;->setHostname(Ljava/lang/String;)V (max-target-q,core-platform-api, reflection, denied)
10-20 12:36:51.754  1279  4766 W putmethod.lati: Accessing hidden method Lcom/android/org/conscrypt/AbstractConscryptSocket;->setHostname(Ljava/lang/String;)V (max-target-q, reflection, denied)
10-20 12:36:51.754  1279  4766 W putmethod.lati: Accessing hidden method Lcom/android/org/conscrypt/OpenSSLSocketImpl;->setAlpnProtocols([B)V (max-target-q,core-platform-api, reflection, denied)
10-20 12:36:51.754  1279  4766 W putmethod.lati: Accessing hidden method Lcom/android/org/conscrypt/AbstractConscryptSocket;->setAlpnProtocols([B)V (max-target-q, reflection, denied)
10-20 12:36:51.783  3315  3370 D EGL_emulation: app_time_stats: avg=21.28ms min=13.37ms max=196.63ms count=47
10-20 12:36:51.800  1279  1291 W SP      : File ref is being finalized but wasn't closed, file: main_en_us_2021062100_1[2]
10-20 12:36:51.833  1279  1550 I SuperDelight: SuperDelightDownloadMetadataParser.parse():183 SuperDelightDownloadMetadataParser#parse(delight): Manifest parsed with 885 packs
10-20 12:36:51.845  2327  4770 I Finsky  : [158] gaz.a(1): Completed 0 account content syncs with 0 successful.
10-20 12:36:51.846  2327  2327 I Finsky  : [2] ContentSyncJob.a(1): [ContentSync] Installation state replication succeeded.
10-20 12:36:51.847  2327  2327 I Finsky  : [2] wja.o(4): SCH: jobFinished: 12-1. TimeElapsed: 1558ms.
10-20 12:36:51.848  2327  2327 I Finsky  : [2] wic.a(3): SCH: Job 12-1 finished. Not rescheduling.
10-20 12:36:51.849  2327  2327 I Finsky  : [2] wib.handleMessage(29): SCH: RunningQueue size: 0, PendingQueue size: 0
10-20 12:36:51.849  2327  2327 I Finsky  : [2] wib.handleMessage(35): SCH: Waiting on changed job store
10-20 12:36:51.861  1279  4766 W putmethod.lati: Accessing hidden method Lcom/android/org/conscrypt/OpenSSLSocketImpl;->getAlpnSelectedProtocol()[B (max-target-q,core-platform-api, reflection, denied)
10-20 12:36:51.861  1279  4766 W putmethod.lati: Accessing hidden method Lcom/android/org/conscrypt/AbstractConscryptSocket;->getAlpnSelectedProtocol()[B (max-target-q, reflection, denied)
10-20 12:36:51.878  1279  1903 I SuperDelight: SuperDelightManager.lambda$syncDownloadableLanguageModels$6():600 SuperDelightManager#syncDownloadableLanguageModels(delight): [OnDevice] Syncing for version 2021093005
10-20 12:36:51.922  4339  4775 D IMSSE-FcmService: New token: e44IqyZqQtGl07JS-g3Ijp:APA91bGButFDzeGyEqQHLkTP0mkpSshvjjSzW4DIfDgExX-mbplD_YkKFpQy0GT4bCkOibo3as-MfNlkgHaqsPNH9gbNLd0oKcqUe1AoMi-rJ2WnPsEQf0nmRrCtoCOLjdF15N_2TdBb
10-20 12:36:51.922  4339  4775 D IMSSE-JobManager: Schedule REGISTER_FCM_JOB_ID once has network connection.
10-20 12:36:51.922  4339  4775 D IMSSE-TelephonyUtils: Can't find actived subscription for -1
10-20 12:36:51.929  1171  4221 I Checkin : [CheckinRequestProcessor] updateCheckinIdTokenFileFromResponse, Reading existing AID
10-20 12:36:51.930  1279  1550 I SP      : Successfully got manifest for transformer_concept-manifest: manifests:transformer_concept-2020102810
10-20 12:36:51.935  1171  4221 I Checkin : [CheckinRequestProcessor] Default Task : Checkin Succeeded: https://android.googleapis.com/checkin (fragment #1).
10-20 12:36:51.967  1171  4221 I Checkin : [CheckinOperation] Checkin Operation finished with result: SUCCESS finish time: 79740.
10-20 12:36:51.968  4004  4004 I SetupWizard: [bxl] Checkin success resultCode=21021
10-20 12:36:51.968  4004  4004 I SetupWizard: [bxl] Rechecking condition. CheckinTask result=21021
10-20 12:36:51.968  4004  4004 I SetupWizard: [bxl] Checking Android ID
10-20 12:36:51.968  4004  4004 I SetupWizard: [bxl] Last checkin fingerprint=google/sdk_gphone64_x86_64/emulator64_x86_64_arm64:12/SE1A.211212.001.B1/8023802:user/release-keys
10-20 12:36:51.968  4004  4004 I SetupWizard: [bxl] Checkin complete
10-20 12:36:51.971  1279  1550 I SuperDelight: SuperDelightDownloadSlicingStrategy.getSlices():82 DownloadSlicing#getSlices() : Locale = [en_US]
10-20 12:36:51.982  1279  1550 I SuperDelight: SuperDelightDownloadSlicingStrategy.getSlices():229 DownloadSlicing#getSlices(): result {slices=[delight:main_en_us_2021062100_1, delight:main_en_840_2021081100_1], last batch=true, sync metadata=false}
10-20 12:36:51.982  1279  1550 I SP      : Syncing delight (2021093005) with slices: [main_en_us_2021062100_1, main_en_840_2021081100_1], metadata: false
10-20 12:36:51.983  1279  1550 I SP      : Successfully got manifest for gboard-small-speech-packs-manifest: manifests:gboard-small-speech-packs-1327534105
10-20 12:36:51.986   773   773 V MediaPlayerList: mPackageChangedBroadcastReceiver: action: android.intent.action.PACKAGE_CHANGED
10-20 12:36:51.986   773   773 D MediaPlayerList: Name of package changed: com.android.camera2
10-20 12:36:51.993   530   630 I RoleService: Granting default roles...
10-20 12:36:52.000   530   636 I InputReader: Reconfiguring input devices, changes=KEYBOARD_LAYOUTS |
10-20 12:36:52.005  3315  3315 I ViewInteraction: Checking 'MatchesViewAssertion{viewMatcher=an instance of android.widget.TextView and view.getText() with or without transformation to match: a string containing "Subtotal: $10.00"}' assertion on view view.getId() is <2131231217/com.example.lunchtray:id/subtotal>
10-20 12:36:52.006  1279  1550 I SP      : Syncing transformer_concept (2020102810) with slices: [2020102810_en], metadata: false
10-20 12:36:52.007  3315  3354 I TestRunner: finished: subtotal_updates_in_full_order_flow(com.example.lunchtray.OrderFunctionalityTests)
