10-20 12:36:35.293  2327  3465 D HeterodyneSyncer: updateFlag: com.google.android.finsky.stable, 82594910, 3, , CloudProfileSelfUpdate__enable_dm_installing
10-20 12:36:35.293  2327  3465 D HeterodyneSyncer: updateFlag: com.google.android.finsky.stable, 82594910, 3, , ClusterInstalling__enable_serp_cluster_installing
10-20 12:36:35.296  2327  3465 D HeterodyneSyncer: updateFlag: com.google.android.finsky.stable, 82594910, 3, , ClusterInstalling__enable_top_charts_cluster_installing
10-20 12:36:35.296  2327  3465 D HeterodyneSyncer: updateFlag: com.google.android.finsky.stable, 82594910, 3, , ClusterInstalling__enable_wide_media_cluster_installing
10-20 12:36:35.296  2327  3465 D HeterodyneSyncer: updateFlag: com.google.android.finsky.stable, 82594910, 3, , ClusterTitleLayout__enable_cluster_title_layout_v2
10-20 12:36:35.296  2327  3465 D HeterodyneSyncer: updateFlag: com.google.android.finsky.stable, 82594910, 3, , ContentPaddingOnDetailsfragment__is_enabled
10-20 12:36:35.296  2327  3465 D HeterodyneSyncer: updateFlag: com.google.android.finsky.stable, 82594910, 3, , CrossFormFactorInstall__cross_device_install_cached_request_timeout
10-20 12:36:35.297  2327  3465 D HeterodyneSyncer: updateFlag: com.google.android.finsky.stable, 82594910, 3, , CrossFormFactorInstall__cross_device_install_module_max_rows
10-20 12:36:35.297  2327  3465 D HeterodyneSyncer: updateFlag: com.google.android.finsky.stable, 82594910, 3, , CrossFormFactorInstall__enable_filter_device_without_installation_details
10-20 12:36:35.297  2327  3465 D HeterodyneSyncer: updateFlag: com.google.android.finsky.stable, 82594910, 3, , CrossFormFactorInstall__fake_devices
10-20 12:36:35.297  2327  3465 D HeterodyneSyncer: updateFlag: com.google.android.finsky.stable, 82594910, 3, , CrossFormFactorSearch__enable_xff_search
10-20 12:36:35.297  2327  3465 D HeterodyneSyncer: updateFlag: com.google.android.finsky.stable, 82594910, 3, , D30__enable_auto_scroll_from_sticky_nav
10-20 12:36:35.297  2327  3465 D HeterodyneSyncer: updateFlag: com.google.android.finsky.stable, 82594910, 3, , D30__enable_developer_page_redesign
10-20 12:36:35.297  2327  3465 D HeterodyneSyncer: updateFlag: com.google.android.finsky.stable, 82594910, 3, , DarkTheme__dark_theme_enabled_features_for_billing
10-20 12:36:35.297  2327  3465 D HeterodyneSyncer: updateFlag: com.google.android.finsky.stable, 82594910, 3, , DarkTheme__force_dark_theme
10-20 12:36:35.297  2327  3465 D HeterodyneSyncer: updateFlag: com.google.android.finsky.stable, 82594910, 3, , DataLoader__disable_on_install_loop
10-20 12:36:35.298  2327  3465 D HeterodyneSyncer: updateFlag: com.google.android.finsky.stable, 82594910, 3, , DataLoader__downloader_network_read_buffer_bytes
10-20 12:36:35.298  2327  3465 D HeterodyneSyncer: updateFlag: com.google.android.finsky.stable, 82594910, 3, , DataLoader__downloader_network_read_timeout_ms
10-20 12:36:35.298  2327  3465 D HeterodyneSyncer: updateFlag: com.google.android.finsky.stable, 82594910, 3, , DataLoader__enable_dataloader_failure_record
10-20 12:36:35.298  2327  3465 D HeterodyneSyncer: updateFlag: com.google.android.finsky.stable, 82594910, 3, , DataLoader__enable_incremental_dataloader
10-20 12:36:35.298  2327  3465 D HeterodyneSyncer: updateFlag: com.google.android.finsky.stable, 82594910, 3, , DataLoader__enable_incremental_nugget_installation
10-20 12:36:35.298  2327  3465 D HeterodyneSyncer: updateFlag: com.google.android.finsky.stable, 82594910, 3, , DataLoader__enable_lightning_bolt_icon
10-20 12:36:35.299  2327  3465 D HeterodyneSyncer: updateFlag: com.google.android.finsky.stable, 82594910, 3, , DataLoader__install_failures_per_app_threshold
10-20 12:36:35.299  2327  3465 D HeterodyneSyncer: updateFlag: com.google.android.finsky.stable, 82594910, 3, , DataLoader__install_failures_threshold
10-20 12:36:35.299  2327  3465 D HeterodyneSyncer: updateFlag: com.google.android.finsky.stable, 82594910, 3, , DataLoader__install_loop_threshold_seconds
10-20 12:36:35.299  2327  3465 D HeterodyneSyncer: updateFlag: com.google.android.finsky.stable, 82594910, 3, , DataLoader__killswitch_incremental_dataloader
10-20 12:36:35.300  2327  3465 D HeterodyneSyncer: updateFlag: com.google.android.finsky.stable, 82594910, 3, , DataLoader__migrate_off_incfs
10-20 12:36:35.300  2327  3465 D HeterodyneSyncer: updateFlag: com.google.android.finsky.stable, 82594910, 3, , DataLoader__migrate_off_incfs_app_blocklist
10-20 12:36:35.300  2327  3465 D HeterodyneSyncer: updateFlag: com.google.android.finsky.stable, 82594910, 3, , DataLoader__on_demand_bulk_write_page_count
10-20 12:36:35.300  2327  3465 D HeterodyneSyncer: updateFlag: com.google.android.finsky.stable, 82594910, 3, , DataLoader__override_install_details_app_allowlist
10-20 12:36:35.300  2327  3465 D HeterodyneSyncer: updateFlag: com.google.android.finsky.stable, 82594910, 3, , DataLoader__performance_metrics_rest_stream_progress_chunk_size
10-20 12:36:35.300  2327  3465 D HeterodyneSyncer: updateFlag: com.google.android.finsky.stable, 82594910, 3, , DataLoader__readlogs_cache_expiration_ms
10-20 12:36:35.300  2327  3465 D HeterodyneSyncer: updateFlag: com.google.android.finsky.stable, 82594910, 3, , DataLoader__readlogs_logging_batch_size
10-20 12:36:35.301  2327  3465 D HeterodyneSyncer: updateFlag: com.google.android.finsky.stable, 82594910, 3, , DataLoader__rest_stream_chunk_size_bytes
10-20 12:36:35.301  2327  3465 D HeterodyneSyncer: updateFlag: com.google.android.finsky.stable, 82594910, 3, , DataLoader__rest_stream_download_immediate_fail_http_codes
10-20 12:36:35.301  2327  3465 D HeterodyneSyncer: updateFlag: com.google.android.finsky.stable, 82594910, 3, , DataLoader__rest_stream_download_initial_retry_delay
10-20 12:36:35.301  2327  3465 D HeterodyneSyncer: updateFlag: com.google.android.finsky.stable, 82594910, 3, , DataLoader__rest_stream_download_max_delay_time
10-20 12:36:35.301  2327  3465 D HeterodyneSyncer: updateFlag: com.google.android.finsky.stable, 82594910, 3, , DataLoader__rest_stream_download_max_total_retry_time
10-20 12:36:35.301  2327  3465 D HeterodyneSyncer: updateFlag: com.google.android.finsky.stable, 82594910, 3, , DataLoader__rest_stream_progress_reporting_chunk_interval
10-20 12:36:35.301  2327  3465 D HeterodyneSyncer: updateFlag: com.google.android.finsky.stable, 82594910, 3, , DataLoader__set_incremental_readlogs_not_privacy_sensitive
10-20 12:36:35.301  2327  3465 D HeterodyneSyncer: updateFlag: com.google.android.finsky.stable, 82594910, 3, , DataLoader__show_toast_in_release_build
10-20 12:36:35.301  2327  3465 D HeterodyneSyncer: updateFlag: com.google.android.finsky.stable, 82594910, 3, , DataLoader__streaming_environment
10-20 12:36:35.302  2327  3465 D HeterodyneSyncer: updateFlag: com.google.android.finsky.stable, 82594910, 3, , DataLoader__temp_data_loader_files_expiration_ms
10-20 12:36:35.302  2404  2526 I WM-GreedyScheduler: Ignoring schedule request in a secondary process
10-20 12:36:35.302  2327  3465 D HeterodyneSyncer: updateFlag: com.google.android.finsky.stable, 82594910, 3, , DecideBadgeCenterAligned__enable_decide_badge_center_alignment
10-20 12:36:35.302  2327  3465 D HeterodyneSyncer: updateFlag: com.google.android.finsky.stable, 82594910, 3, , DetailsFragmentContentPadding__is_enabled
10-20 12:36:35.302  2327  3465 D HeterodyneSyncer: updateFlag: com.google.android.finsky.stable, 82594910, 3, , DetailsToDeliveryToken__is_enabled
10-20 12:36:35.302  2327  3465 D HeterodyneSyncer: updateFlag: com.google.android.finsky.stable, 82594910, 3, , DocKeyedCache__clear_item_cache_on_reasons
10-20 12:36:35.302  2327  3465 D HeterodyneSyncer: updateFlag: com.google.android.finsky.stable, 82594910, 3, , DocKeyedCache__do_blocking_io_on_future
10-20 12:36:35.302  2327  3465 D HeterodyneSyncer: updateFlag: com.google.android.finsky.stable, 82594910, 3, , DocKeyedCache__enable_disk_write_on_bg
10-20 12:36:35.303  2327  3465 D HeterodyneSyncer: updateFlag: com.google.android.finsky.stable, 82594910, 3, , DocKeyedCache__enable_get_items_without_consistency_token
10-20 12:36:35.303  2327  3465 D HeterodyneSyncer: updateFlag: com.google.android.finsky.stable, 82594910, 3, , DocKeyedCache__enable_item_cache_clearing
10-20 12:36:35.303  2327  3465 D HeterodyneSyncer: updateFlag: com.google.android.finsky.stable, 82594910, 3, , DocKeyedCache__enable_minimal_locking
10-20 12:36:35.303  2327  3465 D HeterodyneSyncer: updateFlag: com.google.android.finsky.stable, 82594910, 3, , DocKeyedCache__item_cache_size_in_mb
10-20 12:36:35.303  2327  3465 D HeterodyneSyncer: updateFlag: com.google.android.finsky.stable, 82594910, 3, , DocKeyedCache__prewarm_item_cache_in_task
10-20 12:36:35.303  2327  3465 D HeterodyneSyncer: updateFlag: com.google.android.finsky.stable, 82594910, 3, , DocKeyedCache__stop_clearing_item_store_on_self_update
10-20 12:36:35.303  2327  3465 D HeterodyneSyncer: updateFlag: com.google.android.finsky.stable, 82594910, 3, , DocKeyedCache__support_multiple_vx
10-20 12:36:35.303  2327  3465 D HeterodyneSyncer: updateFlag: com.google.android.finsky.stable, 82594910, 3, , DocKeyedCache__use_bytes_for_item_field_mask
10-20 12:36:35.303  2327  3465 D HeterodyneSyncer: updateFlag: com.google.android.finsky.stable, 82594910, 3, , DocKeyedCache__use_store_cacheability_killswitch
10-20 12:36:35.304  2327  3465 D HeterodyneSyncer: updateFlag: com.google.android.finsky.stable, 82594910, 3, , DownloadService__cronet_enable_http2
10-20 12:36:35.304  2327  3465 D HeterodyneSyncer: updateFlag: com.google.android.finsky.stable, 82594910, 3, , DownloadService__cronet_enable_nel
10-20 12:36:35.304  2327  3465 D HeterodyneSyncer: updateFlag: com.google.android.finsky.stable, 82594910, 3, , DownloadService__cronet_enable_quic
10-20 12:36:35.304  2327  3465 D HeterodyneSyncer: updateFlag: com.google.android.finsky.stable, 82594910, 3, , DownloadService__cronet_enable_quic_store_server_configs_in_properties
10-20 12:36:35.304  2327  3465 D HeterodyneSyncer: updateFlag: com.google.android.finsky.stable, 82594910, 3, , DownloadService__enable_jobscheduler_will_be_foreground_flag
10-20 12:36:35.304  2327  3465 D HeterodyneSyncer: updateFlag: com.google.android.finsky.stable, 82594910, 3, , DownloadService__enable_phonesky_scheduler_for_post_n
10-20 12:36:35.304  2327  3465 D HeterodyneSyncer: updateFlag: com.google.android.finsky.stable, 82594910, 3, , DownloadService__enable_resource_manager_download_service_adapter
10-20 12:36:35.304  2327  3465 D HeterodyneSyncer: updateFlag: com.google.android.finsky.stable, 82594910, 3, , DownloadService__notifications_dismissible_for_pre_o
10-20 12:36:35.305  2327  3465 D HeterodyneSyncer: updateFlag: com.google.android.finsky.stable, 82594910, 3, , DownloadService__show_manage_notification_button
10-20 12:36:35.305  2327  3465 D HeterodyneSyncer: updateFlag: com.google.android.finsky.stable, 82594910, 3, , Downloadbuddy__unopened_threshold_duration_minutes
10-20 12:36:35.305  2327  3465 D HeterodyneSyncer: updateFlag: com.google.android.finsky.stable, 82594910, 3, , EnableBadgeRedesign__content_rating_learn_more_url_param
10-20 12:36:35.305  2327  3465 D HeterodyneSyncer: updateFlag: com.google.android.finsky.stable, 82594910, 3, , EnableBadgeRedesign__enable_merging_category_and_top_chart_ranking_tag
10-20 12:36:35.306  2327  3465 D HeterodyneSyncer: updateFlag: com.google.android.finsky.stable, 82594910, 3, , EnableBadgeRedesign__enable_new_game_discover_tag
10-20 12:36:35.306  2327  3465 D HeterodyneSyncer: updateFlag: com.google.android.finsky.stable, 82594910, 3, , EnableBadgeRedesign__enable_preregistration_discover_tag
10-20 12:36:35.307  1101  2593 E atwd    : Phenotype API error. Event # cngu@d11c33c, EventCode: 5 [CONTEXT service_id=51 ]
10-20 12:36:35.307  1101  2593 E atwd    : atvi: 29500: Empty (package not registered?) or malformed snapshot token:
10-20 12:36:35.307  1101  2593 E atwd    : 	at atwg.b(:com.google.android.gms@212423056@21.24.23 (190800-396046673):9)
10-20 12:36:35.307  1101  2593 E atwd    : 	at atwf.e(:com.google.android.gms@212423056@21.24.23 (190800-396046673):0)
10-20 12:36:35.307  1101  2593 E atwd    : 	at atwd.d(:com.google.android.gms@212423056@21.24.23 (190800-396046673):4)
10-20 12:36:35.307  1101  2593 E atwd    : 	at atwd.f(:com.google.android.gms@212423056@21.24.23 (190800-396046673):2)
10-20 12:36:35.307  1101  2593 E atwd    : 	at acvu.run(:com.google.android.gms@212423056@21.24.23 (190800-396046673):17)
10-20 12:36:35.307  1101  2593 E atwd    : 	at bvgk.run(:com.google.android.gms@212423056@21.24.23 (190800-396046673):2)
10-20 12:36:35.307  1101  2593 E atwd    : 	at ubg.c(:com.google.android.gms@212423056@21.24.23 (190800-396046673):6)
10-20 12:36:35.307  1101  2593 E atwd    : 	at ubg.run(:com.google.android.gms@212423056@21.24.23 (190800-396046673):7)
10-20 12:36:35.307  1101  2593 E atwd    : 	at java.util.concurrent.ThreadPoolExecutor.runWorker(ThreadPoolExecutor.java:1167)
10-20 12:36:35.307  1101  2593 E atwd    : 	at java.util.concurrent.ThreadPoolExecutor$Worker.run(ThreadPoolExecutor.java:641)
10-20 12:36:35.307  1101  2593 E atwd    : 	at uhc.run(:com.google.android.gms@212423056@21.24.23 (190800-396046673):0)
10-20 12:36:35.307  1101  2593 E atwd    : 	at java.lang.Thread.run(Thread.java:920)
10-20 12:36:35.308  2327  3465 D HeterodyneSyncer: updateFlag: com.google.android.finsky.stable, 82594910, 3, , EnableBadgeRedesign__exposure_notification_badge_image_url
10-20 12:36:35.308  2327  3465 D HeterodyneSyncer: updateFlag: com.google.android.finsky.stable, 82594910, 3, , EnableBadgeRedesign__new_game_cutoff_days
10-20 12:36:35.308  2327  3465 D HeterodyneSyncer: updateFlag: com.google.android.finsky.stable, 82594910, 3, , EnableBadgeRedesign__show_apk_size_badge
10-20 12:36:35.309  2327  3465 D HeterodyneSyncer: updateFlag: com.google.android.finsky.stable, 82594910, 3, , EnableBadgeRedesign__use_badge_redesign_for_app_details
10-20 12:36:35.309  2327  3465 D HeterodyneSyncer: updateFlag: com.google.android.finsky.stable, 82594910, 3, , EnableDirectoryStorageUsageLogging__is_enabled
10-20 12:36:35.309  2327  3465 D HeterodyneSyncer: updateFlag: com.google.android.finsky.stable, 82594910, 3, , EnableGetItemForDetails__use_get_item_for_app_details
10-20 12:36:35.309  2327  3465 D HeterodyneSyncer: updateFlag: com.google.android.finsky.stable, 82594910, 3, , EnterpriseMainlineAutoUpdate__disable_mainline_update_policy
10-20 12:36:35.310  1101  2593 E AsyncOperation: operation=CommitToConfigurationOperationCall, opStatusCode=29500 [CONTEXT service_id=51 ]
10-20 12:36:35.310  1101  2593 E AsyncOperation: OperationException[Status{statusCode=Empty (package not registered?) or malformed snapshot token: , resolution=null}]
10-20 12:36:35.310  1101  2593 E AsyncOperation: 	at atwd.d(:com.google.android.gms@212423056@21.24.23 (190800-396046673):6)
10-20 12:36:35.310  1101  2593 E AsyncOperation: 	at atwd.f(:com.google.android.gms@212423056@21.24.23 (190800-396046673):2)
10-20 12:36:35.310  1101  2593 E AsyncOperation: 	at acvu.run(:com.google.android.gms@212423056@21.24.23 (190800-396046673):17)
10-20 12:36:35.310  1101  2593 E AsyncOperation: 	at bvgk.run(:com.google.android.gms@212423056@21.24.23 (190800-396046673):2)
10-20 12:36:35.310  1101  2593 E AsyncOperation: 	at ubg.c(:com.google.android.gms@212423056@21.24.23 (190800-396046673):6)
10-20 12:36:35.310  1101  2593 E AsyncOperation: 	at ubg.run(:com.google.android.gms@212423056@21.24.23 (190800-396046673):7)
10-20 12:36:35.310  1101  2593 E AsyncOperation: 	at java.util.concurrent.ThreadPoolExecutor.runWorker(ThreadPoolExecutor.java:1167)
10-20 12:36:35.310  1101  2593 E AsyncOperation: 	at java.util.concurrent.ThreadPoolExecutor$Worker.run(ThreadPoolExecutor.java:641)
10-20 12:36:35.310  1101  2593 E AsyncOperation: 	at uhc.run(:com.google.android.gms@212423056@21.24.23 (190800-396046673):0)
10-20 12:36:35.310  1101  2593 E AsyncOperation: 	at java.lang.Thread.run(Thread.java:920)
10-20 12:36:35.311  1101  2593 E atwd    : Phenotype API error. Event # cngu@d11c33c, EventCode: 5 [CONTEXT service_id=51 ]
10-20 12:36:35.311  1101  2593 E atwd    : atvi: 29500: Empty (package not registered?) or malformed snapshot token:
10-20 12:36:35.311  1101  2593 E atwd    : 	at atwg.b(:com.google.android.gms@212423056@21.24.23 (190800-396046673):9)
10-20 12:36:35.311  1101  2593 E atwd    : 	at atwf.e(:com.google.android.gms@212423056@21.24.23 (190800-396046673):0)
10-20 12:36:35.311  1101  2593 E atwd    : 	at atwd.d(:com.google.android.gms@212423056@21.24.23 (190800-396046673):4)
10-20 12:36:35.311  1101  2593 E atwd    : 	at atwd.f(:com.google.android.gms@212423056@21.24.23 (190800-396046673):2)
10-20 12:36:35.311  1101  2593 E atwd    : 	at acvu.run(:com.google.android.gms@212423056@21.24.23 (190800-396046673):17)
10-20 12:36:35.311  1101  2593 E atwd    : 	at bvgk.run(:com.google.android.gms@212423056@21.24.23 (190800-396046673):2)
10-20 12:36:35.311  1101  2593 E atwd    : 	at ubg.c(:com.google.android.gms@212423056@21.24.23 (190800-396046673):6)
10-20 12:36:35.311  1101  2593 E atwd    : 	at ubg.run(:com.google.android.gms@212423056@21.24.23 (190800-396046673):8)
10-20 12:36:35.311  1101  2593 E atwd    : 	at java.util.concurrent.ThreadPoolExecutor.runWorker(ThreadPoolExecutor.java:1167)
10-20 12:36:35.311  1101  2593 E atwd    : 	at java.util.concurrent.ThreadPoolExecutor$Worker.run(ThreadPoolExecutor.java:641)
10-20 12:36:35.311  1101  2593 E atwd    : 	at uhc.run(:com.google.android.gms@212423056@21.24.23 (190800-396046673):0)
10-20 12:36:35.311  1101  2593 E atwd    : 	at java.lang.Thread.run(Thread.java:920)
10-20 12:36:35.313  2327  3465 D HeterodyneSyncer: updateFlag: com.google.android.finsky.stable, 82594910, 3, , Executors__background_core_pool_size
10-20 12:36:35.313  2327  3465 D HeterodyneSyncer: updateFlag: com.google.android.finsky.stable, 82594910, 3, , Executors__background_maximum_pool_size
10-20 12:36:35.313  2327  3465 D HeterodyneSyncer: updateFlag: com.google.android.finsky.stable, 82594910, 3, , FlatCardLite__enable_lite_card_for_wishlist
10-20 12:36:35.313  2327  3465 D HeterodyneSyncer: updateFlag: com.google.android.finsky.stable, 82594910, 3, , Generichomepagelatencysequencing__is_enabled
10-20 12:36:35.313  2327  3465 D HeterodyneSyncer: updateFlag: com.google.android.finsky.stable, 82594910, 3, , GooglePlayProtect__enable_gpp_home_in_phonesky
10-20 12:36:35.313  2327  3465 D HeterodyneSyncer: updateFlag: com.google.android.finsky.stable, 82594910, 3, , Gppwarningcarduiupdate__is_enabled
10-20 12:36:35.313  1101  2708 E atwd    : Phenotype API error. Event # cngu@ef072ae6, EventCode: 5 [CONTEXT service_id=51 ]
10-20 12:36:35.313  1101  2708 E atwd    : atvi: 29500: Empty (package not registered?) or malformed snapshot token:
10-20 12:36:35.313  1101  2708 E atwd    : 	at atwg.b(:com.google.android.gms@212423056@21.24.23 (190800-396046673):9)
10-20 12:36:35.313  1101  2708 E atwd    : 	at atwf.e(:com.google.android.gms@212423056@21.24.23 (190800-396046673):0)
10-20 12:36:35.313  1101  2708 E atwd    : 	at atwd.d(:com.google.android.gms@212423056@21.24.23 (190800-396046673):4)
10-20 12:36:35.313  1101  2708 E atwd    : 	at atwd.f(:com.google.android.gms@212423056@21.24.23 (190800-396046673):2)
10-20 12:36:35.313  1101  2708 E atwd    : 	at acvu.run(:com.google.android.gms@212423056@21.24.23 (190800-396046673):17)
10-20 12:36:35.313  1101  2708 E atwd    : 	at bvgk.run(:com.google.android.gms@212423056@21.24.23 (190800-396046673):2)
10-20 12:36:35.313  1101  2708 E atwd    : 	at ubg.c(:com.google.android.gms@212423056@21.24.23 (190800-396046673):6)
10-20 12:36:35.313  1101  2708 E atwd    : 	at ubg.run(:com.google.android.gms@212423056@21.24.23 (190800-396046673):7)
10-20 12:36:35.313  1101  2708 E atwd    : 	at java.util.concurrent.ThreadPoolExecutor.runWorker(ThreadPoolExecutor.java:1167)
10-20 12:36:35.313  1101  2708 E atwd    : 	at java.util.concurrent.ThreadPoolExecutor$Worker.run(ThreadPoolExecutor.java:641)
10-20 12:36:35.313  1101  2708 E atwd    : 	at uhc.run(:com.google.android.gms@212423056@21.24.23 (190800-396046673):0)
10-20 12:36:35.313  1101  2708 E atwd    : 	at java.lang.Thread.run(Thread.java:920)
10-20 12:36:35.313  2327  3465 D HeterodyneSyncer: updateFlag: com.google.android.finsky.stable, 82594910, 3, , ImageOptimizations__disable_image_cache_clearing_ps
10-20 12:36:35.313  2327  3465 D HeterodyneSyncer: updateFlag: com.google.android.finsky.stable, 82594910, 3, , ImageOptimizations__enable_thread_safe_image_latency_logger
10-20 12:36:35.313  2327  3465 D HeterodyneSyncer: updateFlag: com.google.android.finsky.stable, 82594910, 3, , ImageOptimizations__volley_delivery_on_lightweight_executor
10-20 12:36:35.313  2327  3465 D HeterodyneSyncer: updateFlag: com.google.android.finsky.stable, 82594910, 3, , IncrementalLoggingRetosClientSupport__is_enabled
10-20 12:36:35.314  2327  3465 D HeterodyneSyncer: updateFlag: com.google.android.finsky.stable, 82594910, 3, , InstallApi__enable_arc_direct_push_install
10-20 12:36:35.314  2327  3465 D HeterodyneSyncer: updateFlag: com.google.android.finsky.stable, 82594910, 3, , InstallerV2__enable_installer_logger_v2
10-20 12:36:35.314  2327  3465 D HeterodyneSyncer: updateFlag: com.google.android.finsky.stable, 82594910, 3, , InstallerV2__enable_light_weight_noop_filter
10-20 12:36:35.314  2327  3465 D HeterodyneSyncer: updateFlag: com.google.android.finsky.stable, 82594910, 3, , InstallerV2__enable_request_install_with_availability_check
10-20 12:36:35.314  2327  3465 D HeterodyneSyncer: updateFlag: com.google.android.finsky.stable, 82594910, 3, , InstallerV2__only_pause_system_app_updates
10-20 12:36:35.315  1101  2708 E AsyncOperation: operation=CommitToConfigurationOperationCall, opStatusCode=29500 [CONTEXT service_id=51 ]
10-20 12:36:35.315  1101  2708 E AsyncOperation: OperationException[Status{statusCode=Empty (package not registered?) or malformed snapshot token: , resolution=null}]
10-20 12:36:35.315  1101  2708 E AsyncOperation: 	at atwd.d(:com.google.android.gms@212423056@21.24.23 (190800-396046673):6)
10-20 12:36:35.315  1101  2708 E AsyncOperation: 	at atwd.f(:com.google.android.gms@212423056@21.24.23 (190800-396046673):2)
10-20 12:36:35.315  1101  2708 E AsyncOperation: 	at acvu.run(:com.google.android.gms@212423056@21.24.23 (190800-396046673):17)
10-20 12:36:35.315  1101  2708 E AsyncOperation: 	at bvgk.run(:com.google.android.gms@212423056@21.24.23 (190800-396046673):2)
10-20 12:36:35.315  1101  2708 E AsyncOperation: 	at ubg.c(:com.google.android.gms@212423056@21.24.23 (190800-396046673):6)
10-20 12:36:35.315  1101  2708 E AsyncOperation: 	at ubg.run(:com.google.android.gms@212423056@21.24.23 (190800-396046673):7)
10-20 12:36:35.315  1101  2708 E AsyncOperation: 	at java.util.concurrent.ThreadPoolExecutor.runWorker(ThreadPoolExecutor.java:1167)
10-20 12:36:35.315  1101  2708 E AsyncOperation: 	at java.util.concurrent.ThreadPoolExecutor$Worker.run(ThreadPoolExecutor.java:641)
10-20 12:36:35.315  1101  2708 E AsyncOperation: 	at uhc.run(:com.google.android.gms@212423056@21.24.23 (190800-396046673):0)
10-20 12:36:35.315  1101  2708 E AsyncOperation: 	at java.lang.Thread.run(Thread.java:920)
10-20 12:36:35.315  2327  3465 D HeterodyneSyncer: updateFlag: com.google.android.finsky.stable, 82594910, 3, , InstallerV2__only_pause_system_app_updates_v2
10-20 12:36:35.315  2327  3465 D HeterodyneSyncer: updateFlag: com.google.android.finsky.stable, 82594910, 3, , InstallerV2__use_resourcemanager_phase_2
10-20 12:36:35.315  2327  3465 D HeterodyneSyncer: updateFlag: com.google.android.finsky.stable, 82594910, 3, , Installer__fix_wrong_install_session_from_platform
10-20 12:36:35.315  2327  3465 D HeterodyneSyncer: updateFlag: com.google.android.finsky.stable, 82594910, 3, , Installer__force_activate_static_shared_libraries_all_users
10-20 12:36:35.315  2327  3465 D HeterodyneSyncer: updateFlag: com.google.android.finsky.stable, 82594910, 3, , Installer__support_atomic_installs
10-20 12:36:35.315  2327  3465 D HeterodyneSyncer: updateFlag: com.google.android.finsky.stable, 82594910, 3, , Installer__support_install_existing_package_async
10-20 12:36:35.315  2327  3465 D HeterodyneSyncer: updateFlag: com.google.android.finsky.stable, 82594910, 3, , Installer__use_logging_context_in_installer
10-20 12:36:35.316  2327  3465 D HeterodyneSyncer: updateFlag: com.google.android.finsky.stable, 82594910, 3, , Installer__use_new_uninstalls_api
10-20 12:36:35.316  2327  3465 D HeterodyneSyncer: updateFlag: com.google.android.finsky.stable, 82594910, 3, , InstantCartCache__max_cache_size_in_mebibytes
10-20 12:36:35.316  2327  3465 D HeterodyneSyncer: updateFlag: com.google.android.finsky.stable, 82594910, 3, , InstantCart__bulk_acquire_request_delay_millis
10-20 12:36:35.316  2327  3465 D HeterodyneSyncer: updateFlag: com.google.android.finsky.stable, 82594910, 3, , InstantCart__enable_prefetchable_acquisition
10-20 12:36:35.316  2327  3465 D HeterodyneSyncer: updateFlag: com.google.android.finsky.stable, 82594910, 3, , InstantCart__max_docid_count_per_bulk_acquire_request
10-20 12:36:35.316  1101  2708 E atwd    : Phenotype API error. Event # cngu@d11c33c, EventCode: 5 [CONTEXT service_id=51 ]
10-20 12:36:35.316  1101  2708 E atwd    : atvi: 29500: Empty (package not registered?) or malformed snapshot token:
10-20 12:36:35.316  1101  2708 E atwd    : 	at atwg.b(:com.google.android.gms@212423056@21.24.23 (190800-396046673):9)
10-20 12:36:35.316  1101  2708 E atwd    : 	at atwf.e(:com.google.android.gms@212423056@21.24.23 (190800-396046673):0)
10-20 12:36:35.316  1101  2708 E atwd    : 	at atwd.d(:com.google.android.gms@212423056@21.24.23 (190800-396046673):4)
10-20 12:36:35.316  1101  2708 E atwd    : 	at atwd.f(:com.google.android.gms@212423056@21.24.23 (190800-396046673):2)
10-20 12:36:35.316  1101  2708 E atwd    : 	at acvu.run(:com.google.android.gms@212423056@21.24.23 (190800-396046673):17)
10-20 12:36:35.316  1101  2708 E atwd    : 	at bvgk.run(:com.google.android.gms@212423056@21.24.23 (190800-396046673):2)
10-20 12:36:35.316  1101  2708 E atwd    : 	at ubg.c(:com.google.android.gms@212423056@21.24.23 (190800-396046673):6)
10-20 12:36:35.316  1101  2708 E atwd    : 	at ubg.run(:com.google.android.gms@212423056@21.24.23 (190800-396046673):8)
10-20 12:36:35.316  1101  2708 E atwd    : 	at java.util.concurrent.ThreadPoolExecutor.runWorker(ThreadPoolExecutor.java:1167)
10-20 12:36:35.316  1101  2708 E atwd    : 	at java.util.concurrent.ThreadPoolExecutor$Worker.run(ThreadPoolExecutor.java:641)
10-20 12:36:35.316  1101  2708 E atwd    : 	at uhc.run(:com.google.android.gms@212423056@21.24.23 (190800-396046673):0)
10-20 12:36:35.316  1101  2708 E atwd    : 	at java.lang.Thread.run(Thread.java:920)
10-20 12:36:35.316  2327  3465 D HeterodyneSyncer: updateFlag: com.google.android.finsky.stable, 82594910, 3, , JpkrHomepageRedesign__enable_jpkr_homepage_redesign_v1
10-20 12:36:35.316  2327  3465 D HeterodyneSyncer: updateFlag: com.google.android.finsky.stable, 82594910, 3, , KotlinMigration__enable_navigation_manager_remaining_refactor
10-20 12:36:35.316  2327  3465 D HeterodyneSyncer: updateFlag: com.google.android.finsky.stable, 82594910, 3, , LargeScreens__use_content_padding_on_details
10-20 12:36:35.316  2327  3465 D HeterodyneSyncer: updateFlag: com.google.android.finsky.stable, 82594910, 3, , LiveOpsV3__enable_liveops_v3_cluster_in_stream
10-20 12:36:35.316  1101  2708 E AsyncOperation: operation=CommitToConfigurationOperationCall, opStatusCode=29500 [CONTEXT service_id=51 ]
10-20 12:36:35.316  1101  2708 E AsyncOperation: OperationException[Status{statusCode=Empty (package not registered?) or malformed snapshot token: , resolution=null}]
10-20 12:36:35.316  1101  2708 E AsyncOperation: 	at atwd.d(:com.google.android.gms@212423056@21.24.23 (190800-396046673):6)
10-20 12:36:35.316  1101  2708 E AsyncOperation: 	at atwd.f(:com.google.android.gms@212423056@21.24.23 (190800-396046673):2)
10-20 12:36:35.316  1101  2708 E AsyncOperation: 	at acvu.run(:com.google.android.gms@212423056@21.24.23 (190800-396046673):17)
10-20 12:36:35.316  1101  2708 E AsyncOperation: 	at bvgk.run(:com.google.android.gms@212423056@21.24.23 (190800-396046673):2)
10-20 12:36:35.316  1101  2708 E AsyncOperation: 	at ubg.c(:com.google.android.gms@212423056@21.24.23 (190800-396046673):6)
10-20 12:36:35.316  1101  2708 E AsyncOperation: 	at ubg.run(:com.google.android.gms@212423056@21.24.23 (190800-396046673):8)
10-20 12:36:35.316  1101  2708 E AsyncOperation: 	at java.util.concurrent.ThreadPoolExecutor.runWorker(ThreadPoolExecutor.java:1167)
10-20 12:36:35.316  1101  2708 E AsyncOperation: 	at java.util.concurrent.ThreadPoolExecutor$Worker.run(ThreadPoolExecutor.java:641)
10-20 12:36:35.316  1101  2708 E AsyncOperation: 	at uhc.run(:com.google.android.gms@212423056@21.24.23 (190800-396046673):0)
10-20 12:36:35.316  1101  2708 E AsyncOperation: 	at java.lang.Thread.run(Thread.java:920)
10-20 12:36:35.316  2327  3465 D HeterodyneSyncer: updateFlag: com.google.android.finsky.stable, 82594910, 3, , LiveOpsV3__enable_liveops_v3_details_module
10-20 12:36:35.316  2327  3465 D HeterodyneSyncer: updateFlag: com.google.android.finsky.stable, 82594910, 3, , LiveOpsV3__enable_liveops_v3_edp
10-20 12:36:35.317  2327  3465 D HeterodyneSyncer: updateFlag: com.google.android.finsky.stable, 82594910, 3, , LiveOpsV3__enable_liveops_v3_in_events_stream
10-20 12:36:35.317  2327  3465 D HeterodyneSyncer: updateFlag: com.google.android.finsky.stable, 82594910, 3, , LiveOpsV3__use_server_driven_time_display_style
10-20 12:36:35.317  2327  3465 D HeterodyneSyncer: updateFlag: com.google.android.finsky.stable, 82594910, 3, , LogSampling__log_sampling_test_events
10-20 12:36:35.317  2327  3465 D HeterodyneSyncer: updateFlag: com.google.android.finsky.stable, 82594910, 3, , LogSampling__sampled_background_action_events
10-20 12:36:35.317  2327  3465 D HeterodyneSyncer: updateFlag: com.google.android.finsky.stable, 82594910, 3, , Modularization__enable_mainactivity_delegate
10-20 12:36:35.317  2327  3465 D HeterodyneSyncer: updateFlag: com.google.android.finsky.stable, 82594910, 3, , Modularization__enable_reviews_edit_history_page
10-20 12:36:35.317  1101  2593 E AsyncOperation: operation=CommitToConfigurationOperationCall, opStatusCode=29500 [CONTEXT service_id=51 ]
10-20 12:36:35.317  1101  2593 E AsyncOperation: OperationException[Status{statusCode=Empty (package not registered?) or malformed snapshot token: , resolution=null}]
10-20 12:36:35.317  1101  2593 E AsyncOperation: 	at atwd.d(:com.google.android.gms@212423056@21.24.23 (190800-396046673):6)
10-20 12:36:35.317  1101  2593 E AsyncOperation: 	at atwd.f(:com.google.android.gms@212423056@21.24.23 (190800-396046673):2)
10-20 12:36:35.317  1101  2593 E AsyncOperation: 	at acvu.run(:com.google.android.gms@212423056@21.24.23 (190800-396046673):17)
10-20 12:36:35.317  1101  2593 E AsyncOperation: 	at bvgk.run(:com.google.android.gms@212423056@21.24.23 (190800-396046673):2)
10-20 12:36:35.317  1101  2593 E AsyncOperation: 	at ubg.c(:com.google.android.gms@212423056@21.24.23 (190800-396046673):6)
10-20 12:36:35.317  1101  2593 E AsyncOperation: 	at ubg.run(:com.google.android.gms@212423056@21.24.23 (190800-396046673):8)
10-20 12:36:35.317  1101  2593 E AsyncOperation: 	at java.util.concurrent.ThreadPoolExecutor.runWorker(ThreadPoolExecutor.java:1167)
10-20 12:36:35.317  1101  2593 E AsyncOperation: 	at java.util.concurrent.ThreadPoolExecutor$Worker.run(ThreadPoolExecutor.java:641)
10-20 12:36:35.317  1101  2593 E AsyncOperation: 	at uhc.run(:com.google.android.gms@212423056@21.24.23 (190800-396046673):0)
10-20 12:36:35.317  1101  2593 E AsyncOperation: 	at java.lang.Thread.run(Thread.java:920)
10-20 12:36:35.317  2327  3465 D HeterodyneSyncer: updateFlag: com.google.android.finsky.stable, 82594910, 3, , Modularization__enable_reviews_page
10-20 12:36:35.317  2327  3465 D HeterodyneSyncer: updateFlag: com.google.android.finsky.stable, 82594910, 3, , ModuloRvPool__enable_modulo_rv_pool
10-20 12:36:35.317  2327  3465 D HeterodyneSyncer: updateFlag: com.google.android.finsky.stable, 82594910, 3, , MoviesExperiments__enable_primetime
10-20 12:36:35.317  2327  3465 D HeterodyneSyncer: updateFlag: com.google.android.finsky.stable, 82594910, 3, , MoviesExperiments__enabled_primetime_k2
10-20 12:36:35.318  2327  3465 D HeterodyneSyncer: updateFlag: com.google.android.finsky.stable, 82594910, 3, , MoviesExperiments__killswitch_primetime_play_distributor_sorting
10-20 12:36:35.318  2327  3465 D HeterodyneSyncer: updateFlag: com.google.android.finsky.stable, 82594910, 3, , MoviesSearch__enable_filters
10-20 12:36:35.318  2327  3465 D HeterodyneSyncer: updateFlag: com.google.android.finsky.stable, 82594910, 3, , MyAppsV3__caching_enable_app_info_cache
10-20 12:36:35.318  2327  3465 D HeterodyneSyncer: updateFlag: com.google.android.finsky.stable, 82594910, 3, , MyAppsV3__caching_failed_item_model_ttl
10-20 12:36:35.318  2327  3465 D HeterodyneSyncer: updateFlag: com.google.android.finsky.stable, 82594910, 3, , MyAppsV3__caching_in_memory_cache_timeout
10-20 12:36:35.318  2327  3465 D HeterodyneSyncer: updateFlag: com.google.android.finsky.stable, 82594910, 3, , MyAppsV3__caching_on_device_data_ttl
10-20 12:36:35.318  2327  3465 D HeterodyneSyncer: updateFlag: com.google.android.finsky.stable, 82594910, 3, , MyAppsV3__caching_refresh_delay
10-20 12:36:35.321  2327  3465 D HeterodyneSyncer: updateFlag: com.google.android.finsky.stable, 82594910, 3, , MyAppsV3__caching_successful_item_model_ttl
10-20 12:36:35.328  2404  2530 W A       : Failed to handle FACS broadcast.
10-20 12:36:35.328  2404  2530 W A       : com.google.apps.tiktok.account.data.ai: This is not a google account
10-20 12:36:35.328  2404  2530 W A       : 	at com.google.android.apps.search.googleapp.permissions.udcdataservice.ulr.n.apply(SourceFile:2)
10-20 12:36:35.328  2404  2530 W A       : 	at com.google.apps.tiktok.tracing.di.apply(SourceFile:2)
10-20 12:36:35.328  2404  2530 W A       : 	at com.google.common.w.a.f.d(SourceFile:2)
10-20 12:36:35.328  2404  2530 W A       : 	at com.google.common.w.a.h.run(SourceFile:9)
10-20 12:36:35.328  2404  2530 W A       : 	at com.google.android.libraries.g.ab.run(SourceFile:1)
10-20 12:36:35.328  2404  2530 W A       : 	at java.util.concurrent.ThreadPoolExecutor.runWorker(ThreadPoolExecutor.java:1167)
10-20 12:36:35.328  2404  2530 W A       : 	at java.util.concurrent.ThreadPoolExecutor$Worker.run(ThreadPoolExecutor.java:641)
10-20 12:36:35.328  2404  2530 W A       : 	at com.google.android.libraries.g.n.run(SourceFile:2)
10-20 12:36:35.328  2404  2530 W A       : 	at com.google.android.libraries.g.d.run(SourceFile:2)
10-20 12:36:35.328  2404  2530 W A       : 	at java.lang.Thread.run(Thread.java:920)
10-20 12:36:35.328  3315  3315 D LifecycleMonitor: Lifecycle status change: androidx.test.core.app.InstrumentationActivityInvoker$BootstrapActivity@77bebdb in: STOPPED
10-20 12:36:35.328  3315  3315 V ActivityScenario: Activity lifecycle changed event received but ignored because the intent does not match. startActivityIntent=Intent { act=android.intent.action.MAIN cat=[android.intent.category.LAUNCHER] cmp=com.example.lunchtray/androidx.fragment.app.testing.FragmentScenario$EmptyFragmentActivity (has extras) }, activity.getIntent()=Intent { act=android.intent.action.MAIN cat=[android.intent.category.LAUNCHER] flg=0x10008000 cmp=com.example.lunchtray/androidx.test.core.app.InstrumentationActivityInvoker$BootstrapActivity (has extras) }, activity=androidx.test.core.app.InstrumentationActivityInvoker$BootstrapActivity@77bebdb
10-20 12:36:35.328  3315  3315 V ActivityScenario: Activity lifecycle changed event received but ignored because the intent does not match. startActivityIntent=Intent { act=android.intent.action.MAIN cat=[android.intent.category.LAUNCHER] cmp=com.example.lunchtray/androidx.fragment.app.testing.FragmentScenario$EmptyFragmentActivity (has extras) }, activity.getIntent()=Intent { act=android.intent.action.MAIN cat=[android.intent.category.LAUNCHER] flg=0x10008000 cmp=com.example.lunchtray/androidx.test.core.app.InstrumentationActivityInvoker$BootstrapActivity (has extras) }, activity=androidx.test.core.app.InstrumentationActivityInvoker$BootstrapActivity@77bebdb
10-20 12:36:35.328  3315  3315 V ActivityScenario: Activity lifecycle changed event received but ignored because the intent does not match. startActivityIntent=Intent { act=android.intent.action.MAIN cat=[android.intent.category.LAUNCHER] cmp=com.example.lunchtray/androidx.fragment.app.testing.FragmentScenario$EmptyFragmentActivity (has extras) }, activity.getIntent()=Intent { act=android.intent.action.MAIN cat=[android.intent.category.LAUNCHER] flg=0x10008000 cmp=com.example.lunchtray/androidx.test.core.app.InstrumentationActivityInvoker$BootstrapActivity (has extras) }, activity=androidx.test.core.app.InstrumentationActivityInvoker$BootstrapActivity@77bebdb
10-20 12:36:35.328  3315  3315 V ActivityScenario: Activity lifecycle changed event received but ignored because the intent does not match. startActivityIntent=Intent { act=android.intent.action.MAIN cat=[android.intent.category.LAUNCHER] cmp=com.example.lunchtray/androidx.fragment.app.testing.FragmentScenario$EmptyFragmentActivity (has extras) }, activity.getIntent()=Intent { act=android.intent.action.MAIN cat=[android.intent.category.LAUNCHER] flg=0x10008000 cmp=com.example.lunchtray/androidx.test.core.app.InstrumentationActivityInvoker$BootstrapActivity (has extras) }, activity=androidx.test.core.app.InstrumentationActivityInvoker$BootstrapActivity@77bebdb
10-20 12:36:35.328  3315  3315 V ActivityScenario: Activity lifecycle changed event received but ignored because the intent does not match. startActivityIntent=Intent { act=android.intent.action.MAIN cat=[android.intent.category.LAUNCHER] cmp=com.example.lunchtray/androidx.fragment.app.testing.FragmentScenario$EmptyFragmentActivity (has extras) }, activity.getIntent()=Intent { act=android.intent.action.MAIN cat=[android.intent.category.LAUNCHER] flg=0x10008000 cmp=com.example.lunchtray/androidx.test.core.app.InstrumentationActivityInvoker$BootstrapActivity (has extras) }, activity=androidx.test.core.app.InstrumentationActivityInvoker$BootstrapActivity@77bebdb
10-20 12:36:35.331  2327  3465 D HeterodyneSyncer: updateFlag: com.google.android.finsky.stable, 82594910, 3, , MyAppsV3__emergency_app_fields_override
10-20 12:36:35.331  2327  3465 D HeterodyneSyncer: updateFlag: com.google.android.finsky.stable, 82594910, 3, , MyAppsV3__emergency_shared_fields_override
10-20 12:36:35.332  2327  3465 D HeterodyneSyncer: updateFlag: com.google.android.finsky.stable, 82594910, 3, , MyAppsV3__enable_my_apps_v3
10-20 12:36:35.332  2327  3465 D HeterodyneSyncer: updateFlag: com.google.android.finsky.stable, 82594910, 3, , MyAppsV3__enable_overflow_actions_dialog
10-20 12:36:35.332  2327  3465 D HeterodyneSyncer: updateFlag: com.google.android.finsky.stable, 82594910, 3, , MyAppsV3__installed_apps_always_available
10-20 12:36:35.332  2327  3465 D HeterodyneSyncer: updateFlag: com.google.android.finsky.stable, 82594910, 3, , MyAppsV3__library_first_page_size
10-20 12:36:35.332  2327  3465 D HeterodyneSyncer: updateFlag: com.google.android.finsky.stable, 82594910, 3, , MyAppsV3__library_scroll_page_size
10-20 12:36:35.332  2327  3465 D HeterodyneSyncer: updateFlag: com.google.android.finsky.stable, 82594910, 3, , MyAppsV3__refresh_app_infos_on_library_change
10-20 12:36:35.332  2327  3465 D HeterodyneSyncer: updateFlag: com.google.android.finsky.stable, 82594910, 3, , MyAppsV3__remove_apps_with_no_server_data_from_item_store_request
10-20 12:36:35.332  2327  3465 D HeterodyneSyncer: updateFlag: com.google.android.finsky.stable, 82594910, 3, , MyAppsV3__screen_jump_delay
10-20 12:36:35.333  2327  3465 D HeterodyneSyncer: updateFlag: com.google.android.finsky.stable, 82594910, 3, , NativeBrotliCompression__native_brotli_compressed_fbf_patches_targeting_controller
10-20 12:36:35.333  2327  3465 D HeterodyneSyncer: updateFlag: com.google.android.finsky.stable, 82594910, 3, , NetworkOptimizationsAutogen__network_use_cronet_stack
10-20 12:36:35.333  2327  3465 D HeterodyneSyncer: updateFlag: com.google.android.finsky.stable, 82594910, 3, , NetworkOptimizations__enable_async_dns
10-20 12:36:35.333  2327  3465 D HeterodyneSyncer: updateFlag: com.google.android.finsky.stable, 82594910, 3, , NetworkOptimizations__image_domains_for_network_optimization
10-20 12:36:35.333  2327  3465 D HeterodyneSyncer: updateFlag: com.google.android.finsky.stable, 82594910, 3, , NotificationAndOfferCenter__add_offers_as_first_tab_with_inconsistency_fix
10-20 12:36:35.333  2327  3465 D HeterodyneSyncer: updateFlag: com.google.android.finsky.stable, 82594910, 3, , Notifications__enable_new_updates_completion_notification_channel
10-20 12:36:35.333  2327  3465 D HeterodyneSyncer: updateFlag: com.google.android.finsky.stable, 82594910, 3, , Notifications__enable_ravamped_notification_settings
10-20 12:36:35.334  2327  3465 D HeterodyneSyncer: updateFlag: com.google.android.finsky.stable, 82594910, 3, , NumberFormatter__enable_custom_number_formatter
10-20 12:36:35.334  2327  3465 D HeterodyneSyncer: updateFlag: com.google.android.finsky.stable, 82594910, 3, , OneGoogleMitigation__show_dot_for_in_menu_notification_counter
10-20 12:36:35.334  2327  3465 D HeterodyneSyncer: updateFlag: com.google.android.finsky.stable, 82594910, 3, , OneGoogleNav__disable_menu_link_jank_fix
10-20 12:36:35.334  2327  3465 D HeterodyneSyncer: updateFlag: com.google.android.finsky.stable, 82594910, 3, , OneGoogleNav__enable_about_google_play_footer
10-20 12:36:35.334  2327  3465 D HeterodyneSyncer: updateFlag: com.google.android.finsky.stable, 82594910, 3, , OneGoogleNav__enable_consumer_information_footer
10-20 12:36:35.334  2327  3465 D HeterodyneSyncer: updateFlag: com.google.android.finsky.stable, 82594910, 3, , OneGoogleNav__enable_contextual_followup_tooltips
10-20 12:36:35.335  2327  3465 D HeterodyneSyncer: updateFlag: com.google.android.finsky.stable, 82594910, 3, , OneGoogleNav__enable_intro_education_tooltip
10-20 12:36:35.335  2327  3465 D HeterodyneSyncer: updateFlag: com.google.android.finsky.stable, 82594910, 3, , OneGoogleNav__enable_offers_tab_inconsistency_fix
10-20 12:36:35.335  2327  3465 D HeterodyneSyncer: updateFlag: com.google.android.finsky.stable, 82594910, 3, , OneGoogleNav__enable_settings_regroup
10-20 12:36:35.335  2327  3465 D HeterodyneSyncer: updateFlag: com.google.android.finsky.stable, 82594910, 3, , OneGoogleNav__enable_tooltip_click_opens_menu
10-20 12:36:35.335  2327  3465 D HeterodyneSyncer: updateFlag: com.google.android.finsky.stable, 82594910, 3, , OneGoogleNav__hometoolbar_chip_hold_time
10-20 12:36:35.335  2327  3465 D HeterodyneSyncer: updateFlag: com.google.android.finsky.stable, 82594910, 3, , OneGoogleNav__hometoolbar_chip_start_delay
10-20 12:36:35.335  2327  3465 D HeterodyneSyncer: updateFlag: com.google.android.finsky.stable, 82594910, 3, , OneGoogleNav__increase_chip_frequency
10-20 12:36:35.335  2327  3465 D HeterodyneSyncer: updateFlag: com.google.android.finsky.stable, 82594910, 3, , OneGoogleNav__nav_config
10-20 12:36:35.335  2327  3465 D HeterodyneSyncer: updateFlag: com.google.android.finsky.stable, 82594910, 3, , OneGoogleNav__remove_fake_hamburger
10-20 12:36:35.336  2327  3465 D HeterodyneSyncer: updateFlag: com.google.android.finsky.stable, 82594910, 3, , OneGoogleNav__use_new_loyalty_chip
10-20 12:36:35.336  2327  3465 D HeterodyneSyncer: updateFlag: com.google.android.finsky.stable, 82594910, 3, , OneGoogle__enable_google_owners_provider
10-20 12:36:35.336  2327  3465 D HeterodyneSyncer: updateFlag: com.google.android.finsky.stable, 82594910, 3, , OneGoogle__enable_home_toolbar_logging
10-20 12:36:35.336  2327  3465 D HeterodyneSyncer: updateFlag: com.google.android.finsky.stable, 82594910, 3, , OneGoogle__google_owners_provider_variant
10-20 12:36:35.336  2327  3465 D HeterodyneSyncer: updateFlag: com.google.android.finsky.stable, 82594910, 3, , OneGoogle__one_google_account_switcher_style
10-20 12:36:35.336  2327  3465 D HeterodyneSyncer: updateFlag: com.google.android.finsky.stable, 82594910, 3, , OneGoogle__one_google_enable_ve_logging
10-20 12:36:35.336  2327  3465 D HeterodyneSyncer: updateFlag: com.google.android.finsky.stable, 82594910, 3, , PageFramework__enable_write_review_page
10-20 12:36:35.336  2327  3465 D HeterodyneSyncer: updateFlag: com.google.android.finsky.stable, 82594910, 3, , PcsiTabLatencyLogging__enable_tab_latency_logging
10-20 12:36:35.336  2327  3465 D HeterodyneSyncer: updateFlag: com.google.android.finsky.stable, 82594910, 3, , PcsiTabLatencyLogging__enable_tab_latency_logging_univision_pre_ia
10-20 12:36:35.336  2327  3465 D HeterodyneSyncer: updateFlag: com.google.android.finsky.stable, 82594910, 3, , PhoneskyDeviceTier__device_tier
10-20 12:36:35.336  2327  3465 D HeterodyneSyncer: updateFlag: com.google.android.finsky.stable, 82594910, 3, , PlayAdBadge__enable_new_play_ad_badge
10-20 12:36:35.336  2327  3465 D HeterodyneSyncer: updateFlag: com.google.android.finsky.stable, 82594910, 3, , PlayAdBadge__play_ad_badge_color_theme
10-20 12:36:35.337  2327  3465 D HeterodyneSyncer: updateFlag: com.google.android.finsky.stable, 82594910, 3, , PlayPrewarm__is_enabled
10-20 12:36:35.337  2327  3465 D HeterodyneSyncer: updateFlag: com.google.android.finsky.stable, 82594910, 3, , PlayPrewarm__max_prefetches_per_hour
10-20 12:36:35.337  2327  3465 D HeterodyneSyncer: updateFlag: com.google.android.finsky.stable, 82594910, 3, , PlayPrewarm__use_main_looper_in_unbind_timer
10-20 12:36:35.337  2327  3465 D HeterodyneSyncer: updateFlag: com.google.android.finsky.stable, 82594910, 3, , PlayShieldCodegen__create_ad_shield_client_with_dynamite
10-20 12:36:35.337  1101  2708 E atwd    : Phenotype API error. Event # cngu@730d4ff, EventCode: 5 [CONTEXT service_id=51 ]
10-20 12:36:35.337  1101  2708 E atwd    : atvi: 29500: Empty (package not registered?) or malformed snapshot token:
10-20 12:36:35.337  1101  2708 E atwd    : 	at atwg.b(:com.google.android.gms@212423056@21.24.23 (190800-396046673):9)
10-20 12:36:35.337  1101  2708 E atwd    : 	at atwf.e(:com.google.android.gms@212423056@21.24.23 (190800-396046673):0)
10-20 12:36:35.337  1101  2708 E atwd    : 	at atwd.d(:com.google.android.gms@212423056@21.24.23 (190800-396046673):4)
10-20 12:36:35.337  1101  2708 E atwd    : 	at atwd.f(:com.google.android.gms@212423056@21.24.23 (190800-396046673):2)
10-20 12:36:35.337  1101  2708 E atwd    : 	at acvu.run(:com.google.android.gms@212423056@21.24.23 (190800-396046673):17)
10-20 12:36:35.337  1101  2708 E atwd    : 	at bvgk.run(:com.google.android.gms@212423056@21.24.23 (190800-396046673):2)
10-20 12:36:35.337  1101  2708 E atwd    : 	at ubg.c(:com.google.android.gms@212423056@21.24.23 (190800-396046673):6)
10-20 12:36:35.337  1101  2708 E atwd    : 	at ubg.run(:com.google.android.gms@212423056@21.24.23 (190800-396046673):8)
10-20 12:36:35.337  1101  2708 E atwd    : 	at java.util.concurrent.ThreadPoolExecutor.runWorker(ThreadPoolExecutor.java:1167)
10-20 12:36:35.337  1101  2708 E atwd    : 	at java.util.concurrent.ThreadPoolExecutor$Worker.run(ThreadPoolExecutor.java:641)
10-20 12:36:35.337  1101  2708 E atwd    : 	at uhc.run(:com.google.android.gms@212423056@21.24.23 (190800-396046673):0)
10-20 12:36:35.337  1101  2708 E atwd    : 	at java.lang.Thread.run(Thread.java:920)
10-20 12:36:35.337  2327  3465 D HeterodyneSyncer: updateFlag: com.google.android.finsky.stable, 82594910, 3, , PlayShield__enable_ad_shield_client_instantiation_fix
10-20 12:36:35.337  2327  3465 D HeterodyneSyncer: updateFlag: com.google.android.finsky.stable, 82594910, 3, , PlayStorePrivacyLabel__module_above_ratings_and_reviews
10-20 12:36:35.337  2327  3465 D HeterodyneSyncer: updateFlag: com.google.android.finsky.stable, 82594910, 3, , PrimesLogging__primes_logging_bool_param
10-20 12:36:35.337  1101  2708 E AsyncOperation: operation=CommitToConfigurationOperationCall, opStatusCode=29500 [CONTEXT service_id=51 ]
10-20 12:36:35.337  1101  2708 E AsyncOperation: OperationException[Status{statusCode=Empty (package not registered?) or malformed snapshot token: , resolution=null}]
10-20 12:36:35.337  1101  2708 E AsyncOperation: 	at atwd.d(:com.google.android.gms@212423056@21.24.23 (190800-396046673):6)
10-20 12:36:35.337  1101  2708 E AsyncOperation: 	at atwd.f(:com.google.android.gms@212423056@21.24.23 (190800-396046673):2)
10-20 12:36:35.337  1101  2708 E AsyncOperation: 	at acvu.run(:com.google.android.gms@212423056@21.24.23 (190800-396046673):17)
10-20 12:36:35.337  1101  2708 E AsyncOperation: 	at bvgk.run(:com.google.android.gms@212423056@21.24.23 (190800-396046673):2)
10-20 12:36:35.337  1101  2708 E AsyncOperation: 	at ubg.c(:com.google.android.gms@212423056@21.24.23 (190800-396046673):6)
10-20 12:36:35.337  1101  2708 E AsyncOperation: 	at ubg.run(:com.google.android.gms@212423056@21.24.23 (190800-396046673):8)
10-20 12:36:35.337  1101  2708 E AsyncOperation: 	at java.util.concurrent.ThreadPoolExecutor.runWorker(ThreadPoolExecutor.java:1167)
10-20 12:36:35.337  1101  2708 E AsyncOperation: 	at java.util.concurrent.ThreadPoolExecutor$Worker.run(ThreadPoolExecutor.java:641)
10-20 12:36:35.337  1101  2708 E AsyncOperation: 	at uhc.run(:com.google.android.gms@212423056@21.24.23 (190800-396046673):0)
10-20 12:36:35.337  1101  2708 E AsyncOperation: 	at java.lang.Thread.run(Thread.java:920)
10-20 12:36:35.337  2327  3465 D HeterodyneSyncer: updateFlag: com.google.android.finsky.stable, 82594910, 3, , PrivateFeedback__enable_private_feedback_redesign
10-20 12:36:35.337  2327  3465 D HeterodyneSyncer: updateFlag: com.google.android.finsky.stable, 82594910, 3, , QuicOverCronet__enable_quic_over_cronet
