10-20 12:36:33.740  3315  3354 I TestRunner: started: navigate_to_start_order_from_entree_menu(com.example.lunchtray.NavigationTests)
10-20 12:36:33.746  3315  3354 W Settings: Setting always_finish_activities has moved from android.provider.Settings.System to android.provider.Settings.Global, returning read-only value.
10-20 12:36:33.765  3689  3689 W oid.apps.photo: Accessing hidden field Ljava/util/Collections$SynchronizedCollection;->mutex:Ljava/lang/Object; (max-target-o, reflection, denied)
10-20 12:36:33.765  3689  3689 W oid.apps.photo: Accessing hidden method Ljava/util/Collections$SynchronizedSet;-><init>(Ljava/util/Set;Ljava/lang/Object;)V (max-target-o, reflection, denied)
10-20 12:36:33.765  3689  3689 W oid.apps.photo: Accessing hidden method Ljava/util/Collections$SynchronizedCollection;-><init>(Ljava/util/Collection;Ljava/lang/Object;)V (max-target-o, reflection, denied)
10-20 12:36:33.777  3315  3315 D LifecycleMonitor: Lifecycle status change: androidx.test.core.app.InstrumentationActivityInvoker$BootstrapActivity@420caae in: PRE_ON_CREATE
10-20 12:36:33.777  3315  3315 V ActivityScenario: Activity lifecycle changed event received but ignored because the intent does not match. startActivityIntent=Intent { act=android.intent.action.MAIN cat=[android.intent.category.LAUNCHER] cmp=com.example.lunchtray/androidx.fragment.app.testing.FragmentScenario$EmptyFragmentActivity (has extras) }, activity.getIntent()=Intent { act=android.intent.action.MAIN cat=[android.intent.category.LAUNCHER] flg=0x10008000 cmp=com.example.lunchtray/androidx.test.core.app.InstrumentationActivityInvoker$BootstrapActivity (has extras) }, activity=androidx.test.core.app.InstrumentationActivityInvoker$BootstrapActivity@420caae
10-20 12:36:33.777  3315  3315 V ActivityScenario: Activity lifecycle changed event received but ignored because the intent does not match. startActivityIntent=Intent { act=android.intent.action.MAIN cat=[android.intent.category.LAUNCHER] cmp=com.example.lunchtray/androidx.fragment.app.testing.FragmentScenario$EmptyFragmentActivity (has extras) }, activity.getIntent()=Intent { act=android.intent.action.MAIN cat=[android.intent.category.LAUNCHER] flg=0x10008000 cmp=com.example.lunchtray/androidx.test.core.app.InstrumentationActivityInvoker$BootstrapActivity (has extras) }, activity=androidx.test.core.app.InstrumentationActivityInvoker$BootstrapActivity@420caae
10-20 12:36:33.777  3315  3315 V ActivityScenario: Activity lifecycle changed event received but ignored because the intent does not match. startActivityIntent=Intent { act=android.intent.action.MAIN cat=[android.intent.category.LAUNCHER] cmp=com.example.lunchtray/androidx.fragment.app.testing.FragmentScenario$EmptyFragmentActivity (has extras) }, activity.getIntent()=Intent { act=android.intent.action.MAIN cat=[android.intent.category.LAUNCHER] flg=0x10008000 cmp=com.example.lunchtray/androidx.test.core.app.InstrumentationActivityInvoker$BootstrapActivity (has extras) }, activity=androidx.test.core.app.InstrumentationActivityInvoker$BootstrapActivity@420caae
10-20 12:36:33.777  3315  3315 V ActivityScenario: Activity lifecycle changed event received but ignored because the intent does not match. startActivityIntent=Intent { act=android.intent.action.MAIN cat=[android.intent.category.LAUNCHER] cmp=com.example.lunchtray/androidx.fragment.app.testing.FragmentScenario$EmptyFragmentActivity (has extras) }, activity.getIntent()=Intent { act=android.intent.action.MAIN cat=[android.intent.category.LAUNCHER] flg=0x10008000 cmp=com.example.lunchtray/androidx.test.core.app.InstrumentationActivityInvoker$BootstrapActivity (has extras) }, activity=androidx.test.core.app.InstrumentationActivityInvoker$BootstrapActivity@420caae
10-20 12:36:33.785  3315  3315 D LifecycleMonitor: Lifecycle status change: androidx.test.core.app.InstrumentationActivityInvoker$BootstrapActivity@420caae in: CREATED
10-20 12:36:33.785  3315  3315 V ActivityScenario: Activity lifecycle changed event received but ignored because the intent does not match. startActivityIntent=Intent { act=android.intent.action.MAIN cat=[android.intent.category.LAUNCHER] cmp=com.example.lunchtray/androidx.fragment.app.testing.FragmentScenario$EmptyFragmentActivity (has extras) }, activity.getIntent()=Intent { act=android.intent.action.MAIN cat=[android.intent.category.LAUNCHER] flg=0x10008000 cmp=com.example.lunchtray/androidx.test.core.app.InstrumentationActivityInvoker$BootstrapActivity (has extras) }, activity=androidx.test.core.app.InstrumentationActivityInvoker$BootstrapActivity@420caae
10-20 12:36:33.785  3315  3315 V ActivityScenario: Activity lifecycle changed event received but ignored because the intent does not match. startActivityIntent=Intent { act=android.intent.action.MAIN cat=[android.intent.category.LAUNCHER] cmp=com.example.lunchtray/androidx.fragment.app.testing.FragmentScenario$EmptyFragmentActivity (has extras) }, activity.getIntent()=Intent { act=android.intent.action.MAIN cat=[android.intent.category.LAUNCHER] flg=0x10008000 cmp=com.example.lunchtray/androidx.test.core.app.InstrumentationActivityInvoker$BootstrapActivity (has extras) }, activity=androidx.test.core.app.InstrumentationActivityInvoker$BootstrapActivity@420caae
10-20 12:36:33.785  3315  3315 V ActivityScenario: Activity lifecycle changed event received but ignored because the intent does not match. startActivityIntent=Intent { act=android.intent.action.MAIN cat=[android.intent.category.LAUNCHER] cmp=com.example.lunchtray/androidx.fragment.app.testing.FragmentScenario$EmptyFragmentActivity (has extras) }, activity.getIntent()=Intent { act=android.intent.action.MAIN cat=[android.intent.category.LAUNCHER] flg=0x10008000 cmp=com.example.lunchtray/androidx.test.core.app.InstrumentationActivityInvoker$BootstrapActivity (has extras) }, activity=androidx.test.core.app.InstrumentationActivityInvoker$BootstrapActivity@420caae
10-20 12:36:33.785  3315  3315 V ActivityScenario: Activity lifecycle changed event received but ignored because the intent does not match. startActivityIntent=Intent { act=android.intent.action.MAIN cat=[android.intent.category.LAUNCHER] cmp=com.example.lunchtray/androidx.fragment.app.testing.FragmentScenario$EmptyFragmentActivity (has extras) }, activity.getIntent()=Intent { act=android.intent.action.MAIN cat=[android.intent.category.LAUNCHER] flg=0x10008000 cmp=com.example.lunchtray/androidx.test.core.app.InstrumentationActivityInvoker$BootstrapActivity (has extras) }, activity=androidx.test.core.app.InstrumentationActivityInvoker$BootstrapActivity@420caae
10-20 12:36:33.786  3315  3315 D LifecycleMonitor: Lifecycle status change: androidx.test.core.app.InstrumentationActivityInvoker$BootstrapActivity@420caae in: STARTED
10-20 12:36:33.786  3315  3315 V ActivityScenario: Activity lifecycle changed event received but ignored because the intent does not match. startActivityIntent=Intent { act=android.intent.action.MAIN cat=[android.intent.category.LAUNCHER] cmp=com.example.lunchtray/androidx.fragment.app.testing.FragmentScenario$EmptyFragmentActivity (has extras) }, activity.getIntent()=Intent { act=android.intent.action.MAIN cat=[android.intent.category.LAUNCHER] flg=0x10008000 cmp=com.example.lunchtray/androidx.test.core.app.InstrumentationActivityInvoker$BootstrapActivity (has extras) }, activity=androidx.test.core.app.InstrumentationActivityInvoker$BootstrapActivity@420caae
10-20 12:36:33.786  3315  3315 V ActivityScenario: Activity lifecycle changed event received but ignored because the intent does not match. startActivityIntent=Intent { act=android.intent.action.MAIN cat=[android.intent.category.LAUNCHER] cmp=com.example.lunchtray/androidx.fragment.app.testing.FragmentScenario$EmptyFragmentActivity (has extras) }, activity.getIntent()=Intent { act=android.intent.action.MAIN cat=[android.intent.category.LAUNCHER] flg=0x10008000 cmp=com.example.lunchtray/androidx.test.core.app.InstrumentationActivityInvoker$BootstrapActivity (has extras) }, activity=androidx.test.core.app.InstrumentationActivityInvoker$BootstrapActivity@420caae
10-20 12:36:33.786  3315  3315 V ActivityScenario: Activity lifecycle changed event received but ignored because the intent does not match. startActivityIntent=Intent { act=android.intent.action.MAIN cat=[android.intent.category.LAUNCHER] cmp=com.example.lunchtray/androidx.fragment.app.testing.FragmentScenario$EmptyFragmentActivity (has extras) }, activity.getIntent()=Intent { act=android.intent.action.MAIN cat=[android.intent.category.LAUNCHER] flg=0x10008000 cmp=com.example.lunchtray/androidx.test.core.app.InstrumentationActivityInvoker$BootstrapActivity (has extras) }, activity=androidx.test.core.app.InstrumentationActivityInvoker$BootstrapActivity@420caae
10-20 12:36:33.786  3315  3315 V ActivityScenario: Activity lifecycle changed event received but ignored because the intent does not match. startActivityIntent=Intent { act=android.intent.action.MAIN cat=[android.intent.category.LAUNCHER] cmp=com.example.lunchtray/androidx.fragment.app.testing.FragmentScenario$EmptyFragmentActivity (has extras) }, activity.getIntent()=Intent { act=android.intent.action.MAIN cat=[android.intent.category.LAUNCHER] flg=0x10008000 cmp=com.example.lunchtray/androidx.test.core.app.InstrumentationActivityInvoker$BootstrapActivity (has extras) }, activity=androidx.test.core.app.InstrumentationActivityInvoker$BootstrapActivity@420caae
10-20 12:36:33.788   362   374 D goldfish-address-space: claimShared: Ask to claim region [0x3f61db000 0x3f69c4000]
10-20 12:36:33.792   407   407 I BpBinder: onLastStrongRef automatically unlinking death recipients: <uncached descriptor>
10-20 12:36:33.794  3315  3315 D LifecycleMonitor: Lifecycle status change: androidx.test.core.app.InstrumentationActivityInvoker$BootstrapActivity@420caae in: RESUMED
10-20 12:36:33.794  3315  3315 V ActivityScenario: Activity lifecycle changed event received but ignored because the intent does not match. startActivityIntent=Intent { act=android.intent.action.MAIN cat=[android.intent.category.LAUNCHER] cmp=com.example.lunchtray/androidx.fragment.app.testing.FragmentScenario$EmptyFragmentActivity (has extras) }, activity.getIntent()=Intent { act=android.intent.action.MAIN cat=[android.intent.category.LAUNCHER] flg=0x10008000 cmp=com.example.lunchtray/androidx.test.core.app.InstrumentationActivityInvoker$BootstrapActivity (has extras) }, activity=androidx.test.core.app.InstrumentationActivityInvoker$BootstrapActivity@420caae
10-20 12:36:33.794  3315  3315 V ActivityScenario: Activity lifecycle changed event received but ignored because the intent does not match. startActivityIntent=Intent { act=android.intent.action.MAIN cat=[android.intent.category.LAUNCHER] cmp=com.example.lunchtray/androidx.fragment.app.testing.FragmentScenario$EmptyFragmentActivity (has extras) }, activity.getIntent()=Intent { act=android.intent.action.MAIN cat=[android.intent.category.LAUNCHER] flg=0x10008000 cmp=com.example.lunchtray/androidx.test.core.app.InstrumentationActivityInvoker$BootstrapActivity (has extras) }, activity=androidx.test.core.app.InstrumentationActivityInvoker$BootstrapActivity@420caae
10-20 12:36:33.794  3315  3315 V ActivityScenario: Activity lifecycle changed event received but ignored because the intent does not match. startActivityIntent=Intent { act=android.intent.action.MAIN cat=[android.intent.category.LAUNCHER] cmp=com.example.lunchtray/androidx.fragment.app.testing.FragmentScenario$EmptyFragmentActivity (has extras) }, activity.getIntent()=Intent { act=android.intent.action.MAIN cat=[android.intent.category.LAUNCHER] flg=0x10008000 cmp=com.example.lunchtray/androidx.test.core.app.InstrumentationActivityInvoker$BootstrapActivity (has extras) }, activity=androidx.test.core.app.InstrumentationActivityInvoker$BootstrapActivity@420caae
10-20 12:36:33.794  3315  3315 V ActivityScenario: Activity lifecycle changed event received but ignored because the intent does not match. startActivityIntent=Intent { act=android.intent.action.MAIN cat=[android.intent.category.LAUNCHER] cmp=com.example.lunchtray/androidx.fragment.app.testing.FragmentScenario$EmptyFragmentActivity (has extras) }, activity.getIntent()=Intent { act=android.intent.action.MAIN cat=[android.intent.category.LAUNCHER] flg=0x10008000 cmp=com.example.lunchtray/androidx.test.core.app.InstrumentationActivityInvoker$BootstrapActivity (has extras) }, activity=androidx.test.core.app.InstrumentationActivityInvoker$BootstrapActivity@420caae
10-20 12:36:33.796   362   374 D goldfish-address-space: claimShared: Ask to claim region [0x3f69c4000 0x3f71ad000]
10-20 12:36:33.798   362   374 D goldfish-address-space: claimShared: Ask to claim region [0x3f71ad000 0x3f7996000]
10-20 12:36:33.798  3315  3315 D LifecycleMonitor: Lifecycle status change: androidx.test.core.app.InstrumentationActivityInvoker$BootstrapActivity@420caae in: PAUSED
10-20 12:36:33.798  3315  3315 V ActivityScenario: Activity lifecycle changed event received but ignored because the intent does not match. startActivityIntent=Intent { act=android.intent.action.MAIN cat=[android.intent.category.LAUNCHER] cmp=com.example.lunchtray/androidx.fragment.app.testing.FragmentScenario$EmptyFragmentActivity (has extras) }, activity.getIntent()=Intent { act=android.intent.action.MAIN cat=[android.intent.category.LAUNCHER] flg=0x10008000 cmp=com.example.lunchtray/androidx.test.core.app.InstrumentationActivityInvoker$BootstrapActivity (has extras) }, activity=androidx.test.core.app.InstrumentationActivityInvoker$BootstrapActivity@420caae
10-20 12:36:33.798  3315  3315 V ActivityScenario: Activity lifecycle changed event received but ignored because the intent does not match. startActivityIntent=Intent { act=android.intent.action.MAIN cat=[android.intent.category.LAUNCHER] cmp=com.example.lunchtray/androidx.fragment.app.testing.FragmentScenario$EmptyFragmentActivity (has extras) }, activity.getIntent()=Intent { act=android.intent.action.MAIN cat=[android.intent.category.LAUNCHER] flg=0x10008000 cmp=com.example.lunchtray/androidx.test.core.app.InstrumentationActivityInvoker$BootstrapActivity (has extras) }, activity=androidx.test.core.app.InstrumentationActivityInvoker$BootstrapActivity@420caae
10-20 12:36:33.799  3315  3315 V ActivityScenario: Activity lifecycle changed event received but ignored because the intent does not match. startActivityIntent=Intent { act=android.intent.action.MAIN cat=[android.intent.category.LAUNCHER] cmp=com.example.lunchtray/androidx.fragment.app.testing.FragmentScenario$EmptyFragmentActivity (has extras) }, activity.getIntent()=Intent { act=android.intent.action.MAIN cat=[android.intent.category.LAUNCHER] flg=0x10008000 cmp=com.example.lunchtray/androidx.test.core.app.InstrumentationActivityInvoker$BootstrapActivity (has extras) }, activity=androidx.test.core.app.InstrumentationActivityInvoker$BootstrapActivity@420caae
10-20 12:36:33.799  3315  3315 V ActivityScenario: Activity lifecycle changed event received but ignored because the intent does not match. startActivityIntent=Intent { act=android.intent.action.MAIN cat=[android.intent.category.LAUNCHER] cmp=com.example.lunchtray/androidx.fragment.app.testing.FragmentScenario$EmptyFragmentActivity (has extras) }, activity.getIntent()=Intent { act=android.intent.action.MAIN cat=[android.intent.category.LAUNCHER] flg=0x10008000 cmp=com.example.lunchtray/androidx.test.core.app.InstrumentationActivityInvoker$BootstrapActivity (has extras) }, activity=androidx.test.core.app.InstrumentationActivityInvoker$BootstrapActivity@420caae
10-20 12:36:33.811  3315  3315 D LifecycleMonitor: Lifecycle status change: androidx.fragment.app.testing.FragmentScenario$EmptyFragmentActivity@d12a47 in: PRE_ON_CREATE
10-20 12:36:33.811  3315  3315 V ActivityScenario: Activity lifecycle changed event received but ignored because the reported transition was not ON_CREATE while the last known transition was DESTROYED
10-20 12:36:33.811  3315  3315 V ActivityScenario: Activity lifecycle changed event received but ignored because the reported transition was not ON_CREATE while the last known transition was DESTROYED
10-20 12:36:33.811  3315  3315 V ActivityScenario: Activity lifecycle changed event received but ignored because the reported transition was not ON_CREATE while the last known transition was DESTROYED
10-20 12:36:33.811  3315  3315 V ActivityScenario: Activity lifecycle changed event received but ignored because the reported transition was not ON_CREATE while the last known transition was PRE_ON_CREATE
10-20 12:36:33.820  2472  2488 W SystemServiceRegistry: No service published for: persistent_data_block
10-20 12:36:33.832  3315  3315 D LifecycleMonitor: Lifecycle status change: androidx.fragment.app.testing.FragmentScenario$EmptyFragmentActivity@d12a47 in: CREATED
10-20 12:36:33.832  3315  3315 V ActivityScenario: Update currentActivityStage to CREATED, currentActivity=androidx.fragment.app.testing.FragmentScenario$EmptyFragmentActivity@d12a47
10-20 12:36:33.832  3315  3315 V ActivityScenario: Update currentActivityStage to CREATED, currentActivity=androidx.fragment.app.testing.FragmentScenario$EmptyFragmentActivity@d12a47
10-20 12:36:33.832  3315  3315 V ActivityScenario: Update currentActivityStage to CREATED, currentActivity=androidx.fragment.app.testing.FragmentScenario$EmptyFragmentActivity@d12a47
10-20 12:36:33.832  3315  3315 V ActivityScenario: Update currentActivityStage to CREATED, currentActivity=androidx.fragment.app.testing.FragmentScenario$EmptyFragmentActivity@d12a47
10-20 12:36:33.833  3315  3315 D LifecycleMonitor: Lifecycle status change: androidx.fragment.app.testing.FragmentScenario$EmptyFragmentActivity@d12a47 in: STARTED
10-20 12:36:33.833  3315  3315 V ActivityScenario: Update currentActivityStage to STARTED, currentActivity=androidx.fragment.app.testing.FragmentScenario$EmptyFragmentActivity@d12a47
10-20 12:36:33.834  3315  3315 V ActivityScenario: Update currentActivityStage to STARTED, currentActivity=androidx.fragment.app.testing.FragmentScenario$EmptyFragmentActivity@d12a47
10-20 12:36:33.835  3315  3315 V ActivityScenario: Update currentActivityStage to STARTED, currentActivity=androidx.fragment.app.testing.FragmentScenario$EmptyFragmentActivity@d12a47
10-20 12:36:33.835  3315  3315 V ActivityScenario: Update currentActivityStage to STARTED, currentActivity=androidx.fragment.app.testing.FragmentScenario$EmptyFragmentActivity@d12a47
10-20 12:36:33.835  3315  3315 D LifecycleMonitor: Lifecycle status change: androidx.fragment.app.testing.FragmentScenario$EmptyFragmentActivity@d12a47 in: RESUMED
10-20 12:36:33.835  3315  3315 V ActivityScenario: Update currentActivityStage to RESUMED, currentActivity=androidx.fragment.app.testing.FragmentScenario$EmptyFragmentActivity@d12a47
10-20 12:36:33.835  3315  3315 V ActivityScenario: Update currentActivityStage to RESUMED, currentActivity=androidx.fragment.app.testing.FragmentScenario$EmptyFragmentActivity@d12a47
10-20 12:36:33.835  3315  3315 V ActivityScenario: Update currentActivityStage to RESUMED, currentActivity=androidx.fragment.app.testing.FragmentScenario$EmptyFragmentActivity@d12a47
10-20 12:36:33.835  3315  3315 V ActivityScenario: Update currentActivityStage to RESUMED, currentActivity=androidx.fragment.app.testing.FragmentScenario$EmptyFragmentActivity@d12a47
10-20 12:36:33.844  3315  3315 D LifecycleMonitor: Lifecycle status change: androidx.test.core.app.InstrumentationActivityInvoker$BootstrapActivity@420caae in: STOPPED
10-20 12:36:33.844  3315  3315 V ActivityScenario: Activity lifecycle changed event received but ignored because the intent does not match. startActivityIntent=Intent { act=android.intent.action.MAIN cat=[android.intent.category.LAUNCHER] cmp=com.example.lunchtray/androidx.fragment.app.testing.FragmentScenario$EmptyFragmentActivity (has extras) }, activity.getIntent()=Intent { act=android.intent.action.MAIN cat=[android.intent.category.LAUNCHER] flg=0x10008000 cmp=com.example.lunchtray/androidx.test.core.app.InstrumentationActivityInvoker$BootstrapActivity (has extras) }, activity=androidx.test.core.app.InstrumentationActivityInvoker$BootstrapActivity@420caae
10-20 12:36:33.844  3315  3315 V ActivityScenario: Activity lifecycle changed event received but ignored because the intent does not match. startActivityIntent=Intent { act=android.intent.action.MAIN cat=[android.intent.category.LAUNCHER] cmp=com.example.lunchtray/androidx.fragment.app.testing.FragmentScenario$EmptyFragmentActivity (has extras) }, activity.getIntent()=Intent { act=android.intent.action.MAIN cat=[android.intent.category.LAUNCHER] flg=0x10008000 cmp=com.example.lunchtray/androidx.test.core.app.InstrumentationActivityInvoker$BootstrapActivity (has extras) }, activity=androidx.test.core.app.InstrumentationActivityInvoker$BootstrapActivity@420caae
10-20 12:36:33.844  3315  3315 V ActivityScenario: Activity lifecycle changed event received but ignored because the intent does not match. startActivityIntent=Intent { act=android.intent.action.MAIN cat=[android.intent.category.LAUNCHER] cmp=com.example.lunchtray/androidx.fragment.app.testing.FragmentScenario$EmptyFragmentActivity (has extras) }, activity.getIntent()=Intent { act=android.intent.action.MAIN cat=[android.intent.category.LAUNCHER] flg=0x10008000 cmp=com.example.lunchtray/androidx.test.core.app.InstrumentationActivityInvoker$BootstrapActivity (has extras) }, activity=androidx.test.core.app.InstrumentationActivityInvoker$BootstrapActivity@420caae
10-20 12:36:33.845  3315  3315 V ActivityScenario: Activity lifecycle changed event received but ignored because the intent does not match. startActivityIntent=Intent { act=android.intent.action.MAIN cat=[android.intent.category.LAUNCHER] cmp=com.example.lunchtray/androidx.fragment.app.testing.FragmentScenario$EmptyFragmentActivity (has extras) }, activity.getIntent()=Intent { act=android.intent.action.MAIN cat=[android.intent.category.LAUNCHER] flg=0x10008000 cmp=com.example.lunchtray/androidx.test.core.app.InstrumentationActivityInvoker$BootstrapActivity (has extras) }, activity=androidx.test.core.app.InstrumentationActivityInvoker$BootstrapActivity@420caae
10-20 12:36:33.854   362   374 D goldfish-address-space: claimShared: Ask to claim region [0x3f9421000 0x3f9c0a000]
10-20 12:36:33.860   362   374 D goldfish-address-space: claimShared: Ask to claim region [0x3fd7bb000 0x3fdfa4000]
10-20 12:36:33.862   362   374 D goldfish-address-space: claimShared: Ask to claim region [0x3fdfa4000 0x3fe78d000]
10-20 12:36:33.882   530   566 I ActivityTaskManager: Displayed com.example.lunchtray/androidx.fragment.app.testing.FragmentScenario$EmptyFragmentActivity: +129ms
10-20 12:36:33.936   530   579 I libprocessgroup: Successfully killed process cgroup uid 10120 pid 1753 in 44ms
10-20 12:36:33.945  1279  1279 I GoogleInputMethodService: GoogleInputMethodService.onFinishInput():3420
10-20 12:36:33.946  1279  1279 I GoogleInputMethodService: GoogleInputMethodService.onStartInput():2002
10-20 12:36:33.946  1279  1279 I DeviceUnlockedTag: DeviceUnlockedTag.notifyDeviceLockStatusChanged():31 Notify device unlocked.
10-20 12:36:33.963   530  1465 D ConnectivityService: ConnectivityService NetworkRequestInfo binderDied(uid/pid:10120/1753, android.os.BinderProxy@a42ded7)
10-20 12:36:33.963   530  1465 D ConnectivityService: ConnectivityService NetworkRequestInfo binderDied(uid/pid:10120/1753, android.os.BinderProxy@fa893c4)
10-20 12:36:33.964   530  1465 D ConnectivityService: ConnectivityService NetworkRequestInfo binderDied(uid/pid:10120/1753, android.os.BinderProxy@564d2ad)
10-20 12:36:33.964   530   723 D ConnectivityService: releasing NetworkRequest [ REQUEST id=48, [ Capabilities: INTERNET&NOT_RESTRICTED&TRUSTED&NOT_VCN_MANAGED Uid: 10120 RequestorUid: 10120 RequestorPkg: com.google.android.youtube] ] (release request)
10-20 12:36:33.964   530   723 D ConnectivityService: releasing NetworkRequest [ REQUEST id=52, [ Capabilities: INTERNET&NOT_RESTRICTED&TRUSTED&NOT_VCN_MANAGED Uid: 10120 RequestorUid: 10120 RequestorPkg: com.google.android.youtube] ] (release request)
10-20 12:36:33.964   773   773 V MediaPlayerList: onActiveSessionsChanged: number of controllers: 0
10-20 12:36:33.966   344   344 I Zygote  : Process 1753 exited due to signal 9 (Killed)
10-20 12:36:33.980  3315  3315 I ViewInteraction: Performing 'single click' action on view view.getId() is <2131230842/com.example.lunchtray:id/cancel_button>
10-20 12:36:33.985  3670  3670 D ExternalStorage: After updating volumes, found 2 active roots
10-20 12:36:33.987  1101  1230 W Conscrypt: Could not set socket write timeout: java.net.SocketException: Socket closed
10-20 12:36:33.987  1101  1230 W Conscrypt: 	at com.google.android.gms.org.conscrypt.Platform.setSocketWriteTimeout(:com.google.android.gms@212423056@21.24.23 (190800-396046673):2)
10-20 12:36:33.987  1101  1230 W Conscrypt: 	at com.google.android.gms.org.conscrypt.ConscryptFileDescriptorSocket.setSoWriteTimeout(:com.google.android.gms@212423056@21.24.23 (190800-396046673):0)
10-20 12:36:34.048  3670  3670 D ExternalStorage: After updating volumes, found 2 active roots
10-20 12:36:34.053  1171  2386 W Conscrypt: Could not set socket write timeout: java.net.SocketException: Socket closed
10-20 12:36:34.053  1171  2386 W Conscrypt: 	at com.google.android.gms.org.conscrypt.Platform.setSocketWriteTimeout(:com.google.android.gms@212423056@21.24.23 (190800-396046673):2)
10-20 12:36:34.053  1171  2386 W Conscrypt: 	at com.google.android.gms.org.conscrypt.ConscryptFileDescriptorSocket.setSoWriteTimeout(:com.google.android.gms@212423056@21.24.23 (190800-396046673):0)
10-20 12:36:34.065   985   985 I VvmSimStateTracker: android.intent.action.SIM_STATE_CHANGED
10-20 12:36:34.068  2327  2327 I Finsky  : [2] SimStateReceiver.b(4): android.intent.action.SIM_STATE_CHANGED : simState = LOADED
10-20 12:36:34.093  1101  1230 W Conscrypt: Could not set socket write timeout: java.net.SocketException: Socket closed
10-20 12:36:34.096  1101  1230 W Conscrypt: 	at com.google.android.gms.org.conscrypt.Platform.setSocketWriteTimeout(:com.google.android.gms@212423056@21.24.23 (190800-396046673):2)
10-20 12:36:34.096  1101  1230 W Conscrypt: 	at com.google.android.gms.org.conscrypt.ConscryptFileDescriptorSocket.setSoWriteTimeout(:com.google.android.gms@212423056@21.24.23 (190800-396046673):0)
10-20 12:36:34.113  1171  3244 I constellation: [sim_state_checker] Handling intent Intent { act=android.intent.action.SIM_STATE_CHANGED flg=0x5000010 pkg=com.google.android.gms cmp=com.google.android.gms/.chimera.GmsIntentOperationService (has extras) }
10-20 12:36:34.114  2327  3040 D libEGL  : loaded /vendor/lib64/egl/libEGL_emulation.so
10-20 12:36:34.115  2327  3040 D libEGL  : loaded /vendor/lib64/egl/libGLESv1_CM_emulation.so
10-20 12:36:34.117  2327  3040 D libEGL  : loaded /vendor/lib64/egl/libGLESv2_emulation.so
10-20 12:36:34.122  1171  1171 D BoundBrokerSvc: onBind: Intent { act=com.google.android.gms.common.BIND_SHARED_PREFS pkg=com.google.android.gms }
10-20 12:36:34.122  1171  1171 D BoundBrokerSvc: Loading bound service for intent: Intent { act=com.google.android.gms.common.BIND_SHARED_PREFS pkg=com.google.android.gms }
10-20 12:36:34.128  1171  1171 D BoundBrokerSvc: onUnbind: Intent { act=com.google.android.gms.common.BIND_SHARED_PREFS pkg=com.google.android.gms }
10-20 12:36:34.132  2327  3040 D HostConnection: createUnique: call
10-20 12:36:34.133  2327  3040 D HostConnection: HostConnection::get() New Host Connection established 0x703ab78c8a90, tid 3040
10-20 12:36:34.136  2327  3040 D HostConnection: HostComposition ext ANDROID_EMU_CHECKSUM_HELPER_v1 ANDROID_EMU_native_sync_v2 ANDROID_EMU_native_sync_v3 ANDROID_EMU_native_sync_v4 ANDROID_EMU_dma_v1 ANDROID_EMU_direct_mem ANDROID_EMU_vulkan ANDROID_EMU_deferred_vulkan_commands ANDROID_EMU_vulkan_null_optional_strings ANDROID_EMU_vulkan_create_resources_with_requirements ANDROID_EMU_YUV_Cache ANDROID_EMU_vulkan_ignored_handles ANDROID_EMU_has_shared_slots_host_memory_allocator ANDROID_EMU_vulkan_free_memory_sync ANDROID_EMU_vulkan_shader_float16_int8 ANDROID_EMU_vulkan_async_queue_submit ANDROID_EMU_vulkan_queue_submit_with_commands ANDROID_EMU_sync_buffer_data ANDROID_EMU_vulkan_async_qsri ANDROID_EMU_read_color_buffer_dma GL_OES_EGL_image_external_essl3 GL_OES_vertex_array_object GL_KHR_texture_compression_astc_ldr ANDROID_EMU_host_side_tracing ANDROID_EMU_gles_max_version_3_0
10-20 12:36:34.137   199   199 I hwservicemanager: getTransport: Cannot find entry android.hardware.configstore@1.0::ISurfaceFlingerConfigs/default in either framework or device VINTF manifest.
10-20 12:36:34.148  2327  3040 D EGL_emulation: eglCreateContext: 0x703ab78c7c50: maj 1 min 0 rcv 1
10-20 12:36:34.161  2327  2327 I Finsky  : [2] wiq.j(7): SCH: Cancelling existing jobscheduler jobs: 9002 9001
10-20 12:36:34.162  2327  2327 I Finsky  : [2] wiq.c(5): SCH: Scheduling immediate wakeup job with id: 9000
10-20 12:36:34.173  1171  2386 W Conscrypt: Could not set socket write timeout: java.net.SocketException: Socket closed
10-20 12:36:34.174  1171  2386 W Conscrypt: 	at com.google.android.gms.org.conscrypt.Platform.setSocketWriteTimeout(:com.google.android.gms@212423056@21.24.23 (190800-396046673):2)
10-20 12:36:34.174  1171  2386 W Conscrypt: 	at com.google.android.gms.org.conscrypt.ConscryptFileDescriptorSocket.setSoWriteTimeout(:com.google.android.gms@212423056@21.24.23 (190800-396046673):0)
10-20 12:36:34.175  2327  3040 D EGL_emulation: eglMakeCurrent: 0x703ab78c7c50: ver 1 0 (tinfo 0x703cd848b080) (first time)
10-20 12:36:34.175  2327  3040 D EGL_emulation: eglMakeCurrent: 0x703ab78c7c50: ver 1 0 (tinfo 0x703cd848b080) (first time)
10-20 12:36:34.183  2327  3040 D EGL_emulation: eglCreateContext: 0x703ab78c7c50: maj 3 min 0 rcv 3
10-20 12:36:34.189  3689  3721 I SQLiteConnection: /data/user/0/com.google.android.apps.photos/databases/gphotos-1.db-wal 1339032 bytes: Bigger than 1048576; truncating
10-20 12:36:34.193   530   842 W InputManager-JNI: Input channel object '271ec4b Splash Screen com.example.lunchtray (client)' was disposed without first being removed with the input manager!
10-20 12:36:34.194  2327  3040 D EGL_emulation: eglCreateContext: 0x703ab78c7c50: maj 1 min 0 rcv 1
10-20 12:36:34.207  2327  3040 D EGL_emulation: eglCreateContext: 0x703ab78c7c50: maj 3 min 0 rcv 3
10-20 12:36:34.216  2327  3040 D EGL_emulation: eglCreateContext: 0x703ab78c7c50: maj 1 min 0 rcv 1
10-20 12:36:34.223  2327  3040 D EGL_emulation: eglCreateContext: 0x703ab78c7c50: maj 3 min 0 rcv 3
10-20 12:36:34.231  2327  3040 D EGL_emulation: eglCreateContext: 0x703ab78c7c50: maj 1 min 0 rcv 1
10-20 12:36:34.253  3315  3354 I TestRunner: finished: navigate_to_start_order_from_entree_menu(com.example.lunchtray.NavigationTests)
