10-20 12:37:02.819  3315  3354 I TestRunner: started: radio_buttons_update_accompaniment_menu_subtotal(com.example.lunchtray.OrderFunctionalityTests)
10-20 12:37:02.822  4026  5317 D PhenotypeUpdateService: Registering with Phenotype
10-20 12:37:02.829  5189  5269 I FirebaseCrashApiImpl: FirebaseCrash reporting API initialized
10-20 12:37:02.829  5189  5269 W FirebaseCrashAnalytics: Unable to log event, missing Google Analytics for Firebase library
10-20 12:37:02.836  4026  4156 I Finsky:instant_app_inst: [49] ArchivePrefetchService.d(72): InstantApps account missing, skip sync.
10-20 12:37:02.838   530  2251 W InputManager-JNI: Input channel object '9eabb1d com.example.lunchtray/com.example.lunchtray.MainActivity (client)' was disposed without first being removed with the input manager!
10-20 12:37:02.849  1101  2708 I atxs    : Scheduling Phenotype for a PhenotypeSyncImmediately(6, com.google.android.libraries.notifications#com.google.android.gm) one off with window [1, 2] in seconds [CONTEXT service_id=51 ]
10-20 12:37:02.850   787   858 D PeopleSpaceWidgetMgr: Sbn doesn't contain valid PeopleTileKey: null/0/com.google.android.googlequicksearchbox
10-20 12:37:02.855  3315  3354 W Settings: Setting always_finish_activities has moved from android.provider.Settings.System to android.provider.Settings.Global, returning read-only value.
10-20 12:37:02.868   787   787 D InterruptionStateProvider: No bubble up: not allowed to bubble: 0|com.android.providers.downloads|0|1:com.android.vending|10062
10-20 12:37:02.868   787   787 D InterruptionStateProvider: No heads up: unimportant notification: 0|com.android.providers.downloads|0|1:com.android.vending|10062
10-20 12:37:02.871   787   858 D PeopleSpaceWidgetMgr: Sbn doesn't contain valid PeopleTileKey: null/0/com.android.providers.downloads
10-20 12:37:02.980   787   787 D InterruptionStateProvider: No bubble up: not allowed to bubble: 0|com.android.providers.downloads|0|1:com.android.vending|10062
10-20 12:37:02.980   787   787 D InterruptionStateProvider: No heads up: unimportant notification: 0|com.android.providers.downloads|0|1:com.android.vending|10062
10-20 12:37:02.986   787   858 D PeopleSpaceWidgetMgr: Sbn doesn't contain valid PeopleTileKey: null/0/com.android.providers.downloads
10-20 12:37:03.000  5189  5189 D CompatibilityChangeReporter: Compat change id reported: 119147584; UID 10118; state: ENABLED
10-20 12:37:03.007  3315  3315 D LifecycleMonitor: Lifecycle status change: androidx.test.core.app.InstrumentationActivityInvoker$BootstrapActivity@1bc1659 in: PRE_ON_CREATE
10-20 12:37:03.007  3315  3315 V ActivityScenario: Activity lifecycle changed event received but ignored because the intent does not match. startActivityIntent=Intent { act=android.intent.action.MAIN cat=[android.intent.category.LAUNCHER] cmp=com.example.lunchtray/.MainActivity }, activity.getIntent()=Intent { act=android.intent.action.MAIN cat=[android.intent.category.LAUNCHER] flg=0x10008000 cmp=com.example.lunchtray/androidx.test.core.app.InstrumentationActivityInvoker$BootstrapActivity (has extras) }, activity=androidx.test.core.app.InstrumentationActivityInvoker$BootstrapActivity@1bc1659
10-20 12:37:03.007  3315  3315 V ActivityScenario: Activity lifecycle changed event received but ignored because the intent does not match. startActivityIntent=Intent { act=android.intent.action.MAIN cat=[android.intent.category.LAUNCHER] cmp=com.example.lunchtray/.MainActivity }, activity.getIntent()=Intent { act=android.intent.action.MAIN cat=[android.intent.category.LAUNCHER] flg=0x10008000 cmp=com.example.lunchtray/androidx.test.core.app.InstrumentationActivityInvoker$BootstrapActivity (has extras) }, activity=androidx.test.core.app.InstrumentationActivityInvoker$BootstrapActivity@1bc1659
10-20 12:37:03.007  3315  3315 V ActivityScenario: Activity lifecycle changed event received but ignored because the intent does not match. startActivityIntent=Intent { act=android.intent.action.MAIN cat=[android.intent.category.LAUNCHER] cmp=com.example.lunchtray/.MainActivity }, activity.getIntent()=Intent { act=android.intent.action.MAIN cat=[android.intent.category.LAUNCHER] flg=0x10008000 cmp=com.example.lunchtray/androidx.test.core.app.InstrumentationActivityInvoker$BootstrapActivity (has extras) }, activity=androidx.test.core.app.InstrumentationActivityInvoker$BootstrapActivity@1bc1659
10-20 12:37:03.007  3315  3315 V ActivityScenario: Activity lifecycle changed event received but ignored because the intent does not match. startActivityIntent=Intent { act=android.intent.action.MAIN cat=[android.intent.category.LAUNCHER] cmp=com.example.lunchtray/androidx.fragment.app.testing.FragmentScenario$EmptyFragmentActivity (has extras) }, activity.getIntent()=Intent { act=android.intent.action.MAIN cat=[android.intent.category.LAUNCHER] flg=0x10008000 cmp=com.example.lunchtray/androidx.test.core.app.InstrumentationActivityInvoker$BootstrapActivity (has extras) }, activity=androidx.test.core.app.InstrumentationActivityInvoker$BootstrapActivity@1bc1659
10-20 12:37:03.007   407   407 I BpBinder: onLastStrongRef automatically unlinking death recipients: <uncached descriptor>
10-20 12:37:03.013   362   374 D goldfish-address-space: claimShared: Ask to claim region [0x3fa926000 0x3fb10f000]
10-20 12:37:03.021   362   374 D goldfish-address-space: claimShared: Ask to claim region [0x3fb10f000 0x3fb8f8000]
10-20 12:37:03.024   362   404 D goldfish-address-space: claimShared: Ask to claim region [0x3f9421000 0x3f9c0a000]
10-20 12:37:03.029  3315  3315 D LifecycleMonitor: Lifecycle status change: androidx.test.core.app.InstrumentationActivityInvoker$BootstrapActivity@1bc1659 in: CREATED
10-20 12:37:03.030  3315  3315 V ActivityScenario: Activity lifecycle changed event received but ignored because the intent does not match. startActivityIntent=Intent { act=android.intent.action.MAIN cat=[android.intent.category.LAUNCHER] cmp=com.example.lunchtray/.MainActivity }, activity.getIntent()=Intent { act=android.intent.action.MAIN cat=[android.intent.category.LAUNCHER] flg=0x10008000 cmp=com.example.lunchtray/androidx.test.core.app.InstrumentationActivityInvoker$BootstrapActivity (has extras) }, activity=androidx.test.core.app.InstrumentationActivityInvoker$BootstrapActivity@1bc1659
10-20 12:37:03.030  3315  3315 V ActivityScenario: Activity lifecycle changed event received but ignored because the intent does not match. startActivityIntent=Intent { act=android.intent.action.MAIN cat=[android.intent.category.LAUNCHER] cmp=com.example.lunchtray/.MainActivity }, activity.getIntent()=Intent { act=android.intent.action.MAIN cat=[android.intent.category.LAUNCHER] flg=0x10008000 cmp=com.example.lunchtray/androidx.test.core.app.InstrumentationActivityInvoker$BootstrapActivity (has extras) }, activity=androidx.test.core.app.InstrumentationActivityInvoker$BootstrapActivity@1bc1659
10-20 12:37:03.030  3315  3315 V ActivityScenario: Activity lifecycle changed event received but ignored because the intent does not match. startActivityIntent=Intent { act=android.intent.action.MAIN cat=[android.intent.category.LAUNCHER] cmp=com.example.lunchtray/.MainActivity }, activity.getIntent()=Intent { act=android.intent.action.MAIN cat=[android.intent.category.LAUNCHER] flg=0x10008000 cmp=com.example.lunchtray/androidx.test.core.app.InstrumentationActivityInvoker$BootstrapActivity (has extras) }, activity=androidx.test.core.app.InstrumentationActivityInvoker$BootstrapActivity@1bc1659
10-20 12:37:03.030  3315  3315 V ActivityScenario: Activity lifecycle changed event received but ignored because the intent does not match. startActivityIntent=Intent { act=android.intent.action.MAIN cat=[android.intent.category.LAUNCHER] cmp=com.example.lunchtray/androidx.fragment.app.testing.FragmentScenario$EmptyFragmentActivity (has extras) }, activity.getIntent()=Intent { act=android.intent.action.MAIN cat=[android.intent.category.LAUNCHER] flg=0x10008000 cmp=com.example.lunchtray/androidx.test.core.app.InstrumentationActivityInvoker$BootstrapActivity (has extras) }, activity=androidx.test.core.app.InstrumentationActivityInvoker$BootstrapActivity@1bc1659
10-20 12:37:03.031  3315  3315 D LifecycleMonitor: Lifecycle status change: androidx.test.core.app.InstrumentationActivityInvoker$BootstrapActivity@1bc1659 in: STARTED
10-20 12:37:03.031  3315  3315 V ActivityScenario: Activity lifecycle changed event received but ignored because the intent does not match. startActivityIntent=Intent { act=android.intent.action.MAIN cat=[android.intent.category.LAUNCHER] cmp=com.example.lunchtray/.MainActivity }, activity.getIntent()=Intent { act=android.intent.action.MAIN cat=[android.intent.category.LAUNCHER] flg=0x10008000 cmp=com.example.lunchtray/androidx.test.core.app.InstrumentationActivityInvoker$BootstrapActivity (has extras) }, activity=androidx.test.core.app.InstrumentationActivityInvoker$BootstrapActivity@1bc1659
10-20 12:37:03.031  3315  3315 V ActivityScenario: Activity lifecycle changed event received but ignored because the intent does not match. startActivityIntent=Intent { act=android.intent.action.MAIN cat=[android.intent.category.LAUNCHER] cmp=com.example.lunchtray/.MainActivity }, activity.getIntent()=Intent { act=android.intent.action.MAIN cat=[android.intent.category.LAUNCHER] flg=0x10008000 cmp=com.example.lunchtray/androidx.test.core.app.InstrumentationActivityInvoker$BootstrapActivity (has extras) }, activity=androidx.test.core.app.InstrumentationActivityInvoker$BootstrapActivity@1bc1659
10-20 12:37:03.031  3315  3315 V ActivityScenario: Activity lifecycle changed event received but ignored because the intent does not match. startActivityIntent=Intent { act=android.intent.action.MAIN cat=[android.intent.category.LAUNCHER] cmp=com.example.lunchtray/.MainActivity }, activity.getIntent()=Intent { act=android.intent.action.MAIN cat=[android.intent.category.LAUNCHER] flg=0x10008000 cmp=com.example.lunchtray/androidx.test.core.app.InstrumentationActivityInvoker$BootstrapActivity (has extras) }, activity=androidx.test.core.app.InstrumentationActivityInvoker$BootstrapActivity@1bc1659
10-20 12:37:03.031  3315  3315 V ActivityScenario: Activity lifecycle changed event received but ignored because the intent does not match. startActivityIntent=Intent { act=android.intent.action.MAIN cat=[android.intent.category.LAUNCHER] cmp=com.example.lunchtray/androidx.fragment.app.testing.FragmentScenario$EmptyFragmentActivity (has extras) }, activity.getIntent()=Intent { act=android.intent.action.MAIN cat=[android.intent.category.LAUNCHER] flg=0x10008000 cmp=com.example.lunchtray/androidx.test.core.app.InstrumentationActivityInvoker$BootstrapActivity (has extras) }, activity=androidx.test.core.app.InstrumentationActivityInvoker$BootstrapActivity@1bc1659
10-20 12:37:03.049  3315  3315 D LifecycleMonitor: Lifecycle status change: androidx.test.core.app.InstrumentationActivityInvoker$BootstrapActivity@1bc1659 in: RESUMED
10-20 12:37:03.049  3315  3315 V ActivityScenario: Activity lifecycle changed event received but ignored because the intent does not match. startActivityIntent=Intent { act=android.intent.action.MAIN cat=[android.intent.category.LAUNCHER] cmp=com.example.lunchtray/.MainActivity }, activity.getIntent()=Intent { act=android.intent.action.MAIN cat=[android.intent.category.LAUNCHER] flg=0x10008000 cmp=com.example.lunchtray/androidx.test.core.app.InstrumentationActivityInvoker$BootstrapActivity (has extras) }, activity=androidx.test.core.app.InstrumentationActivityInvoker$BootstrapActivity@1bc1659
10-20 12:37:03.049  3315  3315 V ActivityScenario: Activity lifecycle changed event received but ignored because the intent does not match. startActivityIntent=Intent { act=android.intent.action.MAIN cat=[android.intent.category.LAUNCHER] cmp=com.example.lunchtray/.MainActivity }, activity.getIntent()=Intent { act=android.intent.action.MAIN cat=[android.intent.category.LAUNCHER] flg=0x10008000 cmp=com.example.lunchtray/androidx.test.core.app.InstrumentationActivityInvoker$BootstrapActivity (has extras) }, activity=androidx.test.core.app.InstrumentationActivityInvoker$BootstrapActivity@1bc1659
10-20 12:37:03.049  3315  3315 V ActivityScenario: Activity lifecycle changed event received but ignored because the intent does not match. startActivityIntent=Intent { act=android.intent.action.MAIN cat=[android.intent.category.LAUNCHER] cmp=com.example.lunchtray/.MainActivity }, activity.getIntent()=Intent { act=android.intent.action.MAIN cat=[android.intent.category.LAUNCHER] flg=0x10008000 cmp=com.example.lunchtray/androidx.test.core.app.InstrumentationActivityInvoker$BootstrapActivity (has extras) }, activity=androidx.test.core.app.InstrumentationActivityInvoker$BootstrapActivity@1bc1659
10-20 12:37:03.049  3315  3315 V ActivityScenario: Activity lifecycle changed event received but ignored because the intent does not match. startActivityIntent=Intent { act=android.intent.action.MAIN cat=[android.intent.category.LAUNCHER] cmp=com.example.lunchtray/androidx.fragment.app.testing.FragmentScenario$EmptyFragmentActivity (has extras) }, activity.getIntent()=Intent { act=android.intent.action.MAIN cat=[android.intent.category.LAUNCHER] flg=0x10008000 cmp=com.example.lunchtray/androidx.test.core.app.InstrumentationActivityInvoker$BootstrapActivity (has extras) }, activity=androidx.test.core.app.InstrumentationActivityInvoker$BootstrapActivity@1bc1659
10-20 12:37:03.067  3315  3315 D LifecycleMonitor: Lifecycle status change: androidx.test.core.app.InstrumentationActivityInvoker$BootstrapActivity@1bc1659 in: PAUSED
10-20 12:37:03.067  3315  3315 V ActivityScenario: Activity lifecycle changed event received but ignored because the intent does not match. startActivityIntent=Intent { act=android.intent.action.MAIN cat=[android.intent.category.LAUNCHER] cmp=com.example.lunchtray/.MainActivity }, activity.getIntent()=Intent { act=android.intent.action.MAIN cat=[android.intent.category.LAUNCHER] flg=0x10008000 cmp=com.example.lunchtray/androidx.test.core.app.InstrumentationActivityInvoker$BootstrapActivity (has extras) }, activity=androidx.test.core.app.InstrumentationActivityInvoker$BootstrapActivity@1bc1659
10-20 12:37:03.067  3315  3315 V ActivityScenario: Activity lifecycle changed event received but ignored because the intent does not match. startActivityIntent=Intent { act=android.intent.action.MAIN cat=[android.intent.category.LAUNCHER] cmp=com.example.lunchtray/.MainActivity }, activity.getIntent()=Intent { act=android.intent.action.MAIN cat=[android.intent.category.LAUNCHER] flg=0x10008000 cmp=com.example.lunchtray/androidx.test.core.app.InstrumentationActivityInvoker$BootstrapActivity (has extras) }, activity=androidx.test.core.app.InstrumentationActivityInvoker$BootstrapActivity@1bc1659
10-20 12:37:03.067  3315  3315 V ActivityScenario: Activity lifecycle changed event received but ignored because the intent does not match. startActivityIntent=Intent { act=android.intent.action.MAIN cat=[android.intent.category.LAUNCHER] cmp=com.example.lunchtray/.MainActivity }, activity.getIntent()=Intent { act=android.intent.action.MAIN cat=[android.intent.category.LAUNCHER] flg=0x10008000 cmp=com.example.lunchtray/androidx.test.core.app.InstrumentationActivityInvoker$BootstrapActivity (has extras) }, activity=androidx.test.core.app.InstrumentationActivityInvoker$BootstrapActivity@1bc1659
10-20 12:37:03.067  3315  3315 V ActivityScenario: Activity lifecycle changed event received but ignored because the intent does not match. startActivityIntent=Intent { act=android.intent.action.MAIN cat=[android.intent.category.LAUNCHER] cmp=com.example.lunchtray/androidx.fragment.app.testing.FragmentScenario$EmptyFragmentActivity (has extras) }, activity.getIntent()=Intent { act=android.intent.action.MAIN cat=[android.intent.category.LAUNCHER] flg=0x10008000 cmp=com.example.lunchtray/androidx.test.core.app.InstrumentationActivityInvoker$BootstrapActivity (has extras) }, activity=androidx.test.core.app.InstrumentationActivityInvoker$BootstrapActivity@1bc1659
10-20 12:37:03.080  2327  3446 I Finsky  : [99] gfy.accept(16): Removed 0 old sessions.
10-20 12:37:03.117  3315  3315 D LifecycleMonitor: Lifecycle status change: androidx.fragment.app.testing.FragmentScenario$EmptyFragmentActivity@d25181b in: PRE_ON_CREATE
10-20 12:37:03.117  3315  3315 V ActivityScenario: Activity lifecycle changed event received but ignored because the intent does not match. startActivityIntent=Intent { act=android.intent.action.MAIN cat=[android.intent.category.LAUNCHER] cmp=com.example.lunchtray/.MainActivity }, activity.getIntent()=Intent { act=android.intent.action.MAIN cat=[android.intent.category.LAUNCHER] cmp=com.example.lunchtray/androidx.fragment.app.testing.FragmentScenario$EmptyFragmentActivity (has extras) }, activity=androidx.fragment.app.testing.FragmentScenario$EmptyFragmentActivity@d25181b
10-20 12:37:03.117  3315  3315 V ActivityScenario: Activity lifecycle changed event received but ignored because the intent does not match. startActivityIntent=Intent { act=android.intent.action.MAIN cat=[android.intent.category.LAUNCHER] cmp=com.example.lunchtray/.MainActivity }, activity.getIntent()=Intent { act=android.intent.action.MAIN cat=[android.intent.category.LAUNCHER] cmp=com.example.lunchtray/androidx.fragment.app.testing.FragmentScenario$EmptyFragmentActivity (has extras) }, activity=androidx.fragment.app.testing.FragmentScenario$EmptyFragmentActivity@d25181b
10-20 12:37:03.117  3315  3315 V ActivityScenario: Activity lifecycle changed event received but ignored because the intent does not match. startActivityIntent=Intent { act=android.intent.action.MAIN cat=[android.intent.category.LAUNCHER] cmp=com.example.lunchtray/.MainActivity }, activity.getIntent()=Intent { act=android.intent.action.MAIN cat=[android.intent.category.LAUNCHER] cmp=com.example.lunchtray/androidx.fragment.app.testing.FragmentScenario$EmptyFragmentActivity (has extras) }, activity=androidx.fragment.app.testing.FragmentScenario$EmptyFragmentActivity@d25181b
10-20 12:37:03.117  3315  3315 V ActivityScenario: Activity lifecycle changed event received but ignored because the reported transition was not ON_CREATE while the last known transition was PRE_ON_CREATE
10-20 12:37:03.124   407   407 I BpBinder: onLastStrongRef automatically unlinking death recipients: <uncached descriptor>
10-20 12:37:03.130  3315  3315 D LifecycleMonitor: Lifecycle status change: androidx.fragment.app.testing.FragmentScenario$EmptyFragmentActivity@d25181b in: CREATED
10-20 12:37:03.130  3315  3315 V ActivityScenario: Activity lifecycle changed event received but ignored because the intent does not match. startActivityIntent=Intent { act=android.intent.action.MAIN cat=[android.intent.category.LAUNCHER] cmp=com.example.lunchtray/.MainActivity }, activity.getIntent()=Intent { act=android.intent.action.MAIN cat=[android.intent.category.LAUNCHER] cmp=com.example.lunchtray/androidx.fragment.app.testing.FragmentScenario$EmptyFragmentActivity (has extras) }, activity=androidx.fragment.app.testing.FragmentScenario$EmptyFragmentActivity@d25181b
10-20 12:37:03.130  3315  3315 V ActivityScenario: Activity lifecycle changed event received but ignored because the intent does not match. startActivityIntent=Intent { act=android.intent.action.MAIN cat=[android.intent.category.LAUNCHER] cmp=com.example.lunchtray/.MainActivity }, activity.getIntent()=Intent { act=android.intent.action.MAIN cat=[android.intent.category.LAUNCHER] cmp=com.example.lunchtray/androidx.fragment.app.testing.FragmentScenario$EmptyFragmentActivity (has extras) }, activity=androidx.fragment.app.testing.FragmentScenario$EmptyFragmentActivity@d25181b
10-20 12:37:03.130  3315  3315 V ActivityScenario: Activity lifecycle changed event received but ignored because the intent does not match. startActivityIntent=Intent { act=android.intent.action.MAIN cat=[android.intent.category.LAUNCHER] cmp=com.example.lunchtray/.MainActivity }, activity.getIntent()=Intent { act=android.intent.action.MAIN cat=[android.intent.category.LAUNCHER] cmp=com.example.lunchtray/androidx.fragment.app.testing.FragmentScenario$EmptyFragmentActivity (has extras) }, activity=androidx.fragment.app.testing.FragmentScenario$EmptyFragmentActivity@d25181b
10-20 12:37:03.130  3315  3315 V ActivityScenario: Update currentActivityStage to CREATED, currentActivity=androidx.fragment.app.testing.FragmentScenario$EmptyFragmentActivity@d25181b
10-20 12:37:03.133  3315  3315 D LifecycleMonitor: Lifecycle status change: androidx.fragment.app.testing.FragmentScenario$EmptyFragmentActivity@d25181b in: STARTED
10-20 12:37:03.133  3315  3315 V ActivityScenario: Activity lifecycle changed event received but ignored because the intent does not match. startActivityIntent=Intent { act=android.intent.action.MAIN cat=[android.intent.category.LAUNCHER] cmp=com.example.lunchtray/.MainActivity }, activity.getIntent()=Intent { act=android.intent.action.MAIN cat=[android.intent.category.LAUNCHER] cmp=com.example.lunchtray/androidx.fragment.app.testing.FragmentScenario$EmptyFragmentActivity (has extras) }, activity=androidx.fragment.app.testing.FragmentScenario$EmptyFragmentActivity@d25181b
10-20 12:37:03.135  3315  3315 V ActivityScenario: Activity lifecycle changed event received but ignored because the intent does not match. startActivityIntent=Intent { act=android.intent.action.MAIN cat=[android.intent.category.LAUNCHER] cmp=com.example.lunchtray/.MainActivity }, activity.getIntent()=Intent { act=android.intent.action.MAIN cat=[android.intent.category.LAUNCHER] cmp=com.example.lunchtray/androidx.fragment.app.testing.FragmentScenario$EmptyFragmentActivity (has extras) }, activity=androidx.fragment.app.testing.FragmentScenario$EmptyFragmentActivity@d25181b
10-20 12:37:03.135  3315  3315 V ActivityScenario: Activity lifecycle changed event received but ignored because the intent does not match. startActivityIntent=Intent { act=android.intent.action.MAIN cat=[android.intent.category.LAUNCHER] cmp=com.example.lunchtray/.MainActivity }, activity.getIntent()=Intent { act=android.intent.action.MAIN cat=[android.intent.category.LAUNCHER] cmp=com.example.lunchtray/androidx.fragment.app.testing.FragmentScenario$EmptyFragmentActivity (has extras) }, activity=androidx.fragment.app.testing.FragmentScenario$EmptyFragmentActivity@d25181b
10-20 12:37:03.135  3315  3315 V ActivityScenario: Update currentActivityStage to STARTED, currentActivity=androidx.fragment.app.testing.FragmentScenario$EmptyFragmentActivity@d25181b
10-20 12:37:03.135  3315  3315 D LifecycleMonitor: Lifecycle status change: androidx.fragment.app.testing.FragmentScenario$EmptyFragmentActivity@d25181b in: RESUMED
10-20 12:37:03.136  3315  3315 V ActivityScenario: Activity lifecycle changed event received but ignored because the intent does not match. startActivityIntent=Intent { act=android.intent.action.MAIN cat=[android.intent.category.LAUNCHER] cmp=com.example.lunchtray/.MainActivity }, activity.getIntent()=Intent { act=android.intent.action.MAIN cat=[android.intent.category.LAUNCHER] cmp=com.example.lunchtray/androidx.fragment.app.testing.FragmentScenario$EmptyFragmentActivity (has extras) }, activity=androidx.fragment.app.testing.FragmentScenario$EmptyFragmentActivity@d25181b
10-20 12:37:03.136  3315  3315 V ActivityScenario: Activity lifecycle changed event received but ignored because the intent does not match. startActivityIntent=Intent { act=android.intent.action.MAIN cat=[android.intent.category.LAUNCHER] cmp=com.example.lunchtray/.MainActivity }, activity.getIntent()=Intent { act=android.intent.action.MAIN cat=[android.intent.category.LAUNCHER] cmp=com.example.lunchtray/androidx.fragment.app.testing.FragmentScenario$EmptyFragmentActivity (has extras) }, activity=androidx.fragment.app.testing.FragmentScenario$EmptyFragmentActivity@d25181b
10-20 12:37:03.136  3315  3315 V ActivityScenario: Activity lifecycle changed event received but ignored because the intent does not match. startActivityIntent=Intent { act=android.intent.action.MAIN cat=[android.intent.category.LAUNCHER] cmp=com.example.lunchtray/.MainActivity }, activity.getIntent()=Intent { act=android.intent.action.MAIN cat=[android.intent.category.LAUNCHER] cmp=com.example.lunchtray/androidx.fragment.app.testing.FragmentScenario$EmptyFragmentActivity (has extras) }, activity=androidx.fragment.app.testing.FragmentScenario$EmptyFragmentActivity@d25181b
10-20 12:37:03.136  3315  3315 V ActivityScenario: Update currentActivityStage to RESUMED, currentActivity=androidx.fragment.app.testing.FragmentScenario$EmptyFragmentActivity@d25181b
10-20 12:37:03.145  2327  3446 I Finsky  : [99] gfy.accept(17): Removed 0 obsolete sessions.
10-20 12:37:03.191   407   407 W SurfaceFlinger: couldn't log to binary event log: overflow.
10-20 12:37:03.196   362   404 D goldfish-address-space: claimShared: Ask to claim region [0x3f4f30000 0x3f5719000]
10-20 12:37:03.203   362   404 D goldfish-address-space: claimShared: Ask to claim region [0x3f5719000 0x3f5f02000]
10-20 12:37:03.203  2327  3446 I Finsky  : [99] gfy.accept(18): Deleted 0 orphaned directories.
10-20 12:37:03.204   362   374 D goldfish-address-space: claimShared: Ask to claim region [0x3f5f02000 0x3f66eb000]
10-20 12:37:03.224   407   407 W SurfaceFlinger: couldn't log to binary event log: overflow.
10-20 12:37:03.259  2327  3446 I Finsky  : [99] gfy.accept(19): Logged 0 packages in store.
10-20 12:37:03.259  2327  3000 I Finsky  : [59] wja.o(4): SCH: jobFinished: 10-53. TimeElapsed: 1243ms.
10-20 12:37:03.260  2327  3446 I Finsky  : [99] wja.o(4): SCH: jobFinished: 10-66. TimeElapsed: 524ms.
10-20 12:37:03.261  2327  2327 I Finsky  : [2] wic.a(3): SCH: Job 10-53 finished. Not rescheduling.
10-20 12:37:03.261  2327  2327 I Finsky  : [2] wic.a(3): SCH: Job 10-66 finished. Not rescheduling.
10-20 12:37:03.262  2327  2327 I Finsky  : [2] wic.m(10): SCH: Running job: 10-71
10-20 12:37:03.285  2327  2327 I Finsky  : [2] wja.o(4): SCH: jobFinished: 10-71. TimeElapsed: 22ms.
10-20 12:37:03.286  2327  2327 I Finsky  : [2] wic.m(10): SCH: Running job: 10-73
10-20 12:37:03.291  2327  2327 I Finsky  : [2] wib.handleMessage(29): SCH: RunningQueue size: 4, PendingQueue size: 10
10-20 12:37:03.291  2327  2327 I Finsky  : [2] wib.handleMessage(32): SCH: Running queue: 10-8 10-62 10-71 10-73
10-20 12:37:03.291  2327  2327 I Finsky  : [2] wic.g(1): SCH: Running maximum number of jobs: 4
10-20 12:37:03.291  2327  2327 I Finsky  : [2] wib.handleMessage(29): SCH: RunningQueue size: 4, PendingQueue size: 10
10-20 12:37:03.292  2327  2327 I Finsky  : [2] wib.handleMessage(32): SCH: Running queue: 10-8 10-62 10-71 10-73
10-20 12:37:03.292  2327  2327 I Finsky  : [2] wic.a(3): SCH: Job 10-71 finished. Not rescheduling.
10-20 12:37:03.299  2327  2327 I Finsky  : [2] wic.m(10): SCH: Running job: 10-76
10-20 12:37:03.299  2327  2327 I Finsky  : [2] wja.o(4): SCH: jobFinished: 10-76. TimeElapsed: 1ms.
10-20 12:37:03.300  2327  2327 I Finsky  : [2] wib.handleMessage(29): SCH: RunningQueue size: 4, PendingQueue size: 9
10-20 12:37:03.300  2327  2327 I Finsky  : [2] wib.handleMessage(32): SCH: Running queue: 10-8 10-62 10-73 10-76
10-20 12:37:03.300  2327  2327 I Finsky  : [2] wic.a(3): SCH: Job 10-76 finished. Not rescheduling.
10-20 12:37:03.320  2327  2327 I Finsky  : [2] wic.m(10): SCH: Running job: 10-82
10-20 12:37:03.330  1279  1279 I GoogleInputMethodService: GoogleInputMethodService.onFinishInput():3420
10-20 12:37:03.331  1279  1279 I GoogleInputMethodService: GoogleInputMethodService.onStartInput():2002
10-20 12:37:03.332  1279  1279 I DeviceUnlockedTag: DeviceUnlockedTag.notifyDeviceLockStatusChanged():31 Notify device unlocked.
10-20 12:37:03.349  1101  1660 I NearbyMediums: BluetoothAdapter's name was not set by Nearby Connections, ignoring call to restore device name [CONTEXT service_id=54 ]
10-20 12:37:03.363  3315  3315 I ViewInteraction: Performing 'single click' action on view view.getId() is <2131230835/com.example.lunchtray:id/bread>
10-20 12:37:03.387  1171  5219 E PhenotypeRegOp: Attempting to overwrite config package for com.google.android.gms.games [CONTEXT service_id=231 ]
10-20 12:37:03.398  2327  2327 I Finsky  : [2] wib.handleMessage(29): SCH: RunningQueue size: 4, PendingQueue size: 8
10-20 12:37:03.410  1171  5219 E PhenotypeRegOp: Attempting to overwrite config package for com.google.android.gms.maps [CONTEXT service_id=231 ]
10-20 12:37:03.411  1171  5219 E PhenotypeRegOp: Attempting to overwrite config package for com.google.android.gms.cast [CONTEXT service_id=231 ]
10-20 12:37:03.411  1171  5219 E PhenotypeRegOp: Attempting to overwrite config package for com.google.android.gms.mobile_data_plan [CONTEXT service_id=231 ]
10-20 12:37:03.421  2404  2521 I ModelDownloadController: Hotword model update tasks finished.
10-20 12:37:03.422  2404  2674 I MicroDetectionWorker: Initializing MicroDataManager InitializeType-2, isForced-true, isActivePhoneEnrollment-false isActiveGoogleHomeEnrollment-false
10-20 12:37:03.431  2404  2475 I MicroDataManager: Location for model with model type: 2 and locale: en-US, is : https://www.gstatic.com/android-search/hotword/x_google/0b06a49fe5a853c080ada268feeb6882/hotword.data
10-20 12:37:03.442  2327  2327 I Finsky  : [2] wib.handleMessage(32): SCH: Running queue: 10-8 10-62 10-73 10-82
10-20 12:37:03.491  1171  5219 E PhenotypeRegOp: Attempting to overwrite config package for com.google.android.gms.udc [CONTEXT service_id=231 ]
10-20 12:37:03.504  1171  1171 D BoundBrokerSvc: onBind: Intent { act=com.google.android.gms.auth.key.retrieval.service.START cmp=com.google.android.gms/.chimera.GmsApiService }
10-20 12:37:03.504  1171  1171 D BoundBrokerSvc: Loading bound service for intent: Intent { act=com.google.android.gms.auth.key.retrieval.service.START cmp=com.google.android.gms/.chimera.GmsApiService }
10-20 12:37:03.511  3315  3315 D LifecycleMonitor: Lifecycle status change: androidx.test.core.app.InstrumentationActivityInvoker$BootstrapActivity@1bc1659 in: STOPPED
10-20 12:37:03.512  3315  3315 V ActivityScenario: Activity lifecycle changed event received but ignored because the intent does not match. startActivityIntent=Intent { act=android.intent.action.MAIN cat=[android.intent.category.LAUNCHER] cmp=com.example.lunchtray/.MainActivity }, activity.getIntent()=Intent { act=android.intent.action.MAIN cat=[android.intent.category.LAUNCHER] flg=0x10008000 cmp=com.example.lunchtray/androidx.test.core.app.InstrumentationActivityInvoker$BootstrapActivity (has extras) }, activity=androidx.test.core.app.InstrumentationActivityInvoker$BootstrapActivity@1bc1659
10-20 12:37:03.512  3315  3315 V ActivityScenario: Activity lifecycle changed event received but ignored because the intent does not match. startActivityIntent=Intent { act=android.intent.action.MAIN cat=[android.intent.category.LAUNCHER] cmp=com.example.lunchtray/.MainActivity }, activity.getIntent()=Intent { act=android.intent.action.MAIN cat=[android.intent.category.LAUNCHER] flg=0x10008000 cmp=com.example.lunchtray/androidx.test.core.app.InstrumentationActivityInvoker$BootstrapActivity (has extras) }, activity=androidx.test.core.app.InstrumentationActivityInvoker$BootstrapActivity@1bc1659
10-20 12:37:03.512  3315  3315 V ActivityScenario: Activity lifecycle changed event received but ignored because the intent does not match. startActivityIntent=Intent { act=android.intent.action.MAIN cat=[android.intent.category.LAUNCHER] cmp=com.example.lunchtray/.MainActivity }, activity.getIntent()=Intent { act=android.intent.action.MAIN cat=[android.intent.category.LAUNCHER] flg=0x10008000 cmp=com.example.lunchtray/androidx.test.core.app.InstrumentationActivityInvoker$BootstrapActivity (has extras) }, activity=androidx.test.core.app.InstrumentationActivityInvoker$BootstrapActivity@1bc1659
10-20 12:37:03.512  3315  3315 V ActivityScenario: Activity lifecycle changed event received but ignored because the intent does not match. startActivityIntent=Intent { act=android.intent.action.MAIN cat=[android.intent.category.LAUNCHER] cmp=com.example.lunchtray/androidx.fragment.app.testing.FragmentScenario$EmptyFragmentActivity (has extras) }, activity.getIntent()=Intent { act=android.intent.action.MAIN cat=[android.intent.category.LAUNCHER] flg=0x10008000 cmp=com.example.lunchtray/androidx.test.core.app.InstrumentationActivityInvoker$BootstrapActivity (has extras) }, activity=androidx.test.core.app.InstrumentationActivityInvoker$BootstrapActivity@1bc1659
10-20 12:37:03.554   396   505 D AudioFlinger: mixer(0x7fc2cd762a70) throttle end: throttle time(3)
10-20 12:37:03.557   787   848 D EGL_emulation: app_time_stats: avg=274.73ms min=37.20ms max=584.04ms count=4
10-20 12:37:03.580  2404  2527 I MicroDataManager: MicroDataManager InitializationTask. googleHotwordData is null: true, hotwordModel is null: false , sourceLocationOfCurrentHotwordModel https://www.gstatic.com/android-search/hotword/x_google/0b06a49fe5a853c080ada268feeb6882/hotword.data
10-20 12:37:03.592   773   773 V MediaPlayerList: mPackageChangedBroadcastReceiver: action: android.intent.action.PACKAGE_CHANGED
10-20 12:37:03.592   773   773 D MediaPlayerList: Name of package changed: com.google.android.googlequicksearchbox
10-20 12:37:03.595   530   709 W InputManager-JNI: Input channel object '2ae3ddb Splash Screen com.example.lunchtray (client)' was disposed without first being removed with the input manager!
10-20 12:37:03.614  2404  2674 I MicroDetectionState: Should stop hotword detection immediately - true
10-20 12:37:03.617   773   773 V MediaPlayerList: mPackageChangedBroadcastReceiver: action: android.intent.action.PACKAGE_CHANGED
10-20 12:37:03.618   773   773 D MediaPlayerList: Name of package changed: com.android.vending
10-20 12:37:03.625   530   636 I InputReader: Reconfiguring input devices, changes=KEYBOARD_LAYOUTS |
10-20 12:37:03.625   530   636 I InputReader: Reconfiguring input devices, changes=KEYBOARD_LAYOUTS |
10-20 12:37:03.627   530   630 I RoleService: Granting default roles...
10-20 12:37:03.682   803   963 W Role    : Cannot get ApplicationInfo for default holder: com.google.android.contacts
10-20 12:37:03.686   803   963 W Role    : Cannot get ApplicationInfo for default holder: com.google.android.as
10-20 12:37:03.706   803   823 I PermissionControllerServiceImpl: Updating user sensitive for uid 10104
10-20 12:37:03.708   530   636 I InputReader: Reconfiguring input devices, changes=KEYBOARD_LAYOUTS |
10-20 12:37:03.718  2327  3040 I Finsky  : [63] wja.o(4): SCH: jobFinished: 10-73. TimeElapsed: 431ms.
10-20 12:37:03.722   803   823 I PermissionControllerServiceImpl: Updating user sensitive for uid 10103
10-20 12:37:03.726  2327  2327 I Finsky  : [2] wic.a(3): SCH: Job 10-73 finished. Not rescheduling.
10-20 12:37:03.727   773   773 V MediaPlayerList: mPackageChangedBroadcastReceiver: action: android.intent.action.PACKAGE_CHANGED
10-20 12:37:03.727   773   773 D MediaPlayerList: Name of package changed: com.google.android.gm
10-20 12:37:03.738  3315  3315 I ViewInteraction: Checking 'MatchesViewAssertion{viewMatcher=an instance of android.widget.TextView and view.getText() with or without transformation to match: a string containing "Subtotal: $0.50"}' assertion on view view.getId() is <2131231217/com.example.lunchtray:id/subtotal>
10-20 12:37:03.739  3315  3315 I ViewInteraction: Performing 'single click' action on view view.getId() is <2131230825/com.example.lunchtray:id/berries>
10-20 12:37:03.740   530   636 I InputReader: Reconfiguring input devices, changes=KEYBOARD_LAYOUTS |
10-20 12:37:03.744   773   773 V MediaPlayerList: mPackageChangedBroadcastReceiver: action: android.intent.action.PACKAGE_CHANGED
10-20 12:37:03.744   773   773 D MediaPlayerList: Name of package changed: com.google.android.apps.wellbeing
10-20 12:37:03.749  2327  2327 I Finsky  : [2] wic.m(10): SCH: Running job: 10-85
10-20 12:37:03.750  2327  2327 I Finsky  : [2] wib.handleMessage(29): SCH: RunningQueue size: 4, PendingQueue size: 7
10-20 12:37:03.750  2327  2327 I Finsky  : [2] wib.handleMessage(32): SCH: Running queue: 10-8 10-62 10-82 10-85
10-20 12:37:03.796   803   823 I PermissionControllerServiceImpl: Updating user sensitive for uid 10118
10-20 12:37:03.821   803   823 I PermissionControllerServiceImpl: Updating user sensitive for uid 10099
10-20 12:37:03.839  2327  2797 I Finsky  : [51] wja.o(4): SCH: jobFinished: 10-85. TimeElapsed: 89ms.
10-20 12:37:03.839  2327  2327 I Finsky  : [2] wic.a(3): SCH: Job 10-85 finished. Not rescheduling.
10-20 12:37:03.850  2327  2327 I Finsky  : [2] wic.m(10): SCH: Running job: 10-87
10-20 12:37:03.851  2327  2327 I Finsky  : [2] UnifiedSyncHygieneJob.a(1): [PLUS] Hygiene sync job starting...
10-20 12:37:03.852  2327  2327 I Finsky  : [2] wib.handleMessage(29): SCH: RunningQueue size: 4, PendingQueue size: 6
10-20 12:37:03.853  2327  2327 I Finsky  : [2] wib.handleMessage(32): SCH: Running queue: 10-8 10-62 10-82 10-87
10-20 12:37:03.908  2327  2999 I Finsky  : [58] adag.a(1): [PLUS] Syncing for users with urgency above: HYGIENE
10-20 12:37:03.927   396   505 D AudioFlinger: mixer(0x7fc2cd762a70) throttle end: throttle time(2)
10-20 12:37:03.934  2327  3000 I Finsky  : [59] aczy.a(12): [PLUS] Syncing 0 train(s)
10-20 12:37:03.934  2327  3000 I Finsky  : [59] aczy.a(8): [PLUS] Sync complete, number synced: 0, number failed: 0
10-20 12:37:03.934  2327  3000 I Finsky  : [59] ybo.apply(11): [PLUS] Hygiene sync job success.
10-20 12:37:03.953  2327  3000 I Finsky  : [59] wja.o(4): SCH: jobFinished: 10-87. TimeElapsed: 103ms.
10-20 12:37:03.955  2327  2327 I Finsky  : [2] wic.a(3): SCH: Job 10-87 finished. Not rescheduling.
10-20 12:37:03.956  2327  2327 I Finsky  : [2] wic.m(10): SCH: Running job: 10-89
10-20 12:37:03.965  2327  2327 I Finsky  : [2] wib.handleMessage(29): SCH: RunningQueue size: 4, PendingQueue size: 5
10-20 12:37:03.965  2327  2327 I Finsky  : [2] wib.handleMessage(32): SCH: Running queue: 10-8 10-62 10-82 10-89
10-20 12:37:03.967  2327  5178 I Finsky  : [202] wja.o(4): SCH: jobFinished: 10-89. TimeElapsed: 11ms.
10-20 12:37:03.969  2327  2327 I Finsky  : [2] wic.a(3): SCH: Job 10-89 finished. Not rescheduling.
10-20 12:37:03.978  2327  2327 I Finsky  : [2] wic.m(10): SCH: Running job: 10-91
10-20 12:37:03.980  2327  2327 I Finsky  : [2] P2pSessionCleanupHygieneJob.a(1): [P2p] Session cleanup started
10-20 12:37:03.980  2327  2327 I Finsky  : [2] wib.handleMessage(29): SCH: RunningQueue size: 4, PendingQueue size: 4
10-20 12:37:03.980  2327  2327 I Finsky  : [2] wib.handleMessage(32): SCH: Running queue: 10-8 10-62 10-82 10-91
10-20 12:37:03.983  1101  1101 D BoundBrokerSvc: onRebind: Intent { act=com.google.android.gms.clearcut.bootcount.service.START pkg=com.google.android.gms }
10-20 12:37:03.999   530   709 I system_server: IncrementDisableThreadFlip blocked for 25.785ms
10-20 12:37:04.011  2327  2999 I Finsky  : [58] sme.call(4): [P2p] Cleanup: Expiration=PT1H
10-20 12:37:04.017  2327  2999 W Finsky  : [58] sme.call(6): [P2p] Cleanup: Can't list dirs
10-20 12:37:04.017  2327  2999 I Finsky  : [58] wja.o(4): SCH: jobFinished: 10-91. TimeElapsed: 39ms.
10-20 12:37:04.018  2327  2327 I Finsky  : [2] wic.a(3): SCH: Job 10-91 finished. Not rescheduling.
10-20 12:37:04.021  2327  2327 I Finsky  : [2] wic.m(10): SCH: Running job: 10-96
10-20 12:37:04.023  2327  2327 I Finsky  : [2] wib.handleMessage(29): SCH: RunningQueue size: 4, PendingQueue size: 3
10-20 12:37:04.023  2327  2327 I Finsky  : [2] wib.handleMessage(32): SCH: Running queue: 10-8 10-62 10-82 10-96
10-20 12:37:04.025   985   985 D CarrierSvcBindHelper: No carrier app for: 0
10-20 12:37:04.044  3315  3315 I ViewInteraction: Checking 'MatchesViewAssertion{viewMatcher=an instance of android.widget.TextView and view.getText() with or without transformation to match: a string containing "Subtotal: $1.00"}' assertion on view view.getId() is <2131231217/com.example.lunchtray:id/subtotal>
10-20 12:37:04.045  3315  3315 I ViewInteraction: Performing 'single click' action on view view.getId() is <2131231113/com.example.lunchtray:id/pickles>
10-20 12:37:04.093  2327  5333 I Finsky  : [215] vwa.a(6): RDS: deleting 0 stale entries
10-20 12:37:04.094  2327  5333 I Finsky  : [215] wja.o(4): SCH: jobFinished: 10-96. TimeElapsed: 72ms.
10-20 12:37:04.094  2327  2327 I Finsky  : [2] wic.a(3): SCH: Job 10-96 finished. Not rescheduling.
10-20 12:37:04.099  2327  2327 I Finsky  : [2] wic.m(10): SCH: Running job: 10-98
10-20 12:37:04.102  2327  2327 I Finsky  : [2] wib.handleMessage(29): SCH: RunningQueue size: 4, PendingQueue size: 2
10-20 12:37:04.102  2327  2327 I Finsky  : [2] wib.handleMessage(32): SCH: Running queue: 10-8 10-62 10-82 10-98
10-20 12:37:04.133   803   963 W Role    : Cannot get ApplicationInfo for default holder: com.google.android.as
10-20 12:37:04.140   803   963 W Role    : Cannot get ApplicationInfo for default holder: com.google.android.as
10-20 12:37:04.153  1101  5212 I Fitness : OnPackageChangedOperation got intent: Intent { act=android.intent.action.PACKAGE_CHANGED dat=package:com.google.android.googlequicksearchbox flg=0x45000010 pkg=com.google.android.gms cmp=com.google.android.gms/.chimera.PersistentIntentOperationService (has extras) } [CONTEXT service_id=17 ]
10-20 12:37:04.221   985   985 D CarrierSvcBindHelper: No carrier app for: 0
10-20 12:37:04.272  1101  5211 I Fitness : OnPackageChangedOperation got intent: Intent { act=android.intent.action.PACKAGE_CHANGED dat=package:com.android.vending flg=0x45000010 pkg=com.google.android.gms cmp=com.google.android.gms/.chimera.PersistentIntentOperationService (has extras) } [CONTEXT service_id=17 ]
10-20 12:37:04.314  1101  5211 I Fitness : FitCleanupIntentOperation received Intent android.intent.action.PACKAGE_CHANGED [CONTEXT service_id=17 ]
10-20 12:37:04.328  3315  3370 D EGL_emulation: app_time_stats: avg=17.93ms min=7.65ms max=108.25ms count=61
10-20 12:37:04.334  1101  5335 I Fitness : OnPackageChangedOperation got intent: Intent { act=android.intent.action.PACKAGE_CHANGED dat=package:com.google.android.gm flg=0x45000010 pkg=com.google.android.gms cmp=com.google.android.gms/.chimera.PersistentIntentOperationService (has extras) } [CONTEXT service_id=17 ]
10-20 12:37:04.345   985   985 D CarrierSvcBindHelper: No carrier app for: 0
10-20 12:37:04.351  1101  5337 I Fitness : FitCleanupIntentOperation received Intent android.intent.action.PACKAGE_CHANGED [CONTEXT service_id=17 ]
10-20 12:37:04.351  2327  5334 I Finsky  : [216] wja.o(4): SCH: jobFinished: 10-98. TimeElapsed: 252ms.
10-20 12:37:04.357  2327  2327 I Finsky  : [2] wic.a(3): SCH: Job 10-98 finished. Not rescheduling.
10-20 12:37:04.357  2327  2327 I Finsky  : [2] wic.m(10): SCH: Running job: 29-29
10-20 12:37:04.372  2327  2327 I Finsky  : [2] wib.handleMessage(29): SCH: RunningQueue size: 4, PendingQueue size: 1
10-20 12:37:04.372  2327  2327 I Finsky  : [2] wib.handleMessage(32): SCH: Running queue: 10-8 10-62 10-82 29-29
10-20 12:37:04.381  2327  5339 I Finsky  : [217] adri.o(0): ProcessRecoveryLogsUtil: No files in recovery directory
10-20 12:37:04.383  2327  5339 I Finsky  : [217] wja.o(4): SCH: jobFinished: 29-29. TimeElapsed: 24ms.
10-20 12:37:04.388  2327  2327 I Finsky  : [2] wic.a(3): SCH: Job 29-29 finished. Not rescheduling.
10-20 12:37:04.390  2327  2327 I Finsky  : [2] wic.m(10): SCH: Running job: 31-305419896
10-20 12:37:04.391  2327  2327 W Finsky  : [2] fgl.d(22): For unauth, use getDfeApiNonAuthenticated() instead!
10-20 12:37:04.394  3315  3315 I ViewInteraction: Checking 'MatchesViewAssertion{viewMatcher=an instance of android.widget.TextView and view.getText() with or without transformation to match: a string containing "Subtotal: $0.50"}' assertion on view view.getId() is <2131231217/com.example.lunchtray:id/subtotal>
10-20 12:37:04.394  3315  3354 I TestRunner: finished: radio_buttons_update_accompaniment_menu_subtotal(com.example.lunchtray.OrderFunctionalityTests)
