10-20 12:36:35.983  3315  3315 V ActivityScenario: Activity lifecycle changed event received but ignored because the intent does not match. startActivityIntent=Intent { act=android.intent.action.MAIN cat=[android.intent.category.LAUNCHER] cmp=com.example.lunchtray/androidx.fragment.app.testing.FragmentScenario$EmptyFragmentActivity (has extras) }, activity.getIntent()=Intent { act=android.intent.action.MAIN cat=[android.intent.category.LAUNCHER] flg=0x10008000 cmp=com.example.lunchtray/androidx.test.core.app.InstrumentationActivityInvoker$BootstrapActivity (has extras) }, activity=androidx.test.core.app.InstrumentationActivityInvoker$BootstrapActivity@a0c233c
10-20 12:36:35.983  2327  3465 D HeterodyneSyncer: updateFlag: com.google.android.finsky.regular, 82594910, 0, , PlayProtect__enable_ml_classifiers
10-20 12:36:35.983  3315  3315 V ActivityScenario: Activity lifecycle changed event received but ignored because the intent does not match. startActivityIntent=Intent { act=android.intent.action.MAIN cat=[android.intent.category.LAUNCHER] cmp=com.example.lunchtray/androidx.fragment.app.testing.FragmentScenario$EmptyFragmentActivity (has extras) }, activity.getIntent()=Intent { act=android.intent.action.MAIN cat=[android.intent.category.LAUNCHER] flg=0x10008000 cmp=com.example.lunchtray/androidx.test.core.app.InstrumentationActivityInvoker$BootstrapActivity (has extras) }, activity=androidx.test.core.app.InstrumentationActivityInvoker$BootstrapActivity@a0c233c
10-20 12:36:35.983  2327  3465 D HeterodyneSyncer: updateFlag: com.google.android.finsky.regular, 82594910, 0, , PlayProtect__enable_non_blocking_unsafe_app_logic
10-20 12:36:35.983  3315  3315 V ActivityScenario: Activity lifecycle changed event received but ignored because the intent does not match. startActivityIntent=Intent { act=android.intent.action.MAIN cat=[android.intent.category.LAUNCHER] cmp=com.example.lunchtray/androidx.fragment.app.testing.FragmentScenario$EmptyFragmentActivity (has extras) }, activity.getIntent()=Intent { act=android.intent.action.MAIN cat=[android.intent.category.LAUNCHER] flg=0x10008000 cmp=com.example.lunchtray/androidx.test.core.app.InstrumentationActivityInvoker$BootstrapActivity (has extras) }, activity=androidx.test.core.app.InstrumentationActivityInvoker$BootstrapActivity@a0c233c
10-20 12:36:35.983  2327  3465 D HeterodyneSyncer: updateFlag: com.google.android.finsky.regular, 82594910, 0, , PlayProtect__enable_ortho_lite_models
10-20 12:36:35.986  2327  3465 D HeterodyneSyncer: updateFlag: com.google.android.finsky.regular, 82594910, 0, , PlayProtect__enable_partner_dogfood_for_permission_auto_revocation
10-20 12:36:35.986  2327  3465 D HeterodyneSyncer: updateFlag: com.google.android.finsky.regular, 82594910, 0, , PlayProtect__enable_record_play_install
10-20 12:36:35.986  3315  3315 V ActivityScenario: Activity lifecycle changed event received but ignored because the intent does not match. startActivityIntent=Intent { act=android.intent.action.MAIN cat=[android.intent.category.LAUNCHER] cmp=com.example.lunchtray/androidx.fragment.app.testing.FragmentScenario$EmptyFragmentActivity (has extras) }, activity.getIntent()=Intent { act=android.intent.action.MAIN cat=[android.intent.category.LAUNCHER] flg=0x10008000 cmp=com.example.lunchtray/androidx.test.core.app.InstrumentationActivityInvoker$BootstrapActivity (has extras) }, activity=androidx.test.core.app.InstrumentationActivityInvoker$BootstrapActivity@a0c233c
10-20 12:36:35.986  2327  3465 D HeterodyneSyncer: updateFlag: com.google.android.finsky.regular, 82594910, 0, , PlayProtect__enable_refactor_ftm_dialog
10-20 12:36:35.986  2327  3465 D HeterodyneSyncer: updateFlag: com.google.android.finsky.regular, 82594910, 0, , PlayProtect__enable_send_dg_in_gmphn_request
10-20 12:36:35.987  2327  3465 D HeterodyneSyncer: updateFlag: com.google.android.finsky.regular, 82594910, 0, , PlayProtect__enable_send_server_verdict_in_request
10-20 12:36:35.987  2327  3465 D HeterodyneSyncer: updateFlag: com.google.android.finsky.regular, 82594910, 0, , PlayProtect__enable_system_app_info_hygiene_job
10-20 12:36:35.987  2327  3465 D HeterodyneSyncer: updateFlag: com.google.android.finsky.regular, 82594910, 0, , PlayProtect__enable_unmodifiable_consent_fix
10-20 12:36:35.987  2327  3465 D HeterodyneSyncer: updateFlag: com.google.android.finsky.regular, 82594910, 0, , PlayProtect__is_clearcut_enforcement_log_in_autoscan_enabled
10-20 12:36:35.987  2327  3465 D HeterodyneSyncer: updateFlag: com.google.android.finsky.regular, 82594910, 0, , PlayProtect__killswitch_unique_pending_intents
10-20 12:36:35.987  2327  3465 D HeterodyneSyncer: updateFlag: com.google.android.finsky.regular, 82594910, 0, , PlayProtect__max_first_launch_age
10-20 12:36:35.987  2327  3465 D HeterodyneSyncer: updateFlag: com.google.android.finsky.regular, 82594910, 0, , PlayProtect__non_sticky_notification_experiment_enabled
10-20 12:36:35.987  2327  3465 D HeterodyneSyncer: updateFlag: com.google.android.finsky.regular, 82594910, 0, , PlayProtect__peet_test_tflite
10-20 12:36:35.988  2327  3465 D HeterodyneSyncer: updateFlag: com.google.android.finsky.regular, 82594910, 0, , PlayProtect__skip_first_autoscan_latency_ms
10-20 12:36:35.988  2327  3465 D HeterodyneSyncer: updateFlag: com.google.android.finsky.regular, 82594910, 0, , PlayProtect__skip_latchsky_verification_in_receiver_kill_switch
10-20 12:36:35.988  2327  3465 D HeterodyneSyncer: updateFlag: com.google.android.finsky.regular, 82594910, 0, , PlayProtect__system_app_info_limit
10-20 12:36:35.988  2327  3465 D HeterodyneSyncer: updateFlag: com.google.android.finsky.regular, 82594910, 0, , PlayProtect__use_daily_frequency_for_advanced_protection_approved_apps_hygiene_task
10-20 12:36:35.988  2327  3465 D HeterodyneSyncer: updateFlag: com.google.android.finsky.regular, 82594910, 0, , PlayProtect__use_new_post_install_task
10-20 12:36:35.988  2327  3465 D HeterodyneSyncer: updateFlag: com.google.android.finsky.regular, 82594910, 0, , PlayProtect__use_package_info_signing_info_kill_switch
10-20 12:36:35.988  2327  3465 D HeterodyneSyncer: updateFlag: com.google.android.finsky.regular, 82594910, 0, , PreferredAccount__enable_library_state_logs
10-20 12:36:35.989  2327  3465 D HeterodyneSyncer: updateFlag: com.google.android.finsky.regular, 82594910, 0, , PreregAutoInstall__enable_prereg_notification_re_opt_in_warning_message
10-20 12:36:35.989  2327  3465 D HeterodyneSyncer: updateFlag: com.google.android.finsky.regular, 82594910, 0, , PreregistrationNotifications__preregistration_retry_release_notification
10-20 12:36:35.989  2327  3465 D HeterodyneSyncer: updateFlag: com.google.android.finsky.regular, 82594910, 0, , PreregistrationStatusApi__disabled_preregistration_status_packages
10-20 12:36:35.989  2327  3465 D HeterodyneSyncer: updateFlag: com.google.android.finsky.regular, 82594910, 0, , PreregistrationStatusApi__enable_preregistration_status_provider
10-20 12:36:35.989  2327  3465 D HeterodyneSyncer: updateFlag: com.google.android.finsky.regular, 82594910, 0, , PreregistrationStatusApi__preregistration_status_package_controller
10-20 12:36:35.989  2327  3465 D HeterodyneSyncer: updateFlag: com.google.android.finsky.regular, 82594910, 0, , PreventUpRecreateTask__prevent_up_recreate_task_on_up
10-20 12:36:35.989  2327  3465 D HeterodyneSyncer: updateFlag: com.google.android.finsky.regular, 82594910, 0, , PrewarmPackageStateCacheOnPageLoad__is_enabled
10-20 12:36:35.989  2327  3465 D HeterodyneSyncer: updateFlag: com.google.android.finsky.regular, 82594910, 0, , ProgressBarVisibility__enable_set_content_visibility_based_on_intended_state
10-20 12:36:35.989  2327  3465 D HeterodyneSyncer: updateFlag: com.google.android.finsky.regular, 82594910, 0, , PromotionCampaignDetailsPage__CdpClientControlledTerms
10-20 12:36:35.989  2327  3465 D HeterodyneSyncer: updateFlag: com.google.android.finsky.regular, 82594910, 0, , PurchaseHistoryAccountPage__auto_expand_instruction_entries
10-20 12:36:35.990  2327  3465 D HeterodyneSyncer: updateFlag: com.google.android.finsky.regular, 82594910, 0, , QualityDetailsModule__enable_reading_from_shared_item
10-20 12:36:35.990  2327  3465 D HeterodyneSyncer: updateFlag: com.google.android.finsky.regular, 82594910, 0, , ReduceIpcsPackagestate__enable_after_home_page_load
10-20 12:36:35.990  2327  3465 D HeterodyneSyncer: updateFlag: com.google.android.finsky.regular, 82594910, 0, , ReduceIpcsPackagestate__is_enabled
10-20 12:36:35.990  2327  3465 D HeterodyneSyncer: updateFlag: com.google.android.finsky.regular, 82594910, 0, , ReduceIpcsPackagestate__prewarm_delay_ms
10-20 12:36:35.991   407   407 I BpBinder: onLastStrongRef automatically unlinking death recipients: <uncached descriptor>
10-20 12:36:35.992  2327  3465 D HeterodyneSyncer: updateFlag: com.google.android.finsky.regular, 82594910, 0, , ReinstallDialog__enable_reinstall_hygiene_job
10-20 12:36:35.992  2327  3465 D HeterodyneSyncer: updateFlag: com.google.android.finsky.regular, 82594910, 0, , Rerundeviceverificationfailures__is_enabled
10-20 12:36:35.992  2327  3465 D HeterodyneSyncer: updateFlag: com.google.android.finsky.regular, 82594910, 0, , ReturnNotInstalledOnCacheMiss__is_enabled
10-20 12:36:35.992  2327  3465 D HeterodyneSyncer: updateFlag: com.google.android.finsky.regular, 82594910, 0, , RewardedSkuTurndown__turndown_rewarded_skus
10-20 12:36:35.993  2327  3465 D HeterodyneSyncer: updateFlag: com.google.android.finsky.regular, 82594910, 0, , RoutineHygiene__enable_event_filtering
10-20 12:36:35.993  2327  3465 D HeterodyneSyncer: updateFlag: com.google.android.finsky.regular, 82594910, 0, , RoutineHygiene__enable_expanded_hygiene_frequencies
10-20 12:36:35.993  2327  3465 D HeterodyneSyncer: updateFlag: com.google.android.finsky.regular, 82594910, 0, , RoutineHygiene__enable_twice_a_day_flushing
10-20 12:36:35.993  2327  3465 D HeterodyneSyncer: updateFlag: com.google.android.finsky.regular, 82594910, 0, , RoutineHygiene__hygiene_tasks_window_fix
10-20 12:36:35.993  2327  3465 D HeterodyneSyncer: updateFlag: com.google.android.finsky.regular, 82594910, 0, , RoutineHygiene__regenerate_hygiene_seed
10-20 12:36:35.993  2327  3465 D HeterodyneSyncer: updateFlag: com.google.android.finsky.regular, 82594910, 0, , RpcStack__enable_flag_b_122324481
10-20 12:36:35.993  2327  3465 D HeterodyneSyncer: updateFlag: com.google.android.finsky.regular, 82594910, 0, , RpcStack__enable_flag_b_145813648
10-20 12:36:35.993  2327  3465 D HeterodyneSyncer: updateFlag: com.google.android.finsky.regular, 82594910, 0, , RpcStack__print_b_145813648_error
10-20 12:36:35.994  2327  3465 D HeterodyneSyncer: updateFlag: com.google.android.finsky.regular, 82594910, 0, , RrUpsell__enable_rr_thank_you_dialog
10-20 12:36:35.994  2327  3465 D HeterodyneSyncer: updateFlag: com.google.android.finsky.regular, 82594910, 0, , Scheduler__enable_work_manager_engine
10-20 12:36:35.995  3315  3315 D LifecycleMonitor: Lifecycle status change: androidx.test.core.app.InstrumentationActivityInvoker$BootstrapActivity@a0c233c in: RESUMED
10-20 12:36:35.995  3315  3315 V ActivityScenario: Activity lifecycle changed event received but ignored because the intent does not match. startActivityIntent=Intent { act=android.intent.action.MAIN cat=[android.intent.category.LAUNCHER] cmp=com.example.lunchtray/androidx.fragment.app.testing.FragmentScenario$EmptyFragmentActivity (has extras) }, activity.getIntent()=Intent { act=android.intent.action.MAIN cat=[android.intent.category.LAUNCHER] flg=0x10008000 cmp=com.example.lunchtray/androidx.test.core.app.InstrumentationActivityInvoker$BootstrapActivity (has extras) }, activity=androidx.test.core.app.InstrumentationActivityInvoker$BootstrapActivity@a0c233c
10-20 12:36:35.995  3315  3315 V ActivityScenario: Activity lifecycle changed event received but ignored because the intent does not match. startActivityIntent=Intent { act=android.intent.action.MAIN cat=[android.intent.category.LAUNCHER] cmp=com.example.lunchtray/androidx.fragment.app.testing.FragmentScenario$EmptyFragmentActivity (has extras) }, activity.getIntent()=Intent { act=android.intent.action.MAIN cat=[android.intent.category.LAUNCHER] flg=0x10008000 cmp=com.example.lunchtray/androidx.test.core.app.InstrumentationActivityInvoker$BootstrapActivity (has extras) }, activity=androidx.test.core.app.InstrumentationActivityInvoker$BootstrapActivity@a0c233c
10-20 12:36:35.995  3315  3315 V ActivityScenario: Activity lifecycle changed event received but ignored because the intent does not match. startActivityIntent=Intent { act=android.intent.action.MAIN cat=[android.intent.category.LAUNCHER] cmp=com.example.lunchtray/androidx.fragment.app.testing.FragmentScenario$EmptyFragmentActivity (has extras) }, activity.getIntent()=Intent { act=android.intent.action.MAIN cat=[android.intent.category.LAUNCHER] flg=0x10008000 cmp=com.example.lunchtray/androidx.test.core.app.InstrumentationActivityInvoker$BootstrapActivity (has extras) }, activity=androidx.test.core.app.InstrumentationActivityInvoker$BootstrapActivity@a0c233c
10-20 12:36:35.995  3315  3315 V ActivityScenario: Activity lifecycle changed event received but ignored because the intent does not match. startActivityIntent=Intent { act=android.intent.action.MAIN cat=[android.intent.category.LAUNCHER] cmp=com.example.lunchtray/androidx.fragment.app.testing.FragmentScenario$EmptyFragmentActivity (has extras) }, activity.getIntent()=Intent { act=android.intent.action.MAIN cat=[android.intent.category.LAUNCHER] flg=0x10008000 cmp=com.example.lunchtray/androidx.test.core.app.InstrumentationActivityInvoker$BootstrapActivity (has extras) }, activity=androidx.test.core.app.InstrumentationActivityInvoker$BootstrapActivity@a0c233c
10-20 12:36:35.995  3315  3315 V ActivityScenario: Activity lifecycle changed event received but ignored because the intent does not match. startActivityIntent=Intent { act=android.intent.action.MAIN cat=[android.intent.category.LAUNCHER] cmp=com.example.lunchtray/androidx.fragment.app.testing.FragmentScenario$EmptyFragmentActivity (has extras) }, activity.getIntent()=Intent { act=android.intent.action.MAIN cat=[android.intent.category.LAUNCHER] flg=0x10008000 cmp=com.example.lunchtray/androidx.test.core.app.InstrumentationActivityInvoker$BootstrapActivity (has extras) }, activity=androidx.test.core.app.InstrumentationActivityInvoker$BootstrapActivity@a0c233c
10-20 12:36:35.995  3315  3315 V ActivityScenario: Activity lifecycle changed event received but ignored because the intent does not match. startActivityIntent=Intent { act=android.intent.action.MAIN cat=[android.intent.category.LAUNCHER] cmp=com.example.lunchtray/androidx.fragment.app.testing.FragmentScenario$EmptyFragmentActivity (has extras) }, activity.getIntent()=Intent { act=android.intent.action.MAIN cat=[android.intent.category.LAUNCHER] flg=0x10008000 cmp=com.example.lunchtray/androidx.test.core.app.InstrumentationActivityInvoker$BootstrapActivity (has extras) }, activity=androidx.test.core.app.InstrumentationActivityInvoker$BootstrapActivity@a0c233c
10-20 12:36:35.997  3315  3315 D LifecycleMonitor: Lifecycle status change: androidx.test.core.app.InstrumentationActivityInvoker$BootstrapActivity@a0c233c in: PAUSED
10-20 12:36:35.997  3315  3315 V ActivityScenario: Activity lifecycle changed event received but ignored because the intent does not match. startActivityIntent=Intent { act=android.intent.action.MAIN cat=[android.intent.category.LAUNCHER] cmp=com.example.lunchtray/androidx.fragment.app.testing.FragmentScenario$EmptyFragmentActivity (has extras) }, activity.getIntent()=Intent { act=android.intent.action.MAIN cat=[android.intent.category.LAUNCHER] flg=0x10008000 cmp=com.example.lunchtray/androidx.test.core.app.InstrumentationActivityInvoker$BootstrapActivity (has extras) }, activity=androidx.test.core.app.InstrumentationActivityInvoker$BootstrapActivity@a0c233c
10-20 12:36:35.997  3315  3315 V ActivityScenario: Activity lifecycle changed event received but ignored because the intent does not match. startActivityIntent=Intent { act=android.intent.action.MAIN cat=[android.intent.category.LAUNCHER] cmp=com.example.lunchtray/androidx.fragment.app.testing.FragmentScenario$EmptyFragmentActivity (has extras) }, activity.getIntent()=Intent { act=android.intent.action.MAIN cat=[android.intent.category.LAUNCHER] flg=0x10008000 cmp=com.example.lunchtray/androidx.test.core.app.InstrumentationActivityInvoker$BootstrapActivity (has extras) }, activity=androidx.test.core.app.InstrumentationActivityInvoker$BootstrapActivity@a0c233c
10-20 12:36:35.997  3315  3315 V ActivityScenario: Activity lifecycle changed event received but ignored because the intent does not match. startActivityIntent=Intent { act=android.intent.action.MAIN cat=[android.intent.category.LAUNCHER] cmp=com.example.lunchtray/androidx.fragment.app.testing.FragmentScenario$EmptyFragmentActivity (has extras) }, activity.getIntent()=Intent { act=android.intent.action.MAIN cat=[android.intent.category.LAUNCHER] flg=0x10008000 cmp=com.example.lunchtray/androidx.test.core.app.InstrumentationActivityInvoker$BootstrapActivity (has extras) }, activity=androidx.test.core.app.InstrumentationActivityInvoker$BootstrapActivity@a0c233c
10-20 12:36:35.997  3315  3315 V ActivityScenario: Activity lifecycle changed event received but ignored because the intent does not match. startActivityIntent=Intent { act=android.intent.action.MAIN cat=[android.intent.category.LAUNCHER] cmp=com.example.lunchtray/androidx.fragment.app.testing.FragmentScenario$EmptyFragmentActivity (has extras) }, activity.getIntent()=Intent { act=android.intent.action.MAIN cat=[android.intent.category.LAUNCHER] flg=0x10008000 cmp=com.example.lunchtray/androidx.test.core.app.InstrumentationActivityInvoker$BootstrapActivity (has extras) }, activity=androidx.test.core.app.InstrumentationActivityInvoker$BootstrapActivity@a0c233c
10-20 12:36:35.997  3315  3315 V ActivityScenario: Activity lifecycle changed event received but ignored because the intent does not match. startActivityIntent=Intent { act=android.intent.action.MAIN cat=[android.intent.category.LAUNCHER] cmp=com.example.lunchtray/androidx.fragment.app.testing.FragmentScenario$EmptyFragmentActivity (has extras) }, activity.getIntent()=Intent { act=android.intent.action.MAIN cat=[android.intent.category.LAUNCHER] flg=0x10008000 cmp=com.example.lunchtray/androidx.test.core.app.InstrumentationActivityInvoker$BootstrapActivity (has extras) }, activity=androidx.test.core.app.InstrumentationActivityInvoker$BootstrapActivity@a0c233c
10-20 12:36:35.997  3315  3315 V ActivityScenario: Activity lifecycle changed event received but ignored because the intent does not match. startActivityIntent=Intent { act=android.intent.action.MAIN cat=[android.intent.category.LAUNCHER] cmp=com.example.lunchtray/androidx.fragment.app.testing.FragmentScenario$EmptyFragmentActivity (has extras) }, activity.getIntent()=Intent { act=android.intent.action.MAIN cat=[android.intent.category.LAUNCHER] flg=0x10008000 cmp=com.example.lunchtray/androidx.test.core.app.InstrumentationActivityInvoker$BootstrapActivity (has extras) }, activity=androidx.test.core.app.InstrumentationActivityInvoker$BootstrapActivity@a0c233c
10-20 12:36:35.999  2327  3465 D HeterodyneSyncer: updateFlag: com.google.android.finsky.regular, 82594910, 0, , Scheduler__work_manager_max_scheduler_limit
10-20 12:36:36.000  2327  3465 D HeterodyneSyncer: updateFlag: com.google.android.finsky.regular, 82594910, 0, , Scheduler__work_manager_max_sdk
10-20 12:36:36.000  2327  3465 D HeterodyneSyncer: updateFlag: com.google.android.finsky.regular, 82594910, 0, , ScionReporting__enable_scion_subscription_reporting
10-20 12:36:36.000  2327  3465 D HeterodyneSyncer: updateFlag: com.google.android.finsky.regular, 82594910, 0, , SelfUpdate__enable_brotli_filebyfile_patch_compatibility_check
10-20 12:36:36.000  2327  3465 D HeterodyneSyncer: updateFlag: com.google.android.finsky.regular, 82594910, 0, , SelfUpdate__enable_brotli_filebyfile_patch_when_charging
10-20 12:36:36.000  2327  3465 D HeterodyneSyncer: updateFlag: com.google.android.finsky.regular, 82594910, 0, , SelfUpdate__enable_continuation_from_post_process
10-20 12:36:36.000  2327  3465 D HeterodyneSyncer: updateFlag: com.google.android.finsky.regular, 82594910, 0, , SelfUpdate__enable_download_insufficient_space_handling
10-20 12:36:36.000  2327  3465 D HeterodyneSyncer: updateFlag: com.google.android.finsky.regular, 82594910, 0, , SelfUpdate__enable_download_progress_logging
10-20 12:36:36.001   362   374 D goldfish-address-space: claimShared: Ask to claim region [0x3f59f2000 0x3f61db000]
10-20 12:36:36.002  2327  3465 D HeterodyneSyncer: updateFlag: com.google.android.finsky.regular, 82594910, 0, , SelfUpdate__enable_fallback_for_patch_install_flow
10-20 12:36:36.002  2327  3465 D HeterodyneSyncer: updateFlag: com.google.android.finsky.regular, 82594910, 0, , SelfUpdate__enable_flexible_self_update
10-20 12:36:36.002  2327  3465 D HeterodyneSyncer: updateFlag: com.google.android.finsky.regular, 82594910, 0, , SelfUpdate__enable_native_brotli_filebyfile_patch
10-20 12:36:36.002  2327  3465 D HeterodyneSyncer: updateFlag: com.google.android.finsky.regular, 82594910, 0, , SelfUpdate__enable_no_fallback_for_insufficient_space_in_downloads
10-20 12:36:36.002  2327  3465 D HeterodyneSyncer: updateFlag: com.google.android.finsky.regular, 82594910, 0, , SelfUpdate__enable_self_update_on_locale_change_on_L_plus
10-20 12:36:36.002  2327  3465 D HeterodyneSyncer: updateFlag: com.google.android.finsky.regular, 82594910, 0, , SelfUpdate__enable_sha_256_download_verification
10-20 12:36:36.002  2327  3465 D HeterodyneSyncer: updateFlag: com.google.android.finsky.regular, 82594910, 0, , SelfUpdate__enforce_quota_on_canary
10-20 12:36:36.002  2327  3465 D HeterodyneSyncer: updateFlag: com.google.android.finsky.regular, 82594910, 0, , SelfUpdate__flexible_self_update_check_for_latest_version
10-20 12:36:36.002  2327  3465 D HeterodyneSyncer: updateFlag: com.google.android.finsky.regular, 82594910, 0, , SelfUpdate__retry_patches_on_download_error
10-20 12:36:36.003  2327  3465 D HeterodyneSyncer: updateFlag: com.google.android.finsky.regular, 82594910, 0, , SelfUpdate__use_default_priority_for_fsu_job
10-20 12:36:36.003  2327  3465 D HeterodyneSyncer: updateFlag: com.google.android.finsky.regular, 82594910, 0, , SelfUpdate__use_package_installer_for_self_update_v2
10-20 12:36:36.003  2327  3465 D HeterodyneSyncer: updateFlag: com.google.android.finsky.regular, 82594910, 0, , Settings__enable_settings_fragment
10-20 12:36:36.003  2327  3465 D HeterodyneSyncer: updateFlag: com.google.android.finsky.regular, 82594910, 0, , SourceAttribution__source_attribution_days_to_query
10-20 12:36:36.003  2327  3465 D HeterodyneSyncer: updateFlag: com.google.android.finsky.regular, 82594910, 0, , StaticUiInstructions__enable_for_topup
10-20 12:36:36.003  2327  3465 D HeterodyneSyncer: updateFlag: com.google.android.finsky.regular, 82594910, 0, , StaticUiInstructions__enable_free_not_owned_app
10-20 12:36:36.003  2327  3465 D HeterodyneSyncer: updateFlag: com.google.android.finsky.regular, 82594910, 0, , StaticUiInstructions__enable_owned_app
10-20 12:36:36.004  2327  3465 D HeterodyneSyncer: updateFlag: com.google.android.finsky.regular, 82594910, 0, , StaticUiInstructions__enable_paid_not_owned_app
10-20 12:36:36.004  2327  3465 D HeterodyneSyncer: updateFlag: com.google.android.finsky.regular, 82594910, 0, , StaticUiInstructions__enable_redemption_input
10-20 12:36:36.004  2327  3465 D HeterodyneSyncer: updateFlag: com.google.android.finsky.regular, 82594910, 0, , StreamManualPagination__enable_stream_manual_pagination
10-20 12:36:36.004  3315  3315 D LifecycleMonitor: Lifecycle status change: androidx.fragment.app.testing.FragmentScenario$EmptyFragmentActivity@4a0fb7d in: PRE_ON_CREATE
10-20 12:36:36.004  3315  3315 V ActivityScenario: Activity lifecycle changed event received but ignored because the reported transition was not ON_CREATE while the last known transition was DESTROYED
10-20 12:36:36.004  3315  3315 V ActivityScenario: Activity lifecycle changed event received but ignored because the reported transition was not ON_CREATE while the last known transition was DESTROYED
10-20 12:36:36.004  2327  3465 D HeterodyneSyncer: updateFlag: com.google.android.finsky.regular, 82594910, 0, , SubscriptionCenterFlow__refresh_sub_center_after_acquire
10-20 12:36:36.004  3315  3315 V ActivityScenario: Activity lifecycle changed event received but ignored because the reported transition was not ON_CREATE while the last known transition was DESTROYED
10-20 12:36:36.004  3315  3315 V ActivityScenario: Activity lifecycle changed event received but ignored because the reported transition was not ON_CREATE while the last known transition was DESTROYED
10-20 12:36:36.004  3315  3315 V ActivityScenario: Activity lifecycle changed event received but ignored because the reported transition was not ON_CREATE while the last known transition was DESTROYED
10-20 12:36:36.004  3315  3315 V ActivityScenario: Activity lifecycle changed event received but ignored because the reported transition was not ON_CREATE while the last known transition was PRE_ON_CREATE
10-20 12:36:36.004  2327  3465 D HeterodyneSyncer: updateFlag: com.google.android.finsky.regular, 82594910, 0, , TabbedBrowseFragmentBrowseData__normalize_browse_data_handling
10-20 12:36:36.005  2327  3465 D HeterodyneSyncer: updateFlag: com.google.android.finsky.regular, 82594910, 0, , TesterApi__enable_testing_program_writes_to_installerdatastore
10-20 12:36:36.005  2327  3465 D HeterodyneSyncer: updateFlag: com.google.android.finsky.regular, 82594910, 0, , TubeskyAccountContentProvider__enable_account_content_provider
10-20 12:36:36.005  2327  3465 D HeterodyneSyncer: updateFlag: com.google.android.finsky.regular, 82594910, 0, , Tubeskycontinuebutton__is_enabled
10-20 12:36:36.005  2327  3465 D HeterodyneSyncer: updateFlag: com.google.android.finsky.regular, 82594910, 0, , UiBuilder__enable_loading_as_new_screen
10-20 12:36:36.005  2327  3465 D HeterodyneSyncer: updateFlag: com.google.android.finsky.regular, 82594910, 0, , Unicorn__enable_unicorn_account_identification
10-20 12:36:36.005  2327  3465 D HeterodyneSyncer: updateFlag: com.google.android.finsky.regular, 82594910, 0, , Unicorn__enable_unicorn_arc_provider
10-20 12:36:36.005  2327  3465 D HeterodyneSyncer: updateFlag: com.google.android.finsky.regular, 82594910, 0, , UnifiedSync__enable_droid_guard_refresh_in_unified_sync_hygiene_job
10-20 12:36:36.005  2327  3465 D HeterodyneSyncer: updateFlag: com.google.android.finsky.regular, 82594910, 0, , UnifiedSync__enable_execution_sequencer
10-20 12:36:36.005  2327  3465 D HeterodyneSyncer: updateFlag: com.google.android.finsky.regular, 82594910, 0, , UnifiedSync__enable_reuse_duration
10-20 12:36:36.006  2327  3465 D HeterodyneSyncer: updateFlag: com.google.android.finsky.regular, 82594910, 0, , UnifiedSync__enable_stale_payload_removal
10-20 12:36:36.006  2327  3465 D HeterodyneSyncer: updateFlag: com.google.android.finsky.regular, 82594910, 0, , UnifiedSync__enable_unified_sync_hygiene_job
10-20 12:36:36.006  2327  3465 D HeterodyneSyncer: updateFlag: com.google.android.finsky.regular, 82594910, 0, , UnifiedSync__use_hygiene_window_for_reuse_duration
10-20 12:36:36.006  2327  3465 D HeterodyneSyncer: updateFlag: com.google.android.finsky.regular, 82594910, 0, , UninstallManager__get_uninstall_recommendations
10-20 12:36:36.006  2327  3465 D HeterodyneSyncer: updateFlag: com.google.android.finsky.regular, 82594910, 0, , UninstallManager__get_uninstall_recommendations_in_popup
10-20 12:36:36.006  2327  3465 D HeterodyneSyncer: updateFlag: com.google.android.finsky.regular, 82594910, 0, , UninstallManager__hide_apps_on_external_storage
10-20 12:36:36.006  2327  3465 D HeterodyneSyncer: updateFlag: com.google.android.finsky.regular, 82594910, 0, , UninstallManager__uninstall_manager_preselect
10-20 12:36:36.007  2327  3465 D HeterodyneSyncer: updateFlag: com.google.android.finsky.regular, 82594910, 0, , UpdateImportance__update_importance_min_clickability_score_allow_separate_thresholds
10-20 12:36:36.007  2327  3465 D HeterodyneSyncer: updateFlag: com.google.android.finsky.regular, 82594910, 0, , UpdateImportance__update_importance_use_new_update_info_in_notification
10-20 12:36:36.007  2327  3465 D HeterodyneSyncer: updateFlag: com.google.android.finsky.regular, 82594910, 0, , UpdateImportance__update_importance_use_update_importance_calculation
10-20 12:36:36.007  2327  3465 D HeterodyneSyncer: updateFlag: com.google.android.finsky.regular, 82594910, 0, , UserLanguagesCodegen__request_only_apps_with_language_splits
10-20 12:36:36.007  2327  3465 D HeterodyneSyncer: updateFlag: com.google.android.finsky.regular, 82594910, 0, , UserLanguages__user_language_api_fix_emulated_splits
10-20 12:36:36.007  2327  3465 D HeterodyneSyncer: updateFlag: com.google.android.finsky.regular, 82594910, 0, , UserlistClearControl__allow_userlist_clear_control
10-20 12:36:36.007  2327  3465 D HeterodyneSyncer: updateFlag: com.google.android.finsky.regular, 82594910, 0, , UserlistClearControl__enable_userlist_clear_page_migration
10-20 12:36:36.007  2327  3465 D HeterodyneSyncer: updateFlag: com.google.android.finsky.regular, 82594910, 0, , Verifierbackgroundtasklogging__is_enabled
10-20 12:36:36.007  2327  3465 D HeterodyneSyncer: updateFlag: com.google.android.finsky.regular, 82594910, 0, , ViewPagerFrameworks__enable_vp_framework_view_reuse
10-20 12:36:36.007  2327  3465 D HeterodyneSyncer: updateFlag: com.google.android.finsky.regular, 82594910, 0, , WearSupport__kill_switch_foreground_wear_update
10-20 12:36:36.007  2327  3465 D HeterodyneSyncer: updateFlag: com.google.android.finsky.regular, 82594910, 0, , WearSupport__kill_switch_wear_service
10-20 12:36:36.007  2327  3465 D HeterodyneSyncer: updateFlag: com.google.android.finsky.regular, 82594910, 0, , Zapp__enable_allow_partial_response
10-20 12:36:36.007  2327  3465 D HeterodyneSyncer: updateFlag: com.google.android.finsky.regular, 82594910, 0, , ZeroPrefixRecentSearchSuggestion__zero_prefix_recent_search_suggestion_count
10-20 12:36:36.008  2327  3465 D HeterodyneSyncer: update application tag, changed: com.google.android.finsky.regular, 82594910, , 1
10-20 12:36:36.008  2327  3465 D HeterodyneSyncer: Clearing partition: 1
10-20 12:36:36.008  2327  3465 D HeterodyneSyncer: updateFlag: com.google.android.finsky.regular, 82594910, 1, , AcquirePurchaseCodegen__kill_switch_always_reauth
10-20 12:36:36.008  2327  3465 D HeterodyneSyncer: updateFlag: com.google.android.finsky.regular, 82594910, 1, , AutoUpdateCodegen__killswitch_cancel_pending_install
10-20 12:36:36.011  2327  3465 D HeterodyneSyncer: updateFlag: com.google.android.finsky.regular, 82594910, 1, , CarReview__kill_switch_car_ratings_acquistion
10-20 12:36:36.011  2327  3465 D HeterodyneSyncer: updateFlag: com.google.android.finsky.regular, 82594910, 1, , CarReview__kill_switch_car_ratings_consumption
10-20 12:36:36.011  2327  3465 D HeterodyneSyncer: updateFlag: com.google.android.finsky.regular, 82594910, 1, , CarskyUpdate__kill_switch_garage_mode_only_auto_update
10-20 12:36:36.011  2327  3465 D HeterodyneSyncer: updateFlag: com.google.android.finsky.regular, 82594910, 1, , Checkin__disable_checkin_receiver
10-20 12:36:36.011  2327  3465 D HeterodyneSyncer: updateFlag: com.google.android.finsky.regular, 82594910, 1, , KillSwitches__killswitch_clear_fragment_transaction_fade
10-20 12:36:36.011  2327  3465 D HeterodyneSyncer: updateFlag: com.google.android.finsky.regular, 82594910, 1, , MultiProcess__enable_warm_multi_process_value_store
10-20 12:36:36.012  2327  3465 D HeterodyneSyncer: updateFlag: com.google.android.finsky.regular, 82594910, 1, , MultiProcess__enable_warm_proc_main_value_store
10-20 12:36:36.012  2327  3465 D HeterodyneSyncer: updateFlag: com.google.android.finsky.regular, 82594910, 1, , P2p__use_apk_results_list_for_events
10-20 12:36:36.013  2327  3465 D HeterodyneSyncer: updateFlag: com.google.android.finsky.regular, 82594910, 1, , PhoneskySetup__include_carrier_id_in_data_subscription_info
10-20 12:36:36.013  2327  3465 D HeterodyneSyncer: updateFlag: com.google.android.finsky.regular, 82594910, 1, , PhoneskySetup__killswitch_early_update
10-20 12:36:36.013  2327  3465 D HeterodyneSyncer: updateFlag: com.google.android.finsky.regular, 82594910, 1, , PlayInstallService__killswitch_webapk_notification_mode
10-20 12:36:36.013  2327  3465 D HeterodyneSyncer: updateFlag: com.google.android.finsky.regular, 82594910, 1, , PlayProtect__auto_disable_system_phas_kill_switch
10-20 12:36:36.013  2327  3465 D HeterodyneSyncer: updateFlag: com.google.android.finsky.regular, 82594910, 1, , PlayProtect__get_verify_apps_data_api_kill_switch
10-20 12:36:36.013  2327  3465 D HeterodyneSyncer: updateFlag: com.google.android.finsky.regular, 82594910, 1, , PlayProtect__initial_classifier_kill_switch
10-20 12:36:36.014  2327  3465 D HeterodyneSyncer: updateFlag: com.google.android.finsky.regular, 82594910, 1, , PlayProtect__killswitch_detox_without_notifications
10-20 12:36:36.014  2327  3465 D HeterodyneSyncer: updateFlag: com.google.android.finsky.regular, 82594910, 1, , PlayProtect__killswitch_ml_classifiers
10-20 12:36:36.014  2327  3465 D HeterodyneSyncer: updateFlag: com.google.android.finsky.regular, 82594910, 1, , PlayProtect__offline_verify_apps_kill_switch
10-20 12:36:36.014  2327  3465 D HeterodyneSyncer: updateFlag: com.google.android.finsky.regular, 82594910, 1, , PlayProtect__send_to_vole_kill_switch
10-20 12:36:36.014  2327  3465 D HeterodyneSyncer: updateFlag: com.google.android.finsky.regular, 82594910, 1, , PlayProtect__warn_at_launch_warnings_kill_switch
10-20 12:36:36.015  2327  3465 D HeterodyneSyncer: update application tag, changed: com.google.android.finsky.regular, 82594910, , 2
10-20 12:36:36.015  2327  3465 D HeterodyneSyncer: Clearing partition: 2
10-20 12:36:36.015  2327  3465 D HeterodyneSyncer: updateFlag: com.google.android.finsky.regular, 82594910, 2, , AutoUpdateCodegen__gmscore_canary_charging_relax_threshold_ms
10-20 12:36:36.015  2327  3465 D HeterodyneSyncer: updateFlag: com.google.android.finsky.regular, 82594910, 2, , AutoUpdateCodegen__gmscore_canary_idle_relax_threshold_ms
10-20 12:36:36.016  3315  3315 D LifecycleMonitor: Lifecycle status change: androidx.fragment.app.testing.FragmentScenario$EmptyFragmentActivity@4a0fb7d in: CREATED
10-20 12:36:36.016  3315  3315 V ActivityScenario: Update currentActivityStage to CREATED, currentActivity=androidx.fragment.app.testing.FragmentScenario$EmptyFragmentActivity@4a0fb7d
10-20 12:36:36.016  3315  3315 V ActivityScenario: Update currentActivityStage to CREATED, currentActivity=androidx.fragment.app.testing.FragmentScenario$EmptyFragmentActivity@4a0fb7d
10-20 12:36:36.016  3315  3315 V ActivityScenario: Update currentActivityStage to CREATED, currentActivity=androidx.fragment.app.testing.FragmentScenario$EmptyFragmentActivity@4a0fb7d
10-20 12:36:36.016  3315  3315 V ActivityScenario: Update currentActivityStage to CREATED, currentActivity=androidx.fragment.app.testing.FragmentScenario$EmptyFragmentActivity@4a0fb7d
10-20 12:36:36.016  3315  3315 V ActivityScenario: Update currentActivityStage to CREATED, currentActivity=androidx.fragment.app.testing.FragmentScenario$EmptyFragmentActivity@4a0fb7d
10-20 12:36:36.016  3315  3315 V ActivityScenario: Update currentActivityStage to CREATED, currentActivity=androidx.fragment.app.testing.FragmentScenario$EmptyFragmentActivity@4a0fb7d
10-20 12:36:36.019  2327  3465 D HeterodyneSyncer: updateFlag: com.google.android.finsky.regular, 82594910, 2, , AutoUpdateCodegen__gmscore_canary_wifi_relax_threshold_ms
10-20 12:36:36.019  2327  3465 D HeterodyneSyncer: updateFlag: com.google.android.finsky.regular, 82594910, 2, , AutoUpdateCodegen__gmscore_charging_relax_threshold_ms
10-20 12:36:36.019  2327  3465 D HeterodyneSyncer: updateFlag: com.google.android.finsky.regular, 82594910, 2, , AutoUpdateCodegen__gmscore_idle_relax_threshold_ms
10-20 12:36:36.019  2327  3465 D HeterodyneSyncer: updateFlag: com.google.android.finsky.regular, 82594910, 2, , AutoUpdateCodegen__gmscore_wifi_relax_threshold_ms
10-20 12:36:36.019  2327  3465 D HeterodyneSyncer: updateFlag: com.google.android.finsky.regular, 82594910, 2, , AutoUpdatePolicies__auto_deploy_apps_to_manage_package_status_change
10-20 12:36:36.020  2327  3465 D HeterodyneSyncer: updateFlag: com.google.android.finsky.regular, 82594910, 2, , AutoUpdatePolicies__enx_headless_allowed_packages
10-20 12:36:36.020  2327  3465 D HeterodyneSyncer: updateFlag: com.google.android.finsky.regular, 82594910, 2, , AutoUpdate__battery_relaxation_threshold_ms
10-20 12:36:36.020  2327  3465 D HeterodyneSyncer: updateFlag: com.google.android.finsky.regular, 82594910, 2, , AutoUpdate__enable_gmscore_wifi_charger_relaxation
10-20 12:36:36.020  3315  3315 D LifecycleMonitor: Lifecycle status change: androidx.fragment.app.testing.FragmentScenario$EmptyFragmentActivity@4a0fb7d in: STARTED
10-20 12:36:36.020  2327  3465 D HeterodyneSyncer: updateFlag: com.google.android.finsky.regular, 82594910, 2, , AutoUpdate__gmscore_wifi_charger_relaxation_threshold_ms
10-20 12:36:36.020  2327  3465 D HeterodyneSyncer: updateFlag: com.google.android.finsky.regular, 82594910, 2, , AutoUpdate__minimum_auto_update_battery_level
10-20 12:36:36.020  3315  3315 V ActivityScenario: Update currentActivityStage to STARTED, currentActivity=androidx.fragment.app.testing.FragmentScenario$EmptyFragmentActivity@4a0fb7d
10-20 12:36:36.020  3315  3315 V ActivityScenario: Update currentActivityStage to STARTED, currentActivity=androidx.fragment.app.testing.FragmentScenario$EmptyFragmentActivity@4a0fb7d
10-20 12:36:36.020  3315  3315 V ActivityScenario: Update currentActivityStage to STARTED, currentActivity=androidx.fragment.app.testing.FragmentScenario$EmptyFragmentActivity@4a0fb7d
10-20 12:36:36.020  3315  3315 V ActivityScenario: Update currentActivityStage to STARTED, currentActivity=androidx.fragment.app.testing.FragmentScenario$EmptyFragmentActivity@4a0fb7d
10-20 12:36:36.020  2327  3465 W HeterodyneSyncer: Value type not set for flag , ignoring
10-20 12:36:36.020  2327  3465 D HeterodyneSyncer: updateFlag: com.google.android.finsky.regular, 82594910, 2, , ClientStats__enable_counters_meta_logging
10-20 12:36:36.020  3315  3315 V ActivityScenario: Update currentActivityStage to STARTED, currentActivity=androidx.fragment.app.testing.FragmentScenario$EmptyFragmentActivity@4a0fb7d
10-20 12:36:36.020  3315  3315 V ActivityScenario: Update currentActivityStage to STARTED, currentActivity=androidx.fragment.app.testing.FragmentScenario$EmptyFragmentActivity@4a0fb7d
10-20 12:36:36.020  2327  3465 D HeterodyneSyncer: updateFlag: com.google.android.finsky.regular, 82594910, 2, , ContentSync__max_num_retries
10-20 12:36:36.020  2327  3465 D HeterodyneSyncer: updateFlag: com.google.android.finsky.regular, 82594910, 2, , ContentSync__settle_delay
10-20 12:36:36.020  2327  3465 D HeterodyneSyncer: updateFlag: com.google.android.finsky.regular, 82594910, 2, , DeviceHealthMonitor__enable_uninstall_suggestions_notification
10-20 12:36:36.020  2327  3465 D HeterodyneSyncer: updateFlag: com.google.android.finsky.regular, 82594910, 2, , DeviceHealthMonitor__uninstall_suggestions_notification_interval_days
10-20 12:36:36.020  2327  3465 D HeterodyneSyncer: updateFlag: com.google.android.finsky.regular, 82594910, 2, , DeviceHealthMonitor__uninstall_suggestions_notification_preselection_max_num
10-20 12:36:36.020  3315  3315 D LifecycleMonitor: Lifecycle status change: androidx.fragment.app.testing.FragmentScenario$EmptyFragmentActivity@4a0fb7d in: RESUMED
10-20 12:36:36.020  2327  3465 D HeterodyneSyncer: updateFlag: com.google.android.finsky.regular, 82594910, 2, , DeviceHealthMonitor__uninstall_suggestions_notification_preselection_min_num
10-20 12:36:36.021  3315  3315 V ActivityScenario: Update currentActivityStage to RESUMED, currentActivity=androidx.fragment.app.testing.FragmentScenario$EmptyFragmentActivity@4a0fb7d
10-20 12:36:36.021  2327  3465 D HeterodyneSyncer: updateFlag: com.google.android.finsky.regular, 82594910, 2, , DeviceHealthMonitor__uninstall_suggestions_notification_preselection_unused_days
10-20 12:36:36.021  3315  3315 V ActivityScenario: Update currentActivityStage to RESUMED, currentActivity=androidx.fragment.app.testing.FragmentScenario$EmptyFragmentActivity@4a0fb7d
10-20 12:36:36.021  3315  3315 V ActivityScenario: Update currentActivityStage to RESUMED, currentActivity=androidx.fragment.app.testing.FragmentScenario$EmptyFragmentActivity@4a0fb7d
10-20 12:36:36.021  2327  3465 D HeterodyneSyncer: updateFlag: com.google.android.finsky.regular, 82594910, 2, , DeviceSetupCodegen__load_libraries_timeout_ms
10-20 12:36:36.021  3315  3315 V ActivityScenario: Update currentActivityStage to RESUMED, currentActivity=androidx.fragment.app.testing.FragmentScenario$EmptyFragmentActivity@4a0fb7d
10-20 12:36:36.021  3315  3315 V ActivityScenario: Update currentActivityStage to RESUMED, currentActivity=androidx.fragment.app.testing.FragmentScenario$EmptyFragmentActivity@4a0fb7d
10-20 12:36:36.021  3315  3315 V ActivityScenario: Update currentActivityStage to RESUMED, currentActivity=androidx.fragment.app.testing.FragmentScenario$EmptyFragmentActivity@4a0fb7d
10-20 12:36:36.021  2327  3465 D HeterodyneSyncer: updateFlag: com.google.android.finsky.regular, 82594910, 2, , DeviceSetupCodegen__set_device_config_timeout_ms
10-20 12:36:36.021  2327  3465 D HeterodyneSyncer: updateFlag: com.google.android.finsky.regular, 82594910, 2, , DeviceSetupCodegen__sync_experiments_timeout_ms
10-20 12:36:36.021  2327  3465 D HeterodyneSyncer: updateFlag: com.google.android.finsky.regular, 82594910, 2, , DeviceVerification__safety_net_rescan_key
10-20 12:36:36.021  2327  3465 D HeterodyneSyncer: updateFlag: com.google.android.finsky.regular, 82594910, 2, , ForeverExperiments__enable_hiding_download_count_in_details_title
10-20 12:36:36.023  2327  3465 D HeterodyneSyncer: updateFlag: com.google.android.finsky.regular, 82594910, 2, , InAppPurchaseReporting__log_in_app_item_purchase_to_gmp
10-20 12:36:36.023   362   374 D goldfish-address-space: claimShared: Ask to claim region [0x3f8000000 0x3f87e9000]
10-20 12:36:36.024  2327  3465 D HeterodyneSyncer: updateFlag: com.google.android.finsky.regular, 82594910, 2, , InAppPurchaseReporting__report_in_app_item_purchase_to_gmp
10-20 12:36:36.024  2327  3465 D HeterodyneSyncer: updateFlag: com.google.android.finsky.regular, 82594910, 2, , InAppPurchaseReporting__report_in_app_item_purchase_to_gmp_measurement
10-20 12:36:36.024  2327  3465 D HeterodyneSyncer: updateFlag: com.google.android.finsky.regular, 82594910, 2, , InAppPurchaseReporting__report_in_app_item_purchase_to_gmp_via_rads
10-20 12:36:36.024  2327  3465 D HeterodyneSyncer: updateFlag: com.google.android.finsky.regular, 82594910, 2, , InfoArch2__condense_jpkr_subnav
10-20 12:36:36.024  2327  3465 D HeterodyneSyncer: updateFlag: com.google.android.finsky.regular, 82594910, 2, , InstantAppsTryNowVisibility__enable_instant_apps_launch_button_on_mdp
10-20 12:36:36.024  2327  3465 D HeterodyneSyncer: updateFlag: com.google.android.finsky.regular, 82594910, 2, , P2p__enable_evaluate_detailed_logcat
10-20 12:36:36.024  2327  3465 D HeterodyneSyncer: updateFlag: com.google.android.finsky.regular, 82594910, 2, , P2p__enable_peer_to_peer_gaia_testing
10-20 12:36:36.024  2327  3465 D HeterodyneSyncer: updateFlag: com.google.android.finsky.regular, 82594910, 2, , P2p__enable_peer_to_peer_tos_testing
10-20 12:36:36.024  2327  3465 D HeterodyneSyncer: updateFlag: com.google.android.finsky.regular, 82594910, 2, , P2p__highest_enabled_api_version
10-20 12:36:36.024  2327  3465 D HeterodyneSyncer: updateFlag: com.google.android.finsky.regular, 82594910, 2, , P2p__p2p_default_api_caller_allowlist
10-20 12:36:36.024  2327  3465 D HeterodyneSyncer: updateFlag: com.google.android.finsky.regular, 82594910, 2, , P2p__p2p_sender_api_caller_allowlist
10-20 12:36:36.025  2327  3465 D HeterodyneSyncer: updateFlag: com.google.android.finsky.regular, 82594910, 2, , P2p__p2p_updates_api_caller_allowlist
10-20 12:36:36.025  2327  3465 D HeterodyneSyncer: updateFlag: com.google.android.finsky.regular, 82594910, 2, , PhoneskySetup__app_size_threshold_mb
10-20 12:36:36.025  2327  3465 D HeterodyneSyncer: updateFlag: com.google.android.finsky.regular, 82594910, 2, , PhoneskySetup__get_recommended_preinstalls_caller_allowlist
10-20 12:36:36.025  2327  3465 D HeterodyneSyncer: updateFlag: com.google.android.finsky.regular, 82594910, 2, , PhoneskySetup__importance_monitor_job_minimum_latency
10-20 12:36:36.026  2327  3465 D HeterodyneSyncer: updateFlag: com.google.android.finsky.regular, 82594910, 2, , PhoneskySetup__importance_monitor_job_override_deadline
10-20 12:36:36.026  2327  3465 D HeterodyneSyncer: updateFlag: com.google.android.finsky.regular, 82594910, 2, , PhoneskySetup__pai_fetch_timeout
10-20 12:36:36.027  2327  3465 D HeterodyneSyncer: updateFlag: com.google.android.finsky.regular, 82594910, 2, , PhoneskySetup__pause_app_updates_caller_allowlist
10-20 12:36:36.027  2327  3465 D HeterodyneSyncer: updateFlag: com.google.android.finsky.regular, 82594910, 2, , PhoneskySetup__pause_app_updates_timeout
10-20 12:36:36.027  2327  3465 D HeterodyneSyncer: updateFlag: com.google.android.finsky.regular, 82594910, 2, , PhoneskySetup__setup_progress_re_register_timeout
10-20 12:36:36.027  2327  3465 D HeterodyneSyncer: updateFlag: com.google.android.finsky.regular, 82594910, 2, , PhoneskySetup__setup_progress_service_register_timeout
10-20 12:36:36.027  2327  3465 D HeterodyneSyncer: updateFlag: com.google.android.finsky.regular, 82594910, 2, , PhoneskySetup__wait_for_wifi_notification_intervals
10-20 12:36:36.027  2327  3465 D HeterodyneSyncer: updateFlag: com.google.android.finsky.regular, 82594910, 2, , PhoneskySetup__wait_for_wifi_notification_max_retries
10-20 12:36:36.027  2327  3465 D HeterodyneSyncer: updateFlag: com.google.android.finsky.regular, 82594910, 2, , PlayPass__details_page_extension_reminder_triggering_period
10-20 12:36:36.028  2327  3465 D HeterodyneSyncer: updateFlag: com.google.android.finsky.regular, 82594910, 2, , PreregistrationNotifications__enable_notification_for_all_preregistration
10-20 12:36:36.028  2327  3465 D HeterodyneSyncer: updateFlag: com.google.android.finsky.regular, 82594910, 2, , PreregistrationNotifications__enable_prereg_opt_in_precheck
10-20 12:36:36.028  2327  3465 D HeterodyneSyncer: updateFlag: com.google.android.finsky.regular, 82594910, 2, , RollbackManager__logs_flush_timeout_seconds
10-20 12:36:36.028  2327  3465 D HeterodyneSyncer: updateFlag: com.google.android.finsky.regular, 82594910, 2, , RollbackManager__session_ready_timeout_seconds
10-20 12:36:36.030  2327  3465 D HeterodyneSyncer: updateFlag: com.google.android.finsky.regular, 82594910, 2, , RoutineHygiene__default_hygiene_task_timeout_ms
10-20 12:36:36.031  2327  3465 D HeterodyneSyncer: updateFlag: com.google.android.finsky.regular, 82594910, 2, , RoutineHygiene__delay_hygiene_tasks_ms
10-20 12:36:36.031  2327  3465 D HeterodyneSyncer: updateFlag: com.google.android.finsky.regular, 82594910, 2, , Scheduler__clock_set_back_min_latency
10-20 12:36:36.031  2327  3465 D HeterodyneSyncer: updateFlag: com.google.android.finsky.regular, 82594910, 2, , Scheduler__concurrent_jobs_size
10-20 12:36:36.031  2327  3465 D HeterodyneSyncer: updateFlag: com.google.android.finsky.regular, 82594910, 2, , Scheduler__custom_constraint_evaluation_timeout_s
10-20 12:36:36.031  2327  3465 D HeterodyneSyncer: updateFlag: com.google.android.finsky.regular, 82594910, 2, , Scheduler__recheck_delay_after_jobstore_changes_ms
10-20 12:36:36.031  2327  3465 D HeterodyneSyncer: updateFlag: com.google.android.finsky.regular, 82594910, 2, , Scheduler__scheduler_job_denylist
10-20 12:36:36.032  2327  3465 D HeterodyneSyncer: updateFlag: com.google.android.finsky.regular, 82594910, 2, , Scheduler__scheduler_logging_v2
10-20 12:36:36.032  2327  3465 D HeterodyneSyncer: updateFlag: com.google.android.finsky.regular, 82594910, 2, , TestColorTheme__color_label
10-20 12:36:36.032  2327  3465 D HeterodyneSyncer: updateFlag: com.google.android.finsky.regular, 82594910, 2, , TestColorTheme__text_color
10-20 12:36:36.032  2327  3465 D HeterodyneSyncer: updateFlag: com.google.android.finsky.regular, 82594910, 2, , TestColorTheme__transition_delay
10-20 12:36:36.032  2327  3465 D HeterodyneSyncer: updateFlag: com.google.android.finsky.regular, 82594910, 2, , TestColorTheme__transparent_background
10-20 12:36:36.032  2327  3465 D HeterodyneSyncer: updateFlag: com.google.android.finsky.regular, 82594910, 2, , UnicornCodegen__send_app_install_info_on_free_purchase
10-20 12:36:36.032  2327  3465 D HeterodyneSyncer: updateFlag: com.google.android.finsky.regular, 82594910, 2, , Zapp__enable_authenticated_updates
10-20 12:36:36.033  2327  3465 D HeterodyneSyncer: update application tag, changed: com.google.android.finsky.regular, 82594910, , 3
10-20 12:36:36.035  2327  3465 D HeterodyneSyncer: Clearing partition: 3
10-20 12:36:36.035  2327  3465 D HeterodyneSyncer: updateFlag: com.google.android.finsky.regular, 82594910, 3, , AcceleratorCache__enable_download_from_accelerator
10-20 12:36:36.036  2327  3465 D HeterodyneSyncer: updateFlag: com.google.android.finsky.regular, 82594910, 3, , AccountInstallState__enable_account_install_state
10-20 12:36:36.036  2327  3465 D HeterodyneSyncer: updateFlag: com.google.android.finsky.regular, 82594910, 3, , AccountsCache__cache_all_accounts
10-20 12:36:36.036  2327  3465 D HeterodyneSyncer: updateFlag: com.google.android.finsky.regular, 82594910, 3, , AcquirePurchaseCodegen__enable_inapp_purchase_data_list_in_response_bundle
