10-20 12:37:12.693  1279  1550 I SP      : Sync for content_cache succeeded in 21233 ms: {added: [73c10eff89726f4122ae1887121fdee6, 9e22973d4ff86e79a43b587d114f5a4e], removed: [3514c1e9a5c7d614d5646bd12032bfa6], metadata: true
10-20 12:37:12.693  1279  1551 I EmojiShortcutsLoader: EmojiShortcutsLoader.call():67 Finished loading emoji shortcuts
10-20 12:37:12.703  1101  1660 I atxs    : Scheduling Phenotype for a PhenotypeSyncImmediately(6, com.google.android.partnersetup) one off with window [1, 2] in seconds [CONTEXT service_id=51 ]
10-20 12:37:12.721  1101  1111 I .gms.persisten: Background young concurrent copying GC freed 141006(7650KB) AllocSpace objects, 34(1648KB) LOS objects, 34% free, 14MB/21MB, paused 49.947ms,122us total 391.579ms
10-20 12:37:12.733  1171  3616 W PeopleGalProvider: Not enabled to outside of GmsCore.
10-20 12:37:12.733  1171  3616 I PeopleGalProvider: Method 0 completed.
10-20 12:37:12.736  1855  2600 I ContactDirectoryManager: Directory provider com.google.android.gms(com.google.android.gms.people.gal.provider) returned a NULL cursor.
10-20 12:37:12.741  5495  5495 E GooglePartnerSetup: Phenotype client.register: true
10-20 12:37:12.743  1468  1480 I FuseDaemon: Background young concurrent copying GC freed 32566(1933KB) AllocSpace objects, 32(640KB) LOS objects, 25% free, 3546KB/4783KB, paused 885us,49us total 353.969ms
10-20 12:37:12.777  3315  3315 I ViewInteraction: Performing 'single click' action on view view.getId() is <2131231081/com.example.lunchtray:id/next_button>
10-20 12:37:12.783  5566  5566 D PrimesApiImpl: Primes instant initialization
10-20 12:37:12.785  5540  5540 I DynamiteModule: Considering local module com.google.android.gms.permissions:1 and remote module com.google.android.gms.permissions:1
10-20 12:37:12.785  5540  5540 I DynamiteModule: Selected local version of com.google.android.gms.permissions
10-20 12:37:12.814  3315  3370 D EGL_emulation: app_time_stats: avg=19.15ms min=1.49ms max=181.28ms count=48
10-20 12:37:12.829   803   963 W Role    : Cannot get ApplicationInfo for default holder: com.google.android.as
10-20 12:37:12.847   803   963 W Role    : Cannot get ApplicationInfo for default holder: com.google.android.as
10-20 12:37:12.857  5566  5566 I SetupWizard: [cgy] Start loading FRP status
10-20 12:37:12.876  5540  5540 W ProviderHelper: Unknown dynamite feature providerinstaller.dynamite
10-20 12:37:12.898  5540  5540 I DynamiteModule: Considering local module com.google.android.gms.providerinstaller.dynamite:1 and remote module com.google.android.gms.providerinstaller.dynamite:0
10-20 12:37:12.898  5540  5540 I DynamiteModule: Selected local version of com.google.android.gms.providerinstaller.dynamite
10-20 12:37:12.904   530  2249 D ConnectivityService: ConnectivityService NetworkRequestInfo binderDied(uid/pid:10103/3478, android.os.BinderProxy@4a87dcc)
10-20 12:37:12.904   530   723 D ConnectivityService: releasing NetworkRequest [ REQUEST id=64, [ Capabilities: INTERNET&NOT_RESTRICTED&TRUSTED&NOT_VCN_MANAGED Uid: 10103 RequestorUid: 10103 RequestorPkg: com.android.vending] ] (release request)
10-20 12:37:12.909   344   344 I Zygote  : Process 3478 exited due to signal 9 (Killed)
10-20 12:37:12.917  1279  1550 I SP      : GC for 'content_cache' (10) with ttl of 0 ms took 1 ms (0/0/1)
10-20 12:37:12.929   530   579 I libprocessgroup: Successfully killed process cgroup uid 10103 pid 3478 in 44ms
10-20 12:37:12.946  5566  5566 I SetupWizard: [bqg] Enabling all components
10-20 12:37:12.952   344   344 D Zygote  : Forked child process 5614
10-20 12:37:12.956   985   985 D CarrierSvcBindHelper: No carrier app for: 0
10-20 12:37:12.962  1171  4214 I Icing   : updateResources: need to parse afmw{com.google.android.gms}
10-20 12:37:12.966  5614  5614 W gs.intelligenc: Unexpected CPU variant for X86 using defaults: x86_64
10-20 12:37:12.968  5614  5614 E gs.intelligenc: Not starting debugger since process cannot load the jdwp agent.
10-20 12:37:12.972  1101  5212 I Fitness : OnPackageChangedOperation got intent: Intent { act=android.intent.action.PACKAGE_CHANGED dat=package:com.google.android.gms flg=0x45000010 pkg=com.google.android.gms cmp=com.google.android.gms/.chimera.PersistentIntentOperationService (has extras) } [CONTEXT service_id=17 ]
10-20 12:37:12.979   985   985 D ImsResolver: maybeAddedImsService, packageName: com.google.android.gms
10-20 12:37:12.991  5540  5540 V NativeCrypto: Registering com/google/android/gms/org/conscrypt/NativeCrypto's 294 native methods...
10-20 12:37:12.992  5614  5614 D CompatibilityChangeReporter: Compat change id reported: 171979766; UID 10100; state: ENABLED
10-20 12:37:12.995  1468  1632 W MediaProvider: getVolumePath for unknown volume: internal
10-20 12:37:13.000  1468  1632 W MediaProvider: getVolumePath for unknown volume: internal
10-20 12:37:13.003  1468  1632 W MediaProvider: getVolumePath for unknown volume: internal
10-20 12:37:13.005  1101  5212 I Fitness : FitCleanupIntentOperation received Intent android.intent.action.PACKAGE_CHANGED [CONTEXT service_id=17 ]
10-20 12:37:13.006  1468  1632 W MediaProvider: getVolumePath for unknown volume: internal
10-20 12:37:13.010  5614  5614 D nativeloader: classloader namespace configured for unbundled product apk. library_path=/product/priv-app/SettingsIntelligenceGooglePrebuilt/lib/x86_64:/product/lib64:/system/product/lib64
10-20 12:37:13.013  1468  1632 W MediaProvider: getVolumePath for unknown volume: internal
10-20 12:37:13.015  1468  1632 W MediaProvider: getVolumePath for unknown volume: internal
10-20 12:37:13.016  1468  1632 W MediaProvider: getVolumePath for unknown volume: internal
10-20 12:37:13.017  5495  5495 D CompatibilityChangeReporter: Compat change id reported: 119147584; UID 10094; state: ENABLED
10-20 12:37:13.021  1468  1632 W MediaProvider: getVolumePath for unknown volume: internal
10-20 12:37:13.022  5540  5540 I ProviderInstaller: Installed default security provider GmsCore_OpenSSL
10-20 12:37:13.027  1468  1632 W MediaProvider: getVolumePath for unknown volume: internal
10-20 12:37:13.038  5614  5614 V GraphicsEnvironment: ANGLE Developer option for 'com.google.android.settings.intelligence' set to: 'default'
10-20 12:37:13.038  5614  5614 V GraphicsEnvironment: Neither updatable production driver nor prerelease driver is supported.
10-20 12:37:13.040  5614  5614 D NetworkSecurityConfig: No Network Security Config specified, using platform default
10-20 12:37:13.041  5614  5614 D NetworkSecurityConfig: No Network Security Config specified, using platform default
10-20 12:37:13.046  1279  1348 I KeywordsRequiringContentDownload: KeywordsRequiringContentDownload.writeToDisk():103 Successfully wrote set of 197 keywords requiring update to disk
10-20 12:37:13.046  1279  1348 I ContentDownloadTask: ContentDownloadTask.schedule():575 Scheduling content download task
10-20 12:37:13.047  1468  1632 W MediaProvider: getVolumePath for unknown volume: internal
10-20 12:37:13.047  1279  1348 I JobSchedulerImpl: JobSchedulerImpl.schedule():72 Schedule task: ContentDownload. Cancel the pre-existing task.
10-20 12:37:13.047  1468  1632 W MediaProvider: getVolumePath for unknown volume: internal
10-20 12:37:13.048  1468  1632 W MediaProvider: getVolumePath for unknown volume: internal
10-20 12:37:13.048  1279  1348 I JobSchedulerImpl: JobSchedulerImpl.schedule():90 Schedule task: ContentDownload. Success.
10-20 12:37:13.057  1468  1632 W MediaProvider: getVolumePath for unknown volume: internal
10-20 12:37:13.069  5614  5614 W gs.intelligenc: Accessing hidden field Ljava/util/Collections$SynchronizedCollection;->mutex:Ljava/lang/Object; (max-target-o, reflection, denied)
10-20 12:37:13.070  5614  5614 W gs.intelligenc: Accessing hidden method Ljava/util/Collections$SynchronizedSet;-><init>(Ljava/util/Set;Ljava/lang/Object;)V (max-target-o, reflection, denied)
10-20 12:37:13.070  5614  5614 W gs.intelligenc: Accessing hidden method Ljava/util/Collections$SynchronizedCollection;-><init>(Ljava/util/Collection;Ljava/lang/Object;)V (max-target-o, reflection, denied)
10-20 12:37:13.071  1468  1632 W MediaProvider: getVolumePath for unknown volume: internal
10-20 12:37:13.077  1468  1632 W MediaProvider: getVolumePath for unknown volume: internal
10-20 12:37:13.095  1468  1632 W MediaProvider: getVolumePath for unknown volume: internal
10-20 12:37:13.111  1468  1632 W MediaProvider: getVolumePath for unknown volume: internal
10-20 12:37:13.120  3315  3315 I ViewInteraction: Performing 'single click' action on view view.getId() is <2131230842/com.example.lunchtray:id/cancel_button>
10-20 12:37:13.123  1468  1632 W MediaProvider: getVolumePath for unknown volume: internal
10-20 12:37:13.129  5540  5540 I blkx    : Primes not initialized, returning default (no-op) Primes instance which will ignore all calls. Please call Primes.initialize(...) before using any Primes API.
10-20 12:37:13.132  5540  5639 I GMS_MM_Logger: Started.
10-20 12:37:13.147  1171  5210 W Conscrypt: Could not set socket write timeout: java.net.SocketException: Socket closed
10-20 12:37:13.151  1468  1632 W MediaProvider: getVolumePath for unknown volume: internal
10-20 12:37:13.165  1468  1632 W MediaProvider: getVolumePath for unknown volume: internal
10-20 12:37:13.168  1171  5210 W Conscrypt: 	at com.google.android.gms.org.conscrypt.Platform.setSocketWriteTimeout(:com.google.android.gms@212423056@21.24.23 (190800-396046673):2)
10-20 12:37:13.168  1171  5210 W Conscrypt: 	at com.google.android.gms.org.conscrypt.ConscryptFileDescriptorSocket.setSoWriteTimeout(:com.google.android.gms@212423056@21.24.23 (190800-396046673):0)
10-20 12:37:13.173   803   963 W Role    : Cannot get ApplicationInfo for default holder: com.google.android.as
10-20 12:37:13.184  5540  5642 D CompatibilityChangeReporter: Compat change id reported: 160794467; UID 10097; state: ENABLED
10-20 12:37:13.194  5566  5566 I SetupWizard: [bsu] [logReason:Get Notification Priority, UserDismissed: false, PersonalizationComplete: false, DPEnable: false, DPExisted: false, DPComplete: false, DAHPActions: 2, DAMPActions:3 , DAPAReason:Just a few more steps]
10-20 12:37:13.195  1468  1632 W MediaProvider: getVolumePath for unknown volume: internal
10-20 12:37:13.214  1468  1632 W MediaProvider: getVolumePath for unknown volume: internal
10-20 12:37:13.255  5566  5566 D CompatibilityChangeReporter: Compat change id reported: 147600208; UID 10092; state: ENABLED
10-20 12:37:13.259  1468  1632 W MediaProvider: getVolumePath for unknown volume: internal
10-20 12:37:13.288  1468  1632 W MediaProvider: getVolumePath for unknown volume: internal
10-20 12:37:13.296  1468  1632 W MediaProvider: getVolumePath for unknown volume: internal
10-20 12:37:13.339  5614  5614 W CardCollectorJobService: refreshJob, cancel job.
10-20 12:37:13.349  1468  1632 W MediaProvider: getVolumePath for unknown volume: internal
10-20 12:37:13.353   803   963 W Role    : Cannot get ApplicationInfo for default holder: com.google.android.as
10-20 12:37:13.356   803   963 W Role    : Cannot get ApplicationInfo for default holder: com.google.android.as
10-20 12:37:13.379  1171  1171 D BoundBrokerSvc: onBind: Intent { act=com.google.android.gms.checkin.START pkg=com.google.android.gms }
10-20 12:37:13.379  1171  1171 D BoundBrokerSvc: Loading bound service for intent: Intent { act=com.google.android.gms.checkin.START pkg=com.google.android.gms }
10-20 12:37:13.390  1468  1632 W MediaProvider: getVolumePath for unknown volume: internal
10-20 12:37:13.391  1468  1632 W MediaProvider: getVolumePath for unknown volume: internal
10-20 12:37:13.404   530   579 I libprocessgroup: Successfully killed process cgroup uid 10096 pid 4339 in 0ms
10-20 12:37:13.413   344   344 I Zygote  : Process 4339 exited due to signal 9 (Killed)
10-20 12:37:13.427  1468  1632 W MediaProvider: getVolumePath for unknown volume: internal
10-20 12:37:13.430   530   723 D ConnectivityService: NetReassign [no changes]
10-20 12:37:13.431   530   723 D ConnectivityService: NetReassign [no changes]
10-20 12:37:13.441  1468  1632 W MediaProvider: getVolumePath for unknown volume: internal
10-20 12:37:13.442  1468  1632 W MediaProvider: getVolumePath for unknown volume: internal
10-20 12:37:13.446  3315  3315 I ViewInteraction: Performing 'single click' action on view view.getId() is <2131231208/com.example.lunchtray:id/start_order_btn>
10-20 12:37:13.468  1468  1632 W MediaProvider: getVolumePath for unknown volume: internal
10-20 12:37:13.529  5566  5566 I SetupWizard: [PreDeferredLifecycleCallback] Predeferred Setup is available
10-20 12:37:13.532   396   505 D AudioFlinger: mixer(0x7fc2cd762a70) throttle end: throttle time(5)
10-20 12:37:13.605  5566  5566 I SetupWizard: [PreDeferredLifecycleCallback] Scheduling PreDeferredServiceScheduler.
10-20 12:37:13.620  5566  5566 I SetupWizard: [PreDeferredServiceScheduler] Scheduled job#2651 to run
10-20 12:37:13.625   787   787 D InterruptionStateProvider: No bubble up: not allowed to bubble: 0|com.android.providers.downloads|0|1:com.android.vending|10062
10-20 12:37:13.627  5566  5566 I SetupWizard: [bxl] Checking Android ID
10-20 12:37:13.629   787   787 D InterruptionStateProvider: No heads up: unimportant notification: 0|com.android.providers.downloads|0|1:com.android.vending|10062
10-20 12:37:13.630   530   579 I libprocessgroup: Successfully killed process cgroup uid 10134 pid 4801 in 47ms
10-20 12:37:13.640   787   858 D PeopleSpaceWidgetMgr: Sbn doesn't contain valid PeopleTileKey: null/0/com.android.providers.downloads
10-20 12:37:13.648  5566  5566 I SetupWizard: [bxl] Last checkin fingerprint=google/sdk_gphone64_x86_64/emulator64_x86_64_arm64:12/SE1A.211212.001.B1/8023802:user/release-keys
10-20 12:37:13.650  5566  5566 I SetupWizard: [bxl] User unlocked, initiate a checkin task java.util.concurrent.CompletableFuture@7a01d47[Not completed, 1 dependents]
10-20 12:37:13.652   787   848 D EGL_emulation: app_time_stats: avg=1023.80ms min=78.17ms max=1969.43ms count=2
10-20 12:37:13.652   530   564 I WifiService: startScan uid=10092
10-20 12:37:13.655   344   344 I Zygote  : Process 4801 exited due to signal 9 (Killed)
10-20 12:37:13.687   344   344 D Zygote  : Forked child process 5657
10-20 12:37:13.700  5657  5657 W android.youtub: Unexpected CPU variant for X86 using defaults: x86_64
10-20 12:37:13.707  5657  5657 E android.youtub: Not starting debugger since process cannot load the jdwp agent.
10-20 12:37:13.741  5657  5657 D CompatibilityChangeReporter: Compat change id reported: 171979766; UID 10120; state: DISABLED
10-20 12:37:13.744  2327  2797 W Settings: Setting install_non_market_apps has moved from android.provider.Settings.Global to android.provider.Settings.Secure, returning read-only value.
10-20 12:37:13.759  3315  3315 I ViewInteraction: Checking 'MatchesViewAssertion{viewMatcher=(view has effective visibility <VISIBLE> and view.getGlobalVisibleRect() to return non-empty rectangle)}' assertion on view an instance of android.widget.TextView and view.getText() with or without transformation to match: is "Subtotal: $0.00"
10-20 12:37:13.759  3315  3354 I TestRunner: finished: order_reset_after_cancel_from_checkout(com.example.lunchtray.OrderFunctionalityTests)
