10-20 12:37:09.318  1101  1660 E atwd    : 	at uhc.run(:com.google.android.gms@212423056@21.24.23 (190800-396046673):0)
10-20 12:37:09.318  1101  1660 E atwd    : 	at java.lang.Thread.run(Thread.java:920)
10-20 12:37:09.319  1101  1660 E AsyncOperation: operation=CommitToConfigurationOperationCall, opStatusCode=29500 [CONTEXT service_id=51 ]
10-20 12:37:09.319  1101  1660 E AsyncOperation: OperationException[Status{statusCode=Empty (package not registered?) or malformed snapshot token: , resolution=null}]
10-20 12:37:09.319  1101  1660 E AsyncOperation: 	at atwd.d(:com.google.android.gms@212423056@21.24.23 (190800-396046673):6)
10-20 12:37:09.319  1101  1660 E AsyncOperation: 	at atwd.f(:com.google.android.gms@212423056@21.24.23 (190800-396046673):2)
10-20 12:37:09.319  1101  1660 E AsyncOperation: 	at acvu.run(:com.google.android.gms@212423056@21.24.23 (190800-396046673):17)
10-20 12:37:09.319  1101  1660 E AsyncOperation: 	at bvgk.run(:com.google.android.gms@212423056@21.24.23 (190800-396046673):2)
10-20 12:37:09.319  1101  1660 E AsyncOperation: 	at ubg.c(:com.google.android.gms@212423056@21.24.23 (190800-396046673):6)
10-20 12:37:09.319  1101  1660 E AsyncOperation: 	at ubg.run(:com.google.android.gms@212423056@21.24.23 (190800-396046673):8)
10-20 12:37:09.319  1101  1660 E AsyncOperation: 	at java.util.concurrent.ThreadPoolExecutor.runWorker(ThreadPoolExecutor.java:1167)
10-20 12:37:09.319  1101  1660 E AsyncOperation: 	at java.util.concurrent.ThreadPoolExecutor$Worker.run(ThreadPoolExecutor.java:641)
10-20 12:37:09.319  1101  1660 E AsyncOperation: 	at uhc.run(:com.google.android.gms@212423056@21.24.23 (190800-396046673):0)
10-20 12:37:09.319  1101  1660 E AsyncOperation: 	at java.lang.Thread.run(Thread.java:920)
10-20 12:37:09.322  2404  2421 E MendelPackageState: Failed to commit to config
10-20 12:37:09.322  2404  2421 E MendelPackageState: com.google.android.libraries.phenotype.client.a.e: 29500: 29500: Empty (package not registered?) or malformed snapshot token:
10-20 12:37:09.322  2404  2421 E MendelPackageState: 	at com.google.android.libraries.phenotype.client.a.g.apply(SourceFile:1)
10-20 12:37:09.322  2404  2421 E MendelPackageState: 	at com.google.common.w.a.a.d(SourceFile:2)
10-20 12:37:09.322  2404  2421 E MendelPackageState: 	at com.google.common.w.a.c.run(SourceFile:11)
10-20 12:37:09.322  2404  2421 E MendelPackageState: 	at com.google.common.w.a.az.execute(SourceFile:1)
10-20 12:37:09.322  2404  2421 E MendelPackageState: 	at com.google.common.w.a.d.i(SourceFile:1)
10-20 12:37:09.322  2404  2421 E MendelPackageState: 	at com.google.common.w.a.d.m(SourceFile:12)
10-20 12:37:09.322  2404  2421 E MendelPackageState: 	at com.google.common.w.a.d.p(SourceFile:3)
10-20 12:37:09.322  2404  2421 E MendelPackageState: 	at com.google.android.libraries.s.b.a(SourceFile:5)
10-20 12:37:09.322  2404  2421 E MendelPackageState: 	at com.google.android.gms.k.n.run(SourceFile:1)
10-20 12:37:09.322  2404  2421 E MendelPackageState: 	at com.google.common.w.a.az.execute(SourceFile:1)
10-20 12:37:09.322  2404  2421 E MendelPackageState: 	at com.google.android.gms.k.o.a(SourceFile:3)
10-20 12:37:09.322  2404  2421 E MendelPackageState: 	at com.google.android.gms.k.ad.b(SourceFile:5)
10-20 12:37:09.322  2404  2421 E MendelPackageState: 	at com.google.android.gms.k.aj.u(SourceFile:4)
10-20 12:37:09.322  2404  2421 E MendelPackageState: 	at com.google.android.gms.common.api.internal.dg.b(SourceFile:4)
10-20 12:37:09.322  2404  2421 E MendelPackageState: 	at com.google.android.gms.phenotype.r.a(SourceFile:1)
10-20 12:37:09.322  2404  2421 E MendelPackageState: 	at com.google.android.gms.phenotype.a.a.dispatchTransaction(SourceFile:31)
10-20 12:37:09.322  2404  2421 E MendelPackageState: 	at com.google.android.a.b.onTransact(SourceFile:2)
10-20 12:37:09.322  2404  2421 E MendelPackageState: 	at android.os.Binder.execTransactInternal(Binder.java:1184)
10-20 12:37:09.322  2404  2421 E MendelPackageState: 	at android.os.Binder.execTransact(Binder.java:1143)
10-20 12:37:09.322  2404  2421 E MendelPackageState: Caused by: com.google.android.gms.common.api.n: 29500: Empty (package not registered?) or malformed snapshot token:
10-20 12:37:09.322  2404  2421 E MendelPackageState: 	at com.google.android.gms.common.api.internal.dg.b(SourceFile:3)
10-20 12:37:09.322  2404  2421 E MendelPackageState: 	... 5 more
10-20 12:37:09.332  1101  1660 E atwd    : Phenotype API error. Event # cngu@d6dd80cd, EventCode: 5 [CONTEXT service_id=51 ]
10-20 12:37:09.332  1101  1660 E atwd    : atvi: 29500: Empty (package not registered?) or malformed snapshot token:
10-20 12:37:09.332  1101  1660 E atwd    : 	at atwg.b(:com.google.android.gms@212423056@21.24.23 (190800-396046673):9)
10-20 12:37:09.332  1101  1660 E atwd    : 	at atwf.e(:com.google.android.gms@212423056@21.24.23 (190800-396046673):0)
10-20 12:37:09.332  1101  1660 E atwd    : 	at atwd.d(:com.google.android.gms@212423056@21.24.23 (190800-396046673):4)
10-20 12:37:09.332  1101  1660 E atwd    : 	at atwd.f(:com.google.android.gms@212423056@21.24.23 (190800-396046673):2)
10-20 12:37:09.332  1101  1660 E atwd    : 	at acvu.run(:com.google.android.gms@212423056@21.24.23 (190800-396046673):17)
10-20 12:37:09.332  1101  1660 E atwd    : 	at bvgk.run(:com.google.android.gms@212423056@21.24.23 (190800-396046673):2)
10-20 12:37:09.332  1101  1660 E atwd    : 	at ubg.c(:com.google.android.gms@212423056@21.24.23 (190800-396046673):6)
10-20 12:37:09.332  1101  1660 E atwd    : 	at ubg.run(:com.google.android.gms@212423056@21.24.23 (190800-396046673):8)
10-20 12:37:09.332  1101  1660 E atwd    : 	at java.util.concurrent.ThreadPoolExecutor.runWorker(ThreadPoolExecutor.java:1167)
10-20 12:37:09.332  1101  1660 E atwd    : 	at java.util.concurrent.ThreadPoolExecutor$Worker.run(ThreadPoolExecutor.java:641)
10-20 12:37:09.332  1101  1660 E atwd    : 	at uhc.run(:com.google.android.gms@212423056@21.24.23 (190800-396046673):0)
10-20 12:37:09.332  1101  1660 E atwd    : 	at java.lang.Thread.run(Thread.java:920)
10-20 12:37:09.333  1101  1660 E AsyncOperation: operation=CommitToConfigurationOperationCall, opStatusCode=29500 [CONTEXT service_id=51 ]
10-20 12:37:09.333  1101  1660 E AsyncOperation: OperationException[Status{statusCode=Empty (package not registered?) or malformed snapshot token: , resolution=null}]
10-20 12:37:09.333  1101  1660 E AsyncOperation: 	at atwd.d(:com.google.android.gms@212423056@21.24.23 (190800-396046673):6)
10-20 12:37:09.333  1101  1660 E AsyncOperation: 	at atwd.f(:com.google.android.gms@212423056@21.24.23 (190800-396046673):2)
10-20 12:37:09.333  1101  1660 E AsyncOperation: 	at acvu.run(:com.google.android.gms@212423056@21.24.23 (190800-396046673):17)
10-20 12:37:09.333  1101  1660 E AsyncOperation: 	at bvgk.run(:com.google.android.gms@212423056@21.24.23 (190800-396046673):2)
10-20 12:37:09.333  1101  1660 E AsyncOperation: 	at ubg.c(:com.google.android.gms@212423056@21.24.23 (190800-396046673):6)
10-20 12:37:09.333  1101  1660 E AsyncOperation: 	at ubg.run(:com.google.android.gms@212423056@21.24.23 (190800-396046673):8)
10-20 12:37:09.333  1101  1660 E AsyncOperation: 	at java.util.concurrent.ThreadPoolExecutor.runWorker(ThreadPoolExecutor.java:1167)
10-20 12:37:09.333  1101  1660 E AsyncOperation: 	at java.util.concurrent.ThreadPoolExecutor$Worker.run(ThreadPoolExecutor.java:641)
10-20 12:37:09.333  1101  1660 E AsyncOperation: 	at uhc.run(:com.google.android.gms@212423056@21.24.23 (190800-396046673):0)
10-20 12:37:09.333  1101  1660 E AsyncOperation: 	at java.lang.Thread.run(Thread.java:920)
10-20 12:37:09.333  1101  1660 E atwd    : Phenotype API error. Event # cngu@d11c33c, EventCode: 5 [CONTEXT service_id=51 ]
10-20 12:37:09.333  1101  1660 E atwd    : atvi: 29500: Empty (package not registered?) or malformed snapshot token:
10-20 12:37:09.333  1101  1660 E atwd    : 	at atwg.b(:com.google.android.gms@212423056@21.24.23 (190800-396046673):9)
10-20 12:37:09.333  1101  1660 E atwd    : 	at atwf.e(:com.google.android.gms@212423056@21.24.23 (190800-396046673):0)
10-20 12:37:09.333  1101  1660 E atwd    : 	at atwd.d(:com.google.android.gms@212423056@21.24.23 (190800-396046673):4)
10-20 12:37:09.333  1101  1660 E atwd    : 	at atwd.f(:com.google.android.gms@212423056@21.24.23 (190800-396046673):2)
10-20 12:37:09.333  1101  1660 E atwd    : 	at acvu.run(:com.google.android.gms@212423056@21.24.23 (190800-396046673):17)
10-20 12:37:09.333  1101  1660 E atwd    : 	at bvgk.run(:com.google.android.gms@212423056@21.24.23 (190800-396046673):2)
10-20 12:37:09.333  1101  1660 E atwd    : 	at ubg.c(:com.google.android.gms@212423056@21.24.23 (190800-396046673):6)
10-20 12:37:09.333  1101  1660 E atwd    : 	at ubg.run(:com.google.android.gms@212423056@21.24.23 (190800-396046673):8)
10-20 12:37:09.333  1101  1660 E atwd    : 	at java.util.concurrent.ThreadPoolExecutor.runWorker(ThreadPoolExecutor.java:1167)
10-20 12:37:09.333  1101  1660 E atwd    : 	at java.util.concurrent.ThreadPoolExecutor$Worker.run(ThreadPoolExecutor.java:641)
10-20 12:37:09.333  1101  1660 E atwd    : 	at uhc.run(:com.google.android.gms@212423056@21.24.23 (190800-396046673):0)
10-20 12:37:09.333  1101  1660 E atwd    : 	at java.lang.Thread.run(Thread.java:920)
10-20 12:37:09.333  1101  1660 E AsyncOperation: operation=CommitToConfigurationOperationCall, opStatusCode=29500 [CONTEXT service_id=51 ]
10-20 12:37:09.333  1101  1660 E AsyncOperation: OperationException[Status{statusCode=Empty (package not registered?) or malformed snapshot token: , resolution=null}]
10-20 12:37:09.333  1101  1660 E AsyncOperation: 	at atwd.d(:com.google.android.gms@212423056@21.24.23 (190800-396046673):6)
10-20 12:37:09.333  1101  1660 E AsyncOperation: 	at atwd.f(:com.google.android.gms@212423056@21.24.23 (190800-396046673):2)
10-20 12:37:09.333  1101  1660 E AsyncOperation: 	at acvu.run(:com.google.android.gms@212423056@21.24.23 (190800-396046673):17)
10-20 12:37:09.333  1101  1660 E AsyncOperation: 	at bvgk.run(:com.google.android.gms@212423056@21.24.23 (190800-396046673):2)
10-20 12:37:09.333  1101  1660 E AsyncOperation: 	at ubg.c(:com.google.android.gms@212423056@21.24.23 (190800-396046673):6)
10-20 12:37:09.333  1101  1660 E AsyncOperation: 	at ubg.run(:com.google.android.gms@212423056@21.24.23 (190800-396046673):8)
10-20 12:37:09.333  1101  1660 E AsyncOperation: 	at java.util.concurrent.ThreadPoolExecutor.runWorker(ThreadPoolExecutor.java:1167)
10-20 12:37:09.333  1101  1660 E AsyncOperation: 	at java.util.concurrent.ThreadPoolExecutor$Worker.run(ThreadPoolExecutor.java:641)
10-20 12:37:09.333  1101  1660 E AsyncOperation: 	at uhc.run(:com.google.android.gms@212423056@21.24.23 (190800-396046673):0)
10-20 12:37:09.333  1101  1660 E AsyncOperation: 	at java.lang.Thread.run(Thread.java:920)
10-20 12:37:09.338  2404  5436 E MendelPackageState: Failed to commit to config
10-20 12:37:09.338  2404  5436 E MendelPackageState: com.google.android.libraries.phenotype.client.a.e: 29500: 29500: Empty (package not registered?) or malformed snapshot token:
10-20 12:37:09.338  2404  5436 E MendelPackageState: 	at com.google.android.libraries.phenotype.client.a.g.apply(SourceFile:1)
10-20 12:37:09.338  2404  5436 E MendelPackageState: 	at com.google.common.w.a.a.d(SourceFile:2)
10-20 12:37:09.338  2404  5436 E MendelPackageState: 	at com.google.common.w.a.c.run(SourceFile:11)
10-20 12:37:09.338  2404  5436 E MendelPackageState: 	at com.google.common.w.a.az.execute(SourceFile:1)
10-20 12:37:09.338  2404  5436 E MendelPackageState: 	at com.google.common.w.a.d.i(SourceFile:1)
10-20 12:37:09.338  2404  5436 E MendelPackageState: 	at com.google.common.w.a.d.m(SourceFile:12)
10-20 12:37:09.338  2404  5436 E MendelPackageState: 	at com.google.common.w.a.d.p(SourceFile:3)
10-20 12:37:09.338  2404  5436 E MendelPackageState: 	at com.google.android.libraries.s.b.a(SourceFile:5)
10-20 12:37:09.338  2404  5436 E MendelPackageState: 	at com.google.android.gms.k.n.run(SourceFile:1)
10-20 12:37:09.338  2404  5436 E MendelPackageState: 	at com.google.common.w.a.az.execute(SourceFile:1)
10-20 12:37:09.338  2404  5436 E MendelPackageState: 	at com.google.android.gms.k.o.a(SourceFile:3)
10-20 12:37:09.338  2404  5436 E MendelPackageState: 	at com.google.android.gms.k.ad.b(SourceFile:5)
10-20 12:37:09.338  2404  5436 E MendelPackageState: 	at com.google.android.gms.k.aj.u(SourceFile:4)
10-20 12:37:09.338  2404  5436 E MendelPackageState: 	at com.google.android.gms.common.api.internal.dg.b(SourceFile:4)
10-20 12:37:09.338  2404  5436 E MendelPackageState: 	at com.google.android.gms.phenotype.r.a(SourceFile:1)
10-20 12:37:09.338  2404  5436 E MendelPackageState: 	at com.google.android.gms.phenotype.a.a.dispatchTransaction(SourceFile:31)
10-20 12:37:09.338  2404  5436 E MendelPackageState: 	at com.google.android.a.b.onTransact(SourceFile:2)
10-20 12:37:09.338  2404  5436 E MendelPackageState: 	at android.os.Binder.execTransactInternal(Binder.java:1184)
10-20 12:37:09.338  2404  5436 E MendelPackageState: 	at android.os.Binder.execTransact(Binder.java:1143)
10-20 12:37:09.338  2404  5436 E MendelPackageState: Caused by: com.google.android.gms.common.api.n: 29500: Empty (package not registered?) or malformed snapshot token:
10-20 12:37:09.338  2404  5436 E MendelPackageState: 	at com.google.android.gms.common.api.internal.dg.b(SourceFile:3)
10-20 12:37:09.338  2404  5436 E MendelPackageState: 	... 5 more
10-20 12:37:09.349  1101  1101 D BoundBrokerSvc: onBind: Intent { act=com.google.android.gms.chimera.container.BIND_FIND_BUFFER_SIZE cmp=com.google.android.gms/.chimera.PersistentInternalBoundBrokerService }
10-20 12:37:09.350  1101  1101 D BoundBrokerSvc: Loading bound service for intent: Intent { act=com.google.android.gms.chimera.container.BIND_FIND_BUFFER_SIZE cmp=com.google.android.gms/.chimera.PersistentInternalBoundBrokerService }
10-20 12:37:09.350  1101  1660 E atwd    : Phenotype API error. Event # cngu@d11c33c, EventCode: 5 [CONTEXT service_id=51 ]
10-20 12:37:09.350  1101  1660 E atwd    : atvi: 29500: Empty (package not registered?) or malformed snapshot token:
10-20 12:37:09.350  1101  1660 E atwd    : 	at atwg.b(:com.google.android.gms@212423056@21.24.23 (190800-396046673):9)
10-20 12:37:09.350  1101  1660 E atwd    : 	at atwf.e(:com.google.android.gms@212423056@21.24.23 (190800-396046673):0)
10-20 12:37:09.350  1101  1660 E atwd    : 	at atwd.d(:com.google.android.gms@212423056@21.24.23 (190800-396046673):4)
10-20 12:37:09.350  1101  1660 E atwd    : 	at atwd.f(:com.google.android.gms@212423056@21.24.23 (190800-396046673):2)
10-20 12:37:09.350  1101  1660 E atwd    : 	at acvu.run(:com.google.android.gms@212423056@21.24.23 (190800-396046673):17)
10-20 12:37:09.350  1101  1660 E atwd    : 	at bvgk.run(:com.google.android.gms@212423056@21.24.23 (190800-396046673):2)
10-20 12:37:09.350  1101  1660 E atwd    : 	at ubg.c(:com.google.android.gms@212423056@21.24.23 (190800-396046673):6)
10-20 12:37:09.350  1101  1660 E atwd    : 	at ubg.run(:com.google.android.gms@212423056@21.24.23 (190800-396046673):8)
10-20 12:37:09.350  1101  1660 E atwd    : 	at java.util.concurrent.ThreadPoolExecutor.runWorker(ThreadPoolExecutor.java:1167)
10-20 12:37:09.350  1101  1660 E atwd    : 	at java.util.concurrent.ThreadPoolExecutor$Worker.run(ThreadPoolExecutor.java:641)
10-20 12:37:09.350  1101  1660 E atwd    : 	at uhc.run(:com.google.android.gms@212423056@21.24.23 (190800-396046673):0)
10-20 12:37:09.350  1101  1660 E atwd    : 	at java.lang.Thread.run(Thread.java:920)
10-20 12:37:09.353  1101  1660 E AsyncOperation: operation=CommitToConfigurationOperationCall, opStatusCode=29500 [CONTEXT service_id=51 ]
10-20 12:37:09.353  1101  1660 E AsyncOperation: OperationException[Status{statusCode=Empty (package not registered?) or malformed snapshot token: , resolution=null}]
10-20 12:37:09.353  1101  1660 E AsyncOperation: 	at atwd.d(:com.google.android.gms@212423056@21.24.23 (190800-396046673):6)
10-20 12:37:09.353  1101  1660 E AsyncOperation: 	at atwd.f(:com.google.android.gms@212423056@21.24.23 (190800-396046673):2)
10-20 12:37:09.353  1101  1660 E AsyncOperation: 	at acvu.run(:com.google.android.gms@212423056@21.24.23 (190800-396046673):17)
10-20 12:37:09.353  1101  1660 E AsyncOperation: 	at bvgk.run(:com.google.android.gms@212423056@21.24.23 (190800-396046673):2)
10-20 12:37:09.353  1101  1660 E AsyncOperation: 	at ubg.c(:com.google.android.gms@212423056@21.24.23 (190800-396046673):6)
10-20 12:37:09.353  1101  1660 E AsyncOperation: 	at ubg.run(:com.google.android.gms@212423056@21.24.23 (190800-396046673):8)
10-20 12:37:09.353  1101  1660 E AsyncOperation: 	at java.util.concurrent.ThreadPoolExecutor.runWorker(ThreadPoolExecutor.java:1167)
10-20 12:37:09.353  1101  1660 E AsyncOperation: 	at java.util.concurrent.ThreadPoolExecutor$Worker.run(ThreadPoolExecutor.java:641)
10-20 12:37:09.353  1101  1660 E AsyncOperation: 	at uhc.run(:com.google.android.gms@212423056@21.24.23 (190800-396046673):0)
10-20 12:37:09.353  1101  1660 E AsyncOperation: 	at java.lang.Thread.run(Thread.java:920)
10-20 12:37:09.354  1101  1660 E atwd    : Phenotype API error. Event # cngu@d11c33c, EventCode: 5 [CONTEXT service_id=51 ]
10-20 12:37:09.354  1101  1660 E atwd    : atvi: 29500: Empty (package not registered?) or malformed snapshot token:
10-20 12:37:09.354  1101  1660 E atwd    : 	at atwg.b(:com.google.android.gms@212423056@21.24.23 (190800-396046673):9)
10-20 12:37:09.354  1101  1660 E atwd    : 	at atwf.e(:com.google.android.gms@212423056@21.24.23 (190800-396046673):0)
10-20 12:37:09.354  1101  1660 E atwd    : 	at atwd.d(:com.google.android.gms@212423056@21.24.23 (190800-396046673):4)
10-20 12:37:09.354  1101  1660 E atwd    : 	at atwd.f(:com.google.android.gms@212423056@21.24.23 (190800-396046673):2)
10-20 12:37:09.354  1101  1660 E atwd    : 	at acvu.run(:com.google.android.gms@212423056@21.24.23 (190800-396046673):17)
10-20 12:37:09.354  1101  1660 E atwd    : 	at bvgk.run(:com.google.android.gms@212423056@21.24.23 (190800-396046673):2)
10-20 12:37:09.354  1101  1660 E atwd    : 	at ubg.c(:com.google.android.gms@212423056@21.24.23 (190800-396046673):6)
10-20 12:37:09.354  1101  1660 E atwd    : 	at ubg.run(:com.google.android.gms@212423056@21.24.23 (190800-396046673):8)
10-20 12:37:09.354  1101  1660 E atwd    : 	at java.util.concurrent.ThreadPoolExecutor.runWorker(ThreadPoolExecutor.java:1167)
10-20 12:37:09.354  1101  1660 E atwd    : 	at java.util.concurrent.ThreadPoolExecutor$Worker.run(ThreadPoolExecutor.java:641)
10-20 12:37:09.354  1101  1660 E atwd    : 	at uhc.run(:com.google.android.gms@212423056@21.24.23 (190800-396046673):0)
10-20 12:37:09.354  1101  1660 E atwd    : 	at java.lang.Thread.run(Thread.java:920)
10-20 12:37:09.356  1101  1660 E AsyncOperation: operation=CommitToConfigurationOperationCall, opStatusCode=29500 [CONTEXT service_id=51 ]
10-20 12:37:09.356  1101  1660 E AsyncOperation: OperationException[Status{statusCode=Empty (package not registered?) or malformed snapshot token: , resolution=null}]
10-20 12:37:09.356  1101  1660 E AsyncOperation: 	at atwd.d(:com.google.android.gms@212423056@21.24.23 (190800-396046673):6)
10-20 12:37:09.356  1101  1660 E AsyncOperation: 	at atwd.f(:com.google.android.gms@212423056@21.24.23 (190800-396046673):2)
10-20 12:37:09.356  1101  1660 E AsyncOperation: 	at acvu.run(:com.google.android.gms@212423056@21.24.23 (190800-396046673):17)
10-20 12:37:09.356  1101  1660 E AsyncOperation: 	at bvgk.run(:com.google.android.gms@212423056@21.24.23 (190800-396046673):2)
10-20 12:37:09.356  1101  1660 E AsyncOperation: 	at ubg.c(:com.google.android.gms@212423056@21.24.23 (190800-396046673):6)
10-20 12:37:09.356  1101  1660 E AsyncOperation: 	at ubg.run(:com.google.android.gms@212423056@21.24.23 (190800-396046673):8)
10-20 12:37:09.356  1101  1660 E AsyncOperation: 	at java.util.concurrent.ThreadPoolExecutor.runWorker(ThreadPoolExecutor.java:1167)
10-20 12:37:09.356  1101  1660 E AsyncOperation: 	at java.util.concurrent.ThreadPoolExecutor$Worker.run(ThreadPoolExecutor.java:641)
10-20 12:37:09.356  1101  1660 E AsyncOperation: 	at uhc.run(:com.google.android.gms@212423056@21.24.23 (190800-396046673):0)
10-20 12:37:09.356  1101  1660 E AsyncOperation: 	at java.lang.Thread.run(Thread.java:920)
10-20 12:37:09.353  2404  2421 E MendelPackageState: Failed to commit to config
10-20 12:37:09.353  2404  2421 E MendelPackageState: com.google.android.libraries.phenotype.client.a.e: 29500: 29500: Empty (package not registered?) or malformed snapshot token:
10-20 12:37:09.353  2404  2421 E MendelPackageState: 	at com.google.android.libraries.phenotype.client.a.g.apply(SourceFile:1)
10-20 12:37:09.353  2404  2421 E MendelPackageState: 	at com.google.common.w.a.a.d(SourceFile:2)
10-20 12:37:09.353  2404  2421 E MendelPackageState: 	at com.google.common.w.a.c.run(SourceFile:11)
10-20 12:37:09.353  2404  2421 E MendelPackageState: 	at com.google.common.w.a.az.execute(SourceFile:1)
10-20 12:37:09.353  2404  2421 E MendelPackageState: 	at com.google.common.w.a.d.i(SourceFile:1)
10-20 12:37:09.353  2404  2421 E MendelPackageState: 	at com.google.common.w.a.d.m(SourceFile:12)
10-20 12:37:09.353  2404  2421 E MendelPackageState: 	at com.google.common.w.a.d.p(SourceFile:3)
10-20 12:37:09.353  2404  2421 E MendelPackageState: 	at com.google.android.libraries.s.b.a(SourceFile:5)
10-20 12:37:09.353  2404  2421 E MendelPackageState: 	at com.google.android.gms.k.n.run(SourceFile:1)
10-20 12:37:09.353  2404  2421 E MendelPackageState: 	at com.google.common.w.a.az.execute(SourceFile:1)
10-20 12:37:09.353  2404  2421 E MendelPackageState: 	at com.google.android.gms.k.o.a(SourceFile:3)
10-20 12:37:09.353  2404  2421 E MendelPackageState: 	at com.google.android.gms.k.ad.b(SourceFile:5)
10-20 12:37:09.353  2404  2421 E MendelPackageState: 	at com.google.android.gms.k.aj.u(SourceFile:4)
10-20 12:37:09.353  2404  2421 E MendelPackageState: 	at com.google.android.gms.common.api.internal.dg.b(SourceFile:4)
10-20 12:37:09.353  2404  2421 E MendelPackageState: 	at com.google.android.gms.phenotype.r.a(SourceFile:1)
10-20 12:37:09.353  2404  2421 E MendelPackageState: 	at com.google.android.gms.phenotype.a.a.dispatchTransaction(SourceFile:31)
10-20 12:37:09.353  2404  2421 E MendelPackageState: 	at com.google.android.a.b.onTransact(SourceFile:2)
10-20 12:37:09.353  2404  2421 E MendelPackageState: 	at android.os.Binder.execTransactInternal(Binder.java:1184)
10-20 12:37:09.353  2404  2421 E MendelPackageState: 	at android.os.Binder.execTransact(Binder.java:1143)
10-20 12:37:09.353  2404  2421 E MendelPackageState: Caused by: com.google.android.gms.common.api.n: 29500: Empty (package not registered?) or malformed snapshot token:
10-20 12:37:09.353  2404  2421 E MendelPackageState: 	at com.google.android.gms.common.api.internal.dg.b(SourceFile:3)
10-20 12:37:09.353  2404  2421 E MendelPackageState: 	... 5 more
10-20 12:37:09.358  2404  5436 E MendelPackageState: Failed to commit to config
10-20 12:37:09.358  2404  5436 E MendelPackageState: com.google.android.libraries.phenotype.client.a.e: 29500: 29500: Empty (package not registered?) or malformed snapshot token:
10-20 12:37:09.358  2404  5436 E MendelPackageState: 	at com.google.android.libraries.phenotype.client.a.g.apply(SourceFile:1)
10-20 12:37:09.358  2404  5436 E MendelPackageState: 	at com.google.common.w.a.a.d(SourceFile:2)
10-20 12:37:09.358  2404  5436 E MendelPackageState: 	at com.google.common.w.a.c.run(SourceFile:11)
10-20 12:37:09.358  2404  5436 E MendelPackageState: 	at com.google.common.w.a.az.execute(SourceFile:1)
10-20 12:37:09.358  2404  5436 E MendelPackageState: 	at com.google.common.w.a.d.i(SourceFile:1)
10-20 12:37:09.358  2404  5436 E MendelPackageState: 	at com.google.common.w.a.d.m(SourceFile:12)
10-20 12:37:09.358  2404  5436 E MendelPackageState: 	at com.google.common.w.a.d.p(SourceFile:3)
10-20 12:37:09.358  2404  5436 E MendelPackageState: 	at com.google.android.libraries.s.b.a(SourceFile:5)
10-20 12:37:09.358  2404  5436 E MendelPackageState: 	at com.google.android.gms.k.n.run(SourceFile:1)
10-20 12:37:09.358  2404  5436 E MendelPackageState: 	at com.google.common.w.a.az.execute(SourceFile:1)
10-20 12:37:09.358  2404  5436 E MendelPackageState: 	at com.google.android.gms.k.o.a(SourceFile:3)
10-20 12:37:09.358  2404  5436 E MendelPackageState: 	at com.google.android.gms.k.ad.b(SourceFile:5)
10-20 12:37:09.358  2404  5436 E MendelPackageState: 	at com.google.android.gms.k.aj.u(SourceFile:4)
10-20 12:37:09.358  2404  5436 E MendelPackageState: 	at com.google.android.gms.common.api.internal.dg.b(SourceFile:4)
10-20 12:37:09.358  2404  5436 E MendelPackageState: 	at com.google.android.gms.phenotype.r.a(SourceFile:1)
10-20 12:37:09.358  2404  5436 E MendelPackageState: 	at com.google.android.gms.phenotype.a.a.dispatchTransaction(SourceFile:31)
10-20 12:37:09.358  2404  5436 E MendelPackageState: 	at com.google.android.a.b.onTransact(SourceFile:2)
10-20 12:37:09.358  2404  5436 E MendelPackageState: 	at android.os.Binder.execTransactInternal(Binder.java:1184)
10-20 12:37:09.358  2404  5436 E MendelPackageState: 	at android.os.Binder.execTransact(Binder.java:1143)
10-20 12:37:09.358  2404  5436 E MendelPackageState: Caused by: com.google.android.gms.common.api.n: 29500: Empty (package not registered?) or malformed snapshot token:
10-20 12:37:09.358  2404  5436 E MendelPackageState: 	at com.google.android.gms.common.api.internal.dg.b(SourceFile:3)
10-20 12:37:09.358  2404  5436 E MendelPackageState: 	... 5 more
10-20 12:37:09.364  2404  3494 E MendelPackageState: Failed to commit to config
10-20 12:37:09.364  2404  3494 E MendelPackageState: com.google.android.libraries.phenotype.client.a.e: 29500: 29500: Empty (package not registered?) or malformed snapshot token:
10-20 12:37:09.364  2404  3494 E MendelPackageState: 	at com.google.android.libraries.phenotype.client.a.g.apply(SourceFile:1)
10-20 12:37:09.364  2404  3494 E MendelPackageState: 	at com.google.common.w.a.a.d(SourceFile:2)
10-20 12:37:09.364  2404  3494 E MendelPackageState: 	at com.google.common.w.a.c.run(SourceFile:11)
10-20 12:37:09.364  2404  3494 E MendelPackageState: 	at com.google.common.w.a.az.execute(SourceFile:1)
10-20 12:37:09.364  2404  3494 E MendelPackageState: 	at com.google.common.w.a.d.i(SourceFile:1)
10-20 12:37:09.364  2404  3494 E MendelPackageState: 	at com.google.common.w.a.d.m(SourceFile:12)
10-20 12:37:09.364  2404  3494 E MendelPackageState: 	at com.google.common.w.a.d.p(SourceFile:3)
10-20 12:37:09.364  2404  3494 E MendelPackageState: 	at com.google.android.libraries.s.b.a(SourceFile:5)
10-20 12:37:09.364  2404  3494 E MendelPackageState: 	at com.google.android.gms.k.n.run(SourceFile:1)
10-20 12:37:09.364  2404  3494 E MendelPackageState: 	at com.google.common.w.a.az.execute(SourceFile:1)
10-20 12:37:09.364  2404  3494 E MendelPackageState: 	at com.google.android.gms.k.o.a(SourceFile:3)
10-20 12:37:09.364  2404  3494 E MendelPackageState: 	at com.google.android.gms.k.ad.b(SourceFile:5)
10-20 12:37:09.364  2404  3494 E MendelPackageState: 	at com.google.android.gms.k.aj.u(SourceFile:4)
10-20 12:37:09.364  2404  3494 E MendelPackageState: 	at com.google.android.gms.common.api.internal.dg.b(SourceFile:4)
10-20 12:37:09.364  2404  3494 E MendelPackageState: 	at com.google.android.gms.phenotype.r.a(SourceFile:1)
10-20 12:37:09.364  2404  3494 E MendelPackageState: 	at com.google.android.gms.phenotype.a.a.dispatchTransaction(SourceFile:31)
10-20 12:37:09.364  2404  3494 E MendelPackageState: 	at com.google.android.a.b.onTransact(SourceFile:2)
10-20 12:37:09.364  2404  3494 E MendelPackageState: 	at android.os.Binder.execTransactInternal(Binder.java:1184)
10-20 12:37:09.364  2404  3494 E MendelPackageState: 	at android.os.Binder.execTransact(Binder.java:1143)
10-20 12:37:09.364  2404  3494 E MendelPackageState: Caused by: com.google.android.gms.common.api.n: 29500: Empty (package not registered?) or malformed snapshot token:
10-20 12:37:09.364  2404  3494 E MendelPackageState: 	at com.google.android.gms.common.api.internal.dg.b(SourceFile:3)
10-20 12:37:09.364  2404  3494 E MendelPackageState: 	... 5 more
10-20 12:37:09.382   787   787 D InterruptionStateProvider: No bubble up: not allowed to bubble: 0|com.android.providers.downloads|0|1:com.android.vending|10062
10-20 12:37:09.382   787   787 D InterruptionStateProvider: No heads up: unimportant notification: 0|com.android.providers.downloads|0|1:com.android.vending|10062
10-20 12:37:09.387   344   344 W Zygote  : forkRepeatedly terminated due to non-simple command
10-20 12:37:09.387   344   344 D Zygote  : mbuffer starts with 1 , nice name is , mEnd = 35, mNext = 35, mLinesLeft = 0, mFd = 5
10-20 12:37:09.388  1171  5219 I ChromeSync: [Sync,SyncIntentOperation] Handling the intent: Intent { act=android.intent.action.BOOT_COMPLETED flg=0x89000010 pkg=com.google.android.gms cmp=com.google.android.gms/.chimera.GmsIntentOperationService (has extras) }.
10-20 12:37:09.395  1171  1171 D BoundBrokerSvc: onUnbind: Intent { act=com.google.android.gms.common.BIND_SHARED_PREFS pkg=com.google.android.gms }
10-20 12:37:09.413  3315  3315 I ViewInteraction: Checking 'MatchesViewAssertion{viewMatcher=an instance of android.widget.TextView and view.getText() with or without transformation to match: a string containing "Subtotal: $5.50"}' assertion on view view.getId() is <2131231217/com.example.lunchtray:id/subtotal>
10-20 12:37:09.414  2404  2404 D CompatibilityChangeReporter: Compat change id reported: 119147584; UID 10104; state: ENABLED
10-20 12:37:09.414  3315  3370 D EGL_emulation: app_time_stats: avg=17.68ms min=8.20ms max=87.90ms count=61
10-20 12:37:09.417   787   858 D PeopleSpaceWidgetMgr: Sbn doesn't contain valid PeopleTileKey: null/0/com.android.providers.downloads
10-20 12:37:09.417  3315  3315 I ViewInteraction: Performing 'single click' action on view view.getId() is <2131231175/com.example.lunchtray:id/skillet>
10-20 12:37:09.432  1171  1171 D BoundBrokerSvc: onBind: Intent { act=com.google.android.gms.common.BIND_SHARED_PREFS pkg=com.google.android.gms }
10-20 12:37:09.433  1171  1171 D BoundBrokerSvc: Loading bound service for intent: Intent { act=com.google.android.gms.common.BIND_SHARED_PREFS pkg=com.google.android.gms }
10-20 12:37:09.443  1171  1171 D BoundBrokerSvc: onUnbind: Intent { act=com.google.android.gms.common.BIND_SHARED_PREFS pkg=com.google.android.gms }
10-20 12:37:09.459  1171  5210 I Checkin : [EventLogChimeraService] Opted in for usage reporting: false
10-20 12:37:09.465  1171  5210 I Checkin : [EventLogChimeraService] Accumulating logs since 1697805395102
10-20 12:37:09.524  1171  5224 E JavaBinder: !!! FAILED BINDER TRANSACTION !!!  (parcel size = 1056768)
10-20 12:37:09.539   803  5361 I PermissionControllerServiceImpl: Updating user sensitive for user 0
10-20 12:37:09.541  1171  5224 I constellation: [intent_handler] Received onBootCompleted intent
10-20 12:37:09.544  1101  1101 D BoundBrokerSvc: onUnbind: Intent { act=com.google.android.gms.chimera.container.BIND_FIND_BUFFER_SIZE cmp=com.google.android.gms/.chimera.PersistentInternalBoundBrokerService }
10-20 12:37:09.555  1171  5224 I constellation: [reboot_checker] Reboot checker check status.
10-20 12:37:09.653  1171  1171 D BoundBrokerSvc: onBind: Intent { act=com.google.android.gms.common.BIND_SHARED_PREFS pkg=com.google.android.gms }
10-20 12:37:09.653  1171  1171 D BoundBrokerSvc: Loading bound service for intent: Intent { act=com.google.android.gms.common.BIND_SHARED_PREFS pkg=com.google.android.gms }
10-20 12:37:09.671  1171  5224 I constellation: [reboot_checker] Reboot Sync didn't run.
10-20 12:37:09.672  1171  5224 I constellation: [intent_handler] on init with intent Intent { act=android.intent.action.BOOT_COMPLETED flg=0x89000010 pkg=com.google.android.gms cmp=com.google.android.gms/.chimera.GmsIntentOperationService (has extras) }
10-20 12:37:09.676  1171  1171 D BoundBrokerSvc: onUnbind: Intent { act=com.google.android.gms.common.BIND_SHARED_PREFS pkg=com.google.android.gms }
10-20 12:37:09.686  1171  5222 W ChimeraUtils: Module com.google.android.gms.dck has empty metadata display_name_string_id
10-20 12:37:09.707  2404  2792 I Notifications: [ChimeExecutorApiImpl-Tiktok] Finished Broadcast execution [106932377].
10-20 12:37:09.729  3315  3315 I ViewInteraction: Checking 'MatchesViewAssertion{viewMatcher=an instance of android.widget.TextView and view.getText() with or without transformation to match: a string containing "Subtotal: $5.50"}' assertion on view view.getId() is <2131231217/com.example.lunchtray:id/subtotal>
10-20 12:37:09.730  3315  3354 I TestRunner: finished: radio_buttons_update_entree_menu_subtotal(com.example.lunchtray.OrderFunctionalityTests)
