10-20 12:36:39.549  3315  3315 V ActivityScenario: Activity lifecycle changed event received but ignored because the intent does not match. startActivityIntent=Intent { act=android.intent.action.MAIN cat=[android.intent.category.LAUNCHER] cmp=com.example.lunchtray/androidx.fragment.app.testing.FragmentScenario$EmptyFragmentActivity (has extras) }, activity.getIntent()=Intent { act=android.intent.action.MAIN cat=[android.intent.category.LAUNCHER] flg=0x10008000 cmp=com.example.lunchtray/androidx.test.core.app.InstrumentationActivityInvoker$BootstrapActivity (has extras) }, activity=androidx.test.core.app.InstrumentationActivityInvoker$BootstrapActivity@a1d3fab
10-20 12:36:39.549  3315  3315 V ActivityScenario: Activity lifecycle changed event received but ignored because the intent does not match. startActivityIntent=Intent { act=android.intent.action.MAIN cat=[android.intent.category.LAUNCHER] cmp=com.example.lunchtray/androidx.fragment.app.testing.FragmentScenario$EmptyFragmentActivity (has extras) }, activity.getIntent()=Intent { act=android.intent.action.MAIN cat=[android.intent.category.LAUNCHER] flg=0x10008000 cmp=com.example.lunchtray/androidx.test.core.app.InstrumentationActivityInvoker$BootstrapActivity (has extras) }, activity=androidx.test.core.app.InstrumentationActivityInvoker$BootstrapActivity@a1d3fab
10-20 12:36:39.549  3315  3315 V ActivityScenario: Activity lifecycle changed event received but ignored because the intent does not match. startActivityIntent=Intent { act=android.intent.action.MAIN cat=[android.intent.category.LAUNCHER] cmp=com.example.lunchtray/androidx.fragment.app.testing.FragmentScenario$EmptyFragmentActivity (has extras) }, activity.getIntent()=Intent { act=android.intent.action.MAIN cat=[android.intent.category.LAUNCHER] flg=0x10008000 cmp=com.example.lunchtray/androidx.test.core.app.InstrumentationActivityInvoker$BootstrapActivity (has extras) }, activity=androidx.test.core.app.InstrumentationActivityInvoker$BootstrapActivity@a1d3fab
10-20 12:36:39.549  3315  3315 V ActivityScenario: Activity lifecycle changed event received but ignored because the intent does not match. startActivityIntent=Intent { act=android.intent.action.MAIN cat=[android.intent.category.LAUNCHER] cmp=com.example.lunchtray/androidx.fragment.app.testing.FragmentScenario$EmptyFragmentActivity (has extras) }, activity.getIntent()=Intent { act=android.intent.action.MAIN cat=[android.intent.category.LAUNCHER] flg=0x10008000 cmp=com.example.lunchtray/androidx.test.core.app.InstrumentationActivityInvoker$BootstrapActivity (has extras) }, activity=androidx.test.core.app.InstrumentationActivityInvoker$BootstrapActivity@a1d3fab
10-20 12:36:39.549  3315  3315 V ActivityScenario: Activity lifecycle changed event received but ignored because the intent does not match. startActivityIntent=Intent { act=android.intent.action.MAIN cat=[android.intent.category.LAUNCHER] cmp=com.example.lunchtray/androidx.fragment.app.testing.FragmentScenario$EmptyFragmentActivity (has extras) }, activity.getIntent()=Intent { act=android.intent.action.MAIN cat=[android.intent.category.LAUNCHER] flg=0x10008000 cmp=com.example.lunchtray/androidx.test.core.app.InstrumentationActivityInvoker$BootstrapActivity (has extras) }, activity=androidx.test.core.app.InstrumentationActivityInvoker$BootstrapActivity@a1d3fab
10-20 12:36:39.549  3315  3315 V ActivityScenario: Activity lifecycle changed event received but ignored because the intent does not match. startActivityIntent=Intent { act=android.intent.action.MAIN cat=[android.intent.category.LAUNCHER] cmp=com.example.lunchtray/androidx.fragment.app.testing.FragmentScenario$EmptyFragmentActivity (has extras) }, activity.getIntent()=Intent { act=android.intent.action.MAIN cat=[android.intent.category.LAUNCHER] flg=0x10008000 cmp=com.example.lunchtray/androidx.test.core.app.InstrumentationActivityInvoker$BootstrapActivity (has extras) }, activity=androidx.test.core.app.InstrumentationActivityInvoker$BootstrapActivity@a1d3fab
10-20 12:36:39.550  3315  3315 V ActivityScenario: Activity lifecycle changed event received but ignored because the intent does not match. startActivityIntent=Intent { act=android.intent.action.MAIN cat=[android.intent.category.LAUNCHER] cmp=com.example.lunchtray/androidx.fragment.app.testing.FragmentScenario$EmptyFragmentActivity (has extras) }, activity.getIntent()=Intent { act=android.intent.action.MAIN cat=[android.intent.category.LAUNCHER] flg=0x10008000 cmp=com.example.lunchtray/androidx.test.core.app.InstrumentationActivityInvoker$BootstrapActivity (has extras) }, activity=androidx.test.core.app.InstrumentationActivityInvoker$BootstrapActivity@a1d3fab
10-20 12:36:39.551  3315  3315 V ActivityScenario: Activity lifecycle changed event received but ignored because the intent does not match. startActivityIntent=Intent { act=android.intent.action.MAIN cat=[android.intent.category.LAUNCHER] cmp=com.example.lunchtray/androidx.fragment.app.testing.FragmentScenario$EmptyFragmentActivity (has extras) }, activity.getIntent()=Intent { act=android.intent.action.MAIN cat=[android.intent.category.LAUNCHER] flg=0x10008000 cmp=com.example.lunchtray/androidx.test.core.app.InstrumentationActivityInvoker$BootstrapActivity (has extras) }, activity=androidx.test.core.app.InstrumentationActivityInvoker$BootstrapActivity@a1d3fab
10-20 12:36:39.551  3315  3315 V ActivityScenario: Activity lifecycle changed event received but ignored because the intent does not match. startActivityIntent=Intent { act=android.intent.action.MAIN cat=[android.intent.category.LAUNCHER] cmp=com.example.lunchtray/androidx.fragment.app.testing.FragmentScenario$EmptyFragmentActivity (has extras) }, activity.getIntent()=Intent { act=android.intent.action.MAIN cat=[android.intent.category.LAUNCHER] flg=0x10008000 cmp=com.example.lunchtray/androidx.test.core.app.InstrumentationActivityInvoker$BootstrapActivity (has extras) }, activity=androidx.test.core.app.InstrumentationActivityInvoker$BootstrapActivity@a1d3fab
10-20 12:36:39.556  3987  3987 I Traceur : Received BOOT_COMPLETE
10-20 12:36:39.562  2923  4002 I BugleRcsEngine: [82] alod.j: (Sim): Processing an intent
10-20 12:36:39.572  2923  3204 W Bugle   : BuglePhoneNumberUtils: canonicalizeMccMnc: invalid mccmnc. mcc: null, mnc: null
10-20 12:36:39.583  1279  1279 I SpBackgroundTask: SuperpacksBackgroundJobService.onStartJob():23 onStartJob: android.app.job.JobParameters@155e91a
10-20 12:36:39.590  2923  4018 I BugleRcsEngine: [83] aloh.c: SIM delay is not enabled
10-20 12:36:39.590  1279  1279 I SP      : ====> Starting job {W:b:u:l, bg}
10-20 12:36:39.598  4004  4004 D CompatibilityChangeReporter: Compat change id reported: 171979766; UID 10092; state: ENABLED
10-20 12:36:39.605  2923  4018 W BugleRcsEngine: [83] alod.a: (Sim): process intent: android.intent.action.SIM_STATE_CHANGED
10-20 12:36:39.605  2923  4002 I BugleRcsEngine: [82] alod.w: (Sim): SIM state LOADED
10-20 12:36:39.608   407   407 W SurfaceFlinger: couldn't log to binary event log: overflow.
10-20 12:36:39.608   407   407 W SurfaceFlinger: couldn't log to binary event log: overflow.
10-20 12:36:39.631  3962  4024 W droid.apps.doc: Accessing hidden field Ljava/util/Collections$SynchronizedCollection;->mutex:Ljava/lang/Object; (max-target-o, reflection, denied)
10-20 12:36:39.631  3962  4024 W droid.apps.doc: Accessing hidden method Ljava/util/Collections$SynchronizedSet;-><init>(Ljava/util/Set;Ljava/lang/Object;)V (max-target-o, reflection, denied)
10-20 12:36:39.631  3962  4024 W droid.apps.doc: Accessing hidden method Ljava/util/Collections$SynchronizedCollection;-><init>(Ljava/util/Collection;Ljava/lang/Object;)V (max-target-o, reflection, denied)
10-20 12:36:39.633  2404  2404 I BgTaskExecutorImpl: Starting EXCLUSIVE background task TNG_MINUS_ONE_SYNC.
10-20 12:36:39.645   344   344 D Zygote  : Forked child process 4026
10-20 12:36:39.647  4004  4004 D nativeloader: classloader namespace configured for unbundled product apk. library_path=/product/priv-app/SetupWizardPrebuilt/lib/x86_64:/product/priv-app/SetupWizardPrebuilt/SetupWizardPrebuilt.apk!/lib/x86_64:/product/lib64:/system/product/lib64
10-20 12:36:39.661  4026  4026 W t_app_installe: Unexpected CPU variant for X86 using defaults: x86_64
10-20 12:36:39.683  2923  2964 I Bugle   : BugleStartup: Initializing RCS availability...
10-20 12:36:39.684  1101  1230 I NetworkScheduler.Stats: Task com.google.android.gms/com.google.android.gms.icing.proxy.IcingInternalCorporaUpdateService started execution. cause:9 exec_start_elapsed_seconds: 67 [CONTEXT service_id=218 ]
10-20 12:36:39.685  4004  4004 V GraphicsEnvironment: ANGLE Developer option for 'com.google.android.setupwizard' set to: 'default'
10-20 12:36:39.685  4004  4004 V GraphicsEnvironment: Neither updatable production driver nor prerelease driver is supported.
10-20 12:36:39.686  4004  4004 D NetworkSecurityConfig: No Network Security Config specified, using platform default
10-20 12:36:39.686  4004  4004 D NetworkSecurityConfig: No Network Security Config specified, using platform default
10-20 12:36:39.688  2923  2964 I Bugle   : RcsAvailabilityUtilForProvisioningEngineV2: updateAvailabilityAsync, hint: NO_HINT
10-20 12:36:39.688  2923  2964 I BugleRcs: RcsAvailabilityUpdaterRemote: postUpdateRcsAvailability, hint: NO_HINT
10-20 12:36:39.688  2923  2964 I Bugle   : BugleStartup: Done with RCS availability.
10-20 12:36:39.688  2923  2964 I Bugle   : BugleStartup: Initializing RBM downloads...
10-20 12:36:39.688  2923  3204 I BugleRcs: RcsAvailabilityUpdaterRemote: updateRcsAvailability, hint: NO_HINT
10-20 12:36:39.690  2923  2964 I Bugle   : BugleDownloadManager: Marking BugleDownloadManager as initialized.
10-20 12:36:39.690  2923  2964 I Bugle   : BugleStartup: Done initializing RBM downloads.
10-20 12:36:39.691  2923  2964 I Bugle   : BugleStartup: Done initializing with enabled individual init failures.
10-20 12:36:39.696  2923  4002 I BugleRcsEngine: [82] alod.w: (Sim): SIM changed: true. current id: redacted-pii:sim_id[20-chars]; stored id: redacted-pii:sim_id[0-chars]; isFiDevice: false; subId: 1; slotIndex: 0
10-20 12:36:39.697  2923  2964 W BugleRcsEngine: [41] alsz.g: Carrier Services Apk was not found.
10-20 12:36:39.697  2923  2964 I BugleRcsEngine: [41] alsz.e: Cannot get service version because CS.apk was not found, not pre-loaded or disabled.
10-20 12:36:39.697  2923  2964 W BugleRcsEngine: [41] alsz.e: Service with meta data key: JibeServiceApiVersions is not compatible. Service Version 1 is not supported. Supported versions: []
10-20 12:36:39.697  2923  2964 I BugleRcsEngine: [41] alsz.c: Not using CS JibeService because it is not compatible with AM.
10-20 12:36:39.699  2923  3204 W BugleRcsEngine: [67] alsz.g: Carrier Services Apk was not found.
10-20 12:36:39.699  2923  3204 I BugleRcsEngine: [67] alsz.e: Cannot get service version because CS.apk was not found, not pre-loaded or disabled.
10-20 12:36:39.699  2923  3204 W BugleRcsEngine: [67] alsz.e: Service with meta data key: SignupServiceVersions is not compatible. Service Version 4 is not supported. Supported versions: []
10-20 12:36:39.701  2923  3204 W BugleRcsEngine: [67] alsz.g: Carrier Services Apk was not found.
10-20 12:36:39.701  2923  3204 I BugleRcsEngine: [67] alsz.e: Cannot get service version because CS.apk was not found, not pre-loaded or disabled.
10-20 12:36:39.701  2923  3204 W BugleRcsEngine: [67] alsz.e: Service with meta data key: JibeServiceApiVersions is not compatible. Service Version 1 is not supported. Supported versions: []
10-20 12:36:39.702  2923  3204 I BugleRcsEngine: [67] alsz.c: Not using CS JibeService because it is not compatible with AM.
10-20 12:36:39.702  2923  2923 I RcsClientLib: Connecting SignupService
10-20 12:36:39.702  2923  2923 W RcsClientLib: No CS.apk RCS service found. Is RCS running in Bugle?
10-20 12:36:39.704  2923  2923 W BugleRcsEngine: [2] alsz.g: Carrier Services Apk was not found.
10-20 12:36:39.705  2923  2923 I BugleRcsEngine: [2] alsz.e: Cannot get service version because CS.apk was not found, not pre-loaded or disabled.
10-20 12:36:39.705  2923  2923 W BugleRcsEngine: [2] alsz.e: Service with meta data key: JibeServiceApiVersions is not compatible. Service Version 1 is not supported. Supported versions: []
10-20 12:36:39.705  2923  2923 I BugleRcsEngine: [2] alsz.c: Not using CS JibeService because it is not compatible with AM.
10-20 12:36:39.705  2923  2923 I RcsClientLib: shouldUseCarrierServicesJibeService: false, CarrierServices rcs service found: false
10-20 12:36:39.717  3962  3986 W ProtoDataStoreFlagStore: Unable to retrieve flag snapshot for com.google.apps.drive.android#com.google.android.apps.docs, using defaults.
10-20 12:36:39.722  1701  4037 D DownloadManager: [1] Starting
10-20 12:36:39.734  2404  2674 I TngMinusOneSync: Syncing TNG:-1
10-20 12:36:39.743  3209  3209 I BugleRcsEngine: [2] akbw.l: Reinitialize CSLib Flags: com.google.android.ims.library
10-20 12:36:39.747  3209  4038 I BugleRcsEngine: [92] ajsa.a: Creating JibeServiceComponent
10-20 12:36:39.752  4026  4026 E t_app_installe: Not starting debugger since process cannot load the jdwp agent.
10-20 12:36:39.754   787   858 D PeopleSpaceWidgetMgr: Sbn doesn't contain valid PeopleTileKey: null/0/android
10-20 12:36:39.758  4004  4004 D PrimesApiImpl: Primes instant initialization
10-20 12:36:39.760   530  1717 W InputManager-JNI: Input channel object 'd144087 Splash Screen com.example.lunchtray (client)' was disposed without first being removed with the input manager!
10-20 12:36:39.763  2923  2964 I BugleJobs: Scheduling IcingRecurringWorker. [CONTEXT class_name="IcingMonitoringUtils" ]
10-20 12:36:39.776   787   848 D EGL_emulation: app_time_stats: avg=288.77ms min=198.63ms max=341.41ms count=4
10-20 12:36:39.778  3209  4038 I BugleRcsEngine: [92] alod.j: (Sim): Processing an intent
10-20 12:36:39.778  3209  4038 I BugleRcsEngine: [92] alod.w: (Sim): Ignoring duplicate SIM state: LOADED
10-20 12:36:39.778  3209  4038 I BugleRcsEngine: [92] ajre.b: Initializing Carrier Services Logging.
10-20 12:36:39.778  3209  4038 D BugleRcsEngine: log_saver already enabled
10-20 12:36:39.782  3209  4038 I BugleRcsEngine: [92] RcsEngineProxyImpl.initializeRcsEngine: RcsEngineProxy: Initializing RCS Engine.
10-20 12:36:39.786  4026  4026 D CompatibilityChangeReporter: Compat change id reported: 171979766; UID 10103; state: DISABLED
10-20 12:36:39.795  4004  4004 I SetupWizard: [cgy] Start loading FRP status
10-20 12:36:39.797  4026  4026 D nativeloader: classloader namespace configured for unbundled product apk. library_path=/product/priv-app/Phonesky/lib/x86_64:/product/priv-app/Phonesky/Phonesky.apk!/lib/x86_64:/product/lib64:/system/product/lib64
10-20 12:36:39.799  4026  4026 V GraphicsEnvironment: ANGLE Developer option for 'com.android.vending' set to: 'default'
10-20 12:36:39.800  4026  4026 V GraphicsEnvironment: Neither updatable production driver nor prerelease driver is supported.
10-20 12:36:39.800  4026  4026 D NetworkSecurityConfig: No Network Security Config specified, using platform default
10-20 12:36:39.800  4026  4026 D NetworkSecurityConfig: No Network Security Config specified, using platform default
10-20 12:36:39.812  4026  4026 I Finsky:instant_app_inst: [2] fva.ay(5): Process created at version: 25.9.49-21 [0] [PR] 386309911
10-20 12:36:39.814  3315  3354 I TestRunner: finished: navigate_to_accompaniment_menu_from_side_menu(com.example.lunchtray.NavigationTests)
