10-20 12:36:41.990  3315  3315 V ActivityScenario: Update currentActivityStage to RESUMED, currentActivity=androidx.fragment.app.testing.FragmentScenario$EmptyFragmentActivity@33fe875
10-20 12:36:41.990  3315  3315 V ActivityScenario: Update currentActivityStage to RESUMED, currentActivity=androidx.fragment.app.testing.FragmentScenario$EmptyFragmentActivity@33fe875
10-20 12:36:41.990  3315  3315 V ActivityScenario: Update currentActivityStage to RESUMED, currentActivity=androidx.fragment.app.testing.FragmentScenario$EmptyFragmentActivity@33fe875
10-20 12:36:41.990  3315  3315 V ActivityScenario: Update currentActivityStage to RESUMED, currentActivity=androidx.fragment.app.testing.FragmentScenario$EmptyFragmentActivity@33fe875
10-20 12:36:41.990  3315  3315 V ActivityScenario: Update currentActivityStage to RESUMED, currentActivity=androidx.fragment.app.testing.FragmentScenario$EmptyFragmentActivity@33fe875
10-20 12:36:41.990  3315  3315 V ActivityScenario: Update currentActivityStage to RESUMED, currentActivity=androidx.fragment.app.testing.FragmentScenario$EmptyFragmentActivity@33fe875
10-20 12:36:41.998  4250  4250 E android.camera: Not starting debugger since process cannot load the jdwp agent.
10-20 12:36:42.003  2923  4018 W Bugle   : BuglePhoneNumberUtils: canonicalizeMccMnc: invalid mccmnc. mcc: null, mnc: null
10-20 12:36:42.013   985   985 I Telephony: TelecomAccountRegistry: onSubscriptionsChanged - update accounts
10-20 12:36:42.013   985   985 I Telephony: PstnIncomingCallNotifier: Unregistering: Handler (com.android.internal.telephony.GsmCdmaPhone) {f8cb70e}
10-20 12:36:42.013   985   985 D Telephony: Unregistering: Handler (com.android.internal.telephony.GsmCdmaPhone) {f8cb70e}
10-20 12:36:42.020   362   374 D goldfish-address-space: claimShared: Ask to claim region [0x3f9421000 0x3f9c0a000]
10-20 12:36:42.027   362   374 D goldfish-address-space: claimShared: Ask to claim region [0x3fd7bb000 0x3fdfa4000]
10-20 12:36:42.029   362   374 D goldfish-address-space: claimShared: Ask to claim region [0x3fdfa4000 0x3fe78d000]
10-20 12:36:42.032   773   773 V MediaPlayerList: mPackageChangedBroadcastReceiver: action: android.intent.action.PACKAGE_CHANGED
10-20 12:36:42.032   773   773 D MediaPlayerList: Name of package changed: com.google.android.youtube
10-20 12:36:42.040   773   773 V MediaPlayerList: mPackageChangedBroadcastReceiver: action: android.intent.action.PACKAGE_CHANGED
10-20 12:36:42.040   773   773 D MediaPlayerList: Name of package changed: com.google.android.googlequicksearchbox
10-20 12:36:42.074   530   566 I ActivityTaskManager: Displayed com.example.lunchtray/androidx.fragment.app.testing.FragmentScenario$EmptyFragmentActivity: +230ms
10-20 12:36:42.075  3934  4269 I ProvidersCache: Provider returned no roots. Possibly naughty: com.google.android.apps.docs.storage
10-20 12:36:42.094  1279  1279 I GoogleInputMethodService: GoogleInputMethodService.onFinishInput():3420
10-20 12:36:42.094  1279  1279 I GoogleInputMethodService: GoogleInputMethodService.onStartInput():2002
10-20 12:36:42.095  1279  1279 I DeviceUnlockedTag: DeviceUnlockedTag.notifyDeviceLockStatusChanged():31 Notify device unlocked.
10-20 12:36:42.100   985   985 I ImsCallbackAM [0]: Local callback removed: android.telephony.ims.ImsMmTelManager$CapabilityCallback$CapabilityBinder@421555a
10-20 12:36:42.107   773   773 V MediaPlayerList: mPackageChangedBroadcastReceiver: action: android.intent.action.PACKAGE_CHANGED
10-20 12:36:42.107   773   773 D MediaPlayerList: Name of package changed: com.google.android.apps.messaging
10-20 12:36:42.125  3315  3315 I ViewInteraction: Performing 'single click' action on view view.getId() is <2131231081/com.example.lunchtray:id/next_button>
10-20 12:36:42.129   773   773 V MediaPlayerList: mPackageChangedBroadcastReceiver: action: android.intent.action.PACKAGE_CHANGED
10-20 12:36:42.129   773   773 D MediaPlayerList: Name of package changed: com.android.vending
10-20 12:36:42.132  3934  4274 I ProvidersCache: Provider returned no roots. Possibly naughty: com.google.android.apps.docs.storage
10-20 12:36:42.141  2923  3027 I BugleJobs: Change in transaction is observed. Queues work item. [CONTEXT operation="UPDATE" table_type=3 item_id="1" ]
10-20 12:36:42.143  2923  3027 I BugleSearch: Queues icing index update work item. [CONTEXT class_name="IcingIndexUpdateHandlerScheduler" ]
10-20 12:36:42.149   773   773 V MediaPlayerList: mPackageChangedBroadcastReceiver: action: android.intent.action.PACKAGE_CHANGED
10-20 12:36:42.149   773   773 D MediaPlayerList: Name of package changed: com.google.android.setupwizard
10-20 12:36:42.154   985   985 I ImsCallbackAM [0]: Local callback removed: android.telephony.ims.RegistrationManager$RegistrationCallback$RegistrationBinder@7cef38b
10-20 12:36:42.154   985   985 I Telephony: TelecomAccountRegistry: setupAccounts: Found 1 phones.  Attempting to register.
10-20 12:36:42.155   985   985 I Telephony: TelecomAccountRegistry: setupAccounts: Phone with subscription id 1
10-20 12:36:42.161   985   985 D Telephony: isEmergencyPreferredAccount: subId=1, activeData=1
10-20 12:36:42.161   985   985 D Telephony: isEmergencyPreferredAccount: Device does not require preference.
10-20 12:36:42.173   530   636 I InputReader: Reconfiguring input devices, changes=KEYBOARD_LAYOUTS |
10-20 12:36:42.178   985   985 I Telephony: isRttCurrentlySupported -- regular acct, hasVoiceAvailability: false
10-20 12:36:42.178   985   985 I Telephony:  isRttSupported: false
10-20 12:36:42.178   985   985 I Telephony:  alwaysAllowWhileRoaming: false
10-20 12:36:42.178   985   985 I Telephony:  isRoaming: false
10-20 12:36:42.178   985   985 I Telephony:  isOnWfc: false
10-20 12:36:42.185   530   636 I InputReader: Reconfiguring input devices, changes=KEYBOARD_LAYOUTS |
10-20 12:36:42.188   773   773 V MediaPlayerList: mPackageChangedBroadcastReceiver: action: android.intent.action.PACKAGE_CHANGED
10-20 12:36:42.188   773   773 D MediaPlayerList: Name of package changed: com.google.android.apps.docs
10-20 12:36:42.198   803   963 W Role    : Cannot get ApplicationInfo for default holder: com.google.android.as
10-20 12:36:42.202  3934  4280 I ProvidersCache: Provider returned no roots. Possibly naughty: com.google.android.apps.docs.storage
10-20 12:36:42.202  4250  4250 D CompatibilityChangeReporter: Compat change id reported: 171979766; UID 10108; state: ENABLED
10-20 12:36:42.225  4250  4250 D nativeloader: classloader namespace configured for unbundled product apk. library_path=/product/app/Camera2/lib/x86_64:/product/app/Camera2/Camera2.apk!/lib/x86_64:/product/lib64:/system/product/lib64
10-20 12:36:42.246  4250  4250 V GraphicsEnvironment: ANGLE Developer option for 'com.android.camera2' set to: 'default'
10-20 12:36:42.246  4250  4250 V GraphicsEnvironment: Neither updatable production driver nor prerelease driver is supported.
10-20 12:36:42.250  2327  2327 V ServiceBinding: notify unbound atve{code=CANCELLED, description=null, cause=null}
10-20 12:36:42.250  2327  2327 V ServiceBinding: com.google.common.flogger.LogSiteStackTrace: MEDIUM
10-20 12:36:42.250  2327  2327 V ServiceBinding: 	at aowk.b(PG:1)
10-20 12:36:42.250  2327  2327 V ServiceBinding: 	at aowj.run(PG:2)
10-20 12:36:42.250  2327  2327 V ServiceBinding: 	at android.os.Handler.handleCallback(Handler.java:938)
10-20 12:36:42.250  2327  2327 V ServiceBinding: 	at android.os.Handler.dispatchMessage(Handler.java:99)
10-20 12:36:42.250  2327  2327 V ServiceBinding: 	at android.os.Looper.loopOnce(Looper.java:201)
10-20 12:36:42.250  2327  2327 V ServiceBinding: 	at android.os.Looper.loop(Looper.java:288)
10-20 12:36:42.250  2327  2327 V ServiceBinding: 	at android.app.ActivityThread.main(ActivityThread.java:7839)
10-20 12:36:42.250  2327  2327 V ServiceBinding: 	at java.lang.reflect.Method.invoke(Native Method)
10-20 12:36:42.250  2327  2327 V ServiceBinding: 	at com.android.internal.os.RuntimeInit$MethodAndArgsCaller.run(RuntimeInit.java:548)
10-20 12:36:42.250  2327  2327 V ServiceBinding: 	at com.android.internal.os.ZygoteInit.main(ZygoteInit.java:1003)
10-20 12:36:42.250  2327  2327 V ServiceBinding: notify unbound - notifying
10-20 12:36:42.251  2327  2355 I android.vendin: oneway function results for code 2 on binder at 0x703a47929520 will be dropped but finished with status UNKNOWN_TRANSACTION
10-20 12:36:42.254  1279  1279 I SpBackgroundTask: SuperpacksBackgroundJobService.onStartJob():23 onStartJob: android.app.job.JobParameters@71c40a5
10-20 12:36:42.255  1279  1279 I SP      : ====> Starting job {m:b:u:l, bg}
10-20 12:36:42.256  4250  4250 D NetworkSecurityConfig: No Network Security Config specified, using platform default
10-20 12:36:42.257  4250  4250 D NetworkSecurityConfig: No Network Security Config specified, using platform default
10-20 12:36:42.262   773   773 V MediaPlayerList: mPackageChangedBroadcastReceiver: action: android.intent.action.PACKAGE_CHANGED
10-20 12:36:42.262   773   773 D MediaPlayerList: Name of package changed: com.google.android.apps.maps
10-20 12:36:42.264   530   636 I InputReader: Reconfiguring input devices, changes=KEYBOARD_LAYOUTS |
10-20 12:36:42.265   530   636 I InputReader: Reconfiguring input devices, changes=KEYBOARD_LAYOUTS |
10-20 12:36:42.267   530   636 I InputReader: Reconfiguring input devices, changes=KEYBOARD_LAYOUTS |
10-20 12:36:42.271  4250  4250 W CAM_Log : Tag SetActivitiesCameraReceiver is 8 chars longer than limit.
10-20 12:36:42.271   530   636 I InputReader: Reconfiguring input devices, changes=KEYBOARD_LAYOUTS |
10-20 12:36:42.272   461   461 W ServiceManager: Permission failure: android.permission.SYSTEM_CAMERA from uid=10108 pid=4250
10-20 12:36:42.272  4250  4250 I CAM_SetActivitiesCamera: number of camera: 2
10-20 12:36:42.272  4250  4250 I CAM_SetActivitiesCamera: component state is 1
10-20 12:36:42.274  4004  4004 I SetupWizard: [PreDeferredLifecycleCallback] Predeferred Setup is available
10-20 12:36:42.277   530   630 I RoleService: Granting default roles...
10-20 12:36:42.280  3315  3315 D LifecycleMonitor: Lifecycle status change: androidx.test.core.app.InstrumentationActivityInvoker$BootstrapActivity@198c614 in: STOPPED
10-20 12:36:42.280  3315  3315 V ActivityScenario: Activity lifecycle changed event received but ignored because the intent does not match. startActivityIntent=Intent { act=android.intent.action.MAIN cat=[android.intent.category.LAUNCHER] cmp=com.example.lunchtray/androidx.fragment.app.testing.FragmentScenario$EmptyFragmentActivity (has extras) }, activity.getIntent()=Intent { act=android.intent.action.MAIN cat=[android.intent.category.LAUNCHER] flg=0x10008000 cmp=com.example.lunchtray/androidx.test.core.app.InstrumentationActivityInvoker$BootstrapActivity (has extras) }, activity=androidx.test.core.app.InstrumentationActivityInvoker$BootstrapActivity@198c614
10-20 12:36:42.280  3315  3315 V ActivityScenario: Activity lifecycle changed event received but ignored because the intent does not match. startActivityIntent=Intent { act=android.intent.action.MAIN cat=[android.intent.category.LAUNCHER] cmp=com.example.lunchtray/androidx.fragment.app.testing.FragmentScenario$EmptyFragmentActivity (has extras) }, activity.getIntent()=Intent { act=android.intent.action.MAIN cat=[android.intent.category.LAUNCHER] flg=0x10008000 cmp=com.example.lunchtray/androidx.test.core.app.InstrumentationActivityInvoker$BootstrapActivity (has extras) }, activity=androidx.test.core.app.InstrumentationActivityInvoker$BootstrapActivity@198c614
10-20 12:36:42.281  3315  3315 V ActivityScenario: Activity lifecycle changed event received but ignored because the intent does not match. startActivityIntent=Intent { act=android.intent.action.MAIN cat=[android.intent.category.LAUNCHER] cmp=com.example.lunchtray/androidx.fragment.app.testing.FragmentScenario$EmptyFragmentActivity (has extras) }, activity.getIntent()=Intent { act=android.intent.action.MAIN cat=[android.intent.category.LAUNCHER] flg=0x10008000 cmp=com.example.lunchtray/androidx.test.core.app.InstrumentationActivityInvoker$BootstrapActivity (has extras) }, activity=androidx.test.core.app.InstrumentationActivityInvoker$BootstrapActivity@198c614
10-20 12:36:42.282  3315  3315 V ActivityScenario: Activity lifecycle changed event received but ignored because the intent does not match. startActivityIntent=Intent { act=android.intent.action.MAIN cat=[android.intent.category.LAUNCHER] cmp=com.example.lunchtray/androidx.fragment.app.testing.FragmentScenario$EmptyFragmentActivity (has extras) }, activity.getIntent()=Intent { act=android.intent.action.MAIN cat=[android.intent.category.LAUNCHER] flg=0x10008000 cmp=com.example.lunchtray/androidx.test.core.app.InstrumentationActivityInvoker$BootstrapActivity (has extras) }, activity=androidx.test.core.app.InstrumentationActivityInvoker$BootstrapActivity@198c614
10-20 12:36:42.283  3315  3315 V ActivityScenario: Activity lifecycle changed event received but ignored because the intent does not match. startActivityIntent=Intent { act=android.intent.action.MAIN cat=[android.intent.category.LAUNCHER] cmp=com.example.lunchtray/androidx.fragment.app.testing.FragmentScenario$EmptyFragmentActivity (has extras) }, activity.getIntent()=Intent { act=android.intent.action.MAIN cat=[android.intent.category.LAUNCHER] flg=0x10008000 cmp=com.example.lunchtray/androidx.test.core.app.InstrumentationActivityInvoker$BootstrapActivity (has extras) }, activity=androidx.test.core.app.InstrumentationActivityInvoker$BootstrapActivity@198c614
10-20 12:36:42.283  3315  3315 V ActivityScenario: Activity lifecycle changed event received but ignored because the intent does not match. startActivityIntent=Intent { act=android.intent.action.MAIN cat=[android.intent.category.LAUNCHER] cmp=com.example.lunchtray/androidx.fragment.app.testing.FragmentScenario$EmptyFragmentActivity (has extras) }, activity.getIntent()=Intent { act=android.intent.action.MAIN cat=[android.intent.category.LAUNCHER] flg=0x10008000 cmp=com.example.lunchtray/androidx.test.core.app.InstrumentationActivityInvoker$BootstrapActivity (has extras) }, activity=androidx.test.core.app.InstrumentationActivityInvoker$BootstrapActivity@198c614
10-20 12:36:42.283  3315  3315 V ActivityScenario: Activity lifecycle changed event received but ignored because the intent does not match. startActivityIntent=Intent { act=android.intent.action.MAIN cat=[android.intent.category.LAUNCHER] cmp=com.example.lunchtray/androidx.fragment.app.testing.FragmentScenario$EmptyFragmentActivity (has extras) }, activity.getIntent()=Intent { act=android.intent.action.MAIN cat=[android.intent.category.LAUNCHER] flg=0x10008000 cmp=com.example.lunchtray/androidx.test.core.app.InstrumentationActivityInvoker$BootstrapActivity (has extras) }, activity=androidx.test.core.app.InstrumentationActivityInvoker$BootstrapActivity@198c614
10-20 12:36:42.283  3315  3315 V ActivityScenario: Activity lifecycle changed event received but ignored because the intent does not match. startActivityIntent=Intent { act=android.intent.action.MAIN cat=[android.intent.category.LAUNCHER] cmp=com.example.lunchtray/androidx.fragment.app.testing.FragmentScenario$EmptyFragmentActivity (has extras) }, activity.getIntent()=Intent { act=android.intent.action.MAIN cat=[android.intent.category.LAUNCHER] flg=0x10008000 cmp=com.example.lunchtray/androidx.test.core.app.InstrumentationActivityInvoker$BootstrapActivity (has extras) }, activity=androidx.test.core.app.InstrumentationActivityInvoker$BootstrapActivity@198c614
10-20 12:36:42.283  3315  3315 V ActivityScenario: Activity lifecycle changed event received but ignored because the intent does not match. startActivityIntent=Intent { act=android.intent.action.MAIN cat=[android.intent.category.LAUNCHER] cmp=com.example.lunchtray/androidx.fragment.app.testing.FragmentScenario$EmptyFragmentActivity (has extras) }, activity.getIntent()=Intent { act=android.intent.action.MAIN cat=[android.intent.category.LAUNCHER] flg=0x10008000 cmp=com.example.lunchtray/androidx.test.core.app.InstrumentationActivityInvoker$BootstrapActivity (has extras) }, activity=androidx.test.core.app.InstrumentationActivityInvoker$BootstrapActivity@198c614
10-20 12:36:42.283  3315  3315 V ActivityScenario: Activity lifecycle changed event received but ignored because the intent does not match. startActivityIntent=Intent { act=android.intent.action.MAIN cat=[android.intent.category.LAUNCHER] cmp=com.example.lunchtray/androidx.fragment.app.testing.FragmentScenario$EmptyFragmentActivity (has extras) }, activity.getIntent()=Intent { act=android.intent.action.MAIN cat=[android.intent.category.LAUNCHER] flg=0x10008000 cmp=com.example.lunchtray/androidx.test.core.app.InstrumentationActivityInvoker$BootstrapActivity (has extras) }, activity=androidx.test.core.app.InstrumentationActivityInvoker$BootstrapActivity@198c614
10-20 12:36:42.283  3315  3315 V ActivityScenario: Activity lifecycle changed event received but ignored because the intent does not match. startActivityIntent=Intent { act=android.intent.action.MAIN cat=[android.intent.category.LAUNCHER] cmp=com.example.lunchtray/androidx.fragment.app.testing.FragmentScenario$EmptyFragmentActivity (has extras) }, activity.getIntent()=Intent { act=android.intent.action.MAIN cat=[android.intent.category.LAUNCHER] flg=0x10008000 cmp=com.example.lunchtray/androidx.test.core.app.InstrumentationActivityInvoker$BootstrapActivity (has extras) }, activity=androidx.test.core.app.InstrumentationActivityInvoker$BootstrapActivity@198c614
10-20 12:36:42.289   530   540 I system_server: Background young concurrent copying GC freed 328381(14MB) AllocSpace objects, 20(1468KB) LOS objects, 36% free, 21MB/34MB, paused 351us,102us total 252.703ms
10-20 12:36:42.297   530   542 W System  : A resource failed to call release.
10-20 12:36:42.299   530   542 W System  : A resource failed to call close.
10-20 12:36:42.311   530   542 W System  : A resource failed to call release.
10-20 12:36:42.312   530   542 W System  : A resource failed to call close.
10-20 12:36:42.312   530   542 W System  : A resource failed to call release.
10-20 12:36:42.324   407   407 W SurfaceFlinger: couldn't log to binary event log: overflow.
10-20 12:36:42.328   530   636 I InputReader: Reconfiguring input devices, changes=KEYBOARD_LAYOUTS |
10-20 12:36:42.328   773   773 V MediaPlayerList: mPackageChangedBroadcastReceiver: action: android.intent.action.PACKAGE_CHANGED
10-20 12:36:42.328   773   773 D MediaPlayerList: Name of package changed: com.google.android.gms
10-20 12:36:42.333   344   344 D Zygote  : Forked child process 4299
10-20 12:36:42.336  3934  4292 I ProvidersCache: Provider returned no roots. Possibly naughty: com.google.android.apps.docs.storage
10-20 12:36:42.345   985   985 I Telephony: AccountEntry: Registered phoneAccount: [[ ] PhoneAccount: ComponentInfo{com.android.phone/com.android.services.telephony.TelephonyConnectionService}, ***, UserHandle{0} Capabilities: CallProvider MultiUser PlaceEmerg SimSub  Audio Routes: BESW Schemes: tel voicemail  Extras: Bundle[{android.telecom.extra.SUPPORTS_VIDEO_CALLING_FALLBACK=true}] GroupId: ***] with handle: ComponentInfo{com.android.phone/com.android.services.telephony.TelephonyConnectionService}, ***, UserHandle{0}
10-20 12:36:42.345   985   985 I Telephony: PstnIncomingCallNotifier: Registering: Handler (com.android.internal.telephony.GsmCdmaPhone) {f8cb70e}
10-20 12:36:42.345   985   985 D Telephony: Registering: Handler (com.android.internal.telephony.GsmCdmaPhone) {f8cb70e}
10-20 12:36:42.345   530   542 W System  : A resource failed to call release.
10-20 12:36:42.347   530   636 I InputReader: Reconfiguring input devices, changes=KEYBOARD_LAYOUTS |
10-20 12:36:42.348   773   773 V MediaPlayerList: mPackageChangedBroadcastReceiver: action: android.intent.action.PACKAGE_CHANGED
10-20 12:36:42.348   773   773 D MediaPlayerList: Name of package changed: com.google.android.gsf
10-20 12:36:42.349  4299  4299 W ndroid.contact: Unexpected CPU variant for X86 using defaults: x86_64
10-20 12:36:42.351  1171  1186 W PeopleGalProvider: Not enabled to outside of GmsCore.
10-20 12:36:42.352  1171  1186 I PeopleGalProvider: Method 0 completed.
10-20 12:36:42.353   530   576 E system_server: No package ID 7f found for ID 0x7f080441.
10-20 12:36:42.353  1855  2600 I ContactDirectoryManager: Directory provider com.google.android.gms(com.google.android.gms.people.gal.provider) returned a NULL cursor.
10-20 12:36:42.353   530   576 E system_server: No package ID 7f found for ID 0x7f130853.
10-20 12:36:42.353   530   576 E system_server: No package ID 7f found for ID 0x7f080443.
10-20 12:36:42.353   530   576 E system_server: No package ID 7f found for ID 0x7f13090d.
10-20 12:36:42.353   530   576 E system_server: No package ID 7f found for ID 0x7f08043f.
10-20 12:36:42.353   530   576 E system_server: No package ID 7f found for ID 0x7f13030b.
10-20 12:36:42.364   803   823 I PermissionControllerServiceImpl: Updating user sensitive for uid 10120
10-20 12:36:42.367   530  3560 W InputManager-JNI: Input channel object '1a98658 Splash Screen com.example.lunchtray (client)' was disposed without first being removed with the input manager!
10-20 12:36:42.370   803   823 I PermissionControllerServiceImpl: Updating user sensitive for uid 10104
10-20 12:36:42.374   407   407 W SurfaceFlinger: couldn't log to binary event log: overflow.
10-20 12:36:42.376   803   823 I PermissionControllerServiceImpl: Updating user sensitive for uid 10098
10-20 12:36:42.383   530   636 I InputReader: Reconfiguring input devices, changes=KEYBOARD_LAYOUTS |
10-20 12:36:42.383   773   773 V MediaPlayerList: mPackageChangedBroadcastReceiver: action: android.intent.action.PACKAGE_CHANGED
10-20 12:36:42.383   773   773 D MediaPlayerList: Name of package changed: com.google.android.partnersetup
10-20 12:36:42.385  3934  4303 I ProvidersCache: Provider returned no roots. Possibly naughty: com.google.android.apps.docs.storage
10-20 12:36:42.389   803   823 I PermissionControllerServiceImpl: Updating user sensitive for uid 10103
10-20 12:36:42.397   985   985 W Telephony: registerMmTelCapabilityCallback: registration failed, no ImsService available. Exception: CapabilityCallbackManager - MmTelFeature binder is dead. (code: 1)
10-20 12:36:42.398  4299  4299 E ndroid.contact: Not starting debugger since process cannot load the jdwp agent.
10-20 12:36:42.400   803   823 I PermissionControllerServiceImpl: Updating user sensitive for uid 10092
10-20 12:36:42.402   530   636 I InputReader: Reconfiguring input devices, changes=KEYBOARD_LAYOUTS |
10-20 12:36:42.403   773   773 V MediaPlayerList: mPackageChangedBroadcastReceiver: action: android.intent.action.PACKAGE_CHANGED
10-20 12:36:42.403   773   773 D MediaPlayerList: Name of package changed: com.google.android.calendar
10-20 12:36:42.413  3315  3354 I TestRunner: finished: navigate_to_side_menu_from_entree_menu(com.example.lunchtray.NavigationTests)
