10-20 12:36:54.737  1468  1632 W MediaProvider: 	at android.os.Handler.handleCallback(Handler.java:938)
10-20 12:36:54.737  1468  1632 W MediaProvider: 	at android.os.Handler.dispatchMessage(Handler.java:99)
10-20 12:36:54.737  1468  1632 W MediaProvider: 	at android.os.Looper.loopOnce(Looper.java:201)
10-20 12:36:54.737  1468  1632 W MediaProvider: 	at android.os.Looper.loop(Looper.java:288)
10-20 12:36:54.737  1468  1632 W MediaProvider: 	at android.os.HandlerThread.run(HandlerThread.java:67)
10-20 12:36:54.738  4941  4941 D nativeloader: classloader namespace configured for unbundled product apk. library_path=/product/app/CalendarGooglePrebuilt/lib/x86_64:/product/lib64:/system/product/lib64
10-20 12:36:54.743  1468  1632 E StorageManager: Failed to set extended attributes for /storage/emulated/0/Android/media to set project id.: Permission denied
10-20 12:36:54.744  1468  1632 W MediaProvider: Failed to update quota type for /storage/emulated/0/Android/media
10-20 12:36:54.744  1468  1632 W MediaProvider: java.io.IOException: Failed to update quota type for /storage/emulated/0/Android/media
10-20 12:36:54.744  1468  1632 W MediaProvider: 	at android.os.storage.StorageManager.updateExternalStorageFileQuotaType(StorageManager.java:2596)
10-20 12:36:54.744  1468  1632 W MediaProvider: 	at com.android.providers.media.MediaProvider.updateQuotaTypeForFileInternal(MediaProvider.java:641)
10-20 12:36:54.744  1468  1632 W MediaProvider: 	at com.android.providers.media.MediaProvider.updateQuotaTypeForUri(MediaProvider.java:615)
10-20 12:36:54.744  1468  1632 W MediaProvider: 	at com.android.providers.media.MediaProvider.access$1000(MediaProvider.java:254)
10-20 12:36:54.744  1468  1632 W MediaProvider: 	at com.android.providers.media.MediaProvider$3.lambda$onInsert$0(MediaProvider.java:667)
10-20 12:36:54.744  1468  1632 W MediaProvider: 	at com.android.providers.media.MediaProvider$3.$r8$lambda$tVGVTcDpunhoNiUjwQEahD_I1Jc(Unknown Source:0)
10-20 12:36:54.744  1468  1632 W MediaProvider: 	at com.android.providers.media.MediaProvider$3$$ExternalSyntheticLambda2.run(Unknown Source:10)
10-20 12:36:54.744  1468  1632 W MediaProvider: 	at android.os.Handler.handleCallback(Handler.java:938)
10-20 12:36:54.744  1468  1632 W MediaProvider: 	at android.os.Handler.dispatchMessage(Handler.java:99)
10-20 12:36:54.744  1468  1632 W MediaProvider: 	at android.os.Looper.loopOnce(Looper.java:201)
10-20 12:36:54.744  1468  1632 W MediaProvider: 	at android.os.Looper.loop(Looper.java:288)
10-20 12:36:54.744  1468  1632 W MediaProvider: 	at android.os.HandlerThread.run(HandlerThread.java:67)
10-20 12:36:54.748  4941  4941 V GraphicsEnvironment: ANGLE Developer option for 'com.google.android.calendar' set to: 'default'
10-20 12:36:54.748  4941  4941 V GraphicsEnvironment: Neither updatable production driver nor prerelease driver is supported.
10-20 12:36:54.756  4941  4941 D NetworkSecurityConfig: No Network Security Config specified, using platform default
10-20 12:36:54.760  4941  4941 D NetworkSecurityConfig: No Network Security Config specified, using platform default
10-20 12:36:54.769  1101  3825 I NetworkScheduler.Stats: Task com.google.android.gms/com.google.android.gms.ipa.base.IpaGcmTaskService started execution. cause:9 exec_start_elapsed_seconds: 82 [CONTEXT service_id=218 ]
10-20 12:36:54.784   344   344 I Zygote  : Process 4378 exited due to signal 9 (Killed)
10-20 12:36:54.793  1468  4025 W MediaProvider: isAppCloneUserPair for user 0: false
10-20 12:36:54.794  1468  4025 W MediaProvider: isAppCloneUserPair for user 0: false
10-20 12:36:54.796   530   579 I libprocessgroup: Successfully killed process cgroup uid 1000 pid 4378 in 49ms
10-20 12:36:54.804   787   848 D EGL_emulation: app_time_stats: avg=52.84ms min=12.97ms max=204.44ms count=19
10-20 12:36:54.805  1468  4025 I MediaProvider: Scanned external_primary due to REASON_MOUNTED, found 19 items in 154ms, 6 inserts 0 updates 0 deletes
10-20 12:36:54.807  1468  4025 I MediaProvider: End Intent { act=com.android.providers.media.action.SCAN_VOLUME (has extras) }
10-20 12:36:54.808  1468  4025 I MediaProvider: Begin Intent { act=com.android.providers.media.action.SCAN_VOLUME (has extras) }
10-20 12:36:54.813  1468  4025 W ModernMediaScanner: Failed to visit /system/media: java.nio.file.NoSuchFileException: /system/media
10-20 12:36:54.813  1468  4025 I MediaProvider: Scanned internal due to REASON_MOUNTED, found 0 items in 1ms, 0 inserts 0 updates 0 deletes
10-20 12:36:54.815  1468  4025 W ModernMediaScanner: Failed to visit /oem/media: java.nio.file.NoSuchFileException: /oem/media
10-20 12:36:54.815  1468  4025 I MediaProvider: Scanned internal due to REASON_MOUNTED, found 0 items in 1ms, 0 inserts 0 updates 0 deletes
10-20 12:36:54.845  4838  4872 I ProviderInstaller: Installed default security provider GmsCore_OpenSSL
10-20 12:36:54.857  4838  4896 D DynamitePackage: Instantiated singleton DynamitePackage.
10-20 12:36:54.857  4838  4896 D DynamitePackage: Instantiating com.google.android.gms.ads.adshield.ChimeraAdShieldCreatorImpl
10-20 12:36:54.879  1101  3825 I NetworkScheduler.Stats: Task com.google.android.gms/com.google.android.gms.ipa.base.IpaGcmTaskService finished executing. cause:9 result: 1 elapsed_millis: 162 uptime_millis: 162 exec_start_elapsed_seconds: 82 [CONTEXT service_id=218 ]
10-20 12:36:54.906  4838  4838 E YouTubeMusic: Trying to detachMediaView when it wasn't the most recent MediaView Setter
10-20 12:36:54.915  2923  2976 I BugleJobs: GenericWorkerQueueAction: Bailing early, no work found, no failed work found
10-20 12:36:54.985  4941  4972 W ndroid.calenda: Accessing hidden field Ljava/util/Collections$SynchronizedCollection;->mutex:Ljava/lang/Object; (max-target-o, reflection, denied)
10-20 12:36:54.987  4941  4972 W ndroid.calenda: Accessing hidden method Ljava/util/Collections$SynchronizedSet;-><init>(Ljava/util/Set;Ljava/lang/Object;)V (max-target-o, reflection, denied)
10-20 12:36:54.988  4941  4972 W ndroid.calenda: Accessing hidden method Ljava/util/Collections$SynchronizedCollection;-><init>(Ljava/util/Collection;Ljava/lang/Object;)V (max-target-o, reflection, denied)
10-20 12:36:54.995  3315  3315 I ViewInteraction: Performing 'single click' action on view view.getId() is <2131231081/com.example.lunchtray:id/next_button>
10-20 12:36:54.998  4838  4956 E GoogleTagManager: Invalid macro: _gtm.loadEventEnabled
10-20 12:36:55.015  1171  1975 W SQLiteLog: (28) double-quoted string literal: "1697632615014"
10-20 12:36:55.015  1171  1975 W SQLiteLog: (28) double-quoted string literal: "1"
10-20 12:36:55.030  3315  3370 D EGL_emulation: app_time_stats: avg=18.45ms min=1.91ms max=199.21ms count=48
10-20 12:36:55.068  4838  4898 E GoogleTagManager: Unsupported Value Escaping: 3
10-20 12:36:55.068  1171  1171 D BoundBrokerSvc: onUnbind: Intent { act=com.google.android.gms.asterism.service.START pkg=com.google.android.gms }
10-20 12:36:55.075  4838  4898 E GoogleTagManager: Unsupported Value Escaping: 3
10-20 12:36:55.082  4838  4898 E GoogleTagManager: Unsupported Value Escaping: 3
10-20 12:36:55.128  4941  4994 I c.zhd   : Obtained writable database SQLiteDatabase/44390434 instance with path /data/user/0/com.google.android.calendar/databases/cal_v2a
10-20 12:36:55.132  4941  4993 I c.zfk   : The schema version is 17, the database version is 17, and there are 0 migrations
10-20 12:36:55.179  4941  4941 D CompatibilityChangeReporter: Compat change id reported: 160794467; UID 10124; state: DISABLED
10-20 12:36:55.215  4941  4941 W GrowthKit: Failed to get GrowthKitJobScheduler in GrowthKitBootCompletedBroadcastReceiver So GrowthKit failed to schedule jobs after package replaced / boot completed.
10-20 12:36:55.215  4941  4941 W GrowthKit: java.lang.NullPointerException: Unable to get GrowthKit Component from host app: com.google.android.calendar
10-20 12:36:55.215  4941  4941 W GrowthKit: 	at cal.rll.a(PG:6)
10-20 12:36:55.215  4941  4941 W GrowthKit: 	at com.google.android.libraries.internal.growth.growthkit.inject.GrowthKitBootCompletedBroadcastReceiver.onReceive(PG:1)
10-20 12:36:55.215  4941  4941 W GrowthKit: 	at android.app.ActivityThread.handleReceiver(ActivityThread.java:4308)
10-20 12:36:55.215  4941  4941 W GrowthKit: 	at android.app.ActivityThread.access$1600(ActivityThread.java:247)
10-20 12:36:55.215  4941  4941 W GrowthKit: 	at android.app.ActivityThread$H.handleMessage(ActivityThread.java:2064)
10-20 12:36:55.215  4941  4941 W GrowthKit: 	at android.os.Handler.dispatchMessage(Handler.java:106)
10-20 12:36:55.215  4941  4941 W GrowthKit: 	at android.os.Looper.loopOnce(Looper.java:201)
10-20 12:36:55.215  4941  4941 W GrowthKit: 	at android.os.Looper.loop(Looper.java:288)
10-20 12:36:55.215  4941  4941 W GrowthKit: 	at android.app.ActivityThread.main(ActivityThread.java:7839)
10-20 12:36:55.215  4941  4941 W GrowthKit: 	at java.lang.reflect.Method.invoke(Native Method)
10-20 12:36:55.215  4941  4941 W GrowthKit: 	at com.android.internal.os.RuntimeInit$MethodAndArgsCaller.run(RuntimeInit.java:548)
10-20 12:36:55.215  4941  4941 W GrowthKit: 	at com.android.internal.os.ZygoteInit.main(ZygoteInit.java:1003)
10-20 12:36:55.309  3315  3315 I ViewInteraction: Performing 'single click' action on view view.getId() is <2131231216/com.example.lunchtray:id/submit_button>
10-20 12:36:55.321  2327  2908 I Finsky  : [55] wjz.b(5): SCH: Jobs in database: 1-1337 10-1 10-3 10-4 10-6 10-8 10-9 10-11 10-12 10-14 10-15 10-18 10-20 10-22 10-24 10-26 10-30 10-33 10-39 10-41 10-42 10-44 10-46 10-47 10-48 10-50 10-51 10-53 10-55 10-62 10-66 10-71 10-73 10-76 10-78 10-82 10-85 10-87 10-89 10-91 10-96 10-98 21-333333333 29-29 31-305419896
10-20 12:36:55.330  2327  2327 I Finsky  : [2] wic.m(10): SCH: Running job: 10-1
10-20 12:36:55.335  2327  2327 I Finsky  : [2] wic.m(10): SCH: Running job: 10-3
10-20 12:36:55.342  1101  1660 I atxs    : Scheduling Phenotype for a PhenotypeSyncImmediately(6, com.google.android.libraries.notifications#com.google.android.calendar) one off with window [1, 2] in seconds [CONTEXT service_id=51 ]
10-20 12:36:55.345  2327  2327 I Finsky  : [2] wic.m(10): SCH: Running job: 10-6
10-20 12:36:55.346  2327  2327 W Finsky  : [2] fgl.d(22): For unauth, use getDfeApiNonAuthenticated() instead!
10-20 12:36:55.349  2327  2327 I Finsky  : [2] wic.m(10): SCH: Running job: 10-8
10-20 12:36:55.355  2327  2327 I Finsky  : [2] wib.handleMessage(29): SCH: RunningQueue size: 4, PendingQueue size: 35
10-20 12:36:55.355  2327  2327 I Finsky  : [2] wib.handleMessage(32): SCH: Running queue: 10-1 10-3 10-6 10-8
10-20 12:36:55.360  4941  4941 D CompatibilityChangeReporter: Compat change id reported: 119147584; UID 10124; state: ENABLED
10-20 12:36:55.366  2327  3089 I Finsky  : [71] jww.f(1): Account name null when calculating account hash
10-20 12:36:55.368  2327  2797 W Settings: Setting install_non_market_apps has moved from android.provider.Settings.Global to android.provider.Settings.Secure, returning read-only value.
10-20 12:36:55.369  2327  2797 W Settings: Setting download_manager_max_bytes_over_mobile has moved from android.provider.Settings.Secure to android.provider.Settings.Global.
10-20 12:36:55.369  2327  3000 I Finsky  : [59] VerifyInstalledPackagesTask.o(2): Verifying installed packages
10-20 12:36:55.376  2327  2797 I Finsky  : [51] wja.o(4): SCH: jobFinished: 10-1. TimeElapsed: 45ms.
10-20 12:36:55.376  2327  2327 I Finsky  : [2] wic.a(3): SCH: Job 10-1 finished. Not rescheduling.
10-20 12:36:55.377  2327  2327 I Finsky  : [2] wic.m(10): SCH: Running job: 10-9
10-20 12:36:55.377  2327  2327 I Finsky  : [2] wib.handleMessage(29): SCH: RunningQueue size: 4, PendingQueue size: 34
10-20 12:36:55.377  2327  2327 I Finsky  : [2] wib.handleMessage(32): SCH: Running queue: 10-3 10-6 10-8 10-9
10-20 12:36:55.389  2327  2460 I Finsky  : [44] wja.o(4): SCH: jobFinished: 10-9. TimeElapsed: 13ms.
10-20 12:36:55.390  2327  2327 I Finsky  : [2] wic.a(3): SCH: Job 10-9 finished. Not rescheduling.
10-20 12:36:55.390  2327  2327 I Finsky  : [2] wic.m(10): SCH: Running job: 10-12
10-20 12:36:55.391  2327  2327 I Finsky  : [2] wib.handleMessage(29): SCH: RunningQueue size: 4, PendingQueue size: 33
10-20 12:36:55.391  2327  2327 I Finsky  : [2] wib.handleMessage(32): SCH: Running queue: 10-3 10-6 10-8 10-12
10-20 12:36:55.395   530  1717 D ConnectivityService: requestNetwork for uid/pid:1000/530 asUid: 10124 activeRequest: null callbackRequest: 106 [NetworkRequest [ REQUEST id=107, [ Capabilities: INTERNET&NOT_RESTRICTED&TRUSTED&NOT_VCN_MANAGED Uid: 10124 RequestorUid: 1000 RequestorPkg: android] ]] callback flags: 0 priority: 2147483647
10-20 12:36:55.396   530   723 D ConnectivityService: NetReassign [107 : null → 100]
10-20 12:36:55.398  2327  2460 I Finsky  : [44] adxh.a(1): Warm data store was already initialized.
10-20 12:36:55.401   530   716 D WifiNetworkFactory: got request NetworkRequest [ REQUEST id=107, [ Capabilities: INTERNET&NOT_RESTRICTED&TRUSTED&NOT_VCN_MANAGED Uid: 10124 RequestorUid: 1000 RequestorPkg: android] ]
10-20 12:36:55.401   530   716 D UntrustedWifiNetworkFactory: got request NetworkRequest [ REQUEST id=107, [ Capabilities: INTERNET&NOT_RESTRICTED&TRUSTED&NOT_VCN_MANAGED Uid: 10124 RequestorUid: 1000 RequestorPkg: android] ]
10-20 12:36:55.401   530   716 D OemPaidWifiNetworkFactory: got request NetworkRequest [ REQUEST id=107, [ Capabilities: INTERNET&NOT_RESTRICTED&TRUSTED&NOT_VCN_MANAGED Uid: 10124 RequestorUid: 1000 RequestorPkg: android] ]
10-20 12:36:55.403  2327  2460 I Finsky  : [44] adxf.a(1): Warm data store was already initialized.
10-20 12:36:55.411  2327  3085 I PlayCommon: [67] alhz.k(22): Preparing logs for uploading
10-20 12:36:55.413  2327  3085 I PlayCommon: [67] alhz.k(133): Connecting to server for timestamp: https://play.googleapis.com/play/log/timestamp
10-20 12:36:55.424  4514  4514 D CellBroadcastReceiver: onReceive Intent { act=android.intent.action.BOOT_COMPLETED flg=0x89000010 cmp=com.google.android.cellbroadcastreceiver/com.android.cellbroadcastreceiver.CellBroadcastReceiver (has extras) }
10-20 12:36:55.438  4514  5032 D CellBroadcastContentProvider: database changed: notifying observers...
10-20 12:36:55.448   344   344 D Zygote  : Forked child process 5034
10-20 12:36:55.456  5034  5034 W d.configupdate: Unexpected CPU variant for X86 using defaults: x86_64
10-20 12:36:55.464  5034  5034 E d.configupdate: Not starting debugger since process cannot load the jdwp agent.
10-20 12:36:55.476  2327  3000 I Finsky  : [59] rxw.a(19): Showing notification: [ID=play protect default on, Tag=null, Title=Google Play Protect is turned on, Message=This feature protects your device from harmful apps, channelId=account, targetType=1, returnCode=-1, uiElementType=926]
10-20 12:36:55.542   787   787 D InterruptionStateProvider: No bubble up: not allowed to bubble: 0|com.android.vending|951340667|null|10103
10-20 12:36:55.543   787   787 D InterruptionStateProvider: No heads up: unimportant notification: 0|com.android.vending|951340667|null|10103
10-20 12:36:55.543   787   858 D PeopleSpaceWidgetMgr: Sbn doesn't contain valid PeopleTileKey: null/0/com.android.vending
10-20 12:36:55.547  5034  5034 D CompatibilityChangeReporter: Compat change id reported: 171979766; UID 10091; state: DISABLED
10-20 12:36:55.606  5034  5034 D ApplicationLoaders: Returning zygote-cached class loader: /system/framework/android.test.base.jar
10-20 12:36:55.624  5034  5034 D nativeloader: classloader namespace configured for unbundled product apk. library_path=/product/priv-app/ConfigUpdater/lib/x86_64:/product/lib64:/system/product/lib64
10-20 12:36:55.633  3315  3315 I ViewInteraction: Checking 'MatchesViewAssertion{viewMatcher=(view has effective visibility <VISIBLE> and view.getGlobalVisibleRect() to return non-empty rectangle)}' assertion on view an instance of android.widget.TextView and view.getText() with or without transformation to match: a string containing "Order Submitted!"
10-20 12:36:55.633  3315  3354 I TestRunner: finished: order_snackbar(com.example.lunchtray.OrderFunctionalityTests)
